PID: 194858
>> Device being used: cuda (NVIDIA GeForce RTX 4090)
Total number of parameters: 211650
>> Preprocessing completed, time elapsed:  0.60s
>> ntrain: 200, lr: 0.001, gamma: 0.5, w_d: 0.0
>> epoch [   1/1000], runtime: 2.65s, train loss: 0.1564, train err: 0.3157, valid err:  0.2645,test err: 0.2603, best
>> epoch [   2/1000], runtime: 2.37s, train loss: 0.0939, train err: 0.2565, valid err:  0.2459,test err: 0.2398, best
>> epoch [   3/1000], runtime: 2.49s, train loss: 0.0879, train err: 0.2566, valid err:  0.2009,test err: 0.1961, best
>> epoch [   4/1000], runtime:  2.44s, train err:  0.2588 (best:  0.2566/ 0.2009)
>> epoch [   5/1000], runtime:  2.38s, train err:  0.2525 (best:  0.2566/ 0.2009)
>> epoch [   6/1000], runtime:  2.35s, train err:  0.2563 (best:  0.2566/ 0.2009)
>> epoch [   7/1000], runtime: 2.37s, train loss: 0.0656, train err: 0.2218, valid err:  0.1780,test err: 0.1702, best
>> epoch [   8/1000], runtime:  2.35s, train loss: 0.0651, train err:  0.2236, valid err:  0.2332
>> epoch [   9/1000], runtime:  2.37s, train loss: 0.0543, train err:  0.2015, valid err:  0.2463
>> epoch [  10/1000], runtime: 2.36s, train loss: 0.0499, train err: 0.1920, valid err:  0.1651,test err: 0.1585, best
>> epoch [  11/1000], runtime:  2.28s, train loss: 0.0464, train err:  0.1824, valid err:  0.2129
>> epoch [  12/1000], runtime: 2.25s, train loss: 0.0467, train err: 0.1848, valid err:  0.1626,test err: 0.1698, best
>> epoch [  13/1000], runtime: 2.09s, train loss: 0.0456, train err: 0.1832, valid err:  0.1446,test err: 0.1458, best
>> epoch [  14/1000], runtime:  2.04s, train loss: 0.0421, train err:  0.1785, valid err:  0.1509
>> epoch [  15/1000], runtime: 2.12s, train loss: 0.0437, train err: 0.1755, valid err:  0.1396,test err: 0.1361, best
>> epoch [  16/1000], runtime:  2.17s, train err:  0.1810 (best:  0.1755/ 0.1396)
>> epoch [  17/1000], runtime:  2.23s, train loss: 0.0371, train err:  0.1695, valid err:  0.1799
>> epoch [  18/1000], runtime: 2.21s, train loss: 0.0338, train err: 0.1547, valid err:  0.1220,test err: 0.1291, best
>> epoch [  19/1000], runtime:  2.39s, train loss: 0.0304, train err:  0.1509, valid err:  0.1463
>> epoch [  20/1000], runtime: 2.36s, train loss: 0.0270, train err: 0.1379, valid err:  0.1108,test err: 0.1126, best
>> epoch [  21/1000], runtime: 2.35s, train loss: 0.0263, train err: 0.1387, valid err:  0.0962,test err: 0.1019, best
>> epoch [  22/1000], runtime: 2.33s, train loss: 0.0208, train err: 0.1211, valid err:  0.0899,test err: 0.0977, best
>> epoch [  23/1000], runtime: 2.24s, train loss: 0.0186, train err: 0.1151, valid err:  0.0873,test err: 0.0869, best
>> epoch [  24/1000], runtime:  2.37s, train err:  0.1198 (best:  0.1151/ 0.0873)
>> epoch [  25/1000], runtime:  2.41s, train loss: 0.0155, train err:  0.1082, valid err:  0.1019
>> epoch [  26/1000], runtime:  2.33s, train loss: 0.0159, train err:  0.1108, valid err:  0.0936
>> epoch [  27/1000], runtime:  2.36s, train loss: 0.0132, train err:  0.1014, valid err:  0.1034
>> epoch [  28/1000], runtime: 2.35s, train loss: 0.0143, train err: 0.1069, valid err:  0.0870,test err: 0.0859, best
>> epoch [  29/1000], runtime:  2.47s, train loss: 0.0126, train err:  0.0997, valid err:  0.0908
>> epoch [  30/1000], runtime:  2.36s, train loss: 0.0113, train err:  0.0924, valid err:  0.1585
>> epoch [  31/1000], runtime: 2.33s, train loss: 0.0140, train err: 0.1042, valid err:  0.0817,test err: 0.0862, best
>> epoch [  32/1000], runtime:  2.35s, train loss: 0.0116, train err:  0.0946, valid err:  0.1625
>> epoch [  33/1000], runtime:  2.35s, train err:  0.1021 (best:  0.1042/ 0.0817)
>> epoch [  34/1000], runtime: 2.46s, train loss: 0.0114, train err: 0.0926, valid err:  0.0767,test err: 0.0757, best
>> epoch [  35/1000], runtime:  2.39s, train loss: 0.0103, train err:  0.0886, valid err:  0.0875
>> epoch [  36/1000], runtime:  2.41s, train loss: 0.0083, train err:  0.0809, valid err:  0.1221
>> epoch [  37/1000], runtime:  2.37s, train loss: 0.0102, train err:  0.0886, valid err:  0.0856
>> epoch [  38/1000], runtime:  2.36s, train loss: 0.0088, train err:  0.0822, valid err:  0.0823
>> epoch [  39/1000], runtime:  2.40s, train err:  0.0947 (best:  0.0926/ 0.0767)
>> epoch [  40/1000], runtime: 2.46s, train loss: 0.0103, train err: 0.0904, valid err:  0.0736,test err: 0.0772, best
>> epoch [  41/1000], runtime:  2.39s, train err:  0.0936 (best:  0.0904/ 0.0736)
>> epoch [  42/1000], runtime:  2.37s, train loss: 0.0102, train err:  0.0882, valid err:  0.0834
>> epoch [  43/1000], runtime:  2.44s, train loss: 0.0095, train err:  0.0853, valid err:  0.0813
>> epoch [  44/1000], runtime: 2.29s, train loss: 0.0092, train err: 0.0833, valid err:  0.0714,test err: 0.0760, best
>> epoch [  45/1000], runtime:  2.27s, train err:  0.0864 (best:  0.0833/ 0.0714)
>> epoch [  46/1000], runtime: 2.29s, train loss: 0.0087, train err: 0.0799, valid err:  0.0701,test err: 0.0705, best
>> epoch [  47/1000], runtime:  2.30s, train err:  0.0852 (best:  0.0799/ 0.0701)
>> epoch [  48/1000], runtime:  2.27s, train loss: 0.0087, train err:  0.0827, valid err:  0.0830
>> epoch [  49/1000], runtime:  2.35s, train err:  0.0885 (best:  0.0799/ 0.0701)
>> epoch [  50/1000], runtime:  2.43s, train err:  0.0833 (best:  0.0799/ 0.0701)
>> epoch [  51/1000], runtime: 2.40s, train loss: 0.0085, train err: 0.0818, valid err:  0.0666,test err: 0.0695, best
>> epoch [  52/1000], runtime:  2.36s, train err:  0.0924 (best:  0.0818/ 0.0666)
>> epoch [  53/1000], runtime:  2.41s, train loss: 0.0081, train err:  0.0784, valid err:  0.0902
>> epoch [  54/1000], runtime:  2.36s, train loss: 0.0077, train err:  0.0781, valid err:  0.0675
>> epoch [  55/1000], runtime: 2.38s, train loss: 0.0081, train err: 0.0803, valid err:  0.0648,test err: 0.0673, best
>> epoch [  56/1000], runtime:  2.38s, train err:  0.0820 (best:  0.0803/ 0.0648)
>> epoch [  57/1000], runtime:  2.35s, train err:  0.0838 (best:  0.0803/ 0.0648)
>> epoch [  58/1000], runtime:  2.44s, train loss: 0.0080, train err:  0.0775, valid err:  0.0649
>> epoch [  59/1000], runtime:  2.39s, train loss: 0.0079, train err:  0.0776, valid err:  0.0678
>> epoch [  60/1000], runtime: 2.37s, train loss: 0.0078, train err: 0.0785, valid err:  0.0640,test err: 0.0639, best
>> epoch [  61/1000], runtime:  2.38s, train err:  0.0812 (best:  0.0785/ 0.0640)
>> epoch [  62/1000], runtime:  2.36s, train loss: 0.0072, train err:  0.0740, valid err:  0.0757
>> epoch [  63/1000], runtime:  2.35s, train err:  0.0819 (best:  0.0785/ 0.0640)
>> epoch [  64/1000], runtime:  2.39s, train err:  0.0842 (best:  0.0785/ 0.0640)
>> epoch [  65/1000], runtime:  2.37s, train err:  0.0822 (best:  0.0785/ 0.0640)
>> epoch [  66/1000], runtime:  2.35s, train loss: 0.0077, train err:  0.0784, valid err:  0.0688
>> epoch [  67/1000], runtime:  2.37s, train loss: 0.0068, train err:  0.0739, valid err:  0.0691
>> epoch [  68/1000], runtime: 2.35s, train loss: 0.0068, train err: 0.0715, valid err:  0.0599,test err: 0.0627, best
>> epoch [  69/1000], runtime:  2.35s, train err:  0.0728 (best:  0.0715/ 0.0599)
>> epoch [  70/1000], runtime:  2.37s, train err:  0.0824 (best:  0.0715/ 0.0599)
>> epoch [  71/1000], runtime:  2.38s, train err:  0.0811 (best:  0.0715/ 0.0599)
>> epoch [  72/1000], runtime:  2.39s, train err:  0.0745 (best:  0.0715/ 0.0599)
>> epoch [  73/1000], runtime:  2.37s, train err:  0.0762 (best:  0.0715/ 0.0599)
>> epoch [  74/1000], runtime:  2.38s, train err:  0.0753 (best:  0.0715/ 0.0599)
>> epoch [  75/1000], runtime:  2.37s, train err:  0.0739 (best:  0.0715/ 0.0599)
>> epoch [  76/1000], runtime:  2.36s, train loss: 0.0068, train err:  0.0725, valid err:  0.0828
>> epoch [  77/1000], runtime:  2.38s, train err:  0.0753 (best:  0.0715/ 0.0599)
>> epoch [  78/1000], runtime:  2.35s, train err:  0.0754 (best:  0.0715/ 0.0599)
>> epoch [  79/1000], runtime:  2.30s, train loss: 0.0066, train err:  0.0697, valid err:  0.0657
>> epoch [  80/1000], runtime:  2.25s, train err:  0.0735 (best:  0.0715/ 0.0599)
>> epoch [  81/1000], runtime:  2.27s, train err:  0.0754 (best:  0.0715/ 0.0599)
>> epoch [  82/1000], runtime:  2.27s, train loss: 0.0066, train err:  0.0701, valid err:  0.0691
>> epoch [  83/1000], runtime:  2.24s, train err:  0.0714 (best:  0.0715/ 0.0599)
>> epoch [  84/1000], runtime:  2.18s, train err:  0.0733 (best:  0.0715/ 0.0599)
>> epoch [  85/1000], runtime:  2.24s, train err:  0.0753 (best:  0.0715/ 0.0599)
>> epoch [  86/1000], runtime:  2.25s, train loss: 0.0061, train err:  0.0686, valid err:  0.0684
>> epoch [  87/1000], runtime:  2.34s, train err:  0.0832 (best:  0.0715/ 0.0599)
>> epoch [  88/1000], runtime:  2.36s, train err:  0.0803 (best:  0.0715/ 0.0599)
>> epoch [  89/1000], runtime:  2.33s, train err:  0.0710 (best:  0.0715/ 0.0599)
>> epoch [  90/1000], runtime:  2.32s, train loss: 0.0060, train err:  0.0671, valid err:  0.0699
>> epoch [  91/1000], runtime:  2.24s, train err:  0.0757 (best:  0.0715/ 0.0599)
>> epoch [  92/1000], runtime:  2.30s, train err:  0.0744 (best:  0.0715/ 0.0599)
>> epoch [  93/1000], runtime:  2.25s, train loss: 0.0065, train err:  0.0707, valid err:  0.0700
>> epoch [  94/1000], runtime: 2.33s, train loss: 0.0067, train err: 0.0723, valid err:  0.0572,test err: 0.0587, best
>> epoch [  95/1000], runtime:  2.34s, train loss: 0.0061, train err:  0.0680, valid err:  0.0784
>> epoch [  96/1000], runtime:  2.36s, train loss: 0.0056, train err:  0.0649, valid err:  0.0618
>> epoch [  97/1000], runtime:  2.37s, train err:  0.0732 (best:  0.0723/ 0.0572)
>> epoch [  98/1000], runtime:  2.35s, train err:  0.0745 (best:  0.0723/ 0.0572)
>> epoch [  99/1000], runtime:  2.38s, train err:  0.0748 (best:  0.0723/ 0.0572)
>> epoch [ 100/1000], runtime:  2.38s, train err:  0.0720 (best:  0.0723/ 0.0572)
>> epoch [ 101/1000], runtime: 2.35s, train loss: 0.0061, train err: 0.0681, valid err:  0.0572,test err: 0.0579, best
>> epoch [ 102/1000], runtime:  2.16s, train loss: 0.0052, train err:  0.0631, valid err:  0.0701
>> epoch [ 103/1000], runtime:  2.34s, train loss: 0.0058, train err:  0.0654, valid err:  0.0651
>> epoch [ 104/1000], runtime:  2.33s, train loss: 0.0058, train err:  0.0666, valid err:  0.0633
>> epoch [ 105/1000], runtime:  2.36s, train loss: 0.0051, train err:  0.0636, valid err:  0.0618
>> epoch [ 106/1000], runtime: 2.33s, train loss: 0.0054, train err: 0.0635, valid err:  0.0559,test err: 0.0586, best
>> epoch [ 107/1000], runtime:  2.27s, train loss: 0.0054, train err:  0.0623, valid err:  0.0638
>> epoch [ 108/1000], runtime:  2.42s, train loss: 0.0053, train err:  0.0645, valid err:  0.0618
>> epoch [ 109/1000], runtime:  2.36s, train loss: 0.0051, train err:  0.0619, valid err:  0.0641
>> epoch [ 110/1000], runtime:  2.40s, train err:  0.0646 (best:  0.0635/ 0.0559)
>> epoch [ 111/1000], runtime:  2.40s, train loss: 0.0053, train err:  0.0632, valid err:  0.0896
>> epoch [ 112/1000], runtime:  2.36s, train err:  0.0662 (best:  0.0635/ 0.0559)
>> epoch [ 113/1000], runtime:  2.40s, train loss: 0.0053, train err:  0.0627, valid err:  0.0661
>> epoch [ 114/1000], runtime:  2.27s, train loss: 0.0050, train err:  0.0610, valid err:  0.0574
>> epoch [ 115/1000], runtime:  2.29s, train loss: 0.0054, train err:  0.0628, valid err:  0.0787
>> epoch [ 116/1000], runtime:  2.28s, train err:  0.0632 (best:  0.0635/ 0.0559)
>> epoch [ 117/1000], runtime:  2.32s, train loss: 0.0054, train err:  0.0635, valid err:  0.0761
>> epoch [ 118/1000], runtime:  2.23s, train err:  0.0641 (best:  0.0635/ 0.0559)
>> epoch [ 119/1000], runtime:  2.21s, train loss: 0.0052, train err:  0.0615, valid err:  0.0572
>> epoch [ 120/1000], runtime:  2.28s, train loss: 0.0050, train err:  0.0611, valid err:  0.0857
>> epoch [ 121/1000], runtime:  2.36s, train err:  0.0657 (best:  0.0635/ 0.0559)
>> epoch [ 122/1000], runtime:  2.35s, train loss: 0.0048, train err:  0.0596, valid err:  0.0652
>> epoch [ 123/1000], runtime:  2.48s, train err:  0.0655 (best:  0.0635/ 0.0559)
>> epoch [ 124/1000], runtime:  2.30s, train err:  0.0673 (best:  0.0635/ 0.0559)
>> epoch [ 125/1000], runtime:  2.29s, train err:  0.0643 (best:  0.0635/ 0.0559)
>> epoch [ 126/1000], runtime:  2.35s, train loss: 0.0049, train err:  0.0598, valid err:  0.0580
>> epoch [ 127/1000], runtime:  2.38s, train err:  0.0639 (best:  0.0635/ 0.0559)
>> epoch [ 128/1000], runtime:  2.34s, train loss: 0.0053, train err:  0.0633, valid err:  0.0582
>> epoch [ 129/1000], runtime: 2.40s, train loss: 0.0049, train err: 0.0611, valid err:  0.0553,test err: 0.0575, best
>> epoch [ 130/1000], runtime:  2.39s, train err:  0.0630 (best:  0.0611/ 0.0553)
>> epoch [ 131/1000], runtime:  2.39s, train err:  0.0647 (best:  0.0611/ 0.0553)
>> epoch [ 132/1000], runtime:  2.35s, train err:  0.0668 (best:  0.0611/ 0.0553)
>> epoch [ 133/1000], runtime:  2.39s, train err:  0.0651 (best:  0.0611/ 0.0553)
>> epoch [ 134/1000], runtime:  2.37s, train err:  0.0641 (best:  0.0611/ 0.0553)
>> epoch [ 135/1000], runtime:  2.35s, train err:  0.0628 (best:  0.0611/ 0.0553)
>> epoch [ 136/1000], runtime:  2.33s, train err:  0.0628 (best:  0.0611/ 0.0553)
>> epoch [ 137/1000], runtime:  2.42s, train err:  0.0636 (best:  0.0611/ 0.0553)
>> epoch [ 138/1000], runtime:  2.38s, train err:  0.0610 (best:  0.0611/ 0.0553)
>> epoch [ 139/1000], runtime:  2.37s, train err:  0.0639 (best:  0.0611/ 0.0553)
>> epoch [ 140/1000], runtime:  2.34s, train loss: 0.0048, train err:  0.0593, valid err:  0.0568
>> epoch [ 141/1000], runtime:  2.41s, train err:  0.0692 (best:  0.0611/ 0.0553)
>> epoch [ 142/1000], runtime:  2.39s, train err:  0.0646 (best:  0.0611/ 0.0553)
>> epoch [ 143/1000], runtime:  2.39s, train err:  0.0647 (best:  0.0611/ 0.0553)
>> epoch [ 144/1000], runtime:  2.40s, train err:  0.0619 (best:  0.0611/ 0.0553)
>> epoch [ 145/1000], runtime:  2.34s, train err:  0.0616 (best:  0.0611/ 0.0553)
>> epoch [ 146/1000], runtime:  2.42s, train err:  0.0661 (best:  0.0611/ 0.0553)
>> epoch [ 147/1000], runtime:  2.42s, train err:  0.0642 (best:  0.0611/ 0.0553)
>> epoch [ 148/1000], runtime:  2.37s, train err:  0.0623 (best:  0.0611/ 0.0553)
>> epoch [ 149/1000], runtime:  2.37s, train err:  0.0656 (best:  0.0611/ 0.0553)
>> epoch [ 150/1000], runtime:  2.25s, train err:  0.0631 (best:  0.0611/ 0.0553)
>> epoch [ 151/1000], runtime:  2.33s, train err:  0.0602 (best:  0.0611/ 0.0553)
>> epoch [ 152/1000], runtime:  2.28s, train err:  0.0649 (best:  0.0611/ 0.0553)
>> epoch [ 153/1000], runtime:  2.27s, train err:  0.0622 (best:  0.0611/ 0.0553)
>> epoch [ 154/1000], runtime:  2.15s, train err:  0.0612 (best:  0.0611/ 0.0553)
>> epoch [ 155/1000], runtime:  2.18s, train err:  0.0640 (best:  0.0611/ 0.0553)
>> epoch [ 156/1000], runtime:  2.33s, train err:  0.0628 (best:  0.0611/ 0.0553)
>> epoch [ 157/1000], runtime:  2.35s, train err:  0.0623 (best:  0.0611/ 0.0553)
>> epoch [ 158/1000], runtime:  2.35s, train err:  0.0637 (best:  0.0611/ 0.0553)
>> epoch [ 159/1000], runtime:  2.36s, train err:  0.0647 (best:  0.0611/ 0.0553)
>> epoch [ 160/1000], runtime:  2.35s, train err:  0.0634 (best:  0.0611/ 0.0553)
>> epoch [ 161/1000], runtime:  2.38s, train err:  0.0638 (best:  0.0611/ 0.0553)
>> epoch [ 162/1000], runtime:  2.41s, train err:  0.0606 (best:  0.0611/ 0.0553)
>> epoch [ 163/1000], runtime:  2.40s, train loss: 0.0044, train err:  0.0576, valid err:  0.0590
>> epoch [ 164/1000], runtime:  2.40s, train err:  0.0641 (best:  0.0611/ 0.0553)
>> epoch [ 165/1000], runtime:  2.37s, train loss: 0.0047, train err:  0.0582, valid err:  0.0579
>> epoch [ 166/1000], runtime:  2.36s, train err:  0.0619 (best:  0.0611/ 0.0553)
>> epoch [ 167/1000], runtime:  2.31s, train err:  0.0598 (best:  0.0611/ 0.0553)
>> epoch [ 168/1000], runtime:  2.38s, train err:  0.0604 (best:  0.0611/ 0.0553)
>> epoch [ 169/1000], runtime:  2.34s, train loss: 0.0048, train err:  0.0596, valid err:  0.0615
>> epoch [ 170/1000], runtime:  2.36s, train err:  0.0636 (best:  0.0611/ 0.0553)
>> epoch [ 171/1000], runtime:  2.39s, train err:  0.0624 (best:  0.0611/ 0.0553)
>> epoch [ 172/1000], runtime:  2.35s, train loss: 0.0045, train err:  0.0580, valid err:  0.1288
>> epoch [ 173/1000], runtime:  2.41s, train err:  0.0656 (best:  0.0611/ 0.0553)
>> epoch [ 174/1000], runtime:  2.35s, train err:  0.0610 (best:  0.0611/ 0.0553)
>> epoch [ 175/1000], runtime: 2.37s, train loss: 0.0048, train err: 0.0601, valid err:  0.0550,test err: 0.0567, best
>> epoch [ 176/1000], runtime:  2.40s, train err:  0.0616 (best:  0.0601/ 0.0550)
>> epoch [ 177/1000], runtime:  2.40s, train err:  0.0601 (best:  0.0601/ 0.0550)
>> epoch [ 178/1000], runtime:  2.34s, train err:  0.0623 (best:  0.0601/ 0.0550)
>> epoch [ 179/1000], runtime:  2.42s, train err:  0.0590 (best:  0.0601/ 0.0550)
>> epoch [ 180/1000], runtime:  2.43s, train err:  0.0622 (best:  0.0601/ 0.0550)
>> epoch [ 181/1000], runtime:  2.43s, train err:  0.0617 (best:  0.0601/ 0.0550)
>> epoch [ 182/1000], runtime:  2.35s, train err:  0.0650 (best:  0.0601/ 0.0550)
>> epoch [ 183/1000], runtime:  2.46s, train err:  0.0600 (best:  0.0601/ 0.0550)
>> epoch [ 184/1000], runtime:  2.38s, train err:  0.0667 (best:  0.0601/ 0.0550)
>> epoch [ 185/1000], runtime:  2.41s, train err:  0.0653 (best:  0.0601/ 0.0550)
>> epoch [ 186/1000], runtime:  2.41s, train loss: 0.0047, train err:  0.0593, valid err:  0.0596
>> epoch [ 187/1000], runtime:  2.27s, train err:  0.0629 (best:  0.0601/ 0.0550)
>> epoch [ 188/1000], runtime:  2.27s, train err:  0.0604 (best:  0.0601/ 0.0550)
>> epoch [ 189/1000], runtime:  2.12s, train err:  0.0590 (best:  0.0601/ 0.0550)
>> epoch [ 190/1000], runtime:  2.13s, train err:  0.0627 (best:  0.0601/ 0.0550)
>> epoch [ 191/1000], runtime:  2.14s, train err:  0.0644 (best:  0.0601/ 0.0550)
>> epoch [ 192/1000], runtime:  2.26s, train err:  0.0610 (best:  0.0601/ 0.0550)
>> epoch [ 193/1000], runtime:  2.42s, train err:  0.0612 (best:  0.0601/ 0.0550)
>> epoch [ 194/1000], runtime:  2.38s, train err:  0.0659 (best:  0.0601/ 0.0550)
>> epoch [ 195/1000], runtime:  2.32s, train err:  0.0617 (best:  0.0601/ 0.0550)
>> epoch [ 196/1000], runtime:  2.29s, train loss: 0.0047, train err:  0.0592, valid err:  0.0591
>> epoch [ 197/1000], runtime:  2.36s, train loss: 0.0047, train err:  0.0581, valid err:  0.0636
>> epoch [ 198/1000], runtime:  2.35s, train err:  0.0607 (best:  0.0601/ 0.0550)
>> epoch [ 199/1000], runtime:  2.34s, train err:  0.0643 (best:  0.0601/ 0.0550)
>> epoch [ 200/1000], runtime:  2.36s, train err:  0.0620 (best:  0.0601/ 0.0550)
>> epoch [ 201/1000], runtime:  2.40s, train loss: 0.0043, train err:  0.0568, valid err:  0.0567
>> epoch [ 202/1000], runtime:  2.34s, train loss: 0.0044, train err:  0.0564, valid err:  0.0590
>> epoch [ 203/1000], runtime: 2.37s, train loss: 0.0047, train err: 0.0582, valid err:  0.0546,test err: 0.0535, best
>> epoch [ 204/1000], runtime: 2.27s, train loss: 0.0045, train err: 0.0581, valid err:  0.0537,test err: 0.0533, best
>> epoch [ 205/1000], runtime:  2.35s, train err:  0.0578 (best:  0.0581/ 0.0537)
>> epoch [ 206/1000], runtime:  2.35s, train err:  0.0581 (best:  0.0581/ 0.0537)
>> epoch [ 207/1000], runtime:  2.38s, train err:  0.0580 (best:  0.0581/ 0.0537)
>> epoch [ 208/1000], runtime:  2.42s, train loss: 0.0044, train err:  0.0566, valid err:  0.0593
>> epoch [ 209/1000], runtime:  2.38s, train err:  0.0572 (best:  0.0581/ 0.0537)
>> epoch [ 210/1000], runtime:  2.40s, train err:  0.0573 (best:  0.0581/ 0.0537)
>> epoch [ 211/1000], runtime:  2.35s, train loss: 0.0043, train err:  0.0562, valid err:  0.0560
>> epoch [ 212/1000], runtime:  2.36s, train loss: 0.0044, train err:  0.0564, valid err:  0.0542
>> epoch [ 213/1000], runtime:  2.33s, train loss: 0.0043, train err:  0.0555, valid err:  0.0607
>> epoch [ 214/1000], runtime:  2.36s, train err:  0.0585 (best:  0.0581/ 0.0537)
>> epoch [ 215/1000], runtime:  2.37s, train loss: 0.0044, train err:  0.0568, valid err:  0.0546
>> epoch [ 216/1000], runtime: 2.35s, train loss: 0.0045, train err: 0.0565, valid err:  0.0530,test err: 0.0533, best
>> epoch [ 217/1000], runtime:  2.40s, train err:  0.0575 (best:  0.0565/ 0.0530)
>> epoch [ 218/1000], runtime:  2.34s, train err:  0.0591 (best:  0.0565/ 0.0530)
>> epoch [ 219/1000], runtime:  2.38s, train err:  0.0572 (best:  0.0565/ 0.0530)
>> epoch [ 220/1000], runtime:  2.35s, train loss: 0.0042, train err:  0.0566, valid err:  0.0694
>> epoch [ 221/1000], runtime:  2.39s, train loss: 0.0045, train err:  0.0565, valid err:  0.0536
>> epoch [ 222/1000], runtime:  2.33s, train loss: 0.0043, train err:  0.0566, valid err:  0.0605
>> epoch [ 223/1000], runtime:  2.29s, train err:  0.0577 (best:  0.0565/ 0.0530)
>> epoch [ 224/1000], runtime:  2.26s, train err:  0.0585 (best:  0.0565/ 0.0530)
>> epoch [ 225/1000], runtime:  2.07s, train err:  0.0586 (best:  0.0565/ 0.0530)
>> epoch [ 226/1000], runtime:  2.07s, train err:  0.0594 (best:  0.0565/ 0.0530)
>> epoch [ 227/1000], runtime:  2.12s, train loss: 0.0043, train err:  0.0564, valid err:  0.0530
>> epoch [ 228/1000], runtime:  2.29s, train err:  0.0570 (best:  0.0565/ 0.0530)
>> epoch [ 229/1000], runtime:  2.36s, train loss: 0.0043, train err:  0.0560, valid err:  0.0543
>> epoch [ 230/1000], runtime:  2.31s, train loss: 0.0044, train err:  0.0562, valid err:  0.0534
>> epoch [ 231/1000], runtime:  2.40s, train loss: 0.0043, train err:  0.0556, valid err:  0.0562
>> epoch [ 232/1000], runtime:  2.40s, train err:  0.0581 (best:  0.0565/ 0.0530)
>> epoch [ 233/1000], runtime:  2.37s, train loss: 0.0043, train err:  0.0555, valid err:  0.0599
>> epoch [ 234/1000], runtime:  2.43s, train loss: 0.0043, train err:  0.0573, valid err:  0.0531
>> epoch [ 235/1000], runtime:  2.25s, train loss: 0.0043, train err:  0.0558, valid err:  0.0535
>> epoch [ 236/1000], runtime:  2.36s, train loss: 0.0043, train err:  0.0551, valid err:  0.0562
>> epoch [ 237/1000], runtime:  2.45s, train loss: 0.0043, train err:  0.0563, valid err:  0.0531
>> epoch [ 238/1000], runtime:  2.25s, train loss: 0.0044, train err:  0.0560, valid err:  0.0555
>> epoch [ 239/1000], runtime:  2.37s, train loss: 0.0044, train err:  0.0560, valid err:  0.0619
>> epoch [ 240/1000], runtime:  2.37s, train loss: 0.0043, train err:  0.0561, valid err:  0.0570
>> epoch [ 241/1000], runtime: 2.37s, train loss: 0.0043, train err: 0.0563, valid err:  0.0527,test err: 0.0531, best
>> epoch [ 242/1000], runtime:  2.38s, train err:  0.0560 (best:  0.0563/ 0.0527)
>> epoch [ 243/1000], runtime:  2.41s, train err:  0.0574 (best:  0.0563/ 0.0527)
>> epoch [ 244/1000], runtime:  2.34s, train err:  0.0562 (best:  0.0563/ 0.0527)
>> epoch [ 245/1000], runtime:  2.33s, train err:  0.0579 (best:  0.0563/ 0.0527)
>> epoch [ 246/1000], runtime:  2.38s, train err:  0.0561 (best:  0.0563/ 0.0527)
>> epoch [ 247/1000], runtime:  2.38s, train err:  0.0568 (best:  0.0563/ 0.0527)
>> epoch [ 248/1000], runtime:  2.31s, train loss: 0.0042, train err:  0.0558, valid err:  0.0555
>> epoch [ 249/1000], runtime:  2.34s, train err:  0.0575 (best:  0.0563/ 0.0527)
>> epoch [ 250/1000], runtime:  2.40s, train err:  0.0562 (best:  0.0563/ 0.0527)
>> epoch [ 251/1000], runtime:  2.41s, train err:  0.0554 (best:  0.0563/ 0.0527)
>> epoch [ 252/1000], runtime:  2.36s, train err:  0.0559 (best:  0.0563/ 0.0527)
>> epoch [ 253/1000], runtime:  2.39s, train err:  0.0549 (best:  0.0563/ 0.0527)
>> epoch [ 254/1000], runtime:  2.35s, train err:  0.0568 (best:  0.0563/ 0.0527)
>> epoch [ 255/1000], runtime:  2.37s, train err:  0.0586 (best:  0.0563/ 0.0527)
>> epoch [ 256/1000], runtime:  2.38s, train err:  0.0582 (best:  0.0563/ 0.0527)
>> epoch [ 257/1000], runtime:  2.35s, train err:  0.0560 (best:  0.0563/ 0.0527)
>> epoch [ 258/1000], runtime:  2.28s, train err:  0.0561 (best:  0.0563/ 0.0527)
>> epoch [ 259/1000], runtime:  2.25s, train loss: 0.0042, train err:  0.0552, valid err:  0.0532
>> epoch [ 260/1000], runtime: 2.27s, train loss: 0.0042, train err: 0.0557, valid err:  0.0521,test err: 0.0524, best
>> epoch [ 261/1000], runtime:  2.22s, train err:  0.0555 (best:  0.0557/ 0.0521)
>> epoch [ 262/1000], runtime:  2.25s, train loss: 0.0042, train err:  0.0558, valid err:  0.0591
>> epoch [ 263/1000], runtime:  2.16s, train err:  0.0563 (best:  0.0557/ 0.0521)
>> epoch [ 264/1000], runtime:  2.39s, train err:  0.0564 (best:  0.0557/ 0.0521)
>> epoch [ 265/1000], runtime:  2.35s, train err:  0.0564 (best:  0.0557/ 0.0521)
>> epoch [ 266/1000], runtime:  2.32s, train err:  0.0573 (best:  0.0557/ 0.0521)
>> epoch [ 267/1000], runtime:  2.37s, train err:  0.0574 (best:  0.0557/ 0.0521)
>> epoch [ 268/1000], runtime:  2.42s, train err:  0.0574 (best:  0.0557/ 0.0521)
>> epoch [ 269/1000], runtime:  2.36s, train err:  0.0563 (best:  0.0557/ 0.0521)
>> epoch [ 270/1000], runtime:  2.27s, train err:  0.0588 (best:  0.0557/ 0.0521)
>> epoch [ 271/1000], runtime:  2.26s, train err:  0.0566 (best:  0.0557/ 0.0521)
>> epoch [ 272/1000], runtime:  2.38s, train err:  0.0560 (best:  0.0557/ 0.0521)
>> epoch [ 273/1000], runtime:  2.36s, train err:  0.0587 (best:  0.0557/ 0.0521)
>> epoch [ 274/1000], runtime:  2.32s, train err:  0.0556 (best:  0.0557/ 0.0521)
>> epoch [ 275/1000], runtime:  2.32s, train err:  0.0568 (best:  0.0557/ 0.0521)
>> epoch [ 276/1000], runtime:  2.39s, train err:  0.0573 (best:  0.0557/ 0.0521)
>> epoch [ 277/1000], runtime:  2.39s, train err:  0.0553 (best:  0.0557/ 0.0521)
>> epoch [ 278/1000], runtime:  2.35s, train err:  0.0565 (best:  0.0557/ 0.0521)
>> epoch [ 279/1000], runtime:  2.33s, train loss: 0.0042, train err:  0.0553, valid err:  0.0532
>> epoch [ 280/1000], runtime:  2.37s, train err:  0.0557 (best:  0.0557/ 0.0521)
>> epoch [ 281/1000], runtime:  2.33s, train err:  0.0568 (best:  0.0557/ 0.0521)
>> epoch [ 282/1000], runtime:  2.36s, train err:  0.0554 (best:  0.0557/ 0.0521)
>> epoch [ 283/1000], runtime:  2.37s, train err:  0.0574 (best:  0.0557/ 0.0521)
>> epoch [ 284/1000], runtime:  2.39s, train err:  0.0563 (best:  0.0557/ 0.0521)
>> epoch [ 285/1000], runtime:  2.47s, train err:  0.0563 (best:  0.0557/ 0.0521)
>> epoch [ 286/1000], runtime:  2.34s, train loss: 0.0042, train err:  0.0553, valid err:  0.0523
>> epoch [ 287/1000], runtime:  2.37s, train loss: 0.0041, train err:  0.0549, valid err:  0.0655
>> epoch [ 288/1000], runtime:  2.37s, train err:  0.0566 (best:  0.0557/ 0.0521)
>> epoch [ 289/1000], runtime:  2.39s, train loss: 0.0042, train err:  0.0561, valid err:  0.0544
>> epoch [ 290/1000], runtime:  2.37s, train err:  0.0574 (best:  0.0557/ 0.0521)
>> epoch [ 291/1000], runtime:  2.43s, train err:  0.0567 (best:  0.0557/ 0.0521)
>> epoch [ 292/1000], runtime:  2.37s, train err:  0.0557 (best:  0.0557/ 0.0521)
>> epoch [ 293/1000], runtime:  2.39s, train err:  0.0567 (best:  0.0557/ 0.0521)
>> epoch [ 294/1000], runtime:  2.53s, train err:  0.0561 (best:  0.0557/ 0.0521)
>> epoch [ 295/1000], runtime:  2.28s, train err:  0.0544 (best:  0.0557/ 0.0521)
>> epoch [ 296/1000], runtime:  2.26s, train loss: 0.0040, train err:  0.0550, valid err:  0.0528
>> epoch [ 297/1000], runtime: 2.27s, train loss: 0.0042, train err: 0.0544, valid err:  0.0521,test err: 0.0524, best
>> epoch [ 298/1000], runtime: 2.25s, train loss: 0.0041, train err: 0.0555, valid err:  0.0517,test err: 0.0519, best
>> epoch [ 299/1000], runtime:  2.13s, train err:  0.0554 (best:  0.0555/ 0.0517)
>> epoch [ 300/1000], runtime:  2.19s, train err:  0.0545 (best:  0.0555/ 0.0517)
>> epoch [ 301/1000], runtime:  2.31s, train err:  0.0558 (best:  0.0555/ 0.0517)
>> epoch [ 302/1000], runtime:  2.33s, train loss: 0.0039, train err:  0.0530, valid err:  0.0573
>> epoch [ 303/1000], runtime:  2.37s, train err:  0.0551 (best:  0.0555/ 0.0517)
>> epoch [ 304/1000], runtime:  2.41s, train loss: 0.0040, train err:  0.0537, valid err:  0.0560
>> epoch [ 305/1000], runtime:  2.43s, train loss: 0.0041, train err:  0.0543, valid err:  0.0562
>> epoch [ 306/1000], runtime:  2.38s, train loss: 0.0041, train err:  0.0546, valid err:  0.0567
>> epoch [ 307/1000], runtime:  2.38s, train err:  0.0555 (best:  0.0555/ 0.0517)
>> epoch [ 308/1000], runtime:  2.37s, train loss: 0.0040, train err:  0.0537, valid err:  0.0525
>> epoch [ 309/1000], runtime:  2.36s, train loss: 0.0040, train err:  0.0533, valid err:  0.0522
>> epoch [ 310/1000], runtime:  2.34s, train err:  0.0551 (best:  0.0555/ 0.0517)
>> epoch [ 311/1000], runtime:  2.41s, train loss: 0.0040, train err:  0.0537, valid err:  0.0522
>> epoch [ 312/1000], runtime:  2.36s, train loss: 0.0041, train err:  0.0548, valid err:  0.0535
>> epoch [ 313/1000], runtime:  2.41s, train loss: 0.0040, train err:  0.0536, valid err:  0.0533
>> epoch [ 314/1000], runtime:  2.43s, train err:  0.0556 (best:  0.0555/ 0.0517)
>> epoch [ 315/1000], runtime:  2.39s, train loss: 0.0041, train err:  0.0550, valid err:  0.0525
>> epoch [ 316/1000], runtime:  2.35s, train loss: 0.0040, train err:  0.0539, valid err:  0.0534
>> epoch [ 317/1000], runtime:  2.40s, train loss: 0.0040, train err:  0.0541, valid err:  0.0537
>> epoch [ 318/1000], runtime:  2.42s, train loss: 0.0040, train err:  0.0535, valid err:  0.0519
>> epoch [ 319/1000], runtime:  2.34s, train loss: 0.0041, train err:  0.0539, valid err:  0.0525
>> epoch [ 320/1000], runtime:  2.33s, train loss: 0.0040, train err:  0.0541, valid err:  0.0527
>> epoch [ 321/1000], runtime:  2.39s, train loss: 0.0041, train err:  0.0546, valid err:  0.0635
>> epoch [ 322/1000], runtime:  2.39s, train err:  0.0551 (best:  0.0555/ 0.0517)
>> epoch [ 323/1000], runtime:  2.36s, train loss: 0.0040, train err:  0.0537, valid err:  0.0531
>> epoch [ 324/1000], runtime:  2.40s, train loss: 0.0039, train err:  0.0543, valid err:  0.0522
>> epoch [ 325/1000], runtime:  2.38s, train loss: 0.0039, train err:  0.0534, valid err:  0.0522
>> epoch [ 326/1000], runtime:  2.41s, train loss: 0.0041, train err:  0.0541, valid err:  0.0524
>> epoch [ 327/1000], runtime:  2.41s, train err:  0.0545 (best:  0.0555/ 0.0517)
>> epoch [ 328/1000], runtime:  2.29s, train loss: 0.0041, train err:  0.0538, valid err:  0.0535
>> epoch [ 329/1000], runtime:  2.28s, train loss: 0.0040, train err:  0.0539, valid err:  0.0536
>> epoch [ 330/1000], runtime:  2.29s, train loss: 0.0040, train err:  0.0538, valid err:  0.0527
>> epoch [ 331/1000], runtime:  2.28s, train loss: 0.0039, train err:  0.0531, valid err:  0.0528
>> epoch [ 332/1000], runtime:  2.29s, train loss: 0.0041, train err:  0.0546, valid err:  0.0554
>> epoch [ 333/1000], runtime:  2.34s, train loss: 0.0040, train err:  0.0537, valid err:  0.0556
>> epoch [ 334/1000], runtime:  2.36s, train loss: 0.0040, train err:  0.0535, valid err:  0.0519
>> epoch [ 335/1000], runtime:  2.37s, train err:  0.0545 (best:  0.0555/ 0.0517)
>> epoch [ 336/1000], runtime:  2.37s, train loss: 0.0041, train err:  0.0543, valid err:  0.0519
>> epoch [ 337/1000], runtime:  2.36s, train loss: 0.0040, train err:  0.0537, valid err:  0.0525
>> epoch [ 338/1000], runtime:  2.38s, train loss: 0.0040, train err:  0.0537, valid err:  0.0564
>> epoch [ 339/1000], runtime:  2.35s, train loss: 0.0039, train err:  0.0537, valid err:  0.0524
>> epoch [ 340/1000], runtime: 2.36s, train loss: 0.0041, train err: 0.0541, valid err:  0.0515,test err: 0.0514, best
>> epoch [ 341/1000], runtime:  2.38s, train err:  0.0540 (best:  0.0541/ 0.0515)
>> epoch [ 342/1000], runtime:  2.37s, train loss: 0.0040, train err:  0.0536, valid err:  0.0551
>> epoch [ 343/1000], runtime:  2.34s, train err:  0.0540 (best:  0.0541/ 0.0515)
>> epoch [ 344/1000], runtime:  2.40s, train loss: 0.0041, train err:  0.0544, valid err:  0.0518
>> epoch [ 345/1000], runtime:  2.44s, train loss: 0.0039, train err:  0.0533, valid err:  0.0561
>> epoch [ 346/1000], runtime:  2.45s, train loss: 0.0040, train err:  0.0533, valid err:  0.0528
>> epoch [ 347/1000], runtime: 2.37s, train loss: 0.0039, train err: 0.0531, valid err:  0.0514,test err: 0.0517, best
>> epoch [ 348/1000], runtime:  2.35s, train err:  0.0545 (best:  0.0531/ 0.0514)
>> epoch [ 349/1000], runtime:  2.34s, train err:  0.0548 (best:  0.0531/ 0.0514)
>> epoch [ 350/1000], runtime:  2.40s, train err:  0.0533 (best:  0.0531/ 0.0514)
>> epoch [ 351/1000], runtime:  2.38s, train err:  0.0544 (best:  0.0531/ 0.0514)
>> epoch [ 352/1000], runtime:  2.41s, train err:  0.0529 (best:  0.0531/ 0.0514)
>> epoch [ 353/1000], runtime:  2.35s, train err:  0.0544 (best:  0.0531/ 0.0514)
>> epoch [ 354/1000], runtime:  2.42s, train err:  0.0542 (best:  0.0531/ 0.0514)
>> epoch [ 355/1000], runtime:  2.38s, train loss: 0.0039, train err:  0.0527, valid err:  0.0607
>> epoch [ 356/1000], runtime:  2.38s, train err:  0.0543 (best:  0.0531/ 0.0514)
>> epoch [ 357/1000], runtime:  2.39s, train err:  0.0528 (best:  0.0531/ 0.0514)
>> epoch [ 358/1000], runtime:  2.34s, train err:  0.0533 (best:  0.0531/ 0.0514)
>> epoch [ 359/1000], runtime:  2.35s, train err:  0.0535 (best:  0.0531/ 0.0514)
>> epoch [ 360/1000], runtime:  2.34s, train err:  0.0540 (best:  0.0531/ 0.0514)
>> epoch [ 361/1000], runtime:  2.38s, train loss: 0.0039, train err:  0.0532, valid err:  0.0519
>> epoch [ 362/1000], runtime:  2.33s, train err:  0.0531 (best:  0.0531/ 0.0514)
>> epoch [ 363/1000], runtime:  2.27s, train err:  0.0545 (best:  0.0531/ 0.0514)
>> epoch [ 364/1000], runtime:  2.25s, train err:  0.0545 (best:  0.0531/ 0.0514)
>> epoch [ 365/1000], runtime:  2.10s, train err:  0.0534 (best:  0.0531/ 0.0514)
>> epoch [ 366/1000], runtime:  2.09s, train err:  0.0541 (best:  0.0531/ 0.0514)
>> epoch [ 367/1000], runtime:  2.12s, train err:  0.0540 (best:  0.0531/ 0.0514)
>> epoch [ 368/1000], runtime:  2.12s, train err:  0.0547 (best:  0.0531/ 0.0514)
>> epoch [ 369/1000], runtime:  2.20s, train err:  0.0533 (best:  0.0531/ 0.0514)
>> epoch [ 370/1000], runtime:  2.36s, train loss: 0.0039, train err:  0.0530, valid err:  0.0526
>> epoch [ 371/1000], runtime:  2.32s, train err:  0.0539 (best:  0.0531/ 0.0514)
>> epoch [ 372/1000], runtime:  2.36s, train err:  0.0536 (best:  0.0531/ 0.0514)
>> epoch [ 373/1000], runtime:  2.35s, train err:  0.0539 (best:  0.0531/ 0.0514)
>> epoch [ 374/1000], runtime:  2.41s, train err:  0.0540 (best:  0.0531/ 0.0514)
>> epoch [ 375/1000], runtime:  2.36s, train err:  0.0528 (best:  0.0531/ 0.0514)
>> epoch [ 376/1000], runtime:  2.37s, train loss: 0.0039, train err:  0.0530, valid err:  0.0530
>> epoch [ 377/1000], runtime:  2.39s, train err:  0.0534 (best:  0.0531/ 0.0514)
>> epoch [ 378/1000], runtime:  2.37s, train err:  0.0541 (best:  0.0531/ 0.0514)
>> epoch [ 379/1000], runtime:  2.37s, train err:  0.0547 (best:  0.0531/ 0.0514)
>> epoch [ 380/1000], runtime:  2.33s, train err:  0.0537 (best:  0.0531/ 0.0514)
>> epoch [ 381/1000], runtime:  2.35s, train err:  0.0534 (best:  0.0531/ 0.0514)
>> epoch [ 382/1000], runtime:  2.36s, train err:  0.0525 (best:  0.0531/ 0.0514)
>> epoch [ 383/1000], runtime:  2.35s, train err:  0.0538 (best:  0.0531/ 0.0514)
>> epoch [ 384/1000], runtime:  2.38s, train err:  0.0529 (best:  0.0531/ 0.0514)
>> epoch [ 385/1000], runtime:  2.38s, train err:  0.0528 (best:  0.0531/ 0.0514)
>> epoch [ 386/1000], runtime:  2.38s, train loss: 0.0039, train err:  0.0533, valid err:  0.0589
>> epoch [ 387/1000], runtime:  2.30s, train err:  0.0532 (best:  0.0531/ 0.0514)
>> epoch [ 388/1000], runtime:  2.36s, train err:  0.0530 (best:  0.0531/ 0.0514)
>> epoch [ 389/1000], runtime:  2.40s, train err:  0.0529 (best:  0.0531/ 0.0514)
>> epoch [ 390/1000], runtime:  2.39s, train err:  0.0543 (best:  0.0531/ 0.0514)
>> epoch [ 391/1000], runtime:  2.37s, train err:  0.0531 (best:  0.0531/ 0.0514)
>> epoch [ 392/1000], runtime:  2.37s, train err:  0.0550 (best:  0.0531/ 0.0514)
>> epoch [ 393/1000], runtime:  2.38s, train err:  0.0542 (best:  0.0531/ 0.0514)
>> epoch [ 394/1000], runtime:  2.38s, train err:  0.0533 (best:  0.0531/ 0.0514)
>> epoch [ 395/1000], runtime:  2.35s, train err:  0.0532 (best:  0.0531/ 0.0514)
>> epoch [ 396/1000], runtime:  2.32s, train err:  0.0532 (best:  0.0531/ 0.0514)
>> epoch [ 397/1000], runtime:  2.37s, train err:  0.0542 (best:  0.0531/ 0.0514)
>> epoch [ 398/1000], runtime:  2.38s, train err:  0.0539 (best:  0.0531/ 0.0514)
>> epoch [ 399/1000], runtime:  2.36s, train err:  0.0539 (best:  0.0531/ 0.0514)
>> epoch [ 400/1000], runtime:  2.31s, train err:  0.0554 (best:  0.0531/ 0.0514)
>> epoch [ 401/1000], runtime: 2.33s, train loss: 0.0038, train err: 0.0521, valid err:  0.0513,test err: 0.0510, best
>> epoch [ 402/1000], runtime:  2.31s, train err:  0.0526 (best:  0.0521/ 0.0513)
>> epoch [ 403/1000], runtime:  2.38s, train err:  0.0525 (best:  0.0521/ 0.0513)
>> epoch [ 404/1000], runtime:  2.30s, train loss: 0.0038, train err:  0.0519, valid err:  0.0514
>> epoch [ 405/1000], runtime:  2.30s, train err:  0.0521 (best:  0.0521/ 0.0513)
>> epoch [ 406/1000], runtime:  2.38s, train loss: 0.0038, train err:  0.0514, valid err:  0.0533
>> epoch [ 407/1000], runtime:  2.34s, train err:  0.0530 (best:  0.0521/ 0.0513)
>> epoch [ 408/1000], runtime:  2.35s, train loss: 0.0038, train err:  0.0525, valid err:  0.0570
>> epoch [ 409/1000], runtime:  2.35s, train err:  0.0527 (best:  0.0521/ 0.0513)
>> epoch [ 410/1000], runtime:  2.37s, train err:  0.0520 (best:  0.0521/ 0.0513)
>> epoch [ 411/1000], runtime:  2.34s, train err:  0.0524 (best:  0.0521/ 0.0513)
>> epoch [ 412/1000], runtime:  2.37s, train err:  0.0530 (best:  0.0521/ 0.0513)
>> epoch [ 413/1000], runtime:  2.39s, train loss: 0.0038, train err:  0.0522, valid err:  0.0519
>> epoch [ 414/1000], runtime:  2.38s, train loss: 0.0038, train err:  0.0518, valid err:  0.0547
>> epoch [ 415/1000], runtime:  2.39s, train err:  0.0531 (best:  0.0521/ 0.0513)
>> epoch [ 416/1000], runtime:  2.33s, train err:  0.0528 (best:  0.0521/ 0.0513)
>> epoch [ 417/1000], runtime:  2.37s, train loss: 0.0038, train err:  0.0522, valid err:  0.0529
>> epoch [ 418/1000], runtime:  2.37s, train err:  0.0542 (best:  0.0521/ 0.0513)
>> epoch [ 419/1000], runtime:  2.37s, train loss: 0.0038, train err:  0.0522, valid err:  0.0516
>> epoch [ 420/1000], runtime:  2.40s, train loss: 0.0038, train err:  0.0526, valid err:  0.0517
>> epoch [ 421/1000], runtime:  2.37s, train err:  0.0526 (best:  0.0521/ 0.0513)
>> epoch [ 422/1000], runtime:  2.38s, train err:  0.0529 (best:  0.0521/ 0.0513)
>> epoch [ 423/1000], runtime:  2.34s, train loss: 0.0038, train err:  0.0519, valid err:  0.0535
>> epoch [ 424/1000], runtime:  2.35s, train loss: 0.0038, train err:  0.0522, valid err:  0.0526
>> epoch [ 425/1000], runtime:  2.36s, train loss: 0.0038, train err:  0.0522, valid err:  0.0535
>> epoch [ 426/1000], runtime:  2.33s, train err:  0.0531 (best:  0.0521/ 0.0513)
>> epoch [ 427/1000], runtime: 2.38s, train loss: 0.0038, train err: 0.0524, valid err:  0.0511,test err: 0.0514, best
>> epoch [ 428/1000], runtime:  2.38s, train err:  0.0527 (best:  0.0524/ 0.0511)
>> epoch [ 429/1000], runtime:  2.36s, train loss: 0.0038, train err:  0.0516, valid err:  0.0515
>> epoch [ 430/1000], runtime:  2.34s, train err:  0.0528 (best:  0.0524/ 0.0511)
>> epoch [ 431/1000], runtime:  2.34s, train err:  0.0528 (best:  0.0524/ 0.0511)
>> epoch [ 432/1000], runtime:  2.38s, train loss: 0.0038, train err:  0.0518, valid err:  0.0523
>> epoch [ 433/1000], runtime:  2.36s, train err:  0.0529 (best:  0.0524/ 0.0511)
>> epoch [ 434/1000], runtime:  2.39s, train err:  0.0523 (best:  0.0524/ 0.0511)
>> epoch [ 435/1000], runtime:  2.34s, train err:  0.0526 (best:  0.0524/ 0.0511)
>> epoch [ 436/1000], runtime:  2.34s, train err:  0.0530 (best:  0.0524/ 0.0511)
>> epoch [ 437/1000], runtime:  2.26s, train err:  0.0522 (best:  0.0524/ 0.0511)
>> epoch [ 438/1000], runtime:  2.27s, train err:  0.0522 (best:  0.0524/ 0.0511)
>> epoch [ 439/1000], runtime:  2.25s, train loss: 0.0038, train err:  0.0522, valid err:  0.0514
>> epoch [ 440/1000], runtime:  2.25s, train loss: 0.0038, train err:  0.0520, valid err:  0.0516
>> epoch [ 441/1000], runtime:  2.27s, train err:  0.0528 (best:  0.0524/ 0.0511)
>> epoch [ 442/1000], runtime:  2.37s, train loss: 0.0038, train err:  0.0521, valid err:  0.0514
>> epoch [ 443/1000], runtime:  2.35s, train loss: 0.0038, train err:  0.0520, valid err:  0.0513
>> epoch [ 444/1000], runtime:  2.37s, train err:  0.0531 (best:  0.0524/ 0.0511)
>> epoch [ 445/1000], runtime:  2.32s, train err:  0.0523 (best:  0.0524/ 0.0511)
>> epoch [ 446/1000], runtime:  2.34s, train err:  0.0526 (best:  0.0524/ 0.0511)
>> epoch [ 447/1000], runtime:  2.35s, train err:  0.0526 (best:  0.0524/ 0.0511)
>> epoch [ 448/1000], runtime:  2.36s, train loss: 0.0038, train err:  0.0520, valid err:  0.0533
>> epoch [ 449/1000], runtime:  2.37s, train err:  0.0529 (best:  0.0524/ 0.0511)
>> epoch [ 450/1000], runtime:  2.38s, train loss: 0.0038, train err:  0.0518, valid err:  0.0513
>> epoch [ 451/1000], runtime:  2.31s, train err:  0.0522 (best:  0.0524/ 0.0511)
>> epoch [ 452/1000], runtime:  2.32s, train loss: 0.0038, train err:  0.0519, valid err:  0.0532
>> epoch [ 453/1000], runtime: 2.38s, train loss: 0.0038, train err: 0.0524, valid err:  0.0510,test err: 0.0509, best
>> epoch [ 454/1000], runtime:  2.40s, train loss: 0.0037, train err:  0.0511, valid err:  0.0612
>> epoch [ 455/1000], runtime:  2.39s, train err:  0.0533 (best:  0.0524/ 0.0510)
>> epoch [ 456/1000], runtime:  2.35s, train err:  0.0522 (best:  0.0524/ 0.0510)
>> epoch [ 457/1000], runtime:  2.34s, train err:  0.0522 (best:  0.0524/ 0.0510)
>> epoch [ 458/1000], runtime:  2.25s, train err:  0.0524 (best:  0.0524/ 0.0510)
>> epoch [ 459/1000], runtime:  2.34s, train loss: 0.0038, train err:  0.0520, valid err:  0.0519
>> epoch [ 460/1000], runtime:  2.39s, train err:  0.0529 (best:  0.0524/ 0.0510)
>> epoch [ 461/1000], runtime:  2.36s, train err:  0.0521 (best:  0.0524/ 0.0510)
>> epoch [ 462/1000], runtime:  2.33s, train err:  0.0531 (best:  0.0524/ 0.0510)
>> epoch [ 463/1000], runtime:  2.37s, train loss: 0.0037, train err:  0.0523, valid err:  0.0565
>> epoch [ 464/1000], runtime:  2.41s, train err:  0.0531 (best:  0.0524/ 0.0510)
>> epoch [ 465/1000], runtime:  2.41s, train err:  0.0521 (best:  0.0524/ 0.0510)
>> epoch [ 466/1000], runtime:  2.35s, train err:  0.0530 (best:  0.0524/ 0.0510)
>> epoch [ 467/1000], runtime:  2.34s, train err:  0.0527 (best:  0.0524/ 0.0510)
>> epoch [ 468/1000], runtime:  2.37s, train loss: 0.0038, train err:  0.0521, valid err:  0.0512
>> epoch [ 469/1000], runtime:  2.35s, train loss: 0.0038, train err:  0.0519, valid err:  0.0553
>> epoch [ 470/1000], runtime:  2.36s, train err:  0.0531 (best:  0.0524/ 0.0510)
>> epoch [ 471/1000], runtime:  2.31s, train err:  0.0526 (best:  0.0524/ 0.0510)
>> epoch [ 472/1000], runtime:  2.29s, train err:  0.0528 (best:  0.0524/ 0.0510)
>> epoch [ 473/1000], runtime:  2.29s, train err:  0.0524 (best:  0.0524/ 0.0510)
>> epoch [ 474/1000], runtime:  2.28s, train err:  0.0521 (best:  0.0524/ 0.0510)
>> epoch [ 475/1000], runtime:  2.26s, train loss: 0.0038, train err:  0.0523, valid err:  0.0512
>> epoch [ 476/1000], runtime:  2.34s, train err:  0.0522 (best:  0.0524/ 0.0510)
>> epoch [ 477/1000], runtime:  2.23s, train err:  0.0523 (best:  0.0524/ 0.0510)
>> epoch [ 478/1000], runtime:  2.31s, train err:  0.0526 (best:  0.0524/ 0.0510)
>> epoch [ 479/1000], runtime:  2.32s, train err:  0.0529 (best:  0.0524/ 0.0510)
>> epoch [ 480/1000], runtime:  2.35s, train loss: 0.0038, train err:  0.0521, valid err:  0.0510
>> epoch [ 481/1000], runtime:  2.38s, train err:  0.0524 (best:  0.0524/ 0.0510)
>> epoch [ 482/1000], runtime:  2.24s, train err:  0.0524 (best:  0.0524/ 0.0510)
>> epoch [ 483/1000], runtime:  2.34s, train err:  0.0527 (best:  0.0524/ 0.0510)
>> epoch [ 484/1000], runtime:  2.36s, train err:  0.0526 (best:  0.0524/ 0.0510)
>> epoch [ 485/1000], runtime:  2.34s, train err:  0.0522 (best:  0.0524/ 0.0510)
>> epoch [ 486/1000], runtime:  2.37s, train loss: 0.0038, train err:  0.0521, valid err:  0.0515
>> epoch [ 487/1000], runtime:  2.34s, train err:  0.0530 (best:  0.0524/ 0.0510)
>> epoch [ 488/1000], runtime:  2.36s, train loss: 0.0038, train err:  0.0517, valid err:  0.0514
>> epoch [ 489/1000], runtime:  2.35s, train err:  0.0527 (best:  0.0524/ 0.0510)
>> epoch [ 490/1000], runtime:  2.32s, train err:  0.0529 (best:  0.0524/ 0.0510)
>> epoch [ 491/1000], runtime:  2.34s, train loss: 0.0038, train err:  0.0519, valid err:  0.0510
>> epoch [ 492/1000], runtime:  2.47s, train err:  0.0527 (best:  0.0524/ 0.0510)
>> epoch [ 493/1000], runtime:  2.35s, train err:  0.0523 (best:  0.0524/ 0.0510)
>> epoch [ 494/1000], runtime:  2.32s, train err:  0.0527 (best:  0.0524/ 0.0510)
>> epoch [ 495/1000], runtime:  2.31s, train err:  0.0519 (best:  0.0524/ 0.0510)
>> epoch [ 496/1000], runtime:  2.31s, train err:  0.0529 (best:  0.0524/ 0.0510)
>> epoch [ 497/1000], runtime:  2.37s, train err:  0.0530 (best:  0.0524/ 0.0510)
>> epoch [ 498/1000], runtime:  2.33s, train err:  0.0522 (best:  0.0524/ 0.0510)
>> epoch [ 499/1000], runtime:  2.36s, train loss: 0.0038, train err:  0.0521, valid err:  0.0510
>> epoch [ 500/1000], runtime: 2.33s, train loss: 0.0038, train err: 0.0521, valid err:  0.0508,test err: 0.0508, best
>> epoch [ 501/1000], runtime:  2.34s, train loss: 0.0037, train err:  0.0514, valid err:  0.0509
>> epoch [ 502/1000], runtime:  2.36s, train loss: 0.0037, train err:  0.0514, valid err:  0.0514
>> epoch [ 503/1000], runtime:  2.36s, train loss: 0.0037, train err:  0.0517, valid err:  0.0513
>> epoch [ 504/1000], runtime:  2.36s, train loss: 0.0037, train err:  0.0514, valid err:  0.0512
>> epoch [ 505/1000], runtime:  2.36s, train loss: 0.0037, train err:  0.0516, valid err:  0.0514
>> epoch [ 506/1000], runtime:  2.32s, train err:  0.0522 (best:  0.0521/ 0.0508)
>> epoch [ 507/1000], runtime:  2.27s, train loss: 0.0037, train err:  0.0514, valid err:  0.0526
>> epoch [ 508/1000], runtime:  2.23s, train loss: 0.0037, train err:  0.0515, valid err:  0.0512
>> epoch [ 509/1000], runtime:  2.25s, train loss: 0.0037, train err:  0.0514, valid err:  0.0539
>> epoch [ 510/1000], runtime:  2.10s, train loss: 0.0038, train err:  0.0522, valid err:  0.0512
>> epoch [ 511/1000], runtime:  2.27s, train loss: 0.0037, train err:  0.0515, valid err:  0.0513
>> epoch [ 512/1000], runtime:  2.40s, train loss: 0.0037, train err:  0.0513, valid err:  0.0510
>> epoch [ 513/1000], runtime:  2.42s, train loss: 0.0038, train err:  0.0518, valid err:  0.0517
>> epoch [ 514/1000], runtime:  2.36s, train loss: 0.0037, train err:  0.0517, valid err:  0.0513
>> epoch [ 515/1000], runtime:  2.37s, train loss: 0.0037, train err:  0.0515, valid err:  0.0515
>> epoch [ 516/1000], runtime:  2.35s, train loss: 0.0037, train err:  0.0515, valid err:  0.0514
>> epoch [ 517/1000], runtime:  2.36s, train loss: 0.0037, train err:  0.0513, valid err:  0.0533
>> epoch [ 518/1000], runtime:  2.33s, train loss: 0.0038, train err:  0.0521, valid err:  0.0518
>> epoch [ 519/1000], runtime:  2.42s, train loss: 0.0037, train err:  0.0517, valid err:  0.0513
>> epoch [ 520/1000], runtime:  2.35s, train loss: 0.0037, train err:  0.0519, valid err:  0.0518
>> epoch [ 521/1000], runtime:  2.35s, train loss: 0.0037, train err:  0.0516, valid err:  0.0511
>> epoch [ 522/1000], runtime:  2.38s, train err:  0.0522 (best:  0.0521/ 0.0508)
>> epoch [ 523/1000], runtime:  2.36s, train err:  0.0520 (best:  0.0521/ 0.0508)
>> epoch [ 524/1000], runtime:  2.33s, train loss: 0.0037, train err:  0.0516, valid err:  0.0509
>> epoch [ 525/1000], runtime:  2.40s, train loss: 0.0037, train err:  0.0511, valid err:  0.0546
>> epoch [ 526/1000], runtime:  2.41s, train err:  0.0520 (best:  0.0521/ 0.0508)
>> epoch [ 527/1000], runtime:  2.35s, train loss: 0.0037, train err:  0.0516, valid err:  0.0511
>> epoch [ 528/1000], runtime:  2.35s, train loss: 0.0037, train err:  0.0517, valid err:  0.0524
>> epoch [ 529/1000], runtime:  2.30s, train loss: 0.0037, train err:  0.0517, valid err:  0.0521
>> epoch [ 530/1000], runtime:  2.34s, train loss: 0.0037, train err:  0.0517, valid err:  0.0518
>> epoch [ 531/1000], runtime:  2.40s, train loss: 0.0037, train err:  0.0515, valid err:  0.0518
>> epoch [ 532/1000], runtime:  2.37s, train loss: 0.0037, train err:  0.0517, valid err:  0.0512
>> epoch [ 533/1000], runtime:  2.34s, train loss: 0.0036, train err:  0.0515, valid err:  0.0523
>> epoch [ 534/1000], runtime:  2.37s, train err:  0.0519 (best:  0.0521/ 0.0508)
>> epoch [ 535/1000], runtime:  2.34s, train loss: 0.0038, train err:  0.0515, valid err:  0.0522
>> epoch [ 536/1000], runtime:  2.37s, train loss: 0.0037, train err:  0.0513, valid err:  0.0511
>> epoch [ 537/1000], runtime:  2.40s, train loss: 0.0037, train err:  0.0516, valid err:  0.0513
>> epoch [ 538/1000], runtime: 2.32s, train loss: 0.0037, train err: 0.0516, valid err:  0.0508,test err: 0.0510, best
>> epoch [ 539/1000], runtime:  2.29s, train loss: 0.0037, train err:  0.0514, valid err:  0.0509
>> epoch [ 540/1000], runtime:  2.25s, train loss: 0.0037, train err:  0.0514, valid err:  0.0515
>> epoch [ 541/1000], runtime:  2.18s, train loss: 0.0037, train err:  0.0515, valid err:  0.0523
>> epoch [ 542/1000], runtime:  2.14s, train err:  0.0513 (best:  0.0516/ 0.0508)
>> epoch [ 543/1000], runtime:  2.27s, train loss: 0.0037, train err:  0.0521, valid err:  0.0509
>> epoch [ 544/1000], runtime:  2.39s, train err:  0.0516 (best:  0.0516/ 0.0508)
>> epoch [ 545/1000], runtime:  2.35s, train err:  0.0514 (best:  0.0516/ 0.0508)
>> epoch [ 546/1000], runtime:  2.34s, train err:  0.0514 (best:  0.0516/ 0.0508)
>> epoch [ 547/1000], runtime:  2.32s, train err:  0.0517 (best:  0.0516/ 0.0508)
>> epoch [ 548/1000], runtime:  2.38s, train loss: 0.0037, train err:  0.0518, valid err:  0.0509
>> epoch [ 549/1000], runtime:  2.34s, train err:  0.0514 (best:  0.0516/ 0.0508)
>> epoch [ 550/1000], runtime:  2.37s, train err:  0.0514 (best:  0.0516/ 0.0508)
>> epoch [ 551/1000], runtime:  2.38s, train err:  0.0519 (best:  0.0516/ 0.0508)
>> epoch [ 552/1000], runtime:  2.36s, train err:  0.0515 (best:  0.0516/ 0.0508)
>> epoch [ 553/1000], runtime:  2.39s, train loss: 0.0037, train err:  0.0516, valid err:  0.0510
>> epoch [ 554/1000], runtime:  2.37s, train err:  0.0519 (best:  0.0516/ 0.0508)
>> epoch [ 555/1000], runtime:  2.33s, train err:  0.0516 (best:  0.0516/ 0.0508)
>> epoch [ 556/1000], runtime:  2.34s, train loss: 0.0037, train err:  0.0511, valid err:  0.0523
>> epoch [ 557/1000], runtime:  2.36s, train err:  0.0518 (best:  0.0516/ 0.0508)
>> epoch [ 558/1000], runtime:  2.31s, train loss: 0.0037, train err:  0.0515, valid err:  0.0520
>> epoch [ 559/1000], runtime:  2.40s, train loss: 0.0037, train err:  0.0515, valid err:  0.0514
>> epoch [ 560/1000], runtime:  2.27s, train loss: 0.0037, train err:  0.0514, valid err:  0.0521
>> epoch [ 561/1000], runtime:  2.40s, train loss: 0.0037, train err:  0.0513, valid err:  0.0517
>> epoch [ 562/1000], runtime:  2.36s, train loss: 0.0037, train err:  0.0515, valid err:  0.0514
>> epoch [ 563/1000], runtime:  2.33s, train loss: 0.0037, train err:  0.0520, valid err:  0.0510
>> epoch [ 564/1000], runtime:  2.39s, train loss: 0.0037, train err:  0.0513, valid err:  0.0520
>> epoch [ 565/1000], runtime:  2.44s, train loss: 0.0037, train err:  0.0512, valid err:  0.0515
>> epoch [ 566/1000], runtime:  2.36s, train loss: 0.0037, train err:  0.0519, valid err:  0.0516
>> epoch [ 567/1000], runtime:  2.46s, train loss: 0.0037, train err:  0.0516, valid err:  0.0517
>> epoch [ 568/1000], runtime:  2.26s, train loss: 0.0037, train err:  0.0510, valid err:  0.0514
>> epoch [ 569/1000], runtime:  2.30s, train loss: 0.0037, train err:  0.0515, valid err:  0.0511
>> epoch [ 570/1000], runtime:  2.29s, train loss: 0.0037, train err:  0.0513, valid err:  0.0515
>> epoch [ 571/1000], runtime:  2.38s, train err:  0.0518 (best:  0.0516/ 0.0508)
>> epoch [ 572/1000], runtime:  2.28s, train loss: 0.0037, train err:  0.0509, valid err:  0.0532
>> epoch [ 573/1000], runtime:  2.27s, train err:  0.0517 (best:  0.0516/ 0.0508)
>> epoch [ 574/1000], runtime:  2.28s, train err:  0.0522 (best:  0.0516/ 0.0508)
>> epoch [ 575/1000], runtime:  2.33s, train loss: 0.0037, train err:  0.0513, valid err:  0.0509
>> epoch [ 576/1000], runtime:  2.31s, train loss: 0.0037, train err:  0.0508, valid err:  0.0554
>> epoch [ 577/1000], runtime:  2.36s, train err:  0.0519 (best:  0.0516/ 0.0508)
>> epoch [ 578/1000], runtime:  2.36s, train loss: 0.0037, train err:  0.0512, valid err:  0.0526
>> epoch [ 579/1000], runtime:  2.34s, train err:  0.0518 (best:  0.0516/ 0.0508)
>> epoch [ 580/1000], runtime:  2.36s, train loss: 0.0037, train err:  0.0514, valid err:  0.0515
>> epoch [ 581/1000], runtime:  2.42s, train err:  0.0520 (best:  0.0516/ 0.0508)
>> epoch [ 582/1000], runtime:  2.37s, train loss: 0.0037, train err:  0.0514, valid err:  0.0508
>> epoch [ 583/1000], runtime:  2.40s, train loss: 0.0037, train err:  0.0511, valid err:  0.0524
>> epoch [ 584/1000], runtime:  2.39s, train loss: 0.0037, train err:  0.0517, valid err:  0.0516
>> epoch [ 585/1000], runtime:  2.43s, train loss: 0.0037, train err:  0.0514, valid err:  0.0512
>> epoch [ 586/1000], runtime:  2.36s, train loss: 0.0037, train err:  0.0514, valid err:  0.0512
>> epoch [ 587/1000], runtime:  2.37s, train loss: 0.0037, train err:  0.0515, valid err:  0.0509
>> epoch [ 588/1000], runtime:  2.32s, train err:  0.0514 (best:  0.0516/ 0.0508)
>> epoch [ 589/1000], runtime:  2.35s, train err:  0.0521 (best:  0.0516/ 0.0508)
>> epoch [ 590/1000], runtime:  2.36s, train loss: 0.0037, train err:  0.0513, valid err:  0.0536
>> epoch [ 591/1000], runtime:  2.35s, train loss: 0.0037, train err:  0.0518, valid err:  0.0515
>> epoch [ 592/1000], runtime:  2.38s, train loss: 0.0037, train err:  0.0516, valid err:  0.0512
>> epoch [ 593/1000], runtime:  2.34s, train loss: 0.0037, train err:  0.0511, valid err:  0.0517
>> epoch [ 594/1000], runtime:  2.16s, train loss: 0.0037, train err:  0.0514, valid err:  0.0541
>> epoch [ 595/1000], runtime:  2.34s, train loss: 0.0037, train err:  0.0515, valid err:  0.0511
>> epoch [ 596/1000], runtime:  2.35s, train loss: 0.0037, train err:  0.0516, valid err:  0.0511
>> epoch [ 597/1000], runtime:  2.36s, train err:  0.0516 (best:  0.0516/ 0.0508)
>> epoch [ 598/1000], runtime:  2.32s, train loss: 0.0037, train err:  0.0510, valid err:  0.0518
>> epoch [ 599/1000], runtime:  2.39s, train loss: 0.0037, train err:  0.0517, valid err:  0.0510
>> epoch [ 600/1000], runtime:  2.37s, train loss: 0.0037, train err:  0.0509, valid err:  0.0517
>> epoch [ 601/1000], runtime:  2.35s, train loss: 0.0037, train err:  0.0515, valid err:  0.0513
>> epoch [ 602/1000], runtime:  2.03s, train loss: 0.0037, train err:  0.0513, valid err:  0.0512
>> epoch [ 603/1000], runtime:  2.16s, train loss: 0.0037, train err:  0.0513, valid err:  0.0510
>> epoch [ 604/1000], runtime:  2.35s, train loss: 0.0037, train err:  0.0512, valid err:  0.0514
>> epoch [ 605/1000], runtime:  2.26s, train loss: 0.0037, train err:  0.0511, valid err:  0.0510
>> epoch [ 606/1000], runtime:  2.27s, train loss: 0.0037, train err:  0.0511, valid err:  0.0514
>> epoch [ 607/1000], runtime:  2.28s, train loss: 0.0037, train err:  0.0510, valid err:  0.0513
>> epoch [ 608/1000], runtime:  2.27s, train loss: 0.0037, train err:  0.0508, valid err:  0.0516
>> epoch [ 609/1000], runtime:  2.32s, train loss: 0.0037, train err:  0.0513, valid err:  0.0509
>> epoch [ 610/1000], runtime:  2.36s, train loss: 0.0037, train err:  0.0512, valid err:  0.0510
>> epoch [ 611/1000], runtime:  2.33s, train loss: 0.0037, train err:  0.0511, valid err:  0.0510
>> epoch [ 612/1000], runtime:  2.36s, train loss: 0.0037, train err:  0.0512, valid err:  0.0513
>> epoch [ 613/1000], runtime:  2.37s, train loss: 0.0037, train err:  0.0512, valid err:  0.0521
>> epoch [ 614/1000], runtime:  2.36s, train loss: 0.0036, train err:  0.0514, valid err:  0.0509
>> epoch [ 615/1000], runtime:  2.38s, train loss: 0.0037, train err:  0.0508, valid err:  0.0508
>> epoch [ 616/1000], runtime:  2.32s, train loss: 0.0037, train err:  0.0512, valid err:  0.0510
>> epoch [ 617/1000], runtime:  2.37s, train loss: 0.0037, train err:  0.0515, valid err:  0.0509
>> epoch [ 618/1000], runtime:  2.38s, train loss: 0.0037, train err:  0.0510, valid err:  0.0515
>> epoch [ 619/1000], runtime:  2.36s, train loss: 0.0037, train err:  0.0513, valid err:  0.0512
>> epoch [ 620/1000], runtime:  2.39s, train loss: 0.0037, train err:  0.0513, valid err:  0.0509
>> epoch [ 621/1000], runtime:  2.43s, train loss: 0.0037, train err:  0.0511, valid err:  0.0518
>> epoch [ 622/1000], runtime:  2.36s, train loss: 0.0036, train err:  0.0507, valid err:  0.0520
>> epoch [ 623/1000], runtime:  2.40s, train loss: 0.0037, train err:  0.0515, valid err:  0.0516
>> epoch [ 624/1000], runtime:  2.42s, train loss: 0.0037, train err:  0.0509, valid err:  0.0528
>> epoch [ 625/1000], runtime:  2.37s, train loss: 0.0037, train err:  0.0512, valid err:  0.0524
>> epoch [ 626/1000], runtime:  2.40s, train loss: 0.0037, train err:  0.0514, valid err:  0.0510
>> epoch [ 627/1000], runtime:  2.36s, train loss: 0.0037, train err:  0.0515, valid err:  0.0510
>> epoch [ 628/1000], runtime:  2.33s, train loss: 0.0037, train err:  0.0507, valid err:  0.0511
>> epoch [ 629/1000], runtime:  2.38s, train loss: 0.0037, train err:  0.0514, valid err:  0.0519
>> epoch [ 630/1000], runtime:  2.37s, train loss: 0.0037, train err:  0.0515, valid err:  0.0511
>> epoch [ 631/1000], runtime:  2.37s, train loss: 0.0037, train err:  0.0512, valid err:  0.0510
>> epoch [ 632/1000], runtime:  2.36s, train loss: 0.0037, train err:  0.0510, valid err:  0.0520
>> epoch [ 633/1000], runtime:  2.42s, train loss: 0.0037, train err:  0.0515, valid err:  0.0510
>> epoch [ 634/1000], runtime:  2.38s, train loss: 0.0037, train err:  0.0512, valid err:  0.0510
>> epoch [ 635/1000], runtime:  2.37s, train loss: 0.0037, train err:  0.0509, valid err:  0.0518
>> epoch [ 636/1000], runtime:  2.32s, train loss: 0.0037, train err:  0.0512, valid err:  0.0509
>> epoch [ 637/1000], runtime:  2.31s, train loss: 0.0037, train err:  0.0515, valid err:  0.0512
>> epoch [ 638/1000], runtime:  2.13s, train loss: 0.0037, train err:  0.0511, valid err:  0.0509
>> epoch [ 639/1000], runtime:  2.14s, train loss: 0.0037, train err:  0.0511, valid err:  0.0508
----------------------------------------------------------------------------------------------------
----------------------------------------------------------------------------------------------------
>> ntrain: 200, lr: 0.001, gamma: 0.5, w_d: 0.0
>> Best train loss:  0.0037
>> Best train error:  0.0516
>> Best valid error:  0.0508
>> Best test error:  0.0510
>> Best epoch: 537
----------------------------------------------------------------------------------------------------
----------------------------------------------------------------------------------------------------
>> Training Completed!!
