>> Device being used: cuda (NVIDIA GeForce RTX 4090)
Total number of parameters: 1321
>> Training Mesh resolution: 257x257
/root/autodl-tmp/project/MPNO_final/BlatzKo_1d/PNO_NN_ex35_k1/PNO_BB_L1loss.py:143: UserWarning: torch.range is deprecated and will be removed in a future release because its behavior is inconsistent with Python's range builtin. Instead, use torch.arange, which produces values in [start, end).
  ksi_range = torch.range(-m_fact, m_fact).int()
tensor(0.8109)
tensor(3.3456)
>> Preprocessing completed, time elapsed:  1.08s
>> ntrain: 300, lr: 0.01, gamma: 0.6, w_d: 0.0
----------------------------------------------------------------------------------------------------
>> epoch [   1/3000], runtime: 2.99s, train loss: 2.7549e-04, valid loss: 1.0477e-04 , test loss: 5.2437e-03
>> epoch [   2/3000], runtime:  3.17s, train loss: 9.5098e-05 (best: 2.7549e-04/1.0477e-04)
>> epoch [   3/3000], runtime: 4.94s, train loss: 9.5149e-05, valid loss: 4.0336e-05 , test loss: 1.1618e-03
>> epoch [   4/3000], runtime: 5.58s, train loss: 3.3411e-05, valid loss: 2.0324e-05 , test loss: 7.5637e-04
>> epoch [   5/3000], runtime:  5.68s, train loss: 3.0016e-05 (best: 3.3411e-05/2.0324e-05)
>> epoch [   6/3000], runtime:  5.77s, train loss: 1.9047e-05 (best: 3.3411e-05/2.0324e-05)
>> epoch [   7/3000], runtime: 5.03s, train loss: 3.3026e-05, valid loss: 2.0038e-05 , test loss: 1.0604e-03
>> epoch [   8/3000], runtime:  4.71s, train loss: 2.3673e-05 (best: 3.3026e-05/2.0038e-05)
>> epoch [   9/3000], runtime:  5.24s, train loss: 3.6576e-05 (best: 3.3026e-05/2.0038e-05)
>> epoch [  10/3000], runtime:  5.35s, train loss: 3.9936e-05 (best: 3.3026e-05/2.0038e-05)
>> epoch [  11/3000], runtime:  5.26s, train loss: 2.5458e-05 (best: 3.3026e-05/2.0038e-05)
>> epoch [  12/3000], runtime:  5.30s, train loss: 2.2443e-05 (best: 3.3026e-05/2.0038e-05)
>> epoch [  13/3000], runtime:  5.51s, train loss: 4.1341e-05 (best: 3.3026e-05/2.0038e-05)
>> epoch [  14/3000], runtime:  5.58s, train loss: 2.8496e-05 (best: 3.3026e-05/2.0038e-05)
>> epoch [  15/3000], runtime:  5.12s, train loss: 2.1450e-05 (best: 3.3026e-05/2.0038e-05)
>> epoch [  16/3000], runtime:  5.23s, train loss: 1.7220e-05 (best: 3.3026e-05/2.0038e-05)
>> epoch [  17/3000], runtime:  5.51s, train loss: 2.5521e-05 (best: 3.3026e-05/2.0038e-05)
>> epoch [  18/3000], runtime:  5.73s, train loss: 2.4060e-05 (best: 3.3026e-05/2.0038e-05)
>> epoch [  19/3000], runtime: 5.39s, train loss: 2.2656e-05, valid loss: 1.9104e-05 , test loss: 1.1309e-03
>> epoch [  20/3000], runtime: 5.37s, train loss: 1.8864e-05, valid loss: 1.5801e-05 , test loss: 4.3995e-04
>> epoch [  21/3000], runtime:  5.41s, train loss: 2.0047e-05 (best: 1.8864e-05/1.5801e-05)
>> epoch [  22/3000], runtime:  5.57s, train loss: 1.9995e-05 (best: 1.8864e-05/1.5801e-05)
>> epoch [  23/3000], runtime: 5.11s, train loss: 1.7266e-05, valid loss: 1.4528e-05 , test loss: 4.4937e-04
>> epoch [  24/3000], runtime:  5.56s, train loss: 1.6413e-05 (best: 1.7266e-05/1.4528e-05)
>> epoch [  25/3000], runtime:  5.63s, train loss: 1.8097e-05 (best: 1.7266e-05/1.4528e-05)
>> epoch [  26/3000], runtime:  5.56s, train loss: 2.0031e-05 (best: 1.7266e-05/1.4528e-05)
>> epoch [  27/3000], runtime:  5.70s, train loss: 2.2847e-05 (best: 1.7266e-05/1.4528e-05)
>> epoch [  28/3000], runtime:  5.76s, train loss: 2.5163e-05 (best: 1.7266e-05/1.4528e-05)
>> epoch [  29/3000], runtime:  5.39s, train loss: 2.5311e-05 (best: 1.7266e-05/1.4528e-05)
>> epoch [  30/3000], runtime:  5.26s, train loss: 2.2559e-05 (best: 1.7266e-05/1.4528e-05)
>> epoch [  31/3000], runtime:  5.41s, train loss: 2.3185e-05 (best: 1.7266e-05/1.4528e-05)
>> epoch [  32/3000], runtime:  4.98s, train loss: 2.1090e-05 (best: 1.7266e-05/1.4528e-05)
>> epoch [  33/3000], runtime:  5.18s, train loss: 1.9270e-05 (best: 1.7266e-05/1.4528e-05)
>> epoch [  34/3000], runtime:  5.27s, train loss: 2.0709e-05 (best: 1.7266e-05/1.4528e-05)
>> epoch [  35/3000], runtime: 5.74s, train loss: 1.6861e-05, valid loss: 1.3435e-05 , test loss: 2.9153e-04
>> epoch [  36/3000], runtime: 5.56s, train loss: 1.3660e-05, valid loss: 1.0542e-05 , test loss: 2.3360e-04
>> epoch [  37/3000], runtime:  5.78s, train loss: 1.2887e-05 (best: 1.3660e-05/1.0542e-05)
>> epoch [  38/3000], runtime:  5.20s, train loss: 1.8576e-05 (best: 1.3660e-05/1.0542e-05)
>> epoch [  39/3000], runtime:  5.14s, train loss: 1.7678e-05 (best: 1.3660e-05/1.0542e-05)
>> epoch [  40/3000], runtime:  5.06s, train loss: 1.4560e-05 (best: 1.3660e-05/1.0542e-05)
>> epoch [  41/3000], runtime:  5.57s, train loss: 1.2591e-05 (best: 1.3660e-05/1.0542e-05)
>> epoch [  42/3000], runtime:  5.59s, train loss: 1.6371e-05 (best: 1.3660e-05/1.0542e-05)
>> epoch [  43/3000], runtime:  5.63s, train loss: 1.5940e-05 (best: 1.3660e-05/1.0542e-05)
>> epoch [  44/3000], runtime: 5.23s, train loss: 1.2452e-05, valid loss: 9.1430e-06 , test loss: 2.9813e-04
>> epoch [  45/3000], runtime:  5.51s, train loss: 1.8815e-05 (best: 1.2452e-05/9.1430e-06)
>> epoch [  46/3000], runtime:  5.44s, train loss: 1.2686e-05 (best: 1.2452e-05/9.1430e-06)
>> epoch [  47/3000], runtime:  5.64s, train loss: 1.0432e-05 (best: 1.2452e-05/9.1430e-06)
>> epoch [  48/3000], runtime:  5.33s, train loss: 1.7581e-05 (best: 1.2452e-05/9.1430e-06)
>> epoch [  49/3000], runtime:  5.40s, train loss: 9.5850e-06 (best: 1.2452e-05/9.1430e-06)
>> epoch [  50/3000], runtime:  5.15s, train loss: 1.2396e-05 (best: 1.2452e-05/9.1430e-06)
>> epoch [  51/3000], runtime:  5.77s, train loss: 1.2973e-05 (best: 1.2452e-05/9.1430e-06)
>> epoch [  52/3000], runtime:  5.76s, train loss: 1.7053e-05 (best: 1.2452e-05/9.1430e-06)
>> epoch [  53/3000], runtime:  5.52s, train loss: 1.8321e-05 (best: 1.2452e-05/9.1430e-06)
>> epoch [  54/3000], runtime:  5.67s, train loss: 1.1247e-05 (best: 1.2452e-05/9.1430e-06)
>> epoch [  55/3000], runtime: 5.31s, train loss: 9.8670e-06, valid loss: 7.7615e-06 , test loss: 1.4043e-04
>> epoch [  56/3000], runtime:  5.64s, train loss: 6.8763e-06 (best: 9.8670e-06/7.7615e-06)
>> epoch [  57/3000], runtime:  5.47s, train loss: 1.1397e-05 (best: 9.8670e-06/7.7615e-06)
>> epoch [  58/3000], runtime:  5.35s, train loss: 1.1346e-05 (best: 9.8670e-06/7.7615e-06)
>> epoch [  59/3000], runtime:  5.59s, train loss: 1.1465e-05 (best: 9.8670e-06/7.7615e-06)
>> epoch [  60/3000], runtime:  5.45s, train loss: 1.0008e-05 (best: 9.8670e-06/7.7615e-06)
>> epoch [  61/3000], runtime: 5.78s, train loss: 9.5407e-06, valid loss: 7.3854e-06 , test loss: 1.6813e-04
>> epoch [  62/3000], runtime:  5.78s, train loss: 1.0996e-05 (best: 9.5407e-06/7.3854e-06)
>> epoch [  63/3000], runtime:  5.62s, train loss: 9.9755e-06 (best: 9.5407e-06/7.3854e-06)
>> epoch [  64/3000], runtime:  5.60s, train loss: 8.9746e-06 (best: 9.5407e-06/7.3854e-06)
>> epoch [  65/3000], runtime:  5.65s, train loss: 1.3926e-05 (best: 9.5407e-06/7.3854e-06)
>> epoch [  66/3000], runtime: 5.55s, train loss: 8.1185e-06, valid loss: 5.7804e-06 , test loss: 1.4975e-04
>> epoch [  67/3000], runtime:  5.51s, train loss: 7.6658e-06 (best: 8.1185e-06/5.7804e-06)
>> epoch [  68/3000], runtime:  5.76s, train loss: 9.3863e-06 (best: 8.1185e-06/5.7804e-06)
>> epoch [  69/3000], runtime:  5.48s, train loss: 1.4618e-05 (best: 8.1185e-06/5.7804e-06)
>> epoch [  70/3000], runtime:  5.77s, train loss: 1.2211e-05 (best: 8.1185e-06/5.7804e-06)
>> epoch [  71/3000], runtime:  5.08s, train loss: 9.1309e-06 (best: 8.1185e-06/5.7804e-06)
>> epoch [  72/3000], runtime:  5.50s, train loss: 7.8240e-06 (best: 8.1185e-06/5.7804e-06)
>> epoch [  73/3000], runtime:  5.75s, train loss: 8.2378e-06 (best: 8.1185e-06/5.7804e-06)
>> epoch [  74/3000], runtime:  5.50s, train loss: 9.5294e-06 (best: 8.1185e-06/5.7804e-06)
>> epoch [  75/3000], runtime:  5.75s, train loss: 1.1467e-05 (best: 8.1185e-06/5.7804e-06)
>> epoch [  76/3000], runtime:  5.75s, train loss: 1.0312e-05 (best: 8.1185e-06/5.7804e-06)
>> epoch [  77/3000], runtime:  5.77s, train loss: 1.6901e-05 (best: 8.1185e-06/5.7804e-06)
>> epoch [  78/3000], runtime:  5.79s, train loss: 1.5528e-05 (best: 8.1185e-06/5.7804e-06)
>> epoch [  79/3000], runtime:  5.77s, train loss: 9.4459e-06 (best: 8.1185e-06/5.7804e-06)
>> epoch [  80/3000], runtime:  5.75s, train loss: 9.6518e-06 (best: 8.1185e-06/5.7804e-06)
>> epoch [  81/3000], runtime:  5.75s, train loss: 9.7885e-06 (best: 8.1185e-06/5.7804e-06)
>> epoch [  82/3000], runtime:  5.76s, train loss: 8.3130e-06 (best: 8.1185e-06/5.7804e-06)
>> epoch [  83/3000], runtime:  5.41s, train loss: 9.9650e-06 (best: 8.1185e-06/5.7804e-06)
>> epoch [  84/3000], runtime:  5.21s, train loss: 1.1492e-05 (best: 8.1185e-06/5.7804e-06)
>> epoch [  85/3000], runtime:  5.77s, train loss: 1.0203e-05 (best: 8.1185e-06/5.7804e-06)
>> epoch [  86/3000], runtime:  5.76s, train loss: 9.7360e-06 (best: 8.1185e-06/5.7804e-06)
>> epoch [  87/3000], runtime:  5.71s, train loss: 9.0683e-06 (best: 8.1185e-06/5.7804e-06)
>> epoch [  88/3000], runtime:  5.51s, train loss: 7.3494e-06 (best: 8.1185e-06/5.7804e-06)
>> epoch [  89/3000], runtime:  5.78s, train loss: 6.4804e-06 (best: 8.1185e-06/5.7804e-06)
>> epoch [  90/3000], runtime:  5.77s, train loss: 6.9722e-06 (best: 8.1185e-06/5.7804e-06)
>> epoch [  91/3000], runtime:  5.76s, train loss: 8.0192e-06 (best: 8.1185e-06/5.7804e-06)
>> epoch [  92/3000], runtime:  5.39s, train loss: 7.3704e-06 (best: 8.1185e-06/5.7804e-06)
>> epoch [  93/3000], runtime:  5.46s, train loss: 6.7800e-06 (best: 8.1185e-06/5.7804e-06)
>> epoch [  94/3000], runtime:  5.75s, train loss: 8.9751e-06 (best: 8.1185e-06/5.7804e-06)
>> epoch [  95/3000], runtime:  5.80s, train loss: 1.0948e-05 (best: 8.1185e-06/5.7804e-06)
>> epoch [  96/3000], runtime:  5.75s, train loss: 6.8671e-06 (best: 8.1185e-06/5.7804e-06)
>> epoch [  97/3000], runtime:  5.75s, train loss: 8.7528e-06 (best: 8.1185e-06/5.7804e-06)
>> epoch [  98/3000], runtime:  5.76s, train loss: 7.2217e-06 (best: 8.1185e-06/5.7804e-06)
>> epoch [  99/3000], runtime:  5.22s, train loss: 7.2893e-06 (best: 8.1185e-06/5.7804e-06)
>> epoch [ 100/3000], runtime:  4.65s, train loss: 7.4001e-06 (best: 8.1185e-06/5.7804e-06)
>> epoch [ 101/3000], runtime:  5.26s, train loss: 8.3533e-06 (best: 8.1185e-06/5.7804e-06)
>> epoch [ 102/3000], runtime:  4.94s, train loss: 6.9330e-06 (best: 8.1185e-06/5.7804e-06)
>> epoch [ 103/3000], runtime:  5.23s, train loss: 7.4357e-06 (best: 8.1185e-06/5.7804e-06)
>> epoch [ 104/3000], runtime: 4.87s, train loss: 5.8981e-06, valid loss: 4.7847e-06 , test loss: 1.1906e-04
>> epoch [ 105/3000], runtime:  4.92s, train loss: 7.6557e-06 (best: 5.8981e-06/4.7847e-06)
>> epoch [ 106/3000], runtime:  4.98s, train loss: 1.0061e-05 (best: 5.8981e-06/4.7847e-06)
>> epoch [ 107/3000], runtime:  5.24s, train loss: 9.8034e-06 (best: 5.8981e-06/4.7847e-06)
>> epoch [ 108/3000], runtime:  5.16s, train loss: 6.7360e-06 (best: 5.8981e-06/4.7847e-06)
>> epoch [ 109/3000], runtime:  4.96s, train loss: 6.4963e-06 (best: 5.8981e-06/4.7847e-06)
>> epoch [ 110/3000], runtime:  5.12s, train loss: 7.1652e-06 (best: 5.8981e-06/4.7847e-06)
>> epoch [ 111/3000], runtime:  4.66s, train loss: 7.6275e-06 (best: 5.8981e-06/4.7847e-06)
>> epoch [ 112/3000], runtime:  5.14s, train loss: 9.4127e-06 (best: 5.8981e-06/4.7847e-06)
>> epoch [ 113/3000], runtime:  5.03s, train loss: 7.4370e-06 (best: 5.8981e-06/4.7847e-06)
>> epoch [ 114/3000], runtime:  5.23s, train loss: 6.7542e-06 (best: 5.8981e-06/4.7847e-06)
>> epoch [ 115/3000], runtime:  5.23s, train loss: 6.4296e-06 (best: 5.8981e-06/4.7847e-06)
>> epoch [ 116/3000], runtime:  5.25s, train loss: 7.1624e-06 (best: 5.8981e-06/4.7847e-06)
>> epoch [ 117/3000], runtime:  5.24s, train loss: 6.2768e-06 (best: 5.8981e-06/4.7847e-06)
>> epoch [ 118/3000], runtime:  5.24s, train loss: 6.5866e-06 (best: 5.8981e-06/4.7847e-06)
>> epoch [ 119/3000], runtime:  5.24s, train loss: 6.2826e-06 (best: 5.8981e-06/4.7847e-06)
>> epoch [ 120/3000], runtime:  4.70s, train loss: 6.2667e-06 (best: 5.8981e-06/4.7847e-06)
>> epoch [ 121/3000], runtime:  5.12s, train loss: 7.6047e-06 (best: 5.8981e-06/4.7847e-06)
>> epoch [ 122/3000], runtime:  4.70s, train loss: 7.0737e-06 (best: 5.8981e-06/4.7847e-06)
>> epoch [ 123/3000], runtime:  5.12s, train loss: 5.9404e-06 (best: 5.8981e-06/4.7847e-06)
>> epoch [ 124/3000], runtime:  4.59s, train loss: 6.3419e-06 (best: 5.8981e-06/4.7847e-06)
>> epoch [ 125/3000], runtime:  5.15s, train loss: 9.0716e-06 (best: 5.8981e-06/4.7847e-06)
>> epoch [ 126/3000], runtime:  4.97s, train loss: 6.8427e-06 (best: 5.8981e-06/4.7847e-06)
>> epoch [ 127/3000], runtime: 5.15s, train loss: 5.6559e-06, valid loss: 4.7370e-06 , test loss: 1.1819e-04
>> epoch [ 128/3000], runtime:  5.24s, train loss: 6.4776e-06 (best: 5.6559e-06/4.7370e-06)
>> epoch [ 129/3000], runtime:  5.25s, train loss: 7.1863e-06 (best: 5.6559e-06/4.7370e-06)
>> epoch [ 130/3000], runtime:  5.22s, train loss: 5.9996e-06 (best: 5.6559e-06/4.7370e-06)
>> epoch [ 131/3000], runtime:  5.01s, train loss: 6.1257e-06 (best: 5.6559e-06/4.7370e-06)
>> epoch [ 132/3000], runtime:  4.79s, train loss: 6.0303e-06 (best: 5.6559e-06/4.7370e-06)
>> epoch [ 133/3000], runtime:  5.13s, train loss: 6.5231e-06 (best: 5.6559e-06/4.7370e-06)
>> epoch [ 134/3000], runtime:  5.02s, train loss: 6.3165e-06 (best: 5.6559e-06/4.7370e-06)
>> epoch [ 135/3000], runtime:  5.06s, train loss: 6.4249e-06 (best: 5.6559e-06/4.7370e-06)
>> epoch [ 136/3000], runtime:  4.76s, train loss: 6.1539e-06 (best: 5.6559e-06/4.7370e-06)
>> epoch [ 137/3000], runtime:  4.66s, train loss: 9.2777e-06 (best: 5.6559e-06/4.7370e-06)
>> epoch [ 138/3000], runtime:  4.94s, train loss: 8.0364e-06 (best: 5.6559e-06/4.7370e-06)
>> epoch [ 139/3000], runtime:  4.72s, train loss: 5.9957e-06 (best: 5.6559e-06/4.7370e-06)
>> epoch [ 140/3000], runtime:  5.11s, train loss: 5.8329e-06 (best: 5.6559e-06/4.7370e-06)
>> epoch [ 141/3000], runtime:  4.72s, train loss: 5.8699e-06 (best: 5.6559e-06/4.7370e-06)
>> epoch [ 142/3000], runtime:  5.24s, train loss: 5.7676e-06 (best: 5.6559e-06/4.7370e-06)
>> epoch [ 143/3000], runtime:  5.25s, train loss: 6.2506e-06 (best: 5.6559e-06/4.7370e-06)
>> epoch [ 144/3000], runtime:  5.25s, train loss: 8.3567e-06 (best: 5.6559e-06/4.7370e-06)
>> epoch [ 145/3000], runtime:  5.24s, train loss: 6.2000e-06 (best: 5.6559e-06/4.7370e-06)
>> epoch [ 146/3000], runtime:  4.88s, train loss: 7.4961e-06 (best: 5.6559e-06/4.7370e-06)
>> epoch [ 147/3000], runtime:  5.24s, train loss: 7.5637e-06 (best: 5.6559e-06/4.7370e-06)
>> epoch [ 148/3000], runtime:  5.23s, train loss: 6.9858e-06 (best: 5.6559e-06/4.7370e-06)
>> epoch [ 149/3000], runtime:  4.88s, train loss: 7.2081e-06 (best: 5.6559e-06/4.7370e-06)
>> epoch [ 150/3000], runtime:  5.06s, train loss: 6.5532e-06 (best: 5.6559e-06/4.7370e-06)
>> epoch [ 151/3000], runtime:  4.92s, train loss: 6.1501e-06 (best: 5.6559e-06/4.7370e-06)
>> epoch [ 152/3000], runtime:  5.18s, train loss: 6.8351e-06 (best: 5.6559e-06/4.7370e-06)
>> epoch [ 153/3000], runtime:  5.23s, train loss: 5.9611e-06 (best: 5.6559e-06/4.7370e-06)
>> epoch [ 154/3000], runtime:  4.96s, train loss: 6.5906e-06 (best: 5.6559e-06/4.7370e-06)
>> epoch [ 155/3000], runtime:  5.15s, train loss: 5.8674e-06 (best: 5.6559e-06/4.7370e-06)
>> epoch [ 156/3000], runtime:  5.24s, train loss: 5.8780e-06 (best: 5.6559e-06/4.7370e-06)
>> epoch [ 157/3000], runtime:  4.86s, train loss: 6.7179e-06 (best: 5.6559e-06/4.7370e-06)
>> epoch [ 158/3000], runtime:  4.76s, train loss: 5.9606e-06 (best: 5.6559e-06/4.7370e-06)
>> epoch [ 159/3000], runtime:  4.95s, train loss: 6.7046e-06 (best: 5.6559e-06/4.7370e-06)
>> epoch [ 160/3000], runtime:  5.18s, train loss: 6.9811e-06 (best: 5.6559e-06/4.7370e-06)
>> epoch [ 161/3000], runtime:  5.26s, train loss: 5.5468e-06 (best: 5.6559e-06/4.7370e-06)
>> epoch [ 162/3000], runtime:  5.08s, train loss: 6.2590e-06 (best: 5.6559e-06/4.7370e-06)
>> epoch [ 163/3000], runtime:  4.98s, train loss: 7.7840e-06 (best: 5.6559e-06/4.7370e-06)
>> epoch [ 164/3000], runtime:  5.14s, train loss: 6.1980e-06 (best: 5.6559e-06/4.7370e-06)
>> epoch [ 165/3000], runtime:  5.10s, train loss: 5.7866e-06 (best: 5.6559e-06/4.7370e-06)
>> epoch [ 166/3000], runtime: 5.05s, train loss: 5.1485e-06, valid loss: 4.6268e-06 , test loss: 1.3835e-04
>> epoch [ 167/3000], runtime:  4.97s, train loss: 5.5550e-06 (best: 5.1485e-06/4.6268e-06)
>> epoch [ 168/3000], runtime:  4.85s, train loss: 5.5419e-06 (best: 5.1485e-06/4.6268e-06)
>> epoch [ 169/3000], runtime:  5.13s, train loss: 6.0389e-06 (best: 5.1485e-06/4.6268e-06)
>> epoch [ 170/3000], runtime:  5.21s, train loss: 5.6028e-06 (best: 5.1485e-06/4.6268e-06)
>> epoch [ 171/3000], runtime:  4.90s, train loss: 6.0183e-06 (best: 5.1485e-06/4.6268e-06)
>> epoch [ 172/3000], runtime:  4.94s, train loss: 5.5562e-06 (best: 5.1485e-06/4.6268e-06)
>> epoch [ 173/3000], runtime:  5.24s, train loss: 7.3083e-06 (best: 5.1485e-06/4.6268e-06)
>> epoch [ 174/3000], runtime:  5.23s, train loss: 6.4445e-06 (best: 5.1485e-06/4.6268e-06)
>> epoch [ 175/3000], runtime:  4.90s, train loss: 5.4366e-06 (best: 5.1485e-06/4.6268e-06)
>> epoch [ 176/3000], runtime:  4.90s, train loss: 5.5880e-06 (best: 5.1485e-06/4.6268e-06)
>> epoch [ 177/3000], runtime:  5.24s, train loss: 5.2317e-06 (best: 5.1485e-06/4.6268e-06)
>> epoch [ 178/3000], runtime:  5.25s, train loss: 5.2062e-06 (best: 5.1485e-06/4.6268e-06)
>> epoch [ 179/3000], runtime:  4.76s, train loss: 5.2462e-06 (best: 5.1485e-06/4.6268e-06)
>> epoch [ 180/3000], runtime:  4.84s, train loss: 5.1967e-06 (best: 5.1485e-06/4.6268e-06)
>> epoch [ 181/3000], runtime:  4.92s, train loss: 5.9079e-06 (best: 5.1485e-06/4.6268e-06)
>> epoch [ 182/3000], runtime:  4.95s, train loss: 5.5031e-06 (best: 5.1485e-06/4.6268e-06)
>> epoch [ 183/3000], runtime:  4.82s, train loss: 5.4162e-06 (best: 5.1485e-06/4.6268e-06)
>> epoch [ 184/3000], runtime:  5.23s, train loss: 5.6751e-06 (best: 5.1485e-06/4.6268e-06)
>> epoch [ 185/3000], runtime:  4.68s, train loss: 5.1029e-06 (best: 5.1485e-06/4.6268e-06)
>> epoch [ 186/3000], runtime:  5.24s, train loss: 5.1963e-06 (best: 5.1485e-06/4.6268e-06)
>> epoch [ 187/3000], runtime:  5.24s, train loss: 5.4037e-06 (best: 5.1485e-06/4.6268e-06)
>> epoch [ 188/3000], runtime:  5.24s, train loss: 6.5180e-06 (best: 5.1485e-06/4.6268e-06)
>> epoch [ 189/3000], runtime:  4.64s, train loss: 5.5552e-06 (best: 5.1485e-06/4.6268e-06)
>> epoch [ 190/3000], runtime:  4.86s, train loss: 5.4342e-06 (best: 5.1485e-06/4.6268e-06)
>> epoch [ 191/3000], runtime:  4.55s, train loss: 5.5459e-06 (best: 5.1485e-06/4.6268e-06)
>> epoch [ 192/3000], runtime:  5.19s, train loss: 5.0263e-06 (best: 5.1485e-06/4.6268e-06)
>> epoch [ 193/3000], runtime:  5.17s, train loss: 5.4901e-06 (best: 5.1485e-06/4.6268e-06)
>> epoch [ 194/3000], runtime:  5.23s, train loss: 5.3242e-06 (best: 5.1485e-06/4.6268e-06)
>> epoch [ 195/3000], runtime:  5.24s, train loss: 5.7783e-06 (best: 5.1485e-06/4.6268e-06)
>> epoch [ 196/3000], runtime:  5.00s, train loss: 5.5113e-06 (best: 5.1485e-06/4.6268e-06)
>> epoch [ 197/3000], runtime:  5.11s, train loss: 5.1895e-06 (best: 5.1485e-06/4.6268e-06)
>> epoch [ 198/3000], runtime:  4.99s, train loss: 5.1432e-06 (best: 5.1485e-06/4.6268e-06)
>> epoch [ 199/3000], runtime:  5.24s, train loss: 5.6451e-06 (best: 5.1485e-06/4.6268e-06)
>> epoch [ 200/3000], runtime:  5.18s, train loss: 5.8044e-06 (best: 5.1485e-06/4.6268e-06)
>> epoch [ 201/3000], runtime:  4.72s, train loss: 6.7137e-06 (best: 5.1485e-06/4.6268e-06)
>> epoch [ 202/3000], runtime:  4.94s, train loss: 5.3749e-06 (best: 5.1485e-06/4.6268e-06)
>> epoch [ 203/3000], runtime:  4.91s, train loss: 5.0236e-06 (best: 5.1485e-06/4.6268e-06)
>> epoch [ 204/3000], runtime:  5.26s, train loss: 5.2712e-06 (best: 5.1485e-06/4.6268e-06)
>> epoch [ 205/3000], runtime: 4.87s, train loss: 4.9199e-06, valid loss: 4.4210e-06 , test loss: 1.1918e-04
>> epoch [ 206/3000], runtime:  5.23s, train loss: 4.9738e-06 (best: 4.9199e-06/4.4210e-06)
>> epoch [ 207/3000], runtime:  4.94s, train loss: 5.3427e-06 (best: 4.9199e-06/4.4210e-06)
>> epoch [ 208/3000], runtime:  4.94s, train loss: 5.4394e-06 (best: 4.9199e-06/4.4210e-06)
>> epoch [ 209/3000], runtime:  4.82s, train loss: 5.4871e-06 (best: 4.9199e-06/4.4210e-06)
>> epoch [ 210/3000], runtime:  5.20s, train loss: 5.3439e-06 (best: 4.9199e-06/4.4210e-06)
>> epoch [ 211/3000], runtime:  4.64s, train loss: 5.4931e-06 (best: 4.9199e-06/4.4210e-06)
>> epoch [ 212/3000], runtime:  5.01s, train loss: 5.0430e-06 (best: 4.9199e-06/4.4210e-06)
>> epoch [ 213/3000], runtime:  4.97s, train loss: 5.1580e-06 (best: 4.9199e-06/4.4210e-06)
>> epoch [ 214/3000], runtime:  5.16s, train loss: 5.3737e-06 (best: 4.9199e-06/4.4210e-06)
>> epoch [ 215/3000], runtime:  4.96s, train loss: 5.6110e-06 (best: 4.9199e-06/4.4210e-06)
>> epoch [ 216/3000], runtime:  5.18s, train loss: 4.9701e-06 (best: 4.9199e-06/4.4210e-06)
>> epoch [ 217/3000], runtime:  4.96s, train loss: 5.3315e-06 (best: 4.9199e-06/4.4210e-06)
>> epoch [ 218/3000], runtime:  5.19s, train loss: 4.7987e-06 (best: 4.9199e-06/4.4210e-06)
>> epoch [ 219/3000], runtime:  5.24s, train loss: 5.1768e-06 (best: 4.9199e-06/4.4210e-06)
>> epoch [ 220/3000], runtime:  5.05s, train loss: 4.8291e-06 (best: 4.9199e-06/4.4210e-06)
>> epoch [ 221/3000], runtime:  4.84s, train loss: 4.9662e-06 (best: 4.9199e-06/4.4210e-06)
>> epoch [ 222/3000], runtime:  4.78s, train loss: 5.5268e-06 (best: 4.9199e-06/4.4210e-06)
>> epoch [ 223/3000], runtime:  5.07s, train loss: 5.1645e-06 (best: 4.9199e-06/4.4210e-06)
>> epoch [ 224/3000], runtime:  5.05s, train loss: 5.1770e-06 (best: 4.9199e-06/4.4210e-06)
>> epoch [ 225/3000], runtime:  5.24s, train loss: 5.2185e-06 (best: 4.9199e-06/4.4210e-06)
>> epoch [ 226/3000], runtime:  5.25s, train loss: 5.2843e-06 (best: 4.9199e-06/4.4210e-06)
>> epoch [ 227/3000], runtime:  5.24s, train loss: 5.0185e-06 (best: 4.9199e-06/4.4210e-06)
>> epoch [ 228/3000], runtime:  5.26s, train loss: 5.0493e-06 (best: 4.9199e-06/4.4210e-06)
>> epoch [ 229/3000], runtime:  5.22s, train loss: 5.6237e-06 (best: 4.9199e-06/4.4210e-06)
>> epoch [ 230/3000], runtime:  4.91s, train loss: 5.0311e-06 (best: 4.9199e-06/4.4210e-06)
>> epoch [ 231/3000], runtime:  4.90s, train loss: 4.8132e-06 (best: 4.9199e-06/4.4210e-06)
>> epoch [ 232/3000], runtime:  4.69s, train loss: 4.8858e-06 (best: 4.9199e-06/4.4210e-06)
>> epoch [ 233/3000], runtime:  5.20s, train loss: 5.0066e-06 (best: 4.9199e-06/4.4210e-06)
>> epoch [ 234/3000], runtime:  4.92s, train loss: 5.1173e-06 (best: 4.9199e-06/4.4210e-06)
>> epoch [ 235/3000], runtime:  5.24s, train loss: 4.8220e-06 (best: 4.9199e-06/4.4210e-06)
>> epoch [ 236/3000], runtime:  5.26s, train loss: 5.0595e-06 (best: 4.9199e-06/4.4210e-06)
>> epoch [ 237/3000], runtime:  5.25s, train loss: 5.2798e-06 (best: 4.9199e-06/4.4210e-06)
>> epoch [ 238/3000], runtime:  5.23s, train loss: 4.9894e-06 (best: 4.9199e-06/4.4210e-06)
>> epoch [ 239/3000], runtime:  5.08s, train loss: 5.0472e-06 (best: 4.9199e-06/4.4210e-06)
>> epoch [ 240/3000], runtime:  5.03s, train loss: 4.9560e-06 (best: 4.9199e-06/4.4210e-06)
>> epoch [ 241/3000], runtime:  5.09s, train loss: 5.6016e-06 (best: 4.9199e-06/4.4210e-06)
>> epoch [ 242/3000], runtime:  4.93s, train loss: 4.9949e-06 (best: 4.9199e-06/4.4210e-06)
>> epoch [ 243/3000], runtime:  4.71s, train loss: 5.1380e-06 (best: 4.9199e-06/4.4210e-06)
>> epoch [ 244/3000], runtime:  5.10s, train loss: 4.8842e-06 (best: 4.9199e-06/4.4210e-06)
>> epoch [ 245/3000], runtime:  4.87s, train loss: 4.9852e-06 (best: 4.9199e-06/4.4210e-06)
>> epoch [ 246/3000], runtime:  4.95s, train loss: 5.1451e-06 (best: 4.9199e-06/4.4210e-06)
>> epoch [ 247/3000], runtime: 4.81s, train loss: 4.8560e-06, valid loss: 4.3081e-06 , test loss: 1.1500e-04
>> epoch [ 248/3000], runtime:  5.24s, train loss: 5.0709e-06 (best: 4.8560e-06/4.3081e-06)
>> epoch [ 249/3000], runtime: 5.26s, train loss: 4.8424e-06, valid loss: 4.3039e-06 , test loss: 1.1912e-04
>> epoch [ 250/3000], runtime:  4.88s, train loss: 5.0670e-06 (best: 4.8424e-06/4.3039e-06)
>> epoch [ 251/3000], runtime:  5.22s, train loss: 5.1398e-06 (best: 4.8424e-06/4.3039e-06)
>> epoch [ 252/3000], runtime:  4.86s, train loss: 4.8096e-06 (best: 4.8424e-06/4.3039e-06)
>> epoch [ 253/3000], runtime:  4.94s, train loss: 5.4071e-06 (best: 4.8424e-06/4.3039e-06)
>> epoch [ 254/3000], runtime:  5.19s, train loss: 4.9190e-06 (best: 4.8424e-06/4.3039e-06)
>> epoch [ 255/3000], runtime:  4.93s, train loss: 5.0256e-06 (best: 4.8424e-06/4.3039e-06)
>> epoch [ 256/3000], runtime:  5.22s, train loss: 4.9135e-06 (best: 4.8424e-06/4.3039e-06)
>> epoch [ 257/3000], runtime:  5.24s, train loss: 4.9411e-06 (best: 4.8424e-06/4.3039e-06)
>> epoch [ 258/3000], runtime:  4.93s, train loss: 4.7195e-06 (best: 4.8424e-06/4.3039e-06)
>> epoch [ 259/3000], runtime:  5.02s, train loss: 4.9334e-06 (best: 4.8424e-06/4.3039e-06)
>> epoch [ 260/3000], runtime:  4.91s, train loss: 4.6587e-06 (best: 4.8424e-06/4.3039e-06)
>> epoch [ 261/3000], runtime:  4.90s, train loss: 4.9810e-06 (best: 4.8424e-06/4.3039e-06)
>> epoch [ 262/3000], runtime:  4.71s, train loss: 4.5536e-06 (best: 4.8424e-06/4.3039e-06)
>> epoch [ 263/3000], runtime:  4.94s, train loss: 5.0168e-06 (best: 4.8424e-06/4.3039e-06)
>> epoch [ 264/3000], runtime:  5.24s, train loss: 4.8734e-06 (best: 4.8424e-06/4.3039e-06)
>> epoch [ 265/3000], runtime:  5.25s, train loss: 5.1259e-06 (best: 4.8424e-06/4.3039e-06)
>> epoch [ 266/3000], runtime:  5.24s, train loss: 4.9314e-06 (best: 4.8424e-06/4.3039e-06)
>> epoch [ 267/3000], runtime:  5.11s, train loss: 4.8559e-06 (best: 4.8424e-06/4.3039e-06)
>> epoch [ 268/3000], runtime: 4.99s, train loss: 4.7768e-06, valid loss: 4.2914e-06 , test loss: 1.2209e-04
>> epoch [ 269/3000], runtime:  4.79s, train loss: 6.0011e-06 (best: 4.7768e-06/4.2914e-06)
>> epoch [ 270/3000], runtime:  5.17s, train loss: 5.4704e-06 (best: 4.7768e-06/4.2914e-06)
>> epoch [ 271/3000], runtime:  5.08s, train loss: 5.4339e-06 (best: 4.7768e-06/4.2914e-06)
>> epoch [ 272/3000], runtime:  4.82s, train loss: 5.4263e-06 (best: 4.7768e-06/4.2914e-06)
>> epoch [ 273/3000], runtime:  4.91s, train loss: 4.8380e-06 (best: 4.7768e-06/4.2914e-06)
>> epoch [ 274/3000], runtime:  5.24s, train loss: 4.9135e-06 (best: 4.7768e-06/4.2914e-06)
>> epoch [ 275/3000], runtime:  4.89s, train loss: 4.9110e-06 (best: 4.7768e-06/4.2914e-06)
>> epoch [ 276/3000], runtime:  5.11s, train loss: 4.6142e-06 (best: 4.7768e-06/4.2914e-06)
>> epoch [ 277/3000], runtime:  5.23s, train loss: 4.9800e-06 (best: 4.7768e-06/4.2914e-06)
>> epoch [ 278/3000], runtime:  5.26s, train loss: 4.7937e-06 (best: 4.7768e-06/4.2914e-06)
>> epoch [ 279/3000], runtime:  5.21s, train loss: 5.0142e-06 (best: 4.7768e-06/4.2914e-06)
>> epoch [ 280/3000], runtime: 4.84s, train loss: 4.6886e-06, valid loss: 4.2832e-06 , test loss: 1.1281e-04
>> epoch [ 281/3000], runtime:  4.79s, train loss: 4.6989e-06 (best: 4.6886e-06/4.2832e-06)
>> epoch [ 282/3000], runtime:  4.84s, train loss: 4.9031e-06 (best: 4.6886e-06/4.2832e-06)
>> epoch [ 283/3000], runtime:  5.14s, train loss: 4.8608e-06 (best: 4.6886e-06/4.2832e-06)
>> epoch [ 284/3000], runtime:  5.24s, train loss: 4.5956e-06 (best: 4.6886e-06/4.2832e-06)
>> epoch [ 285/3000], runtime:  5.24s, train loss: 4.7328e-06 (best: 4.6886e-06/4.2832e-06)
>> epoch [ 286/3000], runtime:  5.25s, train loss: 4.9914e-06 (best: 4.6886e-06/4.2832e-06)
>> epoch [ 287/3000], runtime:  5.25s, train loss: 4.7885e-06 (best: 4.6886e-06/4.2832e-06)
>> epoch [ 288/3000], runtime: 5.24s, train loss: 4.6520e-06, valid loss: 4.1573e-06 , test loss: 1.1677e-04
>> epoch [ 289/3000], runtime:  4.95s, train loss: 5.2421e-06 (best: 4.6520e-06/4.1573e-06)
>> epoch [ 290/3000], runtime:  4.99s, train loss: 4.8265e-06 (best: 4.6520e-06/4.1573e-06)
>> epoch [ 291/3000], runtime:  5.22s, train loss: 4.6918e-06 (best: 4.6520e-06/4.1573e-06)
>> epoch [ 292/3000], runtime:  4.90s, train loss: 4.8417e-06 (best: 4.6520e-06/4.1573e-06)
>> epoch [ 293/3000], runtime:  5.01s, train loss: 4.6102e-06 (best: 4.6520e-06/4.1573e-06)
>> epoch [ 294/3000], runtime:  5.24s, train loss: 4.8133e-06 (best: 4.6520e-06/4.1573e-06)
>> epoch [ 295/3000], runtime:  5.24s, train loss: 4.6089e-06 (best: 4.6520e-06/4.1573e-06)
>> epoch [ 296/3000], runtime:  5.25s, train loss: 4.9769e-06 (best: 4.6520e-06/4.1573e-06)
>> epoch [ 297/3000], runtime:  5.25s, train loss: 5.0920e-06 (best: 4.6520e-06/4.1573e-06)
>> epoch [ 298/3000], runtime:  5.24s, train loss: 5.3409e-06 (best: 4.6520e-06/4.1573e-06)
>> epoch [ 299/3000], runtime:  5.05s, train loss: 4.7878e-06 (best: 4.6520e-06/4.1573e-06)
>> epoch [ 300/3000], runtime:  4.61s, train loss: 4.9301e-06 (best: 4.6520e-06/4.1573e-06)
>> epoch [ 301/3000], runtime:  5.26s, train loss: 4.7543e-06 (best: 4.6520e-06/4.1573e-06)
>> epoch [ 302/3000], runtime:  4.98s, train loss: 4.6623e-06 (best: 4.6520e-06/4.1573e-06)
>> epoch [ 303/3000], runtime:  4.94s, train loss: 4.5104e-06 (best: 4.6520e-06/4.1573e-06)
>> epoch [ 304/3000], runtime:  5.24s, train loss: 4.6608e-06 (best: 4.6520e-06/4.1573e-06)
>> epoch [ 305/3000], runtime:  5.04s, train loss: 4.6258e-06 (best: 4.6520e-06/4.1573e-06)
>> epoch [ 306/3000], runtime:  5.07s, train loss: 4.7951e-06 (best: 4.6520e-06/4.1573e-06)
>> epoch [ 307/3000], runtime:  5.08s, train loss: 4.7027e-06 (best: 4.6520e-06/4.1573e-06)
>> epoch [ 308/3000], runtime:  5.05s, train loss: 4.6533e-06 (best: 4.6520e-06/4.1573e-06)
>> epoch [ 309/3000], runtime:  4.98s, train loss: 4.7992e-06 (best: 4.6520e-06/4.1573e-06)
>> epoch [ 310/3000], runtime:  4.77s, train loss: 4.6915e-06 (best: 4.6520e-06/4.1573e-06)
>> epoch [ 311/3000], runtime:  4.97s, train loss: 4.6888e-06 (best: 4.6520e-06/4.1573e-06)
>> epoch [ 312/3000], runtime:  5.06s, train loss: 4.6184e-06 (best: 4.6520e-06/4.1573e-06)
>> epoch [ 313/3000], runtime:  5.21s, train loss: 4.6503e-06 (best: 4.6520e-06/4.1573e-06)
>> epoch [ 314/3000], runtime:  5.24s, train loss: 4.9777e-06 (best: 4.6520e-06/4.1573e-06)
>> epoch [ 315/3000], runtime:  5.23s, train loss: 4.9084e-06 (best: 4.6520e-06/4.1573e-06)
>> epoch [ 316/3000], runtime:  5.23s, train loss: 4.5740e-06 (best: 4.6520e-06/4.1573e-06)
>> epoch [ 317/3000], runtime:  5.12s, train loss: 4.5200e-06 (best: 4.6520e-06/4.1573e-06)
>> epoch [ 318/3000], runtime:  4.95s, train loss: 4.9092e-06 (best: 4.6520e-06/4.1573e-06)
>> epoch [ 319/3000], runtime:  4.99s, train loss: 4.9903e-06 (best: 4.6520e-06/4.1573e-06)
>> epoch [ 320/3000], runtime:  5.13s, train loss: 4.6072e-06 (best: 4.6520e-06/4.1573e-06)
>> epoch [ 321/3000], runtime: 4.60s, train loss: 4.5198e-06, valid loss: 4.1354e-06 , test loss: 1.1698e-04
>> epoch [ 322/3000], runtime:  4.36s, train loss: 4.7329e-06 (best: 4.5198e-06/4.1354e-06)
>> epoch [ 323/3000], runtime:  4.72s, train loss: 4.5353e-06 (best: 4.5198e-06/4.1354e-06)
>> epoch [ 324/3000], runtime:  4.38s, train loss: 4.5510e-06 (best: 4.5198e-06/4.1354e-06)
>> epoch [ 325/3000], runtime:  4.74s, train loss: 4.6523e-06 (best: 4.5198e-06/4.1354e-06)
>> epoch [ 326/3000], runtime:  4.72s, train loss: 4.9214e-06 (best: 4.5198e-06/4.1354e-06)
>> epoch [ 327/3000], runtime:  4.71s, train loss: 4.7298e-06 (best: 4.5198e-06/4.1354e-06)
>> epoch [ 328/3000], runtime:  4.48s, train loss: 4.6155e-06 (best: 4.5198e-06/4.1354e-06)
>> epoch [ 329/3000], runtime:  4.42s, train loss: 4.7662e-06 (best: 4.5198e-06/4.1354e-06)
>> epoch [ 330/3000], runtime:  4.72s, train loss: 4.5463e-06 (best: 4.5198e-06/4.1354e-06)
>> epoch [ 331/3000], runtime:  4.42s, train loss: 4.6494e-06 (best: 4.5198e-06/4.1354e-06)
>> epoch [ 332/3000], runtime:  4.47s, train loss: 4.5716e-06 (best: 4.5198e-06/4.1354e-06)
>> epoch [ 333/3000], runtime:  4.72s, train loss: 4.7891e-06 (best: 4.5198e-06/4.1354e-06)
>> epoch [ 334/3000], runtime:  4.73s, train loss: 4.6273e-06 (best: 4.5198e-06/4.1354e-06)
>> epoch [ 335/3000], runtime:  4.73s, train loss: 4.5301e-06 (best: 4.5198e-06/4.1354e-06)
>> epoch [ 336/3000], runtime:  4.73s, train loss: 4.5570e-06 (best: 4.5198e-06/4.1354e-06)
>> epoch [ 337/3000], runtime:  4.73s, train loss: 4.5064e-06 (best: 4.5198e-06/4.1354e-06)
>> epoch [ 338/3000], runtime:  4.73s, train loss: 4.5982e-06 (best: 4.5198e-06/4.1354e-06)
>> epoch [ 339/3000], runtime:  4.53s, train loss: 4.5478e-06 (best: 4.5198e-06/4.1354e-06)
>> epoch [ 340/3000], runtime:  3.98s, train loss: 4.5904e-06 (best: 4.5198e-06/4.1354e-06)
>> epoch [ 341/3000], runtime:  4.71s, train loss: 4.7290e-06 (best: 4.5198e-06/4.1354e-06)
>> epoch [ 342/3000], runtime:  4.15s, train loss: 4.6504e-06 (best: 4.5198e-06/4.1354e-06)
>> epoch [ 343/3000], runtime:  4.41s, train loss: 4.5399e-06 (best: 4.5198e-06/4.1354e-06)
>> epoch [ 344/3000], runtime:  4.37s, train loss: 4.5692e-06 (best: 4.5198e-06/4.1354e-06)
>> epoch [ 345/3000], runtime:  4.73s, train loss: 4.6035e-06 (best: 4.5198e-06/4.1354e-06)
>> epoch [ 346/3000], runtime:  4.74s, train loss: 4.6280e-06 (best: 4.5198e-06/4.1354e-06)
>> epoch [ 347/3000], runtime:  4.37s, train loss: 4.6162e-06 (best: 4.5198e-06/4.1354e-06)
>> epoch [ 348/3000], runtime:  4.73s, train loss: 4.6137e-06 (best: 4.5198e-06/4.1354e-06)
>> epoch [ 349/3000], runtime:  4.72s, train loss: 4.5654e-06 (best: 4.5198e-06/4.1354e-06)
>> epoch [ 350/3000], runtime:  4.73s, train loss: 4.6152e-06 (best: 4.5198e-06/4.1354e-06)
>> epoch [ 351/3000], runtime:  4.43s, train loss: 4.5048e-06 (best: 4.5198e-06/4.1354e-06)
>> epoch [ 352/3000], runtime:  4.46s, train loss: 4.6400e-06 (best: 4.5198e-06/4.1354e-06)
>> epoch [ 353/3000], runtime:  4.46s, train loss: 4.7548e-06 (best: 4.5198e-06/4.1354e-06)
>> epoch [ 354/3000], runtime:  4.07s, train loss: 4.6275e-06 (best: 4.5198e-06/4.1354e-06)
>> epoch [ 355/3000], runtime:  4.66s, train loss: 4.5566e-06 (best: 4.5198e-06/4.1354e-06)
>> epoch [ 356/3000], runtime:  4.72s, train loss: 4.6531e-06 (best: 4.5198e-06/4.1354e-06)
>> epoch [ 357/3000], runtime:  4.73s, train loss: 4.6257e-06 (best: 4.5198e-06/4.1354e-06)
>> epoch [ 358/3000], runtime:  4.51s, train loss: 4.7398e-06 (best: 4.5198e-06/4.1354e-06)
>> epoch [ 359/3000], runtime:  4.61s, train loss: 4.4678e-06 (best: 4.5198e-06/4.1354e-06)
>> epoch [ 360/3000], runtime:  4.55s, train loss: 4.5687e-06 (best: 4.5198e-06/4.1354e-06)
>> epoch [ 361/3000], runtime:  4.72s, train loss: 4.6053e-06 (best: 4.5198e-06/4.1354e-06)
>> epoch [ 362/3000], runtime:  4.72s, train loss: 4.6218e-06 (best: 4.5198e-06/4.1354e-06)
>> epoch [ 363/3000], runtime:  4.73s, train loss: 4.5264e-06 (best: 4.5198e-06/4.1354e-06)
>> epoch [ 364/3000], runtime:  4.62s, train loss: 4.5194e-06 (best: 4.5198e-06/4.1354e-06)
>> epoch [ 365/3000], runtime:  4.63s, train loss: 4.5889e-06 (best: 4.5198e-06/4.1354e-06)
>> epoch [ 366/3000], runtime:  4.73s, train loss: 4.4850e-06 (best: 4.5198e-06/4.1354e-06)
>> epoch [ 367/3000], runtime:  4.72s, train loss: 4.5998e-06 (best: 4.5198e-06/4.1354e-06)
>> epoch [ 368/3000], runtime:  4.48s, train loss: 4.5665e-06 (best: 4.5198e-06/4.1354e-06)
>> epoch [ 369/3000], runtime:  4.42s, train loss: 4.5609e-06 (best: 4.5198e-06/4.1354e-06)
>> epoch [ 370/3000], runtime:  4.72s, train loss: 4.6911e-06 (best: 4.5198e-06/4.1354e-06)
>> epoch [ 371/3000], runtime:  4.73s, train loss: 4.5823e-06 (best: 4.5198e-06/4.1354e-06)
>> epoch [ 372/3000], runtime:  4.73s, train loss: 4.5365e-06 (best: 4.5198e-06/4.1354e-06)
----------------------------------------------------------------------------------------------------
----------------------------------------------------------------------------------------------------
>> ntrain: 300, layer_info: 20_4, act_xi: ReLU, lr: 0.01, gamma: 0.6, w_d: 0.0
>> Best train loss: 4.5198e-06
>> Best valid loss: 4.1354e-06
>> Best test loss: 1.1698e-04
>> Best epoch: 320
----------------------------------------------------------------------------------------------------
----------------------------------------------------------------------------------------------------
>> Training Completed!!
