>> Device being used: cuda (NVIDIA GeForce RTX 4090)
Total number of parameters: 66433
>> Training Mesh resolution: 257x257
/root/autodl-tmp/project/MPNO_final/BlatzKo_1d/PNO_NN_ex35_k1/PNO_BB_L1loss.py:143: UserWarning: torch.range is deprecated and will be removed in a future release because its behavior is inconsistent with Python's range builtin. Instead, use torch.arange, which produces values in [start, end).
  ksi_range = torch.range(-m_fact, m_fact).int()
tensor(0.8109)
tensor(3.3456)
>> Preprocessing completed, time elapsed:  0.74s
>> ntrain: 300, lr: 0.01, gamma: 0.6, w_d: 0.0
----------------------------------------------------------------------------------------------------
>> epoch [   1/3000], runtime: 45.17s, train loss: 2.4662e-04, valid loss: 1.4447e-04 , test loss: 6.9116e-03
>> epoch [   2/3000], runtime:  45.13s, train loss: 1.6334e-04 (best: 2.4662e-04/1.4447e-04)
>> epoch [   3/3000], runtime:  45.65s, train loss: 1.8795e-04 (best: 2.4662e-04/1.4447e-04)
>> epoch [   4/3000], runtime:  45.75s, train loss: 1.4678e-04 (best: 2.4662e-04/1.4447e-04)
>> epoch [   5/3000], runtime:  47.16s, train loss: 1.3851e-04 (best: 2.4662e-04/1.4447e-04)
>> epoch [   6/3000], runtime:  46.42s, train loss: 1.5494e-04 (best: 2.4662e-04/1.4447e-04)
>> epoch [   7/3000], runtime: 49.38s, train loss: 1.4131e-04, valid loss: 1.2497e-04 , test loss: 3.8478e-03
>> epoch [   8/3000], runtime: 48.45s, train loss: 1.2888e-04, valid loss: 1.2439e-04 , test loss: 2.3161e-03
>> epoch [   9/3000], runtime:  48.59s, train loss: 1.3069e-04 (best: 1.2888e-04/1.2439e-04)
>> epoch [  10/3000], runtime: 48.61s, train loss: 1.0022e-04, valid loss: 1.1862e-04 , test loss: 1.2537e-03
>> epoch [  11/3000], runtime: 46.36s, train loss: 6.2957e-05, valid loss: 3.5634e-05 , test loss: 5.3637e-04
>> epoch [  12/3000], runtime: 48.31s, train loss: 4.3719e-05, valid loss: 2.3944e-05 , test loss: 5.5232e-04
>> epoch [  13/3000], runtime:  48.47s, train loss: 2.3678e-05 (best: 4.3719e-05/2.3944e-05)
>> epoch [  14/3000], runtime: 49.24s, train loss: 3.1786e-05, valid loss: 1.0957e-05 , test loss: 2.6080e-04
>> epoch [  15/3000], runtime:  49.29s, train loss: 2.3185e-05 (best: 3.1786e-05/1.0957e-05)
>> epoch [  16/3000], runtime:  48.90s, train loss: 2.7119e-05 (best: 3.1786e-05/1.0957e-05)
>> epoch [  17/3000], runtime:  48.04s, train loss: 4.4981e-05 (best: 3.1786e-05/1.0957e-05)
>> epoch [  18/3000], runtime:  42.56s, train loss: 4.1339e-05 (best: 3.1786e-05/1.0957e-05)
>> epoch [  19/3000], runtime:  42.06s, train loss: 2.5254e-05 (best: 3.1786e-05/1.0957e-05)
>> epoch [  20/3000], runtime:  41.28s, train loss: 4.8818e-05 (best: 3.1786e-05/1.0957e-05)
>> epoch [  21/3000], runtime:  40.86s, train loss: 3.1397e-05 (best: 3.1786e-05/1.0957e-05)
>> epoch [  22/3000], runtime:  41.85s, train loss: 2.6756e-05 (best: 3.1786e-05/1.0957e-05)
>> epoch [  23/3000], runtime:  40.89s, train loss: 2.0533e-05 (best: 3.1786e-05/1.0957e-05)
>> epoch [  24/3000], runtime:  40.99s, train loss: 2.5965e-05 (best: 3.1786e-05/1.0957e-05)
>> epoch [  25/3000], runtime:  41.67s, train loss: 1.5097e-05 (best: 3.1786e-05/1.0957e-05)
>> epoch [  26/3000], runtime:  42.04s, train loss: 2.2338e-05 (best: 3.1786e-05/1.0957e-05)
>> epoch [  27/3000], runtime:  41.67s, train loss: 1.9089e-05 (best: 3.1786e-05/1.0957e-05)
>> epoch [  28/3000], runtime:  41.97s, train loss: 1.2663e-05 (best: 3.1786e-05/1.0957e-05)
>> epoch [  29/3000], runtime:  42.03s, train loss: 1.6913e-05 (best: 3.1786e-05/1.0957e-05)
>> epoch [  30/3000], runtime:  41.66s, train loss: 2.3491e-05 (best: 3.1786e-05/1.0957e-05)
>> epoch [  31/3000], runtime:  42.06s, train loss: 1.8113e-05 (best: 3.1786e-05/1.0957e-05)
>> epoch [  32/3000], runtime:  41.42s, train loss: 1.7529e-05 (best: 3.1786e-05/1.0957e-05)
>> epoch [  33/3000], runtime:  41.09s, train loss: 2.1200e-05 (best: 3.1786e-05/1.0957e-05)
>> epoch [  34/3000], runtime:  38.77s, train loss: 1.5191e-05 (best: 3.1786e-05/1.0957e-05)
>> epoch [  35/3000], runtime: 41.35s, train loss: 1.6755e-05, valid loss: 1.0329e-05 , test loss: 2.0147e-04
>> epoch [  36/3000], runtime:  41.85s, train loss: 1.7226e-05 (best: 1.6755e-05/1.0329e-05)
>> epoch [  37/3000], runtime:  41.53s, train loss: 2.0003e-05 (best: 1.6755e-05/1.0329e-05)
>> epoch [  38/3000], runtime:  40.95s, train loss: 1.2305e-05 (best: 1.6755e-05/1.0329e-05)
>> epoch [  39/3000], runtime:  39.51s, train loss: 1.7594e-05 (best: 1.6755e-05/1.0329e-05)
>> epoch [  40/3000], runtime:  33.79s, train loss: 1.9114e-05 (best: 1.6755e-05/1.0329e-05)
>> epoch [  41/3000], runtime:  29.83s, train loss: 1.3665e-05 (best: 1.6755e-05/1.0329e-05)
>> epoch [  42/3000], runtime:  29.11s, train loss: 2.0021e-05 (best: 1.6755e-05/1.0329e-05)
>> epoch [  43/3000], runtime:  29.05s, train loss: 1.4774e-05 (best: 1.6755e-05/1.0329e-05)
>> epoch [  44/3000], runtime:  29.86s, train loss: 1.2110e-05 (best: 1.6755e-05/1.0329e-05)
>> epoch [  45/3000], runtime:  29.77s, train loss: 1.6959e-05 (best: 1.6755e-05/1.0329e-05)
>> epoch [  46/3000], runtime:  28.93s, train loss: 1.4886e-05 (best: 1.6755e-05/1.0329e-05)
>> epoch [  47/3000], runtime:  29.84s, train loss: 1.3504e-05 (best: 1.6755e-05/1.0329e-05)
>> epoch [  48/3000], runtime: 29.82s, train loss: 1.1356e-05, valid loss: 7.5849e-06 , test loss: 1.8577e-04
>> epoch [  49/3000], runtime:  29.46s, train loss: 1.3101e-05 (best: 1.1356e-05/7.5849e-06)
>> epoch [  50/3000], runtime:  29.86s, train loss: 1.0055e-05 (best: 1.1356e-05/7.5849e-06)
>> epoch [  51/3000], runtime:  29.23s, train loss: 1.2347e-05 (best: 1.1356e-05/7.5849e-06)
>> epoch [  52/3000], runtime:  29.25s, train loss: 2.0130e-05 (best: 1.1356e-05/7.5849e-06)
>> epoch [  53/3000], runtime:  29.26s, train loss: 1.1284e-05 (best: 1.1356e-05/7.5849e-06)
>> epoch [  54/3000], runtime:  29.02s, train loss: 7.4478e-06 (best: 1.1356e-05/7.5849e-06)
>> epoch [  55/3000], runtime:  29.85s, train loss: 1.2893e-05 (best: 1.1356e-05/7.5849e-06)
>> epoch [  56/3000], runtime:  29.43s, train loss: 1.5372e-05 (best: 1.1356e-05/7.5849e-06)
>> epoch [  57/3000], runtime:  29.79s, train loss: 1.0849e-05 (best: 1.1356e-05/7.5849e-06)
>> epoch [  58/3000], runtime:  29.34s, train loss: 1.3922e-05 (best: 1.1356e-05/7.5849e-06)
>> epoch [  59/3000], runtime:  29.38s, train loss: 1.2089e-05 (best: 1.1356e-05/7.5849e-06)
>> epoch [  60/3000], runtime:  23.31s, train loss: 1.5471e-05 (best: 1.1356e-05/7.5849e-06)
>> epoch [  61/3000], runtime:  22.04s, train loss: 1.2960e-05 (best: 1.1356e-05/7.5849e-06)
>> epoch [  62/3000], runtime:  22.60s, train loss: 1.0159e-05 (best: 1.1356e-05/7.5849e-06)
>> epoch [  63/3000], runtime:  22.67s, train loss: 1.9083e-05 (best: 1.1356e-05/7.5849e-06)
>> epoch [  64/3000], runtime:  22.65s, train loss: 1.1336e-05 (best: 1.1356e-05/7.5849e-06)
>> epoch [  65/3000], runtime:  22.67s, train loss: 8.4784e-06 (best: 1.1356e-05/7.5849e-06)
>> epoch [  66/3000], runtime:  22.66s, train loss: 1.5547e-05 (best: 1.1356e-05/7.5849e-06)
>> epoch [  67/3000], runtime:  22.59s, train loss: 1.2653e-05 (best: 1.1356e-05/7.5849e-06)
>> epoch [  68/3000], runtime:  22.13s, train loss: 7.7789e-06 (best: 1.1356e-05/7.5849e-06)
>> epoch [  69/3000], runtime:  22.66s, train loss: 1.0746e-05 (best: 1.1356e-05/7.5849e-06)
>> epoch [  70/3000], runtime: 22.64s, train loss: 7.9333e-06, valid loss: 7.1766e-06 , test loss: 1.6796e-04
>> epoch [  71/3000], runtime:  22.69s, train loss: 1.1262e-05 (best: 7.9333e-06/7.1766e-06)
>> epoch [  72/3000], runtime:  22.65s, train loss: 1.5554e-05 (best: 7.9333e-06/7.1766e-06)
>> epoch [  73/3000], runtime:  22.67s, train loss: 1.3100e-05 (best: 7.9333e-06/7.1766e-06)
>> epoch [  74/3000], runtime:  22.66s, train loss: 7.5049e-06 (best: 7.9333e-06/7.1766e-06)
>> epoch [  75/3000], runtime:  22.69s, train loss: 1.6119e-05 (best: 7.9333e-06/7.1766e-06)
>> epoch [  76/3000], runtime:  22.68s, train loss: 1.2169e-05 (best: 7.9333e-06/7.1766e-06)
>> epoch [  77/3000], runtime:  22.67s, train loss: 7.8701e-06 (best: 7.9333e-06/7.1766e-06)
>> epoch [  78/3000], runtime:  22.68s, train loss: 8.5154e-06 (best: 7.9333e-06/7.1766e-06)
>> epoch [  79/3000], runtime: 20.75s, train loss: 6.8905e-06, valid loss: 6.1434e-06 , test loss: 1.7984e-04
>> epoch [  80/3000], runtime:  19.54s, train loss: 8.2220e-06 (best: 6.8905e-06/6.1434e-06)
>> epoch [  81/3000], runtime:  20.13s, train loss: 9.4909e-06 (best: 6.8905e-06/6.1434e-06)
>> epoch [  82/3000], runtime:  20.15s, train loss: 1.1971e-05 (best: 6.8905e-06/6.1434e-06)
>> epoch [  83/3000], runtime:  19.57s, train loss: 8.4201e-06 (best: 6.8905e-06/6.1434e-06)
>> epoch [  84/3000], runtime:  20.10s, train loss: 1.0159e-05 (best: 6.8905e-06/6.1434e-06)
>> epoch [  85/3000], runtime:  20.14s, train loss: 1.1585e-05 (best: 6.8905e-06/6.1434e-06)
>> epoch [  86/3000], runtime:  20.14s, train loss: 1.4154e-05 (best: 6.8905e-06/6.1434e-06)
>> epoch [  87/3000], runtime:  20.14s, train loss: 8.0344e-06 (best: 6.8905e-06/6.1434e-06)
>> epoch [  88/3000], runtime:  20.10s, train loss: 1.0713e-05 (best: 6.8905e-06/6.1434e-06)
>> epoch [  89/3000], runtime:  20.10s, train loss: 9.6608e-06 (best: 6.8905e-06/6.1434e-06)
>> epoch [  90/3000], runtime:  20.13s, train loss: 1.4265e-05 (best: 6.8905e-06/6.1434e-06)
>> epoch [  91/3000], runtime:  20.09s, train loss: 1.3686e-05 (best: 6.8905e-06/6.1434e-06)
>> epoch [  92/3000], runtime:  20.13s, train loss: 1.5258e-05 (best: 6.8905e-06/6.1434e-06)
>> epoch [  93/3000], runtime:  19.49s, train loss: 6.6058e-06 (best: 6.8905e-06/6.1434e-06)
>> epoch [  94/3000], runtime:  19.55s, train loss: 8.5444e-06 (best: 6.8905e-06/6.1434e-06)
>> epoch [  95/3000], runtime:  20.11s, train loss: 5.1071e-06 (best: 6.8905e-06/6.1434e-06)
>> epoch [  96/3000], runtime:  20.14s, train loss: 6.7294e-06 (best: 6.8905e-06/6.1434e-06)
>> epoch [  97/3000], runtime:  20.11s, train loss: 8.7579e-06 (best: 6.8905e-06/6.1434e-06)
>> epoch [  98/3000], runtime:  20.14s, train loss: 6.8415e-06 (best: 6.8905e-06/6.1434e-06)
>> epoch [  99/3000], runtime:  20.11s, train loss: 8.0683e-06 (best: 6.8905e-06/6.1434e-06)
>> epoch [ 100/3000], runtime:  19.52s, train loss: 8.4142e-06 (best: 6.8905e-06/6.1434e-06)
>> epoch [ 101/3000], runtime:  19.54s, train loss: 7.2942e-06 (best: 6.8905e-06/6.1434e-06)
>> epoch [ 102/3000], runtime:  20.08s, train loss: 1.3211e-05 (best: 6.8905e-06/6.1434e-06)
>> epoch [ 103/3000], runtime:  19.60s, train loss: 7.6242e-06 (best: 6.8905e-06/6.1434e-06)
>> epoch [ 104/3000], runtime: 20.07s, train loss: 5.6273e-06, valid loss: 5.2426e-06 , test loss: 1.5866e-04
>> epoch [ 105/3000], runtime: 19.56s, train loss: 4.7192e-06, valid loss: 4.2109e-06 , test loss: 1.7197e-04
>> epoch [ 106/3000], runtime:  19.54s, train loss: 5.9315e-06 (best: 4.7192e-06/4.2109e-06)
>> epoch [ 107/3000], runtime:  20.13s, train loss: 6.7494e-06 (best: 4.7192e-06/4.2109e-06)
>> epoch [ 108/3000], runtime:  20.11s, train loss: 8.8727e-06 (best: 4.7192e-06/4.2109e-06)
>> epoch [ 109/3000], runtime:  20.11s, train loss: 8.9496e-06 (best: 4.7192e-06/4.2109e-06)
>> epoch [ 110/3000], runtime:  20.10s, train loss: 6.8285e-06 (best: 4.7192e-06/4.2109e-06)
>> epoch [ 111/3000], runtime:  20.11s, train loss: 6.3201e-06 (best: 4.7192e-06/4.2109e-06)
>> epoch [ 112/3000], runtime:  19.56s, train loss: 5.8047e-06 (best: 4.7192e-06/4.2109e-06)
>> epoch [ 113/3000], runtime:  19.56s, train loss: 5.9012e-06 (best: 4.7192e-06/4.2109e-06)
>> epoch [ 114/3000], runtime:  19.50s, train loss: 6.7725e-06 (best: 4.7192e-06/4.2109e-06)
>> epoch [ 115/3000], runtime:  19.56s, train loss: 1.3192e-05 (best: 4.7192e-06/4.2109e-06)
>> epoch [ 116/3000], runtime:  19.57s, train loss: 8.6126e-06 (best: 4.7192e-06/4.2109e-06)
>> epoch [ 117/3000], runtime:  19.53s, train loss: 4.5672e-06 (best: 4.7192e-06/4.2109e-06)
>> epoch [ 118/3000], runtime:  20.11s, train loss: 6.0865e-06 (best: 4.7192e-06/4.2109e-06)
>> epoch [ 119/3000], runtime:  20.08s, train loss: 6.0487e-06 (best: 4.7192e-06/4.2109e-06)
>> epoch [ 120/3000], runtime:  20.09s, train loss: 5.6737e-06 (best: 4.7192e-06/4.2109e-06)
>> epoch [ 121/3000], runtime:  20.12s, train loss: 5.8312e-06 (best: 4.7192e-06/4.2109e-06)
>> epoch [ 122/3000], runtime:  20.13s, train loss: 7.4676e-06 (best: 4.7192e-06/4.2109e-06)
>> epoch [ 123/3000], runtime:  20.08s, train loss: 6.1720e-06 (best: 4.7192e-06/4.2109e-06)
>> epoch [ 124/3000], runtime:  20.08s, train loss: 6.2510e-06 (best: 4.7192e-06/4.2109e-06)
>> epoch [ 125/3000], runtime:  20.13s, train loss: 6.6397e-06 (best: 4.7192e-06/4.2109e-06)
>> epoch [ 126/3000], runtime:  20.13s, train loss: 4.7308e-06 (best: 4.7192e-06/4.2109e-06)
>> epoch [ 127/3000], runtime:  20.14s, train loss: 5.6359e-06 (best: 4.7192e-06/4.2109e-06)
>> epoch [ 128/3000], runtime:  20.14s, train loss: 6.2788e-06 (best: 4.7192e-06/4.2109e-06)
>> epoch [ 129/3000], runtime:  24.66s, train loss: 6.2012e-06 (best: 4.7192e-06/4.2109e-06)
>> epoch [ 130/3000], runtime:  29.61s, train loss: 7.6571e-06 (best: 4.7192e-06/4.2109e-06)
>> epoch [ 131/3000], runtime:  29.64s, train loss: 5.1665e-06 (best: 4.7192e-06/4.2109e-06)
>> epoch [ 132/3000], runtime:  30.30s, train loss: 5.7125e-06 (best: 4.7192e-06/4.2109e-06)
>> epoch [ 133/3000], runtime:  29.09s, train loss: 5.8416e-06 (best: 4.7192e-06/4.2109e-06)
>> epoch [ 134/3000], runtime:  29.64s, train loss: 5.2409e-06 (best: 4.7192e-06/4.2109e-06)
>> epoch [ 135/3000], runtime:  29.14s, train loss: 6.4937e-06 (best: 4.7192e-06/4.2109e-06)
>> epoch [ 136/3000], runtime:  30.24s, train loss: 4.7584e-06 (best: 4.7192e-06/4.2109e-06)
>> epoch [ 137/3000], runtime:  29.64s, train loss: 5.8546e-06 (best: 4.7192e-06/4.2109e-06)
>> epoch [ 138/3000], runtime:  29.98s, train loss: 5.7900e-06 (best: 4.7192e-06/4.2109e-06)
>> epoch [ 139/3000], runtime:  29.84s, train loss: 7.9228e-06 (best: 4.7192e-06/4.2109e-06)
>> epoch [ 140/3000], runtime: 29.63s, train loss: 4.2129e-06, valid loss: 3.7501e-06 , test loss: 1.8369e-04
>> epoch [ 141/3000], runtime:  29.59s, train loss: 4.4306e-06 (best: 4.2129e-06/3.7501e-06)
>> epoch [ 142/3000], runtime:  29.63s, train loss: 4.7666e-06 (best: 4.2129e-06/3.7501e-06)
>> epoch [ 143/3000], runtime:  30.22s, train loss: 6.2788e-06 (best: 4.2129e-06/3.7501e-06)
>> epoch [ 144/3000], runtime:  29.65s, train loss: 7.3802e-06 (best: 4.2129e-06/3.7501e-06)
>> epoch [ 145/3000], runtime:  29.61s, train loss: 9.4256e-06 (best: 4.2129e-06/3.7501e-06)
>> epoch [ 146/3000], runtime:  29.12s, train loss: 5.6709e-06 (best: 4.2129e-06/3.7501e-06)
>> epoch [ 147/3000], runtime:  30.22s, train loss: 3.8967e-06 (best: 4.2129e-06/3.7501e-06)
>> epoch [ 148/3000], runtime: 29.64s, train loss: 4.1356e-06, valid loss: 3.3284e-06 , test loss: 1.5982e-04
>> epoch [ 149/3000], runtime:  30.22s, train loss: 5.5892e-06 (best: 4.1356e-06/3.3284e-06)
>> epoch [ 150/3000], runtime:  30.25s, train loss: 5.4565e-06 (best: 4.1356e-06/3.3284e-06)
>> epoch [ 151/3000], runtime:  30.19s, train loss: 5.3446e-06 (best: 4.1356e-06/3.3284e-06)
>> epoch [ 152/3000], runtime:  29.64s, train loss: 6.5935e-06 (best: 4.1356e-06/3.3284e-06)
>> epoch [ 153/3000], runtime:  29.62s, train loss: 4.3108e-06 (best: 4.1356e-06/3.3284e-06)
>> epoch [ 154/3000], runtime:  29.04s, train loss: 6.6247e-06 (best: 4.1356e-06/3.3284e-06)
>> epoch [ 155/3000], runtime:  29.64s, train loss: 5.7184e-06 (best: 4.1356e-06/3.3284e-06)
>> epoch [ 156/3000], runtime:  29.62s, train loss: 4.7848e-06 (best: 4.1356e-06/3.3284e-06)
>> epoch [ 157/3000], runtime:  29.61s, train loss: 5.2032e-06 (best: 4.1356e-06/3.3284e-06)
>> epoch [ 158/3000], runtime:  29.44s, train loss: 4.5175e-06 (best: 4.1356e-06/3.3284e-06)
>> epoch [ 159/3000], runtime:  29.82s, train loss: 4.4097e-06 (best: 4.1356e-06/3.3284e-06)
>> epoch [ 160/3000], runtime:  29.60s, train loss: 5.9616e-06 (best: 4.1356e-06/3.3284e-06)
>> epoch [ 161/3000], runtime:  29.60s, train loss: 6.1049e-06 (best: 4.1356e-06/3.3284e-06)
>> epoch [ 162/3000], runtime:  30.19s, train loss: 4.9404e-06 (best: 4.1356e-06/3.3284e-06)
>> epoch [ 163/3000], runtime:  30.21s, train loss: 4.6735e-06 (best: 4.1356e-06/3.3284e-06)
>> epoch [ 164/3000], runtime:  30.19s, train loss: 4.6461e-06 (best: 4.1356e-06/3.3284e-06)
>> epoch [ 165/3000], runtime:  30.22s, train loss: 5.0951e-06 (best: 4.1356e-06/3.3284e-06)
>> epoch [ 166/3000], runtime:  30.22s, train loss: 6.2874e-06 (best: 4.1356e-06/3.3284e-06)
>> epoch [ 167/3000], runtime:  30.23s, train loss: 4.8057e-06 (best: 4.1356e-06/3.3284e-06)
>> epoch [ 168/3000], runtime:  30.19s, train loss: 5.5974e-06 (best: 4.1356e-06/3.3284e-06)
>> epoch [ 169/3000], runtime:  30.19s, train loss: 7.5842e-06 (best: 4.1356e-06/3.3284e-06)
>> epoch [ 170/3000], runtime:  30.20s, train loss: 4.6479e-06 (best: 4.1356e-06/3.3284e-06)
>> epoch [ 171/3000], runtime:  30.19s, train loss: 5.2278e-06 (best: 4.1356e-06/3.3284e-06)
>> epoch [ 172/3000], runtime: 30.31s, train loss: 3.9944e-06, valid loss: 2.9817e-06 , test loss: 1.5232e-04
>> epoch [ 173/3000], runtime:  30.17s, train loss: 4.0940e-06 (best: 3.9944e-06/2.9817e-06)
>> epoch [ 174/3000], runtime:  29.63s, train loss: 5.5078e-06 (best: 3.9944e-06/2.9817e-06)
>> epoch [ 175/3000], runtime:  29.55s, train loss: 6.1601e-06 (best: 3.9944e-06/2.9817e-06)
>> epoch [ 176/3000], runtime:  30.29s, train loss: 6.3712e-06 (best: 3.9944e-06/2.9817e-06)
>> epoch [ 177/3000], runtime:  30.34s, train loss: 4.8330e-06 (best: 3.9944e-06/2.9817e-06)
>> epoch [ 178/3000], runtime:  30.31s, train loss: 4.2844e-06 (best: 3.9944e-06/2.9817e-06)
>> epoch [ 179/3000], runtime:  30.18s, train loss: 4.1241e-06 (best: 3.9944e-06/2.9817e-06)
>> epoch [ 180/3000], runtime:  30.19s, train loss: 5.8927e-06 (best: 3.9944e-06/2.9817e-06)
>> epoch [ 181/3000], runtime:  29.63s, train loss: 4.4371e-06 (best: 3.9944e-06/2.9817e-06)
>> epoch [ 182/3000], runtime:  30.20s, train loss: 4.6839e-06 (best: 3.9944e-06/2.9817e-06)
>> epoch [ 183/3000], runtime: 29.63s, train loss: 3.9295e-06, valid loss: 2.8841e-06 , test loss: 1.5592e-04
>> epoch [ 184/3000], runtime:  30.20s, train loss: 3.3117e-06 (best: 3.9295e-06/2.8841e-06)
>> epoch [ 185/3000], runtime:  30.20s, train loss: 3.4082e-06 (best: 3.9295e-06/2.8841e-06)
>> epoch [ 186/3000], runtime:  29.62s, train loss: 4.2338e-06 (best: 3.9295e-06/2.8841e-06)
>> epoch [ 187/3000], runtime:  29.70s, train loss: 4.7246e-06 (best: 3.9295e-06/2.8841e-06)
>> epoch [ 188/3000], runtime:  30.18s, train loss: 4.0825e-06 (best: 3.9295e-06/2.8841e-06)
>> epoch [ 189/3000], runtime:  30.19s, train loss: 3.6344e-06 (best: 3.9295e-06/2.8841e-06)
>> epoch [ 190/3000], runtime:  30.18s, train loss: 4.2174e-06 (best: 3.9295e-06/2.8841e-06)
>> epoch [ 191/3000], runtime:  30.19s, train loss: 5.3490e-06 (best: 3.9295e-06/2.8841e-06)
>> epoch [ 192/3000], runtime:  29.61s, train loss: 3.6443e-06 (best: 3.9295e-06/2.8841e-06)
>> epoch [ 193/3000], runtime:  30.19s, train loss: 3.9099e-06 (best: 3.9295e-06/2.8841e-06)
>> epoch [ 194/3000], runtime:  29.89s, train loss: 5.2779e-06 (best: 3.9295e-06/2.8841e-06)
>> epoch [ 195/3000], runtime:  30.03s, train loss: 4.2949e-06 (best: 3.9295e-06/2.8841e-06)
>> epoch [ 196/3000], runtime:  30.32s, train loss: 3.9506e-06 (best: 3.9295e-06/2.8841e-06)
>> epoch [ 197/3000], runtime:  29.70s, train loss: 3.5668e-06 (best: 3.9295e-06/2.8841e-06)
>> epoch [ 198/3000], runtime:  30.28s, train loss: 3.9634e-06 (best: 3.9295e-06/2.8841e-06)
>> epoch [ 199/3000], runtime:  30.33s, train loss: 4.4259e-06 (best: 3.9295e-06/2.8841e-06)
>> epoch [ 200/3000], runtime: 29.11s, train loss: 3.6582e-06, valid loss: 2.5589e-06 , test loss: 1.6111e-04
>> epoch [ 201/3000], runtime:  29.63s, train loss: 3.6926e-06 (best: 3.6582e-06/2.5589e-06)
>> epoch [ 202/3000], runtime:  29.62s, train loss: 3.1628e-06 (best: 3.6582e-06/2.5589e-06)
>> epoch [ 203/3000], runtime:  30.19s, train loss: 3.8743e-06 (best: 3.6582e-06/2.5589e-06)
>> epoch [ 204/3000], runtime:  29.68s, train loss: 3.4152e-06 (best: 3.6582e-06/2.5589e-06)
>> epoch [ 205/3000], runtime:  30.19s, train loss: 3.9442e-06 (best: 3.6582e-06/2.5589e-06)
>> epoch [ 206/3000], runtime:  30.23s, train loss: 3.4680e-06 (best: 3.6582e-06/2.5589e-06)
>> epoch [ 207/3000], runtime:  30.32s, train loss: 3.2851e-06 (best: 3.6582e-06/2.5589e-06)
>> epoch [ 208/3000], runtime:  29.59s, train loss: 3.1009e-06 (best: 3.6582e-06/2.5589e-06)
>> epoch [ 209/3000], runtime:  29.60s, train loss: 3.7676e-06 (best: 3.6582e-06/2.5589e-06)
>> epoch [ 210/3000], runtime:  29.61s, train loss: 4.1730e-06 (best: 3.6582e-06/2.5589e-06)
>> epoch [ 211/3000], runtime:  29.61s, train loss: 3.5947e-06 (best: 3.6582e-06/2.5589e-06)
>> epoch [ 212/3000], runtime:  30.20s, train loss: 4.2369e-06 (best: 3.6582e-06/2.5589e-06)
>> epoch [ 213/3000], runtime:  30.33s, train loss: 3.7882e-06 (best: 3.6582e-06/2.5589e-06)
>> epoch [ 214/3000], runtime:  29.64s, train loss: 3.1410e-06 (best: 3.6582e-06/2.5589e-06)
>> epoch [ 215/3000], runtime:  30.22s, train loss: 4.1474e-06 (best: 3.6582e-06/2.5589e-06)
>> epoch [ 216/3000], runtime:  29.58s, train loss: 4.9111e-06 (best: 3.6582e-06/2.5589e-06)
>> epoch [ 217/3000], runtime:  29.72s, train loss: 3.9267e-06 (best: 3.6582e-06/2.5589e-06)
>> epoch [ 218/3000], runtime:  30.15s, train loss: 4.9891e-06 (best: 3.6582e-06/2.5589e-06)
>> epoch [ 219/3000], runtime:  30.16s, train loss: 3.2175e-06 (best: 3.6582e-06/2.5589e-06)
>> epoch [ 220/3000], runtime:  30.16s, train loss: 3.5856e-06 (best: 3.6582e-06/2.5589e-06)
>> epoch [ 221/3000], runtime:  29.51s, train loss: 3.4847e-06 (best: 3.6582e-06/2.5589e-06)
>> epoch [ 222/3000], runtime:  29.71s, train loss: 3.2682e-06 (best: 3.6582e-06/2.5589e-06)
>> epoch [ 223/3000], runtime:  29.63s, train loss: 3.2114e-06 (best: 3.6582e-06/2.5589e-06)
>> epoch [ 224/3000], runtime:  30.20s, train loss: 3.1732e-06 (best: 3.6582e-06/2.5589e-06)
>> epoch [ 225/3000], runtime:  30.31s, train loss: 3.7210e-06 (best: 3.6582e-06/2.5589e-06)
>> epoch [ 226/3000], runtime:  29.58s, train loss: 3.4721e-06 (best: 3.6582e-06/2.5589e-06)
>> epoch [ 227/3000], runtime:  29.60s, train loss: 3.9567e-06 (best: 3.6582e-06/2.5589e-06)
>> epoch [ 228/3000], runtime:  30.19s, train loss: 3.1659e-06 (best: 3.6582e-06/2.5589e-06)
>> epoch [ 229/3000], runtime:  30.20s, train loss: 3.0523e-06 (best: 3.6582e-06/2.5589e-06)
>> epoch [ 230/3000], runtime:  30.18s, train loss: 3.3072e-06 (best: 3.6582e-06/2.5589e-06)
>> epoch [ 231/3000], runtime:  30.22s, train loss: 2.9374e-06 (best: 3.6582e-06/2.5589e-06)
>> epoch [ 232/3000], runtime:  30.21s, train loss: 3.1433e-06 (best: 3.6582e-06/2.5589e-06)
>> epoch [ 233/3000], runtime: 29.60s, train loss: 2.9654e-06, valid loss: 2.4638e-06 , test loss: 1.7167e-04
>> epoch [ 234/3000], runtime:  29.62s, train loss: 3.1945e-06 (best: 2.9654e-06/2.4638e-06)
>> epoch [ 235/3000], runtime:  30.22s, train loss: 4.2391e-06 (best: 2.9654e-06/2.4638e-06)
>> epoch [ 236/3000], runtime:  29.56s, train loss: 2.6908e-06 (best: 2.9654e-06/2.4638e-06)
>> epoch [ 237/3000], runtime:  30.25s, train loss: 2.9554e-06 (best: 2.9654e-06/2.4638e-06)
>> epoch [ 238/3000], runtime:  30.21s, train loss: 3.2314e-06 (best: 2.9654e-06/2.4638e-06)
>> epoch [ 239/3000], runtime:  30.30s, train loss: 3.1975e-06 (best: 2.9654e-06/2.4638e-06)
>> epoch [ 240/3000], runtime:  30.31s, train loss: 2.6892e-06 (best: 2.9654e-06/2.4638e-06)
>> epoch [ 241/3000], runtime:  30.24s, train loss: 2.8657e-06 (best: 2.9654e-06/2.4638e-06)
>> epoch [ 242/3000], runtime:  30.20s, train loss: 2.7471e-06 (best: 2.9654e-06/2.4638e-06)
>> epoch [ 243/3000], runtime:  30.20s, train loss: 4.1962e-06 (best: 2.9654e-06/2.4638e-06)
>> epoch [ 244/3000], runtime:  30.24s, train loss: 3.4891e-06 (best: 2.9654e-06/2.4638e-06)
>> epoch [ 245/3000], runtime:  29.95s, train loss: 4.1802e-06 (best: 2.9654e-06/2.4638e-06)
>> epoch [ 246/3000], runtime:  29.85s, train loss: 3.4157e-06 (best: 2.9654e-06/2.4638e-06)
>> epoch [ 247/3000], runtime:  30.22s, train loss: 2.6813e-06 (best: 2.9654e-06/2.4638e-06)
>> epoch [ 248/3000], runtime:  30.18s, train loss: 2.6830e-06 (best: 2.9654e-06/2.4638e-06)
>> epoch [ 249/3000], runtime:  30.20s, train loss: 3.2642e-06 (best: 2.9654e-06/2.4638e-06)
>> epoch [ 250/3000], runtime:  30.18s, train loss: 3.9614e-06 (best: 2.9654e-06/2.4638e-06)
>> epoch [ 251/3000], runtime:  30.26s, train loss: 2.5623e-06 (best: 2.9654e-06/2.4638e-06)
>> epoch [ 252/3000], runtime:  29.56s, train loss: 2.7395e-06 (best: 2.9654e-06/2.4638e-06)
>> epoch [ 253/3000], runtime: 30.18s, train loss: 2.4149e-06, valid loss: 2.2619e-06 , test loss: 1.7910e-04
>> epoch [ 254/3000], runtime:  30.19s, train loss: 2.7637e-06 (best: 2.4149e-06/2.2619e-06)
>> epoch [ 255/3000], runtime:  30.23s, train loss: 3.1769e-06 (best: 2.4149e-06/2.2619e-06)
>> epoch [ 256/3000], runtime:  21.23s, train loss: 3.0921e-06 (best: 2.4149e-06/2.2619e-06)
>> epoch [ 257/3000], runtime:  19.77s, train loss: 2.5015e-06 (best: 2.4149e-06/2.2619e-06)
>> epoch [ 258/3000], runtime:  19.53s, train loss: 2.6800e-06 (best: 2.4149e-06/2.2619e-06)
>> epoch [ 259/3000], runtime:  19.53s, train loss: 3.0870e-06 (best: 2.4149e-06/2.2619e-06)
>> epoch [ 260/3000], runtime:  19.59s, train loss: 2.9266e-06 (best: 2.4149e-06/2.2619e-06)
>> epoch [ 261/3000], runtime:  19.53s, train loss: 2.7900e-06 (best: 2.4149e-06/2.2619e-06)
>> epoch [ 262/3000], runtime:  25.81s, train loss: 2.7188e-06 (best: 2.4149e-06/2.2619e-06)
>> epoch [ 263/3000], runtime:  30.33s, train loss: 3.3506e-06 (best: 2.4149e-06/2.2619e-06)
>> epoch [ 264/3000], runtime:  30.22s, train loss: 2.4028e-06 (best: 2.4149e-06/2.2619e-06)
>> epoch [ 265/3000], runtime:  29.69s, train loss: 2.6963e-06 (best: 2.4149e-06/2.2619e-06)
>> epoch [ 266/3000], runtime:  30.18s, train loss: 2.6340e-06 (best: 2.4149e-06/2.2619e-06)
>> epoch [ 267/3000], runtime:  29.59s, train loss: 2.4638e-06 (best: 2.4149e-06/2.2619e-06)
>> epoch [ 268/3000], runtime:  29.71s, train loss: 3.1365e-06 (best: 2.4149e-06/2.2619e-06)
>> epoch [ 269/3000], runtime:  30.20s, train loss: 3.4650e-06 (best: 2.4149e-06/2.2619e-06)
>> epoch [ 270/3000], runtime:  29.58s, train loss: 3.6809e-06 (best: 2.4149e-06/2.2619e-06)
>> epoch [ 271/3000], runtime:  29.58s, train loss: 3.1902e-06 (best: 2.4149e-06/2.2619e-06)
>> epoch [ 272/3000], runtime:  29.59s, train loss: 2.9636e-06 (best: 2.4149e-06/2.2619e-06)
>> epoch [ 273/3000], runtime:  29.64s, train loss: 3.1244e-06 (best: 2.4149e-06/2.2619e-06)
>> epoch [ 274/3000], runtime:  29.99s, train loss: 2.5676e-06 (best: 2.4149e-06/2.2619e-06)
>> epoch [ 275/3000], runtime:  29.86s, train loss: 2.4720e-06 (best: 2.4149e-06/2.2619e-06)
>> epoch [ 276/3000], runtime:  29.59s, train loss: 2.8100e-06 (best: 2.4149e-06/2.2619e-06)
>> epoch [ 277/3000], runtime:  30.31s, train loss: 2.6238e-06 (best: 2.4149e-06/2.2619e-06)
>> epoch [ 278/3000], runtime:  30.28s, train loss: 2.4005e-06 (best: 2.4149e-06/2.2619e-06)
>> epoch [ 279/3000], runtime:  30.25s, train loss: 2.7135e-06 (best: 2.4149e-06/2.2619e-06)
>> epoch [ 280/3000], runtime:  30.29s, train loss: 2.5187e-06 (best: 2.4149e-06/2.2619e-06)
>> epoch [ 281/3000], runtime:  30.20s, train loss: 2.4245e-06 (best: 2.4149e-06/2.2619e-06)
>> epoch [ 282/3000], runtime:  30.22s, train loss: 2.4673e-06 (best: 2.4149e-06/2.2619e-06)
>> epoch [ 283/3000], runtime:  29.65s, train loss: 2.8177e-06 (best: 2.4149e-06/2.2619e-06)
>> epoch [ 284/3000], runtime:  30.19s, train loss: 2.5454e-06 (best: 2.4149e-06/2.2619e-06)
>> epoch [ 285/3000], runtime:  30.20s, train loss: 2.8257e-06 (best: 2.4149e-06/2.2619e-06)
>> epoch [ 286/3000], runtime:  29.70s, train loss: 2.4779e-06 (best: 2.4149e-06/2.2619e-06)
>> epoch [ 287/3000], runtime:  30.21s, train loss: 2.7877e-06 (best: 2.4149e-06/2.2619e-06)
>> epoch [ 288/3000], runtime:  30.20s, train loss: 2.5004e-06 (best: 2.4149e-06/2.2619e-06)
>> epoch [ 289/3000], runtime:  30.22s, train loss: 2.9562e-06 (best: 2.4149e-06/2.2619e-06)
>> epoch [ 290/3000], runtime:  30.23s, train loss: 2.7617e-06 (best: 2.4149e-06/2.2619e-06)
>> epoch [ 291/3000], runtime:  30.20s, train loss: 2.6207e-06 (best: 2.4149e-06/2.2619e-06)
>> epoch [ 292/3000], runtime:  30.23s, train loss: 2.4327e-06 (best: 2.4149e-06/2.2619e-06)
>> epoch [ 293/3000], runtime: 30.33s, train loss: 2.3933e-06, valid loss: 2.1357e-06 , test loss: 1.7863e-04
>> epoch [ 294/3000], runtime:  30.23s, train loss: 2.5154e-06 (best: 2.3933e-06/2.1357e-06)
>> epoch [ 295/3000], runtime:  30.28s, train loss: 2.6044e-06 (best: 2.3933e-06/2.1357e-06)
>> epoch [ 296/3000], runtime:  30.32s, train loss: 2.6712e-06 (best: 2.3933e-06/2.1357e-06)
>> epoch [ 297/3000], runtime:  30.32s, train loss: 2.7982e-06 (best: 2.3933e-06/2.1357e-06)
>> epoch [ 298/3000], runtime:  30.22s, train loss: 2.4450e-06 (best: 2.3933e-06/2.1357e-06)
>> epoch [ 299/3000], runtime:  29.63s, train loss: 2.7094e-06 (best: 2.3933e-06/2.1357e-06)
>> epoch [ 300/3000], runtime:  29.63s, train loss: 2.5742e-06 (best: 2.3933e-06/2.1357e-06)
>> epoch [ 301/3000], runtime:  30.17s, train loss: 2.4575e-06 (best: 2.3933e-06/2.1357e-06)
>> epoch [ 302/3000], runtime:  30.20s, train loss: 2.3427e-06 (best: 2.3933e-06/2.1357e-06)
>> epoch [ 303/3000], runtime:  30.19s, train loss: 2.3281e-06 (best: 2.3933e-06/2.1357e-06)
>> epoch [ 304/3000], runtime:  30.20s, train loss: 2.5408e-06 (best: 2.3933e-06/2.1357e-06)
>> epoch [ 305/3000], runtime:  30.22s, train loss: 2.5047e-06 (best: 2.3933e-06/2.1357e-06)
>> epoch [ 306/3000], runtime:  30.20s, train loss: 2.8181e-06 (best: 2.3933e-06/2.1357e-06)
>> epoch [ 307/3000], runtime:  29.63s, train loss: 2.3221e-06 (best: 2.3933e-06/2.1357e-06)
>> epoch [ 308/3000], runtime:  30.20s, train loss: 2.3523e-06 (best: 2.3933e-06/2.1357e-06)
>> epoch [ 309/3000], runtime: 30.20s, train loss: 2.2291e-06, valid loss: 2.1335e-06 , test loss: 1.8407e-04
>> epoch [ 310/3000], runtime:  29.66s, train loss: 2.6198e-06 (best: 2.2291e-06/2.1335e-06)
>> epoch [ 311/3000], runtime:  30.23s, train loss: 2.5662e-06 (best: 2.2291e-06/2.1335e-06)
>> epoch [ 312/3000], runtime:  29.59s, train loss: 2.3872e-06 (best: 2.2291e-06/2.1335e-06)
>> epoch [ 313/3000], runtime:  29.88s, train loss: 2.2648e-06 (best: 2.2291e-06/2.1335e-06)
>> epoch [ 314/3000], runtime:  29.91s, train loss: 2.6287e-06 (best: 2.2291e-06/2.1335e-06)
>> epoch [ 315/3000], runtime: 30.20s, train loss: 2.1591e-06, valid loss: 2.0289e-06 , test loss: 1.8781e-04
>> epoch [ 316/3000], runtime:  29.96s, train loss: 2.0558e-06 (best: 2.1591e-06/2.0289e-06)
>> epoch [ 317/3000], runtime:  30.21s, train loss: 2.4565e-06 (best: 2.1591e-06/2.0289e-06)
>> epoch [ 318/3000], runtime:  30.20s, train loss: 2.1012e-06 (best: 2.1591e-06/2.0289e-06)
>> epoch [ 319/3000], runtime:  30.20s, train loss: 2.1509e-06 (best: 2.1591e-06/2.0289e-06)
>> epoch [ 320/3000], runtime:  30.19s, train loss: 2.1445e-06 (best: 2.1591e-06/2.0289e-06)
>> epoch [ 321/3000], runtime:  30.21s, train loss: 2.2344e-06 (best: 2.1591e-06/2.0289e-06)
>> epoch [ 322/3000], runtime:  30.19s, train loss: 2.2313e-06 (best: 2.1591e-06/2.0289e-06)
>> epoch [ 323/3000], runtime:  29.59s, train loss: 2.5871e-06 (best: 2.1591e-06/2.0289e-06)
>> epoch [ 324/3000], runtime:  29.57s, train loss: 2.3843e-06 (best: 2.1591e-06/2.0289e-06)
>> epoch [ 325/3000], runtime:  30.24s, train loss: 2.2796e-06 (best: 2.1591e-06/2.0289e-06)
>> epoch [ 326/3000], runtime:  27.57s, train loss: 2.2454e-06 (best: 2.1591e-06/2.0289e-06)
>> epoch [ 327/3000], runtime:  12.39s, train loss: 2.3075e-06 (best: 2.1591e-06/2.0289e-06)
>> epoch [ 328/3000], runtime:  9.46s, train loss: 2.0814e-06 (best: 2.1591e-06/2.0289e-06)
>> epoch [ 329/3000], runtime:  9.45s, train loss: 2.2847e-06 (best: 2.1591e-06/2.0289e-06)
>> epoch [ 330/3000], runtime:  9.44s, train loss: 2.1247e-06 (best: 2.1591e-06/2.0289e-06)
>> epoch [ 331/3000], runtime:  9.45s, train loss: 2.2376e-06 (best: 2.1591e-06/2.0289e-06)
>> epoch [ 332/3000], runtime:  9.48s, train loss: 2.1373e-06 (best: 2.1591e-06/2.0289e-06)
>> epoch [ 333/3000], runtime:  9.47s, train loss: 2.2387e-06 (best: 2.1591e-06/2.0289e-06)
>> epoch [ 334/3000], runtime:  9.45s, train loss: 2.0639e-06 (best: 2.1591e-06/2.0289e-06)
>> epoch [ 335/3000], runtime:  9.45s, train loss: 2.3191e-06 (best: 2.1591e-06/2.0289e-06)
>> epoch [ 336/3000], runtime:  9.49s, train loss: 2.3458e-06 (best: 2.1591e-06/2.0289e-06)
>> epoch [ 337/3000], runtime:  9.44s, train loss: 2.8276e-06 (best: 2.1591e-06/2.0289e-06)
>> epoch [ 338/3000], runtime: 9.45s, train loss: 2.1029e-06, valid loss: 1.9782e-06 , test loss: 1.8394e-04
>> epoch [ 339/3000], runtime:  9.46s, train loss: 2.2427e-06 (best: 2.1029e-06/1.9782e-06)
>> epoch [ 340/3000], runtime:  9.45s, train loss: 2.1332e-06 (best: 2.1029e-06/1.9782e-06)
>> epoch [ 341/3000], runtime:  9.47s, train loss: 2.7667e-06 (best: 2.1029e-06/1.9782e-06)
>> epoch [ 342/3000], runtime:  9.49s, train loss: 2.3425e-06 (best: 2.1029e-06/1.9782e-06)
>> epoch [ 343/3000], runtime:  9.47s, train loss: 2.2675e-06 (best: 2.1029e-06/1.9782e-06)
>> epoch [ 344/3000], runtime:  9.49s, train loss: 2.5127e-06 (best: 2.1029e-06/1.9782e-06)
>> epoch [ 345/3000], runtime:  9.46s, train loss: 2.7696e-06 (best: 2.1029e-06/1.9782e-06)
>> epoch [ 346/3000], runtime:  9.46s, train loss: 2.9582e-06 (best: 2.1029e-06/1.9782e-06)
>> epoch [ 347/3000], runtime: 9.46s, train loss: 2.0943e-06, valid loss: 1.9487e-06 , test loss: 1.8465e-04
>> epoch [ 348/3000], runtime:  9.49s, train loss: 2.2207e-06 (best: 2.0943e-06/1.9487e-06)
>> epoch [ 349/3000], runtime:  9.46s, train loss: 2.0895e-06 (best: 2.0943e-06/1.9487e-06)
>> epoch [ 350/3000], runtime:  9.48s, train loss: 2.1902e-06 (best: 2.0943e-06/1.9487e-06)
>> epoch [ 351/3000], runtime: 9.50s, train loss: 2.0613e-06, valid loss: 1.9006e-06 , test loss: 1.8293e-04
>> epoch [ 352/3000], runtime:  9.45s, train loss: 2.0046e-06 (best: 2.0613e-06/1.9006e-06)
>> epoch [ 353/3000], runtime:  9.44s, train loss: 2.0700e-06 (best: 2.0613e-06/1.9006e-06)
>> epoch [ 354/3000], runtime: 9.45s, train loss: 2.0412e-06, valid loss: 1.8470e-06 , test loss: 1.8276e-04
>> epoch [ 355/3000], runtime:  9.45s, train loss: 2.2716e-06 (best: 2.0412e-06/1.8470e-06)
>> epoch [ 356/3000], runtime:  9.46s, train loss: 2.1548e-06 (best: 2.0412e-06/1.8470e-06)
>> epoch [ 357/3000], runtime:  9.45s, train loss: 2.0900e-06 (best: 2.0412e-06/1.8470e-06)
>> epoch [ 358/3000], runtime:  9.46s, train loss: 2.1063e-06 (best: 2.0412e-06/1.8470e-06)
>> epoch [ 359/3000], runtime:  9.48s, train loss: 2.1639e-06 (best: 2.0412e-06/1.8470e-06)
>> epoch [ 360/3000], runtime:  9.47s, train loss: 2.1020e-06 (best: 2.0412e-06/1.8470e-06)
>> epoch [ 361/3000], runtime:  9.46s, train loss: 1.9714e-06 (best: 2.0412e-06/1.8470e-06)
>> epoch [ 362/3000], runtime:  9.44s, train loss: 1.9978e-06 (best: 2.0412e-06/1.8470e-06)
>> epoch [ 363/3000], runtime:  9.48s, train loss: 2.1489e-06 (best: 2.0412e-06/1.8470e-06)
>> epoch [ 364/3000], runtime:  9.43s, train loss: 2.0167e-06 (best: 2.0412e-06/1.8470e-06)
>> epoch [ 365/3000], runtime:  9.48s, train loss: 2.1164e-06 (best: 2.0412e-06/1.8470e-06)
>> epoch [ 366/3000], runtime:  9.47s, train loss: 2.0035e-06 (best: 2.0412e-06/1.8470e-06)
>> epoch [ 367/3000], runtime: 9.47s, train loss: 2.0030e-06, valid loss: 1.8213e-06 , test loss: 1.8801e-04
>> epoch [ 368/3000], runtime:  9.47s, train loss: 2.1091e-06 (best: 2.0030e-06/1.8213e-06)
>> epoch [ 369/3000], runtime:  9.46s, train loss: 2.0043e-06 (best: 2.0030e-06/1.8213e-06)
>> epoch [ 370/3000], runtime:  9.46s, train loss: 2.1085e-06 (best: 2.0030e-06/1.8213e-06)
>> epoch [ 371/3000], runtime:  9.46s, train loss: 2.3670e-06 (best: 2.0030e-06/1.8213e-06)
>> epoch [ 372/3000], runtime:  9.44s, train loss: 2.7830e-06 (best: 2.0030e-06/1.8213e-06)
>> epoch [ 373/3000], runtime:  9.46s, train loss: 2.2283e-06 (best: 2.0030e-06/1.8213e-06)
>> epoch [ 374/3000], runtime:  9.45s, train loss: 2.2351e-06 (best: 2.0030e-06/1.8213e-06)
>> epoch [ 375/3000], runtime:  9.45s, train loss: 2.0294e-06 (best: 2.0030e-06/1.8213e-06)
>> epoch [ 376/3000], runtime:  9.45s, train loss: 2.1875e-06 (best: 2.0030e-06/1.8213e-06)
>> epoch [ 377/3000], runtime:  9.47s, train loss: 2.0087e-06 (best: 2.0030e-06/1.8213e-06)
>> epoch [ 378/3000], runtime:  9.46s, train loss: 1.9384e-06 (best: 2.0030e-06/1.8213e-06)
>> epoch [ 379/3000], runtime:  9.45s, train loss: 2.0532e-06 (best: 2.0030e-06/1.8213e-06)
>> epoch [ 380/3000], runtime:  9.46s, train loss: 1.9796e-06 (best: 2.0030e-06/1.8213e-06)
>> epoch [ 381/3000], runtime:  9.45s, train loss: 1.9649e-06 (best: 2.0030e-06/1.8213e-06)
>> epoch [ 382/3000], runtime:  9.45s, train loss: 2.2660e-06 (best: 2.0030e-06/1.8213e-06)
>> epoch [ 383/3000], runtime:  9.47s, train loss: 2.1929e-06 (best: 2.0030e-06/1.8213e-06)
>> epoch [ 384/3000], runtime:  9.45s, train loss: 2.0046e-06 (best: 2.0030e-06/1.8213e-06)
>> epoch [ 385/3000], runtime:  9.45s, train loss: 1.9282e-06 (best: 2.0030e-06/1.8213e-06)
>> epoch [ 386/3000], runtime:  9.47s, train loss: 2.0633e-06 (best: 2.0030e-06/1.8213e-06)
>> epoch [ 387/3000], runtime:  9.47s, train loss: 2.0296e-06 (best: 2.0030e-06/1.8213e-06)
>> epoch [ 388/3000], runtime:  9.48s, train loss: 2.0624e-06 (best: 2.0030e-06/1.8213e-06)
>> epoch [ 389/3000], runtime:  9.48s, train loss: 2.2379e-06 (best: 2.0030e-06/1.8213e-06)
>> epoch [ 390/3000], runtime:  9.43s, train loss: 2.1871e-06 (best: 2.0030e-06/1.8213e-06)
>> epoch [ 391/3000], runtime:  9.45s, train loss: 1.9112e-06 (best: 2.0030e-06/1.8213e-06)
>> epoch [ 392/3000], runtime:  9.47s, train loss: 2.0022e-06 (best: 2.0030e-06/1.8213e-06)
>> epoch [ 393/3000], runtime:  9.46s, train loss: 2.0534e-06 (best: 2.0030e-06/1.8213e-06)
>> epoch [ 394/3000], runtime:  9.44s, train loss: 2.0203e-06 (best: 2.0030e-06/1.8213e-06)
>> epoch [ 395/3000], runtime:  9.49s, train loss: 2.0036e-06 (best: 2.0030e-06/1.8213e-06)
>> epoch [ 396/3000], runtime: 9.47s, train loss: 1.9679e-06, valid loss: 1.8000e-06 , test loss: 1.9004e-04
>> epoch [ 397/3000], runtime:  9.46s, train loss: 2.1070e-06 (best: 1.9679e-06/1.8000e-06)
>> epoch [ 398/3000], runtime:  9.48s, train loss: 2.0557e-06 (best: 1.9679e-06/1.8000e-06)
>> epoch [ 399/3000], runtime:  9.45s, train loss: 1.8827e-06 (best: 1.9679e-06/1.8000e-06)
>> epoch [ 400/3000], runtime:  9.46s, train loss: 1.9855e-06 (best: 1.9679e-06/1.8000e-06)
>> epoch [ 401/3000], runtime:  9.46s, train loss: 2.0484e-06 (best: 1.9679e-06/1.8000e-06)
>> epoch [ 402/3000], runtime:  9.44s, train loss: 2.0346e-06 (best: 1.9679e-06/1.8000e-06)
>> epoch [ 403/3000], runtime:  9.46s, train loss: 1.9120e-06 (best: 1.9679e-06/1.8000e-06)
>> epoch [ 404/3000], runtime:  9.45s, train loss: 1.9805e-06 (best: 1.9679e-06/1.8000e-06)
>> epoch [ 405/3000], runtime:  9.45s, train loss: 1.9247e-06 (best: 1.9679e-06/1.8000e-06)
>> epoch [ 406/3000], runtime:  9.46s, train loss: 2.1145e-06 (best: 1.9679e-06/1.8000e-06)
>> epoch [ 407/3000], runtime:  9.46s, train loss: 1.9776e-06 (best: 1.9679e-06/1.8000e-06)
>> epoch [ 408/3000], runtime:  9.44s, train loss: 1.9407e-06 (best: 1.9679e-06/1.8000e-06)
>> epoch [ 409/3000], runtime:  9.47s, train loss: 2.2613e-06 (best: 1.9679e-06/1.8000e-06)
>> epoch [ 410/3000], runtime:  9.46s, train loss: 2.0104e-06 (best: 1.9679e-06/1.8000e-06)
>> epoch [ 411/3000], runtime:  9.46s, train loss: 2.0346e-06 (best: 1.9679e-06/1.8000e-06)
>> epoch [ 412/3000], runtime:  9.45s, train loss: 2.0227e-06 (best: 1.9679e-06/1.8000e-06)
>> epoch [ 413/3000], runtime:  9.44s, train loss: 2.0159e-06 (best: 1.9679e-06/1.8000e-06)
>> epoch [ 414/3000], runtime:  9.47s, train loss: 1.8983e-06 (best: 1.9679e-06/1.8000e-06)
>> epoch [ 415/3000], runtime:  9.47s, train loss: 2.0949e-06 (best: 1.9679e-06/1.8000e-06)
>> epoch [ 416/3000], runtime:  9.44s, train loss: 2.0184e-06 (best: 1.9679e-06/1.8000e-06)
>> epoch [ 417/3000], runtime:  9.44s, train loss: 1.9294e-06 (best: 1.9679e-06/1.8000e-06)
>> epoch [ 418/3000], runtime:  9.48s, train loss: 1.9176e-06 (best: 1.9679e-06/1.8000e-06)
>> epoch [ 419/3000], runtime: 9.44s, train loss: 1.9303e-06, valid loss: 1.7902e-06 , test loss: 1.8745e-04
>> epoch [ 420/3000], runtime:  9.45s, train loss: 2.0645e-06 (best: 1.9303e-06/1.7902e-06)
>> epoch [ 421/3000], runtime:  9.48s, train loss: 1.9427e-06 (best: 1.9303e-06/1.7902e-06)
>> epoch [ 422/3000], runtime:  9.44s, train loss: 2.0235e-06 (best: 1.9303e-06/1.7902e-06)
>> epoch [ 423/3000], runtime:  9.48s, train loss: 1.8627e-06 (best: 1.9303e-06/1.7902e-06)
>> epoch [ 424/3000], runtime:  9.45s, train loss: 1.9256e-06 (best: 1.9303e-06/1.7902e-06)
>> epoch [ 425/3000], runtime:  9.48s, train loss: 2.0486e-06 (best: 1.9303e-06/1.7902e-06)
>> epoch [ 426/3000], runtime:  9.45s, train loss: 2.0453e-06 (best: 1.9303e-06/1.7902e-06)
>> epoch [ 427/3000], runtime:  9.46s, train loss: 1.9910e-06 (best: 1.9303e-06/1.7902e-06)
>> epoch [ 428/3000], runtime:  9.48s, train loss: 2.0632e-06 (best: 1.9303e-06/1.7902e-06)
>> epoch [ 429/3000], runtime:  9.48s, train loss: 2.1196e-06 (best: 1.9303e-06/1.7902e-06)
>> epoch [ 430/3000], runtime:  9.48s, train loss: 2.1977e-06 (best: 1.9303e-06/1.7902e-06)
>> epoch [ 431/3000], runtime:  9.45s, train loss: 2.0390e-06 (best: 1.9303e-06/1.7902e-06)
>> epoch [ 432/3000], runtime:  9.47s, train loss: 1.9780e-06 (best: 1.9303e-06/1.7902e-06)
>> epoch [ 433/3000], runtime:  9.46s, train loss: 1.9011e-06 (best: 1.9303e-06/1.7902e-06)
>> epoch [ 434/3000], runtime: 9.49s, train loss: 1.8729e-06, valid loss: 1.7706e-06 , test loss: 1.9067e-04
>> epoch [ 435/3000], runtime:  9.49s, train loss: 1.9160e-06 (best: 1.8729e-06/1.7706e-06)
>> epoch [ 436/3000], runtime:  9.45s, train loss: 2.1147e-06 (best: 1.8729e-06/1.7706e-06)
>> epoch [ 437/3000], runtime:  9.46s, train loss: 1.9143e-06 (best: 1.8729e-06/1.7706e-06)
>> epoch [ 438/3000], runtime:  9.48s, train loss: 1.9036e-06 (best: 1.8729e-06/1.7706e-06)
>> epoch [ 439/3000], runtime:  9.44s, train loss: 1.8570e-06 (best: 1.8729e-06/1.7706e-06)
>> epoch [ 440/3000], runtime:  9.46s, train loss: 1.9347e-06 (best: 1.8729e-06/1.7706e-06)
>> epoch [ 441/3000], runtime:  9.45s, train loss: 1.9639e-06 (best: 1.8729e-06/1.7706e-06)
>> epoch [ 442/3000], runtime:  9.45s, train loss: 1.9191e-06 (best: 1.8729e-06/1.7706e-06)
>> epoch [ 443/3000], runtime:  9.45s, train loss: 1.9250e-06 (best: 1.8729e-06/1.7706e-06)
>> epoch [ 444/3000], runtime:  9.48s, train loss: 1.9363e-06 (best: 1.8729e-06/1.7706e-06)
>> epoch [ 445/3000], runtime:  9.47s, train loss: 1.9275e-06 (best: 1.8729e-06/1.7706e-06)
>> epoch [ 446/3000], runtime:  9.45s, train loss: 1.9244e-06 (best: 1.8729e-06/1.7706e-06)
>> epoch [ 447/3000], runtime:  9.47s, train loss: 1.8553e-06 (best: 1.8729e-06/1.7706e-06)
>> epoch [ 448/3000], runtime:  9.45s, train loss: 1.9390e-06 (best: 1.8729e-06/1.7706e-06)
>> epoch [ 449/3000], runtime:  9.45s, train loss: 2.0382e-06 (best: 1.8729e-06/1.7706e-06)
>> epoch [ 450/3000], runtime:  9.47s, train loss: 1.9156e-06 (best: 1.8729e-06/1.7706e-06)
>> epoch [ 451/3000], runtime:  9.47s, train loss: 1.9153e-06 (best: 1.8729e-06/1.7706e-06)
>> epoch [ 452/3000], runtime:  9.48s, train loss: 1.8852e-06 (best: 1.8729e-06/1.7706e-06)
>> epoch [ 453/3000], runtime:  9.46s, train loss: 1.9009e-06 (best: 1.8729e-06/1.7706e-06)
>> epoch [ 454/3000], runtime:  9.48s, train loss: 1.9286e-06 (best: 1.8729e-06/1.7706e-06)
>> epoch [ 455/3000], runtime:  9.44s, train loss: 1.9426e-06 (best: 1.8729e-06/1.7706e-06)
>> epoch [ 456/3000], runtime:  9.48s, train loss: 1.9054e-06 (best: 1.8729e-06/1.7706e-06)
>> epoch [ 457/3000], runtime:  9.45s, train loss: 1.8127e-06 (best: 1.8729e-06/1.7706e-06)
>> epoch [ 458/3000], runtime:  9.45s, train loss: 1.8641e-06 (best: 1.8729e-06/1.7706e-06)
>> epoch [ 459/3000], runtime:  9.46s, train loss: 1.8598e-06 (best: 1.8729e-06/1.7706e-06)
>> epoch [ 460/3000], runtime:  9.44s, train loss: 1.9073e-06 (best: 1.8729e-06/1.7706e-06)
>> epoch [ 461/3000], runtime:  9.46s, train loss: 1.8934e-06 (best: 1.8729e-06/1.7706e-06)
>> epoch [ 462/3000], runtime:  9.45s, train loss: 1.8653e-06 (best: 1.8729e-06/1.7706e-06)
>> epoch [ 463/3000], runtime:  9.46s, train loss: 1.9359e-06 (best: 1.8729e-06/1.7706e-06)
>> epoch [ 464/3000], runtime:  9.47s, train loss: 1.8929e-06 (best: 1.8729e-06/1.7706e-06)
>> epoch [ 465/3000], runtime:  9.47s, train loss: 1.8364e-06 (best: 1.8729e-06/1.7706e-06)
>> epoch [ 466/3000], runtime: 9.47s, train loss: 1.8356e-06, valid loss: 1.7475e-06 , test loss: 1.9171e-04
>> epoch [ 467/3000], runtime:  9.45s, train loss: 1.9568e-06 (best: 1.8356e-06/1.7475e-06)
>> epoch [ 468/3000], runtime:  9.48s, train loss: 1.9170e-06 (best: 1.8356e-06/1.7475e-06)
>> epoch [ 469/3000], runtime:  9.44s, train loss: 1.8458e-06 (best: 1.8356e-06/1.7475e-06)
>> epoch [ 470/3000], runtime:  9.48s, train loss: 1.8681e-06 (best: 1.8356e-06/1.7475e-06)
>> epoch [ 471/3000], runtime:  9.46s, train loss: 1.8877e-06 (best: 1.8356e-06/1.7475e-06)
>> epoch [ 472/3000], runtime:  9.46s, train loss: 1.8159e-06 (best: 1.8356e-06/1.7475e-06)
>> epoch [ 473/3000], runtime:  9.45s, train loss: 1.7961e-06 (best: 1.8356e-06/1.7475e-06)
>> epoch [ 474/3000], runtime:  9.44s, train loss: 1.9280e-06 (best: 1.8356e-06/1.7475e-06)
>> epoch [ 475/3000], runtime:  9.45s, train loss: 1.7758e-06 (best: 1.8356e-06/1.7475e-06)
>> epoch [ 476/3000], runtime: 9.48s, train loss: 1.8188e-06, valid loss: 1.7312e-06 , test loss: 1.9220e-04
>> epoch [ 477/3000], runtime:  9.44s, train loss: 1.8524e-06 (best: 1.8188e-06/1.7312e-06)
>> epoch [ 478/3000], runtime:  9.48s, train loss: 1.8759e-06 (best: 1.8188e-06/1.7312e-06)
>> epoch [ 479/3000], runtime:  9.45s, train loss: 1.8293e-06 (best: 1.8188e-06/1.7312e-06)
>> epoch [ 480/3000], runtime:  9.45s, train loss: 1.8591e-06 (best: 1.8188e-06/1.7312e-06)
>> epoch [ 481/3000], runtime:  9.47s, train loss: 1.9653e-06 (best: 1.8188e-06/1.7312e-06)
>> epoch [ 482/3000], runtime:  9.46s, train loss: 1.8784e-06 (best: 1.8188e-06/1.7312e-06)
>> epoch [ 483/3000], runtime:  9.45s, train loss: 1.8420e-06 (best: 1.8188e-06/1.7312e-06)
>> epoch [ 484/3000], runtime:  9.45s, train loss: 1.8437e-06 (best: 1.8188e-06/1.7312e-06)
>> epoch [ 485/3000], runtime:  9.47s, train loss: 1.8205e-06 (best: 1.8188e-06/1.7312e-06)
>> epoch [ 486/3000], runtime:  9.47s, train loss: 1.8851e-06 (best: 1.8188e-06/1.7312e-06)
>> epoch [ 487/3000], runtime:  9.44s, train loss: 1.7708e-06 (best: 1.8188e-06/1.7312e-06)
>> epoch [ 488/3000], runtime:  9.51s, train loss: 1.7877e-06 (best: 1.8188e-06/1.7312e-06)
>> epoch [ 489/3000], runtime:  9.49s, train loss: 1.8228e-06 (best: 1.8188e-06/1.7312e-06)
>> epoch [ 490/3000], runtime:  9.45s, train loss: 1.8515e-06 (best: 1.8188e-06/1.7312e-06)
>> epoch [ 491/3000], runtime:  9.49s, train loss: 1.8296e-06 (best: 1.8188e-06/1.7312e-06)
>> epoch [ 492/3000], runtime:  9.45s, train loss: 1.9123e-06 (best: 1.8188e-06/1.7312e-06)
>> epoch [ 493/3000], runtime:  9.45s, train loss: 1.8100e-06 (best: 1.8188e-06/1.7312e-06)
>> epoch [ 494/3000], runtime:  9.45s, train loss: 1.8140e-06 (best: 1.8188e-06/1.7312e-06)
>> epoch [ 495/3000], runtime:  9.44s, train loss: 1.8565e-06 (best: 1.8188e-06/1.7312e-06)
>> epoch [ 496/3000], runtime:  9.46s, train loss: 1.8621e-06 (best: 1.8188e-06/1.7312e-06)
>> epoch [ 497/3000], runtime:  9.45s, train loss: 1.7811e-06 (best: 1.8188e-06/1.7312e-06)
>> epoch [ 498/3000], runtime:  9.47s, train loss: 1.9084e-06 (best: 1.8188e-06/1.7312e-06)
>> epoch [ 499/3000], runtime:  9.47s, train loss: 1.9487e-06 (best: 1.8188e-06/1.7312e-06)
>> epoch [ 500/3000], runtime:  9.45s, train loss: 1.8663e-06 (best: 1.8188e-06/1.7312e-06)
>> epoch [ 501/3000], runtime:  9.47s, train loss: 1.8070e-06 (best: 1.8188e-06/1.7312e-06)
>> epoch [ 502/3000], runtime:  9.45s, train loss: 1.8354e-06 (best: 1.8188e-06/1.7312e-06)
>> epoch [ 503/3000], runtime:  9.45s, train loss: 1.8121e-06 (best: 1.8188e-06/1.7312e-06)
>> epoch [ 504/3000], runtime:  9.43s, train loss: 1.7795e-06 (best: 1.8188e-06/1.7312e-06)
>> epoch [ 505/3000], runtime:  9.45s, train loss: 1.7856e-06 (best: 1.8188e-06/1.7312e-06)
>> epoch [ 506/3000], runtime: 9.49s, train loss: 1.8046e-06, valid loss: 1.7188e-06 , test loss: 1.9148e-04
>> epoch [ 507/3000], runtime:  9.46s, train loss: 1.7616e-06 (best: 1.8046e-06/1.7188e-06)
>> epoch [ 508/3000], runtime: 9.45s, train loss: 1.7524e-06, valid loss: 1.7162e-06 , test loss: 1.9198e-04
>> epoch [ 509/3000], runtime:  9.48s, train loss: 1.8121e-06 (best: 1.7524e-06/1.7162e-06)
>> epoch [ 510/3000], runtime:  9.44s, train loss: 1.8687e-06 (best: 1.7524e-06/1.7162e-06)
>> epoch [ 511/3000], runtime:  9.43s, train loss: 1.8575e-06 (best: 1.7524e-06/1.7162e-06)
>> epoch [ 512/3000], runtime:  9.44s, train loss: 1.8412e-06 (best: 1.7524e-06/1.7162e-06)
>> epoch [ 513/3000], runtime:  9.46s, train loss: 1.9400e-06 (best: 1.7524e-06/1.7162e-06)
>> epoch [ 514/3000], runtime:  9.46s, train loss: 2.0301e-06 (best: 1.7524e-06/1.7162e-06)
>> epoch [ 515/3000], runtime:  9.46s, train loss: 1.8127e-06 (best: 1.7524e-06/1.7162e-06)
>> epoch [ 516/3000], runtime:  9.45s, train loss: 1.7656e-06 (best: 1.7524e-06/1.7162e-06)
>> epoch [ 517/3000], runtime: 9.46s, train loss: 1.7457e-06, valid loss: 1.7085e-06 , test loss: 1.9200e-04
>> epoch [ 518/3000], runtime:  9.45s, train loss: 1.7461e-06 (best: 1.7457e-06/1.7085e-06)
>> epoch [ 519/3000], runtime:  9.46s, train loss: 1.9043e-06 (best: 1.7457e-06/1.7085e-06)
>> epoch [ 520/3000], runtime:  9.44s, train loss: 1.8393e-06 (best: 1.7457e-06/1.7085e-06)
>> epoch [ 521/3000], runtime:  9.44s, train loss: 1.7781e-06 (best: 1.7457e-06/1.7085e-06)
>> epoch [ 522/3000], runtime:  9.45s, train loss: 1.7833e-06 (best: 1.7457e-06/1.7085e-06)
>> epoch [ 523/3000], runtime:  9.48s, train loss: 1.7772e-06 (best: 1.7457e-06/1.7085e-06)
>> epoch [ 524/3000], runtime:  9.47s, train loss: 1.7579e-06 (best: 1.7457e-06/1.7085e-06)
>> epoch [ 525/3000], runtime:  9.45s, train loss: 1.7828e-06 (best: 1.7457e-06/1.7085e-06)
>> epoch [ 526/3000], runtime:  9.46s, train loss: 1.8249e-06 (best: 1.7457e-06/1.7085e-06)
>> epoch [ 527/3000], runtime:  9.46s, train loss: 1.7906e-06 (best: 1.7457e-06/1.7085e-06)
>> epoch [ 528/3000], runtime:  9.47s, train loss: 1.7634e-06 (best: 1.7457e-06/1.7085e-06)
>> epoch [ 529/3000], runtime:  9.46s, train loss: 1.8274e-06 (best: 1.7457e-06/1.7085e-06)
>> epoch [ 530/3000], runtime:  9.47s, train loss: 1.9069e-06 (best: 1.7457e-06/1.7085e-06)
>> epoch [ 531/3000], runtime:  9.46s, train loss: 1.8138e-06 (best: 1.7457e-06/1.7085e-06)
>> epoch [ 532/3000], runtime:  9.48s, train loss: 1.7788e-06 (best: 1.7457e-06/1.7085e-06)
>> epoch [ 533/3000], runtime:  9.47s, train loss: 1.7217e-06 (best: 1.7457e-06/1.7085e-06)
>> epoch [ 534/3000], runtime:  9.45s, train loss: 1.8029e-06 (best: 1.7457e-06/1.7085e-06)
>> epoch [ 535/3000], runtime:  9.47s, train loss: 1.8060e-06 (best: 1.7457e-06/1.7085e-06)
>> epoch [ 536/3000], runtime:  9.46s, train loss: 1.7810e-06 (best: 1.7457e-06/1.7085e-06)
>> epoch [ 537/3000], runtime:  9.46s, train loss: 1.7835e-06 (best: 1.7457e-06/1.7085e-06)
>> epoch [ 538/3000], runtime:  9.47s, train loss: 1.8097e-06 (best: 1.7457e-06/1.7085e-06)
>> epoch [ 539/3000], runtime:  9.44s, train loss: 1.8046e-06 (best: 1.7457e-06/1.7085e-06)
>> epoch [ 540/3000], runtime:  9.46s, train loss: 1.7931e-06 (best: 1.7457e-06/1.7085e-06)
>> epoch [ 541/3000], runtime:  9.47s, train loss: 1.8823e-06 (best: 1.7457e-06/1.7085e-06)
>> epoch [ 542/3000], runtime:  9.48s, train loss: 1.8311e-06 (best: 1.7457e-06/1.7085e-06)
>> epoch [ 543/3000], runtime:  9.47s, train loss: 1.7689e-06 (best: 1.7457e-06/1.7085e-06)
>> epoch [ 544/3000], runtime:  9.46s, train loss: 1.7671e-06 (best: 1.7457e-06/1.7085e-06)
>> epoch [ 545/3000], runtime:  9.47s, train loss: 1.8385e-06 (best: 1.7457e-06/1.7085e-06)
>> epoch [ 546/3000], runtime:  9.46s, train loss: 1.7222e-06 (best: 1.7457e-06/1.7085e-06)
>> epoch [ 547/3000], runtime:  9.44s, train loss: 1.7868e-06 (best: 1.7457e-06/1.7085e-06)
>> epoch [ 548/3000], runtime:  9.44s, train loss: 1.7865e-06 (best: 1.7457e-06/1.7085e-06)
>> epoch [ 549/3000], runtime:  9.48s, train loss: 1.7967e-06 (best: 1.7457e-06/1.7085e-06)
>> epoch [ 550/3000], runtime:  9.46s, train loss: 1.7929e-06 (best: 1.7457e-06/1.7085e-06)
>> epoch [ 551/3000], runtime:  9.47s, train loss: 1.7918e-06 (best: 1.7457e-06/1.7085e-06)
>> epoch [ 552/3000], runtime:  9.47s, train loss: 1.7924e-06 (best: 1.7457e-06/1.7085e-06)
>> epoch [ 553/3000], runtime:  9.46s, train loss: 1.7661e-06 (best: 1.7457e-06/1.7085e-06)
>> epoch [ 554/3000], runtime:  9.47s, train loss: 1.7732e-06 (best: 1.7457e-06/1.7085e-06)
>> epoch [ 555/3000], runtime:  9.46s, train loss: 1.8598e-06 (best: 1.7457e-06/1.7085e-06)
>> epoch [ 556/3000], runtime:  9.46s, train loss: 1.7533e-06 (best: 1.7457e-06/1.7085e-06)
>> epoch [ 557/3000], runtime:  9.43s, train loss: 1.8250e-06 (best: 1.7457e-06/1.7085e-06)
>> epoch [ 558/3000], runtime:  9.46s, train loss: 1.8442e-06 (best: 1.7457e-06/1.7085e-06)
>> epoch [ 559/3000], runtime:  9.45s, train loss: 1.7465e-06 (best: 1.7457e-06/1.7085e-06)
>> epoch [ 560/3000], runtime:  9.47s, train loss: 1.7985e-06 (best: 1.7457e-06/1.7085e-06)
>> epoch [ 561/3000], runtime:  9.45s, train loss: 1.7937e-06 (best: 1.7457e-06/1.7085e-06)
>> epoch [ 562/3000], runtime:  9.47s, train loss: 1.7758e-06 (best: 1.7457e-06/1.7085e-06)
>> epoch [ 563/3000], runtime:  9.46s, train loss: 1.8061e-06 (best: 1.7457e-06/1.7085e-06)
>> epoch [ 564/3000], runtime:  9.45s, train loss: 1.7495e-06 (best: 1.7457e-06/1.7085e-06)
>> epoch [ 565/3000], runtime:  9.45s, train loss: 1.7810e-06 (best: 1.7457e-06/1.7085e-06)
>> epoch [ 566/3000], runtime:  9.45s, train loss: 1.8345e-06 (best: 1.7457e-06/1.7085e-06)
>> epoch [ 567/3000], runtime: 9.46s, train loss: 1.7424e-06, valid loss: 1.6966e-06 , test loss: 1.9368e-04
>> epoch [ 568/3000], runtime:  9.45s, train loss: 1.7908e-06 (best: 1.7424e-06/1.6966e-06)
>> epoch [ 569/3000], runtime:  9.45s, train loss: 1.7589e-06 (best: 1.7424e-06/1.6966e-06)
>> epoch [ 570/3000], runtime:  9.45s, train loss: 1.7685e-06 (best: 1.7424e-06/1.6966e-06)
>> epoch [ 571/3000], runtime:  9.47s, train loss: 1.7669e-06 (best: 1.7424e-06/1.6966e-06)
>> epoch [ 572/3000], runtime:  9.46s, train loss: 1.7626e-06 (best: 1.7424e-06/1.6966e-06)
>> epoch [ 573/3000], runtime:  9.45s, train loss: 1.8172e-06 (best: 1.7424e-06/1.6966e-06)
>> epoch [ 574/3000], runtime:  9.45s, train loss: 1.7788e-06 (best: 1.7424e-06/1.6966e-06)
>> epoch [ 575/3000], runtime:  9.45s, train loss: 1.7100e-06 (best: 1.7424e-06/1.6966e-06)
>> epoch [ 576/3000], runtime:  9.47s, train loss: 1.7166e-06 (best: 1.7424e-06/1.6966e-06)
>> epoch [ 577/3000], runtime:  9.49s, train loss: 1.7784e-06 (best: 1.7424e-06/1.6966e-06)
>> epoch [ 578/3000], runtime:  9.45s, train loss: 1.7765e-06 (best: 1.7424e-06/1.6966e-06)
>> epoch [ 579/3000], runtime:  9.46s, train loss: 1.8024e-06 (best: 1.7424e-06/1.6966e-06)
>> epoch [ 580/3000], runtime:  9.48s, train loss: 1.7551e-06 (best: 1.7424e-06/1.6966e-06)
>> epoch [ 581/3000], runtime:  9.49s, train loss: 1.7070e-06 (best: 1.7424e-06/1.6966e-06)
>> epoch [ 582/3000], runtime:  9.46s, train loss: 1.8783e-06 (best: 1.7424e-06/1.6966e-06)
>> epoch [ 583/3000], runtime:  9.46s, train loss: 1.8047e-06 (best: 1.7424e-06/1.6966e-06)
>> epoch [ 584/3000], runtime:  9.46s, train loss: 1.7822e-06 (best: 1.7424e-06/1.6966e-06)
>> epoch [ 585/3000], runtime:  9.44s, train loss: 1.7954e-06 (best: 1.7424e-06/1.6966e-06)
>> epoch [ 586/3000], runtime:  9.47s, train loss: 1.7955e-06 (best: 1.7424e-06/1.6966e-06)
>> epoch [ 587/3000], runtime:  9.47s, train loss: 1.7606e-06 (best: 1.7424e-06/1.6966e-06)
>> epoch [ 588/3000], runtime: 9.45s, train loss: 1.7169e-06, valid loss: 1.6944e-06 , test loss: 1.9395e-04
>> epoch [ 589/3000], runtime:  9.44s, train loss: 1.8413e-06 (best: 1.7169e-06/1.6944e-06)
>> epoch [ 590/3000], runtime:  9.46s, train loss: 1.7445e-06 (best: 1.7169e-06/1.6944e-06)
>> epoch [ 591/3000], runtime:  9.48s, train loss: 1.7493e-06 (best: 1.7169e-06/1.6944e-06)
>> epoch [ 592/3000], runtime:  9.44s, train loss: 1.7990e-06 (best: 1.7169e-06/1.6944e-06)
>> epoch [ 593/3000], runtime:  9.47s, train loss: 1.7512e-06 (best: 1.7169e-06/1.6944e-06)
>> epoch [ 594/3000], runtime:  9.46s, train loss: 1.8120e-06 (best: 1.7169e-06/1.6944e-06)
>> epoch [ 595/3000], runtime:  9.45s, train loss: 1.8021e-06 (best: 1.7169e-06/1.6944e-06)
>> epoch [ 596/3000], runtime:  9.46s, train loss: 1.7505e-06 (best: 1.7169e-06/1.6944e-06)
>> epoch [ 597/3000], runtime:  9.46s, train loss: 1.7892e-06 (best: 1.7169e-06/1.6944e-06)
>> epoch [ 598/3000], runtime:  9.47s, train loss: 1.7693e-06 (best: 1.7169e-06/1.6944e-06)
>> epoch [ 599/3000], runtime:  9.48s, train loss: 1.8041e-06 (best: 1.7169e-06/1.6944e-06)
>> epoch [ 600/3000], runtime:  9.46s, train loss: 1.8030e-06 (best: 1.7169e-06/1.6944e-06)
>> epoch [ 601/3000], runtime:  9.43s, train loss: 1.7601e-06 (best: 1.7169e-06/1.6944e-06)
>> epoch [ 602/3000], runtime:  9.45s, train loss: 1.7879e-06 (best: 1.7169e-06/1.6944e-06)
>> epoch [ 603/3000], runtime:  9.46s, train loss: 1.7416e-06 (best: 1.7169e-06/1.6944e-06)
>> epoch [ 604/3000], runtime:  9.47s, train loss: 1.7894e-06 (best: 1.7169e-06/1.6944e-06)
>> epoch [ 605/3000], runtime:  9.44s, train loss: 1.7461e-06 (best: 1.7169e-06/1.6944e-06)
>> epoch [ 606/3000], runtime:  9.45s, train loss: 1.7610e-06 (best: 1.7169e-06/1.6944e-06)
>> epoch [ 607/3000], runtime:  9.47s, train loss: 1.7507e-06 (best: 1.7169e-06/1.6944e-06)
>> epoch [ 608/3000], runtime:  9.47s, train loss: 1.7356e-06 (best: 1.7169e-06/1.6944e-06)
>> epoch [ 609/3000], runtime:  9.48s, train loss: 1.7215e-06 (best: 1.7169e-06/1.6944e-06)
>> epoch [ 610/3000], runtime:  9.47s, train loss: 1.7528e-06 (best: 1.7169e-06/1.6944e-06)
>> epoch [ 611/3000], runtime:  9.44s, train loss: 1.7529e-06 (best: 1.7169e-06/1.6944e-06)
>> epoch [ 612/3000], runtime:  9.47s, train loss: 1.7425e-06 (best: 1.7169e-06/1.6944e-06)
>> epoch [ 613/3000], runtime:  9.47s, train loss: 1.7343e-06 (best: 1.7169e-06/1.6944e-06)
>> epoch [ 614/3000], runtime:  9.47s, train loss: 1.7287e-06 (best: 1.7169e-06/1.6944e-06)
>> epoch [ 615/3000], runtime:  9.44s, train loss: 1.7204e-06 (best: 1.7169e-06/1.6944e-06)
>> epoch [ 616/3000], runtime:  9.44s, train loss: 1.7833e-06 (best: 1.7169e-06/1.6944e-06)
>> epoch [ 617/3000], runtime:  9.47s, train loss: 1.7461e-06 (best: 1.7169e-06/1.6944e-06)
>> epoch [ 618/3000], runtime:  9.46s, train loss: 1.7976e-06 (best: 1.7169e-06/1.6944e-06)
>> epoch [ 619/3000], runtime:  9.46s, train loss: 1.6754e-06 (best: 1.7169e-06/1.6944e-06)
>> epoch [ 620/3000], runtime:  9.44s, train loss: 1.7529e-06 (best: 1.7169e-06/1.6944e-06)
>> epoch [ 621/3000], runtime:  9.46s, train loss: 1.7830e-06 (best: 1.7169e-06/1.6944e-06)
>> epoch [ 622/3000], runtime:  9.48s, train loss: 1.7551e-06 (best: 1.7169e-06/1.6944e-06)
>> epoch [ 623/3000], runtime:  9.45s, train loss: 1.7418e-06 (best: 1.7169e-06/1.6944e-06)
>> epoch [ 624/3000], runtime:  9.46s, train loss: 1.7960e-06 (best: 1.7169e-06/1.6944e-06)
>> epoch [ 625/3000], runtime: 9.49s, train loss: 1.7001e-06, valid loss: 1.6849e-06 , test loss: 1.9429e-04
>> epoch [ 626/3000], runtime:  9.46s, train loss: 1.7668e-06 (best: 1.7001e-06/1.6849e-06)
>> epoch [ 627/3000], runtime:  9.46s, train loss: 1.7979e-06 (best: 1.7001e-06/1.6849e-06)
>> epoch [ 628/3000], runtime:  9.49s, train loss: 1.7287e-06 (best: 1.7001e-06/1.6849e-06)
>> epoch [ 629/3000], runtime:  9.46s, train loss: 1.7532e-06 (best: 1.7001e-06/1.6849e-06)
>> epoch [ 630/3000], runtime:  9.47s, train loss: 1.7873e-06 (best: 1.7001e-06/1.6849e-06)
>> epoch [ 631/3000], runtime:  9.45s, train loss: 1.7646e-06 (best: 1.7001e-06/1.6849e-06)
>> epoch [ 632/3000], runtime:  9.45s, train loss: 1.7520e-06 (best: 1.7001e-06/1.6849e-06)
>> epoch [ 633/3000], runtime:  9.46s, train loss: 1.7359e-06 (best: 1.7001e-06/1.6849e-06)
>> epoch [ 634/3000], runtime:  9.47s, train loss: 1.8251e-06 (best: 1.7001e-06/1.6849e-06)
>> epoch [ 635/3000], runtime:  9.46s, train loss: 1.7558e-06 (best: 1.7001e-06/1.6849e-06)
>> epoch [ 636/3000], runtime:  9.45s, train loss: 1.8072e-06 (best: 1.7001e-06/1.6849e-06)
>> epoch [ 637/3000], runtime:  9.47s, train loss: 1.8097e-06 (best: 1.7001e-06/1.6849e-06)
>> epoch [ 638/3000], runtime:  9.45s, train loss: 1.7516e-06 (best: 1.7001e-06/1.6849e-06)
>> epoch [ 639/3000], runtime:  9.47s, train loss: 1.7913e-06 (best: 1.7001e-06/1.6849e-06)
>> epoch [ 640/3000], runtime:  9.46s, train loss: 1.7668e-06 (best: 1.7001e-06/1.6849e-06)
>> epoch [ 641/3000], runtime:  9.46s, train loss: 1.7441e-06 (best: 1.7001e-06/1.6849e-06)
>> epoch [ 642/3000], runtime:  9.49s, train loss: 1.6818e-06 (best: 1.7001e-06/1.6849e-06)
>> epoch [ 643/3000], runtime:  9.47s, train loss: 1.7347e-06 (best: 1.7001e-06/1.6849e-06)
>> epoch [ 644/3000], runtime:  9.48s, train loss: 1.7160e-06 (best: 1.7001e-06/1.6849e-06)
>> epoch [ 645/3000], runtime:  9.44s, train loss: 1.7566e-06 (best: 1.7001e-06/1.6849e-06)
>> epoch [ 646/3000], runtime:  9.47s, train loss: 1.7420e-06 (best: 1.7001e-06/1.6849e-06)
>> epoch [ 647/3000], runtime:  9.46s, train loss: 1.8090e-06 (best: 1.7001e-06/1.6849e-06)
>> epoch [ 648/3000], runtime:  9.46s, train loss: 1.7864e-06 (best: 1.7001e-06/1.6849e-06)
>> epoch [ 649/3000], runtime:  9.45s, train loss: 1.7588e-06 (best: 1.7001e-06/1.6849e-06)
>> epoch [ 650/3000], runtime:  9.48s, train loss: 1.6999e-06 (best: 1.7001e-06/1.6849e-06)
>> epoch [ 651/3000], runtime:  9.47s, train loss: 1.7667e-06 (best: 1.7001e-06/1.6849e-06)
>> epoch [ 652/3000], runtime:  9.47s, train loss: 1.7015e-06 (best: 1.7001e-06/1.6849e-06)
>> epoch [ 653/3000], runtime:  9.46s, train loss: 1.7285e-06 (best: 1.7001e-06/1.6849e-06)
>> epoch [ 654/3000], runtime:  9.49s, train loss: 1.7380e-06 (best: 1.7001e-06/1.6849e-06)
>> epoch [ 655/3000], runtime:  9.43s, train loss: 1.7573e-06 (best: 1.7001e-06/1.6849e-06)
>> epoch [ 656/3000], runtime: 9.45s, train loss: 1.6615e-06, valid loss: 1.6832e-06 , test loss: 1.9483e-04
>> epoch [ 657/3000], runtime:  9.47s, train loss: 1.7871e-06 (best: 1.6615e-06/1.6832e-06)
>> epoch [ 658/3000], runtime:  9.46s, train loss: 1.7571e-06 (best: 1.6615e-06/1.6832e-06)
>> epoch [ 659/3000], runtime:  9.47s, train loss: 1.7218e-06 (best: 1.6615e-06/1.6832e-06)
>> epoch [ 660/3000], runtime:  9.48s, train loss: 1.8090e-06 (best: 1.6615e-06/1.6832e-06)
>> epoch [ 661/3000], runtime:  9.44s, train loss: 1.7119e-06 (best: 1.6615e-06/1.6832e-06)
>> epoch [ 662/3000], runtime:  9.46s, train loss: 1.7076e-06 (best: 1.6615e-06/1.6832e-06)
>> epoch [ 663/3000], runtime:  9.47s, train loss: 1.7471e-06 (best: 1.6615e-06/1.6832e-06)
>> epoch [ 664/3000], runtime:  9.44s, train loss: 1.7608e-06 (best: 1.6615e-06/1.6832e-06)
>> epoch [ 665/3000], runtime:  9.45s, train loss: 1.8118e-06 (best: 1.6615e-06/1.6832e-06)
>> epoch [ 666/3000], runtime:  9.46s, train loss: 1.7592e-06 (best: 1.6615e-06/1.6832e-06)
>> epoch [ 667/3000], runtime:  9.48s, train loss: 1.7342e-06 (best: 1.6615e-06/1.6832e-06)
>> epoch [ 668/3000], runtime:  9.45s, train loss: 1.7704e-06 (best: 1.6615e-06/1.6832e-06)
>> epoch [ 669/3000], runtime:  9.46s, train loss: 1.7384e-06 (best: 1.6615e-06/1.6832e-06)
>> epoch [ 670/3000], runtime:  9.46s, train loss: 1.7375e-06 (best: 1.6615e-06/1.6832e-06)
>> epoch [ 671/3000], runtime:  9.46s, train loss: 1.8002e-06 (best: 1.6615e-06/1.6832e-06)
>> epoch [ 672/3000], runtime:  9.46s, train loss: 1.7454e-06 (best: 1.6615e-06/1.6832e-06)
>> epoch [ 673/3000], runtime:  9.46s, train loss: 1.7407e-06 (best: 1.6615e-06/1.6832e-06)
>> epoch [ 674/3000], runtime:  9.46s, train loss: 1.6896e-06 (best: 1.6615e-06/1.6832e-06)
>> epoch [ 675/3000], runtime:  9.45s, train loss: 1.7009e-06 (best: 1.6615e-06/1.6832e-06)
>> epoch [ 676/3000], runtime:  9.48s, train loss: 1.7329e-06 (best: 1.6615e-06/1.6832e-06)
>> epoch [ 677/3000], runtime:  9.48s, train loss: 1.7107e-06 (best: 1.6615e-06/1.6832e-06)
>> epoch [ 678/3000], runtime:  9.44s, train loss: 1.8118e-06 (best: 1.6615e-06/1.6832e-06)
>> epoch [ 679/3000], runtime:  9.49s, train loss: 1.7195e-06 (best: 1.6615e-06/1.6832e-06)
>> epoch [ 680/3000], runtime:  9.45s, train loss: 1.7281e-06 (best: 1.6615e-06/1.6832e-06)
>> epoch [ 681/3000], runtime:  9.48s, train loss: 1.7581e-06 (best: 1.6615e-06/1.6832e-06)
>> epoch [ 682/3000], runtime:  9.44s, train loss: 1.7914e-06 (best: 1.6615e-06/1.6832e-06)
>> epoch [ 683/3000], runtime:  9.44s, train loss: 1.7826e-06 (best: 1.6615e-06/1.6832e-06)
>> epoch [ 684/3000], runtime:  9.47s, train loss: 1.7444e-06 (best: 1.6615e-06/1.6832e-06)
>> epoch [ 685/3000], runtime:  9.47s, train loss: 1.7921e-06 (best: 1.6615e-06/1.6832e-06)
>> epoch [ 686/3000], runtime:  9.47s, train loss: 1.7293e-06 (best: 1.6615e-06/1.6832e-06)
>> epoch [ 687/3000], runtime:  9.47s, train loss: 1.8269e-06 (best: 1.6615e-06/1.6832e-06)
>> epoch [ 688/3000], runtime:  9.45s, train loss: 1.7528e-06 (best: 1.6615e-06/1.6832e-06)
>> epoch [ 689/3000], runtime:  9.46s, train loss: 1.7858e-06 (best: 1.6615e-06/1.6832e-06)
>> epoch [ 690/3000], runtime:  9.47s, train loss: 1.7436e-06 (best: 1.6615e-06/1.6832e-06)
>> epoch [ 691/3000], runtime:  9.44s, train loss: 1.7353e-06 (best: 1.6615e-06/1.6832e-06)
>> epoch [ 692/3000], runtime:  9.46s, train loss: 1.7370e-06 (best: 1.6615e-06/1.6832e-06)
>> epoch [ 693/3000], runtime:  9.44s, train loss: 1.7724e-06 (best: 1.6615e-06/1.6832e-06)
>> epoch [ 694/3000], runtime:  9.47s, train loss: 1.8297e-06 (best: 1.6615e-06/1.6832e-06)
>> epoch [ 695/3000], runtime:  9.45s, train loss: 1.6782e-06 (best: 1.6615e-06/1.6832e-06)
>> epoch [ 696/3000], runtime:  9.48s, train loss: 1.6987e-06 (best: 1.6615e-06/1.6832e-06)
>> epoch [ 697/3000], runtime:  9.44s, train loss: 1.7746e-06 (best: 1.6615e-06/1.6832e-06)
>> epoch [ 698/3000], runtime:  9.48s, train loss: 1.7235e-06 (best: 1.6615e-06/1.6832e-06)
>> epoch [ 699/3000], runtime:  9.49s, train loss: 1.6891e-06 (best: 1.6615e-06/1.6832e-06)
>> epoch [ 700/3000], runtime:  9.46s, train loss: 1.6866e-06 (best: 1.6615e-06/1.6832e-06)
>> epoch [ 701/3000], runtime:  9.46s, train loss: 1.7381e-06 (best: 1.6615e-06/1.6832e-06)
>> epoch [ 702/3000], runtime:  9.46s, train loss: 1.7883e-06 (best: 1.6615e-06/1.6832e-06)
>> epoch [ 703/3000], runtime:  9.48s, train loss: 1.7468e-06 (best: 1.6615e-06/1.6832e-06)
>> epoch [ 704/3000], runtime:  9.46s, train loss: 1.7724e-06 (best: 1.6615e-06/1.6832e-06)
>> epoch [ 705/3000], runtime:  9.45s, train loss: 1.8115e-06 (best: 1.6615e-06/1.6832e-06)
>> epoch [ 706/3000], runtime:  9.44s, train loss: 1.7142e-06 (best: 1.6615e-06/1.6832e-06)
>> epoch [ 707/3000], runtime:  9.47s, train loss: 1.7145e-06 (best: 1.6615e-06/1.6832e-06)
----------------------------------------------------------------------------------------------------
----------------------------------------------------------------------------------------------------
>> ntrain: 300, layer_info: 128_5, act_xi: Softplus, lr: 0.01, gamma: 0.6, w_d: 0.0
>> Best train loss: 1.6615e-06
>> Best valid loss: 1.6832e-06
>> Best test loss: 1.9483e-04
>> Best epoch: 655
----------------------------------------------------------------------------------------------------
----------------------------------------------------------------------------------------------------
>> Training Completed!!
