>> Device being used: cuda (NVIDIA GeForce RTX 4090)
Total number of parameters: 3265
>> Training Mesh resolution: 257x257
/root/autodl-tmp/project/MPNO_final/BlatzKo_1d/PNO_NN_ex35_k1/PNO_BB.py:137: UserWarning: torch.range is deprecated and will be removed in a future release because its behavior is inconsistent with Python's range builtin. Instead, use torch.arange, which produces values in [start, end).
  ksi_range = torch.range(-m_fact, m_fact).int()
tensor(0.8109)
tensor(3.3456)
>> Preprocessing completed, time elapsed:  0.56s
>> ntrain: 300, lr: 0.01, gamma: 0.6, w_d: 0.0
----------------------------------------------------------------------------------------------------
>> epoch [   1/3000], runtime: 2.34s, train loss: 2.3602e-04, valid loss: 3.2196e-05 , test loss: 6.6050e-03
>> epoch [   2/3000], runtime: 2.00s, train loss: 1.6875e-04, valid loss: 2.7615e-05 , test loss: 5.4579e-03
>> epoch [   3/3000], runtime: 1.97s, train loss: 1.3131e-04, valid loss: 1.8938e-05 , test loss: 4.1610e-03
>> epoch [   4/3000], runtime: 1.95s, train loss: 7.9549e-05, valid loss: 9.6333e-06 , test loss: 2.0052e-03
>> epoch [   5/3000], runtime:  1.97s, train loss: 5.7361e-05 (best: 7.9549e-05/9.6333e-06)
>> epoch [   6/3000], runtime:  1.98s, train loss: 8.8753e-05 (best: 7.9549e-05/9.6333e-06)
>> epoch [   7/3000], runtime:  1.63s, train loss: 1.0258e-04 (best: 7.9549e-05/9.6333e-06)
>> epoch [   8/3000], runtime: 1.98s, train loss: 7.2274e-05, valid loss: 9.5095e-06 , test loss: 1.4715e-03
>> epoch [   9/3000], runtime:  1.97s, train loss: 5.5948e-05 (best: 7.2274e-05/9.5095e-06)
>> epoch [  10/3000], runtime: 2.00s, train loss: 5.3385e-05, valid loss: 8.8444e-06 , test loss: 1.4482e-03
>> epoch [  11/3000], runtime: 1.82s, train loss: 5.2038e-05, valid loss: 8.7311e-06 , test loss: 1.4015e-03
>> epoch [  12/3000], runtime:  1.84s, train loss: 5.3049e-05 (best: 5.2038e-05/8.7311e-06)
>> epoch [  13/3000], runtime:  1.89s, train loss: 5.7117e-05 (best: 5.2038e-05/8.7311e-06)
>> epoch [  14/3000], runtime:  1.66s, train loss: 5.3895e-05 (best: 5.2038e-05/8.7311e-06)
>> epoch [  15/3000], runtime:  1.99s, train loss: 7.7745e-05 (best: 5.2038e-05/8.7311e-06)
>> epoch [  16/3000], runtime:  1.72s, train loss: 6.6853e-05 (best: 5.2038e-05/8.7311e-06)
>> epoch [  17/3000], runtime:  1.98s, train loss: 6.1183e-05 (best: 5.2038e-05/8.7311e-06)
>> epoch [  18/3000], runtime:  2.00s, train loss: 5.7110e-05 (best: 5.2038e-05/8.7311e-06)
>> epoch [  19/3000], runtime:  1.62s, train loss: 5.8724e-05 (best: 5.2038e-05/8.7311e-06)
>> epoch [  20/3000], runtime:  1.96s, train loss: 5.4691e-05 (best: 5.2038e-05/8.7311e-06)
>> epoch [  21/3000], runtime:  1.70s, train loss: 6.3504e-05 (best: 5.2038e-05/8.7311e-06)
>> epoch [  22/3000], runtime:  1.81s, train loss: 5.7787e-05 (best: 5.2038e-05/8.7311e-06)
>> epoch [  23/3000], runtime:  1.74s, train loss: 5.2909e-05 (best: 5.2038e-05/8.7311e-06)
>> epoch [  24/3000], runtime:  1.96s, train loss: 5.0601e-05 (best: 5.2038e-05/8.7311e-06)
>> epoch [  25/3000], runtime:  1.79s, train loss: 6.1417e-05 (best: 5.2038e-05/8.7311e-06)
>> epoch [  26/3000], runtime:  2.00s, train loss: 5.9758e-05 (best: 5.2038e-05/8.7311e-06)
>> epoch [  27/3000], runtime:  1.78s, train loss: 5.3954e-05 (best: 5.2038e-05/8.7311e-06)
>> epoch [  28/3000], runtime:  1.87s, train loss: 5.4544e-05 (best: 5.2038e-05/8.7311e-06)
>> epoch [  29/3000], runtime:  1.98s, train loss: 5.2198e-05 (best: 5.2038e-05/8.7311e-06)
>> epoch [  30/3000], runtime:  1.64s, train loss: 5.6016e-05 (best: 5.2038e-05/8.7311e-06)
>> epoch [  31/3000], runtime:  1.63s, train loss: 5.1928e-05 (best: 5.2038e-05/8.7311e-06)
>> epoch [  32/3000], runtime:  2.02s, train loss: 5.4396e-05 (best: 5.2038e-05/8.7311e-06)
>> epoch [  33/3000], runtime:  1.71s, train loss: 5.2748e-05 (best: 5.2038e-05/8.7311e-06)
>> epoch [  34/3000], runtime:  1.90s, train loss: 5.2097e-05 (best: 5.2038e-05/8.7311e-06)
>> epoch [  35/3000], runtime:  1.79s, train loss: 5.9124e-05 (best: 5.2038e-05/8.7311e-06)
>> epoch [  36/3000], runtime:  1.75s, train loss: 5.7244e-05 (best: 5.2038e-05/8.7311e-06)
>> epoch [  37/3000], runtime:  1.84s, train loss: 5.5804e-05 (best: 5.2038e-05/8.7311e-06)
>> epoch [  38/3000], runtime:  1.68s, train loss: 5.7234e-05 (best: 5.2038e-05/8.7311e-06)
>> epoch [  39/3000], runtime:  1.64s, train loss: 5.0253e-05 (best: 5.2038e-05/8.7311e-06)
>> epoch [  40/3000], runtime:  1.97s, train loss: 7.2558e-05 (best: 5.2038e-05/8.7311e-06)
>> epoch [  41/3000], runtime:  2.00s, train loss: 5.5099e-05 (best: 5.2038e-05/8.7311e-06)
>> epoch [  42/3000], runtime:  1.51s, train loss: 5.6392e-05 (best: 5.2038e-05/8.7311e-06)
>> epoch [  43/3000], runtime:  1.98s, train loss: 5.3247e-05 (best: 5.2038e-05/8.7311e-06)
>> epoch [  44/3000], runtime:  1.66s, train loss: 5.4127e-05 (best: 5.2038e-05/8.7311e-06)
>> epoch [  45/3000], runtime:  1.91s, train loss: 5.2241e-05 (best: 5.2038e-05/8.7311e-06)
>> epoch [  46/3000], runtime:  1.77s, train loss: 6.1492e-05 (best: 5.2038e-05/8.7311e-06)
>> epoch [  47/3000], runtime:  1.75s, train loss: 5.4072e-05 (best: 5.2038e-05/8.7311e-06)
>> epoch [  48/3000], runtime:  1.89s, train loss: 5.0679e-05 (best: 5.2038e-05/8.7311e-06)
>> epoch [  49/3000], runtime:  1.95s, train loss: 4.9364e-05 (best: 5.2038e-05/8.7311e-06)
>> epoch [  50/3000], runtime:  1.92s, train loss: 5.0064e-05 (best: 5.2038e-05/8.7311e-06)
>> epoch [  51/3000], runtime:  1.81s, train loss: 5.0482e-05 (best: 5.2038e-05/8.7311e-06)
>> epoch [  52/3000], runtime: 1.82s, train loss: 5.0485e-05, valid loss: 8.6907e-06 , test loss: 1.3874e-03
>> epoch [  53/3000], runtime:  1.79s, train loss: 4.8533e-05 (best: 5.0485e-05/8.6907e-06)
>> epoch [  54/3000], runtime:  1.76s, train loss: 5.5642e-05 (best: 5.0485e-05/8.6907e-06)
>> epoch [  55/3000], runtime:  1.90s, train loss: 5.3652e-05 (best: 5.0485e-05/8.6907e-06)
>> epoch [  56/3000], runtime:  1.99s, train loss: 5.1005e-05 (best: 5.0485e-05/8.6907e-06)
>> epoch [  57/3000], runtime:  2.00s, train loss: 5.1709e-05 (best: 5.0485e-05/8.6907e-06)
>> epoch [  58/3000], runtime:  1.72s, train loss: 4.9677e-05 (best: 5.0485e-05/8.6907e-06)
>> epoch [  59/3000], runtime:  1.66s, train loss: 5.0563e-05 (best: 5.0485e-05/8.6907e-06)
>> epoch [  60/3000], runtime:  1.97s, train loss: 4.9124e-05 (best: 5.0485e-05/8.6907e-06)
>> epoch [  61/3000], runtime:  1.96s, train loss: 5.6908e-05 (best: 5.0485e-05/8.6907e-06)
>> epoch [  62/3000], runtime:  1.64s, train loss: 5.3643e-05 (best: 5.0485e-05/8.6907e-06)
>> epoch [  63/3000], runtime:  1.84s, train loss: 5.1203e-05 (best: 5.0485e-05/8.6907e-06)
>> epoch [  64/3000], runtime:  1.46s, train loss: 4.9086e-05 (best: 5.0485e-05/8.6907e-06)
>> epoch [  65/3000], runtime:  1.80s, train loss: 5.3175e-05 (best: 5.0485e-05/8.6907e-06)
>> epoch [  66/3000], runtime:  1.74s, train loss: 5.5026e-05 (best: 5.0485e-05/8.6907e-06)
>> epoch [  67/3000], runtime:  1.48s, train loss: 5.0537e-05 (best: 5.0485e-05/8.6907e-06)
>> epoch [  68/3000], runtime:  1.67s, train loss: 5.0686e-05 (best: 5.0485e-05/8.6907e-06)
>> epoch [  69/3000], runtime:  2.00s, train loss: 5.1454e-05 (best: 5.0485e-05/8.6907e-06)
>> epoch [  70/3000], runtime:  1.66s, train loss: 4.9182e-05 (best: 5.0485e-05/8.6907e-06)
>> epoch [  71/3000], runtime:  1.68s, train loss: 5.1234e-05 (best: 5.0485e-05/8.6907e-06)
>> epoch [  72/3000], runtime:  1.89s, train loss: 4.9559e-05 (best: 5.0485e-05/8.6907e-06)
>> epoch [  73/3000], runtime:  1.86s, train loss: 5.0491e-05 (best: 5.0485e-05/8.6907e-06)
>> epoch [  74/3000], runtime:  1.73s, train loss: 5.1255e-05 (best: 5.0485e-05/8.6907e-06)
>> epoch [  75/3000], runtime:  1.81s, train loss: 5.1255e-05 (best: 5.0485e-05/8.6907e-06)
>> epoch [  76/3000], runtime: 1.89s, train loss: 5.0096e-05, valid loss: 8.4962e-06 , test loss: 1.4109e-03
>> epoch [  77/3000], runtime:  1.92s, train loss: 5.0046e-05 (best: 5.0096e-05/8.4962e-06)
>> epoch [  78/3000], runtime:  1.93s, train loss: 4.8850e-05 (best: 5.0096e-05/8.4962e-06)
>> epoch [  79/3000], runtime:  1.91s, train loss: 4.8763e-05 (best: 5.0096e-05/8.4962e-06)
>> epoch [  80/3000], runtime:  1.92s, train loss: 4.8912e-05 (best: 5.0096e-05/8.4962e-06)
>> epoch [  81/3000], runtime:  1.93s, train loss: 5.0619e-05 (best: 5.0096e-05/8.4962e-06)
>> epoch [  82/3000], runtime:  1.69s, train loss: 5.0310e-05 (best: 5.0096e-05/8.4962e-06)
>> epoch [  83/3000], runtime:  2.01s, train loss: 5.0857e-05 (best: 5.0096e-05/8.4962e-06)
>> epoch [  84/3000], runtime:  1.68s, train loss: 4.9011e-05 (best: 5.0096e-05/8.4962e-06)
>> epoch [  85/3000], runtime:  1.72s, train loss: 4.8676e-05 (best: 5.0096e-05/8.4962e-06)
>> epoch [  86/3000], runtime:  1.72s, train loss: 4.9886e-05 (best: 5.0096e-05/8.4962e-06)
>> epoch [  87/3000], runtime:  1.75s, train loss: 4.8698e-05 (best: 5.0096e-05/8.4962e-06)
>> epoch [  88/3000], runtime:  1.95s, train loss: 4.9876e-05 (best: 5.0096e-05/8.4962e-06)
>> epoch [  89/3000], runtime:  1.96s, train loss: 4.8765e-05 (best: 5.0096e-05/8.4962e-06)
>> epoch [  90/3000], runtime: 1.73s, train loss: 4.8304e-05, valid loss: 8.4655e-06 , test loss: 1.4046e-03
>> epoch [  91/3000], runtime:  1.98s, train loss: 4.9574e-05 (best: 4.8304e-05/8.4655e-06)
>> epoch [  92/3000], runtime:  1.62s, train loss: 4.9659e-05 (best: 4.8304e-05/8.4655e-06)
>> epoch [  93/3000], runtime:  1.89s, train loss: 4.8881e-05 (best: 4.8304e-05/8.4655e-06)
>> epoch [  94/3000], runtime:  1.78s, train loss: 4.9213e-05 (best: 4.8304e-05/8.4655e-06)
>> epoch [  95/3000], runtime:  1.73s, train loss: 4.8843e-05 (best: 4.8304e-05/8.4655e-06)
>> epoch [  96/3000], runtime:  1.46s, train loss: 4.9754e-05 (best: 4.8304e-05/8.4655e-06)
>> epoch [  97/3000], runtime:  1.62s, train loss: 4.8644e-05 (best: 4.8304e-05/8.4655e-06)
>> epoch [  98/3000], runtime:  2.00s, train loss: 4.9221e-05 (best: 4.8304e-05/8.4655e-06)
>> epoch [  99/3000], runtime:  1.69s, train loss: 4.8746e-05 (best: 4.8304e-05/8.4655e-06)
>> epoch [ 100/3000], runtime:  1.88s, train loss: 4.9132e-05 (best: 4.8304e-05/8.4655e-06)
>> epoch [ 101/3000], runtime:  1.74s, train loss: 5.0446e-05 (best: 4.8304e-05/8.4655e-06)
>> epoch [ 102/3000], runtime:  1.74s, train loss: 4.8840e-05 (best: 4.8304e-05/8.4655e-06)
>> epoch [ 103/3000], runtime:  1.92s, train loss: 4.8238e-05 (best: 4.8304e-05/8.4655e-06)
>> epoch [ 104/3000], runtime:  1.96s, train loss: 5.0473e-05 (best: 4.8304e-05/8.4655e-06)
>> epoch [ 105/3000], runtime:  1.65s, train loss: 4.8429e-05 (best: 4.8304e-05/8.4655e-06)
>> epoch [ 106/3000], runtime:  2.00s, train loss: 4.9543e-05 (best: 4.8304e-05/8.4655e-06)
>> epoch [ 107/3000], runtime:  1.62s, train loss: 4.9957e-05 (best: 4.8304e-05/8.4655e-06)
>> epoch [ 108/3000], runtime:  1.86s, train loss: 4.9450e-05 (best: 4.8304e-05/8.4655e-06)
>> epoch [ 109/3000], runtime:  1.76s, train loss: 5.0302e-05 (best: 4.8304e-05/8.4655e-06)
>> epoch [ 110/3000], runtime:  1.74s, train loss: 5.0141e-05 (best: 4.8304e-05/8.4655e-06)
>> epoch [ 111/3000], runtime:  1.92s, train loss: 4.9830e-05 (best: 4.8304e-05/8.4655e-06)
>> epoch [ 112/3000], runtime:  1.99s, train loss: 4.9378e-05 (best: 4.8304e-05/8.4655e-06)
>> epoch [ 113/3000], runtime:  1.65s, train loss: 4.8854e-05 (best: 4.8304e-05/8.4655e-06)
>> epoch [ 114/3000], runtime:  1.95s, train loss: 4.9123e-05 (best: 4.8304e-05/8.4655e-06)
>> epoch [ 115/3000], runtime:  1.70s, train loss: 4.9106e-05 (best: 4.8304e-05/8.4655e-06)
>> epoch [ 116/3000], runtime:  1.83s, train loss: 4.9079e-05 (best: 4.8304e-05/8.4655e-06)
>> epoch [ 117/3000], runtime:  1.79s, train loss: 4.8972e-05 (best: 4.8304e-05/8.4655e-06)
>> epoch [ 118/3000], runtime:  1.73s, train loss: 4.9229e-05 (best: 4.8304e-05/8.4655e-06)
>> epoch [ 119/3000], runtime:  1.94s, train loss: 4.8746e-05 (best: 4.8304e-05/8.4655e-06)
>> epoch [ 120/3000], runtime:  2.00s, train loss: 4.9077e-05 (best: 4.8304e-05/8.4655e-06)
>> epoch [ 121/3000], runtime:  2.00s, train loss: 4.9306e-05 (best: 4.8304e-05/8.4655e-06)
>> epoch [ 122/3000], runtime:  2.01s, train loss: 4.9083e-05 (best: 4.8304e-05/8.4655e-06)
>> epoch [ 123/3000], runtime:  1.97s, train loss: 4.7629e-05 (best: 4.8304e-05/8.4655e-06)
>> epoch [ 124/3000], runtime:  1.76s, train loss: 4.7788e-05 (best: 4.8304e-05/8.4655e-06)
>> epoch [ 125/3000], runtime:  2.00s, train loss: 4.7702e-05 (best: 4.8304e-05/8.4655e-06)
>> epoch [ 126/3000], runtime:  1.84s, train loss: 4.7707e-05 (best: 4.8304e-05/8.4655e-06)
>> epoch [ 127/3000], runtime:  2.02s, train loss: 4.8676e-05 (best: 4.8304e-05/8.4655e-06)
>> epoch [ 128/3000], runtime:  2.00s, train loss: 4.8638e-05 (best: 4.8304e-05/8.4655e-06)
>> epoch [ 129/3000], runtime:  1.76s, train loss: 4.7995e-05 (best: 4.8304e-05/8.4655e-06)
>> epoch [ 130/3000], runtime:  1.78s, train loss: 4.8816e-05 (best: 4.8304e-05/8.4655e-06)
>> epoch [ 131/3000], runtime:  1.91s, train loss: 4.7064e-05 (best: 4.8304e-05/8.4655e-06)
>> epoch [ 132/3000], runtime: 1.87s, train loss: 4.7659e-05, valid loss: 8.3701e-06 , test loss: 1.4131e-03
>> epoch [ 133/3000], runtime:  1.88s, train loss: 4.8973e-05 (best: 4.7659e-05/8.3701e-06)
>> epoch [ 134/3000], runtime:  1.63s, train loss: 4.8007e-05 (best: 4.7659e-05/8.3701e-06)
>> epoch [ 135/3000], runtime:  2.00s, train loss: 4.8036e-05 (best: 4.7659e-05/8.3701e-06)
>> epoch [ 136/3000], runtime:  2.00s, train loss: 4.8300e-05 (best: 4.7659e-05/8.3701e-06)
>> epoch [ 137/3000], runtime:  2.00s, train loss: 4.8350e-05 (best: 4.7659e-05/8.3701e-06)
>> epoch [ 138/3000], runtime:  2.01s, train loss: 4.8123e-05 (best: 4.7659e-05/8.3701e-06)
>> epoch [ 139/3000], runtime:  2.01s, train loss: 4.9179e-05 (best: 4.7659e-05/8.3701e-06)
>> epoch [ 140/3000], runtime:  1.68s, train loss: 4.9337e-05 (best: 4.7659e-05/8.3701e-06)
>> epoch [ 141/3000], runtime:  2.00s, train loss: 4.8354e-05 (best: 4.7659e-05/8.3701e-06)
>> epoch [ 142/3000], runtime:  2.01s, train loss: 4.8669e-05 (best: 4.7659e-05/8.3701e-06)
>> epoch [ 143/3000], runtime:  2.00s, train loss: 4.7715e-05 (best: 4.7659e-05/8.3701e-06)
>> epoch [ 144/3000], runtime:  1.99s, train loss: 4.8692e-05 (best: 4.7659e-05/8.3701e-06)
>> epoch [ 145/3000], runtime:  1.92s, train loss: 4.8098e-05 (best: 4.7659e-05/8.3701e-06)
>> epoch [ 146/3000], runtime:  1.71s, train loss: 4.9082e-05 (best: 4.7659e-05/8.3701e-06)
>> epoch [ 147/3000], runtime:  2.02s, train loss: 4.8691e-05 (best: 4.7659e-05/8.3701e-06)
>> epoch [ 148/3000], runtime:  1.77s, train loss: 4.8181e-05 (best: 4.7659e-05/8.3701e-06)
>> epoch [ 149/3000], runtime:  1.88s, train loss: 4.7938e-05 (best: 4.7659e-05/8.3701e-06)
>> epoch [ 150/3000], runtime:  1.66s, train loss: 4.8681e-05 (best: 4.7659e-05/8.3701e-06)
>> epoch [ 151/3000], runtime:  1.84s, train loss: 4.8428e-05 (best: 4.7659e-05/8.3701e-06)
>> epoch [ 152/3000], runtime:  1.66s, train loss: 4.8326e-05 (best: 4.7659e-05/8.3701e-06)
>> epoch [ 153/3000], runtime:  1.91s, train loss: 4.8361e-05 (best: 4.7659e-05/8.3701e-06)
>> epoch [ 154/3000], runtime:  1.73s, train loss: 4.7917e-05 (best: 4.7659e-05/8.3701e-06)
>> epoch [ 155/3000], runtime:  1.76s, train loss: 4.8109e-05 (best: 4.7659e-05/8.3701e-06)
>> epoch [ 156/3000], runtime:  1.86s, train loss: 4.8729e-05 (best: 4.7659e-05/8.3701e-06)
>> epoch [ 157/3000], runtime:  1.66s, train loss: 4.7970e-05 (best: 4.7659e-05/8.3701e-06)
>> epoch [ 158/3000], runtime:  2.02s, train loss: 4.8145e-05 (best: 4.7659e-05/8.3701e-06)
>> epoch [ 159/3000], runtime:  1.68s, train loss: 4.8190e-05 (best: 4.7659e-05/8.3701e-06)
>> epoch [ 160/3000], runtime:  1.91s, train loss: 4.7999e-05 (best: 4.7659e-05/8.3701e-06)
>> epoch [ 161/3000], runtime:  1.81s, train loss: 4.7168e-05 (best: 4.7659e-05/8.3701e-06)
>> epoch [ 162/3000], runtime:  1.84s, train loss: 4.8036e-05 (best: 4.7659e-05/8.3701e-06)
>> epoch [ 163/3000], runtime:  1.77s, train loss: 4.8359e-05 (best: 4.7659e-05/8.3701e-06)
>> epoch [ 164/3000], runtime:  1.89s, train loss: 4.8245e-05 (best: 4.7659e-05/8.3701e-06)
>> epoch [ 165/3000], runtime:  1.67s, train loss: 4.6718e-05 (best: 4.7659e-05/8.3701e-06)
>> epoch [ 166/3000], runtime:  1.69s, train loss: 4.7749e-05 (best: 4.7659e-05/8.3701e-06)
>> epoch [ 167/3000], runtime:  2.02s, train loss: 4.7752e-05 (best: 4.7659e-05/8.3701e-06)
>> epoch [ 168/3000], runtime:  1.75s, train loss: 4.7542e-05 (best: 4.7659e-05/8.3701e-06)
>> epoch [ 169/3000], runtime:  1.73s, train loss: 4.8971e-05 (best: 4.7659e-05/8.3701e-06)
>> epoch [ 170/3000], runtime:  2.00s, train loss: 4.8505e-05 (best: 4.7659e-05/8.3701e-06)
>> epoch [ 171/3000], runtime:  2.01s, train loss: 4.8601e-05 (best: 4.7659e-05/8.3701e-06)
>> epoch [ 172/3000], runtime:  2.01s, train loss: 4.7365e-05 (best: 4.7659e-05/8.3701e-06)
>> epoch [ 173/3000], runtime:  1.99s, train loss: 4.7855e-05 (best: 4.7659e-05/8.3701e-06)
>> epoch [ 174/3000], runtime:  2.01s, train loss: 4.7776e-05 (best: 4.7659e-05/8.3701e-06)
>> epoch [ 175/3000], runtime:  2.01s, train loss: 4.8301e-05 (best: 4.7659e-05/8.3701e-06)
>> epoch [ 176/3000], runtime:  1.65s, train loss: 4.7822e-05 (best: 4.7659e-05/8.3701e-06)
>> epoch [ 177/3000], runtime:  1.94s, train loss: 4.7834e-05 (best: 4.7659e-05/8.3701e-06)
>> epoch [ 178/3000], runtime:  1.98s, train loss: 4.7767e-05 (best: 4.7659e-05/8.3701e-06)
>> epoch [ 179/3000], runtime:  1.66s, train loss: 4.7678e-05 (best: 4.7659e-05/8.3701e-06)
>> epoch [ 180/3000], runtime:  1.51s, train loss: 4.7435e-05 (best: 4.7659e-05/8.3701e-06)
>> epoch [ 181/3000], runtime:  2.03s, train loss: 4.7199e-05 (best: 4.7659e-05/8.3701e-06)
>> epoch [ 182/3000], runtime:  2.01s, train loss: 4.7961e-05 (best: 4.7659e-05/8.3701e-06)
>> epoch [ 183/3000], runtime:  2.00s, train loss: 4.7559e-05 (best: 4.7659e-05/8.3701e-06)
>> epoch [ 184/3000], runtime:  2.01s, train loss: 4.7387e-05 (best: 4.7659e-05/8.3701e-06)
>> epoch [ 185/3000], runtime:  2.00s, train loss: 4.8171e-05 (best: 4.7659e-05/8.3701e-06)
>> epoch [ 186/3000], runtime:  2.01s, train loss: 4.7881e-05 (best: 4.7659e-05/8.3701e-06)
>> epoch [ 187/3000], runtime:  2.02s, train loss: 4.7887e-05 (best: 4.7659e-05/8.3701e-06)
>> epoch [ 188/3000], runtime:  2.00s, train loss: 4.7658e-05 (best: 4.7659e-05/8.3701e-06)
>> epoch [ 189/3000], runtime:  2.01s, train loss: 4.7548e-05 (best: 4.7659e-05/8.3701e-06)
>> epoch [ 190/3000], runtime:  1.96s, train loss: 4.8183e-05 (best: 4.7659e-05/8.3701e-06)
>> epoch [ 191/3000], runtime:  1.73s, train loss: 4.7386e-05 (best: 4.7659e-05/8.3701e-06)
>> epoch [ 192/3000], runtime:  1.76s, train loss: 4.7891e-05 (best: 4.7659e-05/8.3701e-06)
>> epoch [ 193/3000], runtime:  1.82s, train loss: 4.8265e-05 (best: 4.7659e-05/8.3701e-06)
>> epoch [ 194/3000], runtime:  1.86s, train loss: 4.7511e-05 (best: 4.7659e-05/8.3701e-06)
>> epoch [ 195/3000], runtime:  1.83s, train loss: 4.8036e-05 (best: 4.7659e-05/8.3701e-06)
>> epoch [ 196/3000], runtime:  1.83s, train loss: 4.8538e-05 (best: 4.7659e-05/8.3701e-06)
>> epoch [ 197/3000], runtime:  1.49s, train loss: 4.8071e-05 (best: 4.7659e-05/8.3701e-06)
>> epoch [ 198/3000], runtime:  1.95s, train loss: 4.7501e-05 (best: 4.7659e-05/8.3701e-06)
>> epoch [ 199/3000], runtime:  1.93s, train loss: 4.7547e-05 (best: 4.7659e-05/8.3701e-06)
>> epoch [ 200/3000], runtime:  1.92s, train loss: 4.8675e-05 (best: 4.7659e-05/8.3701e-06)
>> epoch [ 201/3000], runtime:  1.61s, train loss: 4.7460e-05 (best: 4.7659e-05/8.3701e-06)
>> epoch [ 202/3000], runtime:  1.65s, train loss: 4.8142e-05 (best: 4.7659e-05/8.3701e-06)
>> epoch [ 203/3000], runtime:  1.98s, train loss: 4.7250e-05 (best: 4.7659e-05/8.3701e-06)
>> epoch [ 204/3000], runtime:  1.96s, train loss: 4.7657e-05 (best: 4.7659e-05/8.3701e-06)
>> epoch [ 205/3000], runtime:  1.98s, train loss: 4.7442e-05 (best: 4.7659e-05/8.3701e-06)
>> epoch [ 206/3000], runtime:  1.93s, train loss: 4.8242e-05 (best: 4.7659e-05/8.3701e-06)
>> epoch [ 207/3000], runtime:  1.64s, train loss: 4.7245e-05 (best: 4.7659e-05/8.3701e-06)
>> epoch [ 208/3000], runtime:  1.65s, train loss: 4.7897e-05 (best: 4.7659e-05/8.3701e-06)
>> epoch [ 209/3000], runtime:  1.92s, train loss: 4.8106e-05 (best: 4.7659e-05/8.3701e-06)
>> epoch [ 210/3000], runtime:  1.74s, train loss: 4.7274e-05 (best: 4.7659e-05/8.3701e-06)
>> epoch [ 211/3000], runtime:  1.93s, train loss: 4.7961e-05 (best: 4.7659e-05/8.3701e-06)
>> epoch [ 212/3000], runtime:  1.71s, train loss: 4.7761e-05 (best: 4.7659e-05/8.3701e-06)
>> epoch [ 213/3000], runtime:  1.79s, train loss: 4.7506e-05 (best: 4.7659e-05/8.3701e-06)
>> epoch [ 214/3000], runtime:  1.84s, train loss: 4.7468e-05 (best: 4.7659e-05/8.3701e-06)
>> epoch [ 215/3000], runtime:  1.79s, train loss: 4.7589e-05 (best: 4.7659e-05/8.3701e-06)
>> epoch [ 216/3000], runtime:  1.80s, train loss: 4.8117e-05 (best: 4.7659e-05/8.3701e-06)
>> epoch [ 217/3000], runtime:  1.81s, train loss: 4.7726e-05 (best: 4.7659e-05/8.3701e-06)
>> epoch [ 218/3000], runtime:  1.70s, train loss: 4.8176e-05 (best: 4.7659e-05/8.3701e-06)
>> epoch [ 219/3000], runtime:  1.92s, train loss: 4.7453e-05 (best: 4.7659e-05/8.3701e-06)
>> epoch [ 220/3000], runtime:  1.96s, train loss: 4.7353e-05 (best: 4.7659e-05/8.3701e-06)
>> epoch [ 221/3000], runtime:  1.97s, train loss: 4.7669e-05 (best: 4.7659e-05/8.3701e-06)
>> epoch [ 222/3000], runtime:  1.99s, train loss: 4.7484e-05 (best: 4.7659e-05/8.3701e-06)
>> epoch [ 223/3000], runtime:  1.95s, train loss: 4.7833e-05 (best: 4.7659e-05/8.3701e-06)
>> epoch [ 224/3000], runtime:  2.00s, train loss: 4.7689e-05 (best: 4.7659e-05/8.3701e-06)
>> epoch [ 225/3000], runtime:  2.00s, train loss: 4.7370e-05 (best: 4.7659e-05/8.3701e-06)
>> epoch [ 226/3000], runtime:  1.95s, train loss: 4.7599e-05 (best: 4.7659e-05/8.3701e-06)
>> epoch [ 227/3000], runtime:  1.94s, train loss: 4.7569e-05 (best: 4.7659e-05/8.3701e-06)
>> epoch [ 228/3000], runtime:  1.68s, train loss: 4.7483e-05 (best: 4.7659e-05/8.3701e-06)
>> epoch [ 229/3000], runtime:  1.71s, train loss: 4.7919e-05 (best: 4.7659e-05/8.3701e-06)
>> epoch [ 230/3000], runtime:  1.95s, train loss: 4.7785e-05 (best: 4.7659e-05/8.3701e-06)
>> epoch [ 231/3000], runtime:  1.67s, train loss: 4.8460e-05 (best: 4.7659e-05/8.3701e-06)
>> epoch [ 232/3000], runtime:  2.00s, train loss: 4.7746e-05 (best: 4.7659e-05/8.3701e-06)
>> epoch [ 233/3000], runtime:  1.97s, train loss: 4.7419e-05 (best: 4.7659e-05/8.3701e-06)
----------------------------------------------------------------------------------------------------
----------------------------------------------------------------------------------------------------
>> ntrain: 300, lr: 0.01, gamma: 0.6, w_d: 0.0
>> Best train loss: 4.7659e-05
>> Best valid loss: 8.3701e-06
>> Best test loss: 1.4131e-03
>> Best epoch: 131
----------------------------------------------------------------------------------------------------
----------------------------------------------------------------------------------------------------
>> Training Completed!!
