>> Device being used: cuda (NVIDIA GeForce RTX 4090)
Total number of parameters: 66433
>> Training Mesh resolution: 257x257
/root/autodl-tmp/project/MPNO_final/BlatzKo_1d/PNO_NN_ex35_k1/PNO_BB_L1loss.py:143: UserWarning: torch.range is deprecated and will be removed in a future release because its behavior is inconsistent with Python's range builtin. Instead, use torch.arange, which produces values in [start, end).
  ksi_range = torch.range(-m_fact, m_fact).int()
tensor(0.8109)
tensor(3.3456)
>> Preprocessing completed, time elapsed:  0.38s
>> ntrain: 300, lr: 0.01, gamma: 0.6, w_d: 0.0
----------------------------------------------------------------------------------------------------
>> epoch [   1/3000], runtime: 30.73s, train loss: 2.4662e-04, valid loss: 1.4447e-04 , test loss: 6.9116e-03
>> epoch [   2/3000], runtime:  30.50s, train loss: 1.6317e-04 (best: 2.4662e-04/1.4447e-04)
>> epoch [   3/3000], runtime:  30.48s, train loss: 1.8583e-04 (best: 2.4662e-04/1.4447e-04)
>> epoch [   4/3000], runtime:  29.94s, train loss: 1.4783e-04 (best: 2.4662e-04/1.4447e-04)
>> epoch [   5/3000], runtime: 30.45s, train loss: 1.3946e-04, valid loss: 1.3663e-04 , test loss: 4.2274e-03
>> epoch [   6/3000], runtime:  29.89s, train loss: 1.5052e-04 (best: 1.3946e-04/1.3663e-04)
>> epoch [   7/3000], runtime: 30.43s, train loss: 1.3132e-04, valid loss: 1.2430e-04 , test loss: 5.0559e-03
>> epoch [   8/3000], runtime: 30.46s, train loss: 1.2208e-04, valid loss: 9.1739e-05 , test loss: 3.0599e-03
>> epoch [   9/3000], runtime: 30.42s, train loss: 9.6877e-05, valid loss: 8.8137e-05 , test loss: 1.3291e-03
>> epoch [  10/3000], runtime: 29.78s, train loss: 8.3244e-05, valid loss: 4.6833e-05 , test loss: 6.8834e-04
>> epoch [  11/3000], runtime:  30.37s, train loss: 8.9087e-05 (best: 8.3244e-05/4.6833e-05)
>> epoch [  12/3000], runtime:  29.87s, train loss: 9.1781e-05 (best: 8.3244e-05/4.6833e-05)
>> epoch [  13/3000], runtime:  30.43s, train loss: 5.0002e-05 (best: 8.3244e-05/4.6833e-05)
>> epoch [  14/3000], runtime: 30.44s, train loss: 6.4106e-05, valid loss: 2.2762e-05 , test loss: 5.5624e-04
>> epoch [  15/3000], runtime:  29.95s, train loss: 5.8530e-05 (best: 6.4106e-05/2.2762e-05)
>> epoch [  16/3000], runtime:  30.41s, train loss: 2.8355e-05 (best: 6.4106e-05/2.2762e-05)
>> epoch [  17/3000], runtime: 29.72s, train loss: 3.5191e-05, valid loss: 1.5527e-05 , test loss: 5.9292e-04
>> epoch [  18/3000], runtime:  30.36s, train loss: 3.5754e-05 (best: 3.5191e-05/1.5527e-05)
>> epoch [  19/3000], runtime:  30.38s, train loss: 4.8686e-05 (best: 3.5191e-05/1.5527e-05)
>> epoch [  20/3000], runtime:  30.40s, train loss: 3.7997e-05 (best: 3.5191e-05/1.5527e-05)
>> epoch [  21/3000], runtime:  29.84s, train loss: 3.2198e-05 (best: 3.5191e-05/1.5527e-05)
>> epoch [  22/3000], runtime:  30.39s, train loss: 2.5313e-05 (best: 3.5191e-05/1.5527e-05)
>> epoch [  23/3000], runtime:  29.82s, train loss: 4.1986e-05 (best: 3.5191e-05/1.5527e-05)
>> epoch [  24/3000], runtime:  30.39s, train loss: 2.3402e-05 (best: 3.5191e-05/1.5527e-05)
>> epoch [  25/3000], runtime:  30.41s, train loss: 2.6513e-05 (best: 3.5191e-05/1.5527e-05)
>> epoch [  26/3000], runtime:  29.83s, train loss: 3.3229e-05 (best: 3.5191e-05/1.5527e-05)
>> epoch [  27/3000], runtime:  30.40s, train loss: 2.6673e-05 (best: 3.5191e-05/1.5527e-05)
>> epoch [  28/3000], runtime: 30.44s, train loss: 2.1385e-05, valid loss: 1.4189e-05 , test loss: 5.4493e-04
>> epoch [  29/3000], runtime:  30.39s, train loss: 3.4484e-05 (best: 2.1385e-05/1.4189e-05)
>> epoch [  30/3000], runtime:  30.39s, train loss: 3.1188e-05 (best: 2.1385e-05/1.4189e-05)
>> epoch [  31/3000], runtime:  30.40s, train loss: 2.6717e-05 (best: 2.1385e-05/1.4189e-05)
>> epoch [  32/3000], runtime:  30.38s, train loss: 2.1688e-05 (best: 2.1385e-05/1.4189e-05)
>> epoch [  33/3000], runtime:  30.37s, train loss: 2.2241e-05 (best: 2.1385e-05/1.4189e-05)
>> epoch [  34/3000], runtime:  30.38s, train loss: 2.8607e-05 (best: 2.1385e-05/1.4189e-05)
>> epoch [  35/3000], runtime:  30.41s, train loss: 2.5959e-05 (best: 2.1385e-05/1.4189e-05)
>> epoch [  36/3000], runtime:  30.40s, train loss: 2.8160e-05 (best: 2.1385e-05/1.4189e-05)
>> epoch [  37/3000], runtime:  30.38s, train loss: 3.0031e-05 (best: 2.1385e-05/1.4189e-05)
>> epoch [  38/3000], runtime:  30.40s, train loss: 2.8628e-05 (best: 2.1385e-05/1.4189e-05)
>> epoch [  39/3000], runtime:  30.38s, train loss: 3.1981e-05 (best: 2.1385e-05/1.4189e-05)
>> epoch [  40/3000], runtime:  29.75s, train loss: 2.5603e-05 (best: 2.1385e-05/1.4189e-05)
>> epoch [  41/3000], runtime:  30.40s, train loss: 2.1054e-05 (best: 2.1385e-05/1.4189e-05)
>> epoch [  42/3000], runtime: 30.40s, train loss: 1.5292e-05, valid loss: 1.2269e-05 , test loss: 5.9130e-04
>> epoch [  43/3000], runtime:  30.36s, train loss: 1.6089e-05 (best: 1.5292e-05/1.2269e-05)
>> epoch [  44/3000], runtime:  30.33s, train loss: 2.1317e-05 (best: 1.5292e-05/1.2269e-05)
>> epoch [  45/3000], runtime:  30.32s, train loss: 2.8133e-05 (best: 1.5292e-05/1.2269e-05)
>> epoch [  46/3000], runtime:  30.40s, train loss: 1.9274e-05 (best: 1.5292e-05/1.2269e-05)
>> epoch [  47/3000], runtime:  30.39s, train loss: 1.8568e-05 (best: 1.5292e-05/1.2269e-05)
>> epoch [  48/3000], runtime:  29.82s, train loss: 2.3986e-05 (best: 1.5292e-05/1.2269e-05)
>> epoch [  49/3000], runtime:  30.39s, train loss: 2.5806e-05 (best: 1.5292e-05/1.2269e-05)
>> epoch [  50/3000], runtime:  29.83s, train loss: 1.7537e-05 (best: 1.5292e-05/1.2269e-05)
>> epoch [  51/3000], runtime:  29.79s, train loss: 2.6131e-05 (best: 1.5292e-05/1.2269e-05)
>> epoch [  52/3000], runtime:  29.78s, train loss: 1.7624e-05 (best: 1.5292e-05/1.2269e-05)
>> epoch [  53/3000], runtime:  29.80s, train loss: 1.6493e-05 (best: 1.5292e-05/1.2269e-05)
>> epoch [  54/3000], runtime:  29.82s, train loss: 2.1027e-05 (best: 1.5292e-05/1.2269e-05)
>> epoch [  55/3000], runtime:  29.80s, train loss: 2.0088e-05 (best: 1.5292e-05/1.2269e-05)
>> epoch [  56/3000], runtime:  30.41s, train loss: 1.9620e-05 (best: 1.5292e-05/1.2269e-05)
>> epoch [  57/3000], runtime:  29.76s, train loss: 1.8959e-05 (best: 1.5292e-05/1.2269e-05)
>> epoch [  58/3000], runtime:  30.41s, train loss: 2.1086e-05 (best: 1.5292e-05/1.2269e-05)
>> epoch [  59/3000], runtime:  30.42s, train loss: 1.6746e-05 (best: 1.5292e-05/1.2269e-05)
>> epoch [  60/3000], runtime:  29.69s, train loss: 1.7185e-05 (best: 1.5292e-05/1.2269e-05)
>> epoch [  61/3000], runtime:  29.95s, train loss: 1.8533e-05 (best: 1.5292e-05/1.2269e-05)
>> epoch [  62/3000], runtime:  29.81s, train loss: 2.1750e-05 (best: 1.5292e-05/1.2269e-05)
>> epoch [  63/3000], runtime:  29.82s, train loss: 2.2517e-05 (best: 1.5292e-05/1.2269e-05)
>> epoch [  64/3000], runtime:  30.31s, train loss: 2.8168e-05 (best: 1.5292e-05/1.2269e-05)
>> epoch [  65/3000], runtime:  29.79s, train loss: 1.5627e-05 (best: 1.5292e-05/1.2269e-05)
>> epoch [  66/3000], runtime:  29.79s, train loss: 2.0639e-05 (best: 1.5292e-05/1.2269e-05)
>> epoch [  67/3000], runtime:  30.32s, train loss: 1.9518e-05 (best: 1.5292e-05/1.2269e-05)
>> epoch [  68/3000], runtime:  30.34s, train loss: 1.3757e-05 (best: 1.5292e-05/1.2269e-05)
>> epoch [  69/3000], runtime:  29.23s, train loss: 1.7087e-05 (best: 1.5292e-05/1.2269e-05)
>> epoch [  70/3000], runtime:  29.83s, train loss: 2.6289e-05 (best: 1.5292e-05/1.2269e-05)
>> epoch [  71/3000], runtime:  29.27s, train loss: 1.6150e-05 (best: 1.5292e-05/1.2269e-05)
>> epoch [  72/3000], runtime:  30.39s, train loss: 1.3898e-05 (best: 1.5292e-05/1.2269e-05)
>> epoch [  73/3000], runtime:  29.76s, train loss: 1.7102e-05 (best: 1.5292e-05/1.2269e-05)
>> epoch [  74/3000], runtime:  30.38s, train loss: 1.5755e-05 (best: 1.5292e-05/1.2269e-05)
>> epoch [  75/3000], runtime:  29.81s, train loss: 2.0947e-05 (best: 1.5292e-05/1.2269e-05)
>> epoch [  76/3000], runtime: 30.07s, train loss: 1.4380e-05, valid loss: 1.1320e-05 , test loss: 5.2746e-04
>> epoch [  77/3000], runtime:  30.07s, train loss: 1.6557e-05 (best: 1.4380e-05/1.1320e-05)
>> epoch [  78/3000], runtime:  29.54s, train loss: 1.2249e-05 (best: 1.4380e-05/1.1320e-05)
>> epoch [  79/3000], runtime:  30.05s, train loss: 1.6932e-05 (best: 1.4380e-05/1.1320e-05)
>> epoch [  80/3000], runtime:  29.72s, train loss: 2.4497e-05 (best: 1.4380e-05/1.1320e-05)
>> epoch [  81/3000], runtime:  30.24s, train loss: 2.0919e-05 (best: 1.4380e-05/1.1320e-05)
>> epoch [  82/3000], runtime:  30.33s, train loss: 1.6473e-05 (best: 1.4380e-05/1.1320e-05)
>> epoch [  83/3000], runtime:  29.80s, train loss: 1.8308e-05 (best: 1.4380e-05/1.1320e-05)
>> epoch [  84/3000], runtime:  29.80s, train loss: 1.5445e-05 (best: 1.4380e-05/1.1320e-05)
>> epoch [  85/3000], runtime:  29.83s, train loss: 1.8517e-05 (best: 1.4380e-05/1.1320e-05)
>> epoch [  86/3000], runtime:  29.81s, train loss: 1.8673e-05 (best: 1.4380e-05/1.1320e-05)
>> epoch [  87/3000], runtime:  30.38s, train loss: 1.9771e-05 (best: 1.4380e-05/1.1320e-05)
>> epoch [  88/3000], runtime:  30.38s, train loss: 2.0442e-05 (best: 1.4380e-05/1.1320e-05)
>> epoch [  89/3000], runtime:  29.75s, train loss: 1.7434e-05 (best: 1.4380e-05/1.1320e-05)
>> epoch [  90/3000], runtime:  29.20s, train loss: 1.3860e-05 (best: 1.4380e-05/1.1320e-05)
>> epoch [  91/3000], runtime:  29.80s, train loss: 1.4491e-05 (best: 1.4380e-05/1.1320e-05)
>> epoch [  92/3000], runtime:  29.18s, train loss: 1.5993e-05 (best: 1.4380e-05/1.1320e-05)
>> epoch [  93/3000], runtime:  29.24s, train loss: 1.4771e-05 (best: 1.4380e-05/1.1320e-05)
>> epoch [  94/3000], runtime:  30.35s, train loss: 1.3947e-05 (best: 1.4380e-05/1.1320e-05)
>> epoch [  95/3000], runtime:  30.35s, train loss: 1.2599e-05 (best: 1.4380e-05/1.1320e-05)
>> epoch [  96/3000], runtime:  29.79s, train loss: 1.2669e-05 (best: 1.4380e-05/1.1320e-05)
>> epoch [  97/3000], runtime:  30.38s, train loss: 2.3122e-05 (best: 1.4380e-05/1.1320e-05)
>> epoch [  98/3000], runtime:  29.80s, train loss: 1.8185e-05 (best: 1.4380e-05/1.1320e-05)
>> epoch [  99/3000], runtime:  30.37s, train loss: 1.3466e-05 (best: 1.4380e-05/1.1320e-05)
>> epoch [ 100/3000], runtime:  30.31s, train loss: 1.4398e-05 (best: 1.4380e-05/1.1320e-05)
>> epoch [ 101/3000], runtime:  29.81s, train loss: 1.5325e-05 (best: 1.4380e-05/1.1320e-05)
>> epoch [ 102/3000], runtime:  29.79s, train loss: 1.7374e-05 (best: 1.4380e-05/1.1320e-05)
>> epoch [ 103/3000], runtime:  29.78s, train loss: 1.1327e-05 (best: 1.4380e-05/1.1320e-05)
>> epoch [ 104/3000], runtime:  29.79s, train loss: 1.3888e-05 (best: 1.4380e-05/1.1320e-05)
>> epoch [ 105/3000], runtime:  30.39s, train loss: 1.4884e-05 (best: 1.4380e-05/1.1320e-05)
>> epoch [ 106/3000], runtime: 30.40s, train loss: 1.2912e-05, valid loss: 1.0245e-05 , test loss: 5.5654e-04
>> epoch [ 107/3000], runtime:  29.81s, train loss: 1.4161e-05 (best: 1.2912e-05/1.0245e-05)
>> epoch [ 108/3000], runtime:  29.75s, train loss: 1.6495e-05 (best: 1.2912e-05/1.0245e-05)
>> epoch [ 109/3000], runtime:  30.36s, train loss: 1.7559e-05 (best: 1.2912e-05/1.0245e-05)
>> epoch [ 110/3000], runtime:  30.33s, train loss: 1.8556e-05 (best: 1.2912e-05/1.0245e-05)
>> epoch [ 111/3000], runtime:  29.74s, train loss: 1.6097e-05 (best: 1.2912e-05/1.0245e-05)
>> epoch [ 112/3000], runtime:  29.77s, train loss: 1.4470e-05 (best: 1.2912e-05/1.0245e-05)
>> epoch [ 113/3000], runtime:  30.36s, train loss: 2.1237e-05 (best: 1.2912e-05/1.0245e-05)
>> epoch [ 114/3000], runtime:  29.80s, train loss: 1.5004e-05 (best: 1.2912e-05/1.0245e-05)
>> epoch [ 115/3000], runtime:  30.37s, train loss: 1.5212e-05 (best: 1.2912e-05/1.0245e-05)
>> epoch [ 116/3000], runtime: 30.38s, train loss: 1.2146e-05, valid loss: 9.8806e-06 , test loss: 4.3390e-04
>> epoch [ 117/3000], runtime:  30.39s, train loss: 2.0107e-05 (best: 1.2146e-05/9.8806e-06)
>> epoch [ 118/3000], runtime:  30.17s, train loss: 1.8520e-05 (best: 1.2146e-05/9.8806e-06)
>> epoch [ 119/3000], runtime:  29.40s, train loss: 1.4954e-05 (best: 1.2146e-05/9.8806e-06)
>> epoch [ 120/3000], runtime:  29.79s, train loss: 1.5257e-05 (best: 1.2146e-05/9.8806e-06)
>> epoch [ 121/3000], runtime:  30.42s, train loss: 1.2903e-05 (best: 1.2146e-05/9.8806e-06)
>> epoch [ 122/3000], runtime:  30.38s, train loss: 1.2871e-05 (best: 1.2146e-05/9.8806e-06)
>> epoch [ 123/3000], runtime:  29.89s, train loss: 1.0788e-05 (best: 1.2146e-05/9.8806e-06)
>> epoch [ 124/3000], runtime:  29.88s, train loss: 1.2927e-05 (best: 1.2146e-05/9.8806e-06)
>> epoch [ 125/3000], runtime:  26.07s, train loss: 1.4166e-05 (best: 1.2146e-05/9.8806e-06)
>> epoch [ 126/3000], runtime:  28.95s, train loss: 1.6732e-05 (best: 1.2146e-05/9.8806e-06)
>> epoch [ 127/3000], runtime:  30.40s, train loss: 1.5512e-05 (best: 1.2146e-05/9.8806e-06)
>> epoch [ 128/3000], runtime:  22.91s, train loss: 1.1683e-05 (best: 1.2146e-05/9.8806e-06)
>> epoch [ 129/3000], runtime:  20.31s, train loss: 1.1751e-05 (best: 1.2146e-05/9.8806e-06)
>> epoch [ 130/3000], runtime:  20.31s, train loss: 1.0387e-05 (best: 1.2146e-05/9.8806e-06)
>> epoch [ 131/3000], runtime:  20.28s, train loss: 1.1220e-05 (best: 1.2146e-05/9.8806e-06)
>> epoch [ 132/3000], runtime:  20.32s, train loss: 1.2034e-05 (best: 1.2146e-05/9.8806e-06)
>> epoch [ 133/3000], runtime:  25.55s, train loss: 1.6161e-05 (best: 1.2146e-05/9.8806e-06)
>> epoch [ 134/3000], runtime:  30.32s, train loss: 1.3334e-05 (best: 1.2146e-05/9.8806e-06)
>> epoch [ 135/3000], runtime:  30.38s, train loss: 1.3119e-05 (best: 1.2146e-05/9.8806e-06)
>> epoch [ 136/3000], runtime: 29.77s, train loss: 1.1471e-05, valid loss: 9.7443e-06 , test loss: 4.9352e-04
>> epoch [ 137/3000], runtime:  30.40s, train loss: 1.0957e-05 (best: 1.1471e-05/9.7443e-06)
>> epoch [ 138/3000], runtime:  29.95s, train loss: 1.4617e-05 (best: 1.1471e-05/9.7443e-06)
>> epoch [ 139/3000], runtime:  30.27s, train loss: 1.3739e-05 (best: 1.1471e-05/9.7443e-06)
>> epoch [ 140/3000], runtime:  30.40s, train loss: 1.0181e-05 (best: 1.1471e-05/9.7443e-06)
>> epoch [ 141/3000], runtime:  30.41s, train loss: 1.0838e-05 (best: 1.1471e-05/9.7443e-06)
>> epoch [ 142/3000], runtime:  30.41s, train loss: 9.8984e-06 (best: 1.1471e-05/9.7443e-06)
>> epoch [ 143/3000], runtime:  29.81s, train loss: 1.3230e-05 (best: 1.1471e-05/9.7443e-06)
>> epoch [ 144/3000], runtime: 30.35s, train loss: 9.5088e-06, valid loss: 9.4454e-06 , test loss: 5.4099e-04
>> epoch [ 145/3000], runtime: 30.42s, train loss: 9.1322e-06, valid loss: 6.9819e-06 , test loss: 5.6299e-04
>> epoch [ 146/3000], runtime:  30.36s, train loss: 1.0929e-05 (best: 9.1322e-06/6.9819e-06)
>> epoch [ 147/3000], runtime:  30.32s, train loss: 9.7827e-06 (best: 9.1322e-06/6.9819e-06)
>> epoch [ 148/3000], runtime:  29.79s, train loss: 1.6174e-05 (best: 9.1322e-06/6.9819e-06)
>> epoch [ 149/3000], runtime:  30.38s, train loss: 1.4833e-05 (best: 9.1322e-06/6.9819e-06)
>> epoch [ 150/3000], runtime:  30.34s, train loss: 1.4724e-05 (best: 9.1322e-06/6.9819e-06)
>> epoch [ 151/3000], runtime:  30.38s, train loss: 1.2141e-05 (best: 9.1322e-06/6.9819e-06)
>> epoch [ 152/3000], runtime:  30.38s, train loss: 1.1846e-05 (best: 9.1322e-06/6.9819e-06)
>> epoch [ 153/3000], runtime:  29.82s, train loss: 1.4106e-05 (best: 9.1322e-06/6.9819e-06)
>> epoch [ 154/3000], runtime:  30.38s, train loss: 1.2006e-05 (best: 9.1322e-06/6.9819e-06)
>> epoch [ 155/3000], runtime:  30.37s, train loss: 1.3531e-05 (best: 9.1322e-06/6.9819e-06)
>> epoch [ 156/3000], runtime:  29.79s, train loss: 1.1972e-05 (best: 9.1322e-06/6.9819e-06)
>> epoch [ 157/3000], runtime:  30.38s, train loss: 1.2506e-05 (best: 9.1322e-06/6.9819e-06)
>> epoch [ 158/3000], runtime:  30.40s, train loss: 1.0386e-05 (best: 9.1322e-06/6.9819e-06)
>> epoch [ 159/3000], runtime:  30.37s, train loss: 1.0890e-05 (best: 9.1322e-06/6.9819e-06)
>> epoch [ 160/3000], runtime:  30.37s, train loss: 1.5502e-05 (best: 9.1322e-06/6.9819e-06)
>> epoch [ 161/3000], runtime:  30.38s, train loss: 1.2690e-05 (best: 9.1322e-06/6.9819e-06)
>> epoch [ 162/3000], runtime:  30.38s, train loss: 9.2189e-06 (best: 9.1322e-06/6.9819e-06)
>> epoch [ 163/3000], runtime:  29.90s, train loss: 1.4840e-05 (best: 9.1322e-06/6.9819e-06)
>> epoch [ 164/3000], runtime:  30.21s, train loss: 2.4056e-05 (best: 9.1322e-06/6.9819e-06)
>> epoch [ 165/3000], runtime:  30.35s, train loss: 1.4482e-05 (best: 9.1322e-06/6.9819e-06)
>> epoch [ 166/3000], runtime:  30.32s, train loss: 1.1679e-05 (best: 9.1322e-06/6.9819e-06)
>> epoch [ 167/3000], runtime:  30.31s, train loss: 9.7815e-06 (best: 9.1322e-06/6.9819e-06)
>> epoch [ 168/3000], runtime:  30.38s, train loss: 8.8599e-06 (best: 9.1322e-06/6.9819e-06)
>> epoch [ 169/3000], runtime:  30.39s, train loss: 8.2805e-06 (best: 9.1322e-06/6.9819e-06)
>> epoch [ 170/3000], runtime:  30.36s, train loss: 1.2988e-05 (best: 9.1322e-06/6.9819e-06)
>> epoch [ 171/3000], runtime:  30.39s, train loss: 1.1119e-05 (best: 9.1322e-06/6.9819e-06)
>> epoch [ 172/3000], runtime:  29.76s, train loss: 1.0735e-05 (best: 9.1322e-06/6.9819e-06)
>> epoch [ 173/3000], runtime:  29.80s, train loss: 1.1761e-05 (best: 9.1322e-06/6.9819e-06)
>> epoch [ 174/3000], runtime:  30.36s, train loss: 1.1445e-05 (best: 9.1322e-06/6.9819e-06)
>> epoch [ 175/3000], runtime:  30.36s, train loss: 1.0265e-05 (best: 9.1322e-06/6.9819e-06)
>> epoch [ 176/3000], runtime:  30.40s, train loss: 1.2761e-05 (best: 9.1322e-06/6.9819e-06)
>> epoch [ 177/3000], runtime:  29.83s, train loss: 1.2093e-05 (best: 9.1322e-06/6.9819e-06)
>> epoch [ 178/3000], runtime:  29.78s, train loss: 9.1815e-06 (best: 9.1322e-06/6.9819e-06)
>> epoch [ 179/3000], runtime:  29.78s, train loss: 1.3181e-05 (best: 9.1322e-06/6.9819e-06)
>> epoch [ 180/3000], runtime:  29.80s, train loss: 7.8652e-06 (best: 9.1322e-06/6.9819e-06)
>> epoch [ 181/3000], runtime:  30.36s, train loss: 1.2659e-05 (best: 9.1322e-06/6.9819e-06)
>> epoch [ 182/3000], runtime:  30.38s, train loss: 8.9687e-06 (best: 9.1322e-06/6.9819e-06)
>> epoch [ 183/3000], runtime:  30.38s, train loss: 8.1094e-06 (best: 9.1322e-06/6.9819e-06)
>> epoch [ 184/3000], runtime:  30.37s, train loss: 1.1366e-05 (best: 9.1322e-06/6.9819e-06)
>> epoch [ 185/3000], runtime:  30.33s, train loss: 1.1477e-05 (best: 9.1322e-06/6.9819e-06)
>> epoch [ 186/3000], runtime:  29.87s, train loss: 8.8797e-06 (best: 9.1322e-06/6.9819e-06)
>> epoch [ 187/3000], runtime:  29.89s, train loss: 9.8479e-06 (best: 9.1322e-06/6.9819e-06)
>> epoch [ 188/3000], runtime:  30.38s, train loss: 9.8336e-06 (best: 9.1322e-06/6.9819e-06)
>> epoch [ 189/3000], runtime:  29.75s, train loss: 1.3220e-05 (best: 9.1322e-06/6.9819e-06)
>> epoch [ 190/3000], runtime:  29.80s, train loss: 1.0470e-05 (best: 9.1322e-06/6.9819e-06)
>> epoch [ 191/3000], runtime:  29.79s, train loss: 1.0522e-05 (best: 9.1322e-06/6.9819e-06)
>> epoch [ 192/3000], runtime:  30.39s, train loss: 1.6434e-05 (best: 9.1322e-06/6.9819e-06)
>> epoch [ 193/3000], runtime:  30.37s, train loss: 9.1153e-06 (best: 9.1322e-06/6.9819e-06)
>> epoch [ 194/3000], runtime:  30.39s, train loss: 8.8374e-06 (best: 9.1322e-06/6.9819e-06)
>> epoch [ 195/3000], runtime:  30.39s, train loss: 9.9680e-06 (best: 9.1322e-06/6.9819e-06)
>> epoch [ 196/3000], runtime:  30.31s, train loss: 9.3329e-06 (best: 9.1322e-06/6.9819e-06)
----------------------------------------------------------------------------------------------------
----------------------------------------------------------------------------------------------------
>> ntrain: 300, layer_info: 128_5, act_xi: Softplus, lr: 0.01, gamma: 0.6, w_d: 0.0
>> Best train loss: 9.1322e-06
>> Best valid loss: 6.9819e-06
>> Best test loss: 5.6299e-04
>> Best epoch: 144
----------------------------------------------------------------------------------------------------
----------------------------------------------------------------------------------------------------
>> Training Completed!!
