>> Device being used: cuda (NVIDIA GeForce RTX 4090)
Total number of parameters: 1321
>> Training Mesh resolution: 257x257
/root/autodl-tmp/project/MPNO_final/BlatzKo_1d/PNO_NN_ex35_k1/PNO_BB_L1loss.py:143: UserWarning: torch.range is deprecated and will be removed in a future release because its behavior is inconsistent with Python's range builtin. Instead, use torch.arange, which produces values in [start, end).
  ksi_range = torch.range(-m_fact, m_fact).int()
tensor(0.8109)
tensor(3.3456)
>> Preprocessing completed, time elapsed:  0.52s
>> ntrain: 300, lr: 0.01, gamma: 0.6, w_d: 0.0
----------------------------------------------------------------------------------------------------
>> epoch [   1/3000], runtime: 3.42s, train loss: 2.1115e-04, valid loss: 1.0078e-04 , test loss: 3.8580e-03
>> epoch [   2/3000], runtime: 4.65s, train loss: 1.0508e-04, valid loss: 7.5598e-05 , test loss: 2.2564e-03
>> epoch [   3/3000], runtime: 4.85s, train loss: 7.7902e-05, valid loss: 5.0289e-05 , test loss: 1.4089e-03
>> epoch [   4/3000], runtime:  4.87s, train loss: 6.5406e-05 (best: 7.7902e-05/5.0289e-05)
>> epoch [   5/3000], runtime: 4.88s, train loss: 4.6051e-05, valid loss: 1.9229e-05 , test loss: 3.4069e-04
>> epoch [   6/3000], runtime:  4.89s, train loss: 2.0213e-05 (best: 4.6051e-05/1.9229e-05)
>> epoch [   7/3000], runtime:  4.86s, train loss: 3.3096e-05 (best: 4.6051e-05/1.9229e-05)
>> epoch [   8/3000], runtime:  4.84s, train loss: 3.3208e-05 (best: 4.6051e-05/1.9229e-05)
>> epoch [   9/3000], runtime: 5.24s, train loss: 3.7473e-05, valid loss: 1.7875e-05 , test loss: 3.0470e-04
>> epoch [  10/3000], runtime:  5.12s, train loss: 4.4552e-05 (best: 3.7473e-05/1.7875e-05)
>> epoch [  11/3000], runtime:  4.43s, train loss: 2.4359e-05 (best: 3.7473e-05/1.7875e-05)
>> epoch [  12/3000], runtime: 5.27s, train loss: 1.7598e-05, valid loss: 1.5296e-05 , test loss: 2.4018e-04
>> epoch [  13/3000], runtime:  5.03s, train loss: 1.8983e-05 (best: 1.7598e-05/1.5296e-05)
>> epoch [  14/3000], runtime:  5.16s, train loss: 1.8351e-05 (best: 1.7598e-05/1.5296e-05)
>> epoch [  15/3000], runtime:  4.89s, train loss: 2.5583e-05 (best: 1.7598e-05/1.5296e-05)
>> epoch [  16/3000], runtime:  4.87s, train loss: 2.4543e-05 (best: 1.7598e-05/1.5296e-05)
>> epoch [  17/3000], runtime:  4.69s, train loss: 4.6622e-05 (best: 1.7598e-05/1.5296e-05)
>> epoch [  18/3000], runtime:  5.06s, train loss: 2.8038e-05 (best: 1.7598e-05/1.5296e-05)
>> epoch [  19/3000], runtime:  4.55s, train loss: 2.6030e-05 (best: 1.7598e-05/1.5296e-05)
>> epoch [  20/3000], runtime:  4.86s, train loss: 1.9659e-05 (best: 1.7598e-05/1.5296e-05)
>> epoch [  21/3000], runtime:  5.27s, train loss: 2.2980e-05 (best: 1.7598e-05/1.5296e-05)
>> epoch [  22/3000], runtime:  4.86s, train loss: 2.0312e-05 (best: 1.7598e-05/1.5296e-05)
>> epoch [  23/3000], runtime:  5.27s, train loss: 1.6193e-05 (best: 1.7598e-05/1.5296e-05)
>> epoch [  24/3000], runtime:  4.80s, train loss: 1.4751e-05 (best: 1.7598e-05/1.5296e-05)
>> epoch [  25/3000], runtime:  5.27s, train loss: 2.0276e-05 (best: 1.7598e-05/1.5296e-05)
>> epoch [  26/3000], runtime: 4.72s, train loss: 1.4170e-05, valid loss: 1.4148e-05 , test loss: 1.9220e-04
>> epoch [  27/3000], runtime:  5.26s, train loss: 1.2370e-05 (best: 1.4170e-05/1.4148e-05)
>> epoch [  28/3000], runtime: 5.26s, train loss: 1.2314e-05, valid loss: 1.2154e-05 , test loss: 1.8516e-04
>> epoch [  29/3000], runtime:  5.26s, train loss: 1.8187e-05 (best: 1.2314e-05/1.2154e-05)
>> epoch [  30/3000], runtime:  5.30s, train loss: 2.3076e-05 (best: 1.2314e-05/1.2154e-05)
>> epoch [  31/3000], runtime:  5.28s, train loss: 3.2478e-05 (best: 1.2314e-05/1.2154e-05)
>> epoch [  32/3000], runtime:  5.27s, train loss: 1.4116e-05 (best: 1.2314e-05/1.2154e-05)
>> epoch [  33/3000], runtime:  5.12s, train loss: 1.1590e-05 (best: 1.2314e-05/1.2154e-05)
>> epoch [  34/3000], runtime:  4.85s, train loss: 1.4804e-05 (best: 1.2314e-05/1.2154e-05)
>> epoch [  35/3000], runtime:  5.05s, train loss: 1.4915e-05 (best: 1.2314e-05/1.2154e-05)
>> epoch [  36/3000], runtime:  5.26s, train loss: 2.0556e-05 (best: 1.2314e-05/1.2154e-05)
>> epoch [  37/3000], runtime:  5.25s, train loss: 1.1373e-05 (best: 1.2314e-05/1.2154e-05)
>> epoch [  38/3000], runtime:  5.07s, train loss: 1.3981e-05 (best: 1.2314e-05/1.2154e-05)
>> epoch [  39/3000], runtime:  5.09s, train loss: 1.2387e-05 (best: 1.2314e-05/1.2154e-05)
>> epoch [  40/3000], runtime: 5.28s, train loss: 9.9513e-06, valid loss: 1.0324e-05 , test loss: 1.4231e-04
>> epoch [  41/3000], runtime:  4.57s, train loss: 1.1351e-05 (best: 9.9513e-06/1.0324e-05)
>> epoch [  42/3000], runtime:  5.27s, train loss: 1.5349e-05 (best: 9.9513e-06/1.0324e-05)
>> epoch [  43/3000], runtime:  5.24s, train loss: 1.1406e-05 (best: 9.9513e-06/1.0324e-05)
>> epoch [  44/3000], runtime:  4.50s, train loss: 1.0830e-05 (best: 9.9513e-06/1.0324e-05)
>> epoch [  45/3000], runtime:  5.09s, train loss: 1.3248e-05 (best: 9.9513e-06/1.0324e-05)
>> epoch [  46/3000], runtime:  5.27s, train loss: 1.1487e-05 (best: 9.9513e-06/1.0324e-05)
>> epoch [  47/3000], runtime:  5.28s, train loss: 8.9239e-06 (best: 9.9513e-06/1.0324e-05)
>> epoch [  48/3000], runtime:  5.24s, train loss: 1.0039e-05 (best: 9.9513e-06/1.0324e-05)
>> epoch [  49/3000], runtime:  4.89s, train loss: 9.8129e-06 (best: 9.9513e-06/1.0324e-05)
>> epoch [  50/3000], runtime:  4.89s, train loss: 1.0536e-05 (best: 9.9513e-06/1.0324e-05)
>> epoch [  51/3000], runtime: 5.15s, train loss: 7.8007e-06, valid loss: 8.1787e-06 , test loss: 1.1911e-04
>> epoch [  52/3000], runtime:  5.12s, train loss: 1.0777e-05 (best: 7.8007e-06/8.1787e-06)
>> epoch [  53/3000], runtime:  4.65s, train loss: 1.8983e-05 (best: 7.8007e-06/8.1787e-06)
>> epoch [  54/3000], runtime:  5.06s, train loss: 1.6550e-05 (best: 7.8007e-06/8.1787e-06)
>> epoch [  55/3000], runtime:  5.29s, train loss: 1.6266e-05 (best: 7.8007e-06/8.1787e-06)
>> epoch [  56/3000], runtime:  5.28s, train loss: 2.1079e-05 (best: 7.8007e-06/8.1787e-06)
>> epoch [  57/3000], runtime:  5.26s, train loss: 1.0129e-05 (best: 7.8007e-06/8.1787e-06)
>> epoch [  58/3000], runtime:  5.28s, train loss: 1.0095e-05 (best: 7.8007e-06/8.1787e-06)
>> epoch [  59/3000], runtime:  5.27s, train loss: 1.3023e-05 (best: 7.8007e-06/8.1787e-06)
>> epoch [  60/3000], runtime:  5.28s, train loss: 1.5642e-05 (best: 7.8007e-06/8.1787e-06)
>> epoch [  61/3000], runtime:  5.29s, train loss: 9.2824e-06 (best: 7.8007e-06/8.1787e-06)
>> epoch [  62/3000], runtime:  5.28s, train loss: 9.3541e-06 (best: 7.8007e-06/8.1787e-06)
>> epoch [  63/3000], runtime:  5.27s, train loss: 1.1118e-05 (best: 7.8007e-06/8.1787e-06)
>> epoch [  64/3000], runtime:  4.71s, train loss: 9.2274e-06 (best: 7.8007e-06/8.1787e-06)
>> epoch [  65/3000], runtime:  4.80s, train loss: 1.0484e-05 (best: 7.8007e-06/8.1787e-06)
>> epoch [  66/3000], runtime:  4.89s, train loss: 1.1448e-05 (best: 7.8007e-06/8.1787e-06)
>> epoch [  67/3000], runtime:  5.28s, train loss: 1.3292e-05 (best: 7.8007e-06/8.1787e-06)
>> epoch [  68/3000], runtime:  5.26s, train loss: 1.3012e-05 (best: 7.8007e-06/8.1787e-06)
>> epoch [  69/3000], runtime:  5.28s, train loss: 9.7932e-06 (best: 7.8007e-06/8.1787e-06)
>> epoch [  70/3000], runtime:  5.29s, train loss: 9.7543e-06 (best: 7.8007e-06/8.1787e-06)
>> epoch [  71/3000], runtime:  5.22s, train loss: 8.8559e-06 (best: 7.8007e-06/8.1787e-06)
>> epoch [  72/3000], runtime:  4.95s, train loss: 7.8065e-06 (best: 7.8007e-06/8.1787e-06)
>> epoch [  73/3000], runtime:  5.32s, train loss: 1.0427e-05 (best: 7.8007e-06/8.1787e-06)
>> epoch [  74/3000], runtime:  5.28s, train loss: 1.7060e-05 (best: 7.8007e-06/8.1787e-06)
>> epoch [  75/3000], runtime:  5.18s, train loss: 9.8041e-06 (best: 7.8007e-06/8.1787e-06)
>> epoch [  76/3000], runtime:  4.83s, train loss: 1.3020e-05 (best: 7.8007e-06/8.1787e-06)
>> epoch [  77/3000], runtime:  5.25s, train loss: 1.2557e-05 (best: 7.8007e-06/8.1787e-06)
>> epoch [  78/3000], runtime:  5.28s, train loss: 7.3967e-06 (best: 7.8007e-06/8.1787e-06)
>> epoch [  79/3000], runtime:  5.28s, train loss: 8.4384e-06 (best: 7.8007e-06/8.1787e-06)
>> epoch [  80/3000], runtime:  5.28s, train loss: 7.5804e-06 (best: 7.8007e-06/8.1787e-06)
>> epoch [  81/3000], runtime:  5.26s, train loss: 1.1164e-05 (best: 7.8007e-06/8.1787e-06)
>> epoch [  82/3000], runtime:  5.27s, train loss: 1.1740e-05 (best: 7.8007e-06/8.1787e-06)
>> epoch [  83/3000], runtime:  5.28s, train loss: 1.5467e-05 (best: 7.8007e-06/8.1787e-06)
>> epoch [  84/3000], runtime:  5.28s, train loss: 6.4541e-06 (best: 7.8007e-06/8.1787e-06)
>> epoch [  85/3000], runtime:  5.30s, train loss: 1.1886e-05 (best: 7.8007e-06/8.1787e-06)
>> epoch [  86/3000], runtime:  5.28s, train loss: 1.2153e-05 (best: 7.8007e-06/8.1787e-06)
>> epoch [  87/3000], runtime:  5.27s, train loss: 7.9301e-06 (best: 7.8007e-06/8.1787e-06)
>> epoch [  88/3000], runtime:  5.28s, train loss: 1.0485e-05 (best: 7.8007e-06/8.1787e-06)
>> epoch [  89/3000], runtime:  4.95s, train loss: 8.1161e-06 (best: 7.8007e-06/8.1787e-06)
>> epoch [  90/3000], runtime:  5.19s, train loss: 8.3631e-06 (best: 7.8007e-06/8.1787e-06)
>> epoch [  91/3000], runtime:  5.29s, train loss: 8.8320e-06 (best: 7.8007e-06/8.1787e-06)
>> epoch [  92/3000], runtime:  5.29s, train loss: 1.1773e-05 (best: 7.8007e-06/8.1787e-06)
>> epoch [  93/3000], runtime:  5.27s, train loss: 8.4828e-06 (best: 7.8007e-06/8.1787e-06)
>> epoch [  94/3000], runtime:  4.98s, train loss: 7.0528e-06 (best: 7.8007e-06/8.1787e-06)
>> epoch [  95/3000], runtime:  5.27s, train loss: 7.0579e-06 (best: 7.8007e-06/8.1787e-06)
>> epoch [  96/3000], runtime:  5.17s, train loss: 1.6314e-05 (best: 7.8007e-06/8.1787e-06)
>> epoch [  97/3000], runtime:  5.02s, train loss: 8.9174e-06 (best: 7.8007e-06/8.1787e-06)
>> epoch [  98/3000], runtime: 5.25s, train loss: 7.2484e-06, valid loss: 7.7495e-06 , test loss: 1.1931e-04
>> epoch [  99/3000], runtime:  5.14s, train loss: 6.8963e-06 (best: 7.2484e-06/7.7495e-06)
>> epoch [ 100/3000], runtime: 5.14s, train loss: 6.0875e-06, valid loss: 6.7686e-06 , test loss: 1.0589e-04
>> epoch [ 101/3000], runtime:  5.24s, train loss: 6.1666e-06 (best: 6.0875e-06/6.7686e-06)
>> epoch [ 102/3000], runtime:  4.83s, train loss: 7.9929e-06 (best: 6.0875e-06/6.7686e-06)
>> epoch [ 103/3000], runtime:  5.08s, train loss: 5.9110e-06 (best: 6.0875e-06/6.7686e-06)
>> epoch [ 104/3000], runtime:  5.29s, train loss: 9.5272e-06 (best: 6.0875e-06/6.7686e-06)
>> epoch [ 105/3000], runtime:  5.28s, train loss: 8.7827e-06 (best: 6.0875e-06/6.7686e-06)
>> epoch [ 106/3000], runtime:  5.27s, train loss: 8.4377e-06 (best: 6.0875e-06/6.7686e-06)
>> epoch [ 107/3000], runtime:  4.88s, train loss: 7.3139e-06 (best: 6.0875e-06/6.7686e-06)
>> epoch [ 108/3000], runtime:  5.26s, train loss: 6.5069e-06 (best: 6.0875e-06/6.7686e-06)
>> epoch [ 109/3000], runtime:  5.26s, train loss: 6.3909e-06 (best: 6.0875e-06/6.7686e-06)
>> epoch [ 110/3000], runtime:  5.28s, train loss: 9.5893e-06 (best: 6.0875e-06/6.7686e-06)
>> epoch [ 111/3000], runtime:  5.16s, train loss: 5.8879e-06 (best: 6.0875e-06/6.7686e-06)
>> epoch [ 112/3000], runtime:  4.82s, train loss: 7.3698e-06 (best: 6.0875e-06/6.7686e-06)
>> epoch [ 113/3000], runtime:  5.12s, train loss: 7.4465e-06 (best: 6.0875e-06/6.7686e-06)
>> epoch [ 114/3000], runtime:  5.14s, train loss: 8.3405e-06 (best: 6.0875e-06/6.7686e-06)
>> epoch [ 115/3000], runtime: 5.00s, train loss: 4.5731e-06, valid loss: 5.7018e-06 , test loss: 9.4231e-05
>> epoch [ 116/3000], runtime:  5.25s, train loss: 6.2532e-06 (best: 4.5731e-06/5.7018e-06)
>> epoch [ 117/3000], runtime:  5.27s, train loss: 8.0328e-06 (best: 4.5731e-06/5.7018e-06)
>> epoch [ 118/3000], runtime:  5.27s, train loss: 7.2269e-06 (best: 4.5731e-06/5.7018e-06)
>> epoch [ 119/3000], runtime:  5.27s, train loss: 7.0344e-06 (best: 4.5731e-06/5.7018e-06)
>> epoch [ 120/3000], runtime:  5.28s, train loss: 8.8676e-06 (best: 4.5731e-06/5.7018e-06)
>> epoch [ 121/3000], runtime:  5.28s, train loss: 8.9946e-06 (best: 4.5731e-06/5.7018e-06)
>> epoch [ 122/3000], runtime:  5.09s, train loss: 1.1885e-05 (best: 4.5731e-06/5.7018e-06)
>> epoch [ 123/3000], runtime:  4.85s, train loss: 1.0369e-05 (best: 4.5731e-06/5.7018e-06)
>> epoch [ 124/3000], runtime:  5.28s, train loss: 6.5912e-06 (best: 4.5731e-06/5.7018e-06)
>> epoch [ 125/3000], runtime:  5.28s, train loss: 7.8618e-06 (best: 4.5731e-06/5.7018e-06)
>> epoch [ 126/3000], runtime:  5.27s, train loss: 6.6874e-06 (best: 4.5731e-06/5.7018e-06)
>> epoch [ 127/3000], runtime:  5.25s, train loss: 8.5089e-06 (best: 4.5731e-06/5.7018e-06)
>> epoch [ 128/3000], runtime:  5.27s, train loss: 8.2254e-06 (best: 4.5731e-06/5.7018e-06)
>> epoch [ 129/3000], runtime:  5.27s, train loss: 5.8094e-06 (best: 4.5731e-06/5.7018e-06)
>> epoch [ 130/3000], runtime:  5.28s, train loss: 6.2699e-06 (best: 4.5731e-06/5.7018e-06)
>> epoch [ 131/3000], runtime:  5.26s, train loss: 6.8479e-06 (best: 4.5731e-06/5.7018e-06)
>> epoch [ 132/3000], runtime:  5.24s, train loss: 5.6174e-06 (best: 4.5731e-06/5.7018e-06)
>> epoch [ 133/3000], runtime:  4.83s, train loss: 5.6503e-06 (best: 4.5731e-06/5.7018e-06)
>> epoch [ 134/3000], runtime:  4.65s, train loss: 6.5330e-06 (best: 4.5731e-06/5.7018e-06)
>> epoch [ 135/3000], runtime:  5.16s, train loss: 8.7016e-06 (best: 4.5731e-06/5.7018e-06)
>> epoch [ 136/3000], runtime:  5.28s, train loss: 5.7618e-06 (best: 4.5731e-06/5.7018e-06)
>> epoch [ 137/3000], runtime:  5.29s, train loss: 5.9110e-06 (best: 4.5731e-06/5.7018e-06)
>> epoch [ 138/3000], runtime:  5.26s, train loss: 8.8034e-06 (best: 4.5731e-06/5.7018e-06)
>> epoch [ 139/3000], runtime:  5.26s, train loss: 7.1100e-06 (best: 4.5731e-06/5.7018e-06)
>> epoch [ 140/3000], runtime:  5.28s, train loss: 6.5152e-06 (best: 4.5731e-06/5.7018e-06)
>> epoch [ 141/3000], runtime:  5.27s, train loss: 6.5763e-06 (best: 4.5731e-06/5.7018e-06)
>> epoch [ 142/3000], runtime:  5.27s, train loss: 4.7637e-06 (best: 4.5731e-06/5.7018e-06)
>> epoch [ 143/3000], runtime:  5.26s, train loss: 5.8337e-06 (best: 4.5731e-06/5.7018e-06)
>> epoch [ 144/3000], runtime:  5.27s, train loss: 5.5718e-06 (best: 4.5731e-06/5.7018e-06)
>> epoch [ 145/3000], runtime:  4.92s, train loss: 4.7700e-06 (best: 4.5731e-06/5.7018e-06)
>> epoch [ 146/3000], runtime:  5.03s, train loss: 4.1980e-06 (best: 4.5731e-06/5.7018e-06)
>> epoch [ 147/3000], runtime:  5.26s, train loss: 5.2368e-06 (best: 4.5731e-06/5.7018e-06)
>> epoch [ 148/3000], runtime:  5.27s, train loss: 5.1618e-06 (best: 4.5731e-06/5.7018e-06)
>> epoch [ 149/3000], runtime:  5.29s, train loss: 6.2007e-06 (best: 4.5731e-06/5.7018e-06)
>> epoch [ 150/3000], runtime:  5.28s, train loss: 5.4980e-06 (best: 4.5731e-06/5.7018e-06)
>> epoch [ 151/3000], runtime:  5.27s, train loss: 4.8166e-06 (best: 4.5731e-06/5.7018e-06)
>> epoch [ 152/3000], runtime:  5.26s, train loss: 5.2303e-06 (best: 4.5731e-06/5.7018e-06)
>> epoch [ 153/3000], runtime:  5.28s, train loss: 4.8515e-06 (best: 4.5731e-06/5.7018e-06)
>> epoch [ 154/3000], runtime:  5.26s, train loss: 6.1949e-06 (best: 4.5731e-06/5.7018e-06)
>> epoch [ 155/3000], runtime:  5.16s, train loss: 5.9241e-06 (best: 4.5731e-06/5.7018e-06)
>> epoch [ 156/3000], runtime:  4.83s, train loss: 5.3756e-06 (best: 4.5731e-06/5.7018e-06)
>> epoch [ 157/3000], runtime:  5.21s, train loss: 5.7839e-06 (best: 4.5731e-06/5.7018e-06)
>> epoch [ 158/3000], runtime:  5.26s, train loss: 4.6957e-06 (best: 4.5731e-06/5.7018e-06)
>> epoch [ 159/3000], runtime:  4.88s, train loss: 6.9694e-06 (best: 4.5731e-06/5.7018e-06)
>> epoch [ 160/3000], runtime:  5.27s, train loss: 4.9503e-06 (best: 4.5731e-06/5.7018e-06)
>> epoch [ 161/3000], runtime:  5.26s, train loss: 5.8226e-06 (best: 4.5731e-06/5.7018e-06)
>> epoch [ 162/3000], runtime:  5.26s, train loss: 6.0304e-06 (best: 4.5731e-06/5.7018e-06)
>> epoch [ 163/3000], runtime:  5.14s, train loss: 5.1578e-06 (best: 4.5731e-06/5.7018e-06)
>> epoch [ 164/3000], runtime:  5.03s, train loss: 5.0547e-06 (best: 4.5731e-06/5.7018e-06)
>> epoch [ 165/3000], runtime:  4.97s, train loss: 5.0052e-06 (best: 4.5731e-06/5.7018e-06)
>> epoch [ 166/3000], runtime:  5.19s, train loss: 4.8989e-06 (best: 4.5731e-06/5.7018e-06)
----------------------------------------------------------------------------------------------------
----------------------------------------------------------------------------------------------------
>> ntrain: 300, layer_info: 20_4, act_xi: Softplus, lr: 0.01, gamma: 0.6, w_d: 0.0
>> Best train loss: 4.5731e-06
>> Best valid loss: 5.7018e-06
>> Best test loss: 9.4231e-05
>> Best epoch: 114
----------------------------------------------------------------------------------------------------
----------------------------------------------------------------------------------------------------
>> Training Completed!!
