>> Device being used: cuda (NVIDIA GeForce RTX 4090)
Total number of parameters: 66433
>> Training Mesh resolution: 257x257
/root/autodl-tmp/project/MPNO_final/BlatzKo_1d/PNO_NN_ex35_k1/PNO_BB_L1loss.py:143: UserWarning: torch.range is deprecated and will be removed in a future release because its behavior is inconsistent with Python's range builtin. Instead, use torch.arange, which produces values in [start, end).
  ksi_range = torch.range(-m_fact, m_fact).int()
tensor(0.8109)
tensor(3.3456)
>> Preprocessing completed, time elapsed:  1.00s
>> ntrain: 300, lr: 0.01, gamma: 0.6, w_d: 0.0
----------------------------------------------------------------------------------------------------
>> epoch [   1/3000], runtime: 47.52s, train loss: 1.7773e-04, valid loss: 1.0850e-04 , test loss: 3.3950e-03
>> epoch [   2/3000], runtime:  51.11s, train loss: 9.6291e-05 (best: 1.7773e-04/1.0850e-04)
>> epoch [   3/3000], runtime: 53.94s, train loss: 8.9277e-05, valid loss: 5.9013e-05 , test loss: 9.3079e-04
>> epoch [   4/3000], runtime: 53.84s, train loss: 8.4117e-05, valid loss: 5.3993e-05 , test loss: 1.1105e-03
>> epoch [   5/3000], runtime: 53.39s, train loss: 6.6545e-05, valid loss: 3.2191e-05 , test loss: 4.7483e-04
>> epoch [   6/3000], runtime:  54.29s, train loss: 5.8568e-05 (best: 6.6545e-05/3.2191e-05)
>> epoch [   7/3000], runtime: 54.29s, train loss: 3.0270e-05, valid loss: 2.9354e-05 , test loss: 1.4278e-03
>> epoch [   8/3000], runtime:  56.16s, train loss: 5.5783e-05 (best: 3.0270e-05/2.9354e-05)
>> epoch [   9/3000], runtime:  54.32s, train loss: 3.9690e-05 (best: 3.0270e-05/2.9354e-05)
>> epoch [  10/3000], runtime:  57.31s, train loss: 4.0404e-05 (best: 3.0270e-05/2.9354e-05)
>> epoch [  11/3000], runtime:  56.56s, train loss: 6.0269e-05 (best: 3.0270e-05/2.9354e-05)
>> epoch [  12/3000], runtime:  55.54s, train loss: 3.4210e-05 (best: 3.0270e-05/2.9354e-05)
>> epoch [  13/3000], runtime: 49.89s, train loss: 2.8648e-05, valid loss: 2.7465e-05 , test loss: 6.6933e-04
>> epoch [  14/3000], runtime:  51.34s, train loss: 5.4325e-05 (best: 2.8648e-05/2.7465e-05)
>> epoch [  15/3000], runtime:  50.94s, train loss: 3.1111e-05 (best: 2.8648e-05/2.7465e-05)
>> epoch [  16/3000], runtime: 51.34s, train loss: 2.4025e-05, valid loss: 1.8832e-05 , test loss: 4.0367e-04
>> epoch [  17/3000], runtime:  50.38s, train loss: 2.4423e-05 (best: 2.4025e-05/1.8832e-05)
>> epoch [  18/3000], runtime:  51.89s, train loss: 1.9421e-05 (best: 2.4025e-05/1.8832e-05)
>> epoch [  19/3000], runtime:  50.66s, train loss: 1.9577e-05 (best: 2.4025e-05/1.8832e-05)
>> epoch [  20/3000], runtime:  51.60s, train loss: 3.4315e-05 (best: 2.4025e-05/1.8832e-05)
>> epoch [  21/3000], runtime:  50.12s, train loss: 2.0208e-05 (best: 2.4025e-05/1.8832e-05)
>> epoch [  22/3000], runtime:  49.87s, train loss: 3.6240e-05 (best: 2.4025e-05/1.8832e-05)
>> epoch [  23/3000], runtime:  50.63s, train loss: 6.0376e-05 (best: 2.4025e-05/1.8832e-05)
>> epoch [  24/3000], runtime:  50.30s, train loss: 2.9966e-05 (best: 2.4025e-05/1.8832e-05)
>> epoch [  25/3000], runtime:  50.29s, train loss: 2.9701e-05 (best: 2.4025e-05/1.8832e-05)
>> epoch [  26/3000], runtime:  50.21s, train loss: 3.6409e-05 (best: 2.4025e-05/1.8832e-05)
>> epoch [  27/3000], runtime:  51.57s, train loss: 4.0018e-05 (best: 2.4025e-05/1.8832e-05)
>> epoch [  28/3000], runtime:  49.59s, train loss: 2.8945e-05 (best: 2.4025e-05/1.8832e-05)
>> epoch [  29/3000], runtime:  50.68s, train loss: 2.2048e-05 (best: 2.4025e-05/1.8832e-05)
>> epoch [  30/3000], runtime:  50.67s, train loss: 2.3629e-05 (best: 2.4025e-05/1.8832e-05)
>> epoch [  31/3000], runtime:  51.16s, train loss: 1.9525e-05 (best: 2.4025e-05/1.8832e-05)
>> epoch [  32/3000], runtime:  51.32s, train loss: 1.8210e-05 (best: 2.4025e-05/1.8832e-05)
>> epoch [  33/3000], runtime:  51.47s, train loss: 1.9313e-05 (best: 2.4025e-05/1.8832e-05)
>> epoch [  34/3000], runtime:  50.77s, train loss: 2.3349e-05 (best: 2.4025e-05/1.8832e-05)
>> epoch [  35/3000], runtime:  50.64s, train loss: 2.3954e-05 (best: 2.4025e-05/1.8832e-05)
>> epoch [  36/3000], runtime:  46.62s, train loss: 2.3714e-05 (best: 2.4025e-05/1.8832e-05)
>> epoch [  37/3000], runtime:  47.04s, train loss: 2.1915e-05 (best: 2.4025e-05/1.8832e-05)
>> epoch [  38/3000], runtime:  46.30s, train loss: 2.9420e-05 (best: 2.4025e-05/1.8832e-05)
>> epoch [  39/3000], runtime:  45.53s, train loss: 2.4096e-05 (best: 2.4025e-05/1.8832e-05)
>> epoch [  40/3000], runtime: 46.06s, train loss: 1.8589e-05, valid loss: 1.8780e-05 , test loss: 3.6019e-04
>> epoch [  41/3000], runtime:  43.57s, train loss: 2.5659e-05 (best: 1.8589e-05/1.8780e-05)
>> epoch [  42/3000], runtime:  41.74s, train loss: 2.4871e-05 (best: 1.8589e-05/1.8780e-05)
>> epoch [  43/3000], runtime:  41.69s, train loss: 2.1447e-05 (best: 1.8589e-05/1.8780e-05)
>> epoch [  44/3000], runtime:  42.01s, train loss: 2.5845e-05 (best: 1.8589e-05/1.8780e-05)
>> epoch [  45/3000], runtime:  42.78s, train loss: 2.8817e-05 (best: 1.8589e-05/1.8780e-05)
>> epoch [  46/3000], runtime:  41.55s, train loss: 2.6078e-05 (best: 1.8589e-05/1.8780e-05)
>> epoch [  47/3000], runtime:  41.45s, train loss: 2.1023e-05 (best: 1.8589e-05/1.8780e-05)
>> epoch [  48/3000], runtime:  41.55s, train loss: 2.3558e-05 (best: 1.8589e-05/1.8780e-05)
>> epoch [  49/3000], runtime:  42.22s, train loss: 2.2569e-05 (best: 1.8589e-05/1.8780e-05)
>> epoch [  50/3000], runtime: 31.25s, train loss: 1.4369e-05, valid loss: 1.1516e-05 , test loss: 2.2498e-04
>> epoch [  51/3000], runtime:  25.64s, train loss: 2.0615e-05 (best: 1.4369e-05/1.1516e-05)
>> epoch [  52/3000], runtime:  23.61s, train loss: 3.0039e-05 (best: 1.4369e-05/1.1516e-05)
>> epoch [  53/3000], runtime:  24.63s, train loss: 1.5956e-05 (best: 1.4369e-05/1.1516e-05)
>> epoch [  54/3000], runtime:  24.45s, train loss: 2.4335e-05 (best: 1.4369e-05/1.1516e-05)
>> epoch [  55/3000], runtime:  24.15s, train loss: 3.0645e-05 (best: 1.4369e-05/1.1516e-05)
>> epoch [  56/3000], runtime:  22.09s, train loss: 3.5745e-05 (best: 1.4369e-05/1.1516e-05)
>> epoch [  57/3000], runtime:  19.55s, train loss: 3.9734e-05 (best: 1.4369e-05/1.1516e-05)
>> epoch [  58/3000], runtime:  20.23s, train loss: 3.4617e-05 (best: 1.4369e-05/1.1516e-05)
>> epoch [  59/3000], runtime:  19.59s, train loss: 2.1251e-05 (best: 1.4369e-05/1.1516e-05)
>> epoch [  60/3000], runtime:  19.57s, train loss: 2.1933e-05 (best: 1.4369e-05/1.1516e-05)
>> epoch [  61/3000], runtime:  19.54s, train loss: 2.1502e-05 (best: 1.4369e-05/1.1516e-05)
>> epoch [  62/3000], runtime:  19.58s, train loss: 2.0732e-05 (best: 1.4369e-05/1.1516e-05)
>> epoch [  63/3000], runtime:  19.56s, train loss: 2.9674e-05 (best: 1.4369e-05/1.1516e-05)
>> epoch [  64/3000], runtime:  20.10s, train loss: 1.9577e-05 (best: 1.4369e-05/1.1516e-05)
>> epoch [  65/3000], runtime:  19.61s, train loss: 1.5512e-05 (best: 1.4369e-05/1.1516e-05)
>> epoch [  66/3000], runtime:  19.58s, train loss: 1.6742e-05 (best: 1.4369e-05/1.1516e-05)
>> epoch [  67/3000], runtime:  19.60s, train loss: 1.3514e-05 (best: 1.4369e-05/1.1516e-05)
>> epoch [  68/3000], runtime:  20.14s, train loss: 1.5494e-05 (best: 1.4369e-05/1.1516e-05)
>> epoch [  69/3000], runtime:  20.18s, train loss: 1.6520e-05 (best: 1.4369e-05/1.1516e-05)
>> epoch [  70/3000], runtime:  20.15s, train loss: 2.8295e-05 (best: 1.4369e-05/1.1516e-05)
>> epoch [  71/3000], runtime:  20.20s, train loss: 2.4015e-05 (best: 1.4369e-05/1.1516e-05)
>> epoch [  72/3000], runtime:  19.49s, train loss: 1.6612e-05 (best: 1.4369e-05/1.1516e-05)
>> epoch [  73/3000], runtime:  20.20s, train loss: 1.3301e-05 (best: 1.4369e-05/1.1516e-05)
>> epoch [  74/3000], runtime:  19.55s, train loss: 1.8741e-05 (best: 1.4369e-05/1.1516e-05)
>> epoch [  75/3000], runtime:  19.61s, train loss: 1.8315e-05 (best: 1.4369e-05/1.1516e-05)
>> epoch [  76/3000], runtime:  19.52s, train loss: 1.7405e-05 (best: 1.4369e-05/1.1516e-05)
>> epoch [  77/3000], runtime:  20.18s, train loss: 2.4357e-05 (best: 1.4369e-05/1.1516e-05)
>> epoch [  78/3000], runtime:  19.82s, train loss: 1.6506e-05 (best: 1.4369e-05/1.1516e-05)
>> epoch [  79/3000], runtime:  19.91s, train loss: 1.5677e-05 (best: 1.4369e-05/1.1516e-05)
>> epoch [  80/3000], runtime:  20.14s, train loss: 1.9243e-05 (best: 1.4369e-05/1.1516e-05)
>> epoch [  81/3000], runtime:  20.12s, train loss: 1.9059e-05 (best: 1.4369e-05/1.1516e-05)
>> epoch [  82/3000], runtime:  20.17s, train loss: 1.6088e-05 (best: 1.4369e-05/1.1516e-05)
>> epoch [  83/3000], runtime:  20.19s, train loss: 1.2973e-05 (best: 1.4369e-05/1.1516e-05)
>> epoch [  84/3000], runtime:  19.91s, train loss: 2.0162e-05 (best: 1.4369e-05/1.1516e-05)
>> epoch [  85/3000], runtime:  19.84s, train loss: 2.1620e-05 (best: 1.4369e-05/1.1516e-05)
>> epoch [  86/3000], runtime:  19.57s, train loss: 1.7712e-05 (best: 1.4369e-05/1.1516e-05)
>> epoch [  87/3000], runtime:  19.55s, train loss: 2.2299e-05 (best: 1.4369e-05/1.1516e-05)
>> epoch [  88/3000], runtime:  20.25s, train loss: 1.4798e-05 (best: 1.4369e-05/1.1516e-05)
>> epoch [  89/3000], runtime: 20.20s, train loss: 1.3395e-05, valid loss: 9.4452e-06 , test loss: 2.6048e-04
>> epoch [  90/3000], runtime:  20.18s, train loss: 1.3199e-05 (best: 1.3395e-05/9.4452e-06)
>> epoch [  91/3000], runtime:  20.18s, train loss: 1.3140e-05 (best: 1.3395e-05/9.4452e-06)
>> epoch [  92/3000], runtime:  19.87s, train loss: 1.2705e-05 (best: 1.3395e-05/9.4452e-06)
>> epoch [  93/3000], runtime:  20.16s, train loss: 1.8985e-05 (best: 1.3395e-05/9.4452e-06)
>> epoch [  94/3000], runtime:  19.87s, train loss: 1.8219e-05 (best: 1.3395e-05/9.4452e-06)
>> epoch [  95/3000], runtime:  19.86s, train loss: 1.2741e-05 (best: 1.3395e-05/9.4452e-06)
>> epoch [  96/3000], runtime:  19.85s, train loss: 1.8258e-05 (best: 1.3395e-05/9.4452e-06)
>> epoch [  97/3000], runtime:  19.48s, train loss: 2.0007e-05 (best: 1.3395e-05/9.4452e-06)
>> epoch [  98/3000], runtime:  19.55s, train loss: 1.4733e-05 (best: 1.3395e-05/9.4452e-06)
>> epoch [  99/3000], runtime:  19.58s, train loss: 1.5534e-05 (best: 1.3395e-05/9.4452e-06)
>> epoch [ 100/3000], runtime:  19.56s, train loss: 1.2607e-05 (best: 1.3395e-05/9.4452e-06)
>> epoch [ 101/3000], runtime:  19.56s, train loss: 1.6027e-05 (best: 1.3395e-05/9.4452e-06)
>> epoch [ 102/3000], runtime: 19.59s, train loss: 1.1123e-05, valid loss: 9.0506e-06 , test loss: 2.0288e-04
>> epoch [ 103/3000], runtime:  19.62s, train loss: 1.2751e-05 (best: 1.1123e-05/9.0506e-06)
>> epoch [ 104/3000], runtime:  20.13s, train loss: 1.0908e-05 (best: 1.1123e-05/9.0506e-06)
>> epoch [ 105/3000], runtime:  20.12s, train loss: 1.4202e-05 (best: 1.1123e-05/9.0506e-06)
>> epoch [ 106/3000], runtime:  19.52s, train loss: 1.6921e-05 (best: 1.1123e-05/9.0506e-06)
>> epoch [ 107/3000], runtime:  19.52s, train loss: 1.0300e-05 (best: 1.1123e-05/9.0506e-06)
>> epoch [ 108/3000], runtime:  19.60s, train loss: 1.5292e-05 (best: 1.1123e-05/9.0506e-06)
>> epoch [ 109/3000], runtime: 19.49s, train loss: 9.2554e-06, valid loss: 7.9486e-06 , test loss: 1.9517e-04
>> epoch [ 110/3000], runtime:  20.19s, train loss: 1.3917e-05 (best: 9.2554e-06/7.9486e-06)
>> epoch [ 111/3000], runtime:  19.52s, train loss: 1.1488e-05 (best: 9.2554e-06/7.9486e-06)
>> epoch [ 112/3000], runtime:  20.18s, train loss: 1.2499e-05 (best: 9.2554e-06/7.9486e-06)
>> epoch [ 113/3000], runtime:  19.52s, train loss: 1.2642e-05 (best: 9.2554e-06/7.9486e-06)
>> epoch [ 114/3000], runtime:  19.52s, train loss: 1.4611e-05 (best: 9.2554e-06/7.9486e-06)
>> epoch [ 115/3000], runtime:  19.48s, train loss: 1.8089e-05 (best: 9.2554e-06/7.9486e-06)
>> epoch [ 116/3000], runtime:  19.60s, train loss: 1.1268e-05 (best: 9.2554e-06/7.9486e-06)
>> epoch [ 117/3000], runtime:  19.61s, train loss: 1.3061e-05 (best: 9.2554e-06/7.9486e-06)
>> epoch [ 118/3000], runtime:  19.54s, train loss: 1.3004e-05 (best: 9.2554e-06/7.9486e-06)
>> epoch [ 119/3000], runtime:  19.52s, train loss: 1.5456e-05 (best: 9.2554e-06/7.9486e-06)
>> epoch [ 120/3000], runtime:  19.54s, train loss: 1.5121e-05 (best: 9.2554e-06/7.9486e-06)
>> epoch [ 121/3000], runtime:  19.91s, train loss: 1.1787e-05 (best: 9.2554e-06/7.9486e-06)
>> epoch [ 122/3000], runtime:  19.81s, train loss: 1.5358e-05 (best: 9.2554e-06/7.9486e-06)
>> epoch [ 123/3000], runtime:  19.54s, train loss: 1.6027e-05 (best: 9.2554e-06/7.9486e-06)
>> epoch [ 124/3000], runtime:  20.16s, train loss: 1.4709e-05 (best: 9.2554e-06/7.9486e-06)
>> epoch [ 125/3000], runtime:  19.57s, train loss: 1.5428e-05 (best: 9.2554e-06/7.9486e-06)
>> epoch [ 126/3000], runtime:  19.53s, train loss: 1.5745e-05 (best: 9.2554e-06/7.9486e-06)
>> epoch [ 127/3000], runtime:  19.52s, train loss: 1.1587e-05 (best: 9.2554e-06/7.9486e-06)
>> epoch [ 128/3000], runtime:  20.15s, train loss: 8.7051e-06 (best: 9.2554e-06/7.9486e-06)
>> epoch [ 129/3000], runtime:  20.22s, train loss: 1.2043e-05 (best: 9.2554e-06/7.9486e-06)
>> epoch [ 130/3000], runtime:  20.16s, train loss: 1.4335e-05 (best: 9.2554e-06/7.9486e-06)
>> epoch [ 131/3000], runtime:  20.11s, train loss: 1.7148e-05 (best: 9.2554e-06/7.9486e-06)
>> epoch [ 132/3000], runtime:  20.18s, train loss: 1.2900e-05 (best: 9.2554e-06/7.9486e-06)
>> epoch [ 133/3000], runtime:  20.18s, train loss: 9.8496e-06 (best: 9.2554e-06/7.9486e-06)
>> epoch [ 134/3000], runtime:  20.19s, train loss: 1.3034e-05 (best: 9.2554e-06/7.9486e-06)
>> epoch [ 135/3000], runtime:  20.20s, train loss: 1.2719e-05 (best: 9.2554e-06/7.9486e-06)
>> epoch [ 136/3000], runtime:  20.19s, train loss: 1.2462e-05 (best: 9.2554e-06/7.9486e-06)
>> epoch [ 137/3000], runtime:  19.54s, train loss: 8.0613e-06 (best: 9.2554e-06/7.9486e-06)
>> epoch [ 138/3000], runtime:  19.56s, train loss: 1.0728e-05 (best: 9.2554e-06/7.9486e-06)
>> epoch [ 139/3000], runtime:  20.15s, train loss: 1.3213e-05 (best: 9.2554e-06/7.9486e-06)
>> epoch [ 140/3000], runtime:  19.70s, train loss: 1.2669e-05 (best: 9.2554e-06/7.9486e-06)
>> epoch [ 141/3000], runtime:  34.95s, train loss: 1.0388e-05 (best: 9.2554e-06/7.9486e-06)
>> epoch [ 142/3000], runtime:  36.64s, train loss: 1.2210e-05 (best: 9.2554e-06/7.9486e-06)
>> epoch [ 143/3000], runtime:  38.09s, train loss: 1.2051e-05 (best: 9.2554e-06/7.9486e-06)
>> epoch [ 144/3000], runtime: 38.20s, train loss: 9.0213e-06, valid loss: 6.2716e-06 , test loss: 1.5742e-04
>> epoch [ 145/3000], runtime:  35.15s, train loss: 9.3393e-06 (best: 9.0213e-06/6.2716e-06)
>> epoch [ 146/3000], runtime:  39.22s, train loss: 9.4634e-06 (best: 9.0213e-06/6.2716e-06)
>> epoch [ 147/3000], runtime:  38.64s, train loss: 1.1217e-05 (best: 9.0213e-06/6.2716e-06)
>> epoch [ 148/3000], runtime:  38.61s, train loss: 9.4619e-06 (best: 9.0213e-06/6.2716e-06)
>> epoch [ 149/3000], runtime:  38.39s, train loss: 1.0328e-05 (best: 9.0213e-06/6.2716e-06)
>> epoch [ 150/3000], runtime:  40.94s, train loss: 1.5423e-05 (best: 9.0213e-06/6.2716e-06)
>> epoch [ 151/3000], runtime:  39.51s, train loss: 1.2994e-05 (best: 9.0213e-06/6.2716e-06)
>> epoch [ 152/3000], runtime:  39.64s, train loss: 1.0340e-05 (best: 9.0213e-06/6.2716e-06)
>> epoch [ 153/3000], runtime:  40.14s, train loss: 9.4913e-06 (best: 9.0213e-06/6.2716e-06)
>> epoch [ 154/3000], runtime:  40.56s, train loss: 1.2026e-05 (best: 9.0213e-06/6.2716e-06)
>> epoch [ 155/3000], runtime:  38.94s, train loss: 9.2400e-06 (best: 9.0213e-06/6.2716e-06)
>> epoch [ 156/3000], runtime:  38.07s, train loss: 1.0869e-05 (best: 9.0213e-06/6.2716e-06)
>> epoch [ 157/3000], runtime:  40.34s, train loss: 1.0133e-05 (best: 9.0213e-06/6.2716e-06)
>> epoch [ 158/3000], runtime:  38.83s, train loss: 9.8305e-06 (best: 9.0213e-06/6.2716e-06)
>> epoch [ 159/3000], runtime:  40.25s, train loss: 1.4805e-05 (best: 9.0213e-06/6.2716e-06)
>> epoch [ 160/3000], runtime:  40.48s, train loss: 1.1022e-05 (best: 9.0213e-06/6.2716e-06)
>> epoch [ 161/3000], runtime:  40.13s, train loss: 1.5334e-05 (best: 9.0213e-06/6.2716e-06)
>> epoch [ 162/3000], runtime:  39.89s, train loss: 1.0769e-05 (best: 9.0213e-06/6.2716e-06)
>> epoch [ 163/3000], runtime:  40.60s, train loss: 9.4659e-06 (best: 9.0213e-06/6.2716e-06)
>> epoch [ 164/3000], runtime:  39.94s, train loss: 1.0246e-05 (best: 9.0213e-06/6.2716e-06)
>> epoch [ 165/3000], runtime:  36.62s, train loss: 1.0394e-05 (best: 9.0213e-06/6.2716e-06)
>> epoch [ 166/3000], runtime:  34.91s, train loss: 1.3137e-05 (best: 9.0213e-06/6.2716e-06)
>> epoch [ 167/3000], runtime:  33.92s, train loss: 1.4266e-05 (best: 9.0213e-06/6.2716e-06)
>> epoch [ 168/3000], runtime:  34.54s, train loss: 1.0103e-05 (best: 9.0213e-06/6.2716e-06)
>> epoch [ 169/3000], runtime:  33.72s, train loss: 1.0040e-05 (best: 9.0213e-06/6.2716e-06)
>> epoch [ 170/3000], runtime:  33.56s, train loss: 9.7108e-06 (best: 9.0213e-06/6.2716e-06)
>> epoch [ 171/3000], runtime:  34.50s, train loss: 9.1084e-06 (best: 9.0213e-06/6.2716e-06)
>> epoch [ 172/3000], runtime:  33.50s, train loss: 1.0567e-05 (best: 9.0213e-06/6.2716e-06)
>> epoch [ 173/3000], runtime:  33.51s, train loss: 9.3260e-06 (best: 9.0213e-06/6.2716e-06)
>> epoch [ 174/3000], runtime:  33.83s, train loss: 1.0184e-05 (best: 9.0213e-06/6.2716e-06)
>> epoch [ 175/3000], runtime:  34.54s, train loss: 1.1030e-05 (best: 9.0213e-06/6.2716e-06)
>> epoch [ 176/3000], runtime:  34.27s, train loss: 9.9940e-06 (best: 9.0213e-06/6.2716e-06)
>> epoch [ 177/3000], runtime:  34.28s, train loss: 1.0681e-05 (best: 9.0213e-06/6.2716e-06)
>> epoch [ 178/3000], runtime:  34.52s, train loss: 1.2763e-05 (best: 9.0213e-06/6.2716e-06)
>> epoch [ 179/3000], runtime:  34.29s, train loss: 1.1078e-05 (best: 9.0213e-06/6.2716e-06)
>> epoch [ 180/3000], runtime:  33.92s, train loss: 9.8843e-06 (best: 9.0213e-06/6.2716e-06)
>> epoch [ 181/3000], runtime:  34.89s, train loss: 9.3207e-06 (best: 9.0213e-06/6.2716e-06)
>> epoch [ 182/3000], runtime:  33.95s, train loss: 1.0008e-05 (best: 9.0213e-06/6.2716e-06)
>> epoch [ 183/3000], runtime:  34.21s, train loss: 9.1348e-06 (best: 9.0213e-06/6.2716e-06)
>> epoch [ 184/3000], runtime:  34.91s, train loss: 9.6107e-06 (best: 9.0213e-06/6.2716e-06)
>> epoch [ 185/3000], runtime:  33.70s, train loss: 9.7619e-06 (best: 9.0213e-06/6.2716e-06)
>> epoch [ 186/3000], runtime:  33.91s, train loss: 8.8962e-06 (best: 9.0213e-06/6.2716e-06)
>> epoch [ 187/3000], runtime:  33.52s, train loss: 8.7738e-06 (best: 9.0213e-06/6.2716e-06)
>> epoch [ 188/3000], runtime:  33.91s, train loss: 9.3684e-06 (best: 9.0213e-06/6.2716e-06)
>> epoch [ 189/3000], runtime:  33.80s, train loss: 9.3221e-06 (best: 9.0213e-06/6.2716e-06)
>> epoch [ 190/3000], runtime:  33.73s, train loss: 1.0628e-05 (best: 9.0213e-06/6.2716e-06)
>> epoch [ 191/3000], runtime:  34.52s, train loss: 1.1991e-05 (best: 9.0213e-06/6.2716e-06)
>> epoch [ 192/3000], runtime:  34.56s, train loss: 1.2093e-05 (best: 9.0213e-06/6.2716e-06)
>> epoch [ 193/3000], runtime:  34.00s, train loss: 9.6786e-06 (best: 9.0213e-06/6.2716e-06)
>> epoch [ 194/3000], runtime:  32.27s, train loss: 1.0165e-05 (best: 9.0213e-06/6.2716e-06)
>> epoch [ 195/3000], runtime:  33.30s, train loss: 8.4513e-06 (best: 9.0213e-06/6.2716e-06)
----------------------------------------------------------------------------------------------------
----------------------------------------------------------------------------------------------------
>> ntrain: 300, layer_info: 128_5, act_xi: ReLU, lr: 0.01, gamma: 0.6, w_d: 0.0
>> Best train loss: 9.0213e-06
>> Best valid loss: 6.2716e-06
>> Best test loss: 1.5742e-04
>> Best epoch: 143
----------------------------------------------------------------------------------------------------
----------------------------------------------------------------------------------------------------
>> Training Completed!!
