>> Device being used: cuda (NVIDIA GeForce RTX 4090)
Total number of parameters: 66433
>> Training Mesh resolution: 257x257
/root/autodl-tmp/project/MPNO_final/BlatzKo_1d/PNO_NN_ex35_k1/PNO_BB_L1loss.py:143: UserWarning: torch.range is deprecated and will be removed in a future release because its behavior is inconsistent with Python's range builtin. Instead, use torch.arange, which produces values in [start, end).
  ksi_range = torch.range(-m_fact, m_fact).int()
tensor(0.8109)
tensor(3.3456)
>> Preprocessing completed, time elapsed:  0.93s
>> ntrain: 300, lr: 0.01, gamma: 0.6, w_d: 0.0
----------------------------------------------------------------------------------------------------
>> epoch [   1/3000], runtime: 47.94s, train loss: 1.7773e-04, valid loss: 1.0850e-04 , test loss: 3.3950e-03
>> epoch [   2/3000], runtime: 51.08s, train loss: 7.2364e-05, valid loss: 7.6348e-05 , test loss: 1.4923e-03
>> epoch [   3/3000], runtime:  53.68s, train loss: 7.7604e-05 (best: 7.2364e-05/7.6348e-05)
>> epoch [   4/3000], runtime: 53.91s, train loss: 5.9581e-05, valid loss: 2.9877e-05 , test loss: 9.8345e-04
>> epoch [   5/3000], runtime:  53.55s, train loss: 3.4877e-05 (best: 5.9581e-05/2.9877e-05)
>> epoch [   6/3000], runtime:  54.24s, train loss: 2.9707e-05 (best: 5.9581e-05/2.9877e-05)
>> epoch [   7/3000], runtime:  53.25s, train loss: 8.8012e-05 (best: 5.9581e-05/2.9877e-05)
>> epoch [   8/3000], runtime:  55.83s, train loss: 6.1156e-05 (best: 5.9581e-05/2.9877e-05)
>> epoch [   9/3000], runtime: 55.30s, train loss: 3.3777e-05, valid loss: 1.3336e-05 , test loss: 4.4832e-04
>> epoch [  10/3000], runtime:  57.70s, train loss: 2.5373e-05 (best: 3.3777e-05/1.3336e-05)
>> epoch [  11/3000], runtime:  56.65s, train loss: 2.7348e-05 (best: 3.3777e-05/1.3336e-05)
>> epoch [  12/3000], runtime:  55.58s, train loss: 2.6015e-05 (best: 3.3777e-05/1.3336e-05)
>> epoch [  13/3000], runtime:  49.08s, train loss: 3.4201e-05 (best: 3.3777e-05/1.3336e-05)
>> epoch [  14/3000], runtime:  51.67s, train loss: 4.1280e-05 (best: 3.3777e-05/1.3336e-05)
>> epoch [  15/3000], runtime:  50.51s, train loss: 3.4379e-05 (best: 3.3777e-05/1.3336e-05)
>> epoch [  16/3000], runtime:  51.34s, train loss: 2.6699e-05 (best: 3.3777e-05/1.3336e-05)
>> epoch [  17/3000], runtime:  51.27s, train loss: 3.0847e-05 (best: 3.3777e-05/1.3336e-05)
>> epoch [  18/3000], runtime:  51.20s, train loss: 5.3753e-05 (best: 3.3777e-05/1.3336e-05)
>> epoch [  19/3000], runtime:  50.52s, train loss: 3.4211e-05 (best: 3.3777e-05/1.3336e-05)
>> epoch [  20/3000], runtime:  51.62s, train loss: 2.6861e-05 (best: 3.3777e-05/1.3336e-05)
>> epoch [  21/3000], runtime:  50.14s, train loss: 3.2950e-05 (best: 3.3777e-05/1.3336e-05)
>> epoch [  22/3000], runtime:  50.75s, train loss: 2.8878e-05 (best: 3.3777e-05/1.3336e-05)
>> epoch [  23/3000], runtime:  50.52s, train loss: 3.2889e-05 (best: 3.3777e-05/1.3336e-05)
>> epoch [  24/3000], runtime:  51.08s, train loss: 2.8112e-05 (best: 3.3777e-05/1.3336e-05)
>> epoch [  25/3000], runtime:  51.73s, train loss: 3.3675e-05 (best: 3.3777e-05/1.3336e-05)
>> epoch [  26/3000], runtime:  51.71s, train loss: 2.9199e-05 (best: 3.3777e-05/1.3336e-05)
>> epoch [  27/3000], runtime:  50.05s, train loss: 3.0653e-05 (best: 3.3777e-05/1.3336e-05)
>> epoch [  28/3000], runtime:  50.67s, train loss: 2.7929e-05 (best: 3.3777e-05/1.3336e-05)
>> epoch [  29/3000], runtime:  50.62s, train loss: 2.0594e-05 (best: 3.3777e-05/1.3336e-05)
>> epoch [  30/3000], runtime:  50.64s, train loss: 1.7288e-05 (best: 3.3777e-05/1.3336e-05)
>> epoch [  31/3000], runtime:  51.94s, train loss: 1.5531e-05 (best: 3.3777e-05/1.3336e-05)
>> epoch [  32/3000], runtime:  51.00s, train loss: 1.7526e-05 (best: 3.3777e-05/1.3336e-05)
>> epoch [  33/3000], runtime:  50.38s, train loss: 1.9082e-05 (best: 3.3777e-05/1.3336e-05)
>> epoch [  34/3000], runtime:  51.08s, train loss: 2.7937e-05 (best: 3.3777e-05/1.3336e-05)
>> epoch [  35/3000], runtime:  46.38s, train loss: 1.6567e-05 (best: 3.3777e-05/1.3336e-05)
>> epoch [  36/3000], runtime:  46.68s, train loss: 2.7332e-05 (best: 3.3777e-05/1.3336e-05)
>> epoch [  37/3000], runtime:  46.30s, train loss: 2.0634e-05 (best: 3.3777e-05/1.3336e-05)
>> epoch [  38/3000], runtime: 46.82s, train loss: 2.0368e-05, valid loss: 9.1150e-06 , test loss: 2.7473e-04
>> epoch [  39/3000], runtime:  46.30s, train loss: 1.8842e-05 (best: 2.0368e-05/9.1150e-06)
>> epoch [  40/3000], runtime:  41.72s, train loss: 2.3742e-05 (best: 2.0368e-05/9.1150e-06)
>> epoch [  41/3000], runtime:  41.66s, train loss: 2.2056e-05 (best: 2.0368e-05/9.1150e-06)
>> epoch [  42/3000], runtime:  42.05s, train loss: 2.1727e-05 (best: 2.0368e-05/9.1150e-06)
>> epoch [  43/3000], runtime:  42.45s, train loss: 2.0848e-05 (best: 2.0368e-05/9.1150e-06)
>> epoch [  44/3000], runtime:  42.01s, train loss: 2.7787e-05 (best: 2.0368e-05/9.1150e-06)
>> epoch [  45/3000], runtime:  41.83s, train loss: 1.4397e-05 (best: 2.0368e-05/9.1150e-06)
>> epoch [  46/3000], runtime:  42.06s, train loss: 1.4410e-05 (best: 2.0368e-05/9.1150e-06)
>> epoch [  47/3000], runtime:  42.38s, train loss: 1.5020e-05 (best: 2.0368e-05/9.1150e-06)
>> epoch [  48/3000], runtime:  27.44s, train loss: 2.2618e-05 (best: 2.0368e-05/9.1150e-06)
>> epoch [  49/3000], runtime:  25.63s, train loss: 2.0555e-05 (best: 2.0368e-05/9.1150e-06)
>> epoch [  50/3000], runtime:  23.86s, train loss: 1.8152e-05 (best: 2.0368e-05/9.1150e-06)
>> epoch [  51/3000], runtime:  25.26s, train loss: 1.9708e-05 (best: 2.0368e-05/9.1150e-06)
>> epoch [  52/3000], runtime:  24.67s, train loss: 1.9709e-05 (best: 2.0368e-05/9.1150e-06)
>> epoch [  53/3000], runtime:  24.88s, train loss: 1.4098e-05 (best: 2.0368e-05/9.1150e-06)
>> epoch [  54/3000], runtime:  20.20s, train loss: 1.3290e-05 (best: 2.0368e-05/9.1150e-06)
>> epoch [  55/3000], runtime:  20.22s, train loss: 1.3968e-05 (best: 2.0368e-05/9.1150e-06)
>> epoch [  56/3000], runtime:  20.18s, train loss: 1.7347e-05 (best: 2.0368e-05/9.1150e-06)
>> epoch [  57/3000], runtime:  20.20s, train loss: 1.2079e-05 (best: 2.0368e-05/9.1150e-06)
>> epoch [  58/3000], runtime:  20.16s, train loss: 1.4273e-05 (best: 2.0368e-05/9.1150e-06)
>> epoch [  59/3000], runtime:  20.22s, train loss: 1.5737e-05 (best: 2.0368e-05/9.1150e-06)
>> epoch [  60/3000], runtime:  20.24s, train loss: 1.3819e-05 (best: 2.0368e-05/9.1150e-06)
>> epoch [  61/3000], runtime:  20.19s, train loss: 1.7603e-05 (best: 2.0368e-05/9.1150e-06)
>> epoch [  62/3000], runtime: 20.22s, train loss: 1.1945e-05, valid loss: 6.1573e-06 , test loss: 1.3702e-04
>> epoch [  63/3000], runtime:  19.56s, train loss: 1.2704e-05 (best: 1.1945e-05/6.1573e-06)
>> epoch [  64/3000], runtime:  20.14s, train loss: 1.8730e-05 (best: 1.1945e-05/6.1573e-06)
>> epoch [  65/3000], runtime:  20.18s, train loss: 1.3408e-05 (best: 1.1945e-05/6.1573e-06)
>> epoch [  66/3000], runtime:  20.19s, train loss: 2.1400e-05 (best: 1.1945e-05/6.1573e-06)
>> epoch [  67/3000], runtime:  20.22s, train loss: 1.1862e-05 (best: 1.1945e-05/6.1573e-06)
>> epoch [  68/3000], runtime:  20.22s, train loss: 1.3778e-05 (best: 1.1945e-05/6.1573e-06)
>> epoch [  69/3000], runtime:  19.53s, train loss: 1.1479e-05 (best: 1.1945e-05/6.1573e-06)
>> epoch [  70/3000], runtime:  20.22s, train loss: 1.0218e-05 (best: 1.1945e-05/6.1573e-06)
>> epoch [  71/3000], runtime:  20.23s, train loss: 1.0340e-05 (best: 1.1945e-05/6.1573e-06)
>> epoch [  72/3000], runtime:  20.19s, train loss: 1.6260e-05 (best: 1.1945e-05/6.1573e-06)
>> epoch [  73/3000], runtime:  20.19s, train loss: 1.1689e-05 (best: 1.1945e-05/6.1573e-06)
>> epoch [  74/3000], runtime:  20.21s, train loss: 1.3143e-05 (best: 1.1945e-05/6.1573e-06)
>> epoch [  75/3000], runtime:  20.18s, train loss: 1.3296e-05 (best: 1.1945e-05/6.1573e-06)
>> epoch [  76/3000], runtime:  20.16s, train loss: 1.4114e-05 (best: 1.1945e-05/6.1573e-06)
>> epoch [  77/3000], runtime:  20.19s, train loss: 1.4475e-05 (best: 1.1945e-05/6.1573e-06)
>> epoch [  78/3000], runtime:  20.09s, train loss: 1.3674e-05 (best: 1.1945e-05/6.1573e-06)
>> epoch [  79/3000], runtime:  19.69s, train loss: 1.1848e-05 (best: 1.1945e-05/6.1573e-06)
>> epoch [  80/3000], runtime:  20.17s, train loss: 9.7611e-06 (best: 1.1945e-05/6.1573e-06)
>> epoch [  81/3000], runtime:  20.16s, train loss: 1.0029e-05 (best: 1.1945e-05/6.1573e-06)
>> epoch [  82/3000], runtime:  20.20s, train loss: 1.2688e-05 (best: 1.1945e-05/6.1573e-06)
>> epoch [  83/3000], runtime:  20.21s, train loss: 1.8544e-05 (best: 1.1945e-05/6.1573e-06)
>> epoch [  84/3000], runtime:  19.52s, train loss: 1.2329e-05 (best: 1.1945e-05/6.1573e-06)
>> epoch [  85/3000], runtime:  19.55s, train loss: 1.2170e-05 (best: 1.1945e-05/6.1573e-06)
>> epoch [  86/3000], runtime:  20.11s, train loss: 1.0867e-05 (best: 1.1945e-05/6.1573e-06)
>> epoch [  87/3000], runtime:  20.11s, train loss: 1.6263e-05 (best: 1.1945e-05/6.1573e-06)
>> epoch [  88/3000], runtime:  19.64s, train loss: 1.2009e-05 (best: 1.1945e-05/6.1573e-06)
>> epoch [  89/3000], runtime:  20.15s, train loss: 8.2420e-06 (best: 1.1945e-05/6.1573e-06)
>> epoch [  90/3000], runtime:  20.12s, train loss: 8.2014e-06 (best: 1.1945e-05/6.1573e-06)
>> epoch [  91/3000], runtime:  20.18s, train loss: 8.6503e-06 (best: 1.1945e-05/6.1573e-06)
>> epoch [  92/3000], runtime:  20.20s, train loss: 7.5116e-06 (best: 1.1945e-05/6.1573e-06)
>> epoch [  93/3000], runtime:  20.20s, train loss: 7.1460e-06 (best: 1.1945e-05/6.1573e-06)
>> epoch [  94/3000], runtime:  20.20s, train loss: 9.7393e-06 (best: 1.1945e-05/6.1573e-06)
>> epoch [  95/3000], runtime:  19.55s, train loss: 8.8195e-06 (best: 1.1945e-05/6.1573e-06)
>> epoch [  96/3000], runtime:  20.22s, train loss: 8.7770e-06 (best: 1.1945e-05/6.1573e-06)
>> epoch [  97/3000], runtime:  19.60s, train loss: 1.1280e-05 (best: 1.1945e-05/6.1573e-06)
>> epoch [  98/3000], runtime:  20.20s, train loss: 1.0496e-05 (best: 1.1945e-05/6.1573e-06)
>> epoch [  99/3000], runtime:  20.15s, train loss: 7.8934e-06 (best: 1.1945e-05/6.1573e-06)
>> epoch [ 100/3000], runtime:  20.20s, train loss: 7.3183e-06 (best: 1.1945e-05/6.1573e-06)
>> epoch [ 101/3000], runtime:  19.62s, train loss: 1.0519e-05 (best: 1.1945e-05/6.1573e-06)
>> epoch [ 102/3000], runtime:  20.25s, train loss: 1.1045e-05 (best: 1.1945e-05/6.1573e-06)
>> epoch [ 103/3000], runtime:  19.56s, train loss: 1.2090e-05 (best: 1.1945e-05/6.1573e-06)
>> epoch [ 104/3000], runtime:  20.17s, train loss: 1.0801e-05 (best: 1.1945e-05/6.1573e-06)
>> epoch [ 105/3000], runtime:  20.24s, train loss: 1.2403e-05 (best: 1.1945e-05/6.1573e-06)
>> epoch [ 106/3000], runtime:  20.19s, train loss: 1.0012e-05 (best: 1.1945e-05/6.1573e-06)
>> epoch [ 107/3000], runtime:  20.20s, train loss: 9.0293e-06 (best: 1.1945e-05/6.1573e-06)
>> epoch [ 108/3000], runtime:  19.07s, train loss: 9.6446e-06 (best: 1.1945e-05/6.1573e-06)
>> epoch [ 109/3000], runtime:  20.21s, train loss: 7.9651e-06 (best: 1.1945e-05/6.1573e-06)
>> epoch [ 110/3000], runtime:  20.23s, train loss: 7.9285e-06 (best: 1.1945e-05/6.1573e-06)
>> epoch [ 111/3000], runtime:  20.25s, train loss: 8.0500e-06 (best: 1.1945e-05/6.1573e-06)
>> epoch [ 112/3000], runtime:  20.19s, train loss: 9.8136e-06 (best: 1.1945e-05/6.1573e-06)
>> epoch [ 113/3000], runtime: 20.27s, train loss: 7.9460e-06, valid loss: 4.8951e-06 , test loss: 1.5812e-04
>> epoch [ 114/3000], runtime:  20.19s, train loss: 7.0827e-06 (best: 7.9460e-06/4.8951e-06)
>> epoch [ 115/3000], runtime:  20.18s, train loss: 9.8830e-06 (best: 7.9460e-06/4.8951e-06)
>> epoch [ 116/3000], runtime:  20.17s, train loss: 6.7520e-06 (best: 7.9460e-06/4.8951e-06)
>> epoch [ 117/3000], runtime:  20.26s, train loss: 6.7313e-06 (best: 7.9460e-06/4.8951e-06)
>> epoch [ 118/3000], runtime:  20.19s, train loss: 6.7689e-06 (best: 7.9460e-06/4.8951e-06)
>> epoch [ 119/3000], runtime:  20.21s, train loss: 8.1954e-06 (best: 7.9460e-06/4.8951e-06)
>> epoch [ 120/3000], runtime:  19.58s, train loss: 8.7722e-06 (best: 7.9460e-06/4.8951e-06)
>> epoch [ 121/3000], runtime:  20.21s, train loss: 9.3078e-06 (best: 7.9460e-06/4.8951e-06)
>> epoch [ 122/3000], runtime:  20.16s, train loss: 9.2154e-06 (best: 7.9460e-06/4.8951e-06)
>> epoch [ 123/3000], runtime:  20.14s, train loss: 1.0026e-05 (best: 7.9460e-06/4.8951e-06)
>> epoch [ 124/3000], runtime:  20.17s, train loss: 8.0793e-06 (best: 7.9460e-06/4.8951e-06)
>> epoch [ 125/3000], runtime:  20.25s, train loss: 8.3842e-06 (best: 7.9460e-06/4.8951e-06)
>> epoch [ 126/3000], runtime:  20.22s, train loss: 8.8452e-06 (best: 7.9460e-06/4.8951e-06)
>> epoch [ 127/3000], runtime:  20.23s, train loss: 1.0573e-05 (best: 7.9460e-06/4.8951e-06)
>> epoch [ 128/3000], runtime:  20.14s, train loss: 7.2794e-06 (best: 7.9460e-06/4.8951e-06)
>> epoch [ 129/3000], runtime:  19.65s, train loss: 7.0276e-06 (best: 7.9460e-06/4.8951e-06)
>> epoch [ 130/3000], runtime:  20.13s, train loss: 8.0692e-06 (best: 7.9460e-06/4.8951e-06)
>> epoch [ 131/3000], runtime:  20.17s, train loss: 7.4728e-06 (best: 7.9460e-06/4.8951e-06)
>> epoch [ 132/3000], runtime:  35.95s, train loss: 1.1112e-05 (best: 7.9460e-06/4.8951e-06)
>> epoch [ 133/3000], runtime:  36.86s, train loss: 7.8531e-06 (best: 7.9460e-06/4.8951e-06)
>> epoch [ 134/3000], runtime:  38.49s, train loss: 6.4382e-06 (best: 7.9460e-06/4.8951e-06)
>> epoch [ 135/3000], runtime:  38.09s, train loss: 6.9869e-06 (best: 7.9460e-06/4.8951e-06)
>> epoch [ 136/3000], runtime:  39.12s, train loss: 7.1350e-06 (best: 7.9460e-06/4.8951e-06)
>> epoch [ 137/3000], runtime: 39.58s, train loss: 5.6143e-06, valid loss: 4.5575e-06 , test loss: 1.1999e-04
>> epoch [ 138/3000], runtime:  39.07s, train loss: 8.2414e-06 (best: 5.6143e-06/4.5575e-06)
>> epoch [ 139/3000], runtime:  37.93s, train loss: 6.6683e-06 (best: 5.6143e-06/4.5575e-06)
>> epoch [ 140/3000], runtime:  40.99s, train loss: 9.6775e-06 (best: 5.6143e-06/4.5575e-06)
>> epoch [ 141/3000], runtime:  39.48s, train loss: 7.3488e-06 (best: 5.6143e-06/4.5575e-06)
>> epoch [ 142/3000], runtime:  39.96s, train loss: 8.0472e-06 (best: 5.6143e-06/4.5575e-06)
>> epoch [ 143/3000], runtime:  40.19s, train loss: 5.6578e-06 (best: 5.6143e-06/4.5575e-06)
>> epoch [ 144/3000], runtime:  40.19s, train loss: 6.3742e-06 (best: 5.6143e-06/4.5575e-06)
>> epoch [ 145/3000], runtime:  39.10s, train loss: 7.1277e-06 (best: 5.6143e-06/4.5575e-06)
>> epoch [ 146/3000], runtime:  38.29s, train loss: 5.9519e-06 (best: 5.6143e-06/4.5575e-06)
>> epoch [ 147/3000], runtime:  40.12s, train loss: 6.8114e-06 (best: 5.6143e-06/4.5575e-06)
>> epoch [ 148/3000], runtime:  38.66s, train loss: 5.9614e-06 (best: 5.6143e-06/4.5575e-06)
>> epoch [ 149/3000], runtime:  40.32s, train loss: 6.4075e-06 (best: 5.6143e-06/4.5575e-06)
>> epoch [ 150/3000], runtime: 40.86s, train loss: 4.9817e-06, valid loss: 4.2944e-06 , test loss: 1.1889e-04
>> epoch [ 151/3000], runtime:  40.49s, train loss: 5.0655e-06 (best: 4.9817e-06/4.2944e-06)
>> epoch [ 152/3000], runtime:  39.90s, train loss: 5.5086e-06 (best: 4.9817e-06/4.2944e-06)
>> epoch [ 153/3000], runtime:  40.41s, train loss: 5.3789e-06 (best: 4.9817e-06/4.2944e-06)
>> epoch [ 154/3000], runtime:  39.97s, train loss: 8.1773e-06 (best: 4.9817e-06/4.2944e-06)
>> epoch [ 155/3000], runtime:  36.44s, train loss: 7.1580e-06 (best: 4.9817e-06/4.2944e-06)
>> epoch [ 156/3000], runtime:  34.92s, train loss: 5.5769e-06 (best: 4.9817e-06/4.2944e-06)
>> epoch [ 157/3000], runtime:  33.89s, train loss: 7.1267e-06 (best: 4.9817e-06/4.2944e-06)
>> epoch [ 158/3000], runtime:  34.50s, train loss: 6.9858e-06 (best: 4.9817e-06/4.2944e-06)
>> epoch [ 159/3000], runtime:  33.76s, train loss: 7.9059e-06 (best: 4.9817e-06/4.2944e-06)
>> epoch [ 160/3000], runtime:  33.48s, train loss: 7.1049e-06 (best: 4.9817e-06/4.2944e-06)
>> epoch [ 161/3000], runtime:  34.32s, train loss: 6.3200e-06 (best: 4.9817e-06/4.2944e-06)
>> epoch [ 162/3000], runtime:  33.68s, train loss: 6.5764e-06 (best: 4.9817e-06/4.2944e-06)
>> epoch [ 163/3000], runtime:  33.51s, train loss: 7.6087e-06 (best: 4.9817e-06/4.2944e-06)
>> epoch [ 164/3000], runtime:  33.85s, train loss: 8.0438e-06 (best: 4.9817e-06/4.2944e-06)
>> epoch [ 165/3000], runtime:  34.53s, train loss: 5.7432e-06 (best: 4.9817e-06/4.2944e-06)
>> epoch [ 166/3000], runtime:  34.26s, train loss: 6.9054e-06 (best: 4.9817e-06/4.2944e-06)
>> epoch [ 167/3000], runtime:  34.26s, train loss: 7.2342e-06 (best: 4.9817e-06/4.2944e-06)
>> epoch [ 168/3000], runtime:  34.51s, train loss: 6.5684e-06 (best: 4.9817e-06/4.2944e-06)
>> epoch [ 169/3000], runtime:  34.27s, train loss: 6.0790e-06 (best: 4.9817e-06/4.2944e-06)
>> epoch [ 170/3000], runtime:  33.93s, train loss: 5.5833e-06 (best: 4.9817e-06/4.2944e-06)
>> epoch [ 171/3000], runtime:  34.89s, train loss: 5.2974e-06 (best: 4.9817e-06/4.2944e-06)
>> epoch [ 172/3000], runtime:  33.88s, train loss: 6.9194e-06 (best: 4.9817e-06/4.2944e-06)
>> epoch [ 173/3000], runtime:  34.27s, train loss: 5.9379e-06 (best: 4.9817e-06/4.2944e-06)
>> epoch [ 174/3000], runtime: 34.77s, train loss: 4.9715e-06, valid loss: 3.6002e-06 , test loss: 1.0054e-04
>> epoch [ 175/3000], runtime:  34.57s, train loss: 6.6922e-06 (best: 4.9715e-06/3.6002e-06)
>> epoch [ 176/3000], runtime:  33.68s, train loss: 8.4690e-06 (best: 4.9715e-06/3.6002e-06)
>> epoch [ 177/3000], runtime:  33.51s, train loss: 4.6307e-06 (best: 4.9715e-06/3.6002e-06)
>> epoch [ 178/3000], runtime:  34.20s, train loss: 4.4969e-06 (best: 4.9715e-06/3.6002e-06)
>> epoch [ 179/3000], runtime: 34.88s, train loss: 4.3149e-06, valid loss: 3.5185e-06 , test loss: 9.8847e-05
>> epoch [ 180/3000], runtime:  34.35s, train loss: 5.1302e-06 (best: 4.3149e-06/3.5185e-06)
>> epoch [ 181/3000], runtime:  34.51s, train loss: 5.3878e-06 (best: 4.3149e-06/3.5185e-06)
>> epoch [ 182/3000], runtime:  34.20s, train loss: 4.1297e-06 (best: 4.3149e-06/3.5185e-06)
>> epoch [ 183/3000], runtime:  33.50s, train loss: 3.7512e-06 (best: 4.3149e-06/3.5185e-06)
>> epoch [ 184/3000], runtime:  33.27s, train loss: 4.6860e-06 (best: 4.3149e-06/3.5185e-06)
>> epoch [ 185/3000], runtime:  27.58s, train loss: 4.3813e-06 (best: 4.3149e-06/3.5185e-06)
>> epoch [ 186/3000], runtime:  24.80s, train loss: 4.8569e-06 (best: 4.3149e-06/3.5185e-06)
>> epoch [ 187/3000], runtime:  23.86s, train loss: 5.0932e-06 (best: 4.3149e-06/3.5185e-06)
>> epoch [ 188/3000], runtime:  24.01s, train loss: 4.5700e-06 (best: 4.3149e-06/3.5185e-06)
>> epoch [ 189/3000], runtime:  24.41s, train loss: 5.4376e-06 (best: 4.3149e-06/3.5185e-06)
>> epoch [ 190/3000], runtime:  24.18s, train loss: 6.4637e-06 (best: 4.3149e-06/3.5185e-06)
>> epoch [ 191/3000], runtime:  24.21s, train loss: 4.9620e-06 (best: 4.3149e-06/3.5185e-06)
>> epoch [ 192/3000], runtime:  24.41s, train loss: 6.4506e-06 (best: 4.3149e-06/3.5185e-06)
>> epoch [ 193/3000], runtime:  24.37s, train loss: 4.8554e-06 (best: 4.3149e-06/3.5185e-06)
>> epoch [ 194/3000], runtime:  23.81s, train loss: 5.5201e-06 (best: 4.3149e-06/3.5185e-06)
>> epoch [ 195/3000], runtime:  24.19s, train loss: 4.8084e-06 (best: 4.3149e-06/3.5185e-06)
>> epoch [ 196/3000], runtime:  24.71s, train loss: 5.4434e-06 (best: 4.3149e-06/3.5185e-06)
>> epoch [ 197/3000], runtime:  23.80s, train loss: 4.4232e-06 (best: 4.3149e-06/3.5185e-06)
>> epoch [ 198/3000], runtime:  24.80s, train loss: 4.6993e-06 (best: 4.3149e-06/3.5185e-06)
>> epoch [ 199/3000], runtime:  23.75s, train loss: 4.0477e-06 (best: 4.3149e-06/3.5185e-06)
>> epoch [ 200/3000], runtime: 24.81s, train loss: 3.9893e-06, valid loss: 3.4799e-06 , test loss: 1.1039e-04
>> epoch [ 201/3000], runtime:  24.83s, train loss: 4.7122e-06 (best: 3.9893e-06/3.4799e-06)
>> epoch [ 202/3000], runtime: 24.39s, train loss: 3.7623e-06, valid loss: 3.3620e-06 , test loss: 9.5667e-05
>> epoch [ 203/3000], runtime:  23.85s, train loss: 5.6866e-06 (best: 3.7623e-06/3.3620e-06)
>> epoch [ 204/3000], runtime:  23.81s, train loss: 5.2536e-06 (best: 3.7623e-06/3.3620e-06)
>> epoch [ 205/3000], runtime:  24.80s, train loss: 4.0163e-06 (best: 3.7623e-06/3.3620e-06)
>> epoch [ 206/3000], runtime:  24.39s, train loss: 4.1742e-06 (best: 3.7623e-06/3.3620e-06)
>> epoch [ 207/3000], runtime:  24.78s, train loss: 3.9307e-06 (best: 3.7623e-06/3.3620e-06)
>> epoch [ 208/3000], runtime:  24.17s, train loss: 3.8353e-06 (best: 3.7623e-06/3.3620e-06)
>> epoch [ 209/3000], runtime:  23.57s, train loss: 4.1942e-06 (best: 3.7623e-06/3.3620e-06)
>> epoch [ 210/3000], runtime:  24.73s, train loss: 5.2919e-06 (best: 3.7623e-06/3.3620e-06)
>> epoch [ 211/3000], runtime:  18.96s, train loss: 4.9664e-06 (best: 3.7623e-06/3.3620e-06)
>> epoch [ 212/3000], runtime:  18.92s, train loss: 3.6937e-06 (best: 3.7623e-06/3.3620e-06)
>> epoch [ 213/3000], runtime:  18.84s, train loss: 4.5586e-06 (best: 3.7623e-06/3.3620e-06)
>> epoch [ 214/3000], runtime:  18.24s, train loss: 3.9279e-06 (best: 3.7623e-06/3.3620e-06)
>> epoch [ 215/3000], runtime:  18.86s, train loss: 4.3448e-06 (best: 3.7623e-06/3.3620e-06)
>> epoch [ 216/3000], runtime:  18.90s, train loss: 4.2517e-06 (best: 3.7623e-06/3.3620e-06)
>> epoch [ 217/3000], runtime:  18.23s, train loss: 3.8150e-06 (best: 3.7623e-06/3.3620e-06)
>> epoch [ 218/3000], runtime:  18.15s, train loss: 4.8067e-06 (best: 3.7623e-06/3.3620e-06)
>> epoch [ 219/3000], runtime:  18.93s, train loss: 4.0015e-06 (best: 3.7623e-06/3.3620e-06)
>> epoch [ 220/3000], runtime: 18.88s, train loss: 3.3934e-06, valid loss: 3.0358e-06 , test loss: 9.1015e-05
>> epoch [ 221/3000], runtime:  18.92s, train loss: 3.7631e-06 (best: 3.3934e-06/3.0358e-06)
>> epoch [ 222/3000], runtime:  18.27s, train loss: 4.5199e-06 (best: 3.3934e-06/3.0358e-06)
>> epoch [ 223/3000], runtime:  18.29s, train loss: 3.9983e-06 (best: 3.3934e-06/3.0358e-06)
>> epoch [ 224/3000], runtime: 18.88s, train loss: 3.3913e-06, valid loss: 2.7811e-06 , test loss: 9.1095e-05
>> epoch [ 225/3000], runtime:  18.90s, train loss: 3.4861e-06 (best: 3.3913e-06/2.7811e-06)
>> epoch [ 226/3000], runtime:  18.90s, train loss: 3.6710e-06 (best: 3.3913e-06/2.7811e-06)
>> epoch [ 227/3000], runtime:  18.91s, train loss: 3.4506e-06 (best: 3.3913e-06/2.7811e-06)
>> epoch [ 228/3000], runtime:  18.87s, train loss: 4.3202e-06 (best: 3.3913e-06/2.7811e-06)
>> epoch [ 229/3000], runtime:  18.43s, train loss: 3.6724e-06 (best: 3.3913e-06/2.7811e-06)
>> epoch [ 230/3000], runtime:  18.69s, train loss: 5.2786e-06 (best: 3.3913e-06/2.7811e-06)
>> epoch [ 231/3000], runtime:  18.88s, train loss: 4.0480e-06 (best: 3.3913e-06/2.7811e-06)
>> epoch [ 232/3000], runtime:  18.86s, train loss: 3.8851e-06 (best: 3.3913e-06/2.7811e-06)
>> epoch [ 233/3000], runtime:  18.27s, train loss: 3.7797e-06 (best: 3.3913e-06/2.7811e-06)
>> epoch [ 234/3000], runtime:  18.89s, train loss: 3.7848e-06 (best: 3.3913e-06/2.7811e-06)
>> epoch [ 235/3000], runtime:  17.67s, train loss: 3.8344e-06 (best: 3.3913e-06/2.7811e-06)
>> epoch [ 236/3000], runtime:  16.21s, train loss: 3.3754e-06 (best: 3.3913e-06/2.7811e-06)
>> epoch [ 237/3000], runtime:  16.82s, train loss: 3.9799e-06 (best: 3.3913e-06/2.7811e-06)
>> epoch [ 238/3000], runtime:  16.80s, train loss: 3.5378e-06 (best: 3.3913e-06/2.7811e-06)
>> epoch [ 239/3000], runtime: 16.79s, train loss: 3.2217e-06, valid loss: 2.7632e-06 , test loss: 8.7541e-05
>> epoch [ 240/3000], runtime:  16.81s, train loss: 3.5900e-06 (best: 3.2217e-06/2.7632e-06)
>> epoch [ 241/3000], runtime:  16.82s, train loss: 3.8488e-06 (best: 3.2217e-06/2.7632e-06)
>> epoch [ 242/3000], runtime:  16.81s, train loss: 4.0932e-06 (best: 3.2217e-06/2.7632e-06)
>> epoch [ 243/3000], runtime:  16.78s, train loss: 3.5607e-06 (best: 3.2217e-06/2.7632e-06)
>> epoch [ 244/3000], runtime:  16.78s, train loss: 3.3025e-06 (best: 3.2217e-06/2.7632e-06)
>> epoch [ 245/3000], runtime:  16.79s, train loss: 3.7159e-06 (best: 3.2217e-06/2.7632e-06)
>> epoch [ 246/3000], runtime:  16.80s, train loss: 3.3117e-06 (best: 3.2217e-06/2.7632e-06)
>> epoch [ 247/3000], runtime:  16.79s, train loss: 3.8629e-06 (best: 3.2217e-06/2.7632e-06)
>> epoch [ 248/3000], runtime:  16.79s, train loss: 3.5673e-06 (best: 3.2217e-06/2.7632e-06)
>> epoch [ 249/3000], runtime:  16.80s, train loss: 3.3955e-06 (best: 3.2217e-06/2.7632e-06)
>> epoch [ 250/3000], runtime:  16.82s, train loss: 3.3364e-06 (best: 3.2217e-06/2.7632e-06)
>> epoch [ 251/3000], runtime:  16.77s, train loss: 3.1954e-06 (best: 3.2217e-06/2.7632e-06)
>> epoch [ 252/3000], runtime:  16.28s, train loss: 3.2144e-06 (best: 3.2217e-06/2.7632e-06)
>> epoch [ 253/3000], runtime:  16.81s, train loss: 3.4102e-06 (best: 3.2217e-06/2.7632e-06)
>> epoch [ 254/3000], runtime:  16.82s, train loss: 3.4518e-06 (best: 3.2217e-06/2.7632e-06)
>> epoch [ 255/3000], runtime:  16.18s, train loss: 3.2626e-06 (best: 3.2217e-06/2.7632e-06)
>> epoch [ 256/3000], runtime:  16.21s, train loss: 3.5194e-06 (best: 3.2217e-06/2.7632e-06)
>> epoch [ 257/3000], runtime:  16.80s, train loss: 3.3864e-06 (best: 3.2217e-06/2.7632e-06)
>> epoch [ 258/3000], runtime:  16.78s, train loss: 3.2958e-06 (best: 3.2217e-06/2.7632e-06)
>> epoch [ 259/3000], runtime:  16.19s, train loss: 3.5723e-06 (best: 3.2217e-06/2.7632e-06)
>> epoch [ 260/3000], runtime:  16.80s, train loss: 3.1357e-06 (best: 3.2217e-06/2.7632e-06)
>> epoch [ 261/3000], runtime: 16.80s, train loss: 3.2078e-06, valid loss: 2.5972e-06 , test loss: 8.2844e-05
>> epoch [ 262/3000], runtime:  16.81s, train loss: 3.2599e-06 (best: 3.2078e-06/2.5972e-06)
>> epoch [ 263/3000], runtime:  16.81s, train loss: 3.6946e-06 (best: 3.2078e-06/2.5972e-06)
>> epoch [ 264/3000], runtime:  16.78s, train loss: 3.1557e-06 (best: 3.2078e-06/2.5972e-06)
>> epoch [ 265/3000], runtime:  16.83s, train loss: 3.2525e-06 (best: 3.2078e-06/2.5972e-06)
>> epoch [ 266/3000], runtime:  16.19s, train loss: 3.1232e-06 (best: 3.2078e-06/2.5972e-06)
>> epoch [ 267/3000], runtime:  16.20s, train loss: 3.1517e-06 (best: 3.2078e-06/2.5972e-06)
>> epoch [ 268/3000], runtime:  16.82s, train loss: 3.2330e-06 (best: 3.2078e-06/2.5972e-06)
>> epoch [ 269/3000], runtime:  16.77s, train loss: 3.6142e-06 (best: 3.2078e-06/2.5972e-06)
>> epoch [ 270/3000], runtime:  16.81s, train loss: 3.6770e-06 (best: 3.2078e-06/2.5972e-06)
>> epoch [ 271/3000], runtime:  16.81s, train loss: 3.5598e-06 (best: 3.2078e-06/2.5972e-06)
>> epoch [ 272/3000], runtime:  16.78s, train loss: 4.1074e-06 (best: 3.2078e-06/2.5972e-06)
>> epoch [ 273/3000], runtime:  16.83s, train loss: 3.6528e-06 (best: 3.2078e-06/2.5972e-06)
>> epoch [ 274/3000], runtime:  16.79s, train loss: 3.1065e-06 (best: 3.2078e-06/2.5972e-06)
>> epoch [ 275/3000], runtime:  16.79s, train loss: 3.1296e-06 (best: 3.2078e-06/2.5972e-06)
>> epoch [ 276/3000], runtime: 16.81s, train loss: 3.1855e-06, valid loss: 2.5900e-06 , test loss: 8.3760e-05
>> epoch [ 277/3000], runtime: 16.81s, train loss: 3.0137e-06, valid loss: 2.5197e-06 , test loss: 8.5357e-05
>> epoch [ 278/3000], runtime:  16.79s, train loss: 3.0007e-06 (best: 3.0137e-06/2.5197e-06)
>> epoch [ 279/3000], runtime: 16.78s, train loss: 2.9892e-06, valid loss: 2.5073e-06 , test loss: 8.3267e-05
>> epoch [ 280/3000], runtime:  16.27s, train loss: 3.1266e-06 (best: 2.9892e-06/2.5073e-06)
>> epoch [ 281/3000], runtime:  16.71s, train loss: 3.3022e-06 (best: 2.9892e-06/2.5073e-06)
>> epoch [ 282/3000], runtime:  16.81s, train loss: 3.0311e-06 (best: 2.9892e-06/2.5073e-06)
>> epoch [ 283/3000], runtime:  16.82s, train loss: 3.3738e-06 (best: 2.9892e-06/2.5073e-06)
>> epoch [ 284/3000], runtime:  16.81s, train loss: 3.3169e-06 (best: 2.9892e-06/2.5073e-06)
>> epoch [ 285/3000], runtime:  16.78s, train loss: 3.1974e-06 (best: 2.9892e-06/2.5073e-06)
>> epoch [ 286/3000], runtime:  16.78s, train loss: 3.1587e-06 (best: 2.9892e-06/2.5073e-06)
>> epoch [ 287/3000], runtime:  16.83s, train loss: 3.0766e-06 (best: 2.9892e-06/2.5073e-06)
>> epoch [ 288/3000], runtime:  16.82s, train loss: 3.3621e-06 (best: 2.9892e-06/2.5073e-06)
>> epoch [ 289/3000], runtime:  16.80s, train loss: 3.2563e-06 (best: 2.9892e-06/2.5073e-06)
>> epoch [ 290/3000], runtime:  16.78s, train loss: 3.2053e-06 (best: 2.9892e-06/2.5073e-06)
>> epoch [ 291/3000], runtime:  16.78s, train loss: 3.0015e-06 (best: 2.9892e-06/2.5073e-06)
>> epoch [ 292/3000], runtime:  16.78s, train loss: 3.6551e-06 (best: 2.9892e-06/2.5073e-06)
>> epoch [ 293/3000], runtime:  16.77s, train loss: 3.6884e-06 (best: 2.9892e-06/2.5073e-06)
>> epoch [ 294/3000], runtime:  17.99s, train loss: 3.4724e-06 (best: 2.9892e-06/2.5073e-06)
>> epoch [ 295/3000], runtime:  25.27s, train loss: 3.7727e-06 (best: 2.9892e-06/2.5073e-06)
>> epoch [ 296/3000], runtime:  24.66s, train loss: 3.1372e-06 (best: 2.9892e-06/2.5073e-06)
>> epoch [ 297/3000], runtime:  24.62s, train loss: 3.2539e-06 (best: 2.9892e-06/2.5073e-06)
>> epoch [ 298/3000], runtime:  25.23s, train loss: 3.0199e-06 (best: 2.9892e-06/2.5073e-06)
>> epoch [ 299/3000], runtime:  24.66s, train loss: 2.9614e-06 (best: 2.9892e-06/2.5073e-06)
>> epoch [ 300/3000], runtime:  24.68s, train loss: 3.1326e-06 (best: 2.9892e-06/2.5073e-06)
>> epoch [ 301/3000], runtime:  24.65s, train loss: 2.9226e-06 (best: 2.9892e-06/2.5073e-06)
>> epoch [ 302/3000], runtime:  25.27s, train loss: 3.0555e-06 (best: 2.9892e-06/2.5073e-06)
>> epoch [ 303/3000], runtime:  25.25s, train loss: 3.0242e-06 (best: 2.9892e-06/2.5073e-06)
>> epoch [ 304/3000], runtime:  24.63s, train loss: 3.0541e-06 (best: 2.9892e-06/2.5073e-06)
>> epoch [ 305/3000], runtime:  24.63s, train loss: 3.1302e-06 (best: 2.9892e-06/2.5073e-06)
>> epoch [ 306/3000], runtime:  25.25s, train loss: 3.3491e-06 (best: 2.9892e-06/2.5073e-06)
>> epoch [ 307/3000], runtime:  24.67s, train loss: 3.5395e-06 (best: 2.9892e-06/2.5073e-06)
>> epoch [ 308/3000], runtime:  24.03s, train loss: 3.2092e-06 (best: 2.9892e-06/2.5073e-06)
>> epoch [ 309/3000], runtime:  25.22s, train loss: 2.9445e-06 (best: 2.9892e-06/2.5073e-06)
>> epoch [ 310/3000], runtime:  25.24s, train loss: 3.0303e-06 (best: 2.9892e-06/2.5073e-06)
>> epoch [ 311/3000], runtime:  25.27s, train loss: 3.8348e-06 (best: 2.9892e-06/2.5073e-06)
>> epoch [ 312/3000], runtime:  24.64s, train loss: 3.5396e-06 (best: 2.9892e-06/2.5073e-06)
>> epoch [ 313/3000], runtime:  24.64s, train loss: 3.1848e-06 (best: 2.9892e-06/2.5073e-06)
>> epoch [ 314/3000], runtime:  25.27s, train loss: 2.9527e-06 (best: 2.9892e-06/2.5073e-06)
>> epoch [ 315/3000], runtime:  24.64s, train loss: 2.9924e-06 (best: 2.9892e-06/2.5073e-06)
>> epoch [ 316/3000], runtime:  24.03s, train loss: 2.9853e-06 (best: 2.9892e-06/2.5073e-06)
>> epoch [ 317/3000], runtime:  24.05s, train loss: 3.0218e-06 (best: 2.9892e-06/2.5073e-06)
>> epoch [ 318/3000], runtime:  25.25s, train loss: 3.1158e-06 (best: 2.9892e-06/2.5073e-06)
>> epoch [ 319/3000], runtime:  25.21s, train loss: 3.6544e-06 (best: 2.9892e-06/2.5073e-06)
>> epoch [ 320/3000], runtime:  25.24s, train loss: 3.0756e-06 (best: 2.9892e-06/2.5073e-06)
>> epoch [ 321/3000], runtime:  25.24s, train loss: 2.8685e-06 (best: 2.9892e-06/2.5073e-06)
>> epoch [ 322/3000], runtime:  24.66s, train loss: 3.0814e-06 (best: 2.9892e-06/2.5073e-06)
>> epoch [ 323/3000], runtime: 25.25s, train loss: 2.9108e-06, valid loss: 2.4306e-06 , test loss: 8.2349e-05
>> epoch [ 324/3000], runtime:  24.85s, train loss: 2.8623e-06 (best: 2.9108e-06/2.4306e-06)
>> epoch [ 325/3000], runtime:  25.23s, train loss: 3.3137e-06 (best: 2.9108e-06/2.4306e-06)
>> epoch [ 326/3000], runtime:  24.60s, train loss: 3.2375e-06 (best: 2.9108e-06/2.4306e-06)
>> epoch [ 327/3000], runtime:  24.76s, train loss: 3.3145e-06 (best: 2.9108e-06/2.4306e-06)
>> epoch [ 328/3000], runtime: 25.09s, train loss: 2.8020e-06, valid loss: 2.4306e-06 , test loss: 8.2478e-05
>> epoch [ 329/3000], runtime:  24.60s, train loss: 2.8635e-06 (best: 2.8020e-06/2.4306e-06)
>> epoch [ 330/3000], runtime:  24.61s, train loss: 3.0008e-06 (best: 2.8020e-06/2.4306e-06)
>> epoch [ 331/3000], runtime:  25.24s, train loss: 3.4915e-06 (best: 2.8020e-06/2.4306e-06)
>> epoch [ 332/3000], runtime:  24.62s, train loss: 3.0916e-06 (best: 2.8020e-06/2.4306e-06)
>> epoch [ 333/3000], runtime:  25.25s, train loss: 3.0411e-06 (best: 2.8020e-06/2.4306e-06)
>> epoch [ 334/3000], runtime:  25.22s, train loss: 2.9169e-06 (best: 2.8020e-06/2.4306e-06)
>> epoch [ 335/3000], runtime:  25.25s, train loss: 2.9203e-06 (best: 2.8020e-06/2.4306e-06)
>> epoch [ 336/3000], runtime:  25.23s, train loss: 2.9149e-06 (best: 2.8020e-06/2.4306e-06)
>> epoch [ 337/3000], runtime:  25.25s, train loss: 2.9533e-06 (best: 2.8020e-06/2.4306e-06)
>> epoch [ 338/3000], runtime:  25.21s, train loss: 3.0196e-06 (best: 2.8020e-06/2.4306e-06)
>> epoch [ 339/3000], runtime:  25.21s, train loss: 2.9790e-06 (best: 2.8020e-06/2.4306e-06)
>> epoch [ 340/3000], runtime:  25.22s, train loss: 3.2135e-06 (best: 2.8020e-06/2.4306e-06)
>> epoch [ 341/3000], runtime:  25.24s, train loss: 2.9459e-06 (best: 2.8020e-06/2.4306e-06)
>> epoch [ 342/3000], runtime:  25.25s, train loss: 2.9925e-06 (best: 2.8020e-06/2.4306e-06)
>> epoch [ 343/3000], runtime:  25.25s, train loss: 3.0205e-06 (best: 2.8020e-06/2.4306e-06)
>> epoch [ 344/3000], runtime:  25.24s, train loss: 2.8966e-06 (best: 2.8020e-06/2.4306e-06)
>> epoch [ 345/3000], runtime:  25.16s, train loss: 2.8263e-06 (best: 2.8020e-06/2.4306e-06)
>> epoch [ 346/3000], runtime:  24.67s, train loss: 2.8966e-06 (best: 2.8020e-06/2.4306e-06)
>> epoch [ 347/3000], runtime:  25.09s, train loss: 2.9699e-06 (best: 2.8020e-06/2.4306e-06)
>> epoch [ 348/3000], runtime:  24.74s, train loss: 3.1374e-06 (best: 2.8020e-06/2.4306e-06)
>> epoch [ 349/3000], runtime:  24.63s, train loss: 2.9247e-06 (best: 2.8020e-06/2.4306e-06)
>> epoch [ 350/3000], runtime:  25.21s, train loss: 2.8285e-06 (best: 2.8020e-06/2.4306e-06)
>> epoch [ 351/3000], runtime:  25.18s, train loss: 2.8384e-06 (best: 2.8020e-06/2.4306e-06)
>> epoch [ 352/3000], runtime:  25.20s, train loss: 3.1551e-06 (best: 2.8020e-06/2.4306e-06)
>> epoch [ 353/3000], runtime:  25.23s, train loss: 2.9872e-06 (best: 2.8020e-06/2.4306e-06)
>> epoch [ 354/3000], runtime:  25.23s, train loss: 2.9358e-06 (best: 2.8020e-06/2.4306e-06)
>> epoch [ 355/3000], runtime: 25.25s, train loss: 2.7588e-06, valid loss: 2.3609e-06 , test loss: 8.5640e-05
>> epoch [ 356/3000], runtime:  25.26s, train loss: 2.8139e-06 (best: 2.7588e-06/2.3609e-06)
>> epoch [ 357/3000], runtime:  25.24s, train loss: 2.6902e-06 (best: 2.7588e-06/2.3609e-06)
>> epoch [ 358/3000], runtime:  25.24s, train loss: 2.8124e-06 (best: 2.7588e-06/2.3609e-06)
>> epoch [ 359/3000], runtime:  24.63s, train loss: 2.8326e-06 (best: 2.7588e-06/2.3609e-06)
>> epoch [ 360/3000], runtime:  24.63s, train loss: 3.1214e-06 (best: 2.7588e-06/2.3609e-06)
>> epoch [ 361/3000], runtime:  25.23s, train loss: 3.1012e-06 (best: 2.7588e-06/2.3609e-06)
>> epoch [ 362/3000], runtime: 24.67s, train loss: 2.7431e-06, valid loss: 2.3357e-06 , test loss: 8.0465e-05
>> epoch [ 363/3000], runtime:  25.24s, train loss: 2.7408e-06 (best: 2.7431e-06/2.3357e-06)
>> epoch [ 364/3000], runtime:  25.23s, train loss: 2.9140e-06 (best: 2.7431e-06/2.3357e-06)
>> epoch [ 365/3000], runtime:  25.25s, train loss: 3.0068e-06 (best: 2.7431e-06/2.3357e-06)
>> epoch [ 366/3000], runtime:  24.63s, train loss: 2.8109e-06 (best: 2.7431e-06/2.3357e-06)
>> epoch [ 367/3000], runtime:  25.25s, train loss: 2.7797e-06 (best: 2.7431e-06/2.3357e-06)
>> epoch [ 368/3000], runtime:  25.24s, train loss: 2.7610e-06 (best: 2.7431e-06/2.3357e-06)
>> epoch [ 369/3000], runtime:  25.24s, train loss: 2.7380e-06 (best: 2.7431e-06/2.3357e-06)
>> epoch [ 370/3000], runtime:  24.65s, train loss: 2.8158e-06 (best: 2.7431e-06/2.3357e-06)
>> epoch [ 371/3000], runtime:  24.63s, train loss: 2.7437e-06 (best: 2.7431e-06/2.3357e-06)
>> epoch [ 372/3000], runtime:  25.25s, train loss: 2.7258e-06 (best: 2.7431e-06/2.3357e-06)
>> epoch [ 373/3000], runtime:  25.19s, train loss: 2.9293e-06 (best: 2.7431e-06/2.3357e-06)
>> epoch [ 374/3000], runtime:  25.21s, train loss: 2.8542e-06 (best: 2.7431e-06/2.3357e-06)
>> epoch [ 375/3000], runtime: 25.18s, train loss: 2.7242e-06, valid loss: 2.2873e-06 , test loss: 8.2597e-05
>> epoch [ 376/3000], runtime:  24.66s, train loss: 2.8358e-06 (best: 2.7242e-06/2.2873e-06)
>> epoch [ 377/3000], runtime:  25.20s, train loss: 2.7677e-06 (best: 2.7242e-06/2.2873e-06)
>> epoch [ 378/3000], runtime:  25.19s, train loss: 2.8348e-06 (best: 2.7242e-06/2.2873e-06)
>> epoch [ 379/3000], runtime:  24.58s, train loss: 2.6936e-06 (best: 2.7242e-06/2.2873e-06)
>> epoch [ 380/3000], runtime:  24.64s, train loss: 2.6666e-06 (best: 2.7242e-06/2.2873e-06)
>> epoch [ 381/3000], runtime:  25.23s, train loss: 2.7231e-06 (best: 2.7242e-06/2.2873e-06)
>> epoch [ 382/3000], runtime:  24.64s, train loss: 2.8206e-06 (best: 2.7242e-06/2.2873e-06)
>> epoch [ 383/3000], runtime:  25.24s, train loss: 2.9526e-06 (best: 2.7242e-06/2.2873e-06)
>> epoch [ 384/3000], runtime:  24.55s, train loss: 2.8306e-06 (best: 2.7242e-06/2.2873e-06)
>> epoch [ 385/3000], runtime:  24.66s, train loss: 2.8263e-06 (best: 2.7242e-06/2.2873e-06)
>> epoch [ 386/3000], runtime:  25.23s, train loss: 2.7766e-06 (best: 2.7242e-06/2.2873e-06)
>> epoch [ 387/3000], runtime:  24.64s, train loss: 2.8222e-06 (best: 2.7242e-06/2.2873e-06)
>> epoch [ 388/3000], runtime:  25.17s, train loss: 2.7609e-06 (best: 2.7242e-06/2.2873e-06)
>> epoch [ 389/3000], runtime:  24.05s, train loss: 2.7355e-06 (best: 2.7242e-06/2.2873e-06)
>> epoch [ 390/3000], runtime:  24.64s, train loss: 2.7166e-06 (best: 2.7242e-06/2.2873e-06)
>> epoch [ 391/3000], runtime:  24.63s, train loss: 2.7689e-06 (best: 2.7242e-06/2.2873e-06)
>> epoch [ 392/3000], runtime:  25.23s, train loss: 2.7004e-06 (best: 2.7242e-06/2.2873e-06)
>> epoch [ 393/3000], runtime:  25.25s, train loss: 2.8211e-06 (best: 2.7242e-06/2.2873e-06)
>> epoch [ 394/3000], runtime:  24.64s, train loss: 2.9384e-06 (best: 2.7242e-06/2.2873e-06)
>> epoch [ 395/3000], runtime:  25.19s, train loss: 2.7457e-06 (best: 2.7242e-06/2.2873e-06)
>> epoch [ 396/3000], runtime:  25.21s, train loss: 2.6587e-06 (best: 2.7242e-06/2.2873e-06)
>> epoch [ 397/3000], runtime:  24.60s, train loss: 2.7815e-06 (best: 2.7242e-06/2.2873e-06)
>> epoch [ 398/3000], runtime:  25.18s, train loss: 2.6580e-06 (best: 2.7242e-06/2.2873e-06)
>> epoch [ 399/3000], runtime:  25.23s, train loss: 2.7204e-06 (best: 2.7242e-06/2.2873e-06)
>> epoch [ 400/3000], runtime:  25.23s, train loss: 2.7746e-06 (best: 2.7242e-06/2.2873e-06)
>> epoch [ 401/3000], runtime:  25.22s, train loss: 2.9981e-06 (best: 2.7242e-06/2.2873e-06)
>> epoch [ 402/3000], runtime:  25.22s, train loss: 3.0362e-06 (best: 2.7242e-06/2.2873e-06)
>> epoch [ 403/3000], runtime:  24.62s, train loss: 2.8245e-06 (best: 2.7242e-06/2.2873e-06)
>> epoch [ 404/3000], runtime:  25.20s, train loss: 2.6228e-06 (best: 2.7242e-06/2.2873e-06)
>> epoch [ 405/3000], runtime:  24.63s, train loss: 2.8541e-06 (best: 2.7242e-06/2.2873e-06)
>> epoch [ 406/3000], runtime: 24.63s, train loss: 2.6347e-06, valid loss: 2.2619e-06 , test loss: 8.1699e-05
>> epoch [ 407/3000], runtime: 24.66s, train loss: 2.5979e-06, valid loss: 2.2546e-06 , test loss: 8.1297e-05
>> epoch [ 408/3000], runtime:  24.64s, train loss: 2.6706e-06 (best: 2.5979e-06/2.2546e-06)
>> epoch [ 409/3000], runtime:  25.24s, train loss: 2.7138e-06 (best: 2.5979e-06/2.2546e-06)
>> epoch [ 410/3000], runtime:  23.99s, train loss: 2.6782e-06 (best: 2.5979e-06/2.2546e-06)
>> epoch [ 411/3000], runtime:  24.58s, train loss: 2.7104e-06 (best: 2.5979e-06/2.2546e-06)
>> epoch [ 412/3000], runtime:  24.80s, train loss: 2.7895e-06 (best: 2.5979e-06/2.2546e-06)
>> epoch [ 413/3000], runtime:  24.43s, train loss: 2.6896e-06 (best: 2.5979e-06/2.2546e-06)
>> epoch [ 414/3000], runtime:  25.26s, train loss: 2.7485e-06 (best: 2.5979e-06/2.2546e-06)
>> epoch [ 415/3000], runtime:  24.61s, train loss: 2.6861e-06 (best: 2.5979e-06/2.2546e-06)
>> epoch [ 416/3000], runtime:  25.10s, train loss: 2.6200e-06 (best: 2.5979e-06/2.2546e-06)
>> epoch [ 417/3000], runtime:  24.10s, train loss: 2.6891e-06 (best: 2.5979e-06/2.2546e-06)
>> epoch [ 418/3000], runtime:  24.63s, train loss: 2.6708e-06 (best: 2.5979e-06/2.2546e-06)
>> epoch [ 419/3000], runtime:  24.77s, train loss: 2.7171e-06 (best: 2.5979e-06/2.2546e-06)
>> epoch [ 420/3000], runtime:  25.08s, train loss: 2.7435e-06 (best: 2.5979e-06/2.2546e-06)
>> epoch [ 421/3000], runtime:  24.62s, train loss: 2.7070e-06 (best: 2.5979e-06/2.2546e-06)
>> epoch [ 422/3000], runtime:  24.02s, train loss: 2.7735e-06 (best: 2.5979e-06/2.2546e-06)
>> epoch [ 423/3000], runtime:  24.61s, train loss: 2.9383e-06 (best: 2.5979e-06/2.2546e-06)
>> epoch [ 424/3000], runtime:  25.22s, train loss: 2.8511e-06 (best: 2.5979e-06/2.2546e-06)
>> epoch [ 425/3000], runtime:  25.23s, train loss: 2.7816e-06 (best: 2.5979e-06/2.2546e-06)
>> epoch [ 426/3000], runtime:  24.03s, train loss: 2.6283e-06 (best: 2.5979e-06/2.2546e-06)
>> epoch [ 427/3000], runtime:  25.21s, train loss: 2.6451e-06 (best: 2.5979e-06/2.2546e-06)
>> epoch [ 428/3000], runtime:  24.66s, train loss: 2.7699e-06 (best: 2.5979e-06/2.2546e-06)
>> epoch [ 429/3000], runtime:  25.24s, train loss: 2.8325e-06 (best: 2.5979e-06/2.2546e-06)
>> epoch [ 430/3000], runtime:  25.17s, train loss: 2.8675e-06 (best: 2.5979e-06/2.2546e-06)
>> epoch [ 431/3000], runtime:  24.90s, train loss: 2.7516e-06 (best: 2.5979e-06/2.2546e-06)
>> epoch [ 432/3000], runtime:  24.95s, train loss: 2.7061e-06 (best: 2.5979e-06/2.2546e-06)
>> epoch [ 433/3000], runtime:  24.62s, train loss: 2.6505e-06 (best: 2.5979e-06/2.2546e-06)
>> epoch [ 434/3000], runtime:  24.61s, train loss: 2.6603e-06 (best: 2.5979e-06/2.2546e-06)
>> epoch [ 435/3000], runtime:  25.25s, train loss: 2.6350e-06 (best: 2.5979e-06/2.2546e-06)
>> epoch [ 436/3000], runtime:  25.23s, train loss: 2.6672e-06 (best: 2.5979e-06/2.2546e-06)
>> epoch [ 437/3000], runtime:  25.20s, train loss: 2.7249e-06 (best: 2.5979e-06/2.2546e-06)
>> epoch [ 438/3000], runtime:  24.60s, train loss: 2.7425e-06 (best: 2.5979e-06/2.2546e-06)
>> epoch [ 439/3000], runtime:  25.22s, train loss: 2.7224e-06 (best: 2.5979e-06/2.2546e-06)
>> epoch [ 440/3000], runtime:  25.19s, train loss: 2.5929e-06 (best: 2.5979e-06/2.2546e-06)
>> epoch [ 441/3000], runtime:  25.19s, train loss: 2.6798e-06 (best: 2.5979e-06/2.2546e-06)
>> epoch [ 442/3000], runtime:  24.63s, train loss: 2.7051e-06 (best: 2.5979e-06/2.2546e-06)
>> epoch [ 443/3000], runtime:  25.23s, train loss: 2.6876e-06 (best: 2.5979e-06/2.2546e-06)
>> epoch [ 444/3000], runtime:  25.17s, train loss: 2.6333e-06 (best: 2.5979e-06/2.2546e-06)
>> epoch [ 445/3000], runtime:  25.19s, train loss: 2.6549e-06 (best: 2.5979e-06/2.2546e-06)
>> epoch [ 446/3000], runtime:  24.56s, train loss: 2.6840e-06 (best: 2.5979e-06/2.2546e-06)
>> epoch [ 447/3000], runtime:  24.04s, train loss: 2.7698e-06 (best: 2.5979e-06/2.2546e-06)
>> epoch [ 448/3000], runtime:  25.20s, train loss: 2.5977e-06 (best: 2.5979e-06/2.2546e-06)
>> epoch [ 449/3000], runtime:  20.56s, train loss: 2.6669e-06 (best: 2.5979e-06/2.2546e-06)
>> epoch [ 450/3000], runtime:  25.22s, train loss: 2.6634e-06 (best: 2.5979e-06/2.2546e-06)
>> epoch [ 451/3000], runtime: 25.21s, train loss: 2.5862e-06, valid loss: 2.2451e-06 , test loss: 8.1948e-05
>> epoch [ 452/3000], runtime:  25.18s, train loss: 2.6471e-06 (best: 2.5862e-06/2.2451e-06)
>> epoch [ 453/3000], runtime:  25.18s, train loss: 2.6798e-06 (best: 2.5862e-06/2.2451e-06)
>> epoch [ 454/3000], runtime:  25.23s, train loss: 2.7574e-06 (best: 2.5862e-06/2.2451e-06)
>> epoch [ 455/3000], runtime:  24.62s, train loss: 2.8420e-06 (best: 2.5862e-06/2.2451e-06)
>> epoch [ 456/3000], runtime:  24.61s, train loss: 2.6817e-06 (best: 2.5862e-06/2.2451e-06)
>> epoch [ 457/3000], runtime:  24.62s, train loss: 2.6249e-06 (best: 2.5862e-06/2.2451e-06)
>> epoch [ 458/3000], runtime: 25.20s, train loss: 2.5851e-06, valid loss: 2.2087e-06 , test loss: 8.2103e-05
>> epoch [ 459/3000], runtime:  25.19s, train loss: 2.6383e-06 (best: 2.5851e-06/2.2087e-06)
>> epoch [ 460/3000], runtime:  25.24s, train loss: 2.6239e-06 (best: 2.5851e-06/2.2087e-06)
>> epoch [ 461/3000], runtime:  24.60s, train loss: 2.6046e-06 (best: 2.5851e-06/2.2087e-06)
>> epoch [ 462/3000], runtime:  24.98s, train loss: 2.6149e-06 (best: 2.5851e-06/2.2087e-06)
>> epoch [ 463/3000], runtime:  24.91s, train loss: 2.6623e-06 (best: 2.5851e-06/2.2087e-06)
>> epoch [ 464/3000], runtime:  24.62s, train loss: 2.5837e-06 (best: 2.5851e-06/2.2087e-06)
>> epoch [ 465/3000], runtime:  25.24s, train loss: 2.6295e-06 (best: 2.5851e-06/2.2087e-06)
>> epoch [ 466/3000], runtime:  24.69s, train loss: 2.6263e-06 (best: 2.5851e-06/2.2087e-06)
>> epoch [ 467/3000], runtime:  25.14s, train loss: 2.6646e-06 (best: 2.5851e-06/2.2087e-06)
>> epoch [ 468/3000], runtime:  24.62s, train loss: 2.5874e-06 (best: 2.5851e-06/2.2087e-06)
>> epoch [ 469/3000], runtime:  25.25s, train loss: 2.6186e-06 (best: 2.5851e-06/2.2087e-06)
>> epoch [ 470/3000], runtime:  25.20s, train loss: 2.6350e-06 (best: 2.5851e-06/2.2087e-06)
>> epoch [ 471/3000], runtime:  24.61s, train loss: 2.6770e-06 (best: 2.5851e-06/2.2087e-06)
>> epoch [ 472/3000], runtime:  25.22s, train loss: 2.6628e-06 (best: 2.5851e-06/2.2087e-06)
>> epoch [ 473/3000], runtime:  25.21s, train loss: 2.7319e-06 (best: 2.5851e-06/2.2087e-06)
>> epoch [ 474/3000], runtime:  25.22s, train loss: 2.6203e-06 (best: 2.5851e-06/2.2087e-06)
>> epoch [ 475/3000], runtime:  25.24s, train loss: 2.6772e-06 (best: 2.5851e-06/2.2087e-06)
>> epoch [ 476/3000], runtime:  25.21s, train loss: 2.5695e-06 (best: 2.5851e-06/2.2087e-06)
>> epoch [ 477/3000], runtime:  25.23s, train loss: 2.6346e-06 (best: 2.5851e-06/2.2087e-06)
>> epoch [ 478/3000], runtime:  25.24s, train loss: 2.6616e-06 (best: 2.5851e-06/2.2087e-06)
>> epoch [ 479/3000], runtime:  25.23s, train loss: 2.6986e-06 (best: 2.5851e-06/2.2087e-06)
>> epoch [ 480/3000], runtime: 25.24s, train loss: 2.5459e-06, valid loss: 2.2045e-06 , test loss: 8.0912e-05
>> epoch [ 481/3000], runtime:  25.21s, train loss: 2.6715e-06 (best: 2.5459e-06/2.2045e-06)
>> epoch [ 482/3000], runtime:  25.24s, train loss: 2.7653e-06 (best: 2.5459e-06/2.2045e-06)
>> epoch [ 483/3000], runtime:  25.21s, train loss: 2.6672e-06 (best: 2.5459e-06/2.2045e-06)
>> epoch [ 484/3000], runtime:  25.22s, train loss: 2.6079e-06 (best: 2.5459e-06/2.2045e-06)
>> epoch [ 485/3000], runtime:  25.22s, train loss: 2.6213e-06 (best: 2.5459e-06/2.2045e-06)
>> epoch [ 486/3000], runtime:  25.23s, train loss: 2.6697e-06 (best: 2.5459e-06/2.2045e-06)
>> epoch [ 487/3000], runtime:  25.22s, train loss: 2.6247e-06 (best: 2.5459e-06/2.2045e-06)
>> epoch [ 488/3000], runtime:  25.19s, train loss: 2.5570e-06 (best: 2.5459e-06/2.2045e-06)
>> epoch [ 489/3000], runtime:  24.62s, train loss: 2.6006e-06 (best: 2.5459e-06/2.2045e-06)
>> epoch [ 490/3000], runtime:  25.21s, train loss: 2.6478e-06 (best: 2.5459e-06/2.2045e-06)
>> epoch [ 491/3000], runtime:  25.21s, train loss: 2.5806e-06 (best: 2.5459e-06/2.2045e-06)
>> epoch [ 492/3000], runtime:  25.17s, train loss: 2.6953e-06 (best: 2.5459e-06/2.2045e-06)
>> epoch [ 493/3000], runtime:  25.22s, train loss: 2.5487e-06 (best: 2.5459e-06/2.2045e-06)
>> epoch [ 494/3000], runtime:  25.19s, train loss: 2.6178e-06 (best: 2.5459e-06/2.2045e-06)
>> epoch [ 495/3000], runtime:  24.81s, train loss: 2.6222e-06 (best: 2.5459e-06/2.2045e-06)
>> epoch [ 496/3000], runtime:  24.99s, train loss: 2.6575e-06 (best: 2.5459e-06/2.2045e-06)
>> epoch [ 497/3000], runtime:  24.61s, train loss: 2.6393e-06 (best: 2.5459e-06/2.2045e-06)
>> epoch [ 498/3000], runtime:  25.24s, train loss: 2.6962e-06 (best: 2.5459e-06/2.2045e-06)
>> epoch [ 499/3000], runtime:  25.23s, train loss: 2.5916e-06 (best: 2.5459e-06/2.2045e-06)
>> epoch [ 500/3000], runtime:  24.67s, train loss: 2.6146e-06 (best: 2.5459e-06/2.2045e-06)
>> epoch [ 501/3000], runtime:  25.23s, train loss: 2.6881e-06 (best: 2.5459e-06/2.2045e-06)
>> epoch [ 502/3000], runtime:  24.66s, train loss: 2.5533e-06 (best: 2.5459e-06/2.2045e-06)
>> epoch [ 503/3000], runtime:  25.23s, train loss: 2.6142e-06 (best: 2.5459e-06/2.2045e-06)
>> epoch [ 504/3000], runtime:  25.22s, train loss: 2.5912e-06 (best: 2.5459e-06/2.2045e-06)
>> epoch [ 505/3000], runtime:  25.22s, train loss: 2.5201e-06 (best: 2.5459e-06/2.2045e-06)
>> epoch [ 506/3000], runtime:  25.19s, train loss: 2.5465e-06 (best: 2.5459e-06/2.2045e-06)
>> epoch [ 507/3000], runtime:  24.68s, train loss: 2.6019e-06 (best: 2.5459e-06/2.2045e-06)
>> epoch [ 508/3000], runtime:  24.62s, train loss: 2.6135e-06 (best: 2.5459e-06/2.2045e-06)
>> epoch [ 509/3000], runtime:  24.89s, train loss: 2.5803e-06 (best: 2.5459e-06/2.2045e-06)
>> epoch [ 510/3000], runtime:  24.36s, train loss: 2.5998e-06 (best: 2.5459e-06/2.2045e-06)
>> epoch [ 511/3000], runtime:  25.19s, train loss: 2.5757e-06 (best: 2.5459e-06/2.2045e-06)
>> epoch [ 512/3000], runtime:  25.23s, train loss: 2.6831e-06 (best: 2.5459e-06/2.2045e-06)
>> epoch [ 513/3000], runtime:  24.64s, train loss: 2.5798e-06 (best: 2.5459e-06/2.2045e-06)
>> epoch [ 514/3000], runtime:  24.63s, train loss: 2.5767e-06 (best: 2.5459e-06/2.2045e-06)
>> epoch [ 515/3000], runtime:  25.26s, train loss: 2.5675e-06 (best: 2.5459e-06/2.2045e-06)
>> epoch [ 516/3000], runtime:  25.22s, train loss: 2.5807e-06 (best: 2.5459e-06/2.2045e-06)
>> epoch [ 517/3000], runtime:  24.61s, train loss: 2.7931e-06 (best: 2.5459e-06/2.2045e-06)
>> epoch [ 518/3000], runtime:  24.04s, train loss: 2.5469e-06 (best: 2.5459e-06/2.2045e-06)
>> epoch [ 519/3000], runtime:  25.23s, train loss: 2.6188e-06 (best: 2.5459e-06/2.2045e-06)
>> epoch [ 520/3000], runtime:  25.23s, train loss: 2.5523e-06 (best: 2.5459e-06/2.2045e-06)
>> epoch [ 521/3000], runtime:  24.62s, train loss: 2.6121e-06 (best: 2.5459e-06/2.2045e-06)
>> epoch [ 522/3000], runtime:  24.79s, train loss: 2.5461e-06 (best: 2.5459e-06/2.2045e-06)
>> epoch [ 523/3000], runtime:  25.10s, train loss: 2.5888e-06 (best: 2.5459e-06/2.2045e-06)
>> epoch [ 524/3000], runtime:  24.63s, train loss: 2.5557e-06 (best: 2.5459e-06/2.2045e-06)
>> epoch [ 525/3000], runtime:  25.22s, train loss: 2.5824e-06 (best: 2.5459e-06/2.2045e-06)
>> epoch [ 526/3000], runtime:  25.22s, train loss: 2.6041e-06 (best: 2.5459e-06/2.2045e-06)
>> epoch [ 527/3000], runtime:  24.63s, train loss: 2.6303e-06 (best: 2.5459e-06/2.2045e-06)
>> epoch [ 528/3000], runtime:  24.63s, train loss: 2.5812e-06 (best: 2.5459e-06/2.2045e-06)
>> epoch [ 529/3000], runtime:  25.24s, train loss: 2.6287e-06 (best: 2.5459e-06/2.2045e-06)
>> epoch [ 530/3000], runtime:  25.20s, train loss: 2.5977e-06 (best: 2.5459e-06/2.2045e-06)
>> epoch [ 531/3000], runtime:  19.75s, train loss: 2.6896e-06 (best: 2.5459e-06/2.2045e-06)
----------------------------------------------------------------------------------------------------
----------------------------------------------------------------------------------------------------
>> ntrain: 300, layer_info: 128_5, act_xi: ReLU, lr: 0.01, gamma: 0.6, w_d: 0.0
>> Best train loss: 2.5459e-06
>> Best valid loss: 2.2045e-06
>> Best test loss: 8.0912e-05
>> Best epoch: 479
----------------------------------------------------------------------------------------------------
----------------------------------------------------------------------------------------------------
>> Training Completed!!
