>> Device being used: cuda (NVIDIA GeForce RTX 4090)
Total number of parameters: 198146
>> Training Mesh resolution: 129x129
/root/autodl-tmp/project/MPNO_final/BlatzKo_1d/PNO_MGN_ex38_k2/PNO_BB.py:118: UserWarning: torch.range is deprecated and will be removed in a future release because its behavior is inconsistent with Python's range builtin. Instead, use torch.arange, which produces values in [start, end).
  ksi_range = torch.range(-m_fact, m_fact).int()
tensor(0.4250)
tensor(2.6672)
>> Preprocessing completed, time elapsed:  0.23s
>> ntrain: 300, lr: 0.005, gamma: 0.6, w_d: 0.0
----------------------------------------------------------------------------------------------------
>> epoch [   1/3000], runtime: 3.54s, train err *1e8: 7983523.9055, valid err*1e8: 122843.2234 , test err*1e8: 11682.4940
>> epoch [   2/3000], runtime: 3.34s, train err *1e8: 140591.2298, valid err*1e8: 9606.7299 , test err*1e8: 1621.3243
>> epoch [   3/3000], runtime: 3.33s, train err *1e8: 40395.9445, valid err*1e8: 7773.7955 , test err*1e8: 1240.6434
>> epoch [   4/3000], runtime: 3.35s, train err *1e8: 36525.8469, valid err*1e8: 7347.1956 , test err*1e8: 1063.5094
>> epoch [   5/3000], runtime:  3.32s, train err*1e8:  36319.7287 (best*1e8:  36525.8469/ 7347.1956)
>> epoch [   6/3000], runtime: 3.33s, train err *1e8: 36251.4376, valid err*1e8: 7344.9073 , test err*1e8: 1053.6077
>> epoch [   7/3000], runtime:  3.33s, train err*1e8:  36213.4860 (best*1e8:  36251.4376/ 7344.9073)
>> epoch [   8/3000], runtime:  3.34s, train err*1e8:  36260.9112 (best*1e8:  36251.4376/ 7344.9073)
>> epoch [   9/3000], runtime:  3.36s, train err*1e8:  36244.0645 (best*1e8:  36251.4376/ 7344.9073)
>> epoch [  10/3000], runtime:  3.35s, train err*1e8:  36223.2967 (best*1e8:  36251.4376/ 7344.9073)
>> epoch [  11/3000], runtime: 3.33s, train err *1e8: 36206.6919, valid err*1e8: 7338.8650 , test err*1e8: 1056.3291
>> epoch [  12/3000], runtime:  3.34s, train err*1e8:  36233.1198 (best*1e8:  36206.6919/ 7338.8650)
>> epoch [  13/3000], runtime:  3.33s, train err*1e8:  36261.1679 (best*1e8:  36206.6919/ 7338.8650)
>> epoch [  14/3000], runtime:  3.32s, train err*1e8:  36388.3475 (best*1e8:  36206.6919/ 7338.8650)
>> epoch [  15/3000], runtime:  3.34s, train err*1e8:  36288.6339 (best*1e8:  36206.6919/ 7338.8650)
>> epoch [  16/3000], runtime: 3.33s, train err *1e8: 36164.7455, valid err*1e8: 7332.4002 , test err*1e8: 1063.0400
>> epoch [  17/3000], runtime:  3.33s, train err*1e8:  36191.9426 (best*1e8:  36164.7455/ 7332.4002)
>> epoch [  18/3000], runtime:  3.32s, train err*1e8:  36368.3224 (best*1e8:  36164.7455/ 7332.4002)
>> epoch [  19/3000], runtime:  3.32s, train err*1e8:  36262.3288 (best*1e8:  36164.7455/ 7332.4002)
>> epoch [  20/3000], runtime:  3.32s, train err*1e8:  36117.4747 (best*1e8:  36164.7455/ 7332.4002)
>> epoch [  21/3000], runtime:  3.32s, train err*1e8:  36249.9783 (best*1e8:  36164.7455/ 7332.4002)
>> epoch [  22/3000], runtime:  3.32s, train err*1e8:  36420.2864 (best*1e8:  36164.7455/ 7332.4002)
>> epoch [  23/3000], runtime:  3.32s, train err*1e8:  36130.8027 (best*1e8:  36164.7455/ 7332.4002)
>> epoch [  24/3000], runtime: 3.32s, train err *1e8: 36064.8239, valid err*1e8: 7312.8217 , test err*1e8: 1055.1016
>> epoch [  25/3000], runtime:  3.33s, train err*1e8:  36294.6917 (best*1e8:  36064.8239/ 7312.8217)
>> epoch [  26/3000], runtime:  3.34s, train err*1e8:  36175.9529 (best*1e8:  36064.8239/ 7312.8217)
>> epoch [  27/3000], runtime:  3.34s, train err*1e8:  36090.1749 (best*1e8:  36064.8239/ 7312.8217)
>> epoch [  28/3000], runtime:  3.33s, train err*1e8:  36117.0735 (best*1e8:  36064.8239/ 7312.8217)
>> epoch [  29/3000], runtime: 3.31s, train err *1e8: 36055.8024, valid err*1e8: 7296.1381 , test err*1e8: 1050.5238
>> epoch [  30/3000], runtime:  3.32s, train err*1e8:  36116.1052 (best*1e8:  36055.8024/ 7296.1381)
>> epoch [  31/3000], runtime:  3.32s, train err*1e8:  36091.0839 (best*1e8:  36055.8024/ 7296.1381)
>> epoch [  32/3000], runtime:  3.33s, train err*1e8:  36342.3207 (best*1e8:  36055.8024/ 7296.1381)
>> epoch [  33/3000], runtime:  3.33s, train err*1e8:  36117.9021 (best*1e8:  36055.8024/ 7296.1381)
>> epoch [  34/3000], runtime:  3.33s, train err*1e8:  35941.3691 (best*1e8:  36055.8024/ 7296.1381)
>> epoch [  35/3000], runtime:  3.32s, train err*1e8:  36080.6544 (best*1e8:  36055.8024/ 7296.1381)
>> epoch [  36/3000], runtime:  3.32s, train err*1e8:  35979.3434 (best*1e8:  36055.8024/ 7296.1381)
>> epoch [  37/3000], runtime: 3.32s, train err *1e8: 35852.7450, valid err*1e8: 7273.9644 , test err*1e8: 1073.4577
>> epoch [  38/3000], runtime:  3.33s, train err*1e8:  35946.6064 (best*1e8:  35852.7450/ 7273.9644)
>> epoch [  39/3000], runtime:  3.33s, train err*1e8:  36169.9564 (best*1e8:  35852.7450/ 7273.9644)
>> epoch [  40/3000], runtime:  3.33s, train err*1e8:  36233.5038 (best*1e8:  35852.7450/ 7273.9644)
>> epoch [  41/3000], runtime:  3.33s, train err*1e8:  35861.0642 (best*1e8:  35852.7450/ 7273.9644)
>> epoch [  42/3000], runtime:  3.32s, train err*1e8:  35925.3310 (best*1e8:  35852.7450/ 7273.9644)
>> epoch [  43/3000], runtime:  3.33s, train err*1e8:  35914.7187 (best*1e8:  35852.7450/ 7273.9644)
>> epoch [  44/3000], runtime: 3.32s, train err *1e8: 35485.5111, valid err*1e8: 7199.0106 , test err*1e8: 1018.2676
>> epoch [  45/3000], runtime:  3.31s, train err*1e8:  35460.4939 (best*1e8:  35485.5111/ 7199.0106)
>> epoch [  46/3000], runtime:  3.31s, train err*1e8:  35424.3350 (best*1e8:  35485.5111/ 7199.0106)
>> epoch [  47/3000], runtime:  3.32s, train err*1e8:  35823.3236 (best*1e8:  35485.5111/ 7199.0106)
>> epoch [  48/3000], runtime:  3.32s, train err*1e8:  36163.5253 (best*1e8:  35485.5111/ 7199.0106)
>> epoch [  49/3000], runtime:  3.33s, train err*1e8:  35856.8326 (best*1e8:  35485.5111/ 7199.0106)
>> epoch [  50/3000], runtime:  3.33s, train err*1e8:  36190.4970 (best*1e8:  35485.5111/ 7199.0106)
>> epoch [  51/3000], runtime:  3.33s, train err*1e8:  35661.2084 (best*1e8:  35485.5111/ 7199.0106)
>> epoch [  52/3000], runtime: 3.33s, train err *1e8: 34878.4995, valid err*1e8: 7078.7197 , test err*1e8: 1054.3000
>> epoch [  53/3000], runtime:  3.33s, train err*1e8:  34885.1420 (best*1e8:  34878.4995/ 7078.7197)
>> epoch [  54/3000], runtime: 3.33s, train err *1e8: 34802.8407, valid err*1e8: 6996.5495 , test err*1e8: 1034.3047
>> epoch [  55/3000], runtime: 3.33s, train err *1e8: 34438.7324, valid err*1e8: 6976.0505 , test err*1e8: 955.2304
>> epoch [  56/3000], runtime:  3.32s, train err*1e8:  35044.4329 (best*1e8:  34438.7324/ 6976.0505)
>> epoch [  57/3000], runtime: 3.33s, train err *1e8: 34069.2163, valid err*1e8: 6902.7200 , test err*1e8: 926.1265
>> epoch [  58/3000], runtime: 3.33s, train err *1e8: 33914.4736, valid err*1e8: 6784.6359 , test err*1e8: 922.4209
>> epoch [  59/3000], runtime: 3.32s, train err *1e8: 33278.3942, valid err*1e8: 6661.7763 , test err*1e8: 907.9004
>> epoch [  60/3000], runtime: 3.33s, train err *1e8: 32472.7029, valid err*1e8: 6535.0823 , test err*1e8: 869.6321
>> epoch [  61/3000], runtime: 3.33s, train err *1e8: 31794.2059, valid err*1e8: 6183.8272 , test err*1e8: 842.5044
>> epoch [  62/3000], runtime: 3.34s, train err *1e8: 29708.9486, valid err*1e8: 5831.9512 , test err*1e8: 738.6332
>> epoch [  63/3000], runtime: 3.35s, train err *1e8: 27190.1240, valid err*1e8: 4973.6298 , test err*1e8: 653.2047
>> epoch [  64/3000], runtime:  3.35s, train err*1e8:  25882.9251 (best*1e8:  27190.1240/ 4973.6298)
>> epoch [  65/3000], runtime: 3.35s, train err *1e8: 20432.0704, valid err*1e8: 3429.3931 , test err*1e8: 467.0900
>> epoch [  66/3000], runtime:  3.35s, train err*1e8:  18448.3347 (best*1e8:  20432.0704/ 3429.3931)
>> epoch [  67/3000], runtime:  3.35s, train err*1e8:  20464.7919 (best*1e8:  20432.0704/ 3429.3931)
>> epoch [  68/3000], runtime: 3.35s, train err *1e8: 13822.8951, valid err*1e8: 2379.6594 , test err*1e8: 278.5399
>> epoch [  69/3000], runtime:  3.35s, train err*1e8:  12421.1718 (best*1e8:  13822.8951/ 2379.6594)
>> epoch [  70/3000], runtime: 3.36s, train err *1e8: 11495.3202, valid err*1e8: 2125.8282 , test err*1e8: 252.9178
>> epoch [  71/3000], runtime:  3.36s, train err*1e8:  13942.3009 (best*1e8:  11495.3202/ 2125.8282)
>> epoch [  72/3000], runtime:  3.36s, train err*1e8:  11614.6764 (best*1e8:  11495.3202/ 2125.8282)
>> epoch [  73/3000], runtime: 3.36s, train err *1e8: 11180.0155, valid err*1e8: 2095.3347 , test err*1e8: 250.9300
>> epoch [  74/3000], runtime:  3.35s, train err*1e8:  11246.7244 (best*1e8:  11180.0155/ 2095.3347)
>> epoch [  75/3000], runtime:  3.36s, train err*1e8:  11688.9871 (best*1e8:  11180.0155/ 2095.3347)
>> epoch [  76/3000], runtime:  3.36s, train err*1e8:  12299.4761 (best*1e8:  11180.0155/ 2095.3347)
>> epoch [  77/3000], runtime: 3.36s, train err *1e8: 10992.6298, valid err*1e8: 2074.4101 , test err*1e8: 249.5004
>> epoch [  78/3000], runtime:  3.36s, train err*1e8:  11180.2863 (best*1e8:  10992.6298/ 2074.4101)
>> epoch [  79/3000], runtime:  3.35s, train err*1e8:  11444.8818 (best*1e8:  10992.6298/ 2074.4101)
>> epoch [  80/3000], runtime:  3.35s, train err*1e8:  11165.6202 (best*1e8:  10992.6298/ 2074.4101)
>> epoch [  81/3000], runtime:  3.35s, train err*1e8:  11130.5810 (best*1e8:  10992.6298/ 2074.4101)
>> epoch [  82/3000], runtime:  3.36s, train err*1e8:  11103.2011 (best*1e8:  10992.6298/ 2074.4101)
>> epoch [  83/3000], runtime:  3.36s, train err*1e8:  11028.9216 (best*1e8:  10992.6298/ 2074.4101)
>> epoch [  84/3000], runtime:  3.36s, train err*1e8:  11453.5929 (best*1e8:  10992.6298/ 2074.4101)
>> epoch [  85/3000], runtime:  3.35s, train err*1e8:  11112.7677 (best*1e8:  10992.6298/ 2074.4101)
>> epoch [  86/3000], runtime:  3.36s, train err*1e8:  10964.2600 (best*1e8:  10992.6298/ 2074.4101)
>> epoch [  87/3000], runtime:  3.36s, train err*1e8:  11136.2075 (best*1e8:  10992.6298/ 2074.4101)
>> epoch [  88/3000], runtime:  3.36s, train err*1e8:  11508.7325 (best*1e8:  10992.6298/ 2074.4101)
>> epoch [  89/3000], runtime:  3.36s, train err*1e8:  11979.0979 (best*1e8:  10992.6298/ 2074.4101)
>> epoch [  90/3000], runtime:  3.36s, train err*1e8:  11422.7842 (best*1e8:  10992.6298/ 2074.4101)
>> epoch [  91/3000], runtime:  3.35s, train err*1e8:  10845.9860 (best*1e8:  10992.6298/ 2074.4101)
>> epoch [  92/3000], runtime:  3.35s, train err*1e8:  11088.7174 (best*1e8:  10992.6298/ 2074.4101)
>> epoch [  93/3000], runtime:  3.35s, train err*1e8:  10727.1482 (best*1e8:  10992.6298/ 2074.4101)
>> epoch [  94/3000], runtime:  3.35s, train err*1e8:  11161.9913 (best*1e8:  10992.6298/ 2074.4101)
>> epoch [  95/3000], runtime: 3.35s, train err *1e8: 10814.7031, valid err*1e8: 2061.7657 , test err*1e8: 249.2782
>> epoch [  96/3000], runtime:  3.36s, train err*1e8:  11101.3388 (best*1e8:  10814.7031/ 2061.7657)
>> epoch [  97/3000], runtime:  3.37s, train err*1e8:  11652.2018 (best*1e8:  10814.7031/ 2061.7657)
>> epoch [  98/3000], runtime:  3.35s, train err*1e8:  10944.9913 (best*1e8:  10814.7031/ 2061.7657)
>> epoch [  99/3000], runtime:  3.36s, train err*1e8:  10854.9727 (best*1e8:  10814.7031/ 2061.7657)
>> epoch [ 100/3000], runtime:  3.36s, train err*1e8:  11094.9414 (best*1e8:  10814.7031/ 2061.7657)
>> epoch [ 101/3000], runtime:  3.35s, train err*1e8:  11496.7600 (best*1e8:  10814.7031/ 2061.7657)
>> epoch [ 102/3000], runtime:  3.35s, train err*1e8:  11323.0303 (best*1e8:  10814.7031/ 2061.7657)
>> epoch [ 103/3000], runtime:  3.35s, train err*1e8:  10747.9635 (best*1e8:  10814.7031/ 2061.7657)
>> epoch [ 104/3000], runtime:  3.36s, train err*1e8:  10766.4863 (best*1e8:  10814.7031/ 2061.7657)
>> epoch [ 105/3000], runtime:  3.36s, train err*1e8:  10739.2973 (best*1e8:  10814.7031/ 2061.7657)
>> epoch [ 106/3000], runtime:  3.35s, train err*1e8:  10879.8099 (best*1e8:  10814.7031/ 2061.7657)
>> epoch [ 107/3000], runtime:  3.36s, train err*1e8:  10680.3787 (best*1e8:  10814.7031/ 2061.7657)
>> epoch [ 108/3000], runtime: 3.35s, train err *1e8: 10695.8189, valid err*1e8: 2047.3822 , test err*1e8: 245.9131
>> epoch [ 109/3000], runtime:  3.36s, train err*1e8:  10793.3824 (best*1e8:  10695.8189/ 2047.3822)
>> epoch [ 110/3000], runtime:  3.36s, train err*1e8:  10846.4167 (best*1e8:  10695.8189/ 2047.3822)
>> epoch [ 111/3000], runtime:  3.36s, train err*1e8:  10695.1001 (best*1e8:  10695.8189/ 2047.3822)
>> epoch [ 112/3000], runtime:  3.35s, train err*1e8:  11091.0335 (best*1e8:  10695.8189/ 2047.3822)
>> epoch [ 113/3000], runtime:  3.35s, train err*1e8:  11025.7142 (best*1e8:  10695.8189/ 2047.3822)
>> epoch [ 114/3000], runtime:  3.36s, train err*1e8:  10805.4400 (best*1e8:  10695.8189/ 2047.3822)
>> epoch [ 115/3000], runtime:  3.35s, train err*1e8:  11235.8929 (best*1e8:  10695.8189/ 2047.3822)
>> epoch [ 116/3000], runtime:  3.35s, train err*1e8:  11284.9033 (best*1e8:  10695.8189/ 2047.3822)
>> epoch [ 117/3000], runtime:  3.33s, train err*1e8:  10701.7361 (best*1e8:  10695.8189/ 2047.3822)
>> epoch [ 118/3000], runtime: 3.35s, train err *1e8: 10604.5347, valid err*1e8: 2045.5892 , test err*1e8: 243.8622
>> epoch [ 119/3000], runtime:  3.35s, train err*1e8:  11177.0072 (best*1e8:  10604.5347/ 2045.5892)
>> epoch [ 120/3000], runtime:  3.35s, train err*1e8:  10897.1951 (best*1e8:  10604.5347/ 2045.5892)
>> epoch [ 121/3000], runtime:  3.35s, train err*1e8:  11214.1185 (best*1e8:  10604.5347/ 2045.5892)
>> epoch [ 122/3000], runtime:  3.36s, train err*1e8:  10865.7843 (best*1e8:  10604.5347/ 2045.5892)
>> epoch [ 123/3000], runtime:  3.35s, train err*1e8:  10678.5061 (best*1e8:  10604.5347/ 2045.5892)
>> epoch [ 124/3000], runtime:  3.35s, train err*1e8:  11273.3689 (best*1e8:  10604.5347/ 2045.5892)
>> epoch [ 125/3000], runtime:  3.35s, train err*1e8:  11452.5815 (best*1e8:  10604.5347/ 2045.5892)
>> epoch [ 126/3000], runtime:  3.35s, train err*1e8:  10826.3137 (best*1e8:  10604.5347/ 2045.5892)
>> epoch [ 127/3000], runtime:  3.36s, train err*1e8:  11068.5770 (best*1e8:  10604.5347/ 2045.5892)
>> epoch [ 128/3000], runtime:  3.36s, train err*1e8:  11488.2370 (best*1e8:  10604.5347/ 2045.5892)
>> epoch [ 129/3000], runtime:  3.35s, train err*1e8:  10797.6437 (best*1e8:  10604.5347/ 2045.5892)
>> epoch [ 130/3000], runtime:  3.35s, train err*1e8:  10909.3816 (best*1e8:  10604.5347/ 2045.5892)
>> epoch [ 131/3000], runtime:  3.35s, train err*1e8:  10793.9132 (best*1e8:  10604.5347/ 2045.5892)
>> epoch [ 132/3000], runtime:  3.36s, train err*1e8:  10707.0134 (best*1e8:  10604.5347/ 2045.5892)
>> epoch [ 133/3000], runtime:  3.35s, train err*1e8:  11404.0136 (best*1e8:  10604.5347/ 2045.5892)
>> epoch [ 134/3000], runtime:  3.35s, train err*1e8:  10943.1356 (best*1e8:  10604.5347/ 2045.5892)
>> epoch [ 135/3000], runtime:  3.35s, train err*1e8:  10702.0105 (best*1e8:  10604.5347/ 2045.5892)
>> epoch [ 136/3000], runtime:  3.35s, train err*1e8:  10670.9400 (best*1e8:  10604.5347/ 2045.5892)
>> epoch [ 137/3000], runtime:  3.35s, train err*1e8:  10667.6926 (best*1e8:  10604.5347/ 2045.5892)
>> epoch [ 138/3000], runtime:  3.36s, train err*1e8:  10742.5875 (best*1e8:  10604.5347/ 2045.5892)
>> epoch [ 139/3000], runtime:  3.35s, train err*1e8:  11038.7378 (best*1e8:  10604.5347/ 2045.5892)
>> epoch [ 140/3000], runtime:  3.35s, train err*1e8:  10565.2946 (best*1e8:  10604.5347/ 2045.5892)
>> epoch [ 141/3000], runtime:  3.35s, train err*1e8:  10805.4359 (best*1e8:  10604.5347/ 2045.5892)
>> epoch [ 142/3000], runtime:  3.35s, train err*1e8:  11015.0698 (best*1e8:  10604.5347/ 2045.5892)
>> epoch [ 143/3000], runtime:  3.35s, train err*1e8:  11241.4159 (best*1e8:  10604.5347/ 2045.5892)
>> epoch [ 144/3000], runtime:  3.35s, train err*1e8:  10684.7103 (best*1e8:  10604.5347/ 2045.5892)
>> epoch [ 145/3000], runtime:  3.36s, train err*1e8:  10497.5461 (best*1e8:  10604.5347/ 2045.5892)
>> epoch [ 146/3000], runtime:  3.35s, train err*1e8:  10793.4935 (best*1e8:  10604.5347/ 2045.5892)
>> epoch [ 147/3000], runtime: 3.34s, train err *1e8: 10580.0665, valid err*1e8: 2031.5681 , test err*1e8: 240.9058
>> epoch [ 148/3000], runtime:  3.35s, train err*1e8:  10562.8275 (best*1e8:  10580.0665/ 2031.5681)
>> epoch [ 149/3000], runtime:  3.36s, train err*1e8:  10537.2207 (best*1e8:  10580.0665/ 2031.5681)
>> epoch [ 150/3000], runtime:  3.35s, train err*1e8:  12868.0851 (best*1e8:  10580.0665/ 2031.5681)
>> epoch [ 151/3000], runtime:  3.34s, train err*1e8:  10987.0251 (best*1e8:  10580.0665/ 2031.5681)
>> epoch [ 152/3000], runtime:  3.35s, train err*1e8:  10726.3967 (best*1e8:  10580.0665/ 2031.5681)
>> epoch [ 153/3000], runtime:  3.36s, train err*1e8:  10720.9592 (best*1e8:  10580.0665/ 2031.5681)
>> epoch [ 154/3000], runtime:  3.35s, train err*1e8:  11011.2767 (best*1e8:  10580.0665/ 2031.5681)
>> epoch [ 155/3000], runtime:  3.36s, train err*1e8:  11517.0888 (best*1e8:  10580.0665/ 2031.5681)
>> epoch [ 156/3000], runtime:  3.37s, train err*1e8:  10579.2076 (best*1e8:  10580.0665/ 2031.5681)
>> epoch [ 157/3000], runtime:  3.37s, train err*1e8:  10556.9398 (best*1e8:  10580.0665/ 2031.5681)
>> epoch [ 158/3000], runtime:  3.36s, train err*1e8:  10825.3744 (best*1e8:  10580.0665/ 2031.5681)
>> epoch [ 159/3000], runtime:  3.35s, train err*1e8:  10615.1814 (best*1e8:  10580.0665/ 2031.5681)
>> epoch [ 160/3000], runtime: 3.36s, train err *1e8: 10475.4484, valid err*1e8: 2026.7489 , test err*1e8: 240.6788
>> epoch [ 161/3000], runtime:  3.36s, train err*1e8:  10666.9321 (best*1e8:  10475.4484/ 2026.7489)
>> epoch [ 162/3000], runtime:  3.37s, train err*1e8:  10934.5954 (best*1e8:  10475.4484/ 2026.7489)
>> epoch [ 163/3000], runtime:  3.36s, train err*1e8:  10670.6624 (best*1e8:  10475.4484/ 2026.7489)
>> epoch [ 164/3000], runtime:  3.35s, train err*1e8:  10605.0892 (best*1e8:  10475.4484/ 2026.7489)
>> epoch [ 165/3000], runtime:  3.35s, train err*1e8:  10629.5341 (best*1e8:  10475.4484/ 2026.7489)
>> epoch [ 166/3000], runtime:  3.35s, train err*1e8:  10663.7293 (best*1e8:  10475.4484/ 2026.7489)
>> epoch [ 167/3000], runtime:  3.36s, train err*1e8:  10629.9576 (best*1e8:  10475.4484/ 2026.7489)
>> epoch [ 168/3000], runtime:  3.36s, train err*1e8:  11018.4541 (best*1e8:  10475.4484/ 2026.7489)
>> epoch [ 169/3000], runtime:  3.32s, train err*1e8:  10628.3242 (best*1e8:  10475.4484/ 2026.7489)
>> epoch [ 170/3000], runtime:  3.36s, train err*1e8:  10551.5620 (best*1e8:  10475.4484/ 2026.7489)
>> epoch [ 171/3000], runtime:  3.37s, train err*1e8:  10743.9633 (best*1e8:  10475.4484/ 2026.7489)
>> epoch [ 172/3000], runtime:  3.36s, train err*1e8:  10500.4641 (best*1e8:  10475.4484/ 2026.7489)
>> epoch [ 173/3000], runtime:  3.36s, train err*1e8:  12140.0474 (best*1e8:  10475.4484/ 2026.7489)
>> epoch [ 174/3000], runtime:  3.36s, train err*1e8:  10883.5175 (best*1e8:  10475.4484/ 2026.7489)
>> epoch [ 175/3000], runtime:  3.36s, train err*1e8:  10993.2316 (best*1e8:  10475.4484/ 2026.7489)
>> epoch [ 176/3000], runtime:  3.37s, train err*1e8:  10592.2806 (best*1e8:  10475.4484/ 2026.7489)
>> epoch [ 177/3000], runtime:  3.36s, train err*1e8:  10757.2398 (best*1e8:  10475.4484/ 2026.7489)
>> epoch [ 178/3000], runtime:  3.36s, train err*1e8:  10844.3175 (best*1e8:  10475.4484/ 2026.7489)
>> epoch [ 179/3000], runtime:  3.36s, train err*1e8:  10853.3290 (best*1e8:  10475.4484/ 2026.7489)
>> epoch [ 180/3000], runtime:  3.37s, train err*1e8:  10556.0833 (best*1e8:  10475.4484/ 2026.7489)
>> epoch [ 181/3000], runtime:  3.37s, train err*1e8:  10504.9195 (best*1e8:  10475.4484/ 2026.7489)
>> epoch [ 182/3000], runtime:  3.36s, train err*1e8:  10527.3049 (best*1e8:  10475.4484/ 2026.7489)
>> epoch [ 183/3000], runtime:  3.36s, train err*1e8:  12001.8639 (best*1e8:  10475.4484/ 2026.7489)
>> epoch [ 184/3000], runtime:  3.36s, train err*1e8:  10517.8631 (best*1e8:  10475.4484/ 2026.7489)
>> epoch [ 185/3000], runtime:  3.37s, train err*1e8:  10390.0694 (best*1e8:  10475.4484/ 2026.7489)
>> epoch [ 186/3000], runtime:  3.36s, train err*1e8:  10820.3828 (best*1e8:  10475.4484/ 2026.7489)
>> epoch [ 187/3000], runtime:  3.35s, train err*1e8:  11267.8940 (best*1e8:  10475.4484/ 2026.7489)
>> epoch [ 188/3000], runtime:  3.36s, train err*1e8:  10404.0071 (best*1e8:  10475.4484/ 2026.7489)
>> epoch [ 189/3000], runtime:  3.35s, train err*1e8:  10381.4166 (best*1e8:  10475.4484/ 2026.7489)
>> epoch [ 190/3000], runtime:  3.35s, train err*1e8:  10412.4965 (best*1e8:  10475.4484/ 2026.7489)
>> epoch [ 191/3000], runtime:  3.35s, train err*1e8:  10474.1127 (best*1e8:  10475.4484/ 2026.7489)
>> epoch [ 192/3000], runtime:  3.35s, train err*1e8:  10575.9341 (best*1e8:  10475.4484/ 2026.7489)
>> epoch [ 193/3000], runtime:  3.36s, train err*1e8:  10916.6065 (best*1e8:  10475.4484/ 2026.7489)
>> epoch [ 194/3000], runtime:  3.36s, train err*1e8:  10462.6792 (best*1e8:  10475.4484/ 2026.7489)
>> epoch [ 195/3000], runtime:  3.36s, train err*1e8:  10900.2700 (best*1e8:  10475.4484/ 2026.7489)
>> epoch [ 196/3000], runtime:  3.36s, train err*1e8:  10662.2147 (best*1e8:  10475.4484/ 2026.7489)
>> epoch [ 197/3000], runtime:  3.36s, train err*1e8:  10479.1142 (best*1e8:  10475.4484/ 2026.7489)
>> epoch [ 198/3000], runtime:  3.36s, train err*1e8:  10855.2551 (best*1e8:  10475.4484/ 2026.7489)
>> epoch [ 199/3000], runtime:  3.36s, train err*1e8:  10545.6413 (best*1e8:  10475.4484/ 2026.7489)
>> epoch [ 200/3000], runtime:  3.36s, train err*1e8:  10556.1121 (best*1e8:  10475.4484/ 2026.7489)
>> epoch [ 201/3000], runtime:  3.36s, train err*1e8:  11801.7802 (best*1e8:  10475.4484/ 2026.7489)
>> epoch [ 202/3000], runtime:  3.37s, train err*1e8:  10558.9953 (best*1e8:  10475.4484/ 2026.7489)
>> epoch [ 203/3000], runtime:  3.36s, train err*1e8:  10813.4452 (best*1e8:  10475.4484/ 2026.7489)
>> epoch [ 204/3000], runtime:  3.35s, train err*1e8:  10603.1414 (best*1e8:  10475.4484/ 2026.7489)
>> epoch [ 205/3000], runtime:  3.36s, train err*1e8:  11607.2259 (best*1e8:  10475.4484/ 2026.7489)
>> epoch [ 206/3000], runtime:  3.36s, train err*1e8:  11048.3981 (best*1e8:  10475.4484/ 2026.7489)
>> epoch [ 207/3000], runtime:  3.36s, train err*1e8:  10868.4195 (best*1e8:  10475.4484/ 2026.7489)
>> epoch [ 208/3000], runtime:  3.36s, train err*1e8:  11065.7738 (best*1e8:  10475.4484/ 2026.7489)
>> epoch [ 209/3000], runtime:  3.36s, train err*1e8:  11071.8570 (best*1e8:  10475.4484/ 2026.7489)
>> epoch [ 210/3000], runtime:  3.37s, train err*1e8:  11757.1194 (best*1e8:  10475.4484/ 2026.7489)
>> epoch [ 211/3000], runtime:  3.36s, train err*1e8:  11300.2101 (best*1e8:  10475.4484/ 2026.7489)
>> epoch [ 212/3000], runtime:  3.35s, train err*1e8:  11094.9227 (best*1e8:  10475.4484/ 2026.7489)
>> epoch [ 213/3000], runtime:  3.35s, train err*1e8:  10881.8149 (best*1e8:  10475.4484/ 2026.7489)
>> epoch [ 214/3000], runtime:  3.35s, train err*1e8:  10500.4690 (best*1e8:  10475.4484/ 2026.7489)
>> epoch [ 215/3000], runtime:  3.35s, train err*1e8:  10539.5154 (best*1e8:  10475.4484/ 2026.7489)
>> epoch [ 216/3000], runtime:  3.34s, train err*1e8:  10438.8024 (best*1e8:  10475.4484/ 2026.7489)
>> epoch [ 217/3000], runtime: 3.36s, train err *1e8: 10345.9172, valid err*1e8: 2025.6351 , test err*1e8: 236.5821
>> epoch [ 218/3000], runtime:  3.35s, train err*1e8:  10490.9493 (best*1e8:  10345.9172/ 2025.6351)
>> epoch [ 219/3000], runtime:  3.37s, train err*1e8:  10513.2433 (best*1e8:  10345.9172/ 2025.6351)
>> epoch [ 220/3000], runtime:  3.36s, train err*1e8:  10981.2888 (best*1e8:  10345.9172/ 2025.6351)
>> epoch [ 221/3000], runtime:  3.36s, train err*1e8:  10555.9532 (best*1e8:  10345.9172/ 2025.6351)
>> epoch [ 222/3000], runtime:  3.35s, train err*1e8:  10331.2672 (best*1e8:  10345.9172/ 2025.6351)
>> epoch [ 223/3000], runtime:  3.36s, train err*1e8:  10928.9447 (best*1e8:  10345.9172/ 2025.6351)
>> epoch [ 224/3000], runtime:  3.36s, train err*1e8:  10659.4759 (best*1e8:  10345.9172/ 2025.6351)
>> epoch [ 225/3000], runtime:  3.37s, train err*1e8:  10523.1054 (best*1e8:  10345.9172/ 2025.6351)
>> epoch [ 226/3000], runtime:  3.36s, train err*1e8:  10436.2139 (best*1e8:  10345.9172/ 2025.6351)
>> epoch [ 227/3000], runtime:  3.35s, train err*1e8:  10635.8946 (best*1e8:  10345.9172/ 2025.6351)
>> epoch [ 228/3000], runtime:  3.35s, train err*1e8:  10447.7271 (best*1e8:  10345.9172/ 2025.6351)
>> epoch [ 229/3000], runtime:  3.35s, train err*1e8:  11639.7944 (best*1e8:  10345.9172/ 2025.6351)
>> epoch [ 230/3000], runtime:  3.36s, train err*1e8:  10730.3047 (best*1e8:  10345.9172/ 2025.6351)
>> epoch [ 231/3000], runtime:  3.35s, train err*1e8:  10319.6376 (best*1e8:  10345.9172/ 2025.6351)
>> epoch [ 232/3000], runtime:  3.35s, train err*1e8:  10352.6959 (best*1e8:  10345.9172/ 2025.6351)
>> epoch [ 233/3000], runtime:  3.36s, train err*1e8:  10498.3042 (best*1e8:  10345.9172/ 2025.6351)
>> epoch [ 234/3000], runtime:  3.36s, train err*1e8:  10548.8130 (best*1e8:  10345.9172/ 2025.6351)
>> epoch [ 235/3000], runtime:  3.35s, train err*1e8:  10372.3221 (best*1e8:  10345.9172/ 2025.6351)
>> epoch [ 236/3000], runtime:  3.35s, train err*1e8:  10648.4970 (best*1e8:  10345.9172/ 2025.6351)
>> epoch [ 237/3000], runtime:  3.35s, train err*1e8:  10483.4590 (best*1e8:  10345.9172/ 2025.6351)
>> epoch [ 238/3000], runtime:  3.35s, train err*1e8:  10433.5432 (best*1e8:  10345.9172/ 2025.6351)
>> epoch [ 239/3000], runtime:  3.34s, train err*1e8:  10374.5338 (best*1e8:  10345.9172/ 2025.6351)
>> epoch [ 240/3000], runtime:  3.34s, train err*1e8:  10671.6015 (best*1e8:  10345.9172/ 2025.6351)
>> epoch [ 241/3000], runtime:  3.35s, train err*1e8:  10559.4415 (best*1e8:  10345.9172/ 2025.6351)
>> epoch [ 242/3000], runtime:  3.36s, train err*1e8:  10877.3539 (best*1e8:  10345.9172/ 2025.6351)
>> epoch [ 243/3000], runtime:  3.35s, train err*1e8:  10593.5432 (best*1e8:  10345.9172/ 2025.6351)
>> epoch [ 244/3000], runtime:  3.35s, train err*1e8:  10591.3369 (best*1e8:  10345.9172/ 2025.6351)
>> epoch [ 245/3000], runtime:  3.35s, train err*1e8:  10290.2335 (best*1e8:  10345.9172/ 2025.6351)
>> epoch [ 246/3000], runtime:  3.36s, train err*1e8:  10355.8453 (best*1e8:  10345.9172/ 2025.6351)
>> epoch [ 247/3000], runtime:  3.36s, train err*1e8:  10351.6090 (best*1e8:  10345.9172/ 2025.6351)
>> epoch [ 248/3000], runtime: 3.35s, train err *1e8: 10298.6615, valid err*1e8: 2018.9507 , test err*1e8: 237.2090
>> epoch [ 249/3000], runtime:  3.36s, train err*1e8:  10453.6559 (best*1e8:  10298.6615/ 2018.9507)
>> epoch [ 250/3000], runtime:  3.35s, train err*1e8:  10378.9675 (best*1e8:  10298.6615/ 2018.9507)
>> epoch [ 251/3000], runtime:  3.36s, train err*1e8:  10712.9976 (best*1e8:  10298.6615/ 2018.9507)
>> epoch [ 252/3000], runtime:  3.36s, train err*1e8:  10685.3916 (best*1e8:  10298.6615/ 2018.9507)
>> epoch [ 253/3000], runtime:  3.35s, train err*1e8:  10852.7856 (best*1e8:  10298.6615/ 2018.9507)
>> epoch [ 254/3000], runtime:  3.34s, train err*1e8:  10540.7762 (best*1e8:  10298.6615/ 2018.9507)
>> epoch [ 255/3000], runtime:  3.35s, train err*1e8:  10337.6372 (best*1e8:  10298.6615/ 2018.9507)
>> epoch [ 256/3000], runtime:  3.34s, train err*1e8:  10342.5158 (best*1e8:  10298.6615/ 2018.9507)
>> epoch [ 257/3000], runtime:  3.35s, train err*1e8:  10519.8007 (best*1e8:  10298.6615/ 2018.9507)
>> epoch [ 258/3000], runtime:  3.35s, train err*1e8:  10570.4109 (best*1e8:  10298.6615/ 2018.9507)
>> epoch [ 259/3000], runtime:  3.35s, train err*1e8:  10928.5659 (best*1e8:  10298.6615/ 2018.9507)
>> epoch [ 260/3000], runtime:  3.35s, train err*1e8:  10384.3455 (best*1e8:  10298.6615/ 2018.9507)
>> epoch [ 261/3000], runtime:  3.35s, train err*1e8:  10487.1210 (best*1e8:  10298.6615/ 2018.9507)
>> epoch [ 262/3000], runtime:  3.36s, train err*1e8:  10436.1033 (best*1e8:  10298.6615/ 2018.9507)
>> epoch [ 263/3000], runtime:  3.35s, train err*1e8:  10824.4038 (best*1e8:  10298.6615/ 2018.9507)
>> epoch [ 264/3000], runtime:  3.35s, train err*1e8:  10584.9031 (best*1e8:  10298.6615/ 2018.9507)
>> epoch [ 265/3000], runtime:  3.35s, train err*1e8:  11141.1769 (best*1e8:  10298.6615/ 2018.9507)
>> epoch [ 266/3000], runtime:  3.35s, train err*1e8:  11756.0965 (best*1e8:  10298.6615/ 2018.9507)
>> epoch [ 267/3000], runtime:  3.35s, train err*1e8:  10469.7179 (best*1e8:  10298.6615/ 2018.9507)
>> epoch [ 268/3000], runtime:  3.35s, train err*1e8:  10571.2495 (best*1e8:  10298.6615/ 2018.9507)
>> epoch [ 269/3000], runtime:  3.36s, train err*1e8:  10470.2302 (best*1e8:  10298.6615/ 2018.9507)
>> epoch [ 270/3000], runtime:  3.35s, train err*1e8:  10373.0525 (best*1e8:  10298.6615/ 2018.9507)
>> epoch [ 271/3000], runtime:  3.35s, train err*1e8:  10791.9693 (best*1e8:  10298.6615/ 2018.9507)
>> epoch [ 272/3000], runtime:  3.35s, train err*1e8:  10259.5566 (best*1e8:  10298.6615/ 2018.9507)
>> epoch [ 273/3000], runtime:  3.35s, train err*1e8:  10313.2214 (best*1e8:  10298.6615/ 2018.9507)
>> epoch [ 274/3000], runtime:  3.33s, train err*1e8:  10312.9055 (best*1e8:  10298.6615/ 2018.9507)
>> epoch [ 275/3000], runtime:  3.35s, train err*1e8:  10373.7692 (best*1e8:  10298.6615/ 2018.9507)
>> epoch [ 276/3000], runtime:  3.35s, train err*1e8:  10789.7724 (best*1e8:  10298.6615/ 2018.9507)
>> epoch [ 277/3000], runtime:  3.35s, train err*1e8:  10411.7077 (best*1e8:  10298.6615/ 2018.9507)
>> epoch [ 278/3000], runtime:  3.34s, train err*1e8:  11995.1808 (best*1e8:  10298.6615/ 2018.9507)
>> epoch [ 279/3000], runtime:  3.35s, train err*1e8:  10375.9716 (best*1e8:  10298.6615/ 2018.9507)
>> epoch [ 280/3000], runtime:  3.35s, train err*1e8:  10670.5486 (best*1e8:  10298.6615/ 2018.9507)
>> epoch [ 281/3000], runtime:  3.35s, train err*1e8:  10377.1434 (best*1e8:  10298.6615/ 2018.9507)
>> epoch [ 282/3000], runtime:  3.35s, train err*1e8:  10370.1084 (best*1e8:  10298.6615/ 2018.9507)
>> epoch [ 283/3000], runtime:  3.36s, train err*1e8:  10413.6205 (best*1e8:  10298.6615/ 2018.9507)
>> epoch [ 284/3000], runtime:  3.35s, train err*1e8:  10506.2090 (best*1e8:  10298.6615/ 2018.9507)
>> epoch [ 285/3000], runtime:  3.35s, train err*1e8:  10404.8694 (best*1e8:  10298.6615/ 2018.9507)
>> epoch [ 286/3000], runtime:  3.35s, train err*1e8:  10844.6942 (best*1e8:  10298.6615/ 2018.9507)
>> epoch [ 287/3000], runtime:  3.35s, train err*1e8:  10300.8576 (best*1e8:  10298.6615/ 2018.9507)
>> epoch [ 288/3000], runtime:  3.35s, train err*1e8:  10268.1085 (best*1e8:  10298.6615/ 2018.9507)
>> epoch [ 289/3000], runtime:  3.34s, train err*1e8:  10342.1137 (best*1e8:  10298.6615/ 2018.9507)
>> epoch [ 290/3000], runtime:  3.33s, train err*1e8:  10768.6101 (best*1e8:  10298.6615/ 2018.9507)
>> epoch [ 291/3000], runtime:  3.34s, train err*1e8:  10317.3127 (best*1e8:  10298.6615/ 2018.9507)
>> epoch [ 292/3000], runtime:  3.34s, train err*1e8:  10518.3195 (best*1e8:  10298.6615/ 2018.9507)
>> epoch [ 293/3000], runtime:  3.34s, train err*1e8:  10348.8535 (best*1e8:  10298.6615/ 2018.9507)
>> epoch [ 294/3000], runtime:  3.34s, train err*1e8:  10568.9954 (best*1e8:  10298.6615/ 2018.9507)
>> epoch [ 295/3000], runtime:  3.34s, train err*1e8:  10466.0187 (best*1e8:  10298.6615/ 2018.9507)
>> epoch [ 296/3000], runtime:  3.33s, train err*1e8:  10539.5153 (best*1e8:  10298.6615/ 2018.9507)
>> epoch [ 297/3000], runtime:  3.34s, train err*1e8:  10643.5084 (best*1e8:  10298.6615/ 2018.9507)
>> epoch [ 298/3000], runtime:  3.33s, train err*1e8:  10663.7500 (best*1e8:  10298.6615/ 2018.9507)
>> epoch [ 299/3000], runtime:  3.34s, train err*1e8:  10347.1675 (best*1e8:  10298.6615/ 2018.9507)
>> epoch [ 300/3000], runtime:  3.34s, train err*1e8:  10360.3094 (best*1e8:  10298.6615/ 2018.9507)
>> epoch [ 301/3000], runtime:  3.34s, train err*1e8:  10279.6781 (best*1e8:  10298.6615/ 2018.9507)
>> epoch [ 302/3000], runtime:  3.33s, train err*1e8:  10415.7637 (best*1e8:  10298.6615/ 2018.9507)
>> epoch [ 303/3000], runtime:  3.34s, train err*1e8:  10342.5990 (best*1e8:  10298.6615/ 2018.9507)
>> epoch [ 304/3000], runtime:  3.34s, train err*1e8:  10522.9000 (best*1e8:  10298.6615/ 2018.9507)
>> epoch [ 305/3000], runtime:  3.34s, train err*1e8:  10253.5592 (best*1e8:  10298.6615/ 2018.9507)
>> epoch [ 306/3000], runtime:  3.33s, train err*1e8:  10392.1485 (best*1e8:  10298.6615/ 2018.9507)
>> epoch [ 307/3000], runtime:  3.33s, train err*1e8:  10581.2433 (best*1e8:  10298.6615/ 2018.9507)
>> epoch [ 308/3000], runtime:  3.33s, train err*1e8:  10282.2812 (best*1e8:  10298.6615/ 2018.9507)
>> epoch [ 309/3000], runtime:  3.34s, train err*1e8:  10582.2247 (best*1e8:  10298.6615/ 2018.9507)
>> epoch [ 310/3000], runtime:  3.34s, train err*1e8:  10338.2277 (best*1e8:  10298.6615/ 2018.9507)
>> epoch [ 311/3000], runtime:  3.34s, train err*1e8:  10574.3182 (best*1e8:  10298.6615/ 2018.9507)
>> epoch [ 312/3000], runtime:  3.34s, train err*1e8:  10300.0325 (best*1e8:  10298.6615/ 2018.9507)
>> epoch [ 313/3000], runtime:  3.33s, train err*1e8:  10237.9566 (best*1e8:  10298.6615/ 2018.9507)
>> epoch [ 314/3000], runtime:  3.32s, train err*1e8:  10319.4323 (best*1e8:  10298.6615/ 2018.9507)
>> epoch [ 315/3000], runtime:  3.33s, train err*1e8:  10313.1452 (best*1e8:  10298.6615/ 2018.9507)
>> epoch [ 316/3000], runtime:  3.33s, train err*1e8:  10429.2740 (best*1e8:  10298.6615/ 2018.9507)
>> epoch [ 317/3000], runtime:  3.34s, train err*1e8:  10568.3476 (best*1e8:  10298.6615/ 2018.9507)
>> epoch [ 318/3000], runtime:  3.34s, train err*1e8:  10561.1919 (best*1e8:  10298.6615/ 2018.9507)
>> epoch [ 319/3000], runtime:  3.34s, train err*1e8:  10718.3034 (best*1e8:  10298.6615/ 2018.9507)
>> epoch [ 320/3000], runtime:  3.34s, train err*1e8:  10755.9973 (best*1e8:  10298.6615/ 2018.9507)
>> epoch [ 321/3000], runtime:  3.34s, train err*1e8:  10755.5338 (best*1e8:  10298.6615/ 2018.9507)
>> epoch [ 322/3000], runtime:  3.34s, train err*1e8:  10641.8083 (best*1e8:  10298.6615/ 2018.9507)
>> epoch [ 323/3000], runtime:  3.34s, train err*1e8:  10322.5407 (best*1e8:  10298.6615/ 2018.9507)
>> epoch [ 324/3000], runtime:  3.33s, train err*1e8:  10659.8029 (best*1e8:  10298.6615/ 2018.9507)
>> epoch [ 325/3000], runtime:  3.34s, train err*1e8:  10749.0999 (best*1e8:  10298.6615/ 2018.9507)
>> epoch [ 326/3000], runtime:  3.34s, train err*1e8:  10292.8984 (best*1e8:  10298.6615/ 2018.9507)
>> epoch [ 327/3000], runtime:  3.34s, train err*1e8:  10571.0294 (best*1e8:  10298.6615/ 2018.9507)
>> epoch [ 328/3000], runtime:  3.34s, train err*1e8:  10253.0763 (best*1e8:  10298.6615/ 2018.9507)
>> epoch [ 329/3000], runtime:  3.35s, train err*1e8:  10215.8787 (best*1e8:  10298.6615/ 2018.9507)
>> epoch [ 330/3000], runtime:  3.33s, train err*1e8:  10222.1696 (best*1e8:  10298.6615/ 2018.9507)
>> epoch [ 331/3000], runtime:  3.34s, train err*1e8:  10390.4724 (best*1e8:  10298.6615/ 2018.9507)
>> epoch [ 332/3000], runtime:  3.34s, train err*1e8:  10712.7700 (best*1e8:  10298.6615/ 2018.9507)
>> epoch [ 333/3000], runtime:  3.34s, train err*1e8:  10417.1427 (best*1e8:  10298.6615/ 2018.9507)
>> epoch [ 334/3000], runtime:  3.34s, train err*1e8:  10544.0131 (best*1e8:  10298.6615/ 2018.9507)
>> epoch [ 335/3000], runtime:  3.34s, train err*1e8:  10310.3166 (best*1e8:  10298.6615/ 2018.9507)
>> epoch [ 336/3000], runtime:  3.34s, train err*1e8:  10337.2524 (best*1e8:  10298.6615/ 2018.9507)
>> epoch [ 337/3000], runtime:  3.33s, train err*1e8:  10660.4232 (best*1e8:  10298.6615/ 2018.9507)
>> epoch [ 338/3000], runtime:  3.33s, train err*1e8:  10379.4934 (best*1e8:  10298.6615/ 2018.9507)
>> epoch [ 339/3000], runtime:  3.33s, train err*1e8:  10392.9823 (best*1e8:  10298.6615/ 2018.9507)
>> epoch [ 340/3000], runtime:  3.33s, train err*1e8:  10350.9228 (best*1e8:  10298.6615/ 2018.9507)
>> epoch [ 341/3000], runtime:  3.33s, train err*1e8:  10537.8400 (best*1e8:  10298.6615/ 2018.9507)
>> epoch [ 342/3000], runtime:  3.34s, train err*1e8:  10350.8453 (best*1e8:  10298.6615/ 2018.9507)
>> epoch [ 343/3000], runtime:  3.34s, train err*1e8:  10257.8597 (best*1e8:  10298.6615/ 2018.9507)
>> epoch [ 344/3000], runtime:  3.34s, train err*1e8:  10359.6675 (best*1e8:  10298.6615/ 2018.9507)
>> epoch [ 345/3000], runtime:  3.34s, train err*1e8:  10399.2539 (best*1e8:  10298.6615/ 2018.9507)
>> epoch [ 346/3000], runtime:  3.33s, train err*1e8:  10309.7283 (best*1e8:  10298.6615/ 2018.9507)
>> epoch [ 347/3000], runtime:  3.33s, train err*1e8:  10440.1576 (best*1e8:  10298.6615/ 2018.9507)
>> epoch [ 348/3000], runtime:  3.33s, train err*1e8:  10473.1385 (best*1e8:  10298.6615/ 2018.9507)
>> epoch [ 349/3000], runtime:  3.34s, train err*1e8:  10201.6813 (best*1e8:  10298.6615/ 2018.9507)
----------------------------------------------------------------------------------------------------
----------------------------------------------------------------------------------------------------
>> ntrain: 300, lr: 0.005, gamma: 0.6, w_d: 0.0
>> Best train error*1e8:  10298.6615
>> Best valid error*1e8:  2018.9507
>> Best test error*1e8:  237.2090
>> Best epoch: 247
----------------------------------------------------------------------------------------------------
----------------------------------------------------------------------------------------------------
>> Training Completed!!
