PID: 194857
>> Device being used: cuda (NVIDIA GeForce RTX 4090)
Total number of parameters: 197230
>> Preprocessing completed, time elapsed:  0.71s
>> ntrain: 200, lr: 0.001, gamma: 0.5, w_d: 0.0
>> epoch [   1/1000], runtime: 2.67s, train loss: 0.1645, train err: 0.3232, valid err:  0.2215,test err: 0.2160, best
>> epoch [   2/1000], runtime:  2.32s, train loss: 0.0960, train err:  0.2559, valid err:  0.2623
>> epoch [   3/1000], runtime:  2.29s, train loss: 0.0975, train err:  0.2614, valid err:  0.2596
>> epoch [   4/1000], runtime:  2.28s, train loss: 0.0986, train err:  0.2616, valid err:  0.2253
>> epoch [   5/1000], runtime:  2.27s, train loss: 0.0915, train err:  0.2567, valid err:  0.2276
>> epoch [   6/1000], runtime: 2.38s, train loss: 0.0817, train err: 0.2408, valid err:  0.2053,test err: 0.2005, best
>> epoch [   7/1000], runtime:  2.28s, train loss: 0.0805, train err:  0.2377, valid err:  0.2210
>> epoch [   8/1000], runtime: 2.34s, train loss: 0.0691, train err: 0.2241, valid err:  0.1986,test err: 0.1991, best
>> epoch [   9/1000], runtime: 2.34s, train loss: 0.0678, train err: 0.2215, valid err:  0.1694,test err: 0.1634, best
>> epoch [  10/1000], runtime:  2.34s, train loss: 0.0581, train err:  0.2080, valid err:  0.1786
>> epoch [  11/1000], runtime: 2.25s, train loss: 0.0474, train err: 0.1896, valid err:  0.1482,test err: 0.1429, best
>> epoch [  12/1000], runtime: 2.24s, train loss: 0.0450, train err: 0.1826, valid err:  0.1471,test err: 0.1448, best
>> epoch [  13/1000], runtime:  2.29s, train loss: 0.0422, train err:  0.1727, valid err:  0.1504
>> epoch [  14/1000], runtime:  2.24s, train loss: 0.0438, train err:  0.1795, valid err:  0.1668
>> epoch [  15/1000], runtime: 2.11s, train loss: 0.0390, train err: 0.1665, valid err:  0.1340,test err: 0.1328, best
>> epoch [  16/1000], runtime: 2.29s, train loss: 0.0388, train err: 0.1681, valid err:  0.1205,test err: 0.1357, best
>> epoch [  17/1000], runtime: 2.32s, train loss: 0.0332, train err: 0.1525, valid err:  0.1179,test err: 0.1234, best
>> epoch [  18/1000], runtime:  2.30s, train loss: 0.0280, train err:  0.1398, valid err:  0.1377
>> epoch [  19/1000], runtime: 2.28s, train loss: 0.0276, train err: 0.1367, valid err:  0.0992,test err: 0.1080, best
>> epoch [  20/1000], runtime:  2.28s, train loss: 0.0263, train err:  0.1339, valid err:  0.1174
>> epoch [  21/1000], runtime:  2.29s, train loss: 0.0235, train err:  0.1298, valid err:  0.1189
>> epoch [  22/1000], runtime:  2.33s, train loss: 0.0249, train err:  0.1289, valid err:  0.1838
>> epoch [  23/1000], runtime:  2.30s, train err:  0.1400 (best:  0.1367/ 0.0992)
>> epoch [  24/1000], runtime:  2.38s, train loss: 0.0219, train err:  0.1238, valid err:  0.1496
>> epoch [  25/1000], runtime:  2.30s, train loss: 0.0217, train err:  0.1245, valid err:  0.1714
>> epoch [  26/1000], runtime:  2.30s, train loss: 0.0268, train err:  0.1388, valid err:  0.1173
>> epoch [  27/1000], runtime:  2.28s, train loss: 0.0182, train err:  0.1177, valid err:  0.1137
>> epoch [  28/1000], runtime:  2.22s, train loss: 0.0143, train err:  0.1039, valid err:  0.1054
>> epoch [  29/1000], runtime: 2.16s, train loss: 0.0181, train err: 0.1126, valid err:  0.0833,test err: 0.0780, best
>> epoch [  30/1000], runtime:  2.20s, train loss: 0.0153, train err:  0.1069, valid err:  0.1084
>> epoch [  31/1000], runtime:  2.19s, train loss: 0.0150, train err:  0.1069, valid err:  0.0928
>> epoch [  32/1000], runtime: 2.19s, train loss: 0.0139, train err: 0.1010, valid err:  0.0818,test err: 0.0861, best
>> epoch [  33/1000], runtime:  2.30s, train err:  0.1066 (best:  0.1010/ 0.0818)
>> epoch [  34/1000], runtime:  2.29s, train loss: 0.0107, train err:  0.0913, valid err:  0.0853
>> epoch [  35/1000], runtime:  2.25s, train loss: 0.0107, train err:  0.0904, valid err:  0.0822
>> epoch [  36/1000], runtime:  2.21s, train err:  0.1099 (best:  0.1010/ 0.0818)
>> epoch [  37/1000], runtime:  2.30s, train loss: 0.0116, train err:  0.0940, valid err:  0.1083
>> epoch [  38/1000], runtime: 2.32s, train loss: 0.0103, train err: 0.0898, valid err:  0.0791,test err: 0.0768, best
>> epoch [  39/1000], runtime:  2.31s, train err:  0.1004 (best:  0.0898/ 0.0791)
>> epoch [  40/1000], runtime:  2.36s, train err:  0.0963 (best:  0.0898/ 0.0791)
>> epoch [  41/1000], runtime: 2.25s, train loss: 0.0099, train err: 0.0880, valid err:  0.0753,test err: 0.0803, best
>> epoch [  42/1000], runtime:  2.33s, train err:  0.0908 (best:  0.0880/ 0.0753)
>> epoch [  43/1000], runtime:  2.28s, train err:  0.0874 (best:  0.0880/ 0.0753)
>> epoch [  44/1000], runtime:  2.30s, train err:  0.0955 (best:  0.0880/ 0.0753)
>> epoch [  45/1000], runtime:  2.28s, train err:  0.0981 (best:  0.0880/ 0.0753)
>> epoch [  46/1000], runtime:  2.10s, train err:  0.0932 (best:  0.0880/ 0.0753)
>> epoch [  47/1000], runtime:  2.17s, train err:  0.0892 (best:  0.0880/ 0.0753)
>> epoch [  48/1000], runtime: 2.09s, train loss: 0.0089, train err: 0.0826, valid err:  0.0744,test err: 0.0742, best
>> epoch [  49/1000], runtime:  2.19s, train loss: 0.0086, train err:  0.0820, valid err:  0.0796
>> epoch [  50/1000], runtime:  2.23s, train err:  0.0856 (best:  0.0826/ 0.0744)
>> epoch [  51/1000], runtime:  2.33s, train err:  0.0885 (best:  0.0826/ 0.0744)
>> epoch [  52/1000], runtime:  2.32s, train err:  0.0888 (best:  0.0826/ 0.0744)
>> epoch [  53/1000], runtime:  2.15s, train err:  0.0830 (best:  0.0826/ 0.0744)
>> epoch [  54/1000], runtime:  2.35s, train err:  0.0845 (best:  0.0826/ 0.0744)
>> epoch [  55/1000], runtime:  2.38s, train err:  0.0844 (best:  0.0826/ 0.0744)
>> epoch [  56/1000], runtime: 2.39s, train loss: 0.0080, train err: 0.0800, valid err:  0.0738,test err: 0.0783, best
>> epoch [  57/1000], runtime:  2.24s, train err:  0.0810 (best:  0.0800/ 0.0738)
>> epoch [  58/1000], runtime:  2.30s, train err:  0.0871 (best:  0.0800/ 0.0738)
>> epoch [  59/1000], runtime:  2.37s, train err:  0.0852 (best:  0.0800/ 0.0738)
>> epoch [  60/1000], runtime:  2.34s, train err:  0.0910 (best:  0.0800/ 0.0738)
>> epoch [  61/1000], runtime:  2.27s, train err:  0.0813 (best:  0.0800/ 0.0738)
>> epoch [  62/1000], runtime:  2.34s, train err:  0.0831 (best:  0.0800/ 0.0738)
>> epoch [  63/1000], runtime:  2.36s, train err:  0.0854 (best:  0.0800/ 0.0738)
>> epoch [  64/1000], runtime:  2.37s, train loss: 0.0079, train err:  0.0782, valid err:  0.1178
>> epoch [  65/1000], runtime:  2.30s, train err:  0.0811 (best:  0.0800/ 0.0738)
>> epoch [  66/1000], runtime:  2.34s, train loss: 0.0074, train err:  0.0752, valid err:  0.0748
>> epoch [  67/1000], runtime: 2.34s, train loss: 0.0074, train err: 0.0756, valid err:  0.0679,test err: 0.0682, best
>> epoch [  68/1000], runtime:  2.35s, train err:  0.0769 (best:  0.0756/ 0.0679)
>> epoch [  69/1000], runtime:  2.31s, train err:  0.0793 (best:  0.0756/ 0.0679)
>> epoch [  70/1000], runtime:  2.36s, train err:  0.0757 (best:  0.0756/ 0.0679)
>> epoch [  71/1000], runtime:  2.33s, train err:  0.0793 (best:  0.0756/ 0.0679)
>> epoch [  72/1000], runtime:  2.31s, train err:  0.0769 (best:  0.0756/ 0.0679)
>> epoch [  73/1000], runtime:  2.30s, train err:  0.0788 (best:  0.0756/ 0.0679)
>> epoch [  74/1000], runtime:  2.35s, train loss: 0.0072, train err:  0.0760, valid err:  0.0709
>> epoch [  75/1000], runtime:  2.30s, train loss: 0.0072, train err:  0.0745, valid err:  0.1013
>> epoch [  76/1000], runtime:  2.35s, train err:  0.0793 (best:  0.0756/ 0.0679)
>> epoch [  77/1000], runtime:  2.35s, train err:  0.0765 (best:  0.0756/ 0.0679)
>> epoch [  78/1000], runtime:  2.38s, train loss: 0.0069, train err:  0.0723, valid err:  0.0711
>> epoch [  79/1000], runtime:  2.32s, train err:  0.0772 (best:  0.0756/ 0.0679)
>> epoch [  80/1000], runtime: 2.33s, train loss: 0.0074, train err: 0.0754, valid err:  0.0613,test err: 0.0639, best
>> epoch [  81/1000], runtime:  2.34s, train err:  0.0751 (best:  0.0754/ 0.0613)
>> epoch [  82/1000], runtime:  2.26s, train loss: 0.0071, train err:  0.0729, valid err:  0.1675
>> epoch [  83/1000], runtime:  2.27s, train err:  0.0767 (best:  0.0754/ 0.0613)
>> epoch [  84/1000], runtime:  2.27s, train loss: 0.0062, train err:  0.0673, valid err:  0.0650
>> epoch [  85/1000], runtime:  2.24s, train err:  0.0757 (best:  0.0754/ 0.0613)
>> epoch [  86/1000], runtime:  2.32s, train loss: 0.0073, train err:  0.0756, valid err:  0.0919
>> epoch [  87/1000], runtime:  2.33s, train err:  0.0811 (best:  0.0754/ 0.0613)
>> epoch [  88/1000], runtime:  2.39s, train err:  0.0820 (best:  0.0754/ 0.0613)
>> epoch [  89/1000], runtime:  2.28s, train loss: 0.0070, train err:  0.0718, valid err:  0.0705
>> epoch [  90/1000], runtime:  2.23s, train err:  0.0750 (best:  0.0754/ 0.0613)
>> epoch [  91/1000], runtime:  2.34s, train loss: 0.0064, train err:  0.0694, valid err:  0.0716
>> epoch [  92/1000], runtime:  2.38s, train err:  0.0809 (best:  0.0754/ 0.0613)
>> epoch [  93/1000], runtime:  2.33s, train err:  0.0751 (best:  0.0754/ 0.0613)
>> epoch [  94/1000], runtime:  2.31s, train loss: 0.0069, train err:  0.0720, valid err:  0.0716
>> epoch [  95/1000], runtime:  2.39s, train loss: 0.0073, train err:  0.0735, valid err:  0.0660
>> epoch [  96/1000], runtime:  2.37s, train err:  0.0766 (best:  0.0754/ 0.0613)
>> epoch [  97/1000], runtime:  2.29s, train err:  0.0783 (best:  0.0754/ 0.0613)
>> epoch [  98/1000], runtime:  2.32s, train err:  0.0757 (best:  0.0754/ 0.0613)
>> epoch [  99/1000], runtime: 2.32s, train loss: 0.0067, train err: 0.0721, valid err:  0.0582,test err: 0.0607, best
>> epoch [ 100/1000], runtime:  2.36s, train loss: 0.0066, train err:  0.0697, valid err:  0.0719
>> epoch [ 101/1000], runtime:  2.34s, train loss: 0.0056, train err:  0.0639, valid err:  0.0621
>> epoch [ 102/1000], runtime:  2.37s, train loss: 0.0055, train err:  0.0643, valid err:  0.0681
>> epoch [ 103/1000], runtime:  2.34s, train loss: 0.0059, train err:  0.0677, valid err:  0.0587
>> epoch [ 104/1000], runtime:  2.31s, train loss: 0.0061, train err:  0.0684, valid err:  0.0583
>> epoch [ 105/1000], runtime:  2.33s, train loss: 0.0054, train err:  0.0625, valid err:  0.0598
>> epoch [ 106/1000], runtime:  2.37s, train loss: 0.0056, train err:  0.0642, valid err:  0.0595
>> epoch [ 107/1000], runtime: 2.37s, train loss: 0.0066, train err: 0.0690, valid err:  0.0574,test err: 0.0606, best
>> epoch [ 108/1000], runtime:  2.36s, train loss: 0.0060, train err:  0.0682, valid err:  0.0587
>> epoch [ 109/1000], runtime:  2.39s, train loss: 0.0060, train err:  0.0667, valid err:  0.0576
>> epoch [ 110/1000], runtime:  2.35s, train loss: 0.0059, train err:  0.0673, valid err:  0.0647
>> epoch [ 111/1000], runtime:  2.32s, train loss: 0.0053, train err:  0.0641, valid err:  0.0740
>> epoch [ 112/1000], runtime:  2.37s, train loss: 0.0052, train err:  0.0628, valid err:  0.0714
>> epoch [ 113/1000], runtime:  2.36s, train loss: 0.0060, train err:  0.0657, valid err:  0.0677
>> epoch [ 114/1000], runtime:  2.39s, train loss: 0.0052, train err:  0.0639, valid err:  0.0629
>> epoch [ 115/1000], runtime:  2.33s, train loss: 0.0057, train err:  0.0652, valid err:  0.0721
>> epoch [ 116/1000], runtime:  2.27s, train loss: 0.0059, train err:  0.0667, valid err:  0.0588
>> epoch [ 117/1000], runtime:  2.25s, train loss: 0.0056, train err:  0.0647, valid err:  0.0778
>> epoch [ 118/1000], runtime:  2.24s, train loss: 0.0054, train err:  0.0636, valid err:  0.0602
>> epoch [ 119/1000], runtime:  2.09s, train loss: 0.0066, train err:  0.0699, valid err:  0.0796
>> epoch [ 120/1000], runtime:  2.14s, train loss: 0.0062, train err:  0.0689, valid err:  0.0589
>> epoch [ 121/1000], runtime:  2.09s, train loss: 0.0056, train err:  0.0649, valid err:  0.0626
>> epoch [ 122/1000], runtime: 2.21s, train loss: 0.0062, train err: 0.0678, valid err:  0.0566,test err: 0.0607, best
>> epoch [ 123/1000], runtime:  2.27s, train loss: 0.0057, train err:  0.0649, valid err:  0.0854
>> epoch [ 124/1000], runtime: 2.24s, train loss: 0.0058, train err: 0.0660, valid err:  0.0562,test err: 0.0578, best
>> epoch [ 125/1000], runtime:  2.16s, train loss: 0.0056, train err:  0.0649, valid err:  0.0759
>> epoch [ 126/1000], runtime:  2.34s, train loss: 0.0054, train err:  0.0623, valid err:  0.0745
>> epoch [ 127/1000], runtime:  2.37s, train err:  0.0686 (best:  0.0660/ 0.0562)
>> epoch [ 128/1000], runtime:  2.33s, train loss: 0.0052, train err:  0.0630, valid err:  0.0795
>> epoch [ 129/1000], runtime:  2.39s, train loss: 0.0053, train err:  0.0630, valid err:  0.0680
>> epoch [ 130/1000], runtime:  2.25s, train loss: 0.0056, train err:  0.0654, valid err:  0.0662
>> epoch [ 131/1000], runtime:  2.26s, train loss: 0.0052, train err:  0.0630, valid err:  0.0564
>> epoch [ 132/1000], runtime:  2.37s, train loss: 0.0053, train err:  0.0631, valid err:  0.0567
>> epoch [ 133/1000], runtime:  2.41s, train loss: 0.0050, train err:  0.0613, valid err:  0.0572
>> epoch [ 134/1000], runtime:  2.28s, train loss: 0.0054, train err:  0.0628, valid err:  0.0642
>> epoch [ 135/1000], runtime:  2.34s, train err:  0.0661 (best:  0.0660/ 0.0562)
>> epoch [ 136/1000], runtime:  2.38s, train loss: 0.0054, train err:  0.0632, valid err:  0.0576
>> epoch [ 137/1000], runtime:  2.31s, train loss: 0.0058, train err:  0.0662, valid err:  0.0597
>> epoch [ 138/1000], runtime:  2.35s, train err:  0.0652 (best:  0.0660/ 0.0562)
>> epoch [ 139/1000], runtime:  2.38s, train loss: 0.0052, train err:  0.0626, valid err:  0.0787
>> epoch [ 140/1000], runtime:  2.39s, train err:  0.0655 (best:  0.0660/ 0.0562)
>> epoch [ 141/1000], runtime:  2.28s, train loss: 0.0053, train err:  0.0643, valid err:  0.0562
>> epoch [ 142/1000], runtime:  2.27s, train err:  0.0682 (best:  0.0660/ 0.0562)
>> epoch [ 143/1000], runtime:  2.34s, train loss: 0.0053, train err:  0.0630, valid err:  0.0651
>> epoch [ 144/1000], runtime:  2.35s, train loss: 0.0055, train err:  0.0635, valid err:  0.0707
>> epoch [ 145/1000], runtime: 2.37s, train loss: 0.0057, train err: 0.0651, valid err:  0.0549,test err: 0.0577, best
>> epoch [ 146/1000], runtime:  2.25s, train loss: 0.0054, train err:  0.0637, valid err:  0.0731
>> epoch [ 147/1000], runtime:  2.24s, train loss: 0.0055, train err:  0.0651, valid err:  0.0570
>> epoch [ 148/1000], runtime:  2.31s, train loss: 0.0053, train err:  0.0626, valid err:  0.0616
>> epoch [ 149/1000], runtime:  2.26s, train err:  0.0650 (best:  0.0651/ 0.0549)
>> epoch [ 150/1000], runtime:  2.17s, train loss: 0.0053, train err:  0.0613, valid err:  0.0574
>> epoch [ 151/1000], runtime:  2.00s, train loss: 0.0049, train err:  0.0605, valid err:  0.0874
>> epoch [ 152/1000], runtime:  2.04s, train loss: 0.0056, train err:  0.0648, valid err:  0.0637
>> epoch [ 153/1000], runtime:  2.07s, train err:  0.0660 (best:  0.0651/ 0.0549)
>> epoch [ 154/1000], runtime:  2.31s, train loss: 0.0054, train err:  0.0628, valid err:  0.0696
>> epoch [ 155/1000], runtime:  2.32s, train err:  0.0654 (best:  0.0651/ 0.0549)
>> epoch [ 156/1000], runtime:  2.37s, train loss: 0.0053, train err:  0.0628, valid err:  0.0698
>> epoch [ 157/1000], runtime:  2.36s, train err:  0.0660 (best:  0.0651/ 0.0549)
>> epoch [ 158/1000], runtime:  2.36s, train err:  0.0643 (best:  0.0651/ 0.0549)
>> epoch [ 159/1000], runtime:  2.36s, train err:  0.0661 (best:  0.0651/ 0.0549)
>> epoch [ 160/1000], runtime:  2.23s, train loss: 0.0053, train err:  0.0620, valid err:  0.0557
>> epoch [ 161/1000], runtime:  2.22s, train loss: 0.0050, train err:  0.0621, valid err:  0.0683
>> epoch [ 162/1000], runtime:  2.24s, train loss: 0.0053, train err:  0.0630, valid err:  0.0626
>> epoch [ 163/1000], runtime:  2.31s, train loss: 0.0054, train err:  0.0628, valid err:  0.0577
>> epoch [ 164/1000], runtime:  2.31s, train loss: 0.0053, train err:  0.0630, valid err:  0.0662
>> epoch [ 165/1000], runtime:  2.35s, train loss: 0.0054, train err:  0.0638, valid err:  0.0583
>> epoch [ 166/1000], runtime:  2.28s, train err:  0.0685 (best:  0.0651/ 0.0549)
>> epoch [ 167/1000], runtime:  2.35s, train loss: 0.0050, train err:  0.0605, valid err:  0.0551
>> epoch [ 168/1000], runtime:  2.21s, train loss: 0.0048, train err:  0.0597, valid err:  0.0594
>> epoch [ 169/1000], runtime:  2.35s, train loss: 0.0049, train err:  0.0603, valid err:  0.0561
>> epoch [ 170/1000], runtime:  2.36s, train loss: 0.0054, train err:  0.0617, valid err:  0.0746
>> epoch [ 171/1000], runtime:  2.26s, train err:  0.0651 (best:  0.0651/ 0.0549)
>> epoch [ 172/1000], runtime: 2.33s, train loss: 0.0050, train err: 0.0617, valid err:  0.0540,test err: 0.0566, best
>> epoch [ 173/1000], runtime:  2.34s, train err:  0.0656 (best:  0.0617/ 0.0540)
>> epoch [ 174/1000], runtime:  2.34s, train err:  0.0623 (best:  0.0617/ 0.0540)
>> epoch [ 175/1000], runtime:  2.34s, train err:  0.0647 (best:  0.0617/ 0.0540)
>> epoch [ 176/1000], runtime:  2.36s, train err:  0.0621 (best:  0.0617/ 0.0540)
>> epoch [ 177/1000], runtime:  2.33s, train err:  0.0645 (best:  0.0617/ 0.0540)
>> epoch [ 178/1000], runtime:  2.35s, train err:  0.0607 (best:  0.0617/ 0.0540)
>> epoch [ 179/1000], runtime:  2.22s, train err:  0.0635 (best:  0.0617/ 0.0540)
>> epoch [ 180/1000], runtime:  2.36s, train err:  0.0645 (best:  0.0617/ 0.0540)
>> epoch [ 181/1000], runtime:  2.34s, train err:  0.0643 (best:  0.0617/ 0.0540)
>> epoch [ 182/1000], runtime:  2.33s, train err:  0.0606 (best:  0.0617/ 0.0540)
>> epoch [ 183/1000], runtime:  2.31s, train err:  0.0612 (best:  0.0617/ 0.0540)
>> epoch [ 184/1000], runtime:  2.29s, train err:  0.0664 (best:  0.0617/ 0.0540)
>> epoch [ 185/1000], runtime:  2.30s, train err:  0.0644 (best:  0.0617/ 0.0540)
>> epoch [ 186/1000], runtime:  2.26s, train err:  0.0683 (best:  0.0617/ 0.0540)
>> epoch [ 187/1000], runtime:  2.23s, train err:  0.0679 (best:  0.0617/ 0.0540)
>> epoch [ 188/1000], runtime:  2.27s, train err:  0.0637 (best:  0.0617/ 0.0540)
>> epoch [ 189/1000], runtime:  2.17s, train err:  0.0632 (best:  0.0617/ 0.0540)
>> epoch [ 190/1000], runtime:  2.14s, train err:  0.0627 (best:  0.0617/ 0.0540)
>> epoch [ 191/1000], runtime:  2.10s, train err:  0.0631 (best:  0.0617/ 0.0540)
>> epoch [ 192/1000], runtime:  2.21s, train err:  0.0628 (best:  0.0617/ 0.0540)
>> epoch [ 193/1000], runtime:  2.31s, train err:  0.0621 (best:  0.0617/ 0.0540)
>> epoch [ 194/1000], runtime:  2.33s, train err:  0.0627 (best:  0.0617/ 0.0540)
>> epoch [ 195/1000], runtime:  2.37s, train err:  0.0641 (best:  0.0617/ 0.0540)
>> epoch [ 196/1000], runtime:  2.33s, train err:  0.0638 (best:  0.0617/ 0.0540)
>> epoch [ 197/1000], runtime:  2.34s, train loss: 0.0048, train err:  0.0598, valid err:  0.0564
>> epoch [ 198/1000], runtime:  2.37s, train err:  0.0654 (best:  0.0617/ 0.0540)
>> epoch [ 199/1000], runtime:  2.36s, train err:  0.0643 (best:  0.0617/ 0.0540)
>> epoch [ 200/1000], runtime:  2.34s, train err:  0.0620 (best:  0.0617/ 0.0540)
>> epoch [ 201/1000], runtime:  2.32s, train loss: 0.0047, train err:  0.0587, valid err:  0.0583
>> epoch [ 202/1000], runtime:  2.25s, train loss: 0.0046, train err:  0.0577, valid err:  0.0563
>> epoch [ 203/1000], runtime: 2.25s, train loss: 0.0045, train err: 0.0572, valid err:  0.0539,test err: 0.0548, best
>> epoch [ 204/1000], runtime:  2.34s, train err:  0.0574 (best:  0.0572/ 0.0539)
>> epoch [ 205/1000], runtime:  2.35s, train err:  0.0578 (best:  0.0572/ 0.0539)
>> epoch [ 206/1000], runtime:  2.34s, train err:  0.0586 (best:  0.0572/ 0.0539)
>> epoch [ 207/1000], runtime:  2.38s, train err:  0.0577 (best:  0.0572/ 0.0539)
>> epoch [ 208/1000], runtime:  2.27s, train err:  0.0593 (best:  0.0572/ 0.0539)
>> epoch [ 209/1000], runtime:  2.34s, train err:  0.0594 (best:  0.0572/ 0.0539)
>> epoch [ 210/1000], runtime:  2.34s, train err:  0.0592 (best:  0.0572/ 0.0539)
>> epoch [ 211/1000], runtime:  2.32s, train err:  0.0593 (best:  0.0572/ 0.0539)
>> epoch [ 212/1000], runtime:  2.36s, train err:  0.0580 (best:  0.0572/ 0.0539)
>> epoch [ 213/1000], runtime:  2.32s, train err:  0.0574 (best:  0.0572/ 0.0539)
>> epoch [ 214/1000], runtime:  2.23s, train err:  0.0576 (best:  0.0572/ 0.0539)
>> epoch [ 215/1000], runtime:  2.32s, train err:  0.0574 (best:  0.0572/ 0.0539)
>> epoch [ 216/1000], runtime:  2.33s, train err:  0.0583 (best:  0.0572/ 0.0539)
>> epoch [ 217/1000], runtime:  2.33s, train err:  0.0588 (best:  0.0572/ 0.0539)
>> epoch [ 218/1000], runtime:  2.37s, train err:  0.0593 (best:  0.0572/ 0.0539)
>> epoch [ 219/1000], runtime:  2.38s, train loss: 0.0045, train err:  0.0578, valid err:  0.0645
>> epoch [ 220/1000], runtime:  2.39s, train err:  0.0634 (best:  0.0572/ 0.0539)
>> epoch [ 221/1000], runtime:  2.35s, train err:  0.0570 (best:  0.0572/ 0.0539)
>> epoch [ 222/1000], runtime:  2.35s, train err:  0.0584 (best:  0.0572/ 0.0539)
>> epoch [ 223/1000], runtime:  2.32s, train err:  0.0587 (best:  0.0572/ 0.0539)
>> epoch [ 224/1000], runtime:  2.26s, train err:  0.0579 (best:  0.0572/ 0.0539)
>> epoch [ 225/1000], runtime:  2.28s, train err:  0.0574 (best:  0.0572/ 0.0539)
>> epoch [ 226/1000], runtime:  2.33s, train loss: 0.0045, train err:  0.0568, valid err:  0.0567
>> epoch [ 227/1000], runtime:  2.35s, train err:  0.0578 (best:  0.0572/ 0.0539)
>> epoch [ 228/1000], runtime:  2.32s, train err:  0.0588 (best:  0.0572/ 0.0539)
>> epoch [ 229/1000], runtime:  2.32s, train err:  0.0589 (best:  0.0572/ 0.0539)
>> epoch [ 230/1000], runtime:  2.33s, train loss: 0.0045, train err:  0.0564, valid err:  0.0568
>> epoch [ 231/1000], runtime:  2.30s, train err:  0.0605 (best:  0.0572/ 0.0539)
>> epoch [ 232/1000], runtime:  2.34s, train err:  0.0580 (best:  0.0572/ 0.0539)
>> epoch [ 233/1000], runtime:  2.29s, train err:  0.0573 (best:  0.0572/ 0.0539)
>> epoch [ 234/1000], runtime:  2.22s, train err:  0.0563 (best:  0.0572/ 0.0539)
>> epoch [ 235/1000], runtime:  2.25s, train err:  0.0584 (best:  0.0572/ 0.0539)
>> epoch [ 236/1000], runtime: 2.09s, train loss: 0.0043, train err: 0.0557, valid err:  0.0527,test err: 0.0547, best
>> epoch [ 237/1000], runtime:  2.23s, train err:  0.0572 (best:  0.0557/ 0.0527)
>> epoch [ 238/1000], runtime:  2.26s, train err:  0.0587 (best:  0.0557/ 0.0527)
>> epoch [ 239/1000], runtime:  2.25s, train err:  0.0583 (best:  0.0557/ 0.0527)
>> epoch [ 240/1000], runtime:  2.20s, train err:  0.0580 (best:  0.0557/ 0.0527)
>> epoch [ 241/1000], runtime:  2.30s, train err:  0.0566 (best:  0.0557/ 0.0527)
>> epoch [ 242/1000], runtime:  2.29s, train err:  0.0560 (best:  0.0557/ 0.0527)
>> epoch [ 243/1000], runtime:  2.32s, train err:  0.0578 (best:  0.0557/ 0.0527)
>> epoch [ 244/1000], runtime:  2.28s, train err:  0.0580 (best:  0.0557/ 0.0527)
>> epoch [ 245/1000], runtime:  2.34s, train err:  0.0569 (best:  0.0557/ 0.0527)
>> epoch [ 246/1000], runtime:  2.30s, train loss: 0.0042, train err:  0.0556, valid err:  0.0627
>> epoch [ 247/1000], runtime:  2.33s, train err:  0.0589 (best:  0.0557/ 0.0527)
>> epoch [ 248/1000], runtime:  2.25s, train err:  0.0569 (best:  0.0557/ 0.0527)
>> epoch [ 249/1000], runtime:  2.33s, train err:  0.0560 (best:  0.0557/ 0.0527)
>> epoch [ 250/1000], runtime:  2.38s, train err:  0.0579 (best:  0.0557/ 0.0527)
>> epoch [ 251/1000], runtime:  2.35s, train err:  0.0571 (best:  0.0557/ 0.0527)
>> epoch [ 252/1000], runtime:  2.24s, train err:  0.0571 (best:  0.0557/ 0.0527)
>> epoch [ 253/1000], runtime:  2.32s, train err:  0.0583 (best:  0.0557/ 0.0527)
>> epoch [ 254/1000], runtime:  2.36s, train err:  0.0570 (best:  0.0557/ 0.0527)
>> epoch [ 255/1000], runtime:  2.37s, train err:  0.0590 (best:  0.0557/ 0.0527)
>> epoch [ 256/1000], runtime:  2.30s, train err:  0.0588 (best:  0.0557/ 0.0527)
>> epoch [ 257/1000], runtime:  2.29s, train err:  0.0577 (best:  0.0557/ 0.0527)
>> epoch [ 258/1000], runtime:  2.36s, train err:  0.0593 (best:  0.0557/ 0.0527)
>> epoch [ 259/1000], runtime:  2.36s, train err:  0.0564 (best:  0.0557/ 0.0527)
>> epoch [ 260/1000], runtime:  2.37s, train err:  0.0591 (best:  0.0557/ 0.0527)
>> epoch [ 261/1000], runtime:  2.35s, train err:  0.0581 (best:  0.0557/ 0.0527)
>> epoch [ 262/1000], runtime:  2.24s, train err:  0.0558 (best:  0.0557/ 0.0527)
>> epoch [ 263/1000], runtime:  2.13s, train err:  0.0603 (best:  0.0557/ 0.0527)
>> epoch [ 264/1000], runtime:  2.15s, train err:  0.0573 (best:  0.0557/ 0.0527)
>> epoch [ 265/1000], runtime:  2.12s, train err:  0.0567 (best:  0.0557/ 0.0527)
>> epoch [ 266/1000], runtime:  2.22s, train err:  0.0562 (best:  0.0557/ 0.0527)
>> epoch [ 267/1000], runtime:  2.12s, train err:  0.0601 (best:  0.0557/ 0.0527)
>> epoch [ 268/1000], runtime:  2.15s, train err:  0.0567 (best:  0.0557/ 0.0527)
>> epoch [ 269/1000], runtime:  2.33s, train err:  0.0572 (best:  0.0557/ 0.0527)
>> epoch [ 270/1000], runtime:  2.34s, train err:  0.0585 (best:  0.0557/ 0.0527)
>> epoch [ 271/1000], runtime:  2.25s, train err:  0.0562 (best:  0.0557/ 0.0527)
>> epoch [ 272/1000], runtime:  2.23s, train err:  0.0569 (best:  0.0557/ 0.0527)
>> epoch [ 273/1000], runtime:  2.22s, train err:  0.0566 (best:  0.0557/ 0.0527)
>> epoch [ 274/1000], runtime:  2.29s, train err:  0.0566 (best:  0.0557/ 0.0527)
>> epoch [ 275/1000], runtime:  2.37s, train err:  0.0567 (best:  0.0557/ 0.0527)
>> epoch [ 276/1000], runtime:  2.32s, train err:  0.0558 (best:  0.0557/ 0.0527)
>> epoch [ 277/1000], runtime:  2.30s, train err:  0.0574 (best:  0.0557/ 0.0527)
>> epoch [ 278/1000], runtime:  2.32s, train err:  0.0586 (best:  0.0557/ 0.0527)
>> epoch [ 279/1000], runtime:  2.41s, train err:  0.0594 (best:  0.0557/ 0.0527)
>> epoch [ 280/1000], runtime:  2.36s, train err:  0.0583 (best:  0.0557/ 0.0527)
>> epoch [ 281/1000], runtime:  2.36s, train err:  0.0565 (best:  0.0557/ 0.0527)
>> epoch [ 282/1000], runtime:  2.37s, train err:  0.0580 (best:  0.0557/ 0.0527)
>> epoch [ 283/1000], runtime:  2.35s, train err:  0.0587 (best:  0.0557/ 0.0527)
>> epoch [ 284/1000], runtime:  2.25s, train err:  0.0558 (best:  0.0557/ 0.0527)
>> epoch [ 285/1000], runtime:  2.31s, train err:  0.0591 (best:  0.0557/ 0.0527)
>> epoch [ 286/1000], runtime:  2.31s, train err:  0.0582 (best:  0.0557/ 0.0527)
>> epoch [ 287/1000], runtime:  2.34s, train err:  0.0577 (best:  0.0557/ 0.0527)
>> epoch [ 288/1000], runtime:  2.39s, train err:  0.0577 (best:  0.0557/ 0.0527)
>> epoch [ 289/1000], runtime:  2.25s, train err:  0.0573 (best:  0.0557/ 0.0527)
>> epoch [ 290/1000], runtime:  2.24s, train err:  0.0592 (best:  0.0557/ 0.0527)
>> epoch [ 291/1000], runtime:  2.40s, train err:  0.0578 (best:  0.0557/ 0.0527)
>> epoch [ 292/1000], runtime:  2.33s, train err:  0.0562 (best:  0.0557/ 0.0527)
>> epoch [ 293/1000], runtime:  2.33s, train err:  0.0575 (best:  0.0557/ 0.0527)
>> epoch [ 294/1000], runtime:  2.34s, train err:  0.0591 (best:  0.0557/ 0.0527)
>> epoch [ 295/1000], runtime:  2.26s, train err:  0.0577 (best:  0.0557/ 0.0527)
>> epoch [ 296/1000], runtime:  2.36s, train err:  0.0570 (best:  0.0557/ 0.0527)
>> epoch [ 297/1000], runtime:  2.28s, train err:  0.0569 (best:  0.0557/ 0.0527)
>> epoch [ 298/1000], runtime:  2.35s, train err:  0.0576 (best:  0.0557/ 0.0527)
>> epoch [ 299/1000], runtime:  2.25s, train err:  0.0565 (best:  0.0557/ 0.0527)
>> epoch [ 300/1000], runtime:  2.21s, train err:  0.0571 (best:  0.0557/ 0.0527)
>> epoch [ 301/1000], runtime: 2.28s, train loss: 0.0042, train err: 0.0550, valid err:  0.0521,test err: 0.0527, best
>> epoch [ 302/1000], runtime:  2.16s, train err:  0.0546 (best:  0.0550/ 0.0521)
>> epoch [ 303/1000], runtime:  2.21s, train err:  0.0550 (best:  0.0550/ 0.0521)
>> epoch [ 304/1000], runtime:  2.12s, train loss: 0.0041, train err:  0.0546, valid err:  0.0529
>> epoch [ 305/1000], runtime:  2.09s, train err:  0.0547 (best:  0.0550/ 0.0521)
>> epoch [ 306/1000], runtime:  2.12s, train loss: 0.0041, train err:  0.0547, valid err:  0.0525
>> epoch [ 307/1000], runtime:  2.27s, train err:  0.0554 (best:  0.0550/ 0.0521)
>> epoch [ 308/1000], runtime:  2.30s, train err:  0.0564 (best:  0.0550/ 0.0521)
>> epoch [ 309/1000], runtime:  2.32s, train err:  0.0543 (best:  0.0550/ 0.0521)
>> epoch [ 310/1000], runtime:  2.33s, train err:  0.0545 (best:  0.0550/ 0.0521)
>> epoch [ 311/1000], runtime:  2.11s, train loss: 0.0042, train err:  0.0544, valid err:  0.0534
>> epoch [ 312/1000], runtime:  2.30s, train err:  0.0557 (best:  0.0550/ 0.0521)
>> epoch [ 313/1000], runtime:  2.30s, train err:  0.0557 (best:  0.0550/ 0.0521)
>> epoch [ 314/1000], runtime:  2.36s, train loss: 0.0041, train err:  0.0539, valid err:  0.0547
>> epoch [ 315/1000], runtime:  2.32s, train err:  0.0557 (best:  0.0550/ 0.0521)
>> epoch [ 316/1000], runtime:  2.37s, train err:  0.0546 (best:  0.0550/ 0.0521)
>> epoch [ 317/1000], runtime:  2.29s, train err:  0.0556 (best:  0.0550/ 0.0521)
>> epoch [ 318/1000], runtime:  2.25s, train loss: 0.0041, train err:  0.0544, valid err:  0.0638
>> epoch [ 319/1000], runtime:  2.20s, train loss: 0.0041, train err:  0.0542, valid err:  0.0581
>> epoch [ 320/1000], runtime:  2.16s, train err:  0.0551 (best:  0.0550/ 0.0521)
>> epoch [ 321/1000], runtime:  2.20s, train loss: 0.0041, train err:  0.0550, valid err:  0.0522
>> epoch [ 322/1000], runtime:  2.29s, train err:  0.0553 (best:  0.0550/ 0.0521)
>> epoch [ 323/1000], runtime:  2.15s, train err:  0.0558 (best:  0.0550/ 0.0521)
>> epoch [ 324/1000], runtime:  2.25s, train loss: 0.0042, train err:  0.0549, valid err:  0.0540
>> epoch [ 325/1000], runtime:  2.33s, train loss: 0.0040, train err:  0.0538, valid err:  0.0674
>> epoch [ 326/1000], runtime:  2.26s, train err:  0.0563 (best:  0.0550/ 0.0521)
>> epoch [ 327/1000], runtime:  2.24s, train loss: 0.0042, train err:  0.0548, valid err:  0.0531
>> epoch [ 328/1000], runtime:  2.18s, train err:  0.0551 (best:  0.0550/ 0.0521)
>> epoch [ 329/1000], runtime:  2.33s, train err:  0.0549 (best:  0.0550/ 0.0521)
>> epoch [ 330/1000], runtime:  2.30s, train err:  0.0552 (best:  0.0550/ 0.0521)
>> epoch [ 331/1000], runtime:  2.32s, train loss: 0.0041, train err:  0.0545, valid err:  0.0561
>> epoch [ 332/1000], runtime:  2.26s, train err:  0.0555 (best:  0.0550/ 0.0521)
>> epoch [ 333/1000], runtime:  2.26s, train err:  0.0548 (best:  0.0550/ 0.0521)
>> epoch [ 334/1000], runtime:  2.22s, train err:  0.0555 (best:  0.0550/ 0.0521)
>> epoch [ 335/1000], runtime:  2.25s, train loss: 0.0041, train err:  0.0556, valid err:  0.0562
>> epoch [ 336/1000], runtime:  2.24s, train loss: 0.0041, train err:  0.0541, valid err:  0.0524
>> epoch [ 337/1000], runtime:  2.21s, train err:  0.0555 (best:  0.0550/ 0.0521)
>> epoch [ 338/1000], runtime:  2.16s, train err:  0.0543 (best:  0.0550/ 0.0521)
>> epoch [ 339/1000], runtime:  2.24s, train err:  0.0546 (best:  0.0550/ 0.0521)
>> epoch [ 340/1000], runtime:  2.25s, train err:  0.0557 (best:  0.0550/ 0.0521)
>> epoch [ 341/1000], runtime:  2.26s, train err:  0.0545 (best:  0.0550/ 0.0521)
>> epoch [ 342/1000], runtime:  2.25s, train err:  0.0555 (best:  0.0550/ 0.0521)
>> epoch [ 343/1000], runtime:  2.10s, train err:  0.0550 (best:  0.0550/ 0.0521)
>> epoch [ 344/1000], runtime:  2.25s, train loss: 0.0042, train err:  0.0541, valid err:  0.0569
>> epoch [ 345/1000], runtime:  2.30s, train loss: 0.0041, train err:  0.0543, valid err:  0.0528
>> epoch [ 346/1000], runtime:  2.39s, train err:  0.0546 (best:  0.0550/ 0.0521)
>> epoch [ 347/1000], runtime:  2.34s, train loss: 0.0040, train err:  0.0537, valid err:  0.0544
>> epoch [ 348/1000], runtime:  2.29s, train err:  0.0564 (best:  0.0550/ 0.0521)
>> epoch [ 349/1000], runtime:  2.36s, train loss: 0.0041, train err:  0.0549, valid err:  0.0539
>> epoch [ 350/1000], runtime:  2.26s, train err:  0.0549 (best:  0.0550/ 0.0521)
>> epoch [ 351/1000], runtime:  2.28s, train err:  0.0561 (best:  0.0550/ 0.0521)
>> epoch [ 352/1000], runtime:  2.35s, train loss: 0.0041, train err:  0.0540, valid err:  0.0620
>> epoch [ 353/1000], runtime:  2.28s, train err:  0.0555 (best:  0.0550/ 0.0521)
>> epoch [ 354/1000], runtime: 2.17s, train loss: 0.0041, train err: 0.0548, valid err:  0.0519,test err: 0.0534, best
>> epoch [ 355/1000], runtime:  2.26s, train err:  0.0553 (best:  0.0548/ 0.0519)
>> epoch [ 356/1000], runtime:  2.22s, train loss: 0.0041, train err:  0.0539, valid err:  0.0533
>> epoch [ 357/1000], runtime:  2.24s, train err:  0.0556 (best:  0.0548/ 0.0519)
>> epoch [ 358/1000], runtime:  2.32s, train err:  0.0545 (best:  0.0548/ 0.0519)
>> epoch [ 359/1000], runtime:  2.36s, train loss: 0.0041, train err:  0.0546, valid err:  0.0535
>> epoch [ 360/1000], runtime:  2.36s, train loss: 0.0040, train err:  0.0543, valid err:  0.0519
>> epoch [ 361/1000], runtime: 2.34s, train loss: 0.0040, train err: 0.0548, valid err:  0.0515,test err: 0.0522, best
>> epoch [ 362/1000], runtime:  2.38s, train loss: 0.0038, train err:  0.0531, valid err:  0.0821
>> epoch [ 363/1000], runtime:  2.22s, train err:  0.0558 (best:  0.0548/ 0.0515)
>> epoch [ 364/1000], runtime:  2.37s, train err:  0.0556 (best:  0.0548/ 0.0515)
>> epoch [ 365/1000], runtime:  2.32s, train err:  0.0538 (best:  0.0548/ 0.0515)
>> epoch [ 366/1000], runtime:  2.36s, train err:  0.0552 (best:  0.0548/ 0.0515)
>> epoch [ 367/1000], runtime:  2.35s, train err:  0.0552 (best:  0.0548/ 0.0515)
>> epoch [ 368/1000], runtime:  2.36s, train err:  0.0553 (best:  0.0548/ 0.0515)
>> epoch [ 369/1000], runtime:  2.28s, train err:  0.0549 (best:  0.0548/ 0.0515)
>> epoch [ 370/1000], runtime:  2.29s, train loss: 0.0040, train err:  0.0534, valid err:  0.0527
>> epoch [ 371/1000], runtime:  2.46s, train loss: 0.0040, train err:  0.0532, valid err:  0.0600
>> epoch [ 372/1000], runtime:  2.35s, train err:  0.0551 (best:  0.0548/ 0.0515)
>> epoch [ 373/1000], runtime:  2.26s, train err:  0.0550 (best:  0.0548/ 0.0515)
>> epoch [ 374/1000], runtime:  2.31s, train loss: 0.0040, train err:  0.0539, valid err:  0.0608
>> epoch [ 375/1000], runtime:  2.27s, train err:  0.0545 (best:  0.0548/ 0.0515)
>> epoch [ 376/1000], runtime:  2.30s, train err:  0.0553 (best:  0.0548/ 0.0515)
>> epoch [ 377/1000], runtime:  2.32s, train err:  0.0546 (best:  0.0548/ 0.0515)
>> epoch [ 378/1000], runtime:  2.30s, train err:  0.0552 (best:  0.0548/ 0.0515)
>> epoch [ 379/1000], runtime:  2.32s, train err:  0.0547 (best:  0.0548/ 0.0515)
>> epoch [ 380/1000], runtime:  2.26s, train err:  0.0558 (best:  0.0548/ 0.0515)
>> epoch [ 381/1000], runtime:  2.33s, train err:  0.0548 (best:  0.0548/ 0.0515)
>> epoch [ 382/1000], runtime:  2.29s, train err:  0.0545 (best:  0.0548/ 0.0515)
>> epoch [ 383/1000], runtime:  2.39s, train err:  0.0542 (best:  0.0548/ 0.0515)
>> epoch [ 384/1000], runtime:  2.36s, train err:  0.0553 (best:  0.0548/ 0.0515)
>> epoch [ 385/1000], runtime:  2.33s, train err:  0.0545 (best:  0.0548/ 0.0515)
>> epoch [ 386/1000], runtime:  2.37s, train err:  0.0550 (best:  0.0548/ 0.0515)
>> epoch [ 387/1000], runtime:  2.36s, train err:  0.0548 (best:  0.0548/ 0.0515)
>> epoch [ 388/1000], runtime:  2.31s, train loss: 0.0039, train err:  0.0530, valid err:  0.0658
>> epoch [ 389/1000], runtime:  2.33s, train err:  0.0547 (best:  0.0548/ 0.0515)
>> epoch [ 390/1000], runtime:  2.39s, train err:  0.0542 (best:  0.0548/ 0.0515)
>> epoch [ 391/1000], runtime:  2.35s, train err:  0.0559 (best:  0.0548/ 0.0515)
>> epoch [ 392/1000], runtime:  2.34s, train err:  0.0543 (best:  0.0548/ 0.0515)
>> epoch [ 393/1000], runtime:  2.35s, train err:  0.0538 (best:  0.0548/ 0.0515)
>> epoch [ 394/1000], runtime:  2.42s, train err:  0.0542 (best:  0.0548/ 0.0515)
>> epoch [ 395/1000], runtime:  2.32s, train err:  0.0545 (best:  0.0548/ 0.0515)
>> epoch [ 396/1000], runtime:  2.37s, train err:  0.0560 (best:  0.0548/ 0.0515)
>> epoch [ 397/1000], runtime:  2.38s, train err:  0.0555 (best:  0.0548/ 0.0515)
>> epoch [ 398/1000], runtime:  2.33s, train err:  0.0539 (best:  0.0548/ 0.0515)
>> epoch [ 399/1000], runtime:  2.29s, train err:  0.0543 (best:  0.0548/ 0.0515)
>> epoch [ 400/1000], runtime:  2.29s, train loss: 0.0040, train err:  0.0540, valid err:  0.0525
>> epoch [ 401/1000], runtime:  2.34s, train loss: 0.0039, train err:  0.0533, valid err:  0.0553
>> epoch [ 402/1000], runtime:  2.28s, train loss: 0.0040, train err:  0.0533, valid err:  0.0525
>> epoch [ 403/1000], runtime:  2.33s, train loss: 0.0040, train err:  0.0538, valid err:  0.0526
>> epoch [ 404/1000], runtime:  2.38s, train loss: 0.0039, train err:  0.0528, valid err:  0.0523
>> epoch [ 405/1000], runtime:  2.36s, train loss: 0.0039, train err:  0.0530, valid err:  0.0522
>> epoch [ 406/1000], runtime:  2.38s, train loss: 0.0040, train err:  0.0534, valid err:  0.0527
>> epoch [ 407/1000], runtime:  2.30s, train loss: 0.0039, train err:  0.0530, valid err:  0.0533
>> epoch [ 408/1000], runtime:  2.36s, train loss: 0.0040, train err:  0.0532, valid err:  0.0537
>> epoch [ 409/1000], runtime:  2.32s, train loss: 0.0040, train err:  0.0531, valid err:  0.0521
>> epoch [ 410/1000], runtime:  2.31s, train loss: 0.0040, train err:  0.0533, valid err:  0.0533
>> epoch [ 411/1000], runtime:  2.09s, train loss: 0.0040, train err:  0.0535, valid err:  0.0528
>> epoch [ 412/1000], runtime:  2.15s, train loss: 0.0039, train err:  0.0530, valid err:  0.0524
>> epoch [ 413/1000], runtime:  2.10s, train loss: 0.0039, train err:  0.0527, valid err:  0.0534
>> epoch [ 414/1000], runtime:  2.18s, train loss: 0.0040, train err:  0.0535, valid err:  0.0521
>> epoch [ 415/1000], runtime:  2.29s, train loss: 0.0039, train err:  0.0532, valid err:  0.0518
>> epoch [ 416/1000], runtime:  2.25s, train loss: 0.0039, train err:  0.0534, valid err:  0.0540
>> epoch [ 417/1000], runtime:  2.32s, train loss: 0.0040, train err:  0.0529, valid err:  0.0542
>> epoch [ 418/1000], runtime:  2.36s, train loss: 0.0040, train err:  0.0534, valid err:  0.0541
>> epoch [ 419/1000], runtime:  2.34s, train loss: 0.0040, train err:  0.0534, valid err:  0.0519
>> epoch [ 420/1000], runtime:  2.35s, train loss: 0.0040, train err:  0.0534, valid err:  0.0533
>> epoch [ 421/1000], runtime:  2.32s, train loss: 0.0038, train err:  0.0529, valid err:  0.0570
>> epoch [ 422/1000], runtime:  2.26s, train loss: 0.0040, train err:  0.0536, valid err:  0.0530
>> epoch [ 423/1000], runtime:  2.37s, train loss: 0.0039, train err:  0.0532, valid err:  0.0540
>> epoch [ 424/1000], runtime:  2.41s, train loss: 0.0040, train err:  0.0533, valid err:  0.0523
>> epoch [ 425/1000], runtime:  2.33s, train loss: 0.0039, train err:  0.0523, valid err:  0.0527
>> epoch [ 426/1000], runtime:  2.31s, train loss: 0.0040, train err:  0.0537, valid err:  0.0520
>> epoch [ 427/1000], runtime:  2.30s, train loss: 0.0040, train err:  0.0538, valid err:  0.0527
>> epoch [ 428/1000], runtime:  2.33s, train loss: 0.0038, train err:  0.0530, valid err:  0.0533
>> epoch [ 429/1000], runtime:  2.24s, train loss: 0.0040, train err:  0.0533, valid err:  0.0527
>> epoch [ 430/1000], runtime:  2.37s, train loss: 0.0040, train err:  0.0541, valid err:  0.0527
>> epoch [ 431/1000], runtime:  2.27s, train loss: 0.0040, train err:  0.0533, valid err:  0.0525
>> epoch [ 432/1000], runtime:  2.36s, train loss: 0.0039, train err:  0.0534, valid err:  0.0522
>> epoch [ 433/1000], runtime:  2.36s, train loss: 0.0040, train err:  0.0531, valid err:  0.0520
>> epoch [ 434/1000], runtime:  2.29s, train loss: 0.0039, train err:  0.0530, valid err:  0.0533
>> epoch [ 435/1000], runtime:  2.35s, train loss: 0.0040, train err:  0.0535, valid err:  0.0522
>> epoch [ 436/1000], runtime:  2.33s, train loss: 0.0039, train err:  0.0528, valid err:  0.0575
>> epoch [ 437/1000], runtime:  2.38s, train loss: 0.0040, train err:  0.0538, valid err:  0.0523
>> epoch [ 438/1000], runtime:  2.36s, train loss: 0.0039, train err:  0.0528, valid err:  0.0521
>> epoch [ 439/1000], runtime:  2.35s, train loss: 0.0040, train err:  0.0531, valid err:  0.0525
>> epoch [ 440/1000], runtime:  2.33s, train loss: 0.0040, train err:  0.0537, valid err:  0.0543
>> epoch [ 441/1000], runtime:  2.36s, train loss: 0.0039, train err:  0.0528, valid err:  0.0521
>> epoch [ 442/1000], runtime:  2.37s, train loss: 0.0039, train err:  0.0527, valid err:  0.0532
>> epoch [ 443/1000], runtime:  2.05s, train loss: 0.0039, train err:  0.0537, valid err:  0.0551
>> epoch [ 444/1000], runtime:  2.15s, train loss: 0.0039, train err:  0.0531, valid err:  0.0535
>> epoch [ 445/1000], runtime:  2.18s, train loss: 0.0039, train err:  0.0536, valid err:  0.0520
>> epoch [ 446/1000], runtime:  2.21s, train loss: 0.0039, train err:  0.0530, valid err:  0.0530
>> epoch [ 447/1000], runtime:  2.14s, train loss: 0.0040, train err:  0.0533, valid err:  0.0517
>> epoch [ 448/1000], runtime: 2.16s, train loss: 0.0040, train err: 0.0534, valid err:  0.0515,test err: 0.0515, best
>> epoch [ 449/1000], runtime:  2.35s, train loss: 0.0040, train err:  0.0533, valid err:  0.0519
>> epoch [ 450/1000], runtime:  2.27s, train err:  0.0536 (best:  0.0534/ 0.0515)
>> epoch [ 451/1000], runtime:  2.24s, train loss: 0.0039, train err:  0.0528, valid err:  0.0536
>> epoch [ 452/1000], runtime:  2.35s, train err:  0.0540 (best:  0.0534/ 0.0515)
>> epoch [ 453/1000], runtime:  2.31s, train loss: 0.0039, train err:  0.0521, valid err:  0.0591
>> epoch [ 454/1000], runtime:  2.29s, train loss: 0.0039, train err:  0.0536, valid err:  0.0519
>> epoch [ 455/1000], runtime:  2.30s, train loss: 0.0039, train err:  0.0532, valid err:  0.0521
>> epoch [ 456/1000], runtime:  2.37s, train loss: 0.0040, train err:  0.0537, valid err:  0.0523
>> epoch [ 457/1000], runtime:  2.31s, train loss: 0.0040, train err:  0.0524, valid err:  0.0530
>> epoch [ 458/1000], runtime:  2.44s, train loss: 0.0040, train err:  0.0538, valid err:  0.0516
>> epoch [ 459/1000], runtime:  2.30s, train loss: 0.0040, train err:  0.0532, valid err:  0.0520
>> epoch [ 460/1000], runtime:  2.27s, train loss: 0.0039, train err:  0.0531, valid err:  0.0520
>> epoch [ 461/1000], runtime:  2.30s, train loss: 0.0040, train err:  0.0530, valid err:  0.0537
>> epoch [ 462/1000], runtime:  2.35s, train loss: 0.0039, train err:  0.0531, valid err:  0.0527
>> epoch [ 463/1000], runtime:  2.36s, train loss: 0.0039, train err:  0.0530, valid err:  0.0521
>> epoch [ 464/1000], runtime:  2.33s, train loss: 0.0038, train err:  0.0526, valid err:  0.0521
>> epoch [ 465/1000], runtime:  2.35s, train loss: 0.0039, train err:  0.0534, valid err:  0.0526
>> epoch [ 466/1000], runtime:  2.34s, train loss: 0.0039, train err:  0.0529, valid err:  0.0520
>> epoch [ 467/1000], runtime:  2.36s, train loss: 0.0040, train err:  0.0529, valid err:  0.0522
>> epoch [ 468/1000], runtime:  2.32s, train loss: 0.0040, train err:  0.0537, valid err:  0.0541
>> epoch [ 469/1000], runtime:  2.29s, train loss: 0.0039, train err:  0.0523, valid err:  0.0550
>> epoch [ 470/1000], runtime:  2.39s, train loss: 0.0039, train err:  0.0534, valid err:  0.0517
>> epoch [ 471/1000], runtime:  2.35s, train loss: 0.0040, train err:  0.0529, valid err:  0.0551
>> epoch [ 472/1000], runtime:  2.35s, train loss: 0.0040, train err:  0.0533, valid err:  0.0524
>> epoch [ 473/1000], runtime:  2.37s, train loss: 0.0038, train err:  0.0521, valid err:  0.0524
>> epoch [ 474/1000], runtime:  2.34s, train loss: 0.0039, train err:  0.0533, valid err:  0.0523
>> epoch [ 475/1000], runtime:  2.34s, train loss: 0.0039, train err:  0.0524, valid err:  0.0519
>> epoch [ 476/1000], runtime:  2.33s, train loss: 0.0040, train err:  0.0533, valid err:  0.0518
>> epoch [ 477/1000], runtime:  2.29s, train loss: 0.0040, train err:  0.0534, valid err:  0.0528
>> epoch [ 478/1000], runtime:  2.28s, train loss: 0.0039, train err:  0.0529, valid err:  0.0517
>> epoch [ 479/1000], runtime:  2.29s, train loss: 0.0039, train err:  0.0532, valid err:  0.0517
>> epoch [ 480/1000], runtime:  2.25s, train loss: 0.0039, train err:  0.0531, valid err:  0.0516
>> epoch [ 481/1000], runtime:  2.37s, train loss: 0.0039, train err:  0.0528, valid err:  0.0558
>> epoch [ 482/1000], runtime:  2.31s, train loss: 0.0039, train err:  0.0536, valid err:  0.0518
>> epoch [ 483/1000], runtime:  2.25s, train loss: 0.0039, train err:  0.0523, valid err:  0.0532
>> epoch [ 484/1000], runtime:  2.32s, train loss: 0.0039, train err:  0.0528, valid err:  0.0522
>> epoch [ 485/1000], runtime:  2.30s, train loss: 0.0039, train err:  0.0528, valid err:  0.0517
>> epoch [ 486/1000], runtime:  2.35s, train loss: 0.0040, train err:  0.0532, valid err:  0.0527
>> epoch [ 487/1000], runtime:  2.35s, train loss: 0.0040, train err:  0.0536, valid err:  0.0517
>> epoch [ 488/1000], runtime:  2.23s, train loss: 0.0039, train err:  0.0533, valid err:  0.0534
>> epoch [ 489/1000], runtime:  2.35s, train err:  0.0532 (best:  0.0534/ 0.0515)
>> epoch [ 490/1000], runtime:  2.26s, train loss: 0.0039, train err:  0.0524, valid err:  0.0521
>> epoch [ 491/1000], runtime:  2.35s, train loss: 0.0040, train err:  0.0533, valid err:  0.0515
>> epoch [ 492/1000], runtime:  2.35s, train loss: 0.0039, train err:  0.0537, valid err:  0.0517
>> epoch [ 493/1000], runtime:  2.34s, train loss: 0.0039, train err:  0.0533, valid err:  0.0548
>> epoch [ 494/1000], runtime:  2.19s, train loss: 0.0039, train err:  0.0527, valid err:  0.0535
>> epoch [ 495/1000], runtime:  2.09s, train loss: 0.0039, train err:  0.0521, valid err:  0.0545
>> epoch [ 496/1000], runtime:  2.18s, train loss: 0.0039, train err:  0.0527, valid err:  0.0518
>> epoch [ 497/1000], runtime:  2.34s, train loss: 0.0039, train err:  0.0526, valid err:  0.0523
>> epoch [ 498/1000], runtime:  2.35s, train loss: 0.0039, train err:  0.0529, valid err:  0.0516
>> epoch [ 499/1000], runtime:  2.31s, train err:  0.0532 (best:  0.0534/ 0.0515)
>> epoch [ 500/1000], runtime:  2.34s, train loss: 0.0039, train err:  0.0532, valid err:  0.0515
>> epoch [ 501/1000], runtime:  2.33s, train loss: 0.0039, train err:  0.0522, valid err:  0.0516
>> epoch [ 502/1000], runtime:  2.36s, train loss: 0.0039, train err:  0.0525, valid err:  0.0529
>> epoch [ 503/1000], runtime:  2.31s, train loss: 0.0038, train err:  0.0527, valid err:  0.0518
>> epoch [ 504/1000], runtime:  2.35s, train loss: 0.0038, train err:  0.0525, valid err:  0.0516
>> epoch [ 505/1000], runtime:  2.32s, train loss: 0.0037, train err:  0.0519, valid err:  0.0568
>> epoch [ 506/1000], runtime:  2.29s, train loss: 0.0039, train err:  0.0533, valid err:  0.0516
>> epoch [ 507/1000], runtime:  2.19s, train loss: 0.0039, train err:  0.0522, valid err:  0.0518
>> epoch [ 508/1000], runtime:  2.24s, train loss: 0.0038, train err:  0.0524, valid err:  0.0516
>> epoch [ 509/1000], runtime:  2.28s, train loss: 0.0038, train err:  0.0523, valid err:  0.0537
>> epoch [ 510/1000], runtime:  2.26s, train loss: 0.0038, train err:  0.0526, valid err:  0.0536
>> epoch [ 511/1000], runtime:  2.23s, train loss: 0.0039, train err:  0.0528, valid err:  0.0516
>> epoch [ 512/1000], runtime:  2.08s, train loss: 0.0039, train err:  0.0521, valid err:  0.0521
>> epoch [ 513/1000], runtime:  2.16s, train loss: 0.0038, train err:  0.0521, valid err:  0.0533
>> epoch [ 514/1000], runtime:  2.03s, train loss: 0.0038, train err:  0.0520, valid err:  0.0531
>> epoch [ 515/1000], runtime:  2.23s, train loss: 0.0038, train err:  0.0527, valid err:  0.0530
>> epoch [ 516/1000], runtime:  2.33s, train loss: 0.0039, train err:  0.0528, valid err:  0.0517
>> epoch [ 517/1000], runtime:  2.31s, train loss: 0.0038, train err:  0.0526, valid err:  0.0517
>> epoch [ 518/1000], runtime:  2.32s, train loss: 0.0038, train err:  0.0522, valid err:  0.0516
>> epoch [ 519/1000], runtime:  2.34s, train loss: 0.0038, train err:  0.0525, valid err:  0.0516
>> epoch [ 520/1000], runtime:  2.33s, train loss: 0.0038, train err:  0.0520, valid err:  0.0526
>> epoch [ 521/1000], runtime:  2.34s, train loss: 0.0038, train err:  0.0530, valid err:  0.0519
>> epoch [ 522/1000], runtime:  2.27s, train loss: 0.0039, train err:  0.0522, valid err:  0.0516
>> epoch [ 523/1000], runtime:  2.29s, train loss: 0.0039, train err:  0.0526, valid err:  0.0521
>> epoch [ 524/1000], runtime:  2.33s, train loss: 0.0039, train err:  0.0530, valid err:  0.0516
>> epoch [ 525/1000], runtime:  2.37s, train loss: 0.0038, train err:  0.0523, valid err:  0.0518
>> epoch [ 526/1000], runtime:  2.35s, train loss: 0.0038, train err:  0.0520, valid err:  0.0516
>> epoch [ 527/1000], runtime:  2.23s, train loss: 0.0039, train err:  0.0522, valid err:  0.0517
>> epoch [ 528/1000], runtime: 2.34s, train loss: 0.0038, train err: 0.0527, valid err:  0.0514,test err: 0.0514, best
>> epoch [ 529/1000], runtime:  2.29s, train err:  0.0521 (best:  0.0527/ 0.0514)
>> epoch [ 530/1000], runtime:  2.30s, train err:  0.0520 (best:  0.0527/ 0.0514)
>> epoch [ 531/1000], runtime:  2.35s, train err:  0.0529 (best:  0.0527/ 0.0514)
>> epoch [ 532/1000], runtime:  2.16s, train err:  0.0522 (best:  0.0527/ 0.0514)
>> epoch [ 533/1000], runtime:  2.25s, train err:  0.0528 (best:  0.0527/ 0.0514)
>> epoch [ 534/1000], runtime:  2.28s, train err:  0.0522 (best:  0.0527/ 0.0514)
>> epoch [ 535/1000], runtime:  2.17s, train err:  0.0523 (best:  0.0527/ 0.0514)
>> epoch [ 536/1000], runtime:  2.30s, train loss: 0.0038, train err:  0.0521, valid err:  0.0528
>> epoch [ 537/1000], runtime:  2.27s, train loss: 0.0038, train err:  0.0524, valid err:  0.0518
>> epoch [ 538/1000], runtime:  2.35s, train err:  0.0520 (best:  0.0527/ 0.0514)
>> epoch [ 539/1000], runtime:  2.34s, train err:  0.0524 (best:  0.0527/ 0.0514)
>> epoch [ 540/1000], runtime:  2.32s, train err:  0.0522 (best:  0.0527/ 0.0514)
>> epoch [ 541/1000], runtime:  2.17s, train err:  0.0522 (best:  0.0527/ 0.0514)
>> epoch [ 542/1000], runtime:  2.28s, train err:  0.0523 (best:  0.0527/ 0.0514)
>> epoch [ 543/1000], runtime:  2.21s, train err:  0.0523 (best:  0.0527/ 0.0514)
>> epoch [ 544/1000], runtime:  2.17s, train err:  0.0523 (best:  0.0527/ 0.0514)
>> epoch [ 545/1000], runtime:  2.14s, train err:  0.0517 (best:  0.0527/ 0.0514)
>> epoch [ 546/1000], runtime:  2.13s, train loss: 0.0038, train err:  0.0525, valid err:  0.0538
>> epoch [ 547/1000], runtime:  2.13s, train err:  0.0530 (best:  0.0527/ 0.0514)
>> epoch [ 548/1000], runtime:  2.08s, train err:  0.0519 (best:  0.0527/ 0.0514)
>> epoch [ 549/1000], runtime:  2.07s, train err:  0.0527 (best:  0.0527/ 0.0514)
>> epoch [ 550/1000], runtime:  2.21s, train err:  0.0525 (best:  0.0527/ 0.0514)
>> epoch [ 551/1000], runtime:  2.23s, train err:  0.0523 (best:  0.0527/ 0.0514)
>> epoch [ 552/1000], runtime:  2.30s, train loss: 0.0037, train err:  0.0521, valid err:  0.0525
>> epoch [ 553/1000], runtime:  2.31s, train err:  0.0525 (best:  0.0527/ 0.0514)
>> epoch [ 554/1000], runtime:  2.30s, train err:  0.0526 (best:  0.0527/ 0.0514)
>> epoch [ 555/1000], runtime:  2.34s, train loss: 0.0038, train err:  0.0517, valid err:  0.0532
>> epoch [ 556/1000], runtime:  2.30s, train err:  0.0526 (best:  0.0527/ 0.0514)
>> epoch [ 557/1000], runtime:  2.35s, train err:  0.0520 (best:  0.0527/ 0.0514)
>> epoch [ 558/1000], runtime:  2.22s, train err:  0.0525 (best:  0.0527/ 0.0514)
>> epoch [ 559/1000], runtime:  2.04s, train err:  0.0521 (best:  0.0527/ 0.0514)
>> epoch [ 560/1000], runtime:  2.36s, train loss: 0.0038, train err:  0.0521, valid err:  0.0515
>> epoch [ 561/1000], runtime:  2.34s, train err:  0.0522 (best:  0.0527/ 0.0514)
>> epoch [ 562/1000], runtime:  2.24s, train loss: 0.0038, train err:  0.0521, valid err:  0.0527
>> epoch [ 563/1000], runtime:  2.27s, train err:  0.0523 (best:  0.0527/ 0.0514)
>> epoch [ 564/1000], runtime:  2.14s, train err:  0.0525 (best:  0.0527/ 0.0514)
>> epoch [ 565/1000], runtime:  2.17s, train err:  0.0523 (best:  0.0527/ 0.0514)
>> epoch [ 566/1000], runtime:  2.16s, train err:  0.0523 (best:  0.0527/ 0.0514)
>> epoch [ 567/1000], runtime:  2.15s, train loss: 0.0038, train err:  0.0517, valid err:  0.0540
>> epoch [ 568/1000], runtime:  2.18s, train err:  0.0523 (best:  0.0527/ 0.0514)
>> epoch [ 569/1000], runtime:  2.21s, train err:  0.0522 (best:  0.0527/ 0.0514)
>> epoch [ 570/1000], runtime:  2.31s, train loss: 0.0038, train err:  0.0514, valid err:  0.0515
>> epoch [ 571/1000], runtime:  2.31s, train loss: 0.0038, train err:  0.0525, valid err:  0.0515
>> epoch [ 572/1000], runtime:  2.25s, train err:  0.0522 (best:  0.0527/ 0.0514)
>> epoch [ 573/1000], runtime: 2.33s, train loss: 0.0038, train err: 0.0523, valid err:  0.0514,test err: 0.0516, best
>> epoch [ 574/1000], runtime:  2.21s, train err:  0.0522 (best:  0.0523/ 0.0514)
>> epoch [ 575/1000], runtime:  2.22s, train loss: 0.0037, train err:  0.0520, valid err:  0.0522
>> epoch [ 576/1000], runtime:  2.32s, train err:  0.0523 (best:  0.0523/ 0.0514)
>> epoch [ 577/1000], runtime:  2.34s, train err:  0.0522 (best:  0.0523/ 0.0514)
>> epoch [ 578/1000], runtime:  2.21s, train err:  0.0520 (best:  0.0523/ 0.0514)
>> epoch [ 579/1000], runtime:  2.24s, train err:  0.0520 (best:  0.0523/ 0.0514)
>> epoch [ 580/1000], runtime:  2.28s, train err:  0.0530 (best:  0.0523/ 0.0514)
>> epoch [ 581/1000], runtime:  2.25s, train err:  0.0520 (best:  0.0523/ 0.0514)
>> epoch [ 582/1000], runtime:  2.29s, train err:  0.0526 (best:  0.0523/ 0.0514)
>> epoch [ 583/1000], runtime:  1.98s, train err:  0.0523 (best:  0.0523/ 0.0514)
>> epoch [ 584/1000], runtime:  1.93s, train err:  0.0522 (best:  0.0523/ 0.0514)
>> epoch [ 585/1000], runtime:  2.21s, train err:  0.0521 (best:  0.0523/ 0.0514)
>> epoch [ 586/1000], runtime:  2.33s, train loss: 0.0038, train err:  0.0520, valid err:  0.0516
>> epoch [ 587/1000], runtime:  2.25s, train err:  0.0525 (best:  0.0523/ 0.0514)
>> epoch [ 588/1000], runtime:  2.35s, train err:  0.0523 (best:  0.0523/ 0.0514)
>> epoch [ 589/1000], runtime:  2.32s, train err:  0.0519 (best:  0.0523/ 0.0514)
>> epoch [ 590/1000], runtime:  2.23s, train err:  0.0528 (best:  0.0523/ 0.0514)
>> epoch [ 591/1000], runtime:  2.30s, train err:  0.0520 (best:  0.0523/ 0.0514)
>> epoch [ 592/1000], runtime:  2.30s, train loss: 0.0038, train err:  0.0521, valid err:  0.0518
>> epoch [ 593/1000], runtime:  2.22s, train err:  0.0522 (best:  0.0523/ 0.0514)
>> epoch [ 594/1000], runtime:  2.14s, train err:  0.0520 (best:  0.0523/ 0.0514)
>> epoch [ 595/1000], runtime:  2.27s, train err:  0.0521 (best:  0.0523/ 0.0514)
>> epoch [ 596/1000], runtime:  2.38s, train err:  0.0520 (best:  0.0523/ 0.0514)
>> epoch [ 597/1000], runtime:  2.28s, train err:  0.0517 (best:  0.0523/ 0.0514)
>> epoch [ 598/1000], runtime:  2.36s, train err:  0.0524 (best:  0.0523/ 0.0514)
>> epoch [ 599/1000], runtime:  2.33s, train err:  0.0518 (best:  0.0523/ 0.0514)
>> epoch [ 600/1000], runtime:  2.32s, train err:  0.0525 (best:  0.0523/ 0.0514)
>> epoch [ 601/1000], runtime:  2.27s, train err:  0.0523 (best:  0.0523/ 0.0514)
>> epoch [ 602/1000], runtime: 2.32s, train loss: 0.0038, train err: 0.0521, valid err:  0.0514,test err: 0.0517, best
>> epoch [ 603/1000], runtime:  2.30s, train err:  0.0516 (best:  0.0521/ 0.0514)
>> epoch [ 604/1000], runtime:  2.37s, train err:  0.0521 (best:  0.0521/ 0.0514)
>> epoch [ 605/1000], runtime:  2.25s, train err:  0.0519 (best:  0.0521/ 0.0514)
>> epoch [ 606/1000], runtime:  2.36s, train err:  0.0518 (best:  0.0521/ 0.0514)
>> epoch [ 607/1000], runtime:  2.31s, train loss: 0.0038, train err:  0.0519, valid err:  0.0516
>> epoch [ 608/1000], runtime:  2.34s, train err:  0.0519 (best:  0.0521/ 0.0514)
>> epoch [ 609/1000], runtime:  2.36s, train err:  0.0515 (best:  0.0521/ 0.0514)
>> epoch [ 610/1000], runtime:  2.28s, train err:  0.0519 (best:  0.0521/ 0.0514)
>> epoch [ 611/1000], runtime:  2.32s, train loss: 0.0038, train err:  0.0518, valid err:  0.0514
>> epoch [ 612/1000], runtime:  2.29s, train loss: 0.0037, train err:  0.0514, valid err:  0.0525
>> epoch [ 613/1000], runtime:  2.28s, train loss: 0.0037, train err:  0.0522, valid err:  0.0514
>> epoch [ 614/1000], runtime:  2.46s, train loss: 0.0038, train err:  0.0514, valid err:  0.0522
>> epoch [ 615/1000], runtime:  2.36s, train err:  0.0521 (best:  0.0521/ 0.0514)
>> epoch [ 616/1000], runtime:  2.34s, train loss: 0.0038, train err:  0.0521, valid err:  0.0515
>> epoch [ 617/1000], runtime:  2.24s, train loss: 0.0037, train err:  0.0516, valid err:  0.0519
>> epoch [ 618/1000], runtime:  2.24s, train loss: 0.0037, train err:  0.0510, valid err:  0.0543
>> epoch [ 619/1000], runtime:  2.25s, train loss: 0.0038, train err:  0.0526, valid err:  0.0517
>> epoch [ 620/1000], runtime:  2.24s, train loss: 0.0038, train err:  0.0522, valid err:  0.0515
>> epoch [ 621/1000], runtime:  2.18s, train err:  0.0516 (best:  0.0521/ 0.0514)
>> epoch [ 622/1000], runtime: 2.25s, train loss: 0.0038, train err: 0.0521, valid err:  0.0514,test err: 0.0513, best
>> epoch [ 623/1000], runtime:  2.34s, train loss: 0.0037, train err:  0.0513, valid err:  0.0528
>> epoch [ 624/1000], runtime:  2.35s, train err:  0.0522 (best:  0.0521/ 0.0514)
>> epoch [ 625/1000], runtime:  2.32s, train loss: 0.0038, train err:  0.0513, valid err:  0.0520
>> epoch [ 626/1000], runtime:  2.33s, train err:  0.0520 (best:  0.0521/ 0.0514)
>> epoch [ 627/1000], runtime:  2.34s, train err:  0.0518 (best:  0.0521/ 0.0514)
>> epoch [ 628/1000], runtime:  2.35s, train err:  0.0516 (best:  0.0521/ 0.0514)
>> epoch [ 629/1000], runtime:  2.28s, train loss: 0.0038, train err:  0.0519, valid err:  0.0514
>> epoch [ 630/1000], runtime:  2.29s, train err:  0.0519 (best:  0.0521/ 0.0514)
>> epoch [ 631/1000], runtime:  2.34s, train err:  0.0521 (best:  0.0521/ 0.0514)
>> epoch [ 632/1000], runtime:  2.36s, train err:  0.0516 (best:  0.0521/ 0.0514)
>> epoch [ 633/1000], runtime:  2.30s, train err:  0.0520 (best:  0.0521/ 0.0514)
>> epoch [ 634/1000], runtime:  2.35s, train err:  0.0521 (best:  0.0521/ 0.0514)
>> epoch [ 635/1000], runtime:  2.30s, train loss: 0.0037, train err:  0.0513, valid err:  0.0525
>> epoch [ 636/1000], runtime:  2.34s, train err:  0.0521 (best:  0.0521/ 0.0514)
>> epoch [ 637/1000], runtime:  2.28s, train err:  0.0519 (best:  0.0521/ 0.0514)
>> epoch [ 638/1000], runtime:  2.24s, train loss: 0.0038, train err:  0.0518, valid err:  0.0515
>> epoch [ 639/1000], runtime:  2.31s, train err:  0.0516 (best:  0.0521/ 0.0514)
>> epoch [ 640/1000], runtime:  2.28s, train loss: 0.0038, train err:  0.0515, valid err:  0.0520
>> epoch [ 641/1000], runtime:  2.34s, train err:  0.0521 (best:  0.0521/ 0.0514)
>> epoch [ 642/1000], runtime:  2.23s, train err:  0.0520 (best:  0.0521/ 0.0514)
>> epoch [ 643/1000], runtime:  2.23s, train err:  0.0520 (best:  0.0521/ 0.0514)
>> epoch [ 644/1000], runtime:  2.36s, train err:  0.0517 (best:  0.0521/ 0.0514)
>> epoch [ 645/1000], runtime:  2.35s, train err:  0.0520 (best:  0.0521/ 0.0514)
>> epoch [ 646/1000], runtime:  2.42s, train err:  0.0520 (best:  0.0521/ 0.0514)
>> epoch [ 647/1000], runtime:  2.32s, train loss: 0.0037, train err:  0.0515, valid err:  0.0530
>> epoch [ 648/1000], runtime:  2.31s, train err:  0.0520 (best:  0.0521/ 0.0514)
>> epoch [ 649/1000], runtime:  2.17s, train err:  0.0519 (best:  0.0521/ 0.0514)
>> epoch [ 650/1000], runtime:  2.27s, train loss: 0.0038, train err:  0.0520, valid err:  0.0515
>> epoch [ 651/1000], runtime:  2.28s, train err:  0.0517 (best:  0.0521/ 0.0514)
>> epoch [ 652/1000], runtime:  2.29s, train loss: 0.0038, train err:  0.0518, valid err:  0.0515
>> epoch [ 653/1000], runtime:  2.28s, train err:  0.0517 (best:  0.0521/ 0.0514)
>> epoch [ 654/1000], runtime:  2.29s, train loss: 0.0038, train err:  0.0518, valid err:  0.0515
>> epoch [ 655/1000], runtime:  2.24s, train err:  0.0519 (best:  0.0521/ 0.0514)
>> epoch [ 656/1000], runtime:  1.65s, train loss: 0.0038, train err:  0.0523, valid err:  0.0515
>> epoch [ 657/1000], runtime:  1.38s, train err:  0.0516 (best:  0.0521/ 0.0514)
>> epoch [ 658/1000], runtime:  1.38s, train err:  0.0514 (best:  0.0521/ 0.0514)
>> epoch [ 659/1000], runtime:  1.73s, train err:  0.0522 (best:  0.0521/ 0.0514)
>> epoch [ 660/1000], runtime:  1.83s, train loss: 0.0037, train err:  0.0517, valid err:  0.0517
>> epoch [ 661/1000], runtime:  1.76s, train loss: 0.0037, train err:  0.0519, valid err:  0.0514
>> epoch [ 662/1000], runtime:  1.75s, train err:  0.0516 (best:  0.0521/ 0.0514)
>> epoch [ 663/1000], runtime:  1.72s, train err:  0.0519 (best:  0.0521/ 0.0514)
>> epoch [ 664/1000], runtime:  1.79s, train loss: 0.0037, train err:  0.0512, valid err:  0.0523
>> epoch [ 665/1000], runtime:  1.81s, train loss: 0.0038, train err:  0.0522, valid err:  0.0515
>> epoch [ 666/1000], runtime:  1.79s, train err:  0.0516 (best:  0.0521/ 0.0514)
>> epoch [ 667/1000], runtime:  1.87s, train err:  0.0519 (best:  0.0521/ 0.0514)
>> epoch [ 668/1000], runtime:  1.83s, train err:  0.0518 (best:  0.0521/ 0.0514)
>> epoch [ 669/1000], runtime:  1.79s, train err:  0.0519 (best:  0.0521/ 0.0514)
>> epoch [ 670/1000], runtime:  1.80s, train loss: 0.0037, train err:  0.0515, valid err:  0.0521
>> epoch [ 671/1000], runtime:  1.81s, train loss: 0.0037, train err:  0.0522, valid err:  0.0515
>> epoch [ 672/1000], runtime:  1.77s, train loss: 0.0038, train err:  0.0520, valid err:  0.0515
>> epoch [ 673/1000], runtime:  1.79s, train loss: 0.0037, train err:  0.0518, valid err:  0.0516
>> epoch [ 674/1000], runtime:  1.81s, train err:  0.0519 (best:  0.0521/ 0.0514)
>> epoch [ 675/1000], runtime:  1.80s, train err:  0.0517 (best:  0.0521/ 0.0514)
>> epoch [ 676/1000], runtime:  1.92s, train err:  0.0520 (best:  0.0521/ 0.0514)
>> epoch [ 677/1000], runtime:  1.81s, train err:  0.0518 (best:  0.0521/ 0.0514)
>> epoch [ 678/1000], runtime:  1.83s, train err:  0.0517 (best:  0.0521/ 0.0514)
>> epoch [ 679/1000], runtime:  1.78s, train loss: 0.0037, train err:  0.0519, valid err:  0.0518
>> epoch [ 680/1000], runtime:  1.79s, train loss: 0.0037, train err:  0.0513, valid err:  0.0521
>> epoch [ 681/1000], runtime:  1.77s, train err:  0.0521 (best:  0.0521/ 0.0514)
>> epoch [ 682/1000], runtime:  1.79s, train err:  0.0521 (best:  0.0521/ 0.0514)
>> epoch [ 683/1000], runtime:  1.80s, train err:  0.0516 (best:  0.0521/ 0.0514)
>> epoch [ 684/1000], runtime:  1.80s, train loss: 0.0038, train err:  0.0522, valid err:  0.0529
>> epoch [ 685/1000], runtime:  1.78s, train err:  0.0520 (best:  0.0521/ 0.0514)
>> epoch [ 686/1000], runtime:  1.78s, train err:  0.0515 (best:  0.0521/ 0.0514)
>> epoch [ 687/1000], runtime:  1.81s, train err:  0.0526 (best:  0.0521/ 0.0514)
>> epoch [ 688/1000], runtime:  1.72s, train loss: 0.0038, train err:  0.0518, valid err:  0.0514
>> epoch [ 689/1000], runtime:  1.78s, train loss: 0.0038, train err:  0.0514, valid err:  0.0519
>> epoch [ 690/1000], runtime:  1.80s, train err:  0.0520 (best:  0.0521/ 0.0514)
>> epoch [ 691/1000], runtime:  1.82s, train loss: 0.0037, train err:  0.0516, valid err:  0.0515
>> epoch [ 692/1000], runtime:  1.78s, train loss: 0.0037, train err:  0.0513, valid err:  0.0527
>> epoch [ 693/1000], runtime:  1.59s, train err:  0.0519 (best:  0.0521/ 0.0514)
>> epoch [ 694/1000], runtime:  1.78s, train err:  0.0518 (best:  0.0521/ 0.0514)
>> epoch [ 695/1000], runtime:  1.66s, train err:  0.0518 (best:  0.0521/ 0.0514)
>> epoch [ 696/1000], runtime:  1.75s, train loss: 0.0037, train err:  0.0516, valid err:  0.0516
>> epoch [ 697/1000], runtime:  1.71s, train loss: 0.0038, train err:  0.0515, valid err:  0.0523
>> epoch [ 698/1000], runtime:  1.71s, train loss: 0.0037, train err:  0.0521, valid err:  0.0514
>> epoch [ 699/1000], runtime:  1.62s, train loss: 0.0037, train err:  0.0521, valid err:  0.0516
>> epoch [ 700/1000], runtime:  1.49s, train err:  0.0517 (best:  0.0521/ 0.0514)
>> epoch [ 701/1000], runtime:  1.71s, train loss: 0.0037, train err:  0.0517, valid err:  0.0515
>> epoch [ 702/1000], runtime:  1.50s, train loss: 0.0037, train err:  0.0515, valid err:  0.0515
>> epoch [ 703/1000], runtime:  1.46s, train loss: 0.0037, train err:  0.0515, valid err:  0.0515
>> epoch [ 704/1000], runtime:  1.38s, train loss: 0.0037, train err:  0.0517, valid err:  0.0514
>> epoch [ 705/1000], runtime:  1.41s, train loss: 0.0037, train err:  0.0513, valid err:  0.0517
>> epoch [ 706/1000], runtime:  1.72s, train loss: 0.0037, train err:  0.0519, valid err:  0.0514
>> epoch [ 707/1000], runtime:  1.73s, train loss: 0.0037, train err:  0.0515, valid err:  0.0515
>> epoch [ 708/1000], runtime:  1.77s, train loss: 0.0037, train err:  0.0514, valid err:  0.0514
>> epoch [ 709/1000], runtime:  1.77s, train loss: 0.0037, train err:  0.0517, valid err:  0.0516
>> epoch [ 710/1000], runtime:  1.83s, train loss: 0.0037, train err:  0.0516, valid err:  0.0516
>> epoch [ 711/1000], runtime:  1.83s, train loss: 0.0037, train err:  0.0516, valid err:  0.0515
>> epoch [ 712/1000], runtime:  1.81s, train loss: 0.0037, train err:  0.0516, valid err:  0.0514
>> epoch [ 713/1000], runtime:  1.75s, train loss: 0.0037, train err:  0.0516, valid err:  0.0515
>> epoch [ 714/1000], runtime:  1.86s, train loss: 0.0037, train err:  0.0514, valid err:  0.0516
>> epoch [ 715/1000], runtime:  1.82s, train loss: 0.0038, train err:  0.0520, valid err:  0.0515
>> epoch [ 716/1000], runtime:  1.67s, train loss: 0.0037, train err:  0.0514, valid err:  0.0516
>> epoch [ 717/1000], runtime:  1.69s, train loss: 0.0037, train err:  0.0517, valid err:  0.0514
>> epoch [ 718/1000], runtime:  1.70s, train loss: 0.0037, train err:  0.0516, valid err:  0.0514
>> epoch [ 719/1000], runtime:  1.80s, train loss: 0.0037, train err:  0.0515, valid err:  0.0515
>> epoch [ 720/1000], runtime:  1.81s, train loss: 0.0037, train err:  0.0517, valid err:  0.0514
>> epoch [ 721/1000], runtime:  1.72s, train loss: 0.0037, train err:  0.0516, valid err:  0.0514
>> epoch [ 722/1000], runtime:  1.72s, train loss: 0.0037, train err:  0.0513, valid err:  0.0516
>> epoch [ 723/1000], runtime:  1.68s, train loss: 0.0037, train err:  0.0519, valid err:  0.0514
----------------------------------------------------------------------------------------------------
----------------------------------------------------------------------------------------------------
>> ntrain: 200, lr: 0.001, gamma: 0.5, w_d: 0.0
>> Best train loss:  0.0038
>> Best train error:  0.0521
>> Best valid error:  0.0514
>> Best test error:  0.0513
>> Best epoch: 621
----------------------------------------------------------------------------------------------------
----------------------------------------------------------------------------------------------------
>> Training Completed!!
