0
/root/autodl-tmp/project/MPNO_final/BlatzKo_1d/1d_nonlocal_BlatzKo_analytical_data/BlatzKo_1d_analytical_u_ex37_sample_10.py:99: IntegrationWarning: The occurrence of roundoff error is detected, which prevents 
  the requested tolerance from being achieved.  The error may be 
  underestimated.
  I1, err1[n,i-m_fact] = integrate.quad(f, 0, delta, epsabs=1e-16, epsrel=1e-16)
/root/autodl-tmp/project/MPNO_final/BlatzKo_1d/1d_nonlocal_BlatzKo_analytical_data/BlatzKo_1d_analytical_u_ex37_sample_10.py:100: IntegrationWarning: The occurrence of roundoff error is detected, which prevents 
  the requested tolerance from being achieved.  The error may be 
  underestimated.
  I2, err2[n,i-m_fact] = integrate.quad(f, -delta, 0, epsabs=1e-16, epsrel=1e-16)
1.4937602880314785e-15 1.7341256092224551e-15
1
2.2460571636966576e-15 2.7071520540477e-15
2
1.7559945042900888e-15 2.0826360325662858e-15
3
3.2838885781263028e-15 2.9063159316545886e-15
4
2.3743018985909635e-15 2.3791116066178565e-15
5
2.2835487817318234e-15 1.696300740630136e-15
6
1.8506904030943e-15 1.884093934616758e-15
7
3.3023351945087357e-15 2.0859182033217115e-15
8
2.8404376789973125e-15 2.3315668923643687e-15
9
2.6996182138501037e-15 2.6853941205227384e-15
10
2.435854446748401e-15 2.1599413628646434e-15
11
3.1562726716682975e-15 3.396886946055888e-15
12
2.8683095976117768e-15 2.3730649049674183e-15
13
3.299420065014524e-15 2.8665959713521206e-15
14
4.0969071082985464e-15 3.894624146333651e-15
15
2.4426417825857167e-15 2.6663973234234128e-15
16
1.2056876236392634e-15 1.4414749094056403e-15
17
2.0256796081592754e-15 2.119820274138301e-15
18
1.8358197950200477e-15 2.1991035396994723e-15
19
2.8368134505509367e-15 2.4138859816360772e-15
20
2.3453039247845125e-15 1.4114739699037743e-15
21
1.6752403154283972e-15 1.4007588032076233e-15
22
4.040769133388653e-15 3.34383133260041e-15
23
3.7916446129134394e-15 3.535427409829167e-15
24
3.010910122394676e-15 4.917725375283829e-15
25
1.702225189227184e-15 2.2316767920375088e-15
26
2.2307293065056913e-15 2.012537014138836e-15
27
3.525579224136532e-15 2.7486081978127934e-15
28
2.625434143386384e-15 2.2101225499490546e-15
29
1.893652859778739e-15 2.039935693375909e-15
30
2.9538773063728305e-15 2.3969007962571147e-15
31
2.549960320024881e-15 2.0667984371792202e-15
32
1.1020431617770345e-15 9.565884085117061e-16
33
2.217290120335814e-15 1.5898445799015787e-15
34
2.0478438353879147e-15 3.074125338970021e-15
35
2.592561597847394e-15 1.6399690638842717e-15
36
3.0162126406033087e-15 1.8396979549677327e-15
37
2.4524048909298285e-15 1.8234111398750744e-15
38
2.053816508507688e-15 2.285947278608031e-15
39
2.0986526319426897e-15 2.1264292644900115e-15
40
2.450858218680065e-15 2.3730394201874686e-15
41
2.4117736158946537e-15 1.783277755710705e-15
42
1.9926092549950148e-15 1.913724850302576e-15
43
1.7697472182723699e-15 1.2456550255024233e-15
44
2.7152913411502303e-15 2.233224930363509e-15
45
2.3455209085037168e-15 2.771710449451498e-15
46
3.0938564448048484e-15 2.8129083666227524e-15
47
1.6776576403264517e-15 1.6152972118461981e-15
48
1.6770964593758341e-15 2.0287586987496855e-15
49
2.196947211270515e-15 2.22823349761042e-15
50
3.055663523062186e-15 2.5329613089576262e-15
51
1.8342066131405745e-15 2.0890101190939526e-15
52
1.996130580971613e-15 2.741601890437331e-15
53
2.2073558041328462e-15 4.093945686682319e-15
54
3.7516801472215635e-15 2.318811010329682e-15
55
1.8166895475604777e-15 2.3376641648030315e-15
56
2.4888324138001653e-15 1.6972260449862189e-15
57
2.18336650854005e-15 2.417809350699065e-15
58
2.4949505138443313e-15 2.5502844810437195e-15
59
2.2758137420914485e-15 3.4142036768672463e-15
60
2.0156883085401026e-15 2.0848984951872147e-15
61
2.2658935320600507e-15 2.3313477405732947e-15
62
2.1487236892160755e-15 2.659637288495916e-15
63
2.4822139604951824e-15 3.7434534393235824e-15
64
2.3108234283843234e-15 2.1008047013427214e-15
65
3.540155551657148e-15 2.7413236882069995e-15
66
1.5798548414857711e-15 2.1147331829086222e-15
67
3.2482828135923762e-15 3.342044768881242e-15
68
2.4374312315375298e-15 1.916141042206713e-15
69
2.8755801829066326e-15 3.0346512618928267e-15
70
4.6774401361859196e-15 3.366622183050086e-15
71
1.9433530849204968e-15 3.169399507341284e-15
72
2.4146686383612666e-15 2.234202126880972e-15
73
2.467192823287248e-15 2.745322064257849e-15
74
1.997862135762209e-15 1.9345306292461197e-15
75
3.3428983415331487e-15 2.3717415265146665e-15
76
3.6879784314662186e-15 3.9632932546355115e-15
77
2.98190738742542e-15 2.8006427250102063e-15
78
1.8256391105891757e-15 2.0436724647194036e-15
79
2.317152487180873e-15 2.2447157378963725e-15
80
1.4398251462874508e-15 1.541885025605611e-15
81
1.3981884029330797e-15 2.038179277242008e-15
82
2.461370724907348e-15 2.0456011744133823e-15
83
2.8834863667925907e-15 2.096590323836684e-15
84
2.217509637010753e-15 2.0862461991373406e-15
85
1.5143745427041156e-15 1.7192999739777652e-15
86
1.9894907088101924e-15 1.4705736865191501e-15
87
2.1738481488909578e-15 3.4120770561702063e-15
88
1.733197781629693e-15 2.3202822186843854e-15
89
2.5392488399515712e-15 3.4414073929103174e-15
90
2.1914273123866796e-15 2.266211621532923e-15
91
3.653317584857532e-15 2.7847299261632754e-15
92
2.2002932112835003e-15 1.9706628806915228e-15
93
1.9861347198282075e-15 1.9101975972376057e-15
94
2.411040426124913e-15 2.3496842840830296e-15
95
2.0093116190648117e-15 1.5661802444962203e-15
96
2.2124385327419255e-15 3.0901257589125296e-15
97
1.5098014713460418e-15 1.557374945987683e-15
98
1.7484786483130312e-15 1.9765344986169207e-15
99
2.038246909495383e-15 2.8940693881027842e-15
4.6774401361859196e-15
4.917725375283829e-15
