0
/root/autodl-tmp/project/MPNO_final/BlatzKo_1d/1d_nonlocal_BlatzKo_analytical_data/BlatzKo_1d_analytical_u_ex37_sample_largestrain.py:99: IntegrationWarning: The occurrence of roundoff error is detected, which prevents 
  the requested tolerance from being achieved.  The error may be 
  underestimated.
  I1, err1[n,i-m_fact] = integrate.quad(f, 0, delta, epsabs=1e-16, epsrel=1e-16)
/root/autodl-tmp/project/MPNO_final/BlatzKo_1d/1d_nonlocal_BlatzKo_analytical_data/BlatzKo_1d_analytical_u_ex37_sample_largestrain.py:100: IntegrationWarning: The occurrence of roundoff error is detected, which prevents 
  the requested tolerance from being achieved.  The error may be 
  underestimated.
  I2, err2[n,i-m_fact] = integrate.quad(f, -delta, 0, epsabs=1e-16, epsrel=1e-16)
5.3351044832668626e-15 5.3914880288534995e-15
1
6.4073728567802186e-15 6.399691748933564e-15
2
4.931889252051192e-15 4.885138719199672e-15
3
5.995420883719656e-15 5.9520145145126175e-15
4
8.00398362837519e-15 8.079107304892807e-15
5
2.818045195282973e-15 2.856959387267216e-15
6
4.710474529335675e-15 4.6960495083247225e-15
7
8.41584190387818e-15 8.360008894901606e-15
8
6.261064964937816e-15 6.31400405249813e-15
9
5.2477846176886685e-15 5.211210890442505e-15
10
6.8537947307122756e-15 6.848674020750967e-15
11
9.86222335894427e-15 6.1172618887300665e-15
12
6.57661647678504e-15 6.5572048771071264e-15
13
4.552784560884401e-15 4.863458926030568e-15
14
6.6241728361704006e-15 6.608527114474665e-15
15
4.096369914709313e-15 4.1498839808876495e-15
16
3.984816187677776e-15 3.978571910424765e-15
17
5.7723935420153046e-15 5.733036943435677e-15
18
6.416798627517159e-15 6.39951743762888e-15
19
7.357581514906271e-15 7.146252345846877e-15
20
1.015237247642976e-14 1.0240701432884183e-14
21
7.1041661241862146e-15 7.089172436200188e-15
22
6.953799660119474e-15 6.939541321762794e-15
23
9.854757922804196e-15 9.902504478478153e-15
24
8.532012552215566e-15 8.474936034532377e-15
25
9.670517189370315e-15 9.689887740751159e-15
26
5.927008115879001e-15 5.847253212873135e-15
27
7.661322802745573e-15 7.656073018561794e-15
28
1.2253650362908802e-14 1.2044329031228993e-14
29
1.122936797167954e-14 7.254278655110953e-15
30
5.742213755891982e-15 8.607405029107558e-15
31
3.2170099944149166e-15 3.170206445406446e-15
32
1.1917869876358304e-14 1.2058928976216082e-14
33
5.5544575914264116e-15 5.582733126036389e-15
34
5.62778129786045e-15 5.245244546005912e-15
35
7.241176203556078e-15 7.189685770377273e-15
36
5.092453956347873e-15 5.050714942743742e-15
37
7.705500557985803e-15 7.606039411971242e-15
38
7.870063168828e-15 7.886721116421876e-15
39
6.953289055063861e-15 7.03161478198695e-15
40
7.580876539946092e-15 6.010009361723311e-15
41
5.502260790439134e-15 5.542145550142203e-15
42
7.106380520763787e-15 7.120175550563279e-15
43
5.091036779756988e-15 6.224337273808991e-15
44
8.34138987022546e-15 8.187156714183856e-15
45
7.494804994005811e-15 7.544025072047534e-15
46
3.8255235164946225e-15 3.748386562381405e-15
47
1.308403547303608e-14 1.3094020935878055e-14
48
7.080784282663039e-15 7.203718118825782e-15
49
1.0588587214075722e-14 1.062343686123929e-14
50
8.898243021604154e-15 8.977736181378893e-15
51
4.648334084779338e-15 4.672650398177495e-15
52
4.825050615756157e-15 4.619909116497873e-15
53
5.515653040062191e-15 5.540430081616515e-15
54
4.0712863496331045e-15 3.995209872985896e-15
55
6.428484698804393e-15 6.417639273098707e-15
56
6.0104705596182465e-15 4.6033759356304e-15
57
1.0484113846420155e-14 1.032354731740387e-14
58
4.377630492050706e-15 4.626785564710938e-15
59
4.6453898575213765e-15 7.606692456324799e-15
60
7.729059028962166e-15 7.779588077377739e-15
61
8.997366098697482e-15 9.031094126652686e-15
62
8.672793651954215e-15 8.58056452735479e-15
63
8.333088841495709e-15 8.513552556118029e-15
64
9.925063025497246e-15 9.984141656838587e-15
65
9.581841195320764e-15 9.631458144025606e-15
66
5.224877736888436e-15 2.7423781070000777e-15
67
4.8703841023125956e-15 3.7271469030141574e-15
68
7.697627110543067e-15 7.660944283679526e-15
69
3.2565103247598255e-15 3.0587058853809262e-15
70
7.243715676503288e-15 5.994819257345643e-15
71
5.145697042813253e-15 5.066484796641265e-15
72
4.468461926525986e-15 4.099891698442714e-15
73
3.823034907600301e-15 3.791247818023663e-15
74
1.0646290265051945e-14 1.055962614437672e-14
75
5.368517259969229e-15 5.026249989576175e-15
76
5.091218959959539e-15 5.433394800406059e-15
77
7.457183437158606e-15 7.408748773740713e-15
78
6.052741073297831e-15 7.872875361063388e-15
79
3.923903624088618e-15 3.8833073076139625e-15
80
7.55321911544432e-15 7.588865922449492e-15
81
1.0737947795375264e-14 1.0694466100482313e-14
82
7.431508921637902e-15 7.473838930033421e-15
83
8.059829493560975e-15 8.004726184885023e-15
84
5.478419285931175e-15 5.330602211786652e-15
85
1.1626121807538313e-14 1.1662403193407742e-14
86
7.759504514193066e-15 7.947831973978296e-15
87
7.774639413910917e-15 7.670341085675392e-15
88
3.964670741392643e-15 2.9819044578542863e-15
89
4.920247259671048e-15 7.064127086930451e-15
90
1.1657951142533314e-14 1.1766420636819856e-14
91
5.376320471280403e-15 5.2879704339926315e-15
92
4.573400264859088e-15 5.143403904198346e-15
93
9.038544193263717e-15 1.3856578440360738e-14
94
1.8963849885685075e-15 1.8843672461568105e-15
95
7.00753496014208e-15 6.789671113104238e-15
96
2.471127939920727e-15 2.4437064878391517e-15
97
4.045807344966574e-15 4.078686903433762e-15
98
9.966482158525464e-15 9.918632739995602e-15
99
4.984594137001062e-15 6.6587367313949944e-15
1.308403547303608e-14
1.3856578440360738e-14
