PID: 182803
0
9.91563183536712e-13 9.844659332965222e-13
1
9.957763576756237e-13 9.953487351627918e-13
2
9.549028234800971e-13 9.97704911562466e-13
3
9.880175492342863e-13 9.808320944714915e-13
4
9.912806733337361e-13 9.995865741423698e-13
5
9.998543160363467e-13 9.85894451238071e-13
6
9.969234622254864e-13 9.868859238776473e-13
7
9.84038221648471e-13 9.942749128771313e-13
8
9.914488768477595e-13 9.993388966755719e-13
9
9.857681671703077e-13 9.867780954138902e-13
10
9.966183242629127e-13 9.853712620245418e-13
11
9.964102098803322e-13 9.951206525471434e-13
12
9.942081869817457e-13 9.954712056657585e-13
13
9.970577600771174e-13 9.937793682979802e-13
14
9.966879837913457e-13 9.919388821448223e-13
15
9.996051752648711e-13 9.979794768355532e-13
16
9.888929952683867e-13 9.968746289105265e-13
17
9.82100390721006e-13 9.971615091116556e-13
18
9.998043403534019e-13 9.87745777814088e-13
19
9.938690370205575e-13 9.594693968122848e-13
20
9.945877211047936e-13 9.990920131631439e-13
21
9.793944194099135e-13 9.92382764732457e-13
22
9.98939853790357e-13 9.939989880563814e-13
23
9.842354979990825e-13 9.911432902304515e-13
24
9.969471736755135e-13 9.602995555013222e-13
25
9.890563070577919e-13 9.97631007197472e-13
26
9.760482242670162e-13 9.93515281287738e-13
27
9.9409340922431e-13 9.800178830833197e-13
28
9.85725923575452e-13 9.947740077589163e-13
29
9.98987725140142e-13 9.932768406243595e-13
30
9.99833317842157e-13 9.90933821963381e-13
31
9.825329891725818e-13 9.975537059629694e-13
32
9.987559337263982e-13 9.98314414503508e-13
33
9.752022488592588e-13 9.930643974555502e-13
34
9.759034783650748e-13 9.780910317373117e-13
35
9.95958720959603e-13 9.931367503835397e-13
36
9.981401124646995e-13 9.915353713577236e-13
37
9.742530604685033e-13 9.937434500372277e-13
38
9.789400770320684e-13 9.735727063795774e-13
39
9.938761012370352e-13 9.92206483936665e-13
40
9.893144743366081e-13 9.830393365995233e-13
41
9.987692486251117e-13 9.919245341845804e-13
42
9.985519355826256e-13 9.938048539363963e-13
43
9.98673366225944e-13 9.852877263290604e-13
44
9.949402795385695e-13 9.602342706837856e-13
45
9.98792660702169e-13 9.814409444253169e-13
46
9.640120571711357e-13 9.739915482820627e-13
47
9.951581841601372e-13 9.817335528828861e-13
48
9.627181540783909e-13 9.954259638789154e-13
49
9.988192556407045e-13 9.921367742709288e-13
50
9.949626609587811e-13 9.92412288395584e-13
51
9.735874749830544e-13 9.957035196350716e-13
52
9.995980195784187e-13 9.94755112937657e-13
53
9.854931725522365e-13 9.947365092916474e-13
54
9.940936962493652e-13 9.950489916184768e-13
55
9.76954219604007e-13 9.857802882973092e-13
56
9.809819377826195e-13 9.903909804203776e-13
57
9.989836835143301e-13 9.90619735811557e-13
58
9.98358641039082e-13 9.96521645869905e-13
59
9.89173537795064e-13 9.938060163416391e-13
60
9.956410829565491e-13 9.767759316066191e-13
61
9.924691669231202e-13 9.982754025983878e-13
62
9.858737407163055e-13 9.94094934821121e-13
63
9.72910043801408e-13 9.93047758181467e-13
64
9.749178123126896e-13 9.97028044187083e-13
65
9.767697167690886e-13 9.97830762608586e-13
66
9.93205517829665e-13 9.84211924616951e-13
67
9.858159455826463e-13 9.850301920831259e-13
68
9.953192499656484e-13 9.957545124135478e-13
69
9.993727046989717e-13 9.999236278602614e-13
70
9.988193531603512e-13 9.644406176636344e-13
71
9.94136524029333e-13 9.870017197484968e-13
72
9.840296554491333e-13 9.978262402853488e-13
73
9.342811250441824e-13 9.9947839206525e-13
74
9.934711856939389e-13 9.977116103433163e-13
75
9.910692599161423e-13 9.98255696181367e-13
76
9.991086903388558e-13 9.889478467397707e-13
77
9.926123391694644e-13 9.940287711739581e-13
78
9.915956944439586e-13 9.874810974213868e-13
79
9.93498360643755e-13 9.821034031107665e-13
80
9.961504182654945e-13 9.945215912705245e-13
81
9.903979100311562e-13 9.597418532977665e-13
82
9.836884308422257e-13 9.974133918387071e-13
83
9.78683058106014e-13 9.864191203902723e-13
84
9.98614930103574e-13 9.99556885695052e-13
85
9.995287115756082e-13 9.977560170821491e-13
86
9.889465244807581e-13 9.71193782450622e-13
87
9.87358973939989e-13 9.947248990875148e-13
88
9.996618135270966e-13 9.949026552169393e-13
89
9.904666366937834e-13 9.85866546502496e-13
90
9.940801508297355e-13 9.734255843283501e-13
91
9.877885389954405e-13 9.816695006097548e-13
92
9.9685654051697e-13 9.953951021673077e-13
93
9.739496935766967e-13 9.993916098879603e-13
94
9.671913150337734e-13 9.971525384571557e-13
95
9.959210106358116e-13 9.614972078440704e-13
96
9.963303231230709e-13 9.953604136675187e-13
97
9.955467725230225e-13 9.963925106339284e-13
98
9.975908987769344e-13 9.881950176866714e-13
99
9.999032224365762e-13 9.836817844642467e-13
100
9.91969676752143e-13 9.55247534861399e-13
101
9.896064737267776e-13 9.857294310776035e-13
102
9.960170788689624e-13 9.907240431035472e-13
103
9.981719036678475e-13 9.998225302475465e-13
104
9.911540329674283e-13 9.88163149170702e-13
105
9.936472476056675e-13 9.902178549595384e-13
106
9.952035065571868e-13 9.891785122653428e-13
107
9.981020368157406e-13 9.791987154708646e-13
108
9.736225225541569e-13 9.960769767791534e-13
109
9.758444052820892e-13 9.990191876584179e-13
110
9.858463127007664e-13 9.947213531599499e-13
111
9.995971065380077e-13 9.942246771362243e-13
112
9.954408595302343e-13 9.784995313116317e-13
113
9.574986874883007e-13 9.83567712458756e-13
114
9.794762119256059e-13 9.9499650341919e-13
115
9.997476371051956e-13 9.89000220804031e-13
116
9.890428947275262e-13 9.803824418952445e-13
117
9.944348643916185e-13 9.972136687363473e-13
118
9.927872177972766e-13 9.779399512410691e-13
119
9.99297851595864e-13 9.868451221504274e-13
120
9.965297134542411e-13 9.86433451096961e-13
121
9.937733079461086e-13 9.998629577084576e-13
122
9.94565665012661e-13 9.968334240839759e-13
123
9.938508349627284e-13 9.973688541720094e-13
124
9.971236208020157e-13 9.942234010844432e-13
125
9.999233864178939e-13 9.853794994370375e-13
126
9.936794581462677e-13 9.93068524186372e-13
127
9.978908253085024e-13 9.910896690732745e-13
128
9.986121210851762e-13 9.63976658885013e-13
129
9.68634099270602e-13 9.630074515598608e-13
130
9.69502256253918e-13 9.887368701555488e-13
131
9.864706183115164e-13 9.9927011110168e-13
132
9.60620433585732e-13 9.933127692066903e-13
133
9.885599283609992e-13 9.956687379921862e-13
134
9.994911668118563e-13 9.854896369170671e-13
135
9.751713325734102e-13 9.530210249751027e-13
136
9.939484237793546e-13 9.875534285463948e-13
137
9.958538654024058e-13 9.80473053836401e-13
138
9.9535021014731e-13 9.927029077518739e-13
139
1.0030164607122324e-12 9.82894321488459e-13
140
9.977247762860969e-13 9.95205750272966e-13
141
9.842906917719056e-13 9.93972291931464e-13
142
9.974827318402116e-13 9.796548813510036e-13
143
9.988831422071893e-13 9.873213357991517e-13
144
9.949464213768838e-13 9.791056854169256e-13
145
9.99979170338859e-13 9.970988294906412e-13
146
9.9357154474875e-13 9.990597568027445e-13
147
9.570193415467456e-13 9.965965460773718e-13
148
9.905718146248005e-13 9.905922804143121e-13
149
9.732505206176028e-13 9.92367504212231e-13
150
9.810937395949847e-13 9.813037585508302e-13
151
9.856284009322208e-13 9.799839163970897e-13
152
9.896528041508645e-13 9.858809143704165e-13
153
9.905024639667076e-13 9.958766265369049e-13
154
9.979016709461712e-13 9.842427868540253e-13
155
9.998052397925788e-13 9.968158086789343e-13
156
9.761635944016689e-13 9.869137004179338e-13
157
9.976229294657995e-13 9.922146052579692e-13
158
9.873897686497516e-13 9.887906044911693e-13
159
9.90439828781565e-13 9.764812472114992e-13
160
9.572803688359538e-13 9.768654331829202e-13
161
9.849306232131322e-13 9.97465919644049e-13
162
9.996909261746529e-13 9.974558716136863e-13
163
9.843398088094468e-13 9.909372882183107e-13
164
9.930836203130504e-13 9.915680682120336e-13
165
9.90031510083406e-13 9.986881526975876e-13
166
9.902356712387927e-13 9.79833149170005e-13
167
9.93822585143388e-13 9.834388729637587e-13
168
9.814335502342777e-13 9.80976917634216e-13
169
9.887454052890471e-13 9.88062788406003e-13
170
9.902041726060451e-13 9.94562381919575e-13
171
9.97937557118503e-13 9.96862623671303e-13
172
9.987659485835688e-13 9.97837334004112e-13
173
9.958904049853795e-13 9.864489094696055e-13
174
9.657096310971339e-13 9.960345330169577e-13
175
9.83473754704819e-13 9.90044356229119e-13
176
9.977574322306282e-13 9.97390940708572e-13
177
9.873727340785326e-13 9.891331684013089e-13
178
9.947977702315648e-13 9.518576281314015e-13
179
9.996501216906448e-13 9.839354572501231e-13
180
9.938485347650333e-13 9.988227552020455e-13
181
9.889960000673286e-13 9.638749846532697e-13
182
9.865413052027527e-13 9.997758391056642e-13
183
9.914264098980794e-13 9.894614296889562e-13
184
9.954259638789154e-13 9.865588214339835e-13
185
9.95950464058793e-13 9.713349522958536e-13
186
9.673754540297057e-13 9.930404256586856e-13
187
9.992530225560762e-13 9.948345722156038e-13
188
9.54265287045515e-13 9.83852334676578e-13
189
9.996918493821716e-13 9.8310093727132e-13
190
9.932210122923493e-13 9.94693085425886e-13
191
9.596975638797585e-13 9.992953440014204e-13
192
9.989440559330298e-13 9.973020810865173e-13
193
9.908329306553018e-13 9.989795122967316e-13
194
9.769777996996943e-13 9.670645089961581e-13
195
9.896123065024769e-13 9.992007221626409e-13
196
9.955339070832317e-13 9.964273738497372e-13
197
9.83470515917146e-13 9.839605307674355e-13
198
9.98790286894641e-13 9.831830019539056e-13
199
9.89906007630378e-13 9.956971224981468e-13
200
9.8800832311912e-13 9.84603101522824e-13
201
9.973458467397557e-13 9.828475942572568e-13
202
9.810938786154885e-13 9.849456099940077e-13
203
9.90124337244956e-13 9.931258525704265e-13
204
9.596281230457448e-13 9.82328692944994e-13
205
9.849281373331596e-13 9.915521883068188e-13
206
9.95248943243846e-13 9.997839386177454e-13
207
9.945932966104465e-13 9.96494553540117e-13
208
9.994426674591388e-13 9.728132436816564e-13
209
9.396044124130546e-13 9.926760923854324e-13
210
9.897083153020958e-13 9.517635967387153e-13
211
9.826981333054026e-13 9.553203852657264e-13
212
9.989432261877627e-13 1.034699850112179e-12
213
9.936075138347262e-13 9.999697910660343e-13
214
9.973239306740233e-13 9.98810682296627e-13
215
9.960771675699248e-13 9.98146010289247e-13
216
9.9557224361017e-13 9.878141314682959e-13
217
9.970315922559177e-13 9.995647400967572e-13
218
9.962323703731623e-13 9.987334565921776e-13
219
9.963825660009829e-13 9.773243362991436e-13
220
9.891296926714133e-13 9.913123328942348e-13
221
9.98885875734547e-13 9.980221975775695e-13
222
9.632572517404014e-13 9.82462382072055e-13
223
9.950373858202965e-13 9.971843689766498e-13
224
9.715090058432131e-13 9.9056767163832e-13
225
9.982273040766748e-13 9.979700433912333e-13
226
9.936665773285041e-13 9.9721882297417e-13
227
9.964649070707964e-13 9.902720283481736e-13
228
9.910326894370946e-13 9.98023221039864e-13
229
9.886601520513159e-13 9.869667108695498e-13
230
9.862666239257578e-13 9.921631599234316e-13
231
9.976450383700658e-13 9.959410742033036e-13
232
9.93460965422222e-13 9.908598929530915e-13
233
9.744357890143492e-13 2.0291794496131587e-12
234
9.977884719657725e-13 9.959090921931427e-13
235
9.943629303303312e-13 9.751393516578952e-13
236
9.980703165888848e-13 9.757331452492821e-13
237
9.877711904848839e-13 9.66983554672937e-13
238
9.877588140658902e-13 9.98464726467973e-13
239
9.964871045938159e-13 9.947185004986376e-13
240
9.927382969970584e-13 9.936014919152815e-13
241
9.949205109416974e-13 9.771248165237928e-13
242
9.812979833958223e-13 9.872616689760682e-13
243
9.91040582931646e-13 9.984012730054319e-13
244
9.997418844350775e-13 9.58833824874134e-13
245
9.932610289808963e-13 9.941165820671063e-13
246
9.756046297364793e-13 9.904993492071412e-13
247
9.861229939884998e-13 9.891466338993036e-13
248
9.988224876468575e-13 9.942109492160418e-13
249
9.799309579898433e-13 9.76044986128875e-13
250
9.924283617124274e-13 9.937904436906102e-13
251
9.86658112825934e-13 9.9363068787007e-13
252
9.957638440478397e-13 9.530341417158358e-13
253
9.919565169269617e-13 9.885980922774706e-13
254
9.921722918825989e-13 9.554005124970722e-13
255
9.613698725985387e-13 9.86040770007559e-13
256
9.842600926048698e-13 9.81230493505497e-13
257
1.1899656066867899e-12 1.651855431834854e-12
258
9.7590081269033e-13 9.71039955253976e-13
259
9.977248356499608e-13 9.940354647047597e-13
260
9.988884299846408e-13 9.915351681165257e-13
261
9.848215591225193e-13 9.965030471540306e-13
262
9.964547063283034e-13 9.943085378360627e-13
263
9.929934777860426e-13 9.579952131045784e-13
264
9.951736895164755e-13 9.658449791434195e-13
265
9.970814811704047e-13 9.969117545360895e-13
266
9.90445643542344e-13 9.798570694423336e-13
267
9.94887231924518e-13 9.964012136097514e-13
268
9.837157619704866e-13 9.946833447823308e-13
269
9.85172013809644e-13 9.988020452544468e-13
270
9.9811596953267e-13 9.862958050827061e-13
271
9.352518759442319e-13 1.0515109252586082e-12
272
9.93704112762638e-13 9.94517677339108e-13
273
9.970467814880903e-13 9.764542518109378e-13
274
9.950498244058438e-13 9.901799465573927e-13
275
9.977116395088218e-13 9.984953027692855e-13
276
9.665030995810738e-13 9.842171601589985e-13
277
9.976908459950508e-13 9.992897697870023e-13
278
9.976200397111244e-13 9.934990026190063e-13
279
9.72818589344428e-13 9.81266846751281e-13
280
9.817979762516416e-13 9.765271133336652e-13
281
9.963761845910647e-13 9.974643527835578e-13
282
1.131916305421285e-12 9.877130704987105e-13
283
9.893853450274395e-13 9.98127675477043e-13
284
9.803727780279752e-13 9.918437491544985e-13
285
9.784029634453384e-13 9.59438562815262e-13
286
9.730188318871683e-13 9.939826739469027e-13
287
9.95395493550477e-13 9.799583904785922e-13
288
9.898004042296543e-13 9.86514039708552e-13
289
9.90152623039622e-13 9.411083682697965e-13
290
9.97141133699548e-13 9.625853316300325e-13
291
9.8371572295155e-13 9.413331125744525e-13
292
9.98863157855927e-13 9.740395157143442e-13
293
9.820771127677938e-13 9.890138915285015e-13
294
9.998669433806282e-13 9.583722704320508e-13
295
9.707864824543822e-13 9.803533283898627e-13
296
9.987577660761461e-13 9.961460885922885e-13
297
9.985188438985688e-13 9.846145862540168e-13
298
9.912817757867857e-13 9.904360793980245e-13
299
9.805528387335237e-13 9.993759448508845e-13
300
9.948291664871366e-13 9.94260229703059e-13
301
9.98436890106332e-13 9.98146010289247e-13
302
9.97816430337638e-13 9.974486206606068e-13
303
9.979658806862004e-13 9.996335433626768e-13
304
9.877909394900757e-13 9.996554563087963e-13
305
9.982659739416754e-13 9.690045962356035e-13
306
9.999931297788313e-13 9.939258041785416e-13
307
9.507533649255606e-13 9.929825572946614e-13
308
9.975271629126501e-13 9.900848433641278e-13
309
9.815934039084825e-13 9.937451506505177e-13
310
9.695017537634546e-13 9.869243143788023e-13
311
9.920630392378534e-13 9.925018381990435e-13
312
9.512045895277235e-13 9.722590607177869e-13
313
9.84963435280612e-13 9.969890064898474e-13
314
9.901580640924713e-13 9.847418545153762e-13
315
9.849898674474389e-13 9.943053795980181e-13
316
1.291160567346949e-12 9.729143929693839e-13
317
9.831024883055761e-13 9.968481273501868e-13
318
9.858948963170752e-13 9.978859457450855e-13
319
9.868539247205764e-13 9.970124965991251e-13
320
9.906699450579434e-13 1.0127537710022521e-12
321
9.93441975180988e-13 9.952445439293965e-13
322
9.969167248757931e-13 9.868816344197325e-13
323
9.957194008002138e-13 9.966125586859467e-13
324
9.746092821671937e-13 9.994893067787021e-13
325
9.942463519152511e-13 9.998186185744896e-13
326
9.987790200335868e-13 9.806944503671467e-13
327
9.800791351666076e-13 9.95106320807977e-13
328
9.889127386046103e-13 9.944858080846441e-13
329
9.912848913420457e-13 9.985921904293916e-13
330
9.989209937548297e-13 9.855702098241946e-13
331
9.777303146823144e-13 9.972017158816274e-13
332
9.9685176845657e-13 9.993775744356235e-13
333
9.945846382140461e-13 9.95461111111914e-13
334
9.96919929911791e-13 9.99507823568749e-13
335
9.933786589553336e-13 9.862742800977494e-13
336
9.976131793487228e-13 9.955295295777985e-13
337
9.42708957090498e-13 9.873284926258427e-13
338
9.927903511167032e-13 9.929556251303053e-13
339
9.855334330305898e-13 9.925948951661212e-13
340
9.942283572887894e-13 9.966422274826996e-13
341
9.77789920503817e-13 9.976310124838411e-13
342
9.964470862687112e-13 9.788747196869126e-13
343
9.8714614444434e-13 9.953780775883843e-13
344
9.968137426596968e-13 9.97641996141483e-13
345
9.86927245164843e-13 9.711777681994281e-13
346
9.880754767798303e-13 9.917007627526228e-13
347
9.917963172324414e-13 9.748286400115613e-13
348
9.917945875700805e-13 9.857590990449195e-13
349
1.0365043105523014e-12 9.94890610031336e-13
350
9.978871251759906e-13 9.967287247266629e-13
351
9.88566896570184e-13 9.677948563667537e-13
352
9.98421675227212e-13 9.832417755853155e-13
353
9.98983419723428e-13 9.791611965681568e-13
354
9.977479928305045e-13 9.991336372573736e-13
355
9.952149763654533e-13 9.991116202572532e-13
356
9.885664918604887e-13 9.926261155664035e-13
357
9.83968067568296e-13 9.726961784188206e-13
358
9.952330061891446e-13 9.995124495682095e-13
359
9.97621913152996e-13 9.980738234857055e-13
360
9.967614539166868e-13 9.963978624461695e-13
361
9.855553700412415e-13 9.962612815809698e-13
362
9.889628966998284e-13 9.99321140061658e-13
363
9.979059664515555e-13 9.94740953321847e-13
364
9.944995420770852e-13 9.828627990923673e-13
365
9.972719241101455e-13 9.99360970537878e-13
366
9.77619238866884e-13 9.96379482077087e-13
367
9.94520032819964e-13 9.860003442238275e-13
368
9.931202119887578e-13 9.965663139049048e-13
369
9.988645691965891e-13 9.920737770417576e-13
370
9.748124056900685e-13 9.762854942483005e-13
371
9.889578919202135e-13 9.979910365615382e-13
372
9.96203119996153e-13 9.969635290606173e-13
373
9.98292680536204e-13 9.943018667921653e-13
374
9.677414197600969e-13 9.985724394974215e-13
375
9.990492455687162e-13 9.865955304190667e-13
376
9.901139635157325e-13 9.9725228164833e-13
377
9.995493482985318e-13 9.89209953432167e-13
378
9.865359666750952e-13 9.910175942620185e-13
379
9.91377004523495e-13 9.941721629065557e-13
380
9.96417840245533e-13 9.989845131686586e-13
381
9.688466503935772e-13 9.909019480242218e-13
382
9.938369498957312e-13 9.864016425300446e-13
383
9.974798764744719e-13 9.948763439162003e-13
384
9.450052964309898e-13 9.882303309005636e-13
385
9.674483436583614e-13 9.804796889067952e-13
386
9.94926363517834e-13 9.835756973282657e-13
387
9.799599707817309e-13 9.988047354130064e-13
388
9.973164636205143e-13 9.959909818189688e-13
389
9.982022059538352e-13 9.93681178841515e-13
390
9.921433262207152e-13 9.756960649672658e-13
391
9.916289386900391e-13 9.998601678052645e-13
392
9.806647796712799e-13 9.912674915791077e-13
393
9.777776288016318e-13 9.979492735329009e-13
394
9.986793191734972e-13 9.977044440513922e-13
395
9.92339173732892e-13 9.910815063901668e-13
396
9.883329359123118e-13 9.64990378073342e-13
397
9.768852393676752e-13 9.594094114513078e-13
398
9.374097542561847e-13 1.337501066064121e-12
399
9.979551420057376e-13 9.882777090531935e-13
1.291160567346949e-12
2.0291794496131587e-12
