>> Device being used: cuda (NVIDIA GeForce RTX 4090)
Total number of parameters: 257
>> Training Mesh resolution: 257x257
/root/autodl-tmp/project/MPNO_final/BlatzKo_1d/PNO_MGN_ex35_k1/PNO_BB.py:135: UserWarning: torch.range is deprecated and will be removed in a future release because its behavior is inconsistent with Python's range builtin. Instead, use torch.arange, which produces values in [start, end).
  ksi_range = torch.range(-m_fact, m_fact).int()
tensor(0.8109)
tensor(3.3456)
>> Preprocessing completed, time elapsed:  0.26s
>> ntrain: 300, lr: 0.01, gamma: 0.6, w_d: 0.0
----------------------------------------------------------------------------------------------------
>> epoch [   1/3000], runtime: 1.02s, train err: 1.3432e-04, valid err: 2.0563e-05 , test err: 3.6720e-03
>> epoch [   2/3000], runtime: 0.75s, train err: 9.1721e-05, valid err: 1.4756e-05 , test err: 2.9734e-03
>> epoch [   3/3000], runtime: 0.76s, train err: 5.8345e-05, valid err: 8.6172e-06 , test err: 1.7591e-03
>> epoch [   4/3000], runtime: 0.75s, train err: 3.8846e-05, valid err: 6.7716e-06 , test err: 1.2721e-03
>> epoch [   5/3000], runtime: 0.76s, train err: 3.0977e-05, valid err: 5.6200e-06 , test err: 9.0781e-04
>> epoch [   6/3000], runtime: 0.76s, train err: 2.5056e-05, valid err: 4.5904e-06 , test err: 7.1179e-04
>> epoch [   7/3000], runtime:  0.77s, train err: 2.1862e-05 (best: 2.5056e-05/4.5904e-06)
>> epoch [   8/3000], runtime: 0.76s, train err: 2.4267e-05, valid err: 4.1783e-06 , test err: 6.7911e-04
>> epoch [   9/3000], runtime: 0.76s, train err: 1.5776e-05, valid err: 3.7753e-06 , test err: 5.5900e-04
>> epoch [  10/3000], runtime: 0.77s, train err: 1.5082e-05, valid err: 2.5121e-06 , test err: 4.2971e-04
>> epoch [  11/3000], runtime:  0.79s, train err: 1.6325e-05 (best: 1.5082e-05/2.5121e-06)
>> epoch [  12/3000], runtime:  0.77s, train err: 1.4476e-05 (best: 1.5082e-05/2.5121e-06)
>> epoch [  13/3000], runtime: 0.75s, train err: 1.1555e-05, valid err: 2.4876e-06 , test err: 3.8427e-04
>> epoch [  14/3000], runtime:  0.76s, train err: 1.2654e-05 (best: 1.1555e-05/2.4876e-06)
>> epoch [  15/3000], runtime: 0.76s, train err: 1.1023e-05, valid err: 1.9160e-06 , test err: 3.4103e-04
>> epoch [  16/3000], runtime: 0.78s, train err: 9.8286e-06, valid err: 1.7875e-06 , test err: 3.3347e-04
>> epoch [  17/3000], runtime:  1.23s, train err: 1.0081e-05 (best: 9.8286e-06/1.7875e-06)
>> epoch [  18/3000], runtime:  1.70s, train err: 1.1026e-05 (best: 9.8286e-06/1.7875e-06)
>> epoch [  19/3000], runtime:  1.69s, train err: 1.0737e-05 (best: 9.8286e-06/1.7875e-06)
>> epoch [  20/3000], runtime: 1.72s, train err: 9.1532e-06, valid err: 1.4746e-06 , test err: 3.0963e-04
>> epoch [  21/3000], runtime: 1.36s, train err: 7.6757e-06, valid err: 1.4276e-06 , test err: 2.9096e-04
>> epoch [  22/3000], runtime:  1.72s, train err: 9.2307e-06 (best: 7.6757e-06/1.4276e-06)
>> epoch [  23/3000], runtime:  1.68s, train err: 1.0496e-05 (best: 7.6757e-06/1.4276e-06)
>> epoch [  24/3000], runtime:  1.72s, train err: 8.4223e-06 (best: 7.6757e-06/1.4276e-06)
>> epoch [  25/3000], runtime:  1.62s, train err: 1.1655e-05 (best: 7.6757e-06/1.4276e-06)
>> epoch [  26/3000], runtime:  1.34s, train err: 1.1349e-05 (best: 7.6757e-06/1.4276e-06)
>> epoch [  27/3000], runtime:  1.69s, train err: 1.3413e-05 (best: 7.6757e-06/1.4276e-06)
>> epoch [  28/3000], runtime:  1.71s, train err: 7.8745e-06 (best: 7.6757e-06/1.4276e-06)
>> epoch [  29/3000], runtime:  1.70s, train err: 8.7256e-06 (best: 7.6757e-06/1.4276e-06)
>> epoch [  30/3000], runtime:  1.72s, train err: 7.4474e-06 (best: 7.6757e-06/1.4276e-06)
>> epoch [  31/3000], runtime:  1.72s, train err: 8.6183e-06 (best: 7.6757e-06/1.4276e-06)
>> epoch [  32/3000], runtime:  1.69s, train err: 1.0555e-05 (best: 7.6757e-06/1.4276e-06)
>> epoch [  33/3000], runtime:  1.74s, train err: 1.0199e-05 (best: 7.6757e-06/1.4276e-06)
>> epoch [  34/3000], runtime:  1.69s, train err: 7.4599e-06 (best: 7.6757e-06/1.4276e-06)
>> epoch [  35/3000], runtime:  1.55s, train err: 7.7389e-06 (best: 7.6757e-06/1.4276e-06)
>> epoch [  36/3000], runtime:  1.71s, train err: 9.9364e-06 (best: 7.6757e-06/1.4276e-06)
>> epoch [  37/3000], runtime:  1.69s, train err: 8.8328e-06 (best: 7.6757e-06/1.4276e-06)
>> epoch [  38/3000], runtime:  1.71s, train err: 8.1392e-06 (best: 7.6757e-06/1.4276e-06)
>> epoch [  39/3000], runtime:  1.52s, train err: 6.3497e-06 (best: 7.6757e-06/1.4276e-06)
>> epoch [  40/3000], runtime:  1.70s, train err: 8.9196e-06 (best: 7.6757e-06/1.4276e-06)
>> epoch [  41/3000], runtime: 1.70s, train err: 7.1030e-06, valid err: 1.1277e-06 , test err: 2.1453e-04
>> epoch [  42/3000], runtime:  1.72s, train err: 6.9525e-06 (best: 7.1030e-06/1.1277e-06)
>> epoch [  43/3000], runtime: 1.49s, train err: 6.5096e-06, valid err: 1.1000e-06 , test err: 2.1132e-04
>> epoch [  44/3000], runtime:  1.72s, train err: 6.9329e-06 (best: 6.5096e-06/1.1000e-06)
>> epoch [  45/3000], runtime:  1.71s, train err: 6.7662e-06 (best: 6.5096e-06/1.1000e-06)
>> epoch [  46/3000], runtime:  1.72s, train err: 7.5866e-06 (best: 6.5096e-06/1.1000e-06)
>> epoch [  47/3000], runtime:  1.26s, train err: 9.3287e-06 (best: 6.5096e-06/1.1000e-06)
>> epoch [  48/3000], runtime:  1.70s, train err: 7.8230e-06 (best: 6.5096e-06/1.1000e-06)
>> epoch [  49/3000], runtime:  1.71s, train err: 6.9338e-06 (best: 6.5096e-06/1.1000e-06)
>> epoch [  50/3000], runtime:  1.69s, train err: 6.6662e-06 (best: 6.5096e-06/1.1000e-06)
>> epoch [  51/3000], runtime: 1.70s, train err: 5.3869e-06, valid err: 1.0586e-06 , test err: 2.0624e-04
>> epoch [  52/3000], runtime:  1.54s, train err: 6.2235e-06 (best: 5.3869e-06/1.0586e-06)
>> epoch [  53/3000], runtime:  1.71s, train err: 7.2483e-06 (best: 5.3869e-06/1.0586e-06)
>> epoch [  54/3000], runtime:  1.68s, train err: 7.9955e-06 (best: 5.3869e-06/1.0586e-06)
>> epoch [  55/3000], runtime:  1.71s, train err: 7.4609e-06 (best: 5.3869e-06/1.0586e-06)
>> epoch [  56/3000], runtime:  1.52s, train err: 6.5330e-06 (best: 5.3869e-06/1.0586e-06)
>> epoch [  57/3000], runtime:  1.41s, train err: 6.5074e-06 (best: 5.3869e-06/1.0586e-06)
>> epoch [  58/3000], runtime:  1.69s, train err: 5.9024e-06 (best: 5.3869e-06/1.0586e-06)
>> epoch [  59/3000], runtime:  1.71s, train err: 6.6937e-06 (best: 5.3869e-06/1.0586e-06)
>> epoch [  60/3000], runtime:  1.69s, train err: 8.6326e-06 (best: 5.3869e-06/1.0586e-06)
>> epoch [  61/3000], runtime:  1.70s, train err: 6.2818e-06 (best: 5.3869e-06/1.0586e-06)
>> epoch [  62/3000], runtime:  1.70s, train err: 5.1736e-06 (best: 5.3869e-06/1.0586e-06)
>> epoch [  63/3000], runtime:  1.70s, train err: 7.1001e-06 (best: 5.3869e-06/1.0586e-06)
>> epoch [  64/3000], runtime:  1.71s, train err: 6.9315e-06 (best: 5.3869e-06/1.0586e-06)
>> epoch [  65/3000], runtime:  1.69s, train err: 6.7575e-06 (best: 5.3869e-06/1.0586e-06)
>> epoch [  66/3000], runtime:  1.71s, train err: 6.8837e-06 (best: 5.3869e-06/1.0586e-06)
>> epoch [  67/3000], runtime:  1.68s, train err: 5.7151e-06 (best: 5.3869e-06/1.0586e-06)
>> epoch [  68/3000], runtime:  1.71s, train err: 5.3893e-06 (best: 5.3869e-06/1.0586e-06)
>> epoch [  69/3000], runtime:  1.70s, train err: 6.0745e-06 (best: 5.3869e-06/1.0586e-06)
>> epoch [  70/3000], runtime:  1.71s, train err: 5.9570e-06 (best: 5.3869e-06/1.0586e-06)
>> epoch [  71/3000], runtime:  1.69s, train err: 5.7028e-06 (best: 5.3869e-06/1.0586e-06)
>> epoch [  72/3000], runtime:  1.68s, train err: 5.5071e-06 (best: 5.3869e-06/1.0586e-06)
>> epoch [  73/3000], runtime:  1.33s, train err: 5.4345e-06 (best: 5.3869e-06/1.0586e-06)
>> epoch [  74/3000], runtime:  1.67s, train err: 5.6612e-06 (best: 5.3869e-06/1.0586e-06)
>> epoch [  75/3000], runtime: 1.73s, train err: 4.6048e-06, valid err: 6.5891e-07 , test err: 1.5446e-04
>> epoch [  76/3000], runtime:  1.71s, train err: 7.1432e-06 (best: 4.6048e-06/6.5891e-07)
>> epoch [  77/3000], runtime:  1.70s, train err: 6.3837e-06 (best: 4.6048e-06/6.5891e-07)
>> epoch [  78/3000], runtime:  1.70s, train err: 5.7128e-06 (best: 4.6048e-06/6.5891e-07)
>> epoch [  79/3000], runtime:  1.70s, train err: 6.4343e-06 (best: 4.6048e-06/6.5891e-07)
>> epoch [  80/3000], runtime:  1.71s, train err: 5.1010e-06 (best: 4.6048e-06/6.5891e-07)
>> epoch [  81/3000], runtime:  1.55s, train err: 5.3333e-06 (best: 4.6048e-06/6.5891e-07)
>> epoch [  82/3000], runtime:  1.41s, train err: 6.4714e-06 (best: 4.6048e-06/6.5891e-07)
>> epoch [  83/3000], runtime:  1.71s, train err: 5.9630e-06 (best: 4.6048e-06/6.5891e-07)
>> epoch [  84/3000], runtime:  1.70s, train err: 6.6552e-06 (best: 4.6048e-06/6.5891e-07)
>> epoch [  85/3000], runtime:  1.70s, train err: 5.9103e-06 (best: 4.6048e-06/6.5891e-07)
>> epoch [  86/3000], runtime:  1.67s, train err: 4.7252e-06 (best: 4.6048e-06/6.5891e-07)
>> epoch [  87/3000], runtime:  1.36s, train err: 4.0661e-06 (best: 4.6048e-06/6.5891e-07)
>> epoch [  88/3000], runtime:  1.70s, train err: 5.5744e-06 (best: 4.6048e-06/6.5891e-07)
>> epoch [  89/3000], runtime:  1.71s, train err: 6.2981e-06 (best: 4.6048e-06/6.5891e-07)
>> epoch [  90/3000], runtime:  1.69s, train err: 6.1533e-06 (best: 4.6048e-06/6.5891e-07)
>> epoch [  91/3000], runtime:  1.71s, train err: 6.7034e-06 (best: 4.6048e-06/6.5891e-07)
>> epoch [  92/3000], runtime:  1.69s, train err: 4.7443e-06 (best: 4.6048e-06/6.5891e-07)
>> epoch [  93/3000], runtime:  1.70s, train err: 4.3228e-06 (best: 4.6048e-06/6.5891e-07)
>> epoch [  94/3000], runtime:  1.68s, train err: 5.8949e-06 (best: 4.6048e-06/6.5891e-07)
>> epoch [  95/3000], runtime:  1.71s, train err: 6.8841e-06 (best: 4.6048e-06/6.5891e-07)
>> epoch [  96/3000], runtime:  1.69s, train err: 5.1580e-06 (best: 4.6048e-06/6.5891e-07)
>> epoch [  97/3000], runtime:  1.72s, train err: 5.0491e-06 (best: 4.6048e-06/6.5891e-07)
>> epoch [  98/3000], runtime:  1.69s, train err: 4.6890e-06 (best: 4.6048e-06/6.5891e-07)
>> epoch [  99/3000], runtime:  1.71s, train err: 5.6008e-06 (best: 4.6048e-06/6.5891e-07)
>> epoch [ 100/3000], runtime:  1.70s, train err: 5.7994e-06 (best: 4.6048e-06/6.5891e-07)
>> epoch [ 101/3000], runtime:  1.71s, train err: 5.0857e-06 (best: 4.6048e-06/6.5891e-07)
>> epoch [ 102/3000], runtime:  1.54s, train err: 4.7487e-06 (best: 4.6048e-06/6.5891e-07)
>> epoch [ 103/3000], runtime:  1.41s, train err: 4.8422e-06 (best: 4.6048e-06/6.5891e-07)
>> epoch [ 104/3000], runtime:  1.71s, train err: 4.8390e-06 (best: 4.6048e-06/6.5891e-07)
>> epoch [ 105/3000], runtime:  1.70s, train err: 4.5994e-06 (best: 4.6048e-06/6.5891e-07)
>> epoch [ 106/3000], runtime:  1.68s, train err: 4.2792e-06 (best: 4.6048e-06/6.5891e-07)
>> epoch [ 107/3000], runtime:  1.58s, train err: 5.6772e-06 (best: 4.6048e-06/6.5891e-07)
>> epoch [ 108/3000], runtime:  1.69s, train err: 5.7884e-06 (best: 4.6048e-06/6.5891e-07)
>> epoch [ 109/3000], runtime:  1.71s, train err: 4.6898e-06 (best: 4.6048e-06/6.5891e-07)
>> epoch [ 110/3000], runtime: 1.70s, train err: 4.5127e-06, valid err: 6.1514e-07 , test err: 1.3966e-04
>> epoch [ 111/3000], runtime:  1.73s, train err: 4.4776e-06 (best: 4.5127e-06/6.1514e-07)
>> epoch [ 112/3000], runtime:  1.70s, train err: 6.9410e-06 (best: 4.5127e-06/6.1514e-07)
>> epoch [ 113/3000], runtime:  1.70s, train err: 4.9863e-06 (best: 4.5127e-06/6.1514e-07)
>> epoch [ 114/3000], runtime:  1.29s, train err: 4.8712e-06 (best: 4.5127e-06/6.1514e-07)
>> epoch [ 115/3000], runtime:  1.66s, train err: 3.8680e-06 (best: 4.5127e-06/6.1514e-07)
>> epoch [ 116/3000], runtime:  1.70s, train err: 4.1032e-06 (best: 4.5127e-06/6.1514e-07)
>> epoch [ 117/3000], runtime:  1.73s, train err: 6.2114e-06 (best: 4.5127e-06/6.1514e-07)
>> epoch [ 118/3000], runtime:  1.25s, train err: 6.6177e-06 (best: 4.5127e-06/6.1514e-07)
>> epoch [ 119/3000], runtime:  1.69s, train err: 4.5703e-06 (best: 4.5127e-06/6.1514e-07)
>> epoch [ 120/3000], runtime:  1.71s, train err: 5.4670e-06 (best: 4.5127e-06/6.1514e-07)
>> epoch [ 121/3000], runtime:  1.69s, train err: 5.8028e-06 (best: 4.5127e-06/6.1514e-07)
>> epoch [ 122/3000], runtime:  1.70s, train err: 4.2772e-06 (best: 4.5127e-06/6.1514e-07)
>> epoch [ 123/3000], runtime:  1.69s, train err: 5.3602e-06 (best: 4.5127e-06/6.1514e-07)
>> epoch [ 124/3000], runtime:  1.69s, train err: 5.0059e-06 (best: 4.5127e-06/6.1514e-07)
>> epoch [ 125/3000], runtime:  1.71s, train err: 4.8286e-06 (best: 4.5127e-06/6.1514e-07)
>> epoch [ 126/3000], runtime:  1.47s, train err: 5.3864e-06 (best: 4.5127e-06/6.1514e-07)
>> epoch [ 127/3000], runtime:  1.49s, train err: 3.6854e-06 (best: 4.5127e-06/6.1514e-07)
>> epoch [ 128/3000], runtime:  1.72s, train err: 3.9817e-06 (best: 4.5127e-06/6.1514e-07)
>> epoch [ 129/3000], runtime:  1.72s, train err: 4.8531e-06 (best: 4.5127e-06/6.1514e-07)
>> epoch [ 130/3000], runtime:  1.39s, train err: 4.2014e-06 (best: 4.5127e-06/6.1514e-07)
>> epoch [ 131/3000], runtime:  1.70s, train err: 6.3319e-06 (best: 4.5127e-06/6.1514e-07)
>> epoch [ 132/3000], runtime:  1.69s, train err: 6.3456e-06 (best: 4.5127e-06/6.1514e-07)
>> epoch [ 133/3000], runtime: 1.70s, train err: 3.6723e-06, valid err: 5.3791e-07 , test err: 1.2630e-04
>> epoch [ 134/3000], runtime:  1.70s, train err: 4.7014e-06 (best: 3.6723e-06/5.3791e-07)
>> epoch [ 135/3000], runtime:  1.70s, train err: 4.0376e-06 (best: 3.6723e-06/5.3791e-07)
>> epoch [ 136/3000], runtime:  1.71s, train err: 4.9858e-06 (best: 3.6723e-06/5.3791e-07)
>> epoch [ 137/3000], runtime:  1.73s, train err: 4.1577e-06 (best: 3.6723e-06/5.3791e-07)
>> epoch [ 138/3000], runtime:  1.69s, train err: 4.4268e-06 (best: 3.6723e-06/5.3791e-07)
>> epoch [ 139/3000], runtime:  1.72s, train err: 3.6249e-06 (best: 3.6723e-06/5.3791e-07)
>> epoch [ 140/3000], runtime:  1.68s, train err: 3.9560e-06 (best: 3.6723e-06/5.3791e-07)
>> epoch [ 141/3000], runtime:  1.71s, train err: 4.7816e-06 (best: 3.6723e-06/5.3791e-07)
>> epoch [ 142/3000], runtime: 1.69s, train err: 3.5538e-06, valid err: 4.9865e-07 , test err: 1.2184e-04
>> epoch [ 143/3000], runtime:  1.71s, train err: 3.5974e-06 (best: 3.5538e-06/4.9865e-07)
>> epoch [ 144/3000], runtime:  1.63s, train err: 4.7467e-06 (best: 3.5538e-06/4.9865e-07)
>> epoch [ 145/3000], runtime:  1.38s, train err: 3.9726e-06 (best: 3.5538e-06/4.9865e-07)
>> epoch [ 146/3000], runtime:  1.69s, train err: 3.8943e-06 (best: 3.5538e-06/4.9865e-07)
>> epoch [ 147/3000], runtime:  1.71s, train err: 3.2522e-06 (best: 3.5538e-06/4.9865e-07)
>> epoch [ 148/3000], runtime:  1.70s, train err: 4.8581e-06 (best: 3.5538e-06/4.9865e-07)
>> epoch [ 149/3000], runtime:  1.69s, train err: 4.2600e-06 (best: 3.5538e-06/4.9865e-07)
>> epoch [ 150/3000], runtime:  1.71s, train err: 3.4744e-06 (best: 3.5538e-06/4.9865e-07)
>> epoch [ 151/3000], runtime:  1.70s, train err: 4.0821e-06 (best: 3.5538e-06/4.9865e-07)
>> epoch [ 152/3000], runtime:  1.52s, train err: 4.4512e-06 (best: 3.5538e-06/4.9865e-07)
>> epoch [ 153/3000], runtime:  1.44s, train err: 4.1496e-06 (best: 3.5538e-06/4.9865e-07)
>> epoch [ 154/3000], runtime:  1.69s, train err: 3.4629e-06 (best: 3.5538e-06/4.9865e-07)
>> epoch [ 155/3000], runtime:  1.70s, train err: 4.5731e-06 (best: 3.5538e-06/4.9865e-07)
>> epoch [ 156/3000], runtime:  1.72s, train err: 3.6996e-06 (best: 3.5538e-06/4.9865e-07)
>> epoch [ 157/3000], runtime:  1.29s, train err: 4.6479e-06 (best: 3.5538e-06/4.9865e-07)
>> epoch [ 158/3000], runtime:  1.71s, train err: 3.3648e-06 (best: 3.5538e-06/4.9865e-07)
>> epoch [ 159/3000], runtime:  1.69s, train err: 4.0222e-06 (best: 3.5538e-06/4.9865e-07)
>> epoch [ 160/3000], runtime:  1.69s, train err: 4.4128e-06 (best: 3.5538e-06/4.9865e-07)
>> epoch [ 161/3000], runtime:  1.52s, train err: 3.1676e-06 (best: 3.5538e-06/4.9865e-07)
>> epoch [ 162/3000], runtime:  1.69s, train err: 4.7998e-06 (best: 3.5538e-06/4.9865e-07)
>> epoch [ 163/3000], runtime:  1.72s, train err: 3.9138e-06 (best: 3.5538e-06/4.9865e-07)
>> epoch [ 164/3000], runtime:  1.68s, train err: 3.4293e-06 (best: 3.5538e-06/4.9865e-07)
>> epoch [ 165/3000], runtime:  1.72s, train err: 3.4176e-06 (best: 3.5538e-06/4.9865e-07)
>> epoch [ 166/3000], runtime:  1.69s, train err: 3.5356e-06 (best: 3.5538e-06/4.9865e-07)
>> epoch [ 167/3000], runtime:  1.75s, train err: 3.5941e-06 (best: 3.5538e-06/4.9865e-07)
>> epoch [ 168/3000], runtime:  1.22s, train err: 3.5968e-06 (best: 3.5538e-06/4.9865e-07)
>> epoch [ 169/3000], runtime:  1.70s, train err: 3.8100e-06 (best: 3.5538e-06/4.9865e-07)
>> epoch [ 170/3000], runtime:  1.69s, train err: 3.5355e-06 (best: 3.5538e-06/4.9865e-07)
>> epoch [ 171/3000], runtime:  1.67s, train err: 3.8505e-06 (best: 3.5538e-06/4.9865e-07)
>> epoch [ 172/3000], runtime:  1.49s, train err: 3.4317e-06 (best: 3.5538e-06/4.9865e-07)
>> epoch [ 173/3000], runtime:  1.71s, train err: 4.1749e-06 (best: 3.5538e-06/4.9865e-07)
>> epoch [ 174/3000], runtime:  1.71s, train err: 3.7982e-06 (best: 3.5538e-06/4.9865e-07)
>> epoch [ 175/3000], runtime:  1.68s, train err: 3.1998e-06 (best: 3.5538e-06/4.9865e-07)
>> epoch [ 176/3000], runtime:  1.37s, train err: 3.7200e-06 (best: 3.5538e-06/4.9865e-07)
>> epoch [ 177/3000], runtime:  1.58s, train err: 3.6526e-06 (best: 3.5538e-06/4.9865e-07)
>> epoch [ 178/3000], runtime:  1.69s, train err: 4.7866e-06 (best: 3.5538e-06/4.9865e-07)
>> epoch [ 179/3000], runtime:  1.71s, train err: 4.0420e-06 (best: 3.5538e-06/4.9865e-07)
>> epoch [ 180/3000], runtime:  1.70s, train err: 3.4150e-06 (best: 3.5538e-06/4.9865e-07)
>> epoch [ 181/3000], runtime:  1.70s, train err: 3.3921e-06 (best: 3.5538e-06/4.9865e-07)
>> epoch [ 182/3000], runtime:  1.71s, train err: 3.3014e-06 (best: 3.5538e-06/4.9865e-07)
>> epoch [ 183/3000], runtime:  1.69s, train err: 4.2146e-06 (best: 3.5538e-06/4.9865e-07)
>> epoch [ 184/3000], runtime:  1.72s, train err: 2.9943e-06 (best: 3.5538e-06/4.9865e-07)
>> epoch [ 185/3000], runtime:  1.69s, train err: 3.2456e-06 (best: 3.5538e-06/4.9865e-07)
>> epoch [ 186/3000], runtime:  1.75s, train err: 4.1895e-06 (best: 3.5538e-06/4.9865e-07)
>> epoch [ 187/3000], runtime:  1.71s, train err: 3.3198e-06 (best: 3.5538e-06/4.9865e-07)
>> epoch [ 188/3000], runtime:  1.72s, train err: 3.5568e-06 (best: 3.5538e-06/4.9865e-07)
>> epoch [ 189/3000], runtime:  1.38s, train err: 3.2990e-06 (best: 3.5538e-06/4.9865e-07)
>> epoch [ 190/3000], runtime: 1.68s, train err: 2.7224e-06, valid err: 4.0952e-07 , test err: 1.0684e-04
>> epoch [ 191/3000], runtime:  1.71s, train err: 2.9509e-06 (best: 2.7224e-06/4.0952e-07)
>> epoch [ 192/3000], runtime:  1.69s, train err: 3.2014e-06 (best: 2.7224e-06/4.0952e-07)
>> epoch [ 193/3000], runtime:  1.29s, train err: 3.5861e-06 (best: 2.7224e-06/4.0952e-07)
>> epoch [ 194/3000], runtime:  1.67s, train err: 3.0626e-06 (best: 2.7224e-06/4.0952e-07)
>> epoch [ 195/3000], runtime:  1.70s, train err: 3.9612e-06 (best: 2.7224e-06/4.0952e-07)
>> epoch [ 196/3000], runtime:  1.72s, train err: 3.9723e-06 (best: 2.7224e-06/4.0952e-07)
>> epoch [ 197/3000], runtime:  1.71s, train err: 3.3315e-06 (best: 2.7224e-06/4.0952e-07)
>> epoch [ 198/3000], runtime:  1.69s, train err: 2.7763e-06 (best: 2.7224e-06/4.0952e-07)
>> epoch [ 199/3000], runtime:  1.71s, train err: 2.8166e-06 (best: 2.7224e-06/4.0952e-07)
>> epoch [ 200/3000], runtime:  1.69s, train err: 3.8764e-06 (best: 2.7224e-06/4.0952e-07)
>> epoch [ 201/3000], runtime:  1.71s, train err: 3.3123e-06 (best: 2.7224e-06/4.0952e-07)
>> epoch [ 202/3000], runtime:  1.70s, train err: 3.2397e-06 (best: 2.7224e-06/4.0952e-07)
>> epoch [ 203/3000], runtime:  1.71s, train err: 3.3713e-06 (best: 2.7224e-06/4.0952e-07)
>> epoch [ 204/3000], runtime:  1.69s, train err: 3.3001e-06 (best: 2.7224e-06/4.0952e-07)
>> epoch [ 205/3000], runtime:  1.71s, train err: 3.2065e-06 (best: 2.7224e-06/4.0952e-07)
>> epoch [ 206/3000], runtime:  1.68s, train err: 3.6978e-06 (best: 2.7224e-06/4.0952e-07)
>> epoch [ 207/3000], runtime:  1.71s, train err: 3.2248e-06 (best: 2.7224e-06/4.0952e-07)
>> epoch [ 208/3000], runtime:  1.69s, train err: 3.6412e-06 (best: 2.7224e-06/4.0952e-07)
>> epoch [ 209/3000], runtime:  1.71s, train err: 3.2743e-06 (best: 2.7224e-06/4.0952e-07)
>> epoch [ 210/3000], runtime:  1.40s, train err: 3.5370e-06 (best: 2.7224e-06/4.0952e-07)
>> epoch [ 211/3000], runtime:  1.55s, train err: 3.5113e-06 (best: 2.7224e-06/4.0952e-07)
>> epoch [ 212/3000], runtime:  1.73s, train err: 3.2359e-06 (best: 2.7224e-06/4.0952e-07)
>> epoch [ 213/3000], runtime:  1.71s, train err: 3.4049e-06 (best: 2.7224e-06/4.0952e-07)
>> epoch [ 214/3000], runtime:  1.69s, train err: 4.2451e-06 (best: 2.7224e-06/4.0952e-07)
>> epoch [ 215/3000], runtime:  1.51s, train err: 2.8157e-06 (best: 2.7224e-06/4.0952e-07)
>> epoch [ 216/3000], runtime:  1.48s, train err: 2.6106e-06 (best: 2.7224e-06/4.0952e-07)
>> epoch [ 217/3000], runtime:  1.71s, train err: 2.6976e-06 (best: 2.7224e-06/4.0952e-07)
>> epoch [ 218/3000], runtime:  1.72s, train err: 2.6287e-06 (best: 2.7224e-06/4.0952e-07)
>> epoch [ 219/3000], runtime:  1.44s, train err: 3.2063e-06 (best: 2.7224e-06/4.0952e-07)
>> epoch [ 220/3000], runtime:  1.71s, train err: 3.0593e-06 (best: 2.7224e-06/4.0952e-07)
>> epoch [ 221/3000], runtime:  1.69s, train err: 4.2289e-06 (best: 2.7224e-06/4.0952e-07)
>> epoch [ 222/3000], runtime:  1.71s, train err: 2.7746e-06 (best: 2.7224e-06/4.0952e-07)
>> epoch [ 223/3000], runtime:  1.63s, train err: 2.8662e-06 (best: 2.7224e-06/4.0952e-07)
>> epoch [ 224/3000], runtime:  1.39s, train err: 2.8028e-06 (best: 2.7224e-06/4.0952e-07)
>> epoch [ 225/3000], runtime:  1.72s, train err: 2.4991e-06 (best: 2.7224e-06/4.0952e-07)
>> epoch [ 226/3000], runtime:  1.72s, train err: 2.5864e-06 (best: 2.7224e-06/4.0952e-07)
>> epoch [ 227/3000], runtime:  1.48s, train err: 3.1102e-06 (best: 2.7224e-06/4.0952e-07)
>> epoch [ 228/3000], runtime:  1.61s, train err: 2.4698e-06 (best: 2.7224e-06/4.0952e-07)
>> epoch [ 229/3000], runtime:  1.72s, train err: 2.8857e-06 (best: 2.7224e-06/4.0952e-07)
>> epoch [ 230/3000], runtime:  1.69s, train err: 2.8912e-06 (best: 2.7224e-06/4.0952e-07)
>> epoch [ 231/3000], runtime:  1.73s, train err: 3.0724e-06 (best: 2.7224e-06/4.0952e-07)
>> epoch [ 232/3000], runtime:  1.72s, train err: 2.8481e-06 (best: 2.7224e-06/4.0952e-07)
>> epoch [ 233/3000], runtime:  1.69s, train err: 2.7711e-06 (best: 2.7224e-06/4.0952e-07)
>> epoch [ 234/3000], runtime:  1.70s, train err: 3.1065e-06 (best: 2.7224e-06/4.0952e-07)
>> epoch [ 235/3000], runtime:  1.70s, train err: 2.6781e-06 (best: 2.7224e-06/4.0952e-07)
>> epoch [ 236/3000], runtime: 1.72s, train err: 2.6253e-06, valid err: 3.6346e-07 , test err: 9.8880e-05
>> epoch [ 237/3000], runtime:  1.68s, train err: 2.4019e-06 (best: 2.6253e-06/3.6346e-07)
>> epoch [ 238/3000], runtime:  1.42s, train err: 2.7209e-06 (best: 2.6253e-06/3.6346e-07)
>> epoch [ 239/3000], runtime:  1.70s, train err: 2.8003e-06 (best: 2.6253e-06/3.6346e-07)
>> epoch [ 240/3000], runtime:  1.71s, train err: 2.4549e-06 (best: 2.6253e-06/3.6346e-07)
>> epoch [ 241/3000], runtime:  1.69s, train err: 2.9092e-06 (best: 2.6253e-06/3.6346e-07)
>> epoch [ 242/3000], runtime:  1.71s, train err: 2.8950e-06 (best: 2.6253e-06/3.6346e-07)
>> epoch [ 243/3000], runtime:  1.72s, train err: 2.8278e-06 (best: 2.6253e-06/3.6346e-07)
>> epoch [ 244/3000], runtime:  1.71s, train err: 2.9245e-06 (best: 2.6253e-06/3.6346e-07)
>> epoch [ 245/3000], runtime:  1.70s, train err: 3.1321e-06 (best: 2.6253e-06/3.6346e-07)
>> epoch [ 246/3000], runtime:  1.69s, train err: 2.4612e-06 (best: 2.6253e-06/3.6346e-07)
>> epoch [ 247/3000], runtime:  1.72s, train err: 3.1547e-06 (best: 2.6253e-06/3.6346e-07)
>> epoch [ 248/3000], runtime:  1.69s, train err: 2.1957e-06 (best: 2.6253e-06/3.6346e-07)
>> epoch [ 249/3000], runtime:  1.71s, train err: 2.4075e-06 (best: 2.6253e-06/3.6346e-07)
>> epoch [ 250/3000], runtime:  1.71s, train err: 2.8229e-06 (best: 2.6253e-06/3.6346e-07)
>> epoch [ 251/3000], runtime: 1.70s, train err: 2.3981e-06, valid err: 3.5377e-07 , test err: 9.8823e-05
>> epoch [ 252/3000], runtime:  1.72s, train err: 2.1805e-06 (best: 2.3981e-06/3.5377e-07)
>> epoch [ 253/3000], runtime:  1.68s, train err: 2.6592e-06 (best: 2.3981e-06/3.5377e-07)
>> epoch [ 254/3000], runtime:  1.72s, train err: 2.7089e-06 (best: 2.3981e-06/3.5377e-07)
>> epoch [ 255/3000], runtime:  1.69s, train err: 2.4748e-06 (best: 2.3981e-06/3.5377e-07)
>> epoch [ 256/3000], runtime:  1.70s, train err: 2.7823e-06 (best: 2.3981e-06/3.5377e-07)
>> epoch [ 257/3000], runtime:  1.69s, train err: 2.6965e-06 (best: 2.3981e-06/3.5377e-07)
>> epoch [ 258/3000], runtime:  1.70s, train err: 2.3277e-06 (best: 2.3981e-06/3.5377e-07)
>> epoch [ 259/3000], runtime:  1.70s, train err: 2.7773e-06 (best: 2.3981e-06/3.5377e-07)
>> epoch [ 260/3000], runtime:  1.71s, train err: 2.1651e-06 (best: 2.3981e-06/3.5377e-07)
>> epoch [ 261/3000], runtime:  1.71s, train err: 3.4678e-06 (best: 2.3981e-06/3.5377e-07)
>> epoch [ 262/3000], runtime:  1.71s, train err: 2.6492e-06 (best: 2.3981e-06/3.5377e-07)
>> epoch [ 263/3000], runtime:  1.70s, train err: 2.1524e-06 (best: 2.3981e-06/3.5377e-07)
>> epoch [ 264/3000], runtime: 1.71s, train err: 2.1841e-06, valid err: 3.5294e-07 , test err: 9.5871e-05
>> epoch [ 265/3000], runtime:  1.71s, train err: 2.2886e-06 (best: 2.1841e-06/3.5294e-07)
>> epoch [ 266/3000], runtime:  1.69s, train err: 2.1810e-06 (best: 2.1841e-06/3.5294e-07)
>> epoch [ 267/3000], runtime:  1.69s, train err: 2.2878e-06 (best: 2.1841e-06/3.5294e-07)
>> epoch [ 268/3000], runtime:  1.71s, train err: 2.2299e-06 (best: 2.1841e-06/3.5294e-07)
>> epoch [ 269/3000], runtime:  1.69s, train err: 2.7591e-06 (best: 2.1841e-06/3.5294e-07)
>> epoch [ 270/3000], runtime:  1.71s, train err: 2.2868e-06 (best: 2.1841e-06/3.5294e-07)
>> epoch [ 271/3000], runtime:  1.70s, train err: 2.2204e-06 (best: 2.1841e-06/3.5294e-07)
>> epoch [ 272/3000], runtime:  1.71s, train err: 2.8020e-06 (best: 2.1841e-06/3.5294e-07)
>> epoch [ 273/3000], runtime:  1.70s, train err: 2.3576e-06 (best: 2.1841e-06/3.5294e-07)
>> epoch [ 274/3000], runtime:  1.71s, train err: 2.1582e-06 (best: 2.1841e-06/3.5294e-07)
>> epoch [ 275/3000], runtime:  1.71s, train err: 2.2169e-06 (best: 2.1841e-06/3.5294e-07)
>> epoch [ 276/3000], runtime: 1.69s, train err: 2.1114e-06, valid err: 3.2914e-07 , test err: 9.3715e-05
>> epoch [ 277/3000], runtime:  1.72s, train err: 2.3971e-06 (best: 2.1114e-06/3.2914e-07)
>> epoch [ 278/3000], runtime: 1.69s, train err: 2.0157e-06, valid err: 3.0355e-07 , test err: 9.1477e-05
>> epoch [ 279/3000], runtime:  1.71s, train err: 2.3031e-06 (best: 2.0157e-06/3.0355e-07)
>> epoch [ 280/3000], runtime:  1.69s, train err: 2.7014e-06 (best: 2.0157e-06/3.0355e-07)
>> epoch [ 281/3000], runtime:  1.71s, train err: 2.6008e-06 (best: 2.0157e-06/3.0355e-07)
>> epoch [ 282/3000], runtime:  1.70s, train err: 2.1703e-06 (best: 2.0157e-06/3.0355e-07)
>> epoch [ 283/3000], runtime:  1.70s, train err: 2.9328e-06 (best: 2.0157e-06/3.0355e-07)
>> epoch [ 284/3000], runtime:  1.69s, train err: 2.4905e-06 (best: 2.0157e-06/3.0355e-07)
>> epoch [ 285/3000], runtime:  1.71s, train err: 2.1521e-06 (best: 2.0157e-06/3.0355e-07)
>> epoch [ 286/3000], runtime:  1.70s, train err: 2.1314e-06 (best: 2.0157e-06/3.0355e-07)
>> epoch [ 287/3000], runtime:  1.71s, train err: 2.0463e-06 (best: 2.0157e-06/3.0355e-07)
>> epoch [ 288/3000], runtime:  1.69s, train err: 2.8894e-06 (best: 2.0157e-06/3.0355e-07)
>> epoch [ 289/3000], runtime:  1.41s, train err: 3.0129e-06 (best: 2.0157e-06/3.0355e-07)
>> epoch [ 290/3000], runtime:  1.54s, train err: 2.5765e-06 (best: 2.0157e-06/3.0355e-07)
>> epoch [ 291/3000], runtime:  1.71s, train err: 2.4633e-06 (best: 2.0157e-06/3.0355e-07)
>> epoch [ 292/3000], runtime:  1.69s, train err: 2.3311e-06 (best: 2.0157e-06/3.0355e-07)
>> epoch [ 293/3000], runtime:  1.71s, train err: 1.9680e-06 (best: 2.0157e-06/3.0355e-07)
>> epoch [ 294/3000], runtime:  1.69s, train err: 2.1203e-06 (best: 2.0157e-06/3.0355e-07)
>> epoch [ 295/3000], runtime:  1.71s, train err: 2.0372e-06 (best: 2.0157e-06/3.0355e-07)
>> epoch [ 296/3000], runtime:  1.69s, train err: 2.7144e-06 (best: 2.0157e-06/3.0355e-07)
>> epoch [ 297/3000], runtime:  1.71s, train err: 2.8615e-06 (best: 2.0157e-06/3.0355e-07)
>> epoch [ 298/3000], runtime:  1.24s, train err: 2.7843e-06 (best: 2.0157e-06/3.0355e-07)
>> epoch [ 299/3000], runtime:  1.71s, train err: 2.3949e-06 (best: 2.0157e-06/3.0355e-07)
>> epoch [ 300/3000], runtime:  1.69s, train err: 2.3850e-06 (best: 2.0157e-06/3.0355e-07)
>> epoch [ 301/3000], runtime:  1.71s, train err: 2.6946e-06 (best: 2.0157e-06/3.0355e-07)
>> epoch [ 302/3000], runtime:  1.71s, train err: 2.2596e-06 (best: 2.0157e-06/3.0355e-07)
>> epoch [ 303/3000], runtime:  1.27s, train err: 1.8303e-06 (best: 2.0157e-06/3.0355e-07)
>> epoch [ 304/3000], runtime:  1.76s, train err: 2.1608e-06 (best: 2.0157e-06/3.0355e-07)
>> epoch [ 305/3000], runtime:  1.68s, train err: 2.0563e-06 (best: 2.0157e-06/3.0355e-07)
>> epoch [ 306/3000], runtime:  1.71s, train err: 2.0800e-06 (best: 2.0157e-06/3.0355e-07)
>> epoch [ 307/3000], runtime:  1.69s, train err: 2.1260e-06 (best: 2.0157e-06/3.0355e-07)
>> epoch [ 308/3000], runtime:  1.71s, train err: 1.9930e-06 (best: 2.0157e-06/3.0355e-07)
>> epoch [ 309/3000], runtime:  1.70s, train err: 2.1122e-06 (best: 2.0157e-06/3.0355e-07)
>> epoch [ 310/3000], runtime:  1.72s, train err: 2.3632e-06 (best: 2.0157e-06/3.0355e-07)
>> epoch [ 311/3000], runtime:  1.71s, train err: 2.1930e-06 (best: 2.0157e-06/3.0355e-07)
>> epoch [ 312/3000], runtime:  1.69s, train err: 2.0455e-06 (best: 2.0157e-06/3.0355e-07)
>> epoch [ 313/3000], runtime:  1.72s, train err: 2.1331e-06 (best: 2.0157e-06/3.0355e-07)
>> epoch [ 314/3000], runtime:  1.69s, train err: 2.0786e-06 (best: 2.0157e-06/3.0355e-07)
>> epoch [ 315/3000], runtime:  1.29s, train err: 2.0853e-06 (best: 2.0157e-06/3.0355e-07)
>> epoch [ 316/3000], runtime:  1.70s, train err: 2.2374e-06 (best: 2.0157e-06/3.0355e-07)
>> epoch [ 317/3000], runtime:  1.70s, train err: 2.2362e-06 (best: 2.0157e-06/3.0355e-07)
>> epoch [ 318/3000], runtime:  1.70s, train err: 2.3356e-06 (best: 2.0157e-06/3.0355e-07)
>> epoch [ 319/3000], runtime:  1.71s, train err: 2.0973e-06 (best: 2.0157e-06/3.0355e-07)
>> epoch [ 320/3000], runtime:  1.69s, train err: 2.3225e-06 (best: 2.0157e-06/3.0355e-07)
>> epoch [ 321/3000], runtime:  1.71s, train err: 2.0971e-06 (best: 2.0157e-06/3.0355e-07)
>> epoch [ 322/3000], runtime:  1.70s, train err: 2.3053e-06 (best: 2.0157e-06/3.0355e-07)
>> epoch [ 323/3000], runtime:  1.71s, train err: 2.3804e-06 (best: 2.0157e-06/3.0355e-07)
>> epoch [ 324/3000], runtime:  1.69s, train err: 2.4496e-06 (best: 2.0157e-06/3.0355e-07)
>> epoch [ 325/3000], runtime:  1.70s, train err: 2.1666e-06 (best: 2.0157e-06/3.0355e-07)
>> epoch [ 326/3000], runtime:  1.69s, train err: 1.9348e-06 (best: 2.0157e-06/3.0355e-07)
>> epoch [ 327/3000], runtime:  1.69s, train err: 2.0382e-06 (best: 2.0157e-06/3.0355e-07)
>> epoch [ 328/3000], runtime:  1.71s, train err: 1.9800e-06 (best: 2.0157e-06/3.0355e-07)
>> epoch [ 329/3000], runtime:  1.71s, train err: 2.2761e-06 (best: 2.0157e-06/3.0355e-07)
----------------------------------------------------------------------------------------------------
----------------------------------------------------------------------------------------------------
>> ntrain: 300, lr: 0.01, gamma: 0.6, w_d: 0.0
>> Best train error: 2.0157e-06
>> Best valid error: 3.0355e-07
>> Best test error: 9.1477e-05
>> Best epoch: 277
----------------------------------------------------------------------------------------------------
----------------------------------------------------------------------------------------------------
>> Training Completed!!
