>> Device being used: cuda (NVIDIA GeForce RTX 4090)
Total number of parameters: 97
>> Training Mesh resolution: 257x257
/root/autodl-tmp/project/MPNO_final/BlatzKo_1d/PNO_MGN_ex35_k1/PNO_BB.py:135: UserWarning: torch.range is deprecated and will be removed in a future release because its behavior is inconsistent with Python's range builtin. Instead, use torch.arange, which produces values in [start, end).
  ksi_range = torch.range(-m_fact, m_fact).int()
tensor(0.8109)
tensor(3.3456)
>> Preprocessing completed, time elapsed:  0.40s
>> ntrain: 300, lr: 0.01, gamma: 0.6, w_d: 0.0
----------------------------------------------------------------------------------------------------
>> epoch [   1/3000], runtime: 0.68s, train loss: 1.6266e-04, valid loss: 2.7820e-05 , test loss: 5.3747e-03
>> epoch [   2/3000], runtime: 0.43s, train loss: 1.4274e-04, valid loss: 2.4600e-05 , test loss: 4.8520e-03
>> epoch [   3/3000], runtime: 0.44s, train loss: 1.2065e-04, valid loss: 1.9940e-05 , test loss: 3.8997e-03
>> epoch [   4/3000], runtime: 0.44s, train loss: 9.3646e-05, valid loss: 1.5671e-05 , test loss: 2.9798e-03
>> epoch [   5/3000], runtime: 0.46s, train loss: 6.8744e-05, valid loss: 1.1380e-05 , test loss: 2.2170e-03
>> epoch [   6/3000], runtime: 0.44s, train loss: 4.9052e-05, valid loss: 9.6282e-06 , test loss: 1.5908e-03
>> epoch [   7/3000], runtime: 0.41s, train loss: 3.7108e-05, valid loss: 6.4646e-06 , test loss: 1.1718e-03
>> epoch [   8/3000], runtime: 0.47s, train loss: 2.9181e-05, valid loss: 5.5503e-06 , test loss: 9.5084e-04
>> epoch [   9/3000], runtime: 0.41s, train loss: 2.6082e-05, valid loss: 5.0979e-06 , test loss: 7.5690e-04
>> epoch [  10/3000], runtime:  0.40s, train loss: 2.3717e-05 (best: 2.6082e-05/5.0979e-06)
>> epoch [  11/3000], runtime: 0.40s, train loss: 2.0437e-05, valid loss: 4.3389e-06 , test loss: 6.2585e-04
>> epoch [  12/3000], runtime:  0.44s, train loss: 2.0996e-05 (best: 2.0437e-05/4.3389e-06)
>> epoch [  13/3000], runtime: 0.43s, train loss: 1.7427e-05, valid loss: 3.8918e-06 , test loss: 5.6038e-04
>> epoch [  14/3000], runtime: 0.40s, train loss: 1.6055e-05, valid loss: 3.3644e-06 , test loss: 5.1545e-04
>> epoch [  15/3000], runtime: 0.41s, train loss: 1.4813e-05, valid loss: 2.8520e-06 , test loss: 4.9030e-04
>> epoch [  16/3000], runtime: 0.42s, train loss: 1.4352e-05, valid loss: 2.4306e-06 , test loss: 4.2594e-04
>> epoch [  17/3000], runtime:  0.42s, train loss: 1.2680e-05 (best: 1.4352e-05/2.4306e-06)
>> epoch [  18/3000], runtime: 0.48s, train loss: 1.2014e-05, valid loss: 2.1836e-06 , test loss: 4.1132e-04
>> epoch [  19/3000], runtime: 0.44s, train loss: 1.0942e-05, valid loss: 2.1506e-06 , test loss: 3.8220e-04
>> epoch [  20/3000], runtime:  0.41s, train loss: 1.1926e-05 (best: 1.0942e-05/2.1506e-06)
>> epoch [  21/3000], runtime: 0.42s, train loss: 1.0598e-05, valid loss: 1.9594e-06 , test loss: 3.7232e-04
>> epoch [  22/3000], runtime:  0.44s, train loss: 1.0893e-05 (best: 1.0598e-05/1.9594e-06)
>> epoch [  23/3000], runtime:  0.40s, train loss: 1.0633e-05 (best: 1.0598e-05/1.9594e-06)
>> epoch [  24/3000], runtime:  0.40s, train loss: 1.0824e-05 (best: 1.0598e-05/1.9594e-06)
>> epoch [  25/3000], runtime:  0.41s, train loss: 1.0228e-05 (best: 1.0598e-05/1.9594e-06)
>> epoch [  26/3000], runtime: 0.44s, train loss: 1.0327e-05, valid loss: 1.8187e-06 , test loss: 3.6028e-04
>> epoch [  27/3000], runtime: 0.47s, train loss: 9.2496e-06, valid loss: 1.8039e-06 , test loss: 3.5228e-04
>> epoch [  28/3000], runtime:  0.45s, train loss: 1.0513e-05 (best: 9.2496e-06/1.8039e-06)
>> epoch [  29/3000], runtime:  0.43s, train loss: 1.0532e-05 (best: 9.2496e-06/1.8039e-06)
>> epoch [  30/3000], runtime:  0.40s, train loss: 9.7541e-06 (best: 9.2496e-06/1.8039e-06)
>> epoch [  31/3000], runtime:  0.39s, train loss: 9.4487e-06 (best: 9.2496e-06/1.8039e-06)
>> epoch [  32/3000], runtime: 0.41s, train loss: 9.1861e-06, valid loss: 1.7359e-06 , test loss: 3.3961e-04
>> epoch [  33/3000], runtime: 0.44s, train loss: 9.0280e-06, valid loss: 1.6341e-06 , test loss: 3.3141e-04
>> epoch [  34/3000], runtime:  0.43s, train loss: 9.4715e-06 (best: 9.0280e-06/1.6341e-06)
>> epoch [  35/3000], runtime:  0.40s, train loss: 1.0233e-05 (best: 9.0280e-06/1.6341e-06)
>> epoch [  36/3000], runtime:  0.42s, train loss: 9.3339e-06 (best: 9.0280e-06/1.6341e-06)
>> epoch [  37/3000], runtime: 0.40s, train loss: 8.3994e-06, valid loss: 1.6192e-06 , test loss: 3.1378e-04
>> epoch [  38/3000], runtime:  0.41s, train loss: 8.4294e-06 (best: 8.3994e-06/1.6192e-06)
>> epoch [  39/3000], runtime: 0.41s, train loss: 8.3867e-06, valid loss: 1.6025e-06 , test loss: 3.0554e-04
>> epoch [  40/3000], runtime:  0.45s, train loss: 8.3591e-06 (best: 8.3867e-06/1.6025e-06)
>> epoch [  41/3000], runtime: 0.43s, train loss: 7.9628e-06, valid loss: 1.5763e-06 , test loss: 3.1119e-04
>> epoch [  42/3000], runtime:  0.43s, train loss: 8.2906e-06 (best: 7.9628e-06/1.5763e-06)
>> epoch [  43/3000], runtime:  0.40s, train loss: 9.0143e-06 (best: 7.9628e-06/1.5763e-06)
>> epoch [  44/3000], runtime:  0.44s, train loss: 8.7267e-06 (best: 7.9628e-06/1.5763e-06)
>> epoch [  45/3000], runtime:  0.39s, train loss: 8.0881e-06 (best: 7.9628e-06/1.5763e-06)
>> epoch [  46/3000], runtime:  0.40s, train loss: 8.1789e-06 (best: 7.9628e-06/1.5763e-06)
>> epoch [  47/3000], runtime:  0.40s, train loss: 7.3462e-06 (best: 7.9628e-06/1.5763e-06)
>> epoch [  48/3000], runtime: 0.47s, train loss: 7.6852e-06, valid loss: 1.4842e-06 , test loss: 2.8699e-04
>> epoch [  49/3000], runtime:  0.40s, train loss: 8.0129e-06 (best: 7.6852e-06/1.4842e-06)
>> epoch [  50/3000], runtime:  0.39s, train loss: 7.9364e-06 (best: 7.6852e-06/1.4842e-06)
>> epoch [  51/3000], runtime:  0.40s, train loss: 7.8860e-06 (best: 7.6852e-06/1.4842e-06)
>> epoch [  52/3000], runtime:  0.42s, train loss: 1.0322e-05 (best: 7.6852e-06/1.4842e-06)
>> epoch [  53/3000], runtime: 0.44s, train loss: 7.4623e-06, valid loss: 1.2078e-06 , test loss: 2.5207e-04
>> epoch [  54/3000], runtime:  0.45s, train loss: 7.3532e-06 (best: 7.4623e-06/1.2078e-06)
>> epoch [  55/3000], runtime:  0.41s, train loss: 6.9050e-06 (best: 7.4623e-06/1.2078e-06)
>> epoch [  56/3000], runtime:  0.46s, train loss: 6.8385e-06 (best: 7.4623e-06/1.2078e-06)
>> epoch [  57/3000], runtime:  0.43s, train loss: 7.1530e-06 (best: 7.4623e-06/1.2078e-06)
>> epoch [  58/3000], runtime:  0.43s, train loss: 6.4591e-06 (best: 7.4623e-06/1.2078e-06)
>> epoch [  59/3000], runtime:  0.46s, train loss: 6.6741e-06 (best: 7.4623e-06/1.2078e-06)
>> epoch [  60/3000], runtime:  0.45s, train loss: 7.1832e-06 (best: 7.4623e-06/1.2078e-06)
>> epoch [  61/3000], runtime:  0.42s, train loss: 6.7605e-06 (best: 7.4623e-06/1.2078e-06)
>> epoch [  62/3000], runtime:  0.43s, train loss: 6.5128e-06 (best: 7.4623e-06/1.2078e-06)
>> epoch [  63/3000], runtime:  0.45s, train loss: 6.8427e-06 (best: 7.4623e-06/1.2078e-06)
>> epoch [  64/3000], runtime:  0.43s, train loss: 7.2985e-06 (best: 7.4623e-06/1.2078e-06)
>> epoch [  65/3000], runtime: 0.48s, train loss: 6.7197e-06, valid loss: 1.1276e-06 , test loss: 2.3078e-04
>> epoch [  66/3000], runtime:  0.43s, train loss: 6.2840e-06 (best: 6.7197e-06/1.1276e-06)
>> epoch [  67/3000], runtime:  0.44s, train loss: 6.9541e-06 (best: 6.7197e-06/1.1276e-06)
>> epoch [  68/3000], runtime: 0.41s, train loss: 6.5566e-06, valid loss: 1.0339e-06 , test loss: 2.2142e-04
>> epoch [  69/3000], runtime: 0.47s, train loss: 5.7894e-06, valid loss: 1.0050e-06 , test loss: 2.1678e-04
>> epoch [  70/3000], runtime:  0.46s, train loss: 6.6840e-06 (best: 5.7894e-06/1.0050e-06)
>> epoch [  71/3000], runtime:  0.42s, train loss: 8.5101e-06 (best: 5.7894e-06/1.0050e-06)
>> epoch [  72/3000], runtime:  0.41s, train loss: 5.8591e-06 (best: 5.7894e-06/1.0050e-06)
>> epoch [  73/3000], runtime:  0.40s, train loss: 5.9532e-06 (best: 5.7894e-06/1.0050e-06)
>> epoch [  74/3000], runtime:  0.40s, train loss: 5.6556e-06 (best: 5.7894e-06/1.0050e-06)
>> epoch [  75/3000], runtime: 0.43s, train loss: 5.4966e-06, valid loss: 9.7051e-07 , test loss: 2.0900e-04
>> epoch [  76/3000], runtime:  0.43s, train loss: 5.5878e-06 (best: 5.4966e-06/9.7051e-07)
>> epoch [  77/3000], runtime:  0.41s, train loss: 5.7008e-06 (best: 5.4966e-06/9.7051e-07)
>> epoch [  78/3000], runtime: 0.40s, train loss: 5.3061e-06, valid loss: 9.2410e-07 , test loss: 2.0247e-04
>> epoch [  79/3000], runtime:  0.43s, train loss: 5.3311e-06 (best: 5.3061e-06/9.2410e-07)
>> epoch [  80/3000], runtime:  0.42s, train loss: 5.3706e-06 (best: 5.3061e-06/9.2410e-07)
>> epoch [  81/3000], runtime:  0.43s, train loss: 6.6978e-06 (best: 5.3061e-06/9.2410e-07)
>> epoch [  82/3000], runtime:  0.39s, train loss: 6.6037e-06 (best: 5.3061e-06/9.2410e-07)
>> epoch [  83/3000], runtime:  0.39s, train loss: 6.2358e-06 (best: 5.3061e-06/9.2410e-07)
>> epoch [  84/3000], runtime:  0.41s, train loss: 5.7413e-06 (best: 5.3061e-06/9.2410e-07)
>> epoch [  85/3000], runtime:  0.44s, train loss: 5.3358e-06 (best: 5.3061e-06/9.2410e-07)
>> epoch [  86/3000], runtime:  0.40s, train loss: 6.0951e-06 (best: 5.3061e-06/9.2410e-07)
>> epoch [  87/3000], runtime:  0.39s, train loss: 5.5152e-06 (best: 5.3061e-06/9.2410e-07)
>> epoch [  88/3000], runtime:  0.41s, train loss: 5.4462e-06 (best: 5.3061e-06/9.2410e-07)
>> epoch [  89/3000], runtime:  0.40s, train loss: 5.9917e-06 (best: 5.3061e-06/9.2410e-07)
>> epoch [  90/3000], runtime:  0.41s, train loss: 5.6207e-06 (best: 5.3061e-06/9.2410e-07)
>> epoch [  91/3000], runtime:  0.42s, train loss: 4.9552e-06 (best: 5.3061e-06/9.2410e-07)
>> epoch [  92/3000], runtime:  0.44s, train loss: 4.8240e-06 (best: 5.3061e-06/9.2410e-07)
>> epoch [  93/3000], runtime:  0.43s, train loss: 5.9500e-06 (best: 5.3061e-06/9.2410e-07)
>> epoch [  94/3000], runtime:  0.38s, train loss: 5.5857e-06 (best: 5.3061e-06/9.2410e-07)
>> epoch [  95/3000], runtime:  0.39s, train loss: 5.4503e-06 (best: 5.3061e-06/9.2410e-07)
>> epoch [  96/3000], runtime:  0.40s, train loss: 5.3631e-06 (best: 5.3061e-06/9.2410e-07)
>> epoch [  97/3000], runtime:  0.40s, train loss: 5.6297e-06 (best: 5.3061e-06/9.2410e-07)
>> epoch [  98/3000], runtime:  0.41s, train loss: 5.0725e-06 (best: 5.3061e-06/9.2410e-07)
>> epoch [  99/3000], runtime:  0.46s, train loss: 5.3722e-06 (best: 5.3061e-06/9.2410e-07)
>> epoch [ 100/3000], runtime: 0.43s, train loss: 5.2551e-06, valid loss: 9.2114e-07 , test loss: 1.8554e-04
>> epoch [ 101/3000], runtime: 0.45s, train loss: 4.7814e-06, valid loss: 8.6170e-07 , test loss: 1.8587e-04
>> epoch [ 102/3000], runtime:  0.45s, train loss: 4.7326e-06 (best: 4.7814e-06/8.6170e-07)
>> epoch [ 103/3000], runtime:  0.43s, train loss: 5.0674e-06 (best: 4.7814e-06/8.6170e-07)
>> epoch [ 104/3000], runtime:  0.41s, train loss: 5.2435e-06 (best: 4.7814e-06/8.6170e-07)
>> epoch [ 105/3000], runtime:  0.41s, train loss: 5.5370e-06 (best: 4.7814e-06/8.6170e-07)
>> epoch [ 106/3000], runtime:  0.39s, train loss: 5.2822e-06 (best: 4.7814e-06/8.6170e-07)
>> epoch [ 107/3000], runtime:  0.39s, train loss: 5.3349e-06 (best: 4.7814e-06/8.6170e-07)
>> epoch [ 108/3000], runtime:  0.40s, train loss: 4.7122e-06 (best: 4.7814e-06/8.6170e-07)
>> epoch [ 109/3000], runtime:  0.44s, train loss: 5.6058e-06 (best: 4.7814e-06/8.6170e-07)
>> epoch [ 110/3000], runtime:  0.41s, train loss: 4.6085e-06 (best: 4.7814e-06/8.6170e-07)
>> epoch [ 111/3000], runtime:  0.42s, train loss: 5.2396e-06 (best: 4.7814e-06/8.6170e-07)
>> epoch [ 112/3000], runtime:  0.42s, train loss: 4.6346e-06 (best: 4.7814e-06/8.6170e-07)
>> epoch [ 113/3000], runtime: 0.45s, train loss: 4.7272e-06, valid loss: 8.0040e-07 , test loss: 1.7171e-04
>> epoch [ 114/3000], runtime:  0.42s, train loss: 4.7480e-06 (best: 4.7272e-06/8.0040e-07)
>> epoch [ 115/3000], runtime:  0.38s, train loss: 5.2114e-06 (best: 4.7272e-06/8.0040e-07)
>> epoch [ 116/3000], runtime:  0.38s, train loss: 4.5709e-06 (best: 4.7272e-06/8.0040e-07)
>> epoch [ 117/3000], runtime:  0.46s, train loss: 4.5224e-06 (best: 4.7272e-06/8.0040e-07)
>> epoch [ 118/3000], runtime:  0.42s, train loss: 4.3857e-06 (best: 4.7272e-06/8.0040e-07)
>> epoch [ 119/3000], runtime: 0.41s, train loss: 4.5766e-06, valid loss: 7.4683e-07 , test loss: 1.6818e-04
>> epoch [ 120/3000], runtime:  0.41s, train loss: 4.2543e-06 (best: 4.5766e-06/7.4683e-07)
>> epoch [ 121/3000], runtime:  0.39s, train loss: 4.7985e-06 (best: 4.5766e-06/7.4683e-07)
>> epoch [ 122/3000], runtime:  0.38s, train loss: 4.7765e-06 (best: 4.5766e-06/7.4683e-07)
>> epoch [ 123/3000], runtime:  0.39s, train loss: 4.7378e-06 (best: 4.5766e-06/7.4683e-07)
>> epoch [ 124/3000], runtime:  0.38s, train loss: 4.4445e-06 (best: 4.5766e-06/7.4683e-07)
>> epoch [ 125/3000], runtime:  0.40s, train loss: 4.2826e-06 (best: 4.5766e-06/7.4683e-07)
>> epoch [ 126/3000], runtime:  0.45s, train loss: 4.5013e-06 (best: 4.5766e-06/7.4683e-07)
>> epoch [ 127/3000], runtime:  0.41s, train loss: 4.1253e-06 (best: 4.5766e-06/7.4683e-07)
>> epoch [ 128/3000], runtime:  0.43s, train loss: 3.8632e-06 (best: 4.5766e-06/7.4683e-07)
>> epoch [ 129/3000], runtime:  0.44s, train loss: 4.5053e-06 (best: 4.5766e-06/7.4683e-07)
>> epoch [ 130/3000], runtime:  0.40s, train loss: 4.8306e-06 (best: 4.5766e-06/7.4683e-07)
>> epoch [ 131/3000], runtime:  0.40s, train loss: 4.4583e-06 (best: 4.5766e-06/7.4683e-07)
>> epoch [ 132/3000], runtime:  0.39s, train loss: 4.5835e-06 (best: 4.5766e-06/7.4683e-07)
>> epoch [ 133/3000], runtime:  0.40s, train loss: 4.7405e-06 (best: 4.5766e-06/7.4683e-07)
>> epoch [ 134/3000], runtime:  0.39s, train loss: 4.4888e-06 (best: 4.5766e-06/7.4683e-07)
>> epoch [ 135/3000], runtime:  0.39s, train loss: 4.4015e-06 (best: 4.5766e-06/7.4683e-07)
>> epoch [ 136/3000], runtime: 0.40s, train loss: 4.0089e-06, valid loss: 7.0404e-07 , test loss: 1.5782e-04
>> epoch [ 137/3000], runtime:  0.41s, train loss: 3.8586e-06 (best: 4.0089e-06/7.0404e-07)
>> epoch [ 138/3000], runtime:  0.40s, train loss: 3.6520e-06 (best: 4.0089e-06/7.0404e-07)
>> epoch [ 139/3000], runtime:  0.40s, train loss: 4.7871e-06 (best: 4.0089e-06/7.0404e-07)
>> epoch [ 140/3000], runtime:  0.39s, train loss: 4.0101e-06 (best: 4.0089e-06/7.0404e-07)
>> epoch [ 141/3000], runtime:  0.38s, train loss: 4.0660e-06 (best: 4.0089e-06/7.0404e-07)
>> epoch [ 142/3000], runtime:  0.41s, train loss: 3.8599e-06 (best: 4.0089e-06/7.0404e-07)
>> epoch [ 143/3000], runtime: 0.42s, train loss: 3.7036e-06, valid loss: 6.5829e-07 , test loss: 1.5034e-04
>> epoch [ 144/3000], runtime:  0.48s, train loss: 3.8867e-06 (best: 3.7036e-06/6.5829e-07)
>> epoch [ 145/3000], runtime:  0.41s, train loss: 5.1445e-06 (best: 3.7036e-06/6.5829e-07)
>> epoch [ 146/3000], runtime:  0.39s, train loss: 4.4005e-06 (best: 3.7036e-06/6.5829e-07)
>> epoch [ 147/3000], runtime:  0.40s, train loss: 4.2096e-06 (best: 3.7036e-06/6.5829e-07)
>> epoch [ 148/3000], runtime:  0.41s, train loss: 4.0475e-06 (best: 3.7036e-06/6.5829e-07)
>> epoch [ 149/3000], runtime:  0.40s, train loss: 3.9194e-06 (best: 3.7036e-06/6.5829e-07)
>> epoch [ 150/3000], runtime:  0.39s, train loss: 3.6292e-06 (best: 3.7036e-06/6.5829e-07)
>> epoch [ 151/3000], runtime:  0.42s, train loss: 4.0473e-06 (best: 3.7036e-06/6.5829e-07)
>> epoch [ 152/3000], runtime:  0.38s, train loss: 3.8266e-06 (best: 3.7036e-06/6.5829e-07)
>> epoch [ 153/3000], runtime:  0.39s, train loss: 3.6538e-06 (best: 3.7036e-06/6.5829e-07)
>> epoch [ 154/3000], runtime:  0.45s, train loss: 3.7178e-06 (best: 3.7036e-06/6.5829e-07)
>> epoch [ 155/3000], runtime:  0.41s, train loss: 3.5797e-06 (best: 3.7036e-06/6.5829e-07)
>> epoch [ 156/3000], runtime: 0.44s, train loss: 3.5406e-06, valid loss: 6.0491e-07 , test loss: 1.4012e-04
>> epoch [ 157/3000], runtime:  0.42s, train loss: 4.1217e-06 (best: 3.5406e-06/6.0491e-07)
>> epoch [ 158/3000], runtime:  0.43s, train loss: 3.8673e-06 (best: 3.5406e-06/6.0491e-07)
>> epoch [ 159/3000], runtime:  0.40s, train loss: 3.7888e-06 (best: 3.5406e-06/6.0491e-07)
>> epoch [ 160/3000], runtime:  0.40s, train loss: 3.9292e-06 (best: 3.5406e-06/6.0491e-07)
>> epoch [ 161/3000], runtime:  0.38s, train loss: 4.0274e-06 (best: 3.5406e-06/6.0491e-07)
>> epoch [ 162/3000], runtime:  0.39s, train loss: 3.7794e-06 (best: 3.5406e-06/6.0491e-07)
>> epoch [ 163/3000], runtime:  0.44s, train loss: 3.6561e-06 (best: 3.5406e-06/6.0491e-07)
>> epoch [ 164/3000], runtime:  0.45s, train loss: 3.4472e-06 (best: 3.5406e-06/6.0491e-07)
>> epoch [ 165/3000], runtime: 0.44s, train loss: 3.2337e-06, valid loss: 5.8004e-07 , test loss: 1.3331e-04
>> epoch [ 166/3000], runtime:  0.47s, train loss: 3.3252e-06 (best: 3.2337e-06/5.8004e-07)
>> epoch [ 167/3000], runtime:  0.43s, train loss: 3.3671e-06 (best: 3.2337e-06/5.8004e-07)
>> epoch [ 168/3000], runtime:  0.41s, train loss: 3.8522e-06 (best: 3.2337e-06/5.8004e-07)
>> epoch [ 169/3000], runtime:  0.40s, train loss: 3.6820e-06 (best: 3.2337e-06/5.8004e-07)
>> epoch [ 170/3000], runtime:  0.40s, train loss: 3.8469e-06 (best: 3.2337e-06/5.8004e-07)
>> epoch [ 171/3000], runtime: 0.40s, train loss: 3.1090e-06, valid loss: 5.5631e-07 , test loss: 1.3316e-04
>> epoch [ 172/3000], runtime:  0.46s, train loss: 3.3607e-06 (best: 3.1090e-06/5.5631e-07)
>> epoch [ 173/3000], runtime:  0.41s, train loss: 3.5814e-06 (best: 3.1090e-06/5.5631e-07)
>> epoch [ 174/3000], runtime:  0.41s, train loss: 3.3684e-06 (best: 3.1090e-06/5.5631e-07)
>> epoch [ 175/3000], runtime:  0.41s, train loss: 3.3664e-06 (best: 3.1090e-06/5.5631e-07)
>> epoch [ 176/3000], runtime:  0.39s, train loss: 3.7427e-06 (best: 3.1090e-06/5.5631e-07)
>> epoch [ 177/3000], runtime:  0.39s, train loss: 3.4356e-06 (best: 3.1090e-06/5.5631e-07)
>> epoch [ 178/3000], runtime:  0.40s, train loss: 3.3997e-06 (best: 3.1090e-06/5.5631e-07)
>> epoch [ 179/3000], runtime:  0.42s, train loss: 3.0264e-06 (best: 3.1090e-06/5.5631e-07)
>> epoch [ 180/3000], runtime:  0.42s, train loss: 3.3836e-06 (best: 3.1090e-06/5.5631e-07)
>> epoch [ 181/3000], runtime:  0.40s, train loss: 3.4148e-06 (best: 3.1090e-06/5.5631e-07)
>> epoch [ 182/3000], runtime: 0.40s, train loss: 3.0336e-06, valid loss: 5.2575e-07 , test loss: 1.2703e-04
>> epoch [ 183/3000], runtime:  0.42s, train loss: 3.0797e-06 (best: 3.0336e-06/5.2575e-07)
>> epoch [ 184/3000], runtime:  0.39s, train loss: 3.2474e-06 (best: 3.0336e-06/5.2575e-07)
>> epoch [ 185/3000], runtime:  0.40s, train loss: 3.2990e-06 (best: 3.0336e-06/5.2575e-07)
>> epoch [ 186/3000], runtime:  0.39s, train loss: 3.6307e-06 (best: 3.0336e-06/5.2575e-07)
>> epoch [ 187/3000], runtime:  0.39s, train loss: 3.3932e-06 (best: 3.0336e-06/5.2575e-07)
>> epoch [ 188/3000], runtime:  0.39s, train loss: 3.2521e-06 (best: 3.0336e-06/5.2575e-07)
>> epoch [ 189/3000], runtime:  0.40s, train loss: 3.0893e-06 (best: 3.0336e-06/5.2575e-07)
>> epoch [ 190/3000], runtime:  0.40s, train loss: 2.9663e-06 (best: 3.0336e-06/5.2575e-07)
>> epoch [ 191/3000], runtime:  0.40s, train loss: 3.1528e-06 (best: 3.0336e-06/5.2575e-07)
>> epoch [ 192/3000], runtime:  0.39s, train loss: 3.2187e-06 (best: 3.0336e-06/5.2575e-07)
>> epoch [ 193/3000], runtime: 0.40s, train loss: 2.9366e-06, valid loss: 5.1762e-07 , test loss: 1.2544e-04
>> epoch [ 194/3000], runtime:  0.43s, train loss: 3.1024e-06 (best: 2.9366e-06/5.1762e-07)
>> epoch [ 195/3000], runtime:  0.40s, train loss: 3.6478e-06 (best: 2.9366e-06/5.1762e-07)
>> epoch [ 196/3000], runtime:  0.41s, train loss: 3.5124e-06 (best: 2.9366e-06/5.1762e-07)
>> epoch [ 197/3000], runtime:  0.40s, train loss: 3.9639e-06 (best: 2.9366e-06/5.1762e-07)
>> epoch [ 198/3000], runtime:  0.39s, train loss: 4.7139e-06 (best: 2.9366e-06/5.1762e-07)
>> epoch [ 199/3000], runtime:  0.41s, train loss: 3.4515e-06 (best: 2.9366e-06/5.1762e-07)
>> epoch [ 200/3000], runtime:  0.39s, train loss: 3.3326e-06 (best: 2.9366e-06/5.1762e-07)
>> epoch [ 201/3000], runtime:  0.41s, train loss: 3.0316e-06 (best: 2.9366e-06/5.1762e-07)
>> epoch [ 202/3000], runtime:  0.37s, train loss: 3.0856e-06 (best: 2.9366e-06/5.1762e-07)
>> epoch [ 203/3000], runtime:  0.41s, train loss: 3.0912e-06 (best: 2.9366e-06/5.1762e-07)
>> epoch [ 204/3000], runtime:  0.39s, train loss: 2.9344e-06 (best: 2.9366e-06/5.1762e-07)
>> epoch [ 205/3000], runtime:  0.43s, train loss: 3.1704e-06 (best: 2.9366e-06/5.1762e-07)
>> epoch [ 206/3000], runtime:  0.39s, train loss: 4.0903e-06 (best: 2.9366e-06/5.1762e-07)
>> epoch [ 207/3000], runtime:  0.40s, train loss: 3.4140e-06 (best: 2.9366e-06/5.1762e-07)
>> epoch [ 208/3000], runtime:  0.42s, train loss: 3.2075e-06 (best: 2.9366e-06/5.1762e-07)
>> epoch [ 209/3000], runtime:  0.41s, train loss: 3.3328e-06 (best: 2.9366e-06/5.1762e-07)
>> epoch [ 210/3000], runtime:  0.40s, train loss: 2.8718e-06 (best: 2.9366e-06/5.1762e-07)
>> epoch [ 211/3000], runtime:  0.42s, train loss: 3.1318e-06 (best: 2.9366e-06/5.1762e-07)
>> epoch [ 212/3000], runtime:  0.43s, train loss: 3.1233e-06 (best: 2.9366e-06/5.1762e-07)
>> epoch [ 213/3000], runtime:  0.40s, train loss: 3.2323e-06 (best: 2.9366e-06/5.1762e-07)
>> epoch [ 214/3000], runtime:  0.39s, train loss: 2.8452e-06 (best: 2.9366e-06/5.1762e-07)
>> epoch [ 215/3000], runtime:  0.40s, train loss: 3.2423e-06 (best: 2.9366e-06/5.1762e-07)
>> epoch [ 216/3000], runtime:  0.38s, train loss: 3.2612e-06 (best: 2.9366e-06/5.1762e-07)
>> epoch [ 217/3000], runtime:  0.38s, train loss: 3.4400e-06 (best: 2.9366e-06/5.1762e-07)
>> epoch [ 218/3000], runtime: 0.39s, train loss: 2.9148e-06, valid loss: 5.0768e-07 , test loss: 1.2382e-04
>> epoch [ 219/3000], runtime:  0.42s, train loss: 3.2092e-06 (best: 2.9148e-06/5.0768e-07)
>> epoch [ 220/3000], runtime:  0.39s, train loss: 3.0223e-06 (best: 2.9148e-06/5.0768e-07)
>> epoch [ 221/3000], runtime: 0.38s, train loss: 2.7823e-06, valid loss: 4.8391e-07 , test loss: 1.2016e-04
>> epoch [ 222/3000], runtime:  0.39s, train loss: 2.9473e-06 (best: 2.7823e-06/4.8391e-07)
>> epoch [ 223/3000], runtime:  0.39s, train loss: 3.2962e-06 (best: 2.7823e-06/4.8391e-07)
>> epoch [ 224/3000], runtime:  0.39s, train loss: 2.9153e-06 (best: 2.7823e-06/4.8391e-07)
>> epoch [ 225/3000], runtime:  0.39s, train loss: 2.9725e-06 (best: 2.7823e-06/4.8391e-07)
>> epoch [ 226/3000], runtime:  0.40s, train loss: 2.7572e-06 (best: 2.7823e-06/4.8391e-07)
>> epoch [ 227/3000], runtime:  0.42s, train loss: 2.9245e-06 (best: 2.7823e-06/4.8391e-07)
>> epoch [ 228/3000], runtime:  0.42s, train loss: 2.7290e-06 (best: 2.7823e-06/4.8391e-07)
>> epoch [ 229/3000], runtime:  0.42s, train loss: 3.1626e-06 (best: 2.7823e-06/4.8391e-07)
>> epoch [ 230/3000], runtime:  0.39s, train loss: 3.4199e-06 (best: 2.7823e-06/4.8391e-07)
>> epoch [ 231/3000], runtime:  0.41s, train loss: 3.0651e-06 (best: 2.7823e-06/4.8391e-07)
>> epoch [ 232/3000], runtime:  0.39s, train loss: 3.1549e-06 (best: 2.7823e-06/4.8391e-07)
>> epoch [ 233/3000], runtime:  0.41s, train loss: 2.9612e-06 (best: 2.7823e-06/4.8391e-07)
>> epoch [ 234/3000], runtime:  0.39s, train loss: 3.1150e-06 (best: 2.7823e-06/4.8391e-07)
>> epoch [ 235/3000], runtime:  0.39s, train loss: 2.7725e-06 (best: 2.7823e-06/4.8391e-07)
>> epoch [ 236/3000], runtime:  0.44s, train loss: 2.9248e-06 (best: 2.7823e-06/4.8391e-07)
>> epoch [ 237/3000], runtime:  0.39s, train loss: 3.0546e-06 (best: 2.7823e-06/4.8391e-07)
>> epoch [ 238/3000], runtime:  0.39s, train loss: 2.7628e-06 (best: 2.7823e-06/4.8391e-07)
>> epoch [ 239/3000], runtime:  0.42s, train loss: 2.9185e-06 (best: 2.7823e-06/4.8391e-07)
>> epoch [ 240/3000], runtime:  0.39s, train loss: 2.9024e-06 (best: 2.7823e-06/4.8391e-07)
>> epoch [ 241/3000], runtime:  0.39s, train loss: 3.3767e-06 (best: 2.7823e-06/4.8391e-07)
>> epoch [ 242/3000], runtime:  0.40s, train loss: 3.1255e-06 (best: 2.7823e-06/4.8391e-07)
>> epoch [ 243/3000], runtime:  0.39s, train loss: 3.0697e-06 (best: 2.7823e-06/4.8391e-07)
>> epoch [ 244/3000], runtime:  0.41s, train loss: 2.9987e-06 (best: 2.7823e-06/4.8391e-07)
>> epoch [ 245/3000], runtime:  0.41s, train loss: 2.9948e-06 (best: 2.7823e-06/4.8391e-07)
>> epoch [ 246/3000], runtime:  0.42s, train loss: 3.2333e-06 (best: 2.7823e-06/4.8391e-07)
>> epoch [ 247/3000], runtime:  0.41s, train loss: 3.0975e-06 (best: 2.7823e-06/4.8391e-07)
>> epoch [ 248/3000], runtime:  0.41s, train loss: 2.8777e-06 (best: 2.7823e-06/4.8391e-07)
>> epoch [ 249/3000], runtime:  0.40s, train loss: 2.6403e-06 (best: 2.7823e-06/4.8391e-07)
>> epoch [ 250/3000], runtime:  0.44s, train loss: 2.9312e-06 (best: 2.7823e-06/4.8391e-07)
>> epoch [ 251/3000], runtime:  0.42s, train loss: 3.0645e-06 (best: 2.7823e-06/4.8391e-07)
>> epoch [ 252/3000], runtime:  0.39s, train loss: 3.1228e-06 (best: 2.7823e-06/4.8391e-07)
>> epoch [ 253/3000], runtime:  0.39s, train loss: 3.0913e-06 (best: 2.7823e-06/4.8391e-07)
>> epoch [ 254/3000], runtime:  0.39s, train loss: 2.7054e-06 (best: 2.7823e-06/4.8391e-07)
>> epoch [ 255/3000], runtime:  0.41s, train loss: 2.7772e-06 (best: 2.7823e-06/4.8391e-07)
>> epoch [ 256/3000], runtime:  0.46s, train loss: 2.8606e-06 (best: 2.7823e-06/4.8391e-07)
>> epoch [ 257/3000], runtime:  0.39s, train loss: 2.9322e-06 (best: 2.7823e-06/4.8391e-07)
>> epoch [ 258/3000], runtime:  0.41s, train loss: 3.0669e-06 (best: 2.7823e-06/4.8391e-07)
>> epoch [ 259/3000], runtime:  0.39s, train loss: 2.8620e-06 (best: 2.7823e-06/4.8391e-07)
>> epoch [ 260/3000], runtime:  0.39s, train loss: 2.8618e-06 (best: 2.7823e-06/4.8391e-07)
>> epoch [ 261/3000], runtime:  0.41s, train loss: 2.7872e-06 (best: 2.7823e-06/4.8391e-07)
>> epoch [ 262/3000], runtime:  0.39s, train loss: 2.7223e-06 (best: 2.7823e-06/4.8391e-07)
>> epoch [ 263/3000], runtime:  0.42s, train loss: 2.8592e-06 (best: 2.7823e-06/4.8391e-07)
>> epoch [ 264/3000], runtime:  0.38s, train loss: 2.8933e-06 (best: 2.7823e-06/4.8391e-07)
>> epoch [ 265/3000], runtime:  0.39s, train loss: 3.1821e-06 (best: 2.7823e-06/4.8391e-07)
>> epoch [ 266/3000], runtime:  0.39s, train loss: 2.9214e-06 (best: 2.7823e-06/4.8391e-07)
>> epoch [ 267/3000], runtime: 0.38s, train loss: 2.7372e-06, valid loss: 4.6069e-07 , test loss: 1.1441e-04
>> epoch [ 268/3000], runtime:  0.44s, train loss: 2.8025e-06 (best: 2.7372e-06/4.6069e-07)
>> epoch [ 269/3000], runtime: 0.39s, train loss: 2.6981e-06, valid loss: 4.5157e-07 , test loss: 1.1464e-04
>> epoch [ 270/3000], runtime:  0.40s, train loss: 2.7232e-06 (best: 2.6981e-06/4.5157e-07)
>> epoch [ 271/3000], runtime: 0.39s, train loss: 2.6726e-06, valid loss: 4.3278e-07 , test loss: 1.1277e-04
>> epoch [ 272/3000], runtime:  0.40s, train loss: 2.6837e-06 (best: 2.6726e-06/4.3278e-07)
>> epoch [ 273/3000], runtime:  0.38s, train loss: 2.8356e-06 (best: 2.6726e-06/4.3278e-07)
>> epoch [ 274/3000], runtime:  0.38s, train loss: 2.8174e-06 (best: 2.6726e-06/4.3278e-07)
>> epoch [ 275/3000], runtime:  0.38s, train loss: 2.7971e-06 (best: 2.6726e-06/4.3278e-07)
>> epoch [ 276/3000], runtime:  0.39s, train loss: 3.1254e-06 (best: 2.6726e-06/4.3278e-07)
>> epoch [ 277/3000], runtime:  0.39s, train loss: 3.0320e-06 (best: 2.6726e-06/4.3278e-07)
>> epoch [ 278/3000], runtime:  0.38s, train loss: 2.6284e-06 (best: 2.6726e-06/4.3278e-07)
>> epoch [ 279/3000], runtime:  0.40s, train loss: 2.6240e-06 (best: 2.6726e-06/4.3278e-07)
>> epoch [ 280/3000], runtime:  0.40s, train loss: 2.7064e-06 (best: 2.6726e-06/4.3278e-07)
>> epoch [ 281/3000], runtime:  0.40s, train loss: 3.0096e-06 (best: 2.6726e-06/4.3278e-07)
>> epoch [ 282/3000], runtime:  0.41s, train loss: 2.6687e-06 (best: 2.6726e-06/4.3278e-07)
>> epoch [ 283/3000], runtime:  0.41s, train loss: 2.6860e-06 (best: 2.6726e-06/4.3278e-07)
>> epoch [ 284/3000], runtime:  0.39s, train loss: 2.6642e-06 (best: 2.6726e-06/4.3278e-07)
>> epoch [ 285/3000], runtime:  0.39s, train loss: 2.6119e-06 (best: 2.6726e-06/4.3278e-07)
>> epoch [ 286/3000], runtime:  0.41s, train loss: 2.5702e-06 (best: 2.6726e-06/4.3278e-07)
>> epoch [ 287/3000], runtime:  0.41s, train loss: 2.6223e-06 (best: 2.6726e-06/4.3278e-07)
>> epoch [ 288/3000], runtime:  0.41s, train loss: 2.7829e-06 (best: 2.6726e-06/4.3278e-07)
>> epoch [ 289/3000], runtime:  0.39s, train loss: 2.6341e-06 (best: 2.6726e-06/4.3278e-07)
>> epoch [ 290/3000], runtime:  0.40s, train loss: 2.7524e-06 (best: 2.6726e-06/4.3278e-07)
>> epoch [ 291/3000], runtime:  0.38s, train loss: 2.8169e-06 (best: 2.6726e-06/4.3278e-07)
>> epoch [ 292/3000], runtime:  0.39s, train loss: 2.7333e-06 (best: 2.6726e-06/4.3278e-07)
>> epoch [ 293/3000], runtime:  0.39s, train loss: 2.7711e-06 (best: 2.6726e-06/4.3278e-07)
>> epoch [ 294/3000], runtime:  0.40s, train loss: 2.7936e-06 (best: 2.6726e-06/4.3278e-07)
>> epoch [ 295/3000], runtime:  0.38s, train loss: 2.7429e-06 (best: 2.6726e-06/4.3278e-07)
>> epoch [ 296/3000], runtime:  0.38s, train loss: 2.6447e-06 (best: 2.6726e-06/4.3278e-07)
>> epoch [ 297/3000], runtime: 0.40s, train loss: 2.6603e-06, valid loss: 4.2822e-07 , test loss: 1.1141e-04
>> epoch [ 298/3000], runtime:  0.39s, train loss: 2.5721e-06 (best: 2.6603e-06/4.2822e-07)
>> epoch [ 299/3000], runtime:  0.41s, train loss: 2.6810e-06 (best: 2.6603e-06/4.2822e-07)
>> epoch [ 300/3000], runtime:  0.38s, train loss: 2.6340e-06 (best: 2.6603e-06/4.2822e-07)
>> epoch [ 301/3000], runtime:  0.40s, train loss: 2.6760e-06 (best: 2.6603e-06/4.2822e-07)
>> epoch [ 302/3000], runtime:  0.38s, train loss: 2.5096e-06 (best: 2.6603e-06/4.2822e-07)
>> epoch [ 303/3000], runtime:  0.38s, train loss: 2.5533e-06 (best: 2.6603e-06/4.2822e-07)
>> epoch [ 304/3000], runtime:  0.40s, train loss: 2.6354e-06 (best: 2.6603e-06/4.2822e-07)
>> epoch [ 305/3000], runtime:  0.39s, train loss: 2.6869e-06 (best: 2.6603e-06/4.2822e-07)
>> epoch [ 306/3000], runtime:  0.38s, train loss: 2.4603e-06 (best: 2.6603e-06/4.2822e-07)
>> epoch [ 307/3000], runtime:  0.42s, train loss: 2.5159e-06 (best: 2.6603e-06/4.2822e-07)
>> epoch [ 308/3000], runtime:  0.41s, train loss: 2.5880e-06 (best: 2.6603e-06/4.2822e-07)
>> epoch [ 309/3000], runtime:  0.41s, train loss: 2.6195e-06 (best: 2.6603e-06/4.2822e-07)
>> epoch [ 310/3000], runtime:  0.43s, train loss: 2.7425e-06 (best: 2.6603e-06/4.2822e-07)
>> epoch [ 311/3000], runtime:  0.40s, train loss: 2.4183e-06 (best: 2.6603e-06/4.2822e-07)
>> epoch [ 312/3000], runtime:  0.42s, train loss: 2.7452e-06 (best: 2.6603e-06/4.2822e-07)
>> epoch [ 313/3000], runtime:  0.38s, train loss: 2.5734e-06 (best: 2.6603e-06/4.2822e-07)
>> epoch [ 314/3000], runtime: 0.42s, train loss: 2.4607e-06, valid loss: 4.1565e-07 , test loss: 1.0949e-04
>> epoch [ 315/3000], runtime:  0.41s, train loss: 2.4430e-06 (best: 2.4607e-06/4.1565e-07)
>> epoch [ 316/3000], runtime:  0.41s, train loss: 2.7568e-06 (best: 2.4607e-06/4.1565e-07)
>> epoch [ 317/3000], runtime:  0.38s, train loss: 2.5491e-06 (best: 2.4607e-06/4.1565e-07)
>> epoch [ 318/3000], runtime:  0.39s, train loss: 2.7295e-06 (best: 2.4607e-06/4.1565e-07)
>> epoch [ 319/3000], runtime:  0.39s, train loss: 2.4601e-06 (best: 2.4607e-06/4.1565e-07)
>> epoch [ 320/3000], runtime:  0.40s, train loss: 2.4700e-06 (best: 2.4607e-06/4.1565e-07)
>> epoch [ 321/3000], runtime:  0.38s, train loss: 2.3974e-06 (best: 2.4607e-06/4.1565e-07)
>> epoch [ 322/3000], runtime:  0.42s, train loss: 2.6979e-06 (best: 2.4607e-06/4.1565e-07)
>> epoch [ 323/3000], runtime:  0.38s, train loss: 2.6682e-06 (best: 2.4607e-06/4.1565e-07)
>> epoch [ 324/3000], runtime:  0.38s, train loss: 2.7271e-06 (best: 2.4607e-06/4.1565e-07)
>> epoch [ 325/3000], runtime:  0.39s, train loss: 2.8299e-06 (best: 2.4607e-06/4.1565e-07)
>> epoch [ 326/3000], runtime:  0.39s, train loss: 2.6875e-06 (best: 2.4607e-06/4.1565e-07)
>> epoch [ 327/3000], runtime:  0.40s, train loss: 2.4917e-06 (best: 2.4607e-06/4.1565e-07)
>> epoch [ 328/3000], runtime:  0.38s, train loss: 2.5227e-06 (best: 2.4607e-06/4.1565e-07)
>> epoch [ 329/3000], runtime:  0.38s, train loss: 2.5104e-06 (best: 2.4607e-06/4.1565e-07)
>> epoch [ 330/3000], runtime:  0.39s, train loss: 2.4238e-06 (best: 2.4607e-06/4.1565e-07)
>> epoch [ 331/3000], runtime:  0.43s, train loss: 2.5468e-06 (best: 2.4607e-06/4.1565e-07)
>> epoch [ 332/3000], runtime:  0.40s, train loss: 2.6520e-06 (best: 2.4607e-06/4.1565e-07)
>> epoch [ 333/3000], runtime:  0.38s, train loss: 2.5876e-06 (best: 2.4607e-06/4.1565e-07)
>> epoch [ 334/3000], runtime:  0.40s, train loss: 2.7011e-06 (best: 2.4607e-06/4.1565e-07)
>> epoch [ 335/3000], runtime:  0.38s, train loss: 2.4859e-06 (best: 2.4607e-06/4.1565e-07)
>> epoch [ 336/3000], runtime:  0.39s, train loss: 2.6962e-06 (best: 2.4607e-06/4.1565e-07)
>> epoch [ 337/3000], runtime:  0.40s, train loss: 2.4649e-06 (best: 2.4607e-06/4.1565e-07)
>> epoch [ 338/3000], runtime:  0.40s, train loss: 2.4034e-06 (best: 2.4607e-06/4.1565e-07)
>> epoch [ 339/3000], runtime:  0.45s, train loss: 2.5148e-06 (best: 2.4607e-06/4.1565e-07)
>> epoch [ 340/3000], runtime:  0.42s, train loss: 2.4923e-06 (best: 2.4607e-06/4.1565e-07)
>> epoch [ 341/3000], runtime:  0.43s, train loss: 2.5114e-06 (best: 2.4607e-06/4.1565e-07)
>> epoch [ 342/3000], runtime:  0.45s, train loss: 2.6780e-06 (best: 2.4607e-06/4.1565e-07)
>> epoch [ 343/3000], runtime: 0.44s, train loss: 2.4547e-06, valid loss: 4.1336e-07 , test loss: 1.0918e-04
>> epoch [ 344/3000], runtime:  0.46s, train loss: 2.3626e-06 (best: 2.4547e-06/4.1336e-07)
>> epoch [ 345/3000], runtime:  0.42s, train loss: 2.4408e-06 (best: 2.4547e-06/4.1336e-07)
>> epoch [ 346/3000], runtime:  0.44s, train loss: 2.4344e-06 (best: 2.4547e-06/4.1336e-07)
>> epoch [ 347/3000], runtime:  0.40s, train loss: 2.4617e-06 (best: 2.4547e-06/4.1336e-07)
>> epoch [ 348/3000], runtime:  0.42s, train loss: 2.5188e-06 (best: 2.4547e-06/4.1336e-07)
>> epoch [ 349/3000], runtime:  0.43s, train loss: 2.4146e-06 (best: 2.4547e-06/4.1336e-07)
>> epoch [ 350/3000], runtime:  0.42s, train loss: 2.5142e-06 (best: 2.4547e-06/4.1336e-07)
>> epoch [ 351/3000], runtime:  0.38s, train loss: 2.4382e-06 (best: 2.4547e-06/4.1336e-07)
>> epoch [ 352/3000], runtime:  0.42s, train loss: 2.6732e-06 (best: 2.4547e-06/4.1336e-07)
>> epoch [ 353/3000], runtime:  0.38s, train loss: 2.5199e-06 (best: 2.4547e-06/4.1336e-07)
>> epoch [ 354/3000], runtime:  0.39s, train loss: 2.6815e-06 (best: 2.4547e-06/4.1336e-07)
>> epoch [ 355/3000], runtime:  0.39s, train loss: 2.4923e-06 (best: 2.4547e-06/4.1336e-07)
>> epoch [ 356/3000], runtime:  0.40s, train loss: 2.4906e-06 (best: 2.4547e-06/4.1336e-07)
>> epoch [ 357/3000], runtime:  0.39s, train loss: 2.6057e-06 (best: 2.4547e-06/4.1336e-07)
>> epoch [ 358/3000], runtime:  0.39s, train loss: 2.5337e-06 (best: 2.4547e-06/4.1336e-07)
>> epoch [ 359/3000], runtime:  0.37s, train loss: 2.4071e-06 (best: 2.4547e-06/4.1336e-07)
>> epoch [ 360/3000], runtime:  0.43s, train loss: 2.5055e-06 (best: 2.4547e-06/4.1336e-07)
>> epoch [ 361/3000], runtime:  0.40s, train loss: 2.5159e-06 (best: 2.4547e-06/4.1336e-07)
>> epoch [ 362/3000], runtime:  0.41s, train loss: 2.5469e-06 (best: 2.4547e-06/4.1336e-07)
>> epoch [ 363/3000], runtime:  0.40s, train loss: 2.6304e-06 (best: 2.4547e-06/4.1336e-07)
>> epoch [ 364/3000], runtime:  0.39s, train loss: 2.5062e-06 (best: 2.4547e-06/4.1336e-07)
>> epoch [ 365/3000], runtime:  0.41s, train loss: 2.5556e-06 (best: 2.4547e-06/4.1336e-07)
>> epoch [ 366/3000], runtime:  0.39s, train loss: 2.4749e-06 (best: 2.4547e-06/4.1336e-07)
>> epoch [ 367/3000], runtime:  0.41s, train loss: 2.4751e-06 (best: 2.4547e-06/4.1336e-07)
>> epoch [ 368/3000], runtime:  0.41s, train loss: 2.4764e-06 (best: 2.4547e-06/4.1336e-07)
>> epoch [ 369/3000], runtime:  0.40s, train loss: 2.5848e-06 (best: 2.4547e-06/4.1336e-07)
>> epoch [ 370/3000], runtime:  0.39s, train loss: 2.5114e-06 (best: 2.4547e-06/4.1336e-07)
>> epoch [ 371/3000], runtime: 0.39s, train loss: 2.3689e-06, valid loss: 4.0675e-07 , test loss: 1.0837e-04
>> epoch [ 372/3000], runtime:  0.43s, train loss: 2.3773e-06 (best: 2.3689e-06/4.0675e-07)
>> epoch [ 373/3000], runtime:  0.40s, train loss: 2.5367e-06 (best: 2.3689e-06/4.0675e-07)
>> epoch [ 374/3000], runtime:  0.40s, train loss: 2.5498e-06 (best: 2.3689e-06/4.0675e-07)
>> epoch [ 375/3000], runtime:  0.40s, train loss: 2.5619e-06 (best: 2.3689e-06/4.0675e-07)
>> epoch [ 376/3000], runtime:  0.40s, train loss: 2.4870e-06 (best: 2.3689e-06/4.0675e-07)
>> epoch [ 377/3000], runtime:  0.40s, train loss: 2.5372e-06 (best: 2.3689e-06/4.0675e-07)
>> epoch [ 378/3000], runtime:  0.39s, train loss: 2.6358e-06 (best: 2.3689e-06/4.0675e-07)
>> epoch [ 379/3000], runtime:  0.39s, train loss: 2.5863e-06 (best: 2.3689e-06/4.0675e-07)
>> epoch [ 380/3000], runtime:  0.39s, train loss: 2.3852e-06 (best: 2.3689e-06/4.0675e-07)
>> epoch [ 381/3000], runtime:  0.39s, train loss: 2.4059e-06 (best: 2.3689e-06/4.0675e-07)
>> epoch [ 382/3000], runtime:  0.40s, train loss: 2.3352e-06 (best: 2.3689e-06/4.0675e-07)
>> epoch [ 383/3000], runtime:  0.42s, train loss: 2.4283e-06 (best: 2.3689e-06/4.0675e-07)
>> epoch [ 384/3000], runtime:  0.42s, train loss: 2.3212e-06 (best: 2.3689e-06/4.0675e-07)
>> epoch [ 385/3000], runtime: 0.46s, train loss: 2.3555e-06, valid loss: 4.0269e-07 , test loss: 1.0612e-04
>> epoch [ 386/3000], runtime:  0.41s, train loss: 2.4072e-06 (best: 2.3555e-06/4.0269e-07)
>> epoch [ 387/3000], runtime:  0.40s, train loss: 2.3944e-06 (best: 2.3555e-06/4.0269e-07)
>> epoch [ 388/3000], runtime:  0.41s, train loss: 2.3120e-06 (best: 2.3555e-06/4.0269e-07)
>> epoch [ 389/3000], runtime:  0.45s, train loss: 2.4366e-06 (best: 2.3555e-06/4.0269e-07)
>> epoch [ 390/3000], runtime:  0.40s, train loss: 2.4849e-06 (best: 2.3555e-06/4.0269e-07)
>> epoch [ 391/3000], runtime:  0.39s, train loss: 2.7108e-06 (best: 2.3555e-06/4.0269e-07)
>> epoch [ 392/3000], runtime:  0.40s, train loss: 2.5041e-06 (best: 2.3555e-06/4.0269e-07)
>> epoch [ 393/3000], runtime: 0.39s, train loss: 2.2961e-06, valid loss: 3.9871e-07 , test loss: 1.0648e-04
>> epoch [ 394/3000], runtime:  0.45s, train loss: 2.4221e-06 (best: 2.2961e-06/3.9871e-07)
>> epoch [ 395/3000], runtime:  0.39s, train loss: 2.5205e-06 (best: 2.2961e-06/3.9871e-07)
>> epoch [ 396/3000], runtime:  0.39s, train loss: 2.3923e-06 (best: 2.2961e-06/3.9871e-07)
>> epoch [ 397/3000], runtime:  0.39s, train loss: 2.3034e-06 (best: 2.2961e-06/3.9871e-07)
>> epoch [ 398/3000], runtime:  0.39s, train loss: 2.3431e-06 (best: 2.2961e-06/3.9871e-07)
>> epoch [ 399/3000], runtime:  0.39s, train loss: 2.3456e-06 (best: 2.2961e-06/3.9871e-07)
>> epoch [ 400/3000], runtime:  0.38s, train loss: 2.5371e-06 (best: 2.2961e-06/3.9871e-07)
>> epoch [ 401/3000], runtime:  0.39s, train loss: 2.5859e-06 (best: 2.2961e-06/3.9871e-07)
>> epoch [ 402/3000], runtime:  0.39s, train loss: 2.3002e-06 (best: 2.2961e-06/3.9871e-07)
>> epoch [ 403/3000], runtime:  0.38s, train loss: 2.3305e-06 (best: 2.2961e-06/3.9871e-07)
>> epoch [ 404/3000], runtime:  0.38s, train loss: 2.4135e-06 (best: 2.2961e-06/3.9871e-07)
>> epoch [ 405/3000], runtime:  0.40s, train loss: 2.4738e-06 (best: 2.2961e-06/3.9871e-07)
>> epoch [ 406/3000], runtime:  0.39s, train loss: 2.4045e-06 (best: 2.2961e-06/3.9871e-07)
>> epoch [ 407/3000], runtime:  0.39s, train loss: 2.4670e-06 (best: 2.2961e-06/3.9871e-07)
>> epoch [ 408/3000], runtime:  0.39s, train loss: 2.3610e-06 (best: 2.2961e-06/3.9871e-07)
>> epoch [ 409/3000], runtime:  0.40s, train loss: 2.4012e-06 (best: 2.2961e-06/3.9871e-07)
>> epoch [ 410/3000], runtime:  0.41s, train loss: 2.3570e-06 (best: 2.2961e-06/3.9871e-07)
>> epoch [ 411/3000], runtime:  0.40s, train loss: 2.3544e-06 (best: 2.2961e-06/3.9871e-07)
>> epoch [ 412/3000], runtime:  0.38s, train loss: 2.6034e-06 (best: 2.2961e-06/3.9871e-07)
>> epoch [ 413/3000], runtime:  0.38s, train loss: 2.3137e-06 (best: 2.2961e-06/3.9871e-07)
>> epoch [ 414/3000], runtime:  0.39s, train loss: 2.3994e-06 (best: 2.2961e-06/3.9871e-07)
>> epoch [ 415/3000], runtime:  0.39s, train loss: 2.3053e-06 (best: 2.2961e-06/3.9871e-07)
>> epoch [ 416/3000], runtime:  0.40s, train loss: 2.4145e-06 (best: 2.2961e-06/3.9871e-07)
>> epoch [ 417/3000], runtime:  0.38s, train loss: 2.2828e-06 (best: 2.2961e-06/3.9871e-07)
>> epoch [ 418/3000], runtime:  0.43s, train loss: 2.3452e-06 (best: 2.2961e-06/3.9871e-07)
>> epoch [ 419/3000], runtime:  0.39s, train loss: 2.3593e-06 (best: 2.2961e-06/3.9871e-07)
>> epoch [ 420/3000], runtime:  0.40s, train loss: 2.3353e-06 (best: 2.2961e-06/3.9871e-07)
>> epoch [ 421/3000], runtime:  0.39s, train loss: 2.3449e-06 (best: 2.2961e-06/3.9871e-07)
>> epoch [ 422/3000], runtime:  0.39s, train loss: 2.2563e-06 (best: 2.2961e-06/3.9871e-07)
>> epoch [ 423/3000], runtime:  0.45s, train loss: 2.4033e-06 (best: 2.2961e-06/3.9871e-07)
>> epoch [ 424/3000], runtime:  0.39s, train loss: 2.3857e-06 (best: 2.2961e-06/3.9871e-07)
>> epoch [ 425/3000], runtime:  0.40s, train loss: 2.4355e-06 (best: 2.2961e-06/3.9871e-07)
>> epoch [ 426/3000], runtime:  0.39s, train loss: 2.3058e-06 (best: 2.2961e-06/3.9871e-07)
>> epoch [ 427/3000], runtime:  0.40s, train loss: 2.3252e-06 (best: 2.2961e-06/3.9871e-07)
>> epoch [ 428/3000], runtime: 0.39s, train loss: 2.2831e-06, valid loss: 3.9842e-07 , test loss: 1.0595e-04
>> epoch [ 429/3000], runtime: 0.41s, train loss: 2.2335e-06, valid loss: 3.9823e-07 , test loss: 1.0594e-04
>> epoch [ 430/3000], runtime:  0.44s, train loss: 2.2793e-06 (best: 2.2335e-06/3.9823e-07)
>> epoch [ 431/3000], runtime:  0.39s, train loss: 2.3128e-06 (best: 2.2335e-06/3.9823e-07)
>> epoch [ 432/3000], runtime:  0.39s, train loss: 2.3490e-06 (best: 2.2335e-06/3.9823e-07)
>> epoch [ 433/3000], runtime:  0.38s, train loss: 2.3836e-06 (best: 2.2335e-06/3.9823e-07)
>> epoch [ 434/3000], runtime:  0.39s, train loss: 2.4032e-06 (best: 2.2335e-06/3.9823e-07)
>> epoch [ 435/3000], runtime:  0.39s, train loss: 2.4132e-06 (best: 2.2335e-06/3.9823e-07)
>> epoch [ 436/3000], runtime:  0.39s, train loss: 2.3504e-06 (best: 2.2335e-06/3.9823e-07)
>> epoch [ 437/3000], runtime:  0.39s, train loss: 2.4004e-06 (best: 2.2335e-06/3.9823e-07)
>> epoch [ 438/3000], runtime:  0.38s, train loss: 2.2731e-06 (best: 2.2335e-06/3.9823e-07)
>> epoch [ 439/3000], runtime:  0.39s, train loss: 2.3566e-06 (best: 2.2335e-06/3.9823e-07)
>> epoch [ 440/3000], runtime:  0.38s, train loss: 2.3356e-06 (best: 2.2335e-06/3.9823e-07)
>> epoch [ 441/3000], runtime:  0.38s, train loss: 2.3345e-06 (best: 2.2335e-06/3.9823e-07)
>> epoch [ 442/3000], runtime:  0.38s, train loss: 2.2903e-06 (best: 2.2335e-06/3.9823e-07)
>> epoch [ 443/3000], runtime:  0.38s, train loss: 2.3169e-06 (best: 2.2335e-06/3.9823e-07)
>> epoch [ 444/3000], runtime:  0.39s, train loss: 2.3358e-06 (best: 2.2335e-06/3.9823e-07)
>> epoch [ 445/3000], runtime:  0.38s, train loss: 2.3769e-06 (best: 2.2335e-06/3.9823e-07)
>> epoch [ 446/3000], runtime:  0.39s, train loss: 2.2824e-06 (best: 2.2335e-06/3.9823e-07)
>> epoch [ 447/3000], runtime:  0.39s, train loss: 2.2768e-06 (best: 2.2335e-06/3.9823e-07)
>> epoch [ 448/3000], runtime:  0.39s, train loss: 2.3022e-06 (best: 2.2335e-06/3.9823e-07)
>> epoch [ 449/3000], runtime:  0.40s, train loss: 2.2836e-06 (best: 2.2335e-06/3.9823e-07)
>> epoch [ 450/3000], runtime:  0.39s, train loss: 2.2834e-06 (best: 2.2335e-06/3.9823e-07)
>> epoch [ 451/3000], runtime:  0.38s, train loss: 2.3041e-06 (best: 2.2335e-06/3.9823e-07)
>> epoch [ 452/3000], runtime:  0.39s, train loss: 2.3240e-06 (best: 2.2335e-06/3.9823e-07)
>> epoch [ 453/3000], runtime:  0.38s, train loss: 2.4449e-06 (best: 2.2335e-06/3.9823e-07)
>> epoch [ 454/3000], runtime:  0.38s, train loss: 2.3431e-06 (best: 2.2335e-06/3.9823e-07)
>> epoch [ 455/3000], runtime:  0.40s, train loss: 2.3147e-06 (best: 2.2335e-06/3.9823e-07)
>> epoch [ 456/3000], runtime:  0.44s, train loss: 2.2465e-06 (best: 2.2335e-06/3.9823e-07)
>> epoch [ 457/3000], runtime:  0.42s, train loss: 2.2700e-06 (best: 2.2335e-06/3.9823e-07)
>> epoch [ 458/3000], runtime:  0.40s, train loss: 2.2651e-06 (best: 2.2335e-06/3.9823e-07)
>> epoch [ 459/3000], runtime:  0.38s, train loss: 2.2977e-06 (best: 2.2335e-06/3.9823e-07)
>> epoch [ 460/3000], runtime:  0.39s, train loss: 2.4772e-06 (best: 2.2335e-06/3.9823e-07)
>> epoch [ 461/3000], runtime:  0.39s, train loss: 2.4144e-06 (best: 2.2335e-06/3.9823e-07)
>> epoch [ 462/3000], runtime:  0.39s, train loss: 2.2476e-06 (best: 2.2335e-06/3.9823e-07)
>> epoch [ 463/3000], runtime:  0.39s, train loss: 2.3598e-06 (best: 2.2335e-06/3.9823e-07)
>> epoch [ 464/3000], runtime:  0.40s, train loss: 2.4417e-06 (best: 2.2335e-06/3.9823e-07)
>> epoch [ 465/3000], runtime:  0.40s, train loss: 2.3684e-06 (best: 2.2335e-06/3.9823e-07)
>> epoch [ 466/3000], runtime:  0.39s, train loss: 2.3358e-06 (best: 2.2335e-06/3.9823e-07)
>> epoch [ 467/3000], runtime: 0.39s, train loss: 2.2278e-06, valid loss: 3.8637e-07 , test loss: 1.0461e-04
>> epoch [ 468/3000], runtime:  0.45s, train loss: 2.1990e-06 (best: 2.2278e-06/3.8637e-07)
>> epoch [ 469/3000], runtime:  0.43s, train loss: 2.2507e-06 (best: 2.2278e-06/3.8637e-07)
>> epoch [ 470/3000], runtime:  0.38s, train loss: 2.2561e-06 (best: 2.2278e-06/3.8637e-07)
>> epoch [ 471/3000], runtime:  0.39s, train loss: 2.3163e-06 (best: 2.2278e-06/3.8637e-07)
>> epoch [ 472/3000], runtime:  0.39s, train loss: 2.3078e-06 (best: 2.2278e-06/3.8637e-07)
>> epoch [ 473/3000], runtime:  0.38s, train loss: 2.2297e-06 (best: 2.2278e-06/3.8637e-07)
>> epoch [ 474/3000], runtime:  0.38s, train loss: 2.2700e-06 (best: 2.2278e-06/3.8637e-07)
>> epoch [ 475/3000], runtime:  0.38s, train loss: 2.2633e-06 (best: 2.2278e-06/3.8637e-07)
>> epoch [ 476/3000], runtime:  0.38s, train loss: 2.3203e-06 (best: 2.2278e-06/3.8637e-07)
>> epoch [ 477/3000], runtime:  0.38s, train loss: 2.2399e-06 (best: 2.2278e-06/3.8637e-07)
>> epoch [ 478/3000], runtime:  0.38s, train loss: 2.2966e-06 (best: 2.2278e-06/3.8637e-07)
>> epoch [ 479/3000], runtime:  0.37s, train loss: 2.2588e-06 (best: 2.2278e-06/3.8637e-07)
>> epoch [ 480/3000], runtime:  0.38s, train loss: 2.2396e-06 (best: 2.2278e-06/3.8637e-07)
>> epoch [ 481/3000], runtime: 0.37s, train loss: 2.2058e-06, valid loss: 3.8619e-07 , test loss: 1.0394e-04
>> epoch [ 482/3000], runtime:  0.41s, train loss: 2.3093e-06 (best: 2.2058e-06/3.8619e-07)
>> epoch [ 483/3000], runtime:  0.40s, train loss: 2.2987e-06 (best: 2.2058e-06/3.8619e-07)
>> epoch [ 484/3000], runtime:  0.42s, train loss: 2.2925e-06 (best: 2.2058e-06/3.8619e-07)
>> epoch [ 485/3000], runtime:  0.39s, train loss: 2.2844e-06 (best: 2.2058e-06/3.8619e-07)
>> epoch [ 486/3000], runtime:  0.40s, train loss: 2.2573e-06 (best: 2.2058e-06/3.8619e-07)
>> epoch [ 487/3000], runtime:  0.40s, train loss: 2.2617e-06 (best: 2.2058e-06/3.8619e-07)
>> epoch [ 488/3000], runtime:  0.39s, train loss: 2.2377e-06 (best: 2.2058e-06/3.8619e-07)
>> epoch [ 489/3000], runtime:  0.42s, train loss: 2.2230e-06 (best: 2.2058e-06/3.8619e-07)
>> epoch [ 490/3000], runtime:  0.39s, train loss: 2.2945e-06 (best: 2.2058e-06/3.8619e-07)
>> epoch [ 491/3000], runtime: 0.39s, train loss: 2.2054e-06, valid loss: 3.7935e-07 , test loss: 1.0415e-04
>> epoch [ 492/3000], runtime:  0.41s, train loss: 2.1933e-06 (best: 2.2054e-06/3.7935e-07)
>> epoch [ 493/3000], runtime:  0.38s, train loss: 2.2915e-06 (best: 2.2054e-06/3.7935e-07)
>> epoch [ 494/3000], runtime:  0.38s, train loss: 2.2910e-06 (best: 2.2054e-06/3.7935e-07)
>> epoch [ 495/3000], runtime:  0.38s, train loss: 2.3473e-06 (best: 2.2054e-06/3.7935e-07)
>> epoch [ 496/3000], runtime:  0.38s, train loss: 2.2991e-06 (best: 2.2054e-06/3.7935e-07)
>> epoch [ 497/3000], runtime:  0.38s, train loss: 2.2546e-06 (best: 2.2054e-06/3.7935e-07)
>> epoch [ 498/3000], runtime:  0.38s, train loss: 2.2534e-06 (best: 2.2054e-06/3.7935e-07)
>> epoch [ 499/3000], runtime:  0.37s, train loss: 2.3631e-06 (best: 2.2054e-06/3.7935e-07)
>> epoch [ 500/3000], runtime:  0.39s, train loss: 2.2292e-06 (best: 2.2054e-06/3.7935e-07)
>> epoch [ 501/3000], runtime:  0.39s, train loss: 2.1623e-06 (best: 2.2054e-06/3.7935e-07)
>> epoch [ 502/3000], runtime:  0.41s, train loss: 2.2292e-06 (best: 2.2054e-06/3.7935e-07)
>> epoch [ 503/3000], runtime:  0.37s, train loss: 2.4635e-06 (best: 2.2054e-06/3.7935e-07)
>> epoch [ 504/3000], runtime:  0.38s, train loss: 2.3547e-06 (best: 2.2054e-06/3.7935e-07)
>> epoch [ 505/3000], runtime:  0.39s, train loss: 2.3478e-06 (best: 2.2054e-06/3.7935e-07)
>> epoch [ 506/3000], runtime:  0.37s, train loss: 2.1843e-06 (best: 2.2054e-06/3.7935e-07)
>> epoch [ 507/3000], runtime: 0.41s, train loss: 2.2052e-06, valid loss: 3.7611e-07 , test loss: 1.0382e-04
>> epoch [ 508/3000], runtime:  0.40s, train loss: 2.2893e-06 (best: 2.2052e-06/3.7611e-07)
>> epoch [ 509/3000], runtime:  0.38s, train loss: 2.2637e-06 (best: 2.2052e-06/3.7611e-07)
>> epoch [ 510/3000], runtime:  0.37s, train loss: 2.2213e-06 (best: 2.2052e-06/3.7611e-07)
>> epoch [ 511/3000], runtime:  0.38s, train loss: 2.2099e-06 (best: 2.2052e-06/3.7611e-07)
>> epoch [ 512/3000], runtime:  0.39s, train loss: 2.2018e-06 (best: 2.2052e-06/3.7611e-07)
>> epoch [ 513/3000], runtime:  0.42s, train loss: 2.2091e-06 (best: 2.2052e-06/3.7611e-07)
>> epoch [ 514/3000], runtime:  0.38s, train loss: 2.2141e-06 (best: 2.2052e-06/3.7611e-07)
>> epoch [ 515/3000], runtime:  0.37s, train loss: 2.2252e-06 (best: 2.2052e-06/3.7611e-07)
>> epoch [ 516/3000], runtime:  0.38s, train loss: 2.2292e-06 (best: 2.2052e-06/3.7611e-07)
>> epoch [ 517/3000], runtime:  0.37s, train loss: 2.1803e-06 (best: 2.2052e-06/3.7611e-07)
>> epoch [ 518/3000], runtime:  0.42s, train loss: 2.2328e-06 (best: 2.2052e-06/3.7611e-07)
>> epoch [ 519/3000], runtime:  0.38s, train loss: 2.3038e-06 (best: 2.2052e-06/3.7611e-07)
>> epoch [ 520/3000], runtime:  0.38s, train loss: 2.2588e-06 (best: 2.2052e-06/3.7611e-07)
>> epoch [ 521/3000], runtime:  0.37s, train loss: 2.2648e-06 (best: 2.2052e-06/3.7611e-07)
>> epoch [ 522/3000], runtime:  0.38s, train loss: 2.2301e-06 (best: 2.2052e-06/3.7611e-07)
>> epoch [ 523/3000], runtime:  0.38s, train loss: 2.1814e-06 (best: 2.2052e-06/3.7611e-07)
>> epoch [ 524/3000], runtime:  0.40s, train loss: 2.1885e-06 (best: 2.2052e-06/3.7611e-07)
>> epoch [ 525/3000], runtime:  0.40s, train loss: 2.2179e-06 (best: 2.2052e-06/3.7611e-07)
>> epoch [ 526/3000], runtime:  0.38s, train loss: 2.2655e-06 (best: 2.2052e-06/3.7611e-07)
>> epoch [ 527/3000], runtime:  0.38s, train loss: 2.2248e-06 (best: 2.2052e-06/3.7611e-07)
>> epoch [ 528/3000], runtime: 0.39s, train loss: 2.1630e-06, valid loss: 3.7387e-07 , test loss: 1.0305e-04
>> epoch [ 529/3000], runtime:  0.43s, train loss: 2.1585e-06 (best: 2.1630e-06/3.7387e-07)
>> epoch [ 530/3000], runtime:  0.41s, train loss: 2.1588e-06 (best: 2.1630e-06/3.7387e-07)
>> epoch [ 531/3000], runtime:  0.43s, train loss: 2.2040e-06 (best: 2.1630e-06/3.7387e-07)
>> epoch [ 532/3000], runtime:  0.39s, train loss: 2.1917e-06 (best: 2.1630e-06/3.7387e-07)
>> epoch [ 533/3000], runtime:  0.38s, train loss: 2.2031e-06 (best: 2.1630e-06/3.7387e-07)
>> epoch [ 534/3000], runtime:  0.39s, train loss: 2.1831e-06 (best: 2.1630e-06/3.7387e-07)
>> epoch [ 535/3000], runtime:  0.39s, train loss: 2.1813e-06 (best: 2.1630e-06/3.7387e-07)
>> epoch [ 536/3000], runtime:  0.39s, train loss: 2.2043e-06 (best: 2.1630e-06/3.7387e-07)
>> epoch [ 537/3000], runtime:  0.40s, train loss: 2.1866e-06 (best: 2.1630e-06/3.7387e-07)
>> epoch [ 538/3000], runtime:  0.39s, train loss: 2.2756e-06 (best: 2.1630e-06/3.7387e-07)
>> epoch [ 539/3000], runtime:  0.39s, train loss: 2.1688e-06 (best: 2.1630e-06/3.7387e-07)
>> epoch [ 540/3000], runtime:  0.42s, train loss: 2.1715e-06 (best: 2.1630e-06/3.7387e-07)
>> epoch [ 541/3000], runtime:  0.43s, train loss: 2.1723e-06 (best: 2.1630e-06/3.7387e-07)
>> epoch [ 542/3000], runtime:  0.43s, train loss: 2.2178e-06 (best: 2.1630e-06/3.7387e-07)
>> epoch [ 543/3000], runtime:  0.41s, train loss: 2.2659e-06 (best: 2.1630e-06/3.7387e-07)
>> epoch [ 544/3000], runtime:  0.40s, train loss: 2.1793e-06 (best: 2.1630e-06/3.7387e-07)
>> epoch [ 545/3000], runtime:  0.40s, train loss: 2.2967e-06 (best: 2.1630e-06/3.7387e-07)
>> epoch [ 546/3000], runtime:  0.40s, train loss: 2.1768e-06 (best: 2.1630e-06/3.7387e-07)
>> epoch [ 547/3000], runtime:  0.38s, train loss: 2.2468e-06 (best: 2.1630e-06/3.7387e-07)
>> epoch [ 548/3000], runtime:  0.40s, train loss: 2.2360e-06 (best: 2.1630e-06/3.7387e-07)
>> epoch [ 549/3000], runtime:  0.44s, train loss: 2.2732e-06 (best: 2.1630e-06/3.7387e-07)
>> epoch [ 550/3000], runtime:  0.40s, train loss: 2.1530e-06 (best: 2.1630e-06/3.7387e-07)
>> epoch [ 551/3000], runtime:  0.43s, train loss: 2.1844e-06 (best: 2.1630e-06/3.7387e-07)
>> epoch [ 552/3000], runtime:  0.44s, train loss: 2.2341e-06 (best: 2.1630e-06/3.7387e-07)
>> epoch [ 553/3000], runtime:  0.40s, train loss: 2.2159e-06 (best: 2.1630e-06/3.7387e-07)
>> epoch [ 554/3000], runtime:  0.42s, train loss: 2.2013e-06 (best: 2.1630e-06/3.7387e-07)
>> epoch [ 555/3000], runtime:  0.40s, train loss: 2.2013e-06 (best: 2.1630e-06/3.7387e-07)
>> epoch [ 556/3000], runtime:  0.39s, train loss: 2.2487e-06 (best: 2.1630e-06/3.7387e-07)
>> epoch [ 557/3000], runtime:  0.41s, train loss: 2.2863e-06 (best: 2.1630e-06/3.7387e-07)
>> epoch [ 558/3000], runtime:  0.41s, train loss: 2.2046e-06 (best: 2.1630e-06/3.7387e-07)
>> epoch [ 559/3000], runtime:  0.42s, train loss: 2.1543e-06 (best: 2.1630e-06/3.7387e-07)
>> epoch [ 560/3000], runtime:  0.42s, train loss: 2.1916e-06 (best: 2.1630e-06/3.7387e-07)
>> epoch [ 561/3000], runtime:  0.40s, train loss: 2.2268e-06 (best: 2.1630e-06/3.7387e-07)
>> epoch [ 562/3000], runtime:  0.42s, train loss: 2.1774e-06 (best: 2.1630e-06/3.7387e-07)
>> epoch [ 563/3000], runtime:  0.43s, train loss: 2.1952e-06 (best: 2.1630e-06/3.7387e-07)
>> epoch [ 564/3000], runtime:  0.43s, train loss: 2.1879e-06 (best: 2.1630e-06/3.7387e-07)
>> epoch [ 565/3000], runtime:  0.39s, train loss: 2.1819e-06 (best: 2.1630e-06/3.7387e-07)
>> epoch [ 566/3000], runtime:  0.40s, train loss: 2.1487e-06 (best: 2.1630e-06/3.7387e-07)
>> epoch [ 567/3000], runtime: 0.44s, train loss: 2.1543e-06, valid loss: 3.7328e-07 , test loss: 1.0319e-04
>> epoch [ 568/3000], runtime:  0.42s, train loss: 2.1605e-06 (best: 2.1543e-06/3.7328e-07)
>> epoch [ 569/3000], runtime:  0.38s, train loss: 2.2230e-06 (best: 2.1543e-06/3.7328e-07)
>> epoch [ 570/3000], runtime:  0.39s, train loss: 2.2409e-06 (best: 2.1543e-06/3.7328e-07)
>> epoch [ 571/3000], runtime: 0.38s, train loss: 2.1464e-06, valid loss: 3.7175e-07 , test loss: 1.0315e-04
>> epoch [ 572/3000], runtime:  0.40s, train loss: 2.1551e-06 (best: 2.1464e-06/3.7175e-07)
>> epoch [ 573/3000], runtime:  0.38s, train loss: 2.1998e-06 (best: 2.1464e-06/3.7175e-07)
>> epoch [ 574/3000], runtime:  0.39s, train loss: 2.2321e-06 (best: 2.1464e-06/3.7175e-07)
>> epoch [ 575/3000], runtime:  0.39s, train loss: 2.1188e-06 (best: 2.1464e-06/3.7175e-07)
>> epoch [ 576/3000], runtime:  0.45s, train loss: 2.2226e-06 (best: 2.1464e-06/3.7175e-07)
>> epoch [ 577/3000], runtime:  0.40s, train loss: 2.2050e-06 (best: 2.1464e-06/3.7175e-07)
>> epoch [ 578/3000], runtime:  0.40s, train loss: 2.1888e-06 (best: 2.1464e-06/3.7175e-07)
>> epoch [ 579/3000], runtime:  0.39s, train loss: 2.1923e-06 (best: 2.1464e-06/3.7175e-07)
>> epoch [ 580/3000], runtime:  0.44s, train loss: 2.1503e-06 (best: 2.1464e-06/3.7175e-07)
>> epoch [ 581/3000], runtime:  0.40s, train loss: 2.1950e-06 (best: 2.1464e-06/3.7175e-07)
>> epoch [ 582/3000], runtime:  0.40s, train loss: 2.1971e-06 (best: 2.1464e-06/3.7175e-07)
>> epoch [ 583/3000], runtime:  0.41s, train loss: 2.1979e-06 (best: 2.1464e-06/3.7175e-07)
>> epoch [ 584/3000], runtime:  0.39s, train loss: 2.1990e-06 (best: 2.1464e-06/3.7175e-07)
>> epoch [ 585/3000], runtime:  0.40s, train loss: 2.1764e-06 (best: 2.1464e-06/3.7175e-07)
>> epoch [ 586/3000], runtime:  0.39s, train loss: 2.1684e-06 (best: 2.1464e-06/3.7175e-07)
>> epoch [ 587/3000], runtime:  0.39s, train loss: 2.2103e-06 (best: 2.1464e-06/3.7175e-07)
>> epoch [ 588/3000], runtime:  0.38s, train loss: 2.1934e-06 (best: 2.1464e-06/3.7175e-07)
>> epoch [ 589/3000], runtime:  0.39s, train loss: 2.1678e-06 (best: 2.1464e-06/3.7175e-07)
>> epoch [ 590/3000], runtime:  0.41s, train loss: 2.1727e-06 (best: 2.1464e-06/3.7175e-07)
>> epoch [ 591/3000], runtime:  0.39s, train loss: 2.1641e-06 (best: 2.1464e-06/3.7175e-07)
>> epoch [ 592/3000], runtime:  0.39s, train loss: 2.1516e-06 (best: 2.1464e-06/3.7175e-07)
>> epoch [ 593/3000], runtime:  0.42s, train loss: 2.1240e-06 (best: 2.1464e-06/3.7175e-07)
>> epoch [ 594/3000], runtime: 0.44s, train loss: 2.1376e-06, valid loss: 3.7129e-07 , test loss: 1.0229e-04
>> epoch [ 595/3000], runtime:  0.44s, train loss: 2.1456e-06 (best: 2.1376e-06/3.7129e-07)
>> epoch [ 596/3000], runtime:  0.41s, train loss: 2.2039e-06 (best: 2.1376e-06/3.7129e-07)
>> epoch [ 597/3000], runtime:  0.41s, train loss: 2.1704e-06 (best: 2.1376e-06/3.7129e-07)
>> epoch [ 598/3000], runtime:  0.40s, train loss: 2.2168e-06 (best: 2.1376e-06/3.7129e-07)
>> epoch [ 599/3000], runtime:  0.39s, train loss: 2.2104e-06 (best: 2.1376e-06/3.7129e-07)
>> epoch [ 600/3000], runtime:  0.39s, train loss: 2.2281e-06 (best: 2.1376e-06/3.7129e-07)
>> epoch [ 601/3000], runtime:  0.38s, train loss: 2.2322e-06 (best: 2.1376e-06/3.7129e-07)
>> epoch [ 602/3000], runtime:  0.40s, train loss: 2.1480e-06 (best: 2.1376e-06/3.7129e-07)
>> epoch [ 603/3000], runtime:  0.38s, train loss: 2.1703e-06 (best: 2.1376e-06/3.7129e-07)
>> epoch [ 604/3000], runtime:  0.39s, train loss: 2.1794e-06 (best: 2.1376e-06/3.7129e-07)
>> epoch [ 605/3000], runtime:  0.40s, train loss: 2.1464e-06 (best: 2.1376e-06/3.7129e-07)
>> epoch [ 606/3000], runtime:  0.40s, train loss: 2.1794e-06 (best: 2.1376e-06/3.7129e-07)
>> epoch [ 607/3000], runtime:  0.42s, train loss: 2.1313e-06 (best: 2.1376e-06/3.7129e-07)
>> epoch [ 608/3000], runtime:  0.41s, train loss: 2.1445e-06 (best: 2.1376e-06/3.7129e-07)
>> epoch [ 609/3000], runtime:  0.39s, train loss: 2.1649e-06 (best: 2.1376e-06/3.7129e-07)
>> epoch [ 610/3000], runtime:  0.39s, train loss: 2.1773e-06 (best: 2.1376e-06/3.7129e-07)
>> epoch [ 611/3000], runtime:  0.41s, train loss: 2.1795e-06 (best: 2.1376e-06/3.7129e-07)
>> epoch [ 612/3000], runtime: 0.38s, train loss: 2.1338e-06, valid loss: 3.6864e-07 , test loss: 1.0226e-04
>> epoch [ 613/3000], runtime:  0.40s, train loss: 2.1383e-06 (best: 2.1338e-06/3.6864e-07)
>> epoch [ 614/3000], runtime:  0.40s, train loss: 2.1882e-06 (best: 2.1338e-06/3.6864e-07)
>> epoch [ 615/3000], runtime:  0.39s, train loss: 2.2081e-06 (best: 2.1338e-06/3.6864e-07)
>> epoch [ 616/3000], runtime:  0.40s, train loss: 2.1192e-06 (best: 2.1338e-06/3.6864e-07)
>> epoch [ 617/3000], runtime:  0.42s, train loss: 2.2171e-06 (best: 2.1338e-06/3.6864e-07)
>> epoch [ 618/3000], runtime:  0.40s, train loss: 2.1461e-06 (best: 2.1338e-06/3.6864e-07)
>> epoch [ 619/3000], runtime:  0.40s, train loss: 2.1455e-06 (best: 2.1338e-06/3.6864e-07)
>> epoch [ 620/3000], runtime:  0.39s, train loss: 2.1680e-06 (best: 2.1338e-06/3.6864e-07)
>> epoch [ 621/3000], runtime:  0.38s, train loss: 2.1557e-06 (best: 2.1338e-06/3.6864e-07)
>> epoch [ 622/3000], runtime:  0.40s, train loss: 2.1717e-06 (best: 2.1338e-06/3.6864e-07)
>> epoch [ 623/3000], runtime:  0.39s, train loss: 2.1425e-06 (best: 2.1338e-06/3.6864e-07)
>> epoch [ 624/3000], runtime:  0.38s, train loss: 2.1935e-06 (best: 2.1338e-06/3.6864e-07)
>> epoch [ 625/3000], runtime:  0.38s, train loss: 2.1591e-06 (best: 2.1338e-06/3.6864e-07)
>> epoch [ 626/3000], runtime:  0.38s, train loss: 2.1543e-06 (best: 2.1338e-06/3.6864e-07)
>> epoch [ 627/3000], runtime:  0.38s, train loss: 2.1591e-06 (best: 2.1338e-06/3.6864e-07)
>> epoch [ 628/3000], runtime:  0.39s, train loss: 2.1796e-06 (best: 2.1338e-06/3.6864e-07)
>> epoch [ 629/3000], runtime:  0.39s, train loss: 2.1483e-06 (best: 2.1338e-06/3.6864e-07)
>> epoch [ 630/3000], runtime:  0.38s, train loss: 2.1609e-06 (best: 2.1338e-06/3.6864e-07)
>> epoch [ 631/3000], runtime:  0.39s, train loss: 2.1377e-06 (best: 2.1338e-06/3.6864e-07)
>> epoch [ 632/3000], runtime:  0.40s, train loss: 2.0889e-06 (best: 2.1338e-06/3.6864e-07)
>> epoch [ 633/3000], runtime:  0.44s, train loss: 2.1985e-06 (best: 2.1338e-06/3.6864e-07)
>> epoch [ 634/3000], runtime:  0.41s, train loss: 2.1268e-06 (best: 2.1338e-06/3.6864e-07)
>> epoch [ 635/3000], runtime:  0.43s, train loss: 2.1619e-06 (best: 2.1338e-06/3.6864e-07)
>> epoch [ 636/3000], runtime:  0.39s, train loss: 2.1798e-06 (best: 2.1338e-06/3.6864e-07)
>> epoch [ 637/3000], runtime:  0.41s, train loss: 2.1508e-06 (best: 2.1338e-06/3.6864e-07)
>> epoch [ 638/3000], runtime:  0.40s, train loss: 2.1837e-06 (best: 2.1338e-06/3.6864e-07)
>> epoch [ 639/3000], runtime:  0.42s, train loss: 2.1494e-06 (best: 2.1338e-06/3.6864e-07)
>> epoch [ 640/3000], runtime:  0.40s, train loss: 2.1252e-06 (best: 2.1338e-06/3.6864e-07)
>> epoch [ 641/3000], runtime:  0.39s, train loss: 2.1752e-06 (best: 2.1338e-06/3.6864e-07)
>> epoch [ 642/3000], runtime:  0.39s, train loss: 2.1513e-06 (best: 2.1338e-06/3.6864e-07)
>> epoch [ 643/3000], runtime:  0.39s, train loss: 2.1395e-06 (best: 2.1338e-06/3.6864e-07)
>> epoch [ 644/3000], runtime:  0.39s, train loss: 2.1628e-06 (best: 2.1338e-06/3.6864e-07)
>> epoch [ 645/3000], runtime:  0.40s, train loss: 2.1410e-06 (best: 2.1338e-06/3.6864e-07)
>> epoch [ 646/3000], runtime:  0.39s, train loss: 2.1838e-06 (best: 2.1338e-06/3.6864e-07)
>> epoch [ 647/3000], runtime:  0.39s, train loss: 2.1118e-06 (best: 2.1338e-06/3.6864e-07)
>> epoch [ 648/3000], runtime:  0.42s, train loss: 2.1517e-06 (best: 2.1338e-06/3.6864e-07)
>> epoch [ 649/3000], runtime:  0.38s, train loss: 2.1252e-06 (best: 2.1338e-06/3.6864e-07)
>> epoch [ 650/3000], runtime:  0.43s, train loss: 2.1493e-06 (best: 2.1338e-06/3.6864e-07)
>> epoch [ 651/3000], runtime:  0.40s, train loss: 2.2007e-06 (best: 2.1338e-06/3.6864e-07)
>> epoch [ 652/3000], runtime:  0.39s, train loss: 2.1382e-06 (best: 2.1338e-06/3.6864e-07)
>> epoch [ 653/3000], runtime:  0.39s, train loss: 2.1569e-06 (best: 2.1338e-06/3.6864e-07)
>> epoch [ 654/3000], runtime:  0.40s, train loss: 2.1521e-06 (best: 2.1338e-06/3.6864e-07)
>> epoch [ 655/3000], runtime:  0.39s, train loss: 2.1560e-06 (best: 2.1338e-06/3.6864e-07)
>> epoch [ 656/3000], runtime: 0.41s, train loss: 2.1181e-06, valid loss: 3.6809e-07 , test loss: 1.0226e-04
>> epoch [ 657/3000], runtime:  0.44s, train loss: 2.1256e-06 (best: 2.1181e-06/3.6809e-07)
>> epoch [ 658/3000], runtime:  0.40s, train loss: 2.1360e-06 (best: 2.1181e-06/3.6809e-07)
>> epoch [ 659/3000], runtime:  0.38s, train loss: 2.1757e-06 (best: 2.1181e-06/3.6809e-07)
>> epoch [ 660/3000], runtime:  0.39s, train loss: 2.1394e-06 (best: 2.1181e-06/3.6809e-07)
>> epoch [ 661/3000], runtime:  0.40s, train loss: 2.1208e-06 (best: 2.1181e-06/3.6809e-07)
>> epoch [ 662/3000], runtime:  0.38s, train loss: 2.1023e-06 (best: 2.1181e-06/3.6809e-07)
>> epoch [ 663/3000], runtime:  0.42s, train loss: 2.1207e-06 (best: 2.1181e-06/3.6809e-07)
>> epoch [ 664/3000], runtime:  0.39s, train loss: 2.1159e-06 (best: 2.1181e-06/3.6809e-07)
>> epoch [ 665/3000], runtime:  0.40s, train loss: 2.1197e-06 (best: 2.1181e-06/3.6809e-07)
>> epoch [ 666/3000], runtime:  0.38s, train loss: 2.1572e-06 (best: 2.1181e-06/3.6809e-07)
>> epoch [ 667/3000], runtime: 0.38s, train loss: 2.0784e-06, valid loss: 3.6579e-07 , test loss: 1.0227e-04
>> epoch [ 668/3000], runtime:  0.42s, train loss: 2.1668e-06 (best: 2.0784e-06/3.6579e-07)
>> epoch [ 669/3000], runtime:  0.40s, train loss: 2.1710e-06 (best: 2.0784e-06/3.6579e-07)
>> epoch [ 670/3000], runtime:  0.41s, train loss: 2.0888e-06 (best: 2.0784e-06/3.6579e-07)
>> epoch [ 671/3000], runtime:  0.40s, train loss: 2.1589e-06 (best: 2.0784e-06/3.6579e-07)
>> epoch [ 672/3000], runtime:  0.39s, train loss: 2.1080e-06 (best: 2.0784e-06/3.6579e-07)
>> epoch [ 673/3000], runtime:  0.38s, train loss: 2.1921e-06 (best: 2.0784e-06/3.6579e-07)
>> epoch [ 674/3000], runtime:  0.40s, train loss: 2.1591e-06 (best: 2.0784e-06/3.6579e-07)
>> epoch [ 675/3000], runtime:  0.40s, train loss: 2.1286e-06 (best: 2.0784e-06/3.6579e-07)
>> epoch [ 676/3000], runtime:  0.40s, train loss: 2.1652e-06 (best: 2.0784e-06/3.6579e-07)
>> epoch [ 677/3000], runtime:  0.40s, train loss: 2.1155e-06 (best: 2.0784e-06/3.6579e-07)
>> epoch [ 678/3000], runtime:  0.39s, train loss: 2.1113e-06 (best: 2.0784e-06/3.6579e-07)
>> epoch [ 679/3000], runtime:  0.40s, train loss: 2.1551e-06 (best: 2.0784e-06/3.6579e-07)
>> epoch [ 680/3000], runtime:  0.40s, train loss: 2.1408e-06 (best: 2.0784e-06/3.6579e-07)
>> epoch [ 681/3000], runtime:  0.40s, train loss: 2.1012e-06 (best: 2.0784e-06/3.6579e-07)
>> epoch [ 682/3000], runtime:  0.41s, train loss: 2.0963e-06 (best: 2.0784e-06/3.6579e-07)
>> epoch [ 683/3000], runtime:  0.39s, train loss: 2.1382e-06 (best: 2.0784e-06/3.6579e-07)
>> epoch [ 684/3000], runtime:  0.41s, train loss: 2.1353e-06 (best: 2.0784e-06/3.6579e-07)
>> epoch [ 685/3000], runtime:  0.43s, train loss: 2.1624e-06 (best: 2.0784e-06/3.6579e-07)
>> epoch [ 686/3000], runtime:  0.39s, train loss: 2.1605e-06 (best: 2.0784e-06/3.6579e-07)
>> epoch [ 687/3000], runtime:  0.39s, train loss: 2.1392e-06 (best: 2.0784e-06/3.6579e-07)
>> epoch [ 688/3000], runtime:  0.40s, train loss: 2.2215e-06 (best: 2.0784e-06/3.6579e-07)
>> epoch [ 689/3000], runtime:  0.40s, train loss: 2.1158e-06 (best: 2.0784e-06/3.6579e-07)
>> epoch [ 690/3000], runtime:  0.40s, train loss: 2.1202e-06 (best: 2.0784e-06/3.6579e-07)
>> epoch [ 691/3000], runtime:  0.39s, train loss: 2.1364e-06 (best: 2.0784e-06/3.6579e-07)
>> epoch [ 692/3000], runtime:  0.39s, train loss: 2.1519e-06 (best: 2.0784e-06/3.6579e-07)
>> epoch [ 693/3000], runtime:  0.39s, train loss: 2.1682e-06 (best: 2.0784e-06/3.6579e-07)
>> epoch [ 694/3000], runtime:  0.39s, train loss: 2.1807e-06 (best: 2.0784e-06/3.6579e-07)
>> epoch [ 695/3000], runtime:  0.41s, train loss: 2.1818e-06 (best: 2.0784e-06/3.6579e-07)
>> epoch [ 696/3000], runtime:  0.40s, train loss: 2.1264e-06 (best: 2.0784e-06/3.6579e-07)
>> epoch [ 697/3000], runtime:  0.39s, train loss: 2.1285e-06 (best: 2.0784e-06/3.6579e-07)
>> epoch [ 698/3000], runtime:  0.39s, train loss: 2.1213e-06 (best: 2.0784e-06/3.6579e-07)
>> epoch [ 699/3000], runtime:  0.39s, train loss: 2.1664e-06 (best: 2.0784e-06/3.6579e-07)
>> epoch [ 700/3000], runtime:  0.39s, train loss: 2.1523e-06 (best: 2.0784e-06/3.6579e-07)
>> epoch [ 701/3000], runtime:  0.39s, train loss: 2.1086e-06 (best: 2.0784e-06/3.6579e-07)
>> epoch [ 702/3000], runtime:  0.39s, train loss: 2.1176e-06 (best: 2.0784e-06/3.6579e-07)
>> epoch [ 703/3000], runtime:  0.38s, train loss: 2.1163e-06 (best: 2.0784e-06/3.6579e-07)
>> epoch [ 704/3000], runtime:  0.38s, train loss: 2.1255e-06 (best: 2.0784e-06/3.6579e-07)
>> epoch [ 705/3000], runtime:  0.38s, train loss: 2.1599e-06 (best: 2.0784e-06/3.6579e-07)
>> epoch [ 706/3000], runtime:  0.38s, train loss: 2.1301e-06 (best: 2.0784e-06/3.6579e-07)
>> epoch [ 707/3000], runtime:  0.39s, train loss: 2.1456e-06 (best: 2.0784e-06/3.6579e-07)
>> epoch [ 708/3000], runtime:  0.39s, train loss: 2.1326e-06 (best: 2.0784e-06/3.6579e-07)
>> epoch [ 709/3000], runtime:  0.39s, train loss: 2.1445e-06 (best: 2.0784e-06/3.6579e-07)
>> epoch [ 710/3000], runtime:  0.39s, train loss: 2.1915e-06 (best: 2.0784e-06/3.6579e-07)
>> epoch [ 711/3000], runtime:  0.38s, train loss: 2.1489e-06 (best: 2.0784e-06/3.6579e-07)
>> epoch [ 712/3000], runtime:  0.38s, train loss: 2.1519e-06 (best: 2.0784e-06/3.6579e-07)
>> epoch [ 713/3000], runtime:  0.38s, train loss: 2.0704e-06 (best: 2.0784e-06/3.6579e-07)
>> epoch [ 714/3000], runtime:  0.38s, train loss: 2.1291e-06 (best: 2.0784e-06/3.6579e-07)
>> epoch [ 715/3000], runtime:  0.38s, train loss: 2.0797e-06 (best: 2.0784e-06/3.6579e-07)
>> epoch [ 716/3000], runtime:  0.38s, train loss: 2.1113e-06 (best: 2.0784e-06/3.6579e-07)
>> epoch [ 717/3000], runtime:  0.40s, train loss: 2.0937e-06 (best: 2.0784e-06/3.6579e-07)
>> epoch [ 718/3000], runtime:  0.38s, train loss: 2.1608e-06 (best: 2.0784e-06/3.6579e-07)
----------------------------------------------------------------------------------------------------
----------------------------------------------------------------------------------------------------
>> ntrain: 300, lr: 0.01, gamma: 0.6, w_d: 0.0
>> Best train loss: 2.0784e-06
>> Best valid loss: 3.6579e-07
>> Best test loss: 1.0227e-04
>> Best epoch: 666
----------------------------------------------------------------------------------------------------
----------------------------------------------------------------------------------------------------
>> Training Completed!!
