PID: 10662
>> Device being used: cuda (NVIDIA GeForce RTX 4090)
Total number of parameters: 49921
>> Training Mesh resolution: 49x49
>> grid: torch.Size([2401, 2]), edge_index: torch.Size([2, 410273]), edge_attr: torch.Size([410273, 2])
>> Preprocessing completed, time elapsed:  63.85s
>> ntrain: 80, lr: 0.01, gamma: 0.5, w_d: 0.0
----------------------------------------------------------------------------------------------------
>> epoch [  1/500], runtime: 1.63s, train err: 1.7802e-01, valid err: 1.3709e-01 , test err: 1.4168e-01
>> epoch [  2/500], runtime: 1.40s, train err: 5.3927e-02, valid err: 1.1026e-02 , test err: 1.0991e-02
>> epoch [  3/500], runtime:  1.41s, train err: 1.1870e-02 (best: 5.3927e-02/1.1026e-02)
>> epoch [  4/500], runtime: 1.42s, train err: 1.0012e-02, valid err: 8.4531e-03 , test err: 8.5192e-03
>> epoch [  5/500], runtime:  1.36s, train err: 8.7098e-03 (best: 1.0012e-02/8.4531e-03)
>> epoch [  6/500], runtime:  1.40s, train err: 9.1809e-03 (best: 1.0012e-02/8.4531e-03)
>> epoch [  7/500], runtime: 1.40s, train err: 8.9819e-03, valid err: 8.3744e-03 , test err: 8.4161e-03
>> epoch [  8/500], runtime: 1.40s, train err: 8.7829e-03, valid err: 8.3387e-03 , test err: 8.3899e-03
>> epoch [  9/500], runtime:  1.42s, train err: 8.6377e-03 (best: 8.7829e-03/8.3387e-03)
>> epoch [ 10/500], runtime:  1.42s, train err: 8.9249e-03 (best: 8.7829e-03/8.3387e-03)
>> epoch [ 11/500], runtime:  1.40s, train err: 1.3702e-02 (best: 8.7829e-03/8.3387e-03)
>> epoch [ 12/500], runtime:  1.40s, train err: 8.7298e-03 (best: 8.7829e-03/8.3387e-03)
>> epoch [ 13/500], runtime:  1.40s, train err: 8.7063e-03 (best: 8.7829e-03/8.3387e-03)
>> epoch [ 14/500], runtime:  1.41s, train err: 8.8791e-03 (best: 8.7829e-03/8.3387e-03)
>> epoch [ 15/500], runtime:  1.41s, train err: 8.6215e-03 (best: 8.7829e-03/8.3387e-03)
>> epoch [ 16/500], runtime:  1.39s, train err: 8.8727e-03 (best: 8.7829e-03/8.3387e-03)
>> epoch [ 17/500], runtime:  1.37s, train err: 8.6512e-03 (best: 8.7829e-03/8.3387e-03)
>> epoch [ 18/500], runtime:  1.39s, train err: 8.7221e-03 (best: 8.7829e-03/8.3387e-03)
>> epoch [ 19/500], runtime:  1.40s, train err: 8.8326e-03 (best: 8.7829e-03/8.3387e-03)
>> epoch [ 20/500], runtime:  1.39s, train err: 8.8429e-03 (best: 8.7829e-03/8.3387e-03)
>> epoch [ 21/500], runtime: 1.38s, train err: 8.3827e-03, valid err: 8.2279e-03 , test err: 8.2959e-03
>> epoch [ 22/500], runtime:  1.39s, train err: 8.8464e-03 (best: 8.3827e-03/8.2279e-03)
>> epoch [ 23/500], runtime:  1.36s, train err: 8.8274e-03 (best: 8.3827e-03/8.2279e-03)
>> epoch [ 24/500], runtime:  1.39s, train err: 8.7957e-03 (best: 8.3827e-03/8.2279e-03)
>> epoch [ 25/500], runtime:  1.38s, train err: 8.6222e-03 (best: 8.3827e-03/8.2279e-03)
>> epoch [ 26/500], runtime:  1.38s, train err: 8.8734e-03 (best: 8.3827e-03/8.2279e-03)
>> epoch [ 27/500], runtime:  1.40s, train err: 9.7108e-02 (best: 8.3827e-03/8.2279e-03)
>> epoch [ 28/500], runtime:  1.38s, train err: 8.7949e-03 (best: 8.3827e-03/8.2279e-03)
>> epoch [ 29/500], runtime:  1.38s, train err: 8.4594e-03 (best: 8.3827e-03/8.2279e-03)
>> epoch [ 30/500], runtime:  1.37s, train err: 8.6174e-03 (best: 8.3827e-03/8.2279e-03)
>> epoch [ 31/500], runtime:  1.37s, train err: 8.5487e-03 (best: 8.3827e-03/8.2279e-03)
>> epoch [ 32/500], runtime:  1.37s, train err: 8.3660e-03 (best: 8.3827e-03/8.2279e-03)
>> epoch [ 33/500], runtime:  1.38s, train err: 8.4512e-03 (best: 8.3827e-03/8.2279e-03)
>> epoch [ 34/500], runtime:  1.38s, train err: 8.6115e-03 (best: 8.3827e-03/8.2279e-03)
>> epoch [ 35/500], runtime:  1.37s, train err: 8.4153e-03 (best: 8.3827e-03/8.2279e-03)
>> epoch [ 36/500], runtime:  1.40s, train err: 8.7045e-03 (best: 8.3827e-03/8.2279e-03)
>> epoch [ 37/500], runtime:  1.38s, train err: 8.3837e-03 (best: 8.3827e-03/8.2279e-03)
>> epoch [ 38/500], runtime:  1.45s, train err: 8.5815e-03 (best: 8.3827e-03/8.2279e-03)
>> epoch [ 39/500], runtime:  1.39s, train err: 8.3284e-03 (best: 8.3827e-03/8.2279e-03)
>> epoch [ 40/500], runtime:  1.38s, train err: 8.7180e-03 (best: 8.3827e-03/8.2279e-03)
>> epoch [ 41/500], runtime:  1.38s, train err: 8.9210e-03 (best: 8.3827e-03/8.2279e-03)
>> epoch [ 42/500], runtime:  1.38s, train err: 8.6550e-03 (best: 8.3827e-03/8.2279e-03)
>> epoch [ 43/500], runtime:  1.38s, train err: 8.3843e-03 (best: 8.3827e-03/8.2279e-03)
>> epoch [ 44/500], runtime: 1.38s, train err: 8.3720e-03, valid err: 8.1799e-03 , test err: 8.2831e-03
>> epoch [ 45/500], runtime:  1.34s, train err: 8.6185e-03 (best: 8.3720e-03/8.1799e-03)
>> epoch [ 46/500], runtime:  1.36s, train err: 8.4176e-03 (best: 8.3720e-03/8.1799e-03)
>> epoch [ 47/500], runtime:  1.35s, train err: 8.3272e-03 (best: 8.3720e-03/8.1799e-03)
>> epoch [ 48/500], runtime:  1.36s, train err: 8.4068e-03 (best: 8.3720e-03/8.1799e-03)
>> epoch [ 49/500], runtime:  1.39s, train err: 8.4995e-03 (best: 8.3720e-03/8.1799e-03)
>> epoch [ 50/500], runtime:  1.37s, train err: 8.5831e-03 (best: 8.3720e-03/8.1799e-03)
>> epoch [ 51/500], runtime: 1.35s, train err: 8.2265e-03, valid err: 8.1461e-03 , test err: 8.2316e-03
>> epoch [ 52/500], runtime:  1.35s, train err: 8.2699e-03 (best: 8.2265e-03/8.1461e-03)
>> epoch [ 53/500], runtime:  1.37s, train err: 8.2965e-03 (best: 8.2265e-03/8.1461e-03)
>> epoch [ 54/500], runtime:  1.42s, train err: 8.3127e-03 (best: 8.2265e-03/8.1461e-03)
>> epoch [ 55/500], runtime:  1.41s, train err: 8.3810e-03 (best: 8.2265e-03/8.1461e-03)
>> epoch [ 56/500], runtime:  1.39s, train err: 8.2793e-03 (best: 8.2265e-03/8.1461e-03)
>> epoch [ 57/500], runtime:  1.38s, train err: 8.2354e-03 (best: 8.2265e-03/8.1461e-03)
>> epoch [ 58/500], runtime:  1.39s, train err: 8.3339e-03 (best: 8.2265e-03/8.1461e-03)
>> epoch [ 59/500], runtime:  1.42s, train err: 8.2817e-03 (best: 8.2265e-03/8.1461e-03)
>> epoch [ 60/500], runtime:  1.41s, train err: 8.2615e-03 (best: 8.2265e-03/8.1461e-03)
>> epoch [ 61/500], runtime:  1.41s, train err: 8.2493e-03 (best: 8.2265e-03/8.1461e-03)
>> epoch [ 62/500], runtime:  1.41s, train err: 8.2526e-03 (best: 8.2265e-03/8.1461e-03)
>> epoch [ 63/500], runtime:  1.37s, train err: 8.2973e-03 (best: 8.2265e-03/8.1461e-03)
>> epoch [ 64/500], runtime:  1.37s, train err: 8.3273e-03 (best: 8.2265e-03/8.1461e-03)
>> epoch [ 65/500], runtime:  1.39s, train err: 8.2654e-03 (best: 8.2265e-03/8.1461e-03)
>> epoch [ 66/500], runtime:  1.44s, train err: 8.2114e-03 (best: 8.2265e-03/8.1461e-03)
>> epoch [ 67/500], runtime:  1.40s, train err: 8.4090e-03 (best: 8.2265e-03/8.1461e-03)
>> epoch [ 68/500], runtime:  1.40s, train err: 8.3682e-03 (best: 8.2265e-03/8.1461e-03)
>> epoch [ 69/500], runtime:  1.39s, train err: 8.2630e-03 (best: 8.2265e-03/8.1461e-03)
>> epoch [ 70/500], runtime:  1.38s, train err: 8.3863e-03 (best: 8.2265e-03/8.1461e-03)
>> epoch [ 71/500], runtime:  1.37s, train err: 8.3539e-03 (best: 8.2265e-03/8.1461e-03)
>> epoch [ 72/500], runtime:  1.38s, train err: 8.2271e-03 (best: 8.2265e-03/8.1461e-03)
>> epoch [ 73/500], runtime:  1.38s, train err: 8.2813e-03 (best: 8.2265e-03/8.1461e-03)
>> epoch [ 74/500], runtime:  1.40s, train err: 8.3274e-03 (best: 8.2265e-03/8.1461e-03)
>> epoch [ 75/500], runtime:  1.38s, train err: 8.3281e-03 (best: 8.2265e-03/8.1461e-03)
>> epoch [ 76/500], runtime:  1.38s, train err: 8.3029e-03 (best: 8.2265e-03/8.1461e-03)
>> epoch [ 77/500], runtime:  1.39s, train err: 8.2186e-03 (best: 8.2265e-03/8.1461e-03)
>> epoch [ 78/500], runtime:  1.38s, train err: 8.6364e-03 (best: 8.2265e-03/8.1461e-03)
>> epoch [ 79/500], runtime:  1.38s, train err: 8.4916e-03 (best: 8.2265e-03/8.1461e-03)
>> epoch [ 80/500], runtime:  1.37s, train err: 8.2323e-03 (best: 8.2265e-03/8.1461e-03)
>> epoch [ 81/500], runtime:  1.38s, train err: 8.3621e-03 (best: 8.2265e-03/8.1461e-03)
>> epoch [ 82/500], runtime:  1.38s, train err: 8.4530e-03 (best: 8.2265e-03/8.1461e-03)
>> epoch [ 83/500], runtime:  1.39s, train err: 8.3553e-03 (best: 8.2265e-03/8.1461e-03)
>> epoch [ 84/500], runtime:  1.39s, train err: 8.3040e-03 (best: 8.2265e-03/8.1461e-03)
>> epoch [ 85/500], runtime:  1.37s, train err: 8.3097e-03 (best: 8.2265e-03/8.1461e-03)
>> epoch [ 86/500], runtime:  1.37s, train err: 8.2438e-03 (best: 8.2265e-03/8.1461e-03)
>> epoch [ 87/500], runtime:  1.38s, train err: 8.2845e-03 (best: 8.2265e-03/8.1461e-03)
>> epoch [ 88/500], runtime:  1.38s, train err: 8.3258e-03 (best: 8.2265e-03/8.1461e-03)
>> epoch [ 89/500], runtime:  1.38s, train err: 8.3706e-03 (best: 8.2265e-03/8.1461e-03)
>> epoch [ 90/500], runtime:  1.36s, train err: 8.5220e-03 (best: 8.2265e-03/8.1461e-03)
>> epoch [ 91/500], runtime:  1.37s, train err: 8.3510e-03 (best: 8.2265e-03/8.1461e-03)
>> epoch [ 92/500], runtime:  1.36s, train err: 8.4211e-03 (best: 8.2265e-03/8.1461e-03)
>> epoch [ 93/500], runtime:  1.37s, train err: 8.2482e-03 (best: 8.2265e-03/8.1461e-03)
>> epoch [ 94/500], runtime:  1.39s, train err: 8.3501e-03 (best: 8.2265e-03/8.1461e-03)
>> epoch [ 95/500], runtime:  1.38s, train err: 8.3170e-03 (best: 8.2265e-03/8.1461e-03)
>> epoch [ 96/500], runtime:  1.41s, train err: 8.3548e-03 (best: 8.2265e-03/8.1461e-03)
>> epoch [ 97/500], runtime:  1.39s, train err: 8.2428e-03 (best: 8.2265e-03/8.1461e-03)
>> epoch [ 98/500], runtime:  1.41s, train err: 8.2674e-03 (best: 8.2265e-03/8.1461e-03)
>> epoch [ 99/500], runtime:  1.42s, train err: 8.3105e-03 (best: 8.2265e-03/8.1461e-03)
>> epoch [100/500], runtime:  1.38s, train err: 8.2533e-03 (best: 8.2265e-03/8.1461e-03)
>> epoch [101/500], runtime:  1.38s, train err: 8.1874e-03 (best: 8.2265e-03/8.1461e-03)
>> epoch [102/500], runtime: 1.39s, train err: 8.1615e-03, valid err: 8.1217e-03 , test err: 8.2288e-03
>> epoch [103/500], runtime:  1.39s, train err: 8.1926e-03 (best: 8.1615e-03/8.1217e-03)
>> epoch [104/500], runtime:  1.38s, train err: 8.2162e-03 (best: 8.1615e-03/8.1217e-03)
>> epoch [105/500], runtime:  1.37s, train err: 8.2007e-03 (best: 8.1615e-03/8.1217e-03)
>> epoch [106/500], runtime:  1.39s, train err: 8.1918e-03 (best: 8.1615e-03/8.1217e-03)
>> epoch [107/500], runtime:  1.37s, train err: 8.2005e-03 (best: 8.1615e-03/8.1217e-03)
>> epoch [108/500], runtime:  1.35s, train err: 8.1984e-03 (best: 8.1615e-03/8.1217e-03)
>> epoch [109/500], runtime:  1.34s, train err: 8.1783e-03 (best: 8.1615e-03/8.1217e-03)
>> epoch [110/500], runtime:  1.34s, train err: 8.2575e-03 (best: 8.1615e-03/8.1217e-03)
>> epoch [111/500], runtime:  1.36s, train err: 8.2231e-03 (best: 8.1615e-03/8.1217e-03)
>> epoch [112/500], runtime:  1.36s, train err: 8.2057e-03 (best: 8.1615e-03/8.1217e-03)
>> epoch [113/500], runtime:  1.36s, train err: 8.2719e-03 (best: 8.1615e-03/8.1217e-03)
>> epoch [114/500], runtime:  1.37s, train err: 8.2290e-03 (best: 8.1615e-03/8.1217e-03)
>> epoch [115/500], runtime:  1.38s, train err: 8.1841e-03 (best: 8.1615e-03/8.1217e-03)
>> epoch [116/500], runtime:  1.38s, train err: 8.2068e-03 (best: 8.1615e-03/8.1217e-03)
>> epoch [117/500], runtime:  1.40s, train err: 8.2022e-03 (best: 8.1615e-03/8.1217e-03)
>> epoch [118/500], runtime:  1.38s, train err: 8.2770e-03 (best: 8.1615e-03/8.1217e-03)
>> epoch [119/500], runtime:  1.40s, train err: 8.1694e-03 (best: 8.1615e-03/8.1217e-03)
>> epoch [120/500], runtime:  1.42s, train err: 8.2270e-03 (best: 8.1615e-03/8.1217e-03)
>> epoch [121/500], runtime:  1.41s, train err: 8.1858e-03 (best: 8.1615e-03/8.1217e-03)
>> epoch [122/500], runtime:  1.43s, train err: 8.2476e-03 (best: 8.1615e-03/8.1217e-03)
>> epoch [123/500], runtime:  1.43s, train err: 8.1806e-03 (best: 8.1615e-03/8.1217e-03)
>> epoch [124/500], runtime:  1.37s, train err: 8.1973e-03 (best: 8.1615e-03/8.1217e-03)
>> epoch [125/500], runtime:  1.39s, train err: 8.2234e-03 (best: 8.1615e-03/8.1217e-03)
>> epoch [126/500], runtime:  1.42s, train err: 8.2136e-03 (best: 8.1615e-03/8.1217e-03)
>> epoch [127/500], runtime:  1.40s, train err: 8.1958e-03 (best: 8.1615e-03/8.1217e-03)
>> epoch [128/500], runtime:  1.44s, train err: 8.3468e-03 (best: 8.1615e-03/8.1217e-03)
>> epoch [129/500], runtime:  1.41s, train err: 8.2123e-03 (best: 8.1615e-03/8.1217e-03)
>> epoch [130/500], runtime:  1.42s, train err: 8.1785e-03 (best: 8.1615e-03/8.1217e-03)
>> epoch [131/500], runtime:  1.43s, train err: 8.2084e-03 (best: 8.1615e-03/8.1217e-03)
>> epoch [132/500], runtime:  1.40s, train err: 8.3156e-03 (best: 8.1615e-03/8.1217e-03)
>> epoch [133/500], runtime:  1.39s, train err: 8.3117e-03 (best: 8.1615e-03/8.1217e-03)
>> epoch [134/500], runtime:  1.41s, train err: 8.2155e-03 (best: 8.1615e-03/8.1217e-03)
>> epoch [135/500], runtime:  1.41s, train err: 8.1776e-03 (best: 8.1615e-03/8.1217e-03)
>> epoch [136/500], runtime:  1.41s, train err: 8.1796e-03 (best: 8.1615e-03/8.1217e-03)
>> epoch [137/500], runtime:  1.41s, train err: 8.2399e-03 (best: 8.1615e-03/8.1217e-03)
>> epoch [138/500], runtime:  1.42s, train err: 8.1884e-03 (best: 8.1615e-03/8.1217e-03)
>> epoch [139/500], runtime:  1.40s, train err: 8.1610e-03 (best: 8.1615e-03/8.1217e-03)
>> epoch [140/500], runtime:  1.42s, train err: 8.1679e-03 (best: 8.1615e-03/8.1217e-03)
>> epoch [141/500], runtime:  1.42s, train err: 8.1898e-03 (best: 8.1615e-03/8.1217e-03)
>> epoch [142/500], runtime:  1.46s, train err: 8.2011e-03 (best: 8.1615e-03/8.1217e-03)
>> epoch [143/500], runtime:  1.44s, train err: 8.2163e-03 (best: 8.1615e-03/8.1217e-03)
>> epoch [144/500], runtime:  1.43s, train err: 8.1734e-03 (best: 8.1615e-03/8.1217e-03)
>> epoch [145/500], runtime:  1.45s, train err: 8.1686e-03 (best: 8.1615e-03/8.1217e-03)
>> epoch [146/500], runtime:  1.40s, train err: 8.2292e-03 (best: 8.1615e-03/8.1217e-03)
>> epoch [147/500], runtime:  1.40s, train err: 8.2076e-03 (best: 8.1615e-03/8.1217e-03)
>> epoch [148/500], runtime:  1.42s, train err: 8.2002e-03 (best: 8.1615e-03/8.1217e-03)
>> epoch [149/500], runtime:  1.42s, train err: 8.1943e-03 (best: 8.1615e-03/8.1217e-03)
>> epoch [150/500], runtime:  1.41s, train err: 8.1975e-03 (best: 8.1615e-03/8.1217e-03)
>> epoch [151/500], runtime: 1.39s, train err: 8.1542e-03, valid err: 8.0899e-03 , test err: 8.1928e-03
>> epoch [152/500], runtime: 1.41s, train err: 8.1527e-03, valid err: 8.0881e-03 , test err: 8.1891e-03
>> epoch [153/500], runtime:  1.40s, train err: 8.1446e-03 (best: 8.1527e-03/8.0881e-03)
>> epoch [154/500], runtime:  1.44s, train err: 8.1482e-03 (best: 8.1527e-03/8.0881e-03)
>> epoch [155/500], runtime:  1.41s, train err: 8.1885e-03 (best: 8.1527e-03/8.0881e-03)
>> epoch [156/500], runtime:  1.41s, train err: 8.1789e-03 (best: 8.1527e-03/8.0881e-03)
>> epoch [157/500], runtime:  1.43s, train err: 8.1248e-03 (best: 8.1527e-03/8.0881e-03)
>> epoch [158/500], runtime:  1.41s, train err: 8.1292e-03 (best: 8.1527e-03/8.0881e-03)
>> epoch [159/500], runtime:  1.40s, train err: 8.1403e-03 (best: 8.1527e-03/8.0881e-03)
>> epoch [160/500], runtime:  1.44s, train err: 8.1728e-03 (best: 8.1527e-03/8.0881e-03)
>> epoch [161/500], runtime:  1.42s, train err: 8.1459e-03 (best: 8.1527e-03/8.0881e-03)
>> epoch [162/500], runtime:  1.41s, train err: 8.1618e-03 (best: 8.1527e-03/8.0881e-03)
>> epoch [163/500], runtime:  1.43s, train err: 8.1905e-03 (best: 8.1527e-03/8.0881e-03)
>> epoch [164/500], runtime:  1.41s, train err: 8.1553e-03 (best: 8.1527e-03/8.0881e-03)
>> epoch [165/500], runtime:  1.38s, train err: 8.1814e-03 (best: 8.1527e-03/8.0881e-03)
>> epoch [166/500], runtime:  1.39s, train err: 8.1264e-03 (best: 8.1527e-03/8.0881e-03)
>> epoch [167/500], runtime:  1.38s, train err: 8.1564e-03 (best: 8.1527e-03/8.0881e-03)
>> epoch [168/500], runtime:  1.37s, train err: 8.1652e-03 (best: 8.1527e-03/8.0881e-03)
>> epoch [169/500], runtime:  1.37s, train err: 8.1330e-03 (best: 8.1527e-03/8.0881e-03)
>> epoch [170/500], runtime:  1.36s, train err: 8.1541e-03 (best: 8.1527e-03/8.0881e-03)
>> epoch [171/500], runtime:  1.41s, train err: 8.1332e-03 (best: 8.1527e-03/8.0881e-03)
>> epoch [172/500], runtime:  1.41s, train err: 8.1432e-03 (best: 8.1527e-03/8.0881e-03)
>> epoch [173/500], runtime:  1.40s, train err: 8.1264e-03 (best: 8.1527e-03/8.0881e-03)
>> epoch [174/500], runtime:  1.38s, train err: 8.1552e-03 (best: 8.1527e-03/8.0881e-03)
>> epoch [175/500], runtime:  1.39s, train err: 8.1584e-03 (best: 8.1527e-03/8.0881e-03)
>> epoch [176/500], runtime:  1.42s, train err: 8.1975e-03 (best: 8.1527e-03/8.0881e-03)
>> epoch [177/500], runtime:  1.43s, train err: 8.1862e-03 (best: 8.1527e-03/8.0881e-03)
>> epoch [178/500], runtime:  1.40s, train err: 8.1610e-03 (best: 8.1527e-03/8.0881e-03)
>> epoch [179/500], runtime:  1.42s, train err: 8.1873e-03 (best: 8.1527e-03/8.0881e-03)
>> epoch [180/500], runtime:  1.41s, train err: 8.1518e-03 (best: 8.1527e-03/8.0881e-03)
>> epoch [181/500], runtime:  1.39s, train err: 8.2306e-03 (best: 8.1527e-03/8.0881e-03)
>> epoch [182/500], runtime: 1.36s, train err: 8.1371e-03, valid err: 8.0612e-03 , test err: 8.1672e-03
>> epoch [183/500], runtime:  1.38s, train err: 8.1352e-03 (best: 8.1371e-03/8.0612e-03)
>> epoch [184/500], runtime:  1.38s, train err: 8.1232e-03 (best: 8.1371e-03/8.0612e-03)
>> epoch [185/500], runtime:  1.40s, train err: 8.1120e-03 (best: 8.1371e-03/8.0612e-03)
>> epoch [186/500], runtime:  1.39s, train err: 8.1160e-03 (best: 8.1371e-03/8.0612e-03)
>> epoch [187/500], runtime:  1.39s, train err: 8.1641e-03 (best: 8.1371e-03/8.0612e-03)
>> epoch [188/500], runtime:  1.36s, train err: 8.1196e-03 (best: 8.1371e-03/8.0612e-03)
>> epoch [189/500], runtime:  1.40s, train err: 8.1267e-03 (best: 8.1371e-03/8.0612e-03)
>> epoch [190/500], runtime:  1.41s, train err: 8.1403e-03 (best: 8.1371e-03/8.0612e-03)
>> epoch [191/500], runtime: 1.41s, train err: 8.1060e-03, valid err: 8.0577e-03 , test err: 8.1658e-03
>> epoch [192/500], runtime:  1.36s, train err: 8.1116e-03 (best: 8.1060e-03/8.0577e-03)
>> epoch [193/500], runtime:  1.38s, train err: 8.1127e-03 (best: 8.1060e-03/8.0577e-03)
>> epoch [194/500], runtime:  1.39s, train err: 8.1225e-03 (best: 8.1060e-03/8.0577e-03)
>> epoch [195/500], runtime:  1.41s, train err: 8.1521e-03 (best: 8.1060e-03/8.0577e-03)
>> epoch [196/500], runtime:  1.39s, train err: 8.1332e-03 (best: 8.1060e-03/8.0577e-03)
>> epoch [197/500], runtime:  1.38s, train err: 8.1543e-03 (best: 8.1060e-03/8.0577e-03)
>> epoch [198/500], runtime:  1.38s, train err: 8.1251e-03 (best: 8.1060e-03/8.0577e-03)
>> epoch [199/500], runtime:  1.40s, train err: 8.1102e-03 (best: 8.1060e-03/8.0577e-03)
>> epoch [200/500], runtime:  1.41s, train err: 8.1301e-03 (best: 8.1060e-03/8.0577e-03)
>> epoch [201/500], runtime:  1.42s, train err: 8.1380e-03 (best: 8.1060e-03/8.0577e-03)
>> epoch [202/500], runtime:  1.39s, train err: 8.1004e-03 (best: 8.1060e-03/8.0577e-03)
>> epoch [203/500], runtime:  1.37s, train err: 8.1189e-03 (best: 8.1060e-03/8.0577e-03)
>> epoch [204/500], runtime:  1.39s, train err: 8.1256e-03 (best: 8.1060e-03/8.0577e-03)
>> epoch [205/500], runtime:  1.40s, train err: 8.0976e-03 (best: 8.1060e-03/8.0577e-03)
>> epoch [206/500], runtime:  1.37s, train err: 8.1067e-03 (best: 8.1060e-03/8.0577e-03)
>> epoch [207/500], runtime:  1.35s, train err: 8.0991e-03 (best: 8.1060e-03/8.0577e-03)
>> epoch [208/500], runtime:  1.37s, train err: 8.1335e-03 (best: 8.1060e-03/8.0577e-03)
>> epoch [209/500], runtime:  1.37s, train err: 8.0993e-03 (best: 8.1060e-03/8.0577e-03)
>> epoch [210/500], runtime:  1.40s, train err: 8.1067e-03 (best: 8.1060e-03/8.0577e-03)
>> epoch [211/500], runtime:  1.40s, train err: 8.1086e-03 (best: 8.1060e-03/8.0577e-03)
>> epoch [212/500], runtime: 1.38s, train err: 8.1000e-03, valid err: 8.0419e-03 , test err: 8.1638e-03
>> epoch [213/500], runtime:  1.35s, train err: 8.1003e-03 (best: 8.1000e-03/8.0419e-03)
>> epoch [214/500], runtime:  1.36s, train err: 8.1097e-03 (best: 8.1000e-03/8.0419e-03)
>> epoch [215/500], runtime:  1.39s, train err: 8.0963e-03 (best: 8.1000e-03/8.0419e-03)
>> epoch [216/500], runtime:  1.41s, train err: 8.1067e-03 (best: 8.1000e-03/8.0419e-03)
>> epoch [217/500], runtime:  1.38s, train err: 8.0898e-03 (best: 8.1000e-03/8.0419e-03)
>> epoch [218/500], runtime:  1.40s, train err: 8.1170e-03 (best: 8.1000e-03/8.0419e-03)
>> epoch [219/500], runtime:  1.40s, train err: 8.0949e-03 (best: 8.1000e-03/8.0419e-03)
>> epoch [220/500], runtime:  1.37s, train err: 8.1165e-03 (best: 8.1000e-03/8.0419e-03)
>> epoch [221/500], runtime:  1.38s, train err: 8.0817e-03 (best: 8.1000e-03/8.0419e-03)
>> epoch [222/500], runtime:  1.38s, train err: 8.0976e-03 (best: 8.1000e-03/8.0419e-03)
>> epoch [223/500], runtime:  1.36s, train err: 8.1015e-03 (best: 8.1000e-03/8.0419e-03)
>> epoch [224/500], runtime:  1.38s, train err: 8.0988e-03 (best: 8.1000e-03/8.0419e-03)
>> epoch [225/500], runtime:  1.40s, train err: 8.1024e-03 (best: 8.1000e-03/8.0419e-03)
>> epoch [226/500], runtime:  1.46s, train err: 8.0931e-03 (best: 8.1000e-03/8.0419e-03)
>> epoch [227/500], runtime:  1.43s, train err: 8.1198e-03 (best: 8.1000e-03/8.0419e-03)
>> epoch [228/500], runtime:  1.38s, train err: 8.0892e-03 (best: 8.1000e-03/8.0419e-03)
>> epoch [229/500], runtime:  1.34s, train err: 8.0984e-03 (best: 8.1000e-03/8.0419e-03)
>> epoch [230/500], runtime:  1.33s, train err: 8.1075e-03 (best: 8.1000e-03/8.0419e-03)
>> epoch [231/500], runtime:  1.37s, train err: 8.0844e-03 (best: 8.1000e-03/8.0419e-03)
>> epoch [232/500], runtime: 1.37s, train err: 8.0746e-03, valid err: 8.0325e-03 , test err: 8.1703e-03
>> epoch [233/500], runtime:  1.38s, train err: 8.1261e-03 (best: 8.0746e-03/8.0325e-03)
>> epoch [234/500], runtime:  1.35s, train err: 8.1101e-03 (best: 8.0746e-03/8.0325e-03)
>> epoch [235/500], runtime:  1.35s, train err: 8.1002e-03 (best: 8.0746e-03/8.0325e-03)
>> epoch [236/500], runtime:  1.33s, train err: 8.1011e-03 (best: 8.0746e-03/8.0325e-03)
>> epoch [237/500], runtime:  1.36s, train err: 8.1410e-03 (best: 8.0746e-03/8.0325e-03)
>> epoch [238/500], runtime:  1.37s, train err: 8.1013e-03 (best: 8.0746e-03/8.0325e-03)
>> epoch [239/500], runtime:  1.37s, train err: 8.0932e-03 (best: 8.0746e-03/8.0325e-03)
>> epoch [240/500], runtime:  1.38s, train err: 8.1104e-03 (best: 8.0746e-03/8.0325e-03)
>> epoch [241/500], runtime:  1.39s, train err: 8.1265e-03 (best: 8.0746e-03/8.0325e-03)
>> epoch [242/500], runtime:  1.39s, train err: 8.1112e-03 (best: 8.0746e-03/8.0325e-03)
>> epoch [243/500], runtime:  1.41s, train err: 8.0935e-03 (best: 8.0746e-03/8.0325e-03)
>> epoch [244/500], runtime:  1.41s, train err: 8.0953e-03 (best: 8.0746e-03/8.0325e-03)
>> epoch [245/500], runtime:  1.39s, train err: 8.0971e-03 (best: 8.0746e-03/8.0325e-03)
>> epoch [246/500], runtime:  1.37s, train err: 8.1062e-03 (best: 8.0746e-03/8.0325e-03)
>> epoch [247/500], runtime:  1.36s, train err: 8.0955e-03 (best: 8.0746e-03/8.0325e-03)
>> epoch [248/500], runtime:  1.36s, train err: 8.0896e-03 (best: 8.0746e-03/8.0325e-03)
>> epoch [249/500], runtime:  1.38s, train err: 8.0971e-03 (best: 8.0746e-03/8.0325e-03)
>> epoch [250/500], runtime:  1.38s, train err: 8.0877e-03 (best: 8.0746e-03/8.0325e-03)
>> epoch [251/500], runtime:  1.41s, train err: 8.0877e-03 (best: 8.0746e-03/8.0325e-03)
>> epoch [252/500], runtime:  1.40s, train err: 8.0941e-03 (best: 8.0746e-03/8.0325e-03)
>> epoch [253/500], runtime:  1.39s, train err: 8.0909e-03 (best: 8.0746e-03/8.0325e-03)
>> epoch [254/500], runtime:  1.39s, train err: 8.0739e-03 (best: 8.0746e-03/8.0325e-03)
>> epoch [255/500], runtime:  1.37s, train err: 8.0836e-03 (best: 8.0746e-03/8.0325e-03)
>> epoch [256/500], runtime:  1.37s, train err: 8.0920e-03 (best: 8.0746e-03/8.0325e-03)
>> epoch [257/500], runtime:  1.41s, train err: 8.0880e-03 (best: 8.0746e-03/8.0325e-03)
>> epoch [258/500], runtime:  1.36s, train err: 8.0896e-03 (best: 8.0746e-03/8.0325e-03)
>> epoch [259/500], runtime:  1.38s, train err: 8.1016e-03 (best: 8.0746e-03/8.0325e-03)
>> epoch [260/500], runtime:  1.34s, train err: 8.0796e-03 (best: 8.0746e-03/8.0325e-03)
>> epoch [261/500], runtime:  1.37s, train err: 8.0883e-03 (best: 8.0746e-03/8.0325e-03)
>> epoch [262/500], runtime:  1.41s, train err: 8.0847e-03 (best: 8.0746e-03/8.0325e-03)
>> epoch [263/500], runtime:  1.41s, train err: 8.0767e-03 (best: 8.0746e-03/8.0325e-03)
>> epoch [264/500], runtime:  1.41s, train err: 8.0810e-03 (best: 8.0746e-03/8.0325e-03)
>> epoch [265/500], runtime:  1.38s, train err: 8.0754e-03 (best: 8.0746e-03/8.0325e-03)
>> epoch [266/500], runtime:  1.38s, train err: 8.0803e-03 (best: 8.0746e-03/8.0325e-03)
>> epoch [267/500], runtime:  1.38s, train err: 8.0832e-03 (best: 8.0746e-03/8.0325e-03)
>> epoch [268/500], runtime:  1.42s, train err: 8.0795e-03 (best: 8.0746e-03/8.0325e-03)
>> epoch [269/500], runtime:  1.38s, train err: 8.0863e-03 (best: 8.0746e-03/8.0325e-03)
>> epoch [270/500], runtime:  1.39s, train err: 8.0873e-03 (best: 8.0746e-03/8.0325e-03)
>> epoch [271/500], runtime:  1.38s, train err: 8.0936e-03 (best: 8.0746e-03/8.0325e-03)
>> epoch [272/500], runtime:  1.40s, train err: 8.0836e-03 (best: 8.0746e-03/8.0325e-03)
>> epoch [273/500], runtime:  1.39s, train err: 8.0842e-03 (best: 8.0746e-03/8.0325e-03)
>> epoch [274/500], runtime:  1.39s, train err: 8.0790e-03 (best: 8.0746e-03/8.0325e-03)
>> epoch [275/500], runtime:  1.37s, train err: 8.0831e-03 (best: 8.0746e-03/8.0325e-03)
>> epoch [276/500], runtime:  1.38s, train err: 8.0891e-03 (best: 8.0746e-03/8.0325e-03)
>> epoch [277/500], runtime:  1.38s, train err: 8.0738e-03 (best: 8.0746e-03/8.0325e-03)
>> epoch [278/500], runtime:  1.35s, train err: 8.0840e-03 (best: 8.0746e-03/8.0325e-03)
>> epoch [279/500], runtime:  1.35s, train err: 8.0833e-03 (best: 8.0746e-03/8.0325e-03)
>> epoch [280/500], runtime:  1.39s, train err: 8.0822e-03 (best: 8.0746e-03/8.0325e-03)
>> epoch [281/500], runtime:  1.34s, train err: 8.0803e-03 (best: 8.0746e-03/8.0325e-03)
>> epoch [282/500], runtime:  1.36s, train err: 8.0969e-03 (best: 8.0746e-03/8.0325e-03)
>> epoch [283/500], runtime:  1.37s, train err: 8.0988e-03 (best: 8.0746e-03/8.0325e-03)
----------------------------------------------------------------------------------------------------
----------------------------------------------------------------------------------------------------
>> ntrain: 80, lr: 0.01, gamma: 0.5, w_d: 0.0
>> Best train error: 8.0746e-03
>> Best valid error: 8.0325e-03
>> Best test error: 8.1703e-03
>> Best epoch: 231
----------------------------------------------------------------------------------------------------
----------------------------------------------------------------------------------------------------
>> Training Completed!!
