PID: 32250
>> Device being used: cuda (NVIDIA GeForce RTX 4090)
Total number of parameters: 12673
>> Training Mesh resolution: 49x49
>> grid: torch.Size([2401, 2]), edge_index: torch.Size([2, 410273]), edge_attr: torch.Size([410273, 2])
>> Preprocessing completed, time elapsed:  64.63s
>> ntrain: 80, lr: 0.01, gamma: 0.5, w_d: 0.0001
----------------------------------------------------------------------------------------------------
>> epoch [  1/500], runtime: 0.99s, train err: 1.3184e-01, valid err: 2.2320e-02 , test err: 2.2249e-02
>> epoch [  2/500], runtime: 0.79s, train err: 1.0970e-02, valid err: 8.4593e-03 , test err: 8.4693e-03
>> epoch [  3/500], runtime:  0.81s, train err: 9.5320e-03 (best: 1.0970e-02/8.4593e-03)
>> epoch [  4/500], runtime: 0.76s, train err: 9.4283e-03, valid err: 8.3298e-03 , test err: 8.4115e-03
>> epoch [  5/500], runtime:  0.78s, train err: 9.0211e-03 (best: 9.4283e-03/8.3298e-03)
>> epoch [  6/500], runtime:  0.75s, train err: 9.5952e-03 (best: 9.4283e-03/8.3298e-03)
>> epoch [  7/500], runtime:  0.74s, train err: 1.0004e-02 (best: 9.4283e-03/8.3298e-03)
>> epoch [  8/500], runtime:  0.75s, train err: 9.9472e-03 (best: 9.4283e-03/8.3298e-03)
>> epoch [  9/500], runtime:  0.75s, train err: 9.1374e-03 (best: 9.4283e-03/8.3298e-03)
>> epoch [ 10/500], runtime: 0.76s, train err: 8.7497e-03, valid err: 8.3003e-03 , test err: 8.3499e-03
>> epoch [ 11/500], runtime:  0.75s, train err: 9.3502e-03 (best: 8.7497e-03/8.3003e-03)
>> epoch [ 12/500], runtime:  0.73s, train err: 9.1405e-03 (best: 8.7497e-03/8.3003e-03)
>> epoch [ 13/500], runtime:  0.72s, train err: 9.3540e-03 (best: 8.7497e-03/8.3003e-03)
>> epoch [ 14/500], runtime:  0.74s, train err: 8.7791e-03 (best: 8.7497e-03/8.3003e-03)
>> epoch [ 15/500], runtime:  0.73s, train err: 9.0846e-03 (best: 8.7497e-03/8.3003e-03)
>> epoch [ 16/500], runtime:  0.73s, train err: 9.2615e-03 (best: 8.7497e-03/8.3003e-03)
>> epoch [ 17/500], runtime:  0.74s, train err: 1.0126e-02 (best: 8.7497e-03/8.3003e-03)
>> epoch [ 18/500], runtime:  0.74s, train err: 8.7379e-03 (best: 8.7497e-03/8.3003e-03)
>> epoch [ 19/500], runtime:  0.72s, train err: 9.3016e-03 (best: 8.7497e-03/8.3003e-03)
>> epoch [ 20/500], runtime:  0.72s, train err: 9.4715e-03 (best: 8.7497e-03/8.3003e-03)
>> epoch [ 21/500], runtime:  0.72s, train err: 8.8917e-03 (best: 8.7497e-03/8.3003e-03)
>> epoch [ 22/500], runtime:  0.75s, train err: 9.4322e-03 (best: 8.7497e-03/8.3003e-03)
>> epoch [ 23/500], runtime:  0.76s, train err: 9.8921e-03 (best: 8.7497e-03/8.3003e-03)
>> epoch [ 24/500], runtime:  0.76s, train err: 9.0040e-03 (best: 8.7497e-03/8.3003e-03)
>> epoch [ 25/500], runtime:  0.77s, train err: 8.9689e-03 (best: 8.7497e-03/8.3003e-03)
>> epoch [ 26/500], runtime:  0.76s, train err: 8.9262e-03 (best: 8.7497e-03/8.3003e-03)
>> epoch [ 27/500], runtime:  0.76s, train err: 9.2420e-03 (best: 8.7497e-03/8.3003e-03)
>> epoch [ 28/500], runtime:  0.75s, train err: 8.6689e-03 (best: 8.7497e-03/8.3003e-03)
>> epoch [ 29/500], runtime:  0.76s, train err: 8.6353e-03 (best: 8.7497e-03/8.3003e-03)
>> epoch [ 30/500], runtime:  0.77s, train err: 8.8015e-03 (best: 8.7497e-03/8.3003e-03)
>> epoch [ 31/500], runtime:  0.78s, train err: 9.9920e-03 (best: 8.7497e-03/8.3003e-03)
>> epoch [ 32/500], runtime:  0.76s, train err: 9.0140e-03 (best: 8.7497e-03/8.3003e-03)
>> epoch [ 33/500], runtime:  0.78s, train err: 8.8420e-03 (best: 8.7497e-03/8.3003e-03)
>> epoch [ 34/500], runtime:  0.76s, train err: 9.1324e-03 (best: 8.7497e-03/8.3003e-03)
>> epoch [ 35/500], runtime:  0.77s, train err: 9.1038e-03 (best: 8.7497e-03/8.3003e-03)
>> epoch [ 36/500], runtime:  0.77s, train err: 9.3008e-03 (best: 8.7497e-03/8.3003e-03)
>> epoch [ 37/500], runtime:  0.75s, train err: 8.8822e-03 (best: 8.7497e-03/8.3003e-03)
>> epoch [ 38/500], runtime:  0.75s, train err: 8.9116e-03 (best: 8.7497e-03/8.3003e-03)
>> epoch [ 39/500], runtime:  0.74s, train err: 9.1645e-03 (best: 8.7497e-03/8.3003e-03)
>> epoch [ 40/500], runtime:  0.76s, train err: 9.4546e-03 (best: 8.7497e-03/8.3003e-03)
>> epoch [ 41/500], runtime:  0.75s, train err: 8.9341e-03 (best: 8.7497e-03/8.3003e-03)
>> epoch [ 42/500], runtime:  0.75s, train err: 9.0741e-03 (best: 8.7497e-03/8.3003e-03)
>> epoch [ 43/500], runtime:  0.75s, train err: 9.2010e-03 (best: 8.7497e-03/8.3003e-03)
>> epoch [ 44/500], runtime:  0.75s, train err: 8.9815e-03 (best: 8.7497e-03/8.3003e-03)
>> epoch [ 45/500], runtime:  0.75s, train err: 8.6087e-03 (best: 8.7497e-03/8.3003e-03)
>> epoch [ 46/500], runtime:  0.77s, train err: 1.0060e-02 (best: 8.7497e-03/8.3003e-03)
>> epoch [ 47/500], runtime:  0.75s, train err: 8.7895e-03 (best: 8.7497e-03/8.3003e-03)
>> epoch [ 48/500], runtime: 0.77s, train err: 8.7101e-03, valid err: 8.2331e-03 , test err: 8.3122e-03
>> epoch [ 49/500], runtime:  0.78s, train err: 8.6793e-03 (best: 8.7101e-03/8.2331e-03)
>> epoch [ 50/500], runtime:  0.76s, train err: 9.0419e-03 (best: 8.7101e-03/8.2331e-03)
>> epoch [ 51/500], runtime: 0.77s, train err: 8.3490e-03, valid err: 8.2145e-03 , test err: 8.2791e-03
>> epoch [ 52/500], runtime:  0.77s, train err: 8.3659e-03 (best: 8.3490e-03/8.2145e-03)
>> epoch [ 53/500], runtime:  0.77s, train err: 8.5905e-03 (best: 8.3490e-03/8.2145e-03)
>> epoch [ 54/500], runtime:  0.77s, train err: 8.3507e-03 (best: 8.3490e-03/8.2145e-03)
>> epoch [ 55/500], runtime:  0.76s, train err: 8.4332e-03 (best: 8.3490e-03/8.2145e-03)
>> epoch [ 56/500], runtime:  0.76s, train err: 8.4162e-03 (best: 8.3490e-03/8.2145e-03)
>> epoch [ 57/500], runtime:  0.77s, train err: 8.5922e-03 (best: 8.3490e-03/8.2145e-03)
>> epoch [ 58/500], runtime:  0.76s, train err: 8.9147e-03 (best: 8.3490e-03/8.2145e-03)
>> epoch [ 59/500], runtime:  0.75s, train err: 8.5782e-03 (best: 8.3490e-03/8.2145e-03)
>> epoch [ 60/500], runtime:  0.77s, train err: 8.4481e-03 (best: 8.3490e-03/8.2145e-03)
>> epoch [ 61/500], runtime:  0.76s, train err: 8.3639e-03 (best: 8.3490e-03/8.2145e-03)
>> epoch [ 62/500], runtime:  0.75s, train err: 8.3363e-03 (best: 8.3490e-03/8.2145e-03)
>> epoch [ 63/500], runtime:  0.76s, train err: 8.6585e-03 (best: 8.3490e-03/8.2145e-03)
>> epoch [ 64/500], runtime:  0.76s, train err: 8.3989e-03 (best: 8.3490e-03/8.2145e-03)
>> epoch [ 65/500], runtime:  0.76s, train err: 9.0207e-03 (best: 8.3490e-03/8.2145e-03)
>> epoch [ 66/500], runtime:  0.77s, train err: 8.4267e-03 (best: 8.3490e-03/8.2145e-03)
>> epoch [ 67/500], runtime:  0.76s, train err: 8.4579e-03 (best: 8.3490e-03/8.2145e-03)
>> epoch [ 68/500], runtime:  0.77s, train err: 8.3857e-03 (best: 8.3490e-03/8.2145e-03)
>> epoch [ 69/500], runtime:  0.75s, train err: 8.7019e-03 (best: 8.3490e-03/8.2145e-03)
>> epoch [ 70/500], runtime:  0.77s, train err: 9.0215e-03 (best: 8.3490e-03/8.2145e-03)
>> epoch [ 71/500], runtime:  0.76s, train err: 8.5609e-03 (best: 8.3490e-03/8.2145e-03)
>> epoch [ 72/500], runtime:  0.79s, train err: 8.3756e-03 (best: 8.3490e-03/8.2145e-03)
>> epoch [ 73/500], runtime:  0.76s, train err: 8.5207e-03 (best: 8.3490e-03/8.2145e-03)
>> epoch [ 74/500], runtime:  0.76s, train err: 8.6793e-03 (best: 8.3490e-03/8.2145e-03)
>> epoch [ 75/500], runtime:  0.75s, train err: 8.6843e-03 (best: 8.3490e-03/8.2145e-03)
>> epoch [ 76/500], runtime:  0.75s, train err: 8.7939e-03 (best: 8.3490e-03/8.2145e-03)
>> epoch [ 77/500], runtime:  0.76s, train err: 8.6655e-03 (best: 8.3490e-03/8.2145e-03)
>> epoch [ 78/500], runtime:  0.75s, train err: 8.3426e-03 (best: 8.3490e-03/8.2145e-03)
>> epoch [ 79/500], runtime:  0.75s, train err: 8.6806e-03 (best: 8.3490e-03/8.2145e-03)
>> epoch [ 80/500], runtime:  0.77s, train err: 8.4954e-03 (best: 8.3490e-03/8.2145e-03)
>> epoch [ 81/500], runtime:  0.77s, train err: 8.6408e-03 (best: 8.3490e-03/8.2145e-03)
>> epoch [ 82/500], runtime:  0.76s, train err: 8.4849e-03 (best: 8.3490e-03/8.2145e-03)
>> epoch [ 83/500], runtime:  0.76s, train err: 8.5258e-03 (best: 8.3490e-03/8.2145e-03)
>> epoch [ 84/500], runtime:  0.77s, train err: 8.4646e-03 (best: 8.3490e-03/8.2145e-03)
>> epoch [ 85/500], runtime:  0.82s, train err: 9.1590e-03 (best: 8.3490e-03/8.2145e-03)
>> epoch [ 86/500], runtime:  0.80s, train err: 8.5172e-03 (best: 8.3490e-03/8.2145e-03)
>> epoch [ 87/500], runtime:  0.78s, train err: 8.5229e-03 (best: 8.3490e-03/8.2145e-03)
>> epoch [ 88/500], runtime:  0.77s, train err: 8.4388e-03 (best: 8.3490e-03/8.2145e-03)
>> epoch [ 89/500], runtime:  0.77s, train err: 8.6519e-03 (best: 8.3490e-03/8.2145e-03)
>> epoch [ 90/500], runtime:  0.77s, train err: 8.3897e-03 (best: 8.3490e-03/8.2145e-03)
>> epoch [ 91/500], runtime:  0.76s, train err: 8.6387e-03 (best: 8.3490e-03/8.2145e-03)
>> epoch [ 92/500], runtime:  0.76s, train err: 8.5247e-03 (best: 8.3490e-03/8.2145e-03)
>> epoch [ 93/500], runtime:  0.77s, train err: 8.7453e-03 (best: 8.3490e-03/8.2145e-03)
>> epoch [ 94/500], runtime:  0.77s, train err: 8.7261e-03 (best: 8.3490e-03/8.2145e-03)
>> epoch [ 95/500], runtime:  0.76s, train err: 8.6743e-03 (best: 8.3490e-03/8.2145e-03)
>> epoch [ 96/500], runtime:  0.80s, train err: 8.4544e-03 (best: 8.3490e-03/8.2145e-03)
>> epoch [ 97/500], runtime:  0.80s, train err: 8.5058e-03 (best: 8.3490e-03/8.2145e-03)
>> epoch [ 98/500], runtime:  0.78s, train err: 8.5733e-03 (best: 8.3490e-03/8.2145e-03)
>> epoch [ 99/500], runtime:  0.75s, train err: 8.7256e-03 (best: 8.3490e-03/8.2145e-03)
>> epoch [100/500], runtime:  0.78s, train err: 8.5430e-03 (best: 8.3490e-03/8.2145e-03)
>> epoch [101/500], runtime:  0.76s, train err: 8.3489e-03 (best: 8.3490e-03/8.2145e-03)
>> epoch [102/500], runtime: 0.75s, train err: 8.3242e-03, valid err: 8.2090e-03 , test err: 8.2651e-03
>> epoch [103/500], runtime:  0.76s, train err: 8.2592e-03 (best: 8.3242e-03/8.2090e-03)
>> epoch [104/500], runtime:  0.76s, train err: 8.2532e-03 (best: 8.3242e-03/8.2090e-03)
>> epoch [105/500], runtime:  0.77s, train err: 8.4020e-03 (best: 8.3242e-03/8.2090e-03)
>> epoch [106/500], runtime:  0.78s, train err: 8.3156e-03 (best: 8.3242e-03/8.2090e-03)
>> epoch [107/500], runtime:  0.77s, train err: 8.4058e-03 (best: 8.3242e-03/8.2090e-03)
>> epoch [108/500], runtime:  0.76s, train err: 8.2904e-03 (best: 8.3242e-03/8.2090e-03)
>> epoch [109/500], runtime:  0.76s, train err: 8.3154e-03 (best: 8.3242e-03/8.2090e-03)
>> epoch [110/500], runtime:  0.77s, train err: 8.3272e-03 (best: 8.3242e-03/8.2090e-03)
>> epoch [111/500], runtime:  0.77s, train err: 8.3070e-03 (best: 8.3242e-03/8.2090e-03)
>> epoch [112/500], runtime: 0.76s, train err: 8.2511e-03, valid err: 8.1664e-03 , test err: 8.2426e-03
>> epoch [113/500], runtime:  0.75s, train err: 8.5631e-03 (best: 8.2511e-03/8.1664e-03)
>> epoch [114/500], runtime:  0.79s, train err: 8.3415e-03 (best: 8.2511e-03/8.1664e-03)
>> epoch [115/500], runtime:  0.75s, train err: 8.4289e-03 (best: 8.2511e-03/8.1664e-03)
>> epoch [116/500], runtime:  0.76s, train err: 8.4171e-03 (best: 8.2511e-03/8.1664e-03)
>> epoch [117/500], runtime:  0.77s, train err: 8.5981e-03 (best: 8.2511e-03/8.1664e-03)
>> epoch [118/500], runtime:  0.74s, train err: 8.6617e-03 (best: 8.2511e-03/8.1664e-03)
>> epoch [119/500], runtime:  0.74s, train err: 8.3095e-03 (best: 8.2511e-03/8.1664e-03)
>> epoch [120/500], runtime:  0.74s, train err: 8.4074e-03 (best: 8.2511e-03/8.1664e-03)
>> epoch [121/500], runtime:  0.74s, train err: 8.4850e-03 (best: 8.2511e-03/8.1664e-03)
>> epoch [122/500], runtime:  0.75s, train err: 8.3540e-03 (best: 8.2511e-03/8.1664e-03)
>> epoch [123/500], runtime:  0.74s, train err: 8.2984e-03 (best: 8.2511e-03/8.1664e-03)
>> epoch [124/500], runtime:  0.73s, train err: 8.3588e-03 (best: 8.2511e-03/8.1664e-03)
>> epoch [125/500], runtime:  0.79s, train err: 8.5971e-03 (best: 8.2511e-03/8.1664e-03)
>> epoch [126/500], runtime:  0.79s, train err: 8.3431e-03 (best: 8.2511e-03/8.1664e-03)
>> epoch [127/500], runtime:  0.82s, train err: 8.5048e-03 (best: 8.2511e-03/8.1664e-03)
>> epoch [128/500], runtime:  0.75s, train err: 8.2855e-03 (best: 8.2511e-03/8.1664e-03)
>> epoch [129/500], runtime:  0.75s, train err: 8.4364e-03 (best: 8.2511e-03/8.1664e-03)
>> epoch [130/500], runtime:  0.75s, train err: 8.3211e-03 (best: 8.2511e-03/8.1664e-03)
>> epoch [131/500], runtime:  0.75s, train err: 8.3371e-03 (best: 8.2511e-03/8.1664e-03)
>> epoch [132/500], runtime:  0.74s, train err: 8.3687e-03 (best: 8.2511e-03/8.1664e-03)
>> epoch [133/500], runtime:  0.74s, train err: 8.2739e-03 (best: 8.2511e-03/8.1664e-03)
>> epoch [134/500], runtime:  0.77s, train err: 8.2657e-03 (best: 8.2511e-03/8.1664e-03)
>> epoch [135/500], runtime:  0.77s, train err: 8.3449e-03 (best: 8.2511e-03/8.1664e-03)
>> epoch [136/500], runtime:  0.76s, train err: 8.3393e-03 (best: 8.2511e-03/8.1664e-03)
>> epoch [137/500], runtime:  0.78s, train err: 8.4036e-03 (best: 8.2511e-03/8.1664e-03)
>> epoch [138/500], runtime:  0.77s, train err: 8.3621e-03 (best: 8.2511e-03/8.1664e-03)
>> epoch [139/500], runtime:  0.76s, train err: 8.3804e-03 (best: 8.2511e-03/8.1664e-03)
>> epoch [140/500], runtime:  0.80s, train err: 8.3177e-03 (best: 8.2511e-03/8.1664e-03)
>> epoch [141/500], runtime:  0.81s, train err: 8.3733e-03 (best: 8.2511e-03/8.1664e-03)
>> epoch [142/500], runtime:  0.78s, train err: 8.5083e-03 (best: 8.2511e-03/8.1664e-03)
>> epoch [143/500], runtime:  0.80s, train err: 8.4573e-03 (best: 8.2511e-03/8.1664e-03)
>> epoch [144/500], runtime:  0.76s, train err: 8.2834e-03 (best: 8.2511e-03/8.1664e-03)
>> epoch [145/500], runtime:  0.77s, train err: 8.3270e-03 (best: 8.2511e-03/8.1664e-03)
>> epoch [146/500], runtime:  0.77s, train err: 8.5297e-03 (best: 8.2511e-03/8.1664e-03)
>> epoch [147/500], runtime:  0.76s, train err: 8.5221e-03 (best: 8.2511e-03/8.1664e-03)
>> epoch [148/500], runtime:  0.74s, train err: 8.2494e-03 (best: 8.2511e-03/8.1664e-03)
>> epoch [149/500], runtime:  0.77s, train err: 8.2387e-03 (best: 8.2511e-03/8.1664e-03)
>> epoch [150/500], runtime:  0.77s, train err: 8.3884e-03 (best: 8.2511e-03/8.1664e-03)
>> epoch [151/500], runtime:  0.78s, train err: 8.1990e-03 (best: 8.2511e-03/8.1664e-03)
>> epoch [152/500], runtime: 0.76s, train err: 8.2064e-03, valid err: 8.1393e-03 , test err: 8.2327e-03
>> epoch [153/500], runtime:  0.75s, train err: 8.2499e-03 (best: 8.2064e-03/8.1393e-03)
>> epoch [154/500], runtime:  0.77s, train err: 8.3137e-03 (best: 8.2064e-03/8.1393e-03)
>> epoch [155/500], runtime:  0.77s, train err: 8.2645e-03 (best: 8.2064e-03/8.1393e-03)
>> epoch [156/500], runtime:  0.77s, train err: 8.2030e-03 (best: 8.2064e-03/8.1393e-03)
>> epoch [157/500], runtime:  0.80s, train err: 8.2317e-03 (best: 8.2064e-03/8.1393e-03)
>> epoch [158/500], runtime:  0.76s, train err: 8.2094e-03 (best: 8.2064e-03/8.1393e-03)
>> epoch [159/500], runtime:  0.77s, train err: 8.2621e-03 (best: 8.2064e-03/8.1393e-03)
>> epoch [160/500], runtime:  0.75s, train err: 8.2099e-03 (best: 8.2064e-03/8.1393e-03)
>> epoch [161/500], runtime:  0.76s, train err: 8.1981e-03 (best: 8.2064e-03/8.1393e-03)
>> epoch [162/500], runtime:  0.77s, train err: 8.1833e-03 (best: 8.2064e-03/8.1393e-03)
>> epoch [163/500], runtime:  0.76s, train err: 8.2327e-03 (best: 8.2064e-03/8.1393e-03)
>> epoch [164/500], runtime:  0.79s, train err: 8.2524e-03 (best: 8.2064e-03/8.1393e-03)
>> epoch [165/500], runtime:  0.77s, train err: 8.2937e-03 (best: 8.2064e-03/8.1393e-03)
>> epoch [166/500], runtime:  0.76s, train err: 8.2843e-03 (best: 8.2064e-03/8.1393e-03)
>> epoch [167/500], runtime:  0.76s, train err: 8.3632e-03 (best: 8.2064e-03/8.1393e-03)
>> epoch [168/500], runtime:  0.77s, train err: 8.2027e-03 (best: 8.2064e-03/8.1393e-03)
>> epoch [169/500], runtime:  0.76s, train err: 8.1933e-03 (best: 8.2064e-03/8.1393e-03)
>> epoch [170/500], runtime:  0.78s, train err: 8.1779e-03 (best: 8.2064e-03/8.1393e-03)
>> epoch [171/500], runtime:  0.77s, train err: 8.2715e-03 (best: 8.2064e-03/8.1393e-03)
>> epoch [172/500], runtime:  0.76s, train err: 8.1996e-03 (best: 8.2064e-03/8.1393e-03)
>> epoch [173/500], runtime:  0.75s, train err: 8.2511e-03 (best: 8.2064e-03/8.1393e-03)
>> epoch [174/500], runtime:  0.75s, train err: 8.1932e-03 (best: 8.2064e-03/8.1393e-03)
>> epoch [175/500], runtime:  0.78s, train err: 8.1727e-03 (best: 8.2064e-03/8.1393e-03)
>> epoch [176/500], runtime:  0.78s, train err: 8.2056e-03 (best: 8.2064e-03/8.1393e-03)
>> epoch [177/500], runtime:  0.79s, train err: 8.2523e-03 (best: 8.2064e-03/8.1393e-03)
>> epoch [178/500], runtime:  0.79s, train err: 8.1753e-03 (best: 8.2064e-03/8.1393e-03)
>> epoch [179/500], runtime: 0.76s, train err: 8.1763e-03, valid err: 8.1265e-03 , test err: 8.2174e-03
>> epoch [180/500], runtime:  0.77s, train err: 8.1867e-03 (best: 8.1763e-03/8.1265e-03)
>> epoch [181/500], runtime:  0.77s, train err: 8.3327e-03 (best: 8.1763e-03/8.1265e-03)
>> epoch [182/500], runtime:  0.76s, train err: 8.2264e-03 (best: 8.1763e-03/8.1265e-03)
>> epoch [183/500], runtime:  0.77s, train err: 8.2946e-03 (best: 8.1763e-03/8.1265e-03)
>> epoch [184/500], runtime:  0.77s, train err: 8.2725e-03 (best: 8.1763e-03/8.1265e-03)
>> epoch [185/500], runtime:  0.77s, train err: 8.1683e-03 (best: 8.1763e-03/8.1265e-03)
>> epoch [186/500], runtime:  0.76s, train err: 8.2314e-03 (best: 8.1763e-03/8.1265e-03)
>> epoch [187/500], runtime:  0.77s, train err: 8.2330e-03 (best: 8.1763e-03/8.1265e-03)
>> epoch [188/500], runtime:  0.79s, train err: 8.2812e-03 (best: 8.1763e-03/8.1265e-03)
>> epoch [189/500], runtime:  0.76s, train err: 8.2092e-03 (best: 8.1763e-03/8.1265e-03)
>> epoch [190/500], runtime:  0.77s, train err: 8.3339e-03 (best: 8.1763e-03/8.1265e-03)
>> epoch [191/500], runtime:  0.76s, train err: 8.1924e-03 (best: 8.1763e-03/8.1265e-03)
>> epoch [192/500], runtime:  0.76s, train err: 8.1962e-03 (best: 8.1763e-03/8.1265e-03)
>> epoch [193/500], runtime:  0.76s, train err: 8.1990e-03 (best: 8.1763e-03/8.1265e-03)
>> epoch [194/500], runtime:  0.77s, train err: 8.3393e-03 (best: 8.1763e-03/8.1265e-03)
>> epoch [195/500], runtime:  0.80s, train err: 8.2049e-03 (best: 8.1763e-03/8.1265e-03)
>> epoch [196/500], runtime:  0.77s, train err: 8.2200e-03 (best: 8.1763e-03/8.1265e-03)
>> epoch [197/500], runtime:  0.76s, train err: 8.1687e-03 (best: 8.1763e-03/8.1265e-03)
>> epoch [198/500], runtime:  0.78s, train err: 8.2330e-03 (best: 8.1763e-03/8.1265e-03)
>> epoch [199/500], runtime:  0.75s, train err: 8.1944e-03 (best: 8.1763e-03/8.1265e-03)
>> epoch [200/500], runtime:  0.74s, train err: 8.1995e-03 (best: 8.1763e-03/8.1265e-03)
>> epoch [201/500], runtime:  0.75s, train err: 8.1664e-03 (best: 8.1763e-03/8.1265e-03)
>> epoch [202/500], runtime: 0.75s, train err: 8.1562e-03, valid err: 8.1189e-03 , test err: 8.2143e-03
>> epoch [203/500], runtime:  0.75s, train err: 8.1384e-03 (best: 8.1562e-03/8.1189e-03)
>> epoch [204/500], runtime:  0.78s, train err: 8.1738e-03 (best: 8.1562e-03/8.1189e-03)
>> epoch [205/500], runtime:  1.00s, train err: 8.1532e-03 (best: 8.1562e-03/8.1189e-03)
>> epoch [206/500], runtime:  1.22s, train err: 8.1674e-03 (best: 8.1562e-03/8.1189e-03)
>> epoch [207/500], runtime:  1.20s, train err: 8.1886e-03 (best: 8.1562e-03/8.1189e-03)
>> epoch [208/500], runtime:  1.21s, train err: 8.1520e-03 (best: 8.1562e-03/8.1189e-03)
>> epoch [209/500], runtime:  1.22s, train err: 8.1586e-03 (best: 8.1562e-03/8.1189e-03)
>> epoch [210/500], runtime:  1.24s, train err: 8.1663e-03 (best: 8.1562e-03/8.1189e-03)
>> epoch [211/500], runtime:  1.20s, train err: 8.2239e-03 (best: 8.1562e-03/8.1189e-03)
>> epoch [212/500], runtime:  1.19s, train err: 8.1883e-03 (best: 8.1562e-03/8.1189e-03)
>> epoch [213/500], runtime:  1.21s, train err: 8.2150e-03 (best: 8.1562e-03/8.1189e-03)
>> epoch [214/500], runtime: 1.21s, train err: 8.1355e-03, valid err: 8.1167e-03 , test err: 8.1843e-03
>> epoch [215/500], runtime:  1.21s, train err: 8.1725e-03 (best: 8.1355e-03/8.1167e-03)
>> epoch [216/500], runtime:  1.22s, train err: 8.1987e-03 (best: 8.1355e-03/8.1167e-03)
>> epoch [217/500], runtime:  1.25s, train err: 8.1760e-03 (best: 8.1355e-03/8.1167e-03)
>> epoch [218/500], runtime:  1.22s, train err: 8.1700e-03 (best: 8.1355e-03/8.1167e-03)
>> epoch [219/500], runtime:  1.22s, train err: 8.1649e-03 (best: 8.1355e-03/8.1167e-03)
>> epoch [220/500], runtime:  1.19s, train err: 8.1263e-03 (best: 8.1355e-03/8.1167e-03)
>> epoch [221/500], runtime:  1.20s, train err: 8.1362e-03 (best: 8.1355e-03/8.1167e-03)
>> epoch [222/500], runtime:  1.20s, train err: 8.1376e-03 (best: 8.1355e-03/8.1167e-03)
>> epoch [223/500], runtime:  1.18s, train err: 8.1784e-03 (best: 8.1355e-03/8.1167e-03)
>> epoch [224/500], runtime:  1.20s, train err: 8.1491e-03 (best: 8.1355e-03/8.1167e-03)
>> epoch [225/500], runtime:  1.21s, train err: 8.1972e-03 (best: 8.1355e-03/8.1167e-03)
>> epoch [226/500], runtime:  1.20s, train err: 8.1931e-03 (best: 8.1355e-03/8.1167e-03)
>> epoch [227/500], runtime:  1.21s, train err: 8.1250e-03 (best: 8.1355e-03/8.1167e-03)
>> epoch [228/500], runtime:  1.20s, train err: 8.1466e-03 (best: 8.1355e-03/8.1167e-03)
>> epoch [229/500], runtime:  1.22s, train err: 8.1648e-03 (best: 8.1355e-03/8.1167e-03)
>> epoch [230/500], runtime:  1.26s, train err: 8.1806e-03 (best: 8.1355e-03/8.1167e-03)
>> epoch [231/500], runtime:  1.28s, train err: 8.1287e-03 (best: 8.1355e-03/8.1167e-03)
>> epoch [232/500], runtime:  1.27s, train err: 8.1842e-03 (best: 8.1355e-03/8.1167e-03)
>> epoch [233/500], runtime:  1.24s, train err: 8.1814e-03 (best: 8.1355e-03/8.1167e-03)
>> epoch [234/500], runtime:  1.25s, train err: 8.1718e-03 (best: 8.1355e-03/8.1167e-03)
>> epoch [235/500], runtime: 1.24s, train err: 8.1309e-03, valid err: 8.0981e-03 , test err: 8.1725e-03
>> epoch [236/500], runtime:  1.27s, train err: 8.1600e-03 (best: 8.1309e-03/8.0981e-03)
>> epoch [237/500], runtime:  1.25s, train err: 8.1369e-03 (best: 8.1309e-03/8.0981e-03)
>> epoch [238/500], runtime:  1.25s, train err: 8.1649e-03 (best: 8.1309e-03/8.0981e-03)
>> epoch [239/500], runtime:  1.25s, train err: 8.1518e-03 (best: 8.1309e-03/8.0981e-03)
>> epoch [240/500], runtime:  1.24s, train err: 8.1566e-03 (best: 8.1309e-03/8.0981e-03)
>> epoch [241/500], runtime:  1.24s, train err: 8.1416e-03 (best: 8.1309e-03/8.0981e-03)
>> epoch [242/500], runtime:  1.25s, train err: 8.1725e-03 (best: 8.1309e-03/8.0981e-03)
>> epoch [243/500], runtime:  1.25s, train err: 8.1520e-03 (best: 8.1309e-03/8.0981e-03)
>> epoch [244/500], runtime:  1.27s, train err: 8.1868e-03 (best: 8.1309e-03/8.0981e-03)
>> epoch [245/500], runtime:  1.25s, train err: 8.1507e-03 (best: 8.1309e-03/8.0981e-03)
>> epoch [246/500], runtime:  1.28s, train err: 8.2170e-03 (best: 8.1309e-03/8.0981e-03)
>> epoch [247/500], runtime:  1.25s, train err: 8.1576e-03 (best: 8.1309e-03/8.0981e-03)
>> epoch [248/500], runtime:  1.25s, train err: 8.1709e-03 (best: 8.1309e-03/8.0981e-03)
>> epoch [249/500], runtime:  1.25s, train err: 8.1429e-03 (best: 8.1309e-03/8.0981e-03)
>> epoch [250/500], runtime:  1.25s, train err: 8.1417e-03 (best: 8.1309e-03/8.0981e-03)
>> epoch [251/500], runtime:  1.24s, train err: 8.1230e-03 (best: 8.1309e-03/8.0981e-03)
>> epoch [252/500], runtime:  1.26s, train err: 8.1098e-03 (best: 8.1309e-03/8.0981e-03)
>> epoch [253/500], runtime: 1.26s, train err: 8.1186e-03, valid err: 8.0975e-03 , test err: 8.1847e-03
>> epoch [254/500], runtime:  1.28s, train err: 8.1121e-03 (best: 8.1186e-03/8.0975e-03)
>> epoch [255/500], runtime:  1.29s, train err: 8.1252e-03 (best: 8.1186e-03/8.0975e-03)
>> epoch [256/500], runtime:  1.26s, train err: 8.1204e-03 (best: 8.1186e-03/8.0975e-03)
>> epoch [257/500], runtime:  1.29s, train err: 8.1210e-03 (best: 8.1186e-03/8.0975e-03)
>> epoch [258/500], runtime:  1.27s, train err: 8.1246e-03 (best: 8.1186e-03/8.0975e-03)
>> epoch [259/500], runtime:  1.31s, train err: 8.1290e-03 (best: 8.1186e-03/8.0975e-03)
>> epoch [260/500], runtime:  1.26s, train err: 8.1226e-03 (best: 8.1186e-03/8.0975e-03)
>> epoch [261/500], runtime: 1.26s, train err: 8.1153e-03, valid err: 8.0902e-03 , test err: 8.1684e-03
>> epoch [262/500], runtime:  1.26s, train err: 8.1087e-03 (best: 8.1153e-03/8.0902e-03)
>> epoch [263/500], runtime:  1.24s, train err: 8.1102e-03 (best: 8.1153e-03/8.0902e-03)
>> epoch [264/500], runtime:  1.25s, train err: 8.1127e-03 (best: 8.1153e-03/8.0902e-03)
>> epoch [265/500], runtime:  1.26s, train err: 8.1309e-03 (best: 8.1153e-03/8.0902e-03)
>> epoch [266/500], runtime:  1.25s, train err: 8.1126e-03 (best: 8.1153e-03/8.0902e-03)
>> epoch [267/500], runtime:  1.23s, train err: 8.1241e-03 (best: 8.1153e-03/8.0902e-03)
>> epoch [268/500], runtime:  1.24s, train err: 8.1524e-03 (best: 8.1153e-03/8.0902e-03)
>> epoch [269/500], runtime:  1.22s, train err: 8.1417e-03 (best: 8.1153e-03/8.0902e-03)
>> epoch [270/500], runtime:  1.20s, train err: 8.1215e-03 (best: 8.1153e-03/8.0902e-03)
>> epoch [271/500], runtime:  1.23s, train err: 8.1059e-03 (best: 8.1153e-03/8.0902e-03)
>> epoch [272/500], runtime:  1.24s, train err: 8.1156e-03 (best: 8.1153e-03/8.0902e-03)
>> epoch [273/500], runtime:  1.23s, train err: 8.1115e-03 (best: 8.1153e-03/8.0902e-03)
>> epoch [274/500], runtime:  1.25s, train err: 8.1131e-03 (best: 8.1153e-03/8.0902e-03)
>> epoch [275/500], runtime:  1.26s, train err: 8.1232e-03 (best: 8.1153e-03/8.0902e-03)
>> epoch [276/500], runtime:  1.26s, train err: 8.1066e-03 (best: 8.1153e-03/8.0902e-03)
>> epoch [277/500], runtime:  1.25s, train err: 8.1274e-03 (best: 8.1153e-03/8.0902e-03)
>> epoch [278/500], runtime:  1.23s, train err: 8.1171e-03 (best: 8.1153e-03/8.0902e-03)
>> epoch [279/500], runtime:  1.23s, train err: 8.1195e-03 (best: 8.1153e-03/8.0902e-03)
>> epoch [280/500], runtime:  1.24s, train err: 8.1267e-03 (best: 8.1153e-03/8.0902e-03)
>> epoch [281/500], runtime:  1.25s, train err: 8.1108e-03 (best: 8.1153e-03/8.0902e-03)
>> epoch [282/500], runtime:  1.25s, train err: 8.1224e-03 (best: 8.1153e-03/8.0902e-03)
>> epoch [283/500], runtime:  1.25s, train err: 8.1157e-03 (best: 8.1153e-03/8.0902e-03)
>> epoch [284/500], runtime:  1.24s, train err: 8.1293e-03 (best: 8.1153e-03/8.0902e-03)
>> epoch [285/500], runtime:  1.24s, train err: 8.1588e-03 (best: 8.1153e-03/8.0902e-03)
>> epoch [286/500], runtime:  1.21s, train err: 8.1967e-03 (best: 8.1153e-03/8.0902e-03)
>> epoch [287/500], runtime:  1.25s, train err: 8.1493e-03 (best: 8.1153e-03/8.0902e-03)
>> epoch [288/500], runtime:  1.24s, train err: 8.1076e-03 (best: 8.1153e-03/8.0902e-03)
>> epoch [289/500], runtime:  1.22s, train err: 8.1159e-03 (best: 8.1153e-03/8.0902e-03)
>> epoch [290/500], runtime:  1.21s, train err: 8.1136e-03 (best: 8.1153e-03/8.0902e-03)
>> epoch [291/500], runtime:  1.21s, train err: 8.0979e-03 (best: 8.1153e-03/8.0902e-03)
>> epoch [292/500], runtime:  1.19s, train err: 8.1276e-03 (best: 8.1153e-03/8.0902e-03)
>> epoch [293/500], runtime:  1.20s, train err: 8.1355e-03 (best: 8.1153e-03/8.0902e-03)
>> epoch [294/500], runtime:  1.25s, train err: 8.1361e-03 (best: 8.1153e-03/8.0902e-03)
>> epoch [295/500], runtime: 1.24s, train err: 8.1095e-03, valid err: 8.0881e-03 , test err: 8.1646e-03
>> epoch [296/500], runtime:  1.28s, train err: 8.1664e-03 (best: 8.1095e-03/8.0881e-03)
>> epoch [297/500], runtime:  1.26s, train err: 8.1507e-03 (best: 8.1095e-03/8.0881e-03)
>> epoch [298/500], runtime:  1.27s, train err: 8.1110e-03 (best: 8.1095e-03/8.0881e-03)
>> epoch [299/500], runtime:  1.25s, train err: 8.1187e-03 (best: 8.1095e-03/8.0881e-03)
>> epoch [300/500], runtime: 1.25s, train err: 8.1086e-03, valid err: 8.0856e-03 , test err: 8.1722e-03
>> epoch [301/500], runtime:  1.24s, train err: 8.0901e-03 (best: 8.1086e-03/8.0856e-03)
>> epoch [302/500], runtime:  1.24s, train err: 8.0994e-03 (best: 8.1086e-03/8.0856e-03)
>> epoch [303/500], runtime:  1.27s, train err: 8.1039e-03 (best: 8.1086e-03/8.0856e-03)
>> epoch [304/500], runtime:  1.23s, train err: 8.0991e-03 (best: 8.1086e-03/8.0856e-03)
>> epoch [305/500], runtime:  1.26s, train err: 8.1119e-03 (best: 8.1086e-03/8.0856e-03)
>> epoch [306/500], runtime:  1.25s, train err: 8.1052e-03 (best: 8.1086e-03/8.0856e-03)
>> epoch [307/500], runtime:  1.24s, train err: 8.0884e-03 (best: 8.1086e-03/8.0856e-03)
>> epoch [308/500], runtime: 1.25s, train err: 8.1037e-03, valid err: 8.0844e-03 , test err: 8.1670e-03
>> epoch [309/500], runtime:  1.24s, train err: 8.0906e-03 (best: 8.1037e-03/8.0844e-03)
>> epoch [310/500], runtime:  1.28s, train err: 8.1010e-03 (best: 8.1037e-03/8.0844e-03)
>> epoch [311/500], runtime:  1.25s, train err: 8.1023e-03 (best: 8.1037e-03/8.0844e-03)
>> epoch [312/500], runtime:  1.29s, train err: 8.0913e-03 (best: 8.1037e-03/8.0844e-03)
>> epoch [313/500], runtime:  1.25s, train err: 8.1170e-03 (best: 8.1037e-03/8.0844e-03)
>> epoch [314/500], runtime: 1.23s, train err: 8.0979e-03, valid err: 8.0786e-03 , test err: 8.1714e-03
>> epoch [315/500], runtime:  1.23s, train err: 8.0996e-03 (best: 8.0979e-03/8.0786e-03)
>> epoch [316/500], runtime:  1.24s, train err: 8.0940e-03 (best: 8.0979e-03/8.0786e-03)
>> epoch [317/500], runtime:  1.26s, train err: 8.0969e-03 (best: 8.0979e-03/8.0786e-03)
>> epoch [318/500], runtime: 1.29s, train err: 8.0890e-03, valid err: 8.0753e-03 , test err: 8.1628e-03
>> epoch [319/500], runtime:  1.25s, train err: 8.0945e-03 (best: 8.0890e-03/8.0753e-03)
>> epoch [320/500], runtime:  1.24s, train err: 8.0982e-03 (best: 8.0890e-03/8.0753e-03)
>> epoch [321/500], runtime:  1.25s, train err: 8.0799e-03 (best: 8.0890e-03/8.0753e-03)
>> epoch [322/500], runtime:  1.25s, train err: 8.1025e-03 (best: 8.0890e-03/8.0753e-03)
>> epoch [323/500], runtime:  1.24s, train err: 8.1000e-03 (best: 8.0890e-03/8.0753e-03)
>> epoch [324/500], runtime:  1.23s, train err: 8.0998e-03 (best: 8.0890e-03/8.0753e-03)
>> epoch [325/500], runtime:  1.23s, train err: 8.0934e-03 (best: 8.0890e-03/8.0753e-03)
>> epoch [326/500], runtime:  1.22s, train err: 8.0911e-03 (best: 8.0890e-03/8.0753e-03)
>> epoch [327/500], runtime:  1.20s, train err: 8.1114e-03 (best: 8.0890e-03/8.0753e-03)
>> epoch [328/500], runtime:  1.23s, train err: 8.0985e-03 (best: 8.0890e-03/8.0753e-03)
>> epoch [329/500], runtime:  1.26s, train err: 8.1058e-03 (best: 8.0890e-03/8.0753e-03)
>> epoch [330/500], runtime:  1.25s, train err: 8.1001e-03 (best: 8.0890e-03/8.0753e-03)
>> epoch [331/500], runtime:  1.25s, train err: 8.1400e-03 (best: 8.0890e-03/8.0753e-03)
>> epoch [332/500], runtime:  1.22s, train err: 8.0938e-03 (best: 8.0890e-03/8.0753e-03)
>> epoch [333/500], runtime:  1.23s, train err: 8.0940e-03 (best: 8.0890e-03/8.0753e-03)
>> epoch [334/500], runtime:  1.21s, train err: 8.0897e-03 (best: 8.0890e-03/8.0753e-03)
>> epoch [335/500], runtime:  1.25s, train err: 8.0855e-03 (best: 8.0890e-03/8.0753e-03)
>> epoch [336/500], runtime:  1.27s, train err: 8.0886e-03 (best: 8.0890e-03/8.0753e-03)
>> epoch [337/500], runtime:  1.26s, train err: 8.0970e-03 (best: 8.0890e-03/8.0753e-03)
>> epoch [338/500], runtime:  1.24s, train err: 8.1130e-03 (best: 8.0890e-03/8.0753e-03)
>> epoch [339/500], runtime:  1.25s, train err: 8.1025e-03 (best: 8.0890e-03/8.0753e-03)
>> epoch [340/500], runtime:  1.22s, train err: 8.0928e-03 (best: 8.0890e-03/8.0753e-03)
>> epoch [341/500], runtime:  1.23s, train err: 8.0923e-03 (best: 8.0890e-03/8.0753e-03)
>> epoch [342/500], runtime:  1.22s, train err: 8.0967e-03 (best: 8.0890e-03/8.0753e-03)
>> epoch [343/500], runtime:  1.24s, train err: 8.0965e-03 (best: 8.0890e-03/8.0753e-03)
>> epoch [344/500], runtime:  1.24s, train err: 8.1026e-03 (best: 8.0890e-03/8.0753e-03)
>> epoch [345/500], runtime:  1.25s, train err: 8.0859e-03 (best: 8.0890e-03/8.0753e-03)
>> epoch [346/500], runtime:  1.24s, train err: 8.1036e-03 (best: 8.0890e-03/8.0753e-03)
>> epoch [347/500], runtime:  1.25s, train err: 8.0881e-03 (best: 8.0890e-03/8.0753e-03)
>> epoch [348/500], runtime:  1.24s, train err: 8.1256e-03 (best: 8.0890e-03/8.0753e-03)
>> epoch [349/500], runtime:  1.22s, train err: 8.1103e-03 (best: 8.0890e-03/8.0753e-03)
>> epoch [350/500], runtime:  1.22s, train err: 8.1470e-03 (best: 8.0890e-03/8.0753e-03)
>> epoch [351/500], runtime:  1.21s, train err: 8.1031e-03 (best: 8.0890e-03/8.0753e-03)
>> epoch [352/500], runtime:  1.21s, train err: 8.0841e-03 (best: 8.0890e-03/8.0753e-03)
>> epoch [353/500], runtime:  1.25s, train err: 8.0857e-03 (best: 8.0890e-03/8.0753e-03)
>> epoch [354/500], runtime:  1.21s, train err: 8.0932e-03 (best: 8.0890e-03/8.0753e-03)
>> epoch [355/500], runtime:  1.20s, train err: 8.0815e-03 (best: 8.0890e-03/8.0753e-03)
>> epoch [356/500], runtime:  1.21s, train err: 8.0871e-03 (best: 8.0890e-03/8.0753e-03)
>> epoch [357/500], runtime:  1.19s, train err: 8.0882e-03 (best: 8.0890e-03/8.0753e-03)
>> epoch [358/500], runtime:  1.20s, train err: 8.0836e-03 (best: 8.0890e-03/8.0753e-03)
>> epoch [359/500], runtime:  1.25s, train err: 8.0932e-03 (best: 8.0890e-03/8.0753e-03)
>> epoch [360/500], runtime:  1.27s, train err: 8.0774e-03 (best: 8.0890e-03/8.0753e-03)
>> epoch [361/500], runtime:  1.25s, train err: 8.0881e-03 (best: 8.0890e-03/8.0753e-03)
>> epoch [362/500], runtime:  1.27s, train err: 8.0839e-03 (best: 8.0890e-03/8.0753e-03)
>> epoch [363/500], runtime:  1.26s, train err: 8.0814e-03 (best: 8.0890e-03/8.0753e-03)
>> epoch [364/500], runtime:  1.23s, train err: 8.0873e-03 (best: 8.0890e-03/8.0753e-03)
>> epoch [365/500], runtime:  1.30s, train err: 8.0805e-03 (best: 8.0890e-03/8.0753e-03)
>> epoch [366/500], runtime:  1.22s, train err: 8.0873e-03 (best: 8.0890e-03/8.0753e-03)
>> epoch [367/500], runtime:  1.26s, train err: 8.0893e-03 (best: 8.0890e-03/8.0753e-03)
>> epoch [368/500], runtime:  1.26s, train err: 8.0883e-03 (best: 8.0890e-03/8.0753e-03)
>> epoch [369/500], runtime:  1.25s, train err: 8.0852e-03 (best: 8.0890e-03/8.0753e-03)
----------------------------------------------------------------------------------------------------
----------------------------------------------------------------------------------------------------
>> ntrain: 80, lr: 0.01, gamma: 0.5, w_d: 0.0001
>> Best train error: 8.0890e-03
>> Best valid error: 8.0753e-03
>> Best test error: 8.1628e-03
>> Best epoch: 317
----------------------------------------------------------------------------------------------------
----------------------------------------------------------------------------------------------------
>> Training Completed!!
