PID: 36440
>> Device being used: cuda (NVIDIA GeForce RTX 4090)
Total number of parameters: 12673
>> Training Mesh resolution: 49x49
>> grid: torch.Size([2401, 2]), edge_index: torch.Size([2, 410273]), edge_attr: torch.Size([410273, 2])
>> Preprocessing completed, time elapsed:  62.43s
>> ntrain: 80, lr: 0.001, gamma: 0.5, w_d: 0.0001
----------------------------------------------------------------------------------------------------
>> epoch [  1/500], runtime: 1.50s, train err: 1.7739e-01, valid err: 1.4741e-01 , test err: 1.5242e-01
>> epoch [  2/500], runtime: 1.22s, train err: 1.1841e-01, valid err: 5.9493e-02 , test err: 6.0144e-02
>> epoch [  3/500], runtime: 1.23s, train err: 1.6482e-02, valid err: 8.5663e-03 , test err: 8.7524e-03
>> epoch [  4/500], runtime: 1.24s, train err: 8.8490e-03, valid err: 8.2592e-03 , test err: 8.4148e-03
>> epoch [  5/500], runtime: 1.22s, train err: 8.5493e-03, valid err: 8.2021e-03 , test err: 8.2970e-03
>> epoch [  6/500], runtime: 1.24s, train err: 8.4041e-03, valid err: 8.1825e-03 , test err: 8.2936e-03
>> epoch [  7/500], runtime:  1.23s, train err: 8.3873e-03 (best: 8.4041e-03/8.1825e-03)
>> epoch [  8/500], runtime:  1.24s, train err: 8.4429e-03 (best: 8.4041e-03/8.1825e-03)
>> epoch [  9/500], runtime:  1.23s, train err: 8.5840e-03 (best: 8.4041e-03/8.1825e-03)
>> epoch [ 10/500], runtime:  1.23s, train err: 8.4836e-03 (best: 8.4041e-03/8.1825e-03)
>> epoch [ 11/500], runtime:  1.25s, train err: 8.5122e-03 (best: 8.4041e-03/8.1825e-03)
>> epoch [ 12/500], runtime:  1.23s, train err: 8.3376e-03 (best: 8.4041e-03/8.1825e-03)
>> epoch [ 13/500], runtime: 1.23s, train err: 8.3582e-03, valid err: 8.1375e-03 , test err: 8.2267e-03
>> epoch [ 14/500], runtime:  1.21s, train err: 8.3286e-03 (best: 8.3582e-03/8.1375e-03)
>> epoch [ 15/500], runtime:  1.19s, train err: 8.5598e-03 (best: 8.3582e-03/8.1375e-03)
>> epoch [ 16/500], runtime:  1.22s, train err: 8.4128e-03 (best: 8.3582e-03/8.1375e-03)
>> epoch [ 17/500], runtime:  1.23s, train err: 8.5070e-03 (best: 8.3582e-03/8.1375e-03)
>> epoch [ 18/500], runtime:  1.20s, train err: 8.4379e-03 (best: 8.3582e-03/8.1375e-03)
>> epoch [ 19/500], runtime:  1.20s, train err: 8.6372e-03 (best: 8.3582e-03/8.1375e-03)
>> epoch [ 20/500], runtime:  1.23s, train err: 8.3243e-03 (best: 8.3582e-03/8.1375e-03)
>> epoch [ 21/500], runtime:  1.24s, train err: 8.3399e-03 (best: 8.3582e-03/8.1375e-03)
>> epoch [ 22/500], runtime:  1.20s, train err: 8.3990e-03 (best: 8.3582e-03/8.1375e-03)
>> epoch [ 23/500], runtime:  1.23s, train err: 8.7328e-03 (best: 8.3582e-03/8.1375e-03)
>> epoch [ 24/500], runtime:  1.28s, train err: 8.6517e-03 (best: 8.3582e-03/8.1375e-03)
>> epoch [ 25/500], runtime:  1.24s, train err: 8.4695e-03 (best: 8.3582e-03/8.1375e-03)
>> epoch [ 26/500], runtime:  1.23s, train err: 8.5577e-03 (best: 8.3582e-03/8.1375e-03)
>> epoch [ 27/500], runtime:  1.22s, train err: 8.3630e-03 (best: 8.3582e-03/8.1375e-03)
>> epoch [ 28/500], runtime:  1.22s, train err: 8.4983e-03 (best: 8.3582e-03/8.1375e-03)
>> epoch [ 29/500], runtime:  1.21s, train err: 8.5254e-03 (best: 8.3582e-03/8.1375e-03)
>> epoch [ 30/500], runtime:  1.21s, train err: 8.6247e-03 (best: 8.3582e-03/8.1375e-03)
>> epoch [ 31/500], runtime:  1.23s, train err: 8.5231e-03 (best: 8.3582e-03/8.1375e-03)
>> epoch [ 32/500], runtime:  1.23s, train err: 8.2542e-03 (best: 8.3582e-03/8.1375e-03)
>> epoch [ 33/500], runtime:  1.22s, train err: 8.5627e-03 (best: 8.3582e-03/8.1375e-03)
>> epoch [ 34/500], runtime:  1.23s, train err: 8.5800e-03 (best: 8.3582e-03/8.1375e-03)
>> epoch [ 35/500], runtime:  1.21s, train err: 8.3799e-03 (best: 8.3582e-03/8.1375e-03)
>> epoch [ 36/500], runtime:  1.24s, train err: 8.4476e-03 (best: 8.3582e-03/8.1375e-03)
>> epoch [ 37/500], runtime:  1.22s, train err: 8.4668e-03 (best: 8.3582e-03/8.1375e-03)
>> epoch [ 38/500], runtime:  1.19s, train err: 8.4609e-03 (best: 8.3582e-03/8.1375e-03)
>> epoch [ 39/500], runtime:  1.21s, train err: 8.6783e-03 (best: 8.3582e-03/8.1375e-03)
>> epoch [ 40/500], runtime:  1.19s, train err: 8.3319e-03 (best: 8.3582e-03/8.1375e-03)
>> epoch [ 41/500], runtime:  1.21s, train err: 8.3463e-03 (best: 8.3582e-03/8.1375e-03)
>> epoch [ 42/500], runtime:  1.20s, train err: 8.4306e-03 (best: 8.3582e-03/8.1375e-03)
>> epoch [ 43/500], runtime:  1.22s, train err: 8.3673e-03 (best: 8.3582e-03/8.1375e-03)
>> epoch [ 44/500], runtime:  1.22s, train err: 8.3917e-03 (best: 8.3582e-03/8.1375e-03)
>> epoch [ 45/500], runtime:  1.22s, train err: 9.2603e-03 (best: 8.3582e-03/8.1375e-03)
>> epoch [ 46/500], runtime:  1.22s, train err: 8.4371e-03 (best: 8.3582e-03/8.1375e-03)
>> epoch [ 47/500], runtime:  1.21s, train err: 8.5076e-03 (best: 8.3582e-03/8.1375e-03)
>> epoch [ 48/500], runtime:  1.23s, train err: 8.6601e-03 (best: 8.3582e-03/8.1375e-03)
>> epoch [ 49/500], runtime:  1.20s, train err: 8.3016e-03 (best: 8.3582e-03/8.1375e-03)
>> epoch [ 50/500], runtime:  1.22s, train err: 8.4145e-03 (best: 8.3582e-03/8.1375e-03)
>> epoch [ 51/500], runtime:  1.20s, train err: 8.4545e-03 (best: 8.3582e-03/8.1375e-03)
>> epoch [ 52/500], runtime: 1.22s, train err: 8.2422e-03, valid err: 8.1280e-03 , test err: 8.2034e-03
>> epoch [ 53/500], runtime:  1.25s, train err: 8.2806e-03 (best: 8.2422e-03/8.1280e-03)
>> epoch [ 54/500], runtime:  1.22s, train err: 8.2757e-03 (best: 8.2422e-03/8.1280e-03)
>> epoch [ 55/500], runtime:  1.23s, train err: 8.3607e-03 (best: 8.2422e-03/8.1280e-03)
>> epoch [ 56/500], runtime:  1.24s, train err: 8.3366e-03 (best: 8.2422e-03/8.1280e-03)
>> epoch [ 57/500], runtime:  1.22s, train err: 8.2353e-03 (best: 8.2422e-03/8.1280e-03)
>> epoch [ 58/500], runtime:  1.26s, train err: 8.2051e-03 (best: 8.2422e-03/8.1280e-03)
>> epoch [ 59/500], runtime:  1.21s, train err: 8.2989e-03 (best: 8.2422e-03/8.1280e-03)
>> epoch [ 60/500], runtime:  1.21s, train err: 8.2096e-03 (best: 8.2422e-03/8.1280e-03)
>> epoch [ 61/500], runtime:  1.22s, train err: 8.2740e-03 (best: 8.2422e-03/8.1280e-03)
>> epoch [ 62/500], runtime:  1.22s, train err: 8.2380e-03 (best: 8.2422e-03/8.1280e-03)
>> epoch [ 63/500], runtime:  1.27s, train err: 8.3211e-03 (best: 8.2422e-03/8.1280e-03)
>> epoch [ 64/500], runtime:  1.27s, train err: 8.2492e-03 (best: 8.2422e-03/8.1280e-03)
>> epoch [ 65/500], runtime:  1.28s, train err: 8.2457e-03 (best: 8.2422e-03/8.1280e-03)
>> epoch [ 66/500], runtime: 1.29s, train err: 8.2253e-03, valid err: 8.1158e-03 , test err: 8.2114e-03
>> epoch [ 67/500], runtime:  1.24s, train err: 8.2806e-03 (best: 8.2253e-03/8.1158e-03)
>> epoch [ 68/500], runtime:  1.25s, train err: 8.3608e-03 (best: 8.2253e-03/8.1158e-03)
>> epoch [ 69/500], runtime:  1.25s, train err: 8.2498e-03 (best: 8.2253e-03/8.1158e-03)
>> epoch [ 70/500], runtime:  1.25s, train err: 8.2852e-03 (best: 8.2253e-03/8.1158e-03)
>> epoch [ 71/500], runtime:  1.24s, train err: 8.4159e-03 (best: 8.2253e-03/8.1158e-03)
>> epoch [ 72/500], runtime:  1.27s, train err: 8.2651e-03 (best: 8.2253e-03/8.1158e-03)
>> epoch [ 73/500], runtime:  1.23s, train err: 8.2975e-03 (best: 8.2253e-03/8.1158e-03)
>> epoch [ 74/500], runtime:  1.24s, train err: 8.5667e-03 (best: 8.2253e-03/8.1158e-03)
>> epoch [ 75/500], runtime:  1.22s, train err: 8.2965e-03 (best: 8.2253e-03/8.1158e-03)
>> epoch [ 76/500], runtime:  1.26s, train err: 8.2746e-03 (best: 8.2253e-03/8.1158e-03)
>> epoch [ 77/500], runtime:  1.26s, train err: 8.3009e-03 (best: 8.2253e-03/8.1158e-03)
>> epoch [ 78/500], runtime:  1.22s, train err: 8.2546e-03 (best: 8.2253e-03/8.1158e-03)
>> epoch [ 79/500], runtime:  1.23s, train err: 8.4309e-03 (best: 8.2253e-03/8.1158e-03)
>> epoch [ 80/500], runtime:  1.23s, train err: 8.4665e-03 (best: 8.2253e-03/8.1158e-03)
>> epoch [ 81/500], runtime:  1.24s, train err: 8.1919e-03 (best: 8.2253e-03/8.1158e-03)
>> epoch [ 82/500], runtime:  1.23s, train err: 8.2664e-03 (best: 8.2253e-03/8.1158e-03)
>> epoch [ 83/500], runtime:  1.22s, train err: 8.2470e-03 (best: 8.2253e-03/8.1158e-03)
>> epoch [ 84/500], runtime:  1.24s, train err: 8.2221e-03 (best: 8.2253e-03/8.1158e-03)
>> epoch [ 85/500], runtime:  1.28s, train err: 8.2206e-03 (best: 8.2253e-03/8.1158e-03)
>> epoch [ 86/500], runtime:  1.25s, train err: 8.5094e-03 (best: 8.2253e-03/8.1158e-03)
>> epoch [ 87/500], runtime:  1.23s, train err: 8.4037e-03 (best: 8.2253e-03/8.1158e-03)
>> epoch [ 88/500], runtime:  1.26s, train err: 8.3819e-03 (best: 8.2253e-03/8.1158e-03)
>> epoch [ 89/500], runtime:  1.25s, train err: 8.2465e-03 (best: 8.2253e-03/8.1158e-03)
>> epoch [ 90/500], runtime:  1.26s, train err: 8.5083e-03 (best: 8.2253e-03/8.1158e-03)
>> epoch [ 91/500], runtime:  1.33s, train err: 8.2491e-03 (best: 8.2253e-03/8.1158e-03)
>> epoch [ 92/500], runtime:  1.27s, train err: 8.2119e-03 (best: 8.2253e-03/8.1158e-03)
>> epoch [ 93/500], runtime:  1.23s, train err: 8.3373e-03 (best: 8.2253e-03/8.1158e-03)
>> epoch [ 94/500], runtime:  1.21s, train err: 8.4986e-03 (best: 8.2253e-03/8.1158e-03)
>> epoch [ 95/500], runtime:  1.26s, train err: 8.2120e-03 (best: 8.2253e-03/8.1158e-03)
>> epoch [ 96/500], runtime:  1.28s, train err: 8.1920e-03 (best: 8.2253e-03/8.1158e-03)
>> epoch [ 97/500], runtime:  1.26s, train err: 8.3627e-03 (best: 8.2253e-03/8.1158e-03)
>> epoch [ 98/500], runtime:  1.20s, train err: 8.2631e-03 (best: 8.2253e-03/8.1158e-03)
>> epoch [ 99/500], runtime:  1.22s, train err: 8.3454e-03 (best: 8.2253e-03/8.1158e-03)
>> epoch [100/500], runtime:  1.22s, train err: 8.3045e-03 (best: 8.2253e-03/8.1158e-03)
>> epoch [101/500], runtime:  1.20s, train err: 8.1930e-03 (best: 8.2253e-03/8.1158e-03)
>> epoch [102/500], runtime:  1.22s, train err: 8.3301e-03 (best: 8.2253e-03/8.1158e-03)
>> epoch [103/500], runtime: 1.22s, train err: 8.1635e-03, valid err: 8.1147e-03 , test err: 8.1897e-03
>> epoch [104/500], runtime:  1.25s, train err: 8.1828e-03 (best: 8.1635e-03/8.1147e-03)
>> epoch [105/500], runtime:  1.20s, train err: 8.1884e-03 (best: 8.1635e-03/8.1147e-03)
>> epoch [106/500], runtime: 1.18s, train err: 8.1511e-03, valid err: 8.1083e-03 , test err: 8.1851e-03
>> epoch [107/500], runtime:  1.18s, train err: 8.2623e-03 (best: 8.1511e-03/8.1083e-03)
>> epoch [108/500], runtime:  1.22s, train err: 8.2360e-03 (best: 8.1511e-03/8.1083e-03)
>> epoch [109/500], runtime:  1.19s, train err: 8.2157e-03 (best: 8.1511e-03/8.1083e-03)
>> epoch [110/500], runtime:  1.18s, train err: 8.1974e-03 (best: 8.1511e-03/8.1083e-03)
>> epoch [111/500], runtime:  1.16s, train err: 8.1733e-03 (best: 8.1511e-03/8.1083e-03)
>> epoch [112/500], runtime:  1.19s, train err: 8.1943e-03 (best: 8.1511e-03/8.1083e-03)
>> epoch [113/500], runtime:  1.27s, train err: 8.1959e-03 (best: 8.1511e-03/8.1083e-03)
>> epoch [114/500], runtime:  1.18s, train err: 8.2220e-03 (best: 8.1511e-03/8.1083e-03)
>> epoch [115/500], runtime:  1.22s, train err: 8.2085e-03 (best: 8.1511e-03/8.1083e-03)
>> epoch [116/500], runtime:  1.21s, train err: 8.2425e-03 (best: 8.1511e-03/8.1083e-03)
>> epoch [117/500], runtime:  1.23s, train err: 8.3011e-03 (best: 8.1511e-03/8.1083e-03)
>> epoch [118/500], runtime:  1.23s, train err: 8.2412e-03 (best: 8.1511e-03/8.1083e-03)
>> epoch [119/500], runtime:  1.24s, train err: 8.3211e-03 (best: 8.1511e-03/8.1083e-03)
>> epoch [120/500], runtime:  1.21s, train err: 8.1783e-03 (best: 8.1511e-03/8.1083e-03)
>> epoch [121/500], runtime:  1.20s, train err: 8.2782e-03 (best: 8.1511e-03/8.1083e-03)
>> epoch [122/500], runtime:  1.21s, train err: 8.2025e-03 (best: 8.1511e-03/8.1083e-03)
>> epoch [123/500], runtime:  1.21s, train err: 8.2447e-03 (best: 8.1511e-03/8.1083e-03)
>> epoch [124/500], runtime:  1.23s, train err: 8.1517e-03 (best: 8.1511e-03/8.1083e-03)
>> epoch [125/500], runtime:  1.24s, train err: 8.1995e-03 (best: 8.1511e-03/8.1083e-03)
>> epoch [126/500], runtime:  1.20s, train err: 8.1694e-03 (best: 8.1511e-03/8.1083e-03)
>> epoch [127/500], runtime:  1.22s, train err: 8.1906e-03 (best: 8.1511e-03/8.1083e-03)
>> epoch [128/500], runtime:  1.20s, train err: 8.1925e-03 (best: 8.1511e-03/8.1083e-03)
>> epoch [129/500], runtime:  1.22s, train err: 8.2118e-03 (best: 8.1511e-03/8.1083e-03)
>> epoch [130/500], runtime:  1.23s, train err: 8.1937e-03 (best: 8.1511e-03/8.1083e-03)
>> epoch [131/500], runtime:  1.22s, train err: 8.1872e-03 (best: 8.1511e-03/8.1083e-03)
>> epoch [132/500], runtime:  1.22s, train err: 8.1967e-03 (best: 8.1511e-03/8.1083e-03)
>> epoch [133/500], runtime:  1.22s, train err: 8.1933e-03 (best: 8.1511e-03/8.1083e-03)
>> epoch [134/500], runtime:  1.19s, train err: 8.1586e-03 (best: 8.1511e-03/8.1083e-03)
>> epoch [135/500], runtime:  1.22s, train err: 8.2482e-03 (best: 8.1511e-03/8.1083e-03)
>> epoch [136/500], runtime:  1.22s, train err: 8.1966e-03 (best: 8.1511e-03/8.1083e-03)
>> epoch [137/500], runtime:  1.23s, train err: 8.2648e-03 (best: 8.1511e-03/8.1083e-03)
>> epoch [138/500], runtime:  1.21s, train err: 8.2687e-03 (best: 8.1511e-03/8.1083e-03)
>> epoch [139/500], runtime:  1.22s, train err: 8.2041e-03 (best: 8.1511e-03/8.1083e-03)
>> epoch [140/500], runtime:  1.20s, train err: 8.1894e-03 (best: 8.1511e-03/8.1083e-03)
>> epoch [141/500], runtime:  1.21s, train err: 8.2783e-03 (best: 8.1511e-03/8.1083e-03)
>> epoch [142/500], runtime:  1.21s, train err: 8.1910e-03 (best: 8.1511e-03/8.1083e-03)
>> epoch [143/500], runtime:  1.25s, train err: 8.2966e-03 (best: 8.1511e-03/8.1083e-03)
>> epoch [144/500], runtime:  1.24s, train err: 8.1498e-03 (best: 8.1511e-03/8.1083e-03)
>> epoch [145/500], runtime:  1.23s, train err: 8.2708e-03 (best: 8.1511e-03/8.1083e-03)
>> epoch [146/500], runtime:  1.24s, train err: 8.1331e-03 (best: 8.1511e-03/8.1083e-03)
>> epoch [147/500], runtime:  1.21s, train err: 8.1726e-03 (best: 8.1511e-03/8.1083e-03)
>> epoch [148/500], runtime:  1.24s, train err: 8.1701e-03 (best: 8.1511e-03/8.1083e-03)
>> epoch [149/500], runtime:  1.22s, train err: 8.1984e-03 (best: 8.1511e-03/8.1083e-03)
>> epoch [150/500], runtime:  1.21s, train err: 8.2941e-03 (best: 8.1511e-03/8.1083e-03)
>> epoch [151/500], runtime:  1.19s, train err: 8.2013e-03 (best: 8.1511e-03/8.1083e-03)
>> epoch [152/500], runtime:  1.24s, train err: 8.1529e-03 (best: 8.1511e-03/8.1083e-03)
>> epoch [153/500], runtime:  1.19s, train err: 8.1476e-03 (best: 8.1511e-03/8.1083e-03)
>> epoch [154/500], runtime: 1.22s, train err: 8.1177e-03, valid err: 8.1007e-03 , test err: 8.1744e-03
>> epoch [155/500], runtime:  1.22s, train err: 8.1465e-03 (best: 8.1177e-03/8.1007e-03)
>> epoch [156/500], runtime:  1.22s, train err: 8.1505e-03 (best: 8.1177e-03/8.1007e-03)
>> epoch [157/500], runtime:  1.22s, train err: 8.1812e-03 (best: 8.1177e-03/8.1007e-03)
>> epoch [158/500], runtime:  1.21s, train err: 8.1399e-03 (best: 8.1177e-03/8.1007e-03)
>> epoch [159/500], runtime:  1.20s, train err: 8.1167e-03 (best: 8.1177e-03/8.1007e-03)
>> epoch [160/500], runtime:  1.22s, train err: 8.1453e-03 (best: 8.1177e-03/8.1007e-03)
>> epoch [161/500], runtime:  1.21s, train err: 8.1361e-03 (best: 8.1177e-03/8.1007e-03)
>> epoch [162/500], runtime:  1.17s, train err: 8.1573e-03 (best: 8.1177e-03/8.1007e-03)
>> epoch [163/500], runtime:  1.20s, train err: 8.1880e-03 (best: 8.1177e-03/8.1007e-03)
>> epoch [164/500], runtime:  1.21s, train err: 8.1511e-03 (best: 8.1177e-03/8.1007e-03)
>> epoch [165/500], runtime:  1.24s, train err: 8.1111e-03 (best: 8.1177e-03/8.1007e-03)
>> epoch [166/500], runtime:  1.19s, train err: 8.1490e-03 (best: 8.1177e-03/8.1007e-03)
>> epoch [167/500], runtime:  1.22s, train err: 8.1178e-03 (best: 8.1177e-03/8.1007e-03)
>> epoch [168/500], runtime:  1.18s, train err: 8.1347e-03 (best: 8.1177e-03/8.1007e-03)
>> epoch [169/500], runtime:  1.21s, train err: 8.1487e-03 (best: 8.1177e-03/8.1007e-03)
>> epoch [170/500], runtime:  1.19s, train err: 8.1356e-03 (best: 8.1177e-03/8.1007e-03)
>> epoch [171/500], runtime:  1.23s, train err: 8.1331e-03 (best: 8.1177e-03/8.1007e-03)
>> epoch [172/500], runtime:  1.22s, train err: 8.1972e-03 (best: 8.1177e-03/8.1007e-03)
>> epoch [173/500], runtime:  1.20s, train err: 8.2297e-03 (best: 8.1177e-03/8.1007e-03)
>> epoch [174/500], runtime:  1.19s, train err: 8.1336e-03 (best: 8.1177e-03/8.1007e-03)
>> epoch [175/500], runtime:  1.20s, train err: 8.1351e-03 (best: 8.1177e-03/8.1007e-03)
>> epoch [176/500], runtime:  1.23s, train err: 8.1778e-03 (best: 8.1177e-03/8.1007e-03)
>> epoch [177/500], runtime: 1.17s, train err: 8.1129e-03, valid err: 8.0821e-03 , test err: 8.1681e-03
>> epoch [178/500], runtime:  1.19s, train err: 8.1681e-03 (best: 8.1129e-03/8.0821e-03)
>> epoch [179/500], runtime:  1.21s, train err: 8.1263e-03 (best: 8.1129e-03/8.0821e-03)
>> epoch [180/500], runtime:  1.20s, train err: 8.1572e-03 (best: 8.1129e-03/8.0821e-03)
>> epoch [181/500], runtime:  1.21s, train err: 8.1439e-03 (best: 8.1129e-03/8.0821e-03)
>> epoch [182/500], runtime:  1.21s, train err: 8.1474e-03 (best: 8.1129e-03/8.0821e-03)
>> epoch [183/500], runtime:  1.24s, train err: 8.1930e-03 (best: 8.1129e-03/8.0821e-03)
>> epoch [184/500], runtime:  1.26s, train err: 8.2491e-03 (best: 8.1129e-03/8.0821e-03)
>> epoch [185/500], runtime:  1.24s, train err: 8.2649e-03 (best: 8.1129e-03/8.0821e-03)
>> epoch [186/500], runtime:  1.24s, train err: 8.1802e-03 (best: 8.1129e-03/8.0821e-03)
>> epoch [187/500], runtime:  1.24s, train err: 8.1398e-03 (best: 8.1129e-03/8.0821e-03)
>> epoch [188/500], runtime:  1.24s, train err: 8.1589e-03 (best: 8.1129e-03/8.0821e-03)
>> epoch [189/500], runtime:  1.23s, train err: 8.1835e-03 (best: 8.1129e-03/8.0821e-03)
>> epoch [190/500], runtime:  1.22s, train err: 8.1272e-03 (best: 8.1129e-03/8.0821e-03)
>> epoch [191/500], runtime:  1.23s, train err: 8.1534e-03 (best: 8.1129e-03/8.0821e-03)
>> epoch [192/500], runtime:  1.23s, train err: 8.1210e-03 (best: 8.1129e-03/8.0821e-03)
>> epoch [193/500], runtime:  1.22s, train err: 8.1264e-03 (best: 8.1129e-03/8.0821e-03)
>> epoch [194/500], runtime:  1.23s, train err: 8.1515e-03 (best: 8.1129e-03/8.0821e-03)
>> epoch [195/500], runtime:  1.17s, train err: 8.1526e-03 (best: 8.1129e-03/8.0821e-03)
>> epoch [196/500], runtime:  1.19s, train err: 8.1596e-03 (best: 8.1129e-03/8.0821e-03)
>> epoch [197/500], runtime:  1.21s, train err: 8.1731e-03 (best: 8.1129e-03/8.0821e-03)
>> epoch [198/500], runtime:  1.19s, train err: 8.1369e-03 (best: 8.1129e-03/8.0821e-03)
>> epoch [199/500], runtime:  1.24s, train err: 8.1639e-03 (best: 8.1129e-03/8.0821e-03)
>> epoch [200/500], runtime:  1.21s, train err: 8.1489e-03 (best: 8.1129e-03/8.0821e-03)
>> epoch [201/500], runtime:  1.20s, train err: 8.1036e-03 (best: 8.1129e-03/8.0821e-03)
>> epoch [202/500], runtime:  1.20s, train err: 8.1196e-03 (best: 8.1129e-03/8.0821e-03)
>> epoch [203/500], runtime:  1.22s, train err: 8.1057e-03 (best: 8.1129e-03/8.0821e-03)
>> epoch [204/500], runtime:  1.23s, train err: 8.1222e-03 (best: 8.1129e-03/8.0821e-03)
>> epoch [205/500], runtime:  1.26s, train err: 8.1072e-03 (best: 8.1129e-03/8.0821e-03)
>> epoch [206/500], runtime:  1.23s, train err: 8.1114e-03 (best: 8.1129e-03/8.0821e-03)
>> epoch [207/500], runtime:  1.23s, train err: 8.0961e-03 (best: 8.1129e-03/8.0821e-03)
>> epoch [208/500], runtime:  1.24s, train err: 8.1164e-03 (best: 8.1129e-03/8.0821e-03)
>> epoch [209/500], runtime:  1.20s, train err: 8.1535e-03 (best: 8.1129e-03/8.0821e-03)
>> epoch [210/500], runtime:  1.22s, train err: 8.1034e-03 (best: 8.1129e-03/8.0821e-03)
>> epoch [211/500], runtime:  1.19s, train err: 8.1354e-03 (best: 8.1129e-03/8.0821e-03)
>> epoch [212/500], runtime:  1.18s, train err: 8.1350e-03 (best: 8.1129e-03/8.0821e-03)
>> epoch [213/500], runtime:  1.24s, train err: 8.1497e-03 (best: 8.1129e-03/8.0821e-03)
>> epoch [214/500], runtime:  1.22s, train err: 8.1244e-03 (best: 8.1129e-03/8.0821e-03)
>> epoch [215/500], runtime:  1.21s, train err: 8.1038e-03 (best: 8.1129e-03/8.0821e-03)
>> epoch [216/500], runtime:  1.19s, train err: 8.1135e-03 (best: 8.1129e-03/8.0821e-03)
>> epoch [217/500], runtime:  1.23s, train err: 8.1030e-03 (best: 8.1129e-03/8.0821e-03)
>> epoch [218/500], runtime:  1.27s, train err: 8.1246e-03 (best: 8.1129e-03/8.0821e-03)
>> epoch [219/500], runtime:  1.21s, train err: 8.1146e-03 (best: 8.1129e-03/8.0821e-03)
>> epoch [220/500], runtime:  1.21s, train err: 8.0995e-03 (best: 8.1129e-03/8.0821e-03)
>> epoch [221/500], runtime:  1.23s, train err: 8.1036e-03 (best: 8.1129e-03/8.0821e-03)
>> epoch [222/500], runtime: 1.22s, train err: 8.1023e-03, valid err: 8.0784e-03 , test err: 8.1604e-03
>> epoch [223/500], runtime:  1.23s, train err: 8.1176e-03 (best: 8.1023e-03/8.0784e-03)
>> epoch [224/500], runtime:  1.20s, train err: 8.1176e-03 (best: 8.1023e-03/8.0784e-03)
>> epoch [225/500], runtime:  1.24s, train err: 8.1064e-03 (best: 8.1023e-03/8.0784e-03)
>> epoch [226/500], runtime:  1.20s, train err: 8.1016e-03 (best: 8.1023e-03/8.0784e-03)
>> epoch [227/500], runtime:  0.85s, train err: 8.1620e-03 (best: 8.1023e-03/8.0784e-03)
>> epoch [228/500], runtime:  0.75s, train err: 8.1059e-03 (best: 8.1023e-03/8.0784e-03)
>> epoch [229/500], runtime:  0.76s, train err: 8.1090e-03 (best: 8.1023e-03/8.0784e-03)
>> epoch [230/500], runtime: 0.75s, train err: 8.0934e-03, valid err: 8.0737e-03 , test err: 8.1623e-03
>> epoch [231/500], runtime:  0.75s, train err: 8.1014e-03 (best: 8.0934e-03/8.0737e-03)
>> epoch [232/500], runtime:  0.75s, train err: 8.0930e-03 (best: 8.0934e-03/8.0737e-03)
>> epoch [233/500], runtime:  0.75s, train err: 8.1121e-03 (best: 8.0934e-03/8.0737e-03)
>> epoch [234/500], runtime:  0.76s, train err: 8.1245e-03 (best: 8.0934e-03/8.0737e-03)
>> epoch [235/500], runtime:  0.76s, train err: 8.1050e-03 (best: 8.0934e-03/8.0737e-03)
>> epoch [236/500], runtime:  0.77s, train err: 8.1061e-03 (best: 8.0934e-03/8.0737e-03)
>> epoch [237/500], runtime:  0.77s, train err: 8.1109e-03 (best: 8.0934e-03/8.0737e-03)
>> epoch [238/500], runtime:  0.76s, train err: 8.0958e-03 (best: 8.0934e-03/8.0737e-03)
>> epoch [239/500], runtime:  0.74s, train err: 8.1018e-03 (best: 8.0934e-03/8.0737e-03)
>> epoch [240/500], runtime:  0.76s, train err: 8.0998e-03 (best: 8.0934e-03/8.0737e-03)
>> epoch [241/500], runtime:  0.76s, train err: 8.1043e-03 (best: 8.0934e-03/8.0737e-03)
>> epoch [242/500], runtime:  0.76s, train err: 8.1219e-03 (best: 8.0934e-03/8.0737e-03)
>> epoch [243/500], runtime:  0.75s, train err: 8.1015e-03 (best: 8.0934e-03/8.0737e-03)
>> epoch [244/500], runtime:  0.74s, train err: 8.1196e-03 (best: 8.0934e-03/8.0737e-03)
>> epoch [245/500], runtime:  0.74s, train err: 8.0959e-03 (best: 8.0934e-03/8.0737e-03)
>> epoch [246/500], runtime:  0.75s, train err: 8.1188e-03 (best: 8.0934e-03/8.0737e-03)
>> epoch [247/500], runtime:  0.75s, train err: 8.1426e-03 (best: 8.0934e-03/8.0737e-03)
>> epoch [248/500], runtime:  0.75s, train err: 8.1228e-03 (best: 8.0934e-03/8.0737e-03)
>> epoch [249/500], runtime:  0.76s, train err: 8.1260e-03 (best: 8.0934e-03/8.0737e-03)
>> epoch [250/500], runtime:  0.74s, train err: 8.1017e-03 (best: 8.0934e-03/8.0737e-03)
>> epoch [251/500], runtime:  0.74s, train err: 8.1110e-03 (best: 8.0934e-03/8.0737e-03)
>> epoch [252/500], runtime:  0.75s, train err: 8.0897e-03 (best: 8.0934e-03/8.0737e-03)
>> epoch [253/500], runtime:  0.74s, train err: 8.0908e-03 (best: 8.0934e-03/8.0737e-03)
>> epoch [254/500], runtime:  0.73s, train err: 8.1086e-03 (best: 8.0934e-03/8.0737e-03)
>> epoch [255/500], runtime:  0.73s, train err: 8.0910e-03 (best: 8.0934e-03/8.0737e-03)
>> epoch [256/500], runtime:  0.73s, train err: 8.0927e-03 (best: 8.0934e-03/8.0737e-03)
>> epoch [257/500], runtime:  0.73s, train err: 8.0862e-03 (best: 8.0934e-03/8.0737e-03)
>> epoch [258/500], runtime:  0.74s, train err: 8.0948e-03 (best: 8.0934e-03/8.0737e-03)
>> epoch [259/500], runtime:  0.73s, train err: 8.0880e-03 (best: 8.0934e-03/8.0737e-03)
>> epoch [260/500], runtime:  0.73s, train err: 8.0989e-03 (best: 8.0934e-03/8.0737e-03)
>> epoch [261/500], runtime:  0.74s, train err: 8.0829e-03 (best: 8.0934e-03/8.0737e-03)
>> epoch [262/500], runtime:  0.73s, train err: 8.0979e-03 (best: 8.0934e-03/8.0737e-03)
>> epoch [263/500], runtime:  0.74s, train err: 8.0912e-03 (best: 8.0934e-03/8.0737e-03)
>> epoch [264/500], runtime:  0.74s, train err: 8.0821e-03 (best: 8.0934e-03/8.0737e-03)
>> epoch [265/500], runtime:  0.73s, train err: 8.1055e-03 (best: 8.0934e-03/8.0737e-03)
>> epoch [266/500], runtime:  0.74s, train err: 8.0877e-03 (best: 8.0934e-03/8.0737e-03)
>> epoch [267/500], runtime:  0.72s, train err: 8.0873e-03 (best: 8.0934e-03/8.0737e-03)
>> epoch [268/500], runtime:  0.72s, train err: 8.0948e-03 (best: 8.0934e-03/8.0737e-03)
>> epoch [269/500], runtime:  0.74s, train err: 8.0869e-03 (best: 8.0934e-03/8.0737e-03)
>> epoch [270/500], runtime:  0.74s, train err: 8.0928e-03 (best: 8.0934e-03/8.0737e-03)
>> epoch [271/500], runtime:  0.74s, train err: 8.1133e-03 (best: 8.0934e-03/8.0737e-03)
>> epoch [272/500], runtime:  0.75s, train err: 8.0777e-03 (best: 8.0934e-03/8.0737e-03)
>> epoch [273/500], runtime:  0.74s, train err: 8.0935e-03 (best: 8.0934e-03/8.0737e-03)
>> epoch [274/500], runtime:  0.74s, train err: 8.0904e-03 (best: 8.0934e-03/8.0737e-03)
>> epoch [275/500], runtime:  0.75s, train err: 8.0965e-03 (best: 8.0934e-03/8.0737e-03)
>> epoch [276/500], runtime:  0.74s, train err: 8.0891e-03 (best: 8.0934e-03/8.0737e-03)
>> epoch [277/500], runtime:  0.75s, train err: 8.1028e-03 (best: 8.0934e-03/8.0737e-03)
>> epoch [278/500], runtime:  0.75s, train err: 8.1032e-03 (best: 8.0934e-03/8.0737e-03)
>> epoch [279/500], runtime:  0.76s, train err: 8.0962e-03 (best: 8.0934e-03/8.0737e-03)
>> epoch [280/500], runtime:  0.74s, train err: 8.0940e-03 (best: 8.0934e-03/8.0737e-03)
>> epoch [281/500], runtime:  0.75s, train err: 8.0991e-03 (best: 8.0934e-03/8.0737e-03)
----------------------------------------------------------------------------------------------------
----------------------------------------------------------------------------------------------------
>> ntrain: 80, lr: 0.001, gamma: 0.5, w_d: 0.0001
>> Best train error: 8.0934e-03
>> Best valid error: 8.0737e-03
>> Best test error: 8.1623e-03
>> Best epoch: 229
----------------------------------------------------------------------------------------------------
----------------------------------------------------------------------------------------------------
>> Training Completed!!
