PID: 44247
PID: 44247
8 18.512908935546875
9 36.54854917526245
10 54.51433205604553
11 72.60095381736755
12 90.78949308395386
13 108.86803102493286
14 127.07423663139343
15 145.20769143104553
16 196.94798684120178
17 275.1184494495392
18 371.90278148651123
19 486.7130982875824
20 615.0701396465302
21 738.217894077301
22 893.7780714035034
23 1051.4689099788666
24 1213.669998884201
25 1371.0457181930542
26 1510.6974656581879
27 1635.9709150791168
28 1742.939049243927
29 1842.0670218467712
30 1921.6999380588531
31 1982.4293956756592
32 1999.1729865074158
33 2016.5730273723602
34 2034.641493320465
35 2052.625414133072
36 2070.3912127017975
37 2088.5715930461884
38 2107.018976688385
39 2125.363196849823
40 2143.4671812057495
0: err_max: 6.784992859221184e-09, time: 2143.48 s
8 18.146849155426025
9 36.25883650779724
10 54.10531735420227
11 72.0044813156128
12 90.2151415348053
13 108.37684845924377
14 126.40944576263428
15 144.6693708896637
16 195.80141353607178
17 274.0558879375458
18 370.24870705604553
19 484.31326031684875
20 612.4433460235596
21 735.5192487239838
22 891.043803691864
23 1048.4712584018707
24 1212.086844921112
25 1371.233957529068
26 1512.2897853851318
27 1639.1795649528503
28 1746.7252337932587
29 1847.052822113037
30 1927.6068272590637
31 1989.6920251846313
32 2008.0240228176117
33 2026.2659854888916
34 2044.5400524139404
35 2062.9858207702637
36 2081.480694293976
37 2099.8472249507904
38 2118.150207042694
39 2136.586492538452
40 2155.232284784317
1: err_max: 8.359718875472488e-09, time: 2155.24 s
8 18.245730876922607
9 36.37060785293579
10 54.30488657951355
11 72.41324663162231
12 90.61100506782532
13 108.61161231994629
14 126.56283378601074
15 144.87004399299622
16 196.6830644607544
17 274.5496816635132
18 370.44103145599365
19 484.2466881275177
20 611.946626663208
21 734.7812099456787
22 890.5139906406403
23 1047.2051224708557
24 1210.287919998169
25 1368.17715549469
26 1507.213373184204
27 1632.21719789505
28 1739.2100870609283
29 1838.2407777309418
30 1917.9388356208801
31 1979.5372910499573
32 1997.7334871292114
33 2016.1596870422363
34 2034.4713819026947
35 2052.7990942001343
36 2071.327334165573
37 2089.7806062698364
38 2108.132677078247
39 2126.5667929649353
40 2145.1015400886536
2: err_max: 1.0694933263652451e-10, time: 2145.21 s
8 17.66815495491028
9 35.27535367012024
10 52.897029399871826
11 70.62687087059021
12 88.56198263168335
13 106.336745262146
14 124.38814878463745
15 142.46493244171143
16 193.47128629684448
17 271.7903883457184
18 368.1214687824249
19 482.1340570449829
20 610.4523296356201
21 733.3113787174225
22 889.4263317584991
23 1047.3237500190735
24 1211.2395963668823
25 1370.4776711463928
26 1511.2034657001495
27 1637.0910258293152
28 1744.500797510147
29 1843.870500087738
30 1923.2787401676178
31 1984.8794136047363
32 2002.8893084526062
33 2020.8864424228668
34 2039.0164067745209
35 2057.1983942985535
36 2075.433036327362
37 2093.4430997371674
38 2111.3989946842194
39 2129.746512413025
40 2148.236793279648
3: err_max: 5.924858596795257e-09, time: 2148.25 s
8 18.156129121780396
9 36.495819330215454
10 54.99313306808472
11 73.35692644119263
12 91.58269762992859
13 110.0094940662384
14 128.49217891693115
15 146.82600235939026
16 198.51074719429016
17 276.60696148872375
18 372.566034078598
19 486.44865345954895
20 614.275360584259
21 737.1936013698578
22 893.0030117034912
23 1049.9515178203583
24 1213.2178089618683
25 1371.6968190670013
26 1512.2722744941711
27 1638.3010513782501
28 1745.601417541504
29 1844.8877205848694
30 1924.746056318283
31 1986.4898827075958
32 2004.3309683799744
33 2022.3424546718597
34 2040.389317035675
35 2058.1226890087128
36 2075.496333360672
37 2093.054960489273
38 2110.551191806793
39 2128.120991230011
40 2145.535795688629
4: err_max: 4.997283073460146e-09, time: 2145.55 s
8 17.808156728744507
9 35.567553758621216
10 53.530035972595215
11 71.28781056404114
12 89.11288189888
13 107.31027245521545
14 125.52576065063477
15 143.3958191871643
16 195.14450907707214
17 273.490718126297
18 370.04096126556396
19 483.6744945049286
20 612.2023079395294
21 736.1479783058167
22 892.8849608898163
23 1050.190682888031
24 1213.7074530124664
25 1372.7622408866882
26 1512.976220369339
27 1638.3782048225403
28 1745.5714657306671
29 1844.7074682712555
30 1924.2838475704193
31 1985.584478378296
32 2003.0860786437988
33 2020.8642046451569
34 2038.789428949356
35 2056.174124956131
36 2074.0154869556427
37 2092.030410051346
38 2109.9639694690704
39 2128.018449306488
40 2145.8362753391266
5: err_max: 3.505245647558719e-09, time: 2145.85 s
8 17.818430185317993
9 35.77748084068298
10 53.83376741409302
11 71.78095626831055
12 89.50805354118347
13 107.15374112129211
14 124.97865390777588
15 142.77044939994812
16 194.2280797958374
17 271.95758295059204
18 366.8527512550354
19 480.961966753006
20 608.9427165985107
21 732.2393453121185
22 888.4803867340088
23 1045.701295375824
24 1208.8077986240387
25 1367.3294205665588
26 1506.9935121536255
27 1633.7730553150177
28 1741.2778387069702
29 1840.5524933338165
30 1920.1530177593231
31 1981.7849571704865
32 1999.7721133232117
33 2017.5329203605652
34 2035.085175037384
35 2053.096493959427
36 2071.02419257164
37 2088.607514858246
38 2105.902804374695
39 2123.7020347118378
40 2141.6820120811462
6: err_max: 8.182017674496223e-09, time: 2141.72 s
8 17.843777894973755
9 35.506991386413574
10 53.07459282875061
11 70.81070852279663
12 88.56091475486755
13 106.26844525337219
14 124.09363293647766
15 142.1061897277832
16 193.27255725860596
17 269.57079887390137
18 365.44751954078674
19 479.9416642189026
20 608.2326798439026
21 731.2438411712646
22 886.3387875556946
23 1043.274415254593
24 1205.6962022781372
25 1363.1028411388397
26 1503.3202533721924
27 1628.8799197673798
28 1736.3951053619385
29 1835.5974156856537
30 1915.2334470748901
31 1977.1461164951324
32 1995.542057275772
33 2013.7739861011505
34 2031.901559829712
35 2050.2101266384125
36 2068.576647043228
37 2086.789175748825
38 2104.7588534355164
39 2122.970717906952
40 2141.2832152843475
7: err_max: 6.928088817914624e-09, time: 2141.30 s
8 15.62504529953003
9 31.15417194366455
10 47.19391226768494
11 63.213703870773315
12 78.93519687652588
13 95.12844204902649
14 111.19678115844727
15 128.01670956611633
16 178.6296091079712
17 255.24042677879333
18 349.76134181022644
19 463.29000782966614
20 589.790326833725
21 711.6455371379852
22 867.0312995910645
23 1023.7287545204163
24 1186.413906097412
25 1344.425005197525
26 1484.4164690971375
27 1609.7177143096924
28 1716.8606050014496
29 1815.7842381000519
30 1895.192034959793
31 1956.4089848995209
32 1974.1123840808868
33 1991.8605620861053
34 2009.4635438919067
35 2026.9565479755402
36 2044.419873714447
37 2061.954070329666
38 2079.4156579971313
39 2096.727034330368
40 2113.9459240436554
8: err_max: 8.40497826892772e-09, time: 2113.98 s
8 17.092636346817017
9 34.67649292945862
10 52.58077907562256
11 70.3367280960083
12 87.97141098976135
13 105.61429142951965
14 123.7545518875122
15 142.10218143463135
16 193.5876705646515
17 271.3250563144684
18 367.37689208984375
19 481.8013207912445
20 610.2844548225403
21 733.6811051368713
22 888.7928330898285
23 1044.8480875492096
24 1209.0244858264923
25 1368.5135927200317
26 1509.31991648674
27 1635.590840101242
28 1742.9380218982697
29 1842.2648878097534
30 1922.4211790561676
31 1984.3650259971619
32 2002.0874848365784
33 2019.8574666976929
34 2037.9737961292267
35 2056.021726846695
36 2073.861058950424
37 2090.989523410797
38 2108.229363679886
39 2125.9446296691895
40 2143.7197620868683
9: err_max: 5.4741075526665295e-09, time: 2143.78 s
8.40497826892772e-09
