/home/u2025010169/PROJECT/BlatzKo_2d/generate_data/analytical_u/ex2_batch.py:177: IntegrationWarning: The algorithm does not converge.  Roundoff error is detected
  in the extrapolation table.  It is assumed that the requested tolerance
  cannot be achieved, and that the returned result (if full_output = 1) is 
  the best which can be obtained.
  I_1[k], err1 = integrate.quad(fk_1, 0, delta, epsabs=1e-10, epsrel=1e-10)
PID: 39407
PID: 39407
8 6.098177194595337
9 12.196686744689941
10 18.29619789123535
11 24.399076461791992
12 30.507575511932373
13 36.61753582954407
14 42.72934889793396
15 48.84024477005005
16 88.59666991233826
17 154.97041153907776
18 239.88625192642212
19 342.3047604560852
20 458.5587420463562
21 570.5172717571259
22 714.425746679306
23 859.993768453598
24 1011.3164410591125
25 1156.7952136993408
26 1285.4421517848969
27 1398.362033367157
28 1493.9164793491364
29 1581.2885537147522
30 1649.295884847641
31 1699.2227637767792
32 1705.327341556549
33 1711.433228969574
34 1717.5476155281067
35 1723.6605575084686
36 1729.77521109581
37 1735.8879520893097
38 1742.0106859207153
39 1748.1168274879456
40 1754.2161917686462
0: err_max: 9.999667760496322e-11, time: 1754.22 s
8 6.081490516662598
9 12.171176433563232
10 18.26199960708618
11 24.3548264503479
12 30.449610233306885
13 36.55018854141235
14 42.651163816452026
15 48.754230976104736
16 88.59272265434265
17 154.7268364429474
18 239.16053771972656
19 341.52248096466064
20 457.70635652542114
21 569.2265701293945
22 713.1818635463715
23 859.0023868083954
24 1010.4931786060333
25 1156.8987715244293
26 1285.8030507564545
27 1399.6005733013153
28 1495.0598154067993
29 1582.3720626831055
30 1650.6745555400848
31 1700.5889525413513
32 1706.7051162719727
33 1712.822756767273
34 1718.9372453689575
35 1725.0563139915466
36 1731.1796400547028
37 1737.297803401947
38 1743.4175894260406
39 1749.5368201732635
40 1755.6482713222504
1: err_max: 9.999997127976717e-11, time: 1755.65 s
8 6.075228452682495
9 12.152080059051514
10 18.232999563217163
11 24.31789755821228
12 30.407461166381836
13 36.50220799446106
14 42.59616947174072
15 48.68978238105774
16 88.54891920089722
17 154.70236825942993
18 239.2798490524292
19 341.3320987224579
20 457.3332374095917
21 568.1514918804169
22 711.936689376831
23 857.3369414806366
24 1009.135892868042
25 1155.1074872016907
26 1283.8053591251373
27 1397.012422323227
28 1492.4244961738586
29 1579.6903960704803
30 1647.4066655635834
31 1696.5293531417847
32 1702.6279153823853
33 1708.7273225784302
34 1714.8329694271088
35 1720.93683385849
36 1727.0435197353363
37 1733.1534082889557
38 1739.256758928299
39 1745.360933303833
40 1751.459464788437
2: err_max: 9.999636535473755e-11, time: 1751.46 s
8 6.0550336837768555
9 12.110544204711914
10 18.163191318511963
11 24.22192358970642
12 30.291547775268555
13 36.361785888671875
14 42.43664765357971
15 48.515140533447266
16 88.2428629398346
17 154.1475489139557
18 238.38766646385193
19 340.0819547176361
20 455.4005596637726
21 565.3955364227295
22 708.3694686889648
23 853.2570960521698
24 1004.3047752380371
25 1149.6977710723877
26 1277.6644732952118
27 1390.377202987671
28 1485.5649256706238
29 1572.2955956459045
30 1640.0605239868164
31 1689.8101313114166
32 1695.8909196853638
33 1701.9718277454376
34 1708.054047346115
35 1714.1326360702515
36 1720.2138390541077
37 1726.287380695343
38 1732.3591299057007
39 1738.432097196579
40 1744.5090787410736
3: err_max: 9.999246393030542e-11, time: 1744.52 s
8 6.050621747970581
9 12.10413670539856
10 18.15702533721924
11 24.217886447906494
12 30.288209438323975
13 36.352824211120605
14 42.429250955581665
15 48.50667357444763
16 87.8161883354187
17 153.48338842391968
18 237.58716249465942
19 339.3241250514984
20 454.5994634628296
21 565.6722557544708
22 707.4599847793579
23 851.824517250061
24 1002.6133763790131
25 1148.200397491455
26 1276.3801681995392
27 1389.451750278473
28 1484.2472002506256
29 1570.8660900592804
30 1638.5638954639435
31 1688.2187769412994
32 1694.2842099666595
33 1700.3507044315338
34 1706.4110851287842
35 1712.4787781238556
36 1718.5430240631104
37 1724.607836484909
38 1730.6715097427368
39 1736.7410678863525
40 1742.8028433322906
4: err_max: 9.575051682086944e-09, time: 1742.81 s
8 6.058273553848267
9 12.11742091178894
10 18.175775051116943
11 24.23465347290039
12 30.297812461853027
13 36.361769676208496
14 42.435975074768066
15 48.51354217529297
16 88.07832837104797
17 153.7610261440277
18 237.6825692653656
19 339.3322591781616
20 454.87949085235596
21 565.7885613441467
22 708.9957945346832
23 853.4777674674988
24 1004.6461873054504
25 1150.2190322875977
26 1278.4835138320923
27 1391.6120264530182
28 1486.5763518810272
29 1573.357905626297
30 1641.2852692604065
31 1691.063194990158
32 1697.1450157165527
33 1703.228637456894
34 1709.313730955124
35 1715.392472743988
36 1721.4774334430695
37 1727.5654525756836
38 1733.656606912613
39 1739.7407388687134
40 1745.8227808475494
5: err_max: 9.999830000509413e-11, time: 1745.83 s
8 6.075911283493042
9 12.153332233428955
10 18.22515106201172
11 24.295902967453003
12 30.37107753753662
13 36.451184034347534
14 42.53289270401001
15 48.61814761161804
16 88.31329464912415
17 154.3695991039276
18 238.6576271057129
19 340.609659910202
20 456.0889184474945
21 565.8062100410461
22 708.5926740169525
23 853.1185073852539
24 1004.0948622226715
25 1149.2477078437805
26 1277.1675350666046
27 1390.1032373905182
28 1485.1942348480225
29 1572.1868376731873
30 1640.2987747192383
31 1690.259345293045
32 1696.351455450058
33 1702.4443588256836
34 1708.5297636985779
35 1714.6204054355621
36 1720.7123775482178
37 1726.8038766384125
38 1732.8906960487366
39 1738.9747848510742
40 1745.0646319389343
6: err_max: 9.999919035191818e-11, time: 1745.16 s
8 6.056570768356323
9 12.112999677658081
10 18.171857118606567
11 24.236361742019653
12 30.30731177330017
13 36.379005670547485
14 42.45564866065979
15 48.52955150604248
16 88.1985092163086
17 153.9747211933136
18 238.0285632610321
19 339.66762495040894
20 455.2801766395569
21 566.3006498813629
22 709.5742492675781
23 854.5402450561523
24 1005.9905724525452
25 1151.557796239853
26 1280.0800034999847
27 1393.2472207546234
28 1488.3635575771332
29 1575.287742614746
30 1643.3344922065735
31 1693.0287690162659
32 1699.1134543418884
33 1705.2005169391632
34 1711.2875514030457
35 1717.3738510608673
36 1723.4622962474823
37 1729.5441319942474
38 1735.6276454925537
39 1741.7072057724
40 1747.7893435955048
7: err_max: 9.999962836959586e-11, time: 1747.85 s
8 6.044466972351074
9 12.092687368392944
10 18.14370083808899
11 24.196424961090088
12 30.25442934036255
13 36.31370162963867
14 42.374427795410156
15 48.44756817817688
16 88.11435294151306
17 154.0149703025818
18 238.2748076915741
19 340.07168841362
20 455.5319883823395
21 566.6566979885101
22 709.991358757019
23 854.7489485740662
24 1005.803056716919
25 1151.2919337749481
26 1279.2540123462677
27 1392.4992744922638
28 1487.4549555778503
29 1574.2715079784393
30 1642.0845606327057
31 1691.7550654411316
32 1697.8398082256317
33 1703.9257032871246
34 1710.0085799694061
35 1716.0939049720764
36 1722.1844637393951
37 1728.2760157585144
38 1734.3604266643524
39 1740.4411597251892
40 1746.5214276313782
8: err_max: 9.086606449909551e-09, time: 1746.52 s
8 6.065295696258545
9 12.133294820785522
10 18.202711820602417
11 24.28345012664795
12 30.36430311203003
13 36.439369678497314
14 42.51736640930176
15 48.598196029663086
16 88.36219787597656
17 154.08157062530518
18 237.019136428833
19 338.3775792121887
20 453.7584698200226
21 564.9557363986969
22 708.1070239543915
23 853.1287307739258
24 1004.2003061771393
25 1149.729387998581
26 1277.8448791503906
27 1390.6375300884247
28 1485.6570637226105
29 1572.448186159134
30 1640.4917471408844
31 1690.1439454555511
32 1696.230174779892
33 1702.3158929347992
34 1708.3985323905945
35 1714.4771523475647
36 1720.5624332427979
37 1726.6447019577026
38 1732.728596687317
39 1738.8086004257202
40 1744.8886270523071
9: err_max: 9.999952432449192e-11, time: 1744.90 s
9.575051682086944e-09
