PID: 48044
PID: 48044
8 19.14721965789795
9 37.91266679763794
10 56.601152420043945
11 75.39081072807312
12 94.30276346206665
13 113.10572338104248
14 132.015798330307
15 150.88064169883728
16 204.68687391281128
17 285.963983297348
18 386.51088523864746
19 505.7015960216522
20 638.9100079536438
21 766.6626522541046
22 927.9106087684631
23 1091.1255168914795
24 1259.1984605789185
25 1422.3525404930115
26 1566.9488706588745
27 1696.6725769042969
28 1807.502188205719
29 1910.2758719921112
30 1992.7402529716492
31 2055.62304186821
32 2072.964770078659
33 2090.9771060943604
34 2109.6732404232025
35 2128.2987656593323
36 2146.7103102207184
37 2165.540001630783
38 2184.646604537964
39 2203.6509578227997
40 2222.3944416046143
0: err_max: 6.784992859221184e-09, time: 2222.43 s
8 18.78896951675415
9 37.55946636199951
10 56.05953645706177
11 74.5916075706482
12 93.44504594802856
13 112.26356291770935
14 130.9454686641693
15 149.85624027252197
16 202.75938034057617
17 283.7664682865143
18 383.38212990760803
19 501.50590348243713
20 634.364928483963
21 761.8316893577576
22 922.7200710773468
23 1085.6395182609558
24 1254.8521976470947
25 1419.5427153110504
26 1565.4173331260681
27 1697.268557548523
28 1808.3768229484558
29 1910.986302614212
30 1994.1553835868835
31 2058.360008955002
32 2077.310568332672
33 2096.15869641304
34 2115.025625228882
35 2134.093397140503
36 2153.2111914157867
37 2172.195016860962
38 2191.1223089694977
39 2210.1828997135162
40 2229.4654755592346
1: err_max: 8.359718875472488e-09, time: 2229.47 s
8 18.88107419013977
9 37.63097310066223
10 56.20582699775696
11 74.92702007293701
12 93.75818133354187
13 112.37414979934692
14 130.95239067077637
15 149.88417267799377
16 203.49312472343445
17 283.9632041454315
18 383.06310510635376
19 500.6749122142792
20 632.7211360931396
21 759.7400901317596
22 920.7819285392761
23 1082.655580997467
24 1251.2237484455109
25 1414.3918375968933
26 1558.0528388023376
27 1687.1782042980194
28 1797.8077480793
29 1900.1848673820496
30 1982.4971821308136
31 2046.2304136753082
32 2065.086225748062
33 2084.146551847458
34 2103.073027610779
35 2122.007938861847
36 2141.1809380054474
37 2160.265858888626
38 2179.23948264122
39 2198.304489850998
40 2217.463228225708
2: err_max: 1.0694933263652451e-10, time: 2217.80 s
8 18.251720428466797
9 36.44459104537964
10 54.63350510597229
11 72.96544456481934
12 91.4900336265564
13 109.84633255004883
14 128.4707899093628
15 147.1480689048767
16 199.865469455719
17 280.77941370010376
18 380.3055417537689
19 498.15365052223206
20 630.7270133495331
21 757.6789677143097
22 919.174323797226
23 1082.5793719291687
24 1251.9847042560577
25 1416.6994013786316
26 1562.275517463684
27 1693.010898590088
28 1804.204286813736
29 1907.0539667606354
30 1989.253366947174
31 2053.081654071808
32 2071.736195087433
33 2090.394254207611
34 2109.2018945217133
35 2128.0586216449738
36 2146.9532186985016
37 2165.617029428482
38 2184.207378387451
39 2203.2024538517
40 2222.349809885025
3: err_max: 5.924858596795257e-09, time: 2222.36 s
8 18.779189586639404
9 37.74874663352966
10 56.87827777862549
11 75.85357785224915
12 94.69717693328857
13 113.75657725334167
14 132.8714439868927
15 151.86123943328857
16 205.36739706993103
17 286.15011978149414
18 385.4982771873474
19 503.28235840797424
20 635.4675998687744
21 762.6149368286133
22 923.82350897789
23 1086.1772000789642
24 1255.9849920272827
25 1420.3787519931793
26 1566.1378335952759
27 1696.7149746418
28 1807.9326763153076
29 1910.800405740738
30 1993.5885319709778
31 2057.6166656017303
32 2076.125438451767
33 2094.780963420868
34 2113.467678308487
35 2131.871502637863
36 2149.8888397216797
37 2168.098536014557
38 2186.2555890083313
39 2204.450042247772
40 2222.5019533634186
4: err_max: 4.997283073460146e-09, time: 2222.82 s
8 18.476573705673218
9 36.89419078826904
10 55.52354836463928
11 73.95765352249146
12 92.42625141143799
13 111.28626227378845
14 130.1487250328064
15 148.62607550621033
16 202.1288981437683
17 283.20300698280334
18 383.207515001297
19 500.99980759620667
20 634.1396143436432
21 762.4830379486084
22 924.7426946163177
23 1087.6579854488373
24 1257.075436592102
25 1421.8359117507935
26 1566.9745910167694
27 1697.3702855110168
28 1808.422396659851
29 1911.060465335846
30 1993.5305755138397
31 2057.019013404846
32 2075.170625925064
33 2093.6041169166565
34 2112.13556432724
35 2130.136139154434
36 2148.6454248428345
37 2167.319186449051
38 2185.9071345329285
39 2204.5752170085907
40 2223.046089410782
5: err_max: 3.505245647558719e-09, time: 2223.06 s
8 18.39900517463684
9 36.98738932609558
10 55.66880130767822
11 74.22935438156128
12 92.53089118003845
13 110.79000234603882
14 129.22358465194702
15 147.62715339660645
16 200.85863947868347
17 281.17150616645813
18 379.3099875450134
19 497.1594588756561
20 629.3728485107422
21 756.7618229389191
22 918.2230911254883
23 1080.581533908844
24 1249.0043954849243
25 1412.6913232803345
26 1557.08522439003
27 1688.0379271507263
28 1799.1523387432098
29 1901.6521756649017
30 1983.8623583316803
31 2047.5763635635376
32 2066.18084859848
33 2084.563777923584
34 2102.722869157791
35 2121.372992515564
36 2139.9128289222717
37 2158.0733931064606
38 2175.9627108573914
39 2194.36416888237
40 2212.964940071106
6: err_max: 8.182017674496223e-09, time: 2213.38 s
8 18.479429721832275
9 36.78651547431946
10 54.999674797058105
11 73.44050478935242
12 91.81740999221802
13 110.16006064414978
14 128.62534880638123
15 147.27196049690247
16 200.2435073852539
17 279.1830384731293
18 378.3423297405243
19 496.92654299736023
20 629.6864237785339
21 757.1684091091156
22 917.9786150455475
23 1080.4934861660004
24 1248.6890585422516
25 1411.7563998699188
26 1557.0278449058533
27 1687.0471575260162
28 1798.5902256965637
29 1901.300330877304
30 1983.8007023334503
31 2047.920908689499
32 2066.973432779312
33 2085.823302745819
34 2104.5943310260773
35 2123.5517389774323
36 2142.5420548915863
37 2161.3959951400757
38 2179.9770562648773
39 2198.817864894867
40 2217.769725084305
7: err_max: 6.928088817914624e-09, time: 2217.96 s
8 16.18186378479004
9 32.27121424674988
10 48.881850719451904
11 65.4624433517456
12 81.73759627342224
13 98.51100182533264
14 115.15875291824341
15 132.56427645683289
16 184.9458019733429
17 264.19977593421936
18 362.2024128437042
19 479.89339232444763
20 611.0164513587952
21 737.2794065475464
22 898.2296726703644
23 1060.4552941322327
24 1229.093183517456
25 1392.8669395446777
26 1537.8934977054596
27 1667.7134890556335
28 1779.2763452529907
29 1881.8842282295227
30 1964.0958967208862
31 2027.4946863651276
32 2045.8346719741821
33 2064.2101860046387
34 2082.417934656143
35 2100.5115089416504
36 2118.576644420624
37 2136.7324833869934
38 2154.8192558288574
39 2172.7496519088745
40 2190.5685651302338
8: err_max: 8.40497826892772e-09, time: 2190.98 s
8 17.676096439361572
9 35.88810396194458
10 54.39450407028198
11 72.77202439308167
12 91.01254868507385
13 109.26790595054626
14 128.04385352134705
15 147.03413152694702
16 200.31100058555603
17 280.71234250068665
18 380.15363121032715
19 498.6604571342468
20 631.4787487983704
21 759.057320356369
22 919.3764057159424
23 1080.7360365390778
24 1250.1036682128906
25 1414.94797873497
26 1560.701621055603
27 1691.3520436286926
28 1802.84055352211
29 1905.5737657546997
30 1988.4568183422089
31 2052.4281141757965
32 2070.7500438690186
33 2089.1348848342896
34 2107.8973903656006
35 2126.5871438980103
36 2145.0625035762787
37 2162.8143689632416
38 2180.663383960724
39 2199.0273904800415
40 2217.4366612434387
9: err_max: 5.4741075526665295e-09, time: 2217.62 s
8.40497826892772e-09
