/home/u2025010169/PROJECT/BlatzKo_2d/generate_data/analytical_u/ex2_batch.py:177: IntegrationWarning: The algorithm does not converge.  Roundoff error is detected
  in the extrapolation table.  It is assumed that the requested tolerance
  cannot be achieved, and that the returned result (if full_output = 1) is 
  the best which can be obtained.
  I_1[k], err1 = integrate.quad(fk_1, 0, delta, epsabs=1e-10, epsrel=1e-10)
PID: 47728
PID: 47728
8 6.321726322174072
9 12.64295744895935
10 18.966781854629517
11 25.29130482673645
12 31.616733074188232
13 37.943846464157104
14 44.26916980743408
15 50.61000061035156
16 91.62325096130371
17 159.35948061943054
18 246.78556632995605
19 352.79373836517334
20 473.06201219558716
21 588.6743011474609
22 737.329651594162
23 887.5847516059875
24 1044.3876476287842
25 1195.9295375347137
26 1329.5854399204254
27 1447.4754428863525
28 1546.2563242912292
29 1636.7771768569946
30 1707.4535386562347
31 1759.3004319667816
32 1765.6353154182434
33 1771.970561504364
34 1778.2969369888306
35 1784.6296861171722
36 1790.9645504951477
37 1797.2913513183594
38 1803.6225445270538
39 1809.9541103839874
40 1816.2747519016266
0: err_max: 9.99889133036617e-11, time: 1816.28 s
8 6.320720672607422
9 12.645787239074707
10 18.965590000152588
11 25.28824210166931
12 31.61430335044861
13 37.94109559059143
14 44.26640582084656
15 50.596813917160034
16 91.79528427124023
17 160.25260877609253
18 247.64874267578125
19 353.40433859825134
20 473.6564886569977
21 589.2401444911957
22 738.0970854759216
23 888.5759196281433
24 1046.1933295726776
25 1198.0108127593994
26 1331.7635190486908
27 1449.6228272914886
28 1548.7175314426422
29 1639.3095211982727
30 1710.1132307052612
31 1761.2573783397675
32 1767.5959553718567
33 1773.9393372535706
34 1780.2829928398132
35 1786.6220257282257
36 1792.9643874168396
37 1799.3023450374603
38 1805.64213514328
39 1811.9900019168854
40 1818.333493232727
1: err_max: 9.999831327174064e-11, time: 1818.34 s
8 6.308799743652344
9 12.621547937393188
10 18.937462091445923
11 25.259347438812256
12 31.588730812072754
13 37.91882038116455
14 44.247074604034424
15 50.57549452781677
16 90.95339560508728
17 159.09951066970825
18 246.84038949012756
19 352.6405222415924
20 472.4262833595276
21 587.4726462364197
22 736.087363243103
23 886.5624816417694
24 1043.5640745162964
25 1194.533245563507
26 1327.2491726875305
27 1444.4550750255585
28 1543.0887887477875
29 1633.305281162262
30 1703.7973940372467
31 1755.4037175178528
32 1761.7266743183136
33 1768.0399141311646
34 1774.3501617908478
35 1780.661533355713
36 1786.9737770557404
37 1793.2857592105865
38 1799.605547428131
39 1805.915772676468
40 1812.230511188507
2: err_max: 9.99958500850438e-11, time: 1812.23 s
8 6.291037082672119
9 12.580520868301392
10 18.873798608779907
11 25.16390895843506
12 31.454643487930298
13 37.75146675109863
14 44.048359870910645
15 50.354488134384155
16 91.57332372665405
17 159.98928356170654
18 247.49935793876648
19 353.09493136405945
20 472.9158601760864
21 587.8895163536072
22 736.381208896637
23 886.3055775165558
24 1042.6607525348663
25 1193.311005115509
26 1326.5111548900604
27 1443.8421490192413
28 1541.9206614494324
29 1631.9326930046082
30 1702.322212934494
31 1753.9177250862122
32 1760.2346172332764
33 1766.540682554245
34 1772.8495993614197
35 1779.15686917305
36 1785.4629509449005
37 1791.7713561058044
38 1798.0834248065948
39 1804.391239643097
40 1810.6952321529388
3: err_max: 9.999927357094736e-11, time: 1810.91 s
8 6.289466381072998
9 12.580260753631592
10 18.87325429916382
11 25.161482334136963
12 31.455044746398926
13 37.75530028343201
14 44.049275636672974
15 50.345948457717896
16 91.5450279712677
17 159.94553327560425
18 247.38198900222778
19 352.97579622268677
20 472.8592405319214
21 588.0764708518982
22 735.7777621746063
23 885.9100246429443
24 1042.8051273822784
25 1193.7007186412811
26 1326.354290008545
27 1443.2717039585114
28 1541.8341979980469
29 1632.022099494934
30 1702.4607973098755
31 1753.929215669632
32 1760.2410278320312
33 1766.5545554161072
34 1772.8670270442963
35 1779.1798770427704
36 1785.4937951564789
37 1791.811880350113
38 1798.12953042984
39 1804.4476816654205
40 1810.757958650589
4: err_max: 9.999840000720466e-11, time: 1810.76 s
8 6.299234628677368
9 12.606156587600708
10 18.910667657852173
11 25.215344429016113
12 31.524156093597412
13 37.83181142807007
14 44.14064931869507
15 50.453490018844604
16 91.68612623214722
17 159.3299217224121
18 246.79109621047974
19 353.3755488395691
20 473.30247807502747
21 588.6806399822235
22 737.0210428237915
23 886.5971896648407
24 1043.128707408905
25 1194.4282925128937
26 1328.192348241806
27 1446.3210091590881
28 1545.135568857193
29 1635.6150028705597
30 1706.5512731075287
31 1758.2710258960724
32 1764.6085069179535
33 1770.944295167923
34 1777.27956032753
35 1783.6184978485107
36 1789.9624140262604
37 1796.3057239055634
38 1802.6479287147522
39 1808.9846897125244
40 1815.3211431503296
5: err_max: 9.533532671635037e-09, time: 1815.32 s
8 6.328429698944092
9 12.668676853179932
10 19.004794359207153
11 25.336357593536377
12 31.67273187637329
13 38.01224899291992
14 44.35067391395569
15 50.695303201675415
16 91.01749324798584
17 159.58012461662292
18 247.17465615272522
19 353.13037109375
20 473.6741371154785
21 589.2586054801941
22 738.7621941566467
23 890.200918674469
24 1048.2042894363403
25 1200.9615564346313
26 1334.904027223587
27 1452.7977669239044
28 1551.8301510810852
29 1642.104820728302
30 1713.018663406372
31 1764.9387984275818
32 1771.2865438461304
33 1777.6399784088135
34 1783.9908158779144
35 1790.3411331176758
36 1796.6925137043
37 1803.040671825409
38 1809.3835735321045
39 1815.7299590110779
40 1822.0746331214905
6: err_max: 9.998579405829516e-11, time: 1822.43 s
8 6.309642314910889
9 12.619227886199951
10 18.931806802749634
11 25.249717712402344
12 31.571603775024414
13 37.89514493942261
14 44.21180558204651
15 50.53351855278015
16 91.70804953575134
17 159.82749009132385
18 246.276349067688
19 351.05943965911865
20 470.2774410247803
21 584.2528119087219
22 732.8861117362976
23 883.6904282569885
24 1041.1129343509674
25 1192.6584186553955
26 1326.1224632263184
27 1443.9233677387238
28 1542.7468252182007
29 1633.1317467689514
30 1703.870359659195
31 1755.6596376895905
32 1761.9934895038605
33 1768.3278272151947
34 1774.6593284606934
35 1780.9925425052643
36 1787.3235592842102
37 1793.6499264240265
38 1799.9789762496948
39 1806.3132359981537
40 1812.6403172016144
7: err_max: 9.999154282347433e-11, time: 1812.64 s
8 6.293571472167969
9 12.59476351737976
10 18.88837742805481
11 25.1823410987854
12 31.484069347381592
13 37.79261255264282
14 44.100220918655396
15 50.427998781204224
16 91.60885429382324
17 159.95525670051575
18 247.02261972427368
19 353.56480717658997
20 473.6863417625427
21 588.9608097076416
22 737.7995116710663
23 888.4702360630035
24 1045.7250995635986
25 1197.0270519256592
26 1330.4747219085693
27 1447.7611503601074
28 1546.0472702980042
29 1635.9723842144012
30 1706.4517741203308
31 1758.1865191459656
32 1764.5045685768127
33 1770.8252339363098
34 1777.1449871063232
35 1783.4635944366455
36 1789.7818274497986
37 1796.0972728729248
38 1802.4159786701202
39 1808.7345678806305
40 1815.048360824585
8: err_max: 9.999933520132842e-11, time: 1815.05 s
8 6.3249547481536865
9 12.638821125030518
10 18.959956169128418
11 25.276009559631348
12 31.599674940109253
13 37.922595262527466
14 44.242069721221924
15 50.57372164726257
16 91.9007306098938
17 160.5420434474945
18 248.17940211296082
19 354.1813380718231
20 474.31581258773804
21 589.8633780479431
22 738.6170041561127
23 889.5592813491821
24 1046.825847864151
25 1198.408603668213
26 1331.9265351295471
27 1449.5900254249573
28 1548.5534789562225
29 1639.043297290802
30 1709.9460492134094
31 1761.8051271438599
32 1768.1414470672607
33 1774.4810774326324
34 1780.8161878585815
35 1787.1485335826874
36 1793.4915289878845
37 1799.8241512775421
38 1806.157907485962
39 1812.4917616844177
40 1818.8169159889221
9: err_max: 3.6466656569422717e-09, time: 1818.86 s
9.533532671635037e-09
