PID: 53964
PID: 53964
8 18.102113246917725
9 36.23598885536194
10 54.461132287979126
11 72.50266361236572
12 90.30177116394043
13 108.26679134368896
14 126.0953221321106
15 143.87609148025513
16 195.1475751399994
17 272.1230146884918
18 368.55758023262024
19 483.11952543258667
20 611.3646965026855
21 734.9511051177979
22 890.8180000782013
23 1048.6772508621216
24 1212.1442847251892
25 1371.9691181182861
26 1513.3672988414764
27 1640.3222680091858
28 1748.5846877098083
29 1848.5318648815155
30 1928.7646729946136
31 1990.9800493717194
32 2009.4322936534882
33 2028.0192856788635
34 2046.4821524620056
35 2064.8130564689636
36 2083.426872253418
37 2102.0517344474792
38 2120.4491040706635
39 2138.8652637004852
40 2157.4414172172546
0: err_max: 6.798232237564816e-09, time: 2157.49 s
8 18.2619891166687
9 36.223692655563354
10 54.139612436294556
11 72.31871056556702
12 90.40262722969055
13 108.46446418762207
14 126.58021283149719
15 144.69906330108643
16 196.59525632858276
17 274.77513337135315
18 371.5030097961426
19 486.02097058296204
20 614.5542144775391
21 738.6064510345459
22 895.3746032714844
23 1053.5673742294312
24 1216.9844734668732
25 1376.0847883224487
26 1517.3661658763885
27 1643.181564092636
28 1752.1178040504456
29 1851.498563528061
30 1931.5150935649872
31 1993.593031167984
32 2011.5968174934387
33 2029.5634796619415
34 2046.946454524994
35 2064.4230647087097
36 2081.7323517799377
37 2098.865291118622
38 2115.834318637848
39 2132.9671013355255
40 2150.3042833805084
1: err_max: 8.91111653911203e-09, time: 2150.31 s
8 18.311497926712036
9 36.35777950286865
10 54.131935834884644
11 72.05388474464417
12 90.2823805809021
13 108.47854232788086
14 126.42006611824036
15 144.40459275245667
16 195.10713744163513
17 272.38534283638
18 368.50800704956055
19 482.5084533691406
20 610.5506749153137
21 733.617428779602
22 889.3554737567902
23 1046.679747581482
24 1209.8177700042725
25 1367.816056728363
26 1508.261745929718
27 1634.5979053974152
28 1742.029803276062
29 1841.3039593696594
30 1921.06809258461
31 1982.9434778690338
32 2000.8836815357208
33 2019.0254640579224
34 2037.1169769763947
35 2055.078761816025
36 2073.2826538085938
37 2091.3333463668823
38 2109.4041867256165
39 2127.4698045253754
40 2145.421017885208
2: err_max: 2.839253856329327e-09, time: 2145.96 s
8 16.55619502067566
9 33.77384114265442
10 51.20375204086304
11 68.67338609695435
12 86.01530504226685
13 103.27852296829224
14 120.64349126815796
15 138.05823826789856
16 189.1761872768402
17 266.72462487220764
18 362.7338237762451
19 476.6585352420807
20 604.6455316543579
21 727.8325870037079
22 884.2292492389679
23 1041.9433550834656
24 1206.659746646881
25 1365.961101770401
26 1507.244482755661
27 1634.4609003067017
28 1742.5231261253357
29 1842.2568905353546
30 1922.3628988265991
31 1984.6441385746002
32 2003.0454587936401
33 2021.342450618744
34 2039.4695508480072
35 2057.328106403351
36 2075.3858408927917
37 2093.1114571094513
38 2110.95174908638
39 2128.789615869522
40 2146.602440595627
3: err_max: 4.022326045155511e-09, time: 2146.73 s
8 17.501103401184082
9 34.94686269760132
10 52.615888357162476
11 70.20716619491577
12 87.59315800666809
13 105.08376932144165
14 123.21560621261597
15 141.36634850502014
16 192.9640383720398
17 270.7824788093567
18 366.8715171813965
19 481.2981915473938
20 609.6824719905853
21 732.8419344425201
22 888.713228225708
23 1046.66837143898
24 1209.7738897800446
25 1368.3405301570892
26 1508.7759065628052
27 1634.7189302444458
28 1742.1940834522247
29 1841.773754119873
30 1921.6286261081696
31 1983.6221339702606
32 2001.6462676525116
33 2019.5971014499664
34 2037.371794462204
35 2055.2381522655487
36 2073.0810027122498
37 2090.922716856003
38 2108.5500712394714
39 2126.32598900795
40 2144.152568101883
4: err_max: 6.257435063161676e-09, time: 2144.23 s
8 18.161478996276855
9 36.056994915008545
10 54.01159930229187
11 72.0360918045044
12 90.17234563827515
13 107.91794490814209
14 125.81049847602844
15 143.69251680374146
16 195.35759568214417
17 273.43677258491516
18 369.7680263519287
19 484.29130148887634
20 612.7557239532471
21 735.7945485115051
22 892.265837430954
23 1050.0651595592499
24 1214.4212114810944
25 1374.2868649959564
26 1515.2550597190857
27 1641.3461456298828
28 1749.1303656101227
29 1848.6378087997437
30 1928.0263035297394
31 1989.4815247058868
32 2007.3498713970184
33 2025.558275938034
34 2043.7912619113922
35 2062.0878250598907
36 2080.419590950012
37 2098.7416117191315
38 2117.3819365501404
39 2135.9807908535004
40 2154.512135028839
5: err_max: 9.851928290532941e-09, time: 2154.73 s
8 17.879454374313354
9 35.9894962310791
10 54.2070152759552
11 72.25010275840759
12 90.16505813598633
13 108.3430495262146
14 126.9112446308136
15 145.52659702301025
16 197.79197454452515
17 276.47860956192017
18 372.61112213134766
19 486.92938923835754
20 616.0486357212067
21 739.9543581008911
22 897.468160867691
23 1056.0224442481995
24 1221.1486604213715
25 1381.271913766861
26 1522.7383270263672
27 1649.5603985786438
28 1758.3201930522919
29 1857.926266670227
30 1937.3391327857971
31 1998.9479830265045
32 2016.9971256256104
33 2035.075042963028
34 2053.2564210891724
35 2071.27365732193
36 2089.1658823490143
37 2107.1264877319336
38 2125.2805483341217
39 2143.4572405815125
40 2161.4337186813354
6: err_max: 3.632269091405349e-09, time: 2161.55 s
8 18.623228311538696
9 37.14120626449585
10 55.51088356971741
11 73.92768859863281
12 92.46408343315125
13 110.94250273704529
14 129.33063650131226
15 147.816987991333
16 199.82961082458496
17 277.88736844062805
18 373.89515590667725
19 487.84792852401733
20 615.8285777568817
21 739.0202708244324
22 894.947919845581
23 1051.6857612133026
24 1215.5328710079193
25 1375.1807389259338
26 1516.2735364437103
27 1641.530298948288
28 1748.701738357544
29 1847.6084837913513
30 1926.6129224300385
31 1987.773383140564
32 2005.3191962242126
33 2022.7129130363464
34 2040.2185208797455
35 2057.682971715927
36 2075.3064708709717
37 2093.408084154129
38 2111.81804561615
39 2129.9779460430145
40 2147.7325937747955
7: err_max: 3.491167972768938e-09, time: 2148.00 s
8 18.112838745117188
9 36.08229923248291
10 53.953938722610474
11 71.96540260314941
12 90.00609827041626
13 108.0210030078888
14 126.17037320137024
15 144.19224405288696
16 196.1006247997284
17 274.2538392543793
18 370.73615980148315
19 485.09881258010864
20 613.92258644104
21 738.2808821201324
22 895.7231369018555
23 1054.235033750534
24 1218.2983105182648
25 1376.6541457176208
26 1517.2129414081573
27 1645.3658330440521
28 1753.7619066238403
29 1853.2404611110687
30 1933.0590014457703
31 1995.0323798656464
32 2013.314725637436
33 2031.3806314468384
34 2049.599460840225
35 2068.045115709305
36 2086.427669286728
37 2104.3453023433685
38 2122.505189180374
39 2140.7574825286865
40 2159.543630361557
8: err_max: 1.0260244466542279e-08, time: 2159.75 s
8 18.065149307250977
9 36.23517727851868
10 54.33100891113281
11 72.1802306175232
12 90.26723456382751
13 108.63085412979126
14 126.89449787139893
15 145.03773593902588
16 196.38110041618347
17 274.2223734855652
18 370.233384847641
19 484.55016827583313
20 612.6897127628326
21 735.253998041153
22 891.0982928276062
23 1048.0120384693146
24 1211.3151218891144
25 1369.4499406814575
26 1509.3962199687958
27 1634.8048899173737
28 1742.3482756614685
29 1841.999708890915
30 1921.304524421692
31 1982.2440106868744
32 2000.0798127651215
33 2018.023353099823
34 2035.7602438926697
35 2053.0920238494873
36 2070.3393652439117
37 2087.922166109085
38 2105.0998322963715
39 2121.1518399715424
40 2137.677938222885
9: err_max: 8.306091078824629e-09, time: 2137.94 s
1.0260244466542279e-08
