/home/u2025010169/PROJECT/BlatzKo_2d/generate_data/analytical_u/ex2_batch.py:177: IntegrationWarning: The algorithm does not converge.  Roundoff error is detected
  in the extrapolation table.  It is assumed that the requested tolerance
  cannot be achieved, and that the returned result (if full_output = 1) is 
  the best which can be obtained.
  I_1[k], err1 = integrate.quad(fk_1, 0, delta, epsabs=1e-10, epsrel=1e-10)
PID: 37047
PID: 37047
8 6.073894739151001
9 12.155325889587402
10 18.233397245407104
11 24.308716773986816
12 30.39340901374817
13 36.48153376579285
14 42.5777428150177
15 48.67253541946411
16 88.66534113883972
17 154.80732679367065
18 239.25314497947693
19 341.02388882637024
20 456.577867269516
21 567.2394998073578
22 710.3399052619934
23 855.3621737957001
24 1006.5635561943054
25 1152.162391424179
26 1280.6832406520844
27 1393.855399131775
28 1489.0694844722748
29 1576.1188776493073
30 1644.2350780963898
31 1693.803978919983
32 1699.884417772293
33 1705.9671838283539
34 1712.0480813980103
35 1718.1351573467255
36 1724.2212810516357
37 1730.3059248924255
38 1736.384660243988
39 1742.4649891853333
40 1748.5459420681
0: err_max: 9.998629838648567e-11, time: 1748.55 s
8 6.070721387863159
9 12.146585702896118
10 18.222717761993408
11 24.299643754959106
12 30.38439178466797
13 36.46404790878296
14 42.55219626426697
15 48.64121460914612
16 88.38900542259216
17 153.935382604599
18 237.46706748008728
19 338.67541575431824
20 454.61613607406616
21 565.9768323898315
22 709.760737657547
23 855.338775396347
24 1007.1217415332794
25 1153.2646470069885
26 1281.7089040279388
27 1395.2054121494293
28 1490.5867154598236
29 1577.7848863601685
30 1646.0431702136993
31 1696.0023555755615
32 1702.1084473133087
33 1708.2127780914307
34 1714.3227999210358
35 1720.430671453476
36 1726.5327968597412
37 1732.6367383003235
38 1738.7391464710236
39 1744.839035987854
40 1750.9388132095337
1: err_max: 9.999853609208686e-11, time: 1750.94 s
8 6.06588077545166
9 12.128477096557617
10 18.18323850631714
11 24.241326332092285
12 30.308122634887695
13 36.37442350387573
14 42.439612865448
15 48.51098704338074
16 88.07910680770874
17 153.84405136108398
18 237.77352905273438
19 339.1160011291504
20 455.45956897735596
21 566.4289169311523
22 709.7289152145386
23 854.9153165817261
24 1005.9481952190399
25 1151.7265379428864
26 1280.5958154201508
27 1394.1405191421509
28 1489.3695073127747
29 1576.278269290924
30 1644.1042861938477
31 1693.9021277427673
32 1699.9867887496948
33 1706.0661671161652
34 1712.1504981517792
35 1718.23455286026
36 1724.319837808609
37 1730.4066455364227
38 1736.4863464832306
39 1742.5656299591064
40 1748.6418867111206
2: err_max: 9.670301275022108e-09, time: 1748.64 s
8 6.047620534896851
9 12.086442232131958
10 18.13145422935486
11 24.175097703933716
12 30.221561670303345
13 36.270527601242065
14 42.32075238227844
15 48.37150025367737
16 86.77306032180786
17 151.60583877563477
18 235.79956150054932
19 337.38197660446167
20 452.7217230796814
21 563.3417332172394
22 706.2384114265442
23 850.5644836425781
24 1001.8070952892303
25 1147.0546691417694
26 1275.3961772918701
27 1388.2641019821167
28 1483.2576100826263
29 1570.0111391544342
30 1637.538230419159
31 1686.9998610019684
32 1693.0711076259613
33 1699.1440529823303
34 1705.2199275493622
35 1711.2953670024872
36 1717.3694922924042
37 1723.4407665729523
38 1729.5069658756256
39 1735.5759267807007
40 1741.6467661857605
3: err_max: 9.999730127882896e-11, time: 1741.89 s
8 6.035664319992065
9 12.073121309280396
10 18.113314867019653
11 24.15542507171631
12 30.206480264663696
13 36.25975751876831
14 42.31468152999878
15 48.372251987457275
16 88.01586031913757
17 153.83573937416077
18 237.89782643318176
19 339.52145171165466
20 454.90619111061096
21 565.8937747478485
22 708.5477392673492
23 853.3233327865601
24 1004.113080739975
25 1149.3595082759857
26 1277.2271358966827
27 1390.0847833156586
28 1484.88871884346
29 1571.5859816074371
30 1639.5619385242462
31 1689.2531452178955
32 1695.3156793117523
33 1701.37783908844
34 1707.4426531791687
35 1713.5057637691498
36 1719.5659687519073
37 1725.6270017623901
38 1731.688814163208
39 1737.7502467632294
40 1743.812087059021
4: err_max: 9.999487705001579e-11, time: 1743.82 s
8 6.043503046035767
9 12.090405225753784
10 18.143941164016724
11 24.195907831192017
12 30.25681495666504
13 36.31708073616028
14 42.37907004356384
15 48.441282510757446
16 88.14893341064453
17 154.04990077018738
18 238.31799030303955
19 339.1746304035187
20 455.67639446258545
21 566.6103990077972
22 709.4939737319946
23 854.182008266449
24 1005.243346452713
25 1150.4310376644135
26 1278.6308438777924
27 1391.5035638809204
28 1486.5873079299927
29 1573.377981185913
30 1641.1843011379242
31 1690.496831893921
32 1696.566589832306
33 1702.6331667900085
34 1708.7015528678894
35 1714.7668182849884
36 1720.8340756893158
37 1726.9029579162598
38 1732.9669523239136
39 1739.0250601768494
40 1745.0857903957367
5: err_max: 9.998778714714884e-11, time: 1745.09 s
8 6.064713716506958
9 12.133373260498047
10 18.199951171875
11 24.268101692199707
12 30.343208074569702
13 36.41982936859131
14 42.49988317489624
15 48.5785870552063
16 88.09627985954285
17 154.07652616500854
18 238.2652792930603
19 339.6516375541687
20 455.3267698287964
21 566.4881422519684
22 709.5880761146545
23 854.7652690410614
24 1006.101158618927
25 1151.8793051242828
26 1280.3064131736755
27 1393.5431702136993
28 1488.5409181118011
29 1575.482928276062
30 1643.4859869480133
31 1693.2492887973785
32 1699.3340003490448
33 1705.4204380512238
34 1711.5011880397797
35 1717.5870504379272
36 1723.6702086925507
37 1729.7500402927399
38 1735.8348479270935
39 1741.9146764278412
40 1747.9976482391357
6: err_max: 9.999034933372286e-11, time: 1748.23 s
8 6.039935111999512
9 12.087860107421875
10 18.1315701007843
11 24.176948070526123
12 30.23400902748108
13 36.292760372161865
14 42.35502815246582
15 48.413119316101074
16 88.17358136177063
17 154.0015950202942
18 238.1918125152588
19 339.81217670440674
20 454.95078325271606
21 565.9626445770264
22 708.9850656986237
23 853.7921323776245
24 1004.6759643554688
25 1149.543282032013
26 1277.660457611084
27 1390.480545759201
28 1485.379267692566
29 1572.1350178718567
30 1640.1101262569427
31 1689.6818013191223
32 1695.746434211731
33 1701.8131465911865
34 1707.8797399997711
35 1713.9455399513245
36 1720.0138335227966
37 1726.0844831466675
38 1732.1501116752625
39 1738.2096812725067
40 1744.2718675136566
7: err_max: 9.999867838331885e-11, time: 1744.27 s
8 6.027997016906738
9 12.058489084243774
10 18.092140913009644
11 24.126659154891968
12 30.165093183517456
13 36.205326557159424
14 42.250083923339844
15 48.294604778289795
16 87.79501128196716
17 153.3803641796112
18 237.09055304527283
19 338.4256319999695
20 454.5560448169708
21 565.2240772247314
22 707.877147436142
23 852.2322704792023
24 1002.7103519439697
25 1147.0137519836426
26 1274.8844630718231
27 1387.2241864204407
28 1481.87344622612
29 1568.41837143898
30 1636.184641122818
31 1685.6753203868866
32 1691.725269317627
33 1697.7785866260529
34 1703.8323476314545
35 1709.890912771225
36 1715.9434735774994
37 1721.9968991279602
38 1728.0534193515778
39 1734.1096286773682
40 1740.1672348976135
8: err_max: 9.999939962179261e-11, time: 1740.17 s
8 6.028335094451904
9 12.061877489089966
10 18.09389615058899
11 24.1293683052063
12 30.168006896972656
13 36.20855116844177
14 42.255815744400024
15 48.30891299247742
16 87.91620898246765
17 153.7604148387909
18 237.75467348098755
19 339.13841795921326
20 454.1260619163513
21 564.5590097904205
22 706.8100464344025
23 850.4144968986511
24 1000.5540754795074
25 1145.631032705307
26 1273.6301944255829
27 1386.2830765247345
28 1480.9322078227997
29 1567.5139718055725
30 1635.2311816215515
31 1684.677004814148
32 1690.7343318462372
33 1696.7883567810059
34 1702.8435409069061
35 1708.9039952754974
36 1714.961899280548
37 1721.0161843299866
38 1727.0754134654999
39 1733.1327304840088
40 1739.1877071857452
9: err_max: 9.99953071734172e-11, time: 1739.62 s
9.670301275022108e-09
