/home/u2025010169/PROJECT/BlatzKo_2d/generate_data/analytical_u/ex2_batch.py:177: IntegrationWarning: The algorithm does not converge.  Roundoff error is detected
  in the extrapolation table.  It is assumed that the requested tolerance
  cannot be achieved, and that the returned result (if full_output = 1) is 
  the best which can be obtained.
  I_1[k], err1 = integrate.quad(fk_1, 0, delta, epsabs=1e-10, epsrel=1e-10)
PID: 44847
PID: 44847
8 6.311623573303223
9 12.624385118484497
10 18.940335750579834
11 25.259293794631958
12 31.578173875808716
13 37.9028205871582
14 44.23000717163086
15 50.55923318862915
16 91.86599588394165
17 160.44304370880127
18 247.7098479270935
19 353.13381457328796
20 473.1151955127716
21 588.1899516582489
22 736.324380159378
23 886.6077592372894
24 1043.1977519989014
25 1194.3390078544617
26 1327.655844926834
27 1445.1075916290283
28 1543.682422876358
29 1633.888837814331
30 1704.2561724185944
31 1755.9538867473602
32 1762.2782344818115
33 1768.6008195877075
34 1774.920845746994
35 1781.2413880825043
36 1787.5670993328094
37 1793.886197566986
38 1800.2078099250793
39 1806.5261723995209
40 1812.8497641086578
0: err_max: 9.999898712134241e-11, time: 1812.85 s
8 6.306158781051636
9 12.61603832244873
10 18.924424409866333
11 25.242641925811768
12 31.56073832511902
13 37.882936239242554
14 44.21200442314148
15 50.537524461746216
16 91.98040008544922
17 160.6042778491974
18 248.27957916259766
19 354.2837495803833
20 474.5821282863617
21 590.315178155899
22 739.5526120662689
23 890.6439533233643
24 1048.0910172462463
25 1199.4143207073212
26 1332.473518371582
27 1450.1584758758545
28 1548.963737487793
29 1639.376383304596
30 1709.8104355335236
31 1761.3146123886108
32 1767.6486921310425
33 1773.993421792984
34 1780.333552122116
35 1786.6754221916199
36 1793.0143959522247
37 1799.3555374145508
38 1805.6920104026794
39 1812.0318131446838
40 1818.3766067028046
1: err_max: 9.99971633275365e-11, time: 1818.38 s
8 6.292062520980835
9 12.58875846862793
10 18.88130784034729
11 25.178955554962158
12 31.481916189193726
13 37.78560781478882
14 44.09261155128479
15 50.40404534339905
16 91.15264916419983
17 158.53638219833374
18 246.13021683692932
19 351.6661548614502
20 471.31543350219727
21 586.4729630947113
22 733.551276922226
23 883.6687586307526
24 1040.0895001888275
25 1190.7604446411133
26 1323.3983302116394
27 1440.282585144043
28 1538.70751786232
29 1628.626701593399
30 1698.714322090149
31 1750.0849232673645
32 1756.389246225357
33 1762.6953575611115
34 1768.9958655834198
35 1775.3011395931244
36 1781.608342409134
37 1787.9084067344666
38 1794.2156636714935
39 1800.522685289383
40 1806.8271474838257
2: err_max: 9.999739034281557e-11, time: 1806.83 s
8 6.269921541213989
9 12.535168647766113
10 18.798907041549683
11 25.06777548789978
12 31.34575867652893
13 37.62907958030701
14 43.910889625549316
15 50.19282507896423
16 91.1921079158783
17 159.24900126457214
18 246.23197889328003
19 351.3213782310486
20 470.74140453338623
21 585.274003982544
22 733.1620726585388
23 882.862407207489
24 1039.2213802337646
25 1189.5655364990234
26 1322.1823649406433
27 1438.7337527275085
28 1536.6151521205902
29 1626.3134484291077
30 1696.4725077152252
31 1747.8624773025513
32 1754.1531558036804
33 1760.4448883533478
34 1766.7356646060944
35 1773.033216714859
36 1779.331505537033
37 1785.6199927330017
38 1791.9059348106384
39 1798.1912071704865
40 1804.4832167625427
3: err_max: 9.999506204076281e-11, time: 1804.50 s
8 6.254668235778809
9 12.511165857315063
10 18.772926568984985
11 25.038336992263794
12 31.305867195129395
13 37.57687973976135
14 43.8539879322052
15 50.13384795188904
16 91.15715432167053
17 159.21651411056519
18 245.6850004196167
19 350.0381181240082
20 469.2216854095459
21 583.7888472080231
22 731.6040270328522
23 881.363805770874
24 1037.4208335876465
25 1187.583836555481
26 1320.110348701477
27 1436.7747797966003
28 1535.0669662952423
29 1624.7892198562622
30 1694.6798918247223
31 1745.7577250003815
32 1752.0493626594543
33 1758.3400175571442
34 1764.6313128471375
35 1770.9296503067017
36 1777.227593421936
37 1783.5259368419647
38 1789.8238759040833
39 1796.1187562942505
40 1802.411250114441
4: err_max: 9.999520450618148e-11, time: 1802.41 s
8 6.267667770385742
9 12.539767026901245
10 18.81569766998291
11 25.09029197692871
12 31.373626708984375
13 37.66163730621338
14 43.95091652870178
15 50.236149072647095
16 90.34387683868408
17 157.77581429481506
18 243.93340396881104
19 349.0557789802551
20 468.3505699634552
21 583.0735774040222
22 731.0135025978088
23 880.7037928104401
24 1036.6110610961914
25 1186.577445268631
26 1319.314347743988
27 1436.1943018436432
28 1533.8586411476135
29 1623.5220358371735
30 1693.9573323726654
31 1745.3573970794678
32 1751.6527440547943
33 1757.9480028152466
34 1764.2460322380066
35 1770.5401694774628
36 1776.8404128551483
37 1783.1389517784119
38 1789.4336528778076
39 1795.7297966480255
40 1802.0225293636322
5: err_max: 9.999977510556572e-11, time: 1802.03 s
8 6.29518985748291
9 12.59145450592041
10 18.88457703590393
11 25.179022073745728
12 31.48233461380005
13 37.794750690460205
14 44.10297346115112
15 50.410120487213135
16 91.40775513648987
17 159.5754280090332
18 246.48762583732605
19 351.9549262523651
20 469.5667896270752
21 585.112386226654
22 733.2304654121399
23 883.6625535488129
24 1040.1501426696777
25 1191.1675102710724
26 1324.198356628418
27 1441.3490569591522
28 1539.93146276474
29 1630.0147609710693
30 1700.452735900879
31 1751.7479033470154
32 1758.0544261932373
33 1764.3679692745209
34 1770.6748535633087
35 1776.9843020439148
36 1783.2907962799072
37 1789.6007900238037
38 1795.9063165187836
39 1802.2125051021576
40 1808.5154552459717
6: err_max: 9.397841012337427e-09, time: 1808.85 s
8 6.266058683395386
9 12.532175064086914
10 18.80136775970459
11 25.07699203491211
12 31.356836318969727
13 37.64370155334473
14 43.9285614490509
15 50.21280002593994
16 91.26028513908386
17 159.46161270141602
18 246.48350429534912
19 351.6389513015747
20 471.19497323036194
21 585.6019597053528
22 733.7423458099365
23 883.7668087482452
24 1040.0430312156677
25 1190.4477045536041
26 1323.2056119441986
27 1440.0460653305054
28 1538.3330664634705
29 1628.2480580806732
30 1698.4737524986267
31 1749.7386932373047
32 1756.0295934677124
33 1762.3230485916138
34 1768.6154415607452
35 1774.9071242809296
36 1781.2017636299133
37 1787.4969146251678
38 1793.7938690185547
39 1800.0935361385345
40 1806.391726732254
7: err_max: 9.99989466232698e-11, time: 1806.39 s
8 6.263724327087402
9 12.524779796600342
10 18.788196325302124
11 25.054893493652344
12 31.327916383743286
13 37.60252237319946
14 43.88335943222046
15 50.16736102104187
16 91.17282891273499
17 159.318274974823
18 246.2979850769043
19 351.8040294647217
20 471.26728415489197
21 586.1740729808807
22 734.1130402088165
23 884.014899969101
24 1040.2050166130066
25 1190.7882766723633
26 1323.3221130371094
27 1439.6938652992249
28 1538.3459978103638
29 1628.1888635158539
30 1698.3783876895905
31 1749.8516147136688
32 1756.1417546272278
33 1762.4383280277252
34 1768.729647397995
35 1775.0217719078064
36 1781.316116809845
37 1787.6055090427399
38 1793.8980798721313
39 1800.1908724308014
40 1806.479121685028
8: err_max: 9.999438890084581e-11, time: 1806.48 s
8 6.268104791641235
9 12.534684658050537
10 18.804083824157715
11 25.070281744003296
12 31.342249155044556
13 37.62158536911011
14 43.90497851371765
15 50.18546485900879
16 90.11789727210999
17 156.79378414154053
18 243.45755577087402
19 348.38576102256775
20 467.63971519470215
21 582.3199224472046
22 730.1924550533295
23 880.0011546611786
24 1036.309399843216
25 1186.6676030158997
26 1319.5589804649353
27 1436.5222725868225
28 1534.688366651535
29 1624.440086364746
30 1694.5385274887085
31 1746.0190942287445
32 1752.308717250824
33 1758.5964739322662
34 1764.8894262313843
35 1771.1800808906555
36 1777.4728157520294
37 1783.7606089115143
38 1790.0554990768433
39 1796.347858428955
40 1802.6425368785858
9: err_max: 9.998723631386165e-11, time: 1803.04 s
9.397841012337427e-09
