PID: 12734
PID: 12734
8 18.55904483795166
9 37.014251947402954
10 55.413214445114136
11 73.90907907485962
12 92.46307849884033
13 110.89608216285706
14 129.2253348827362
15 147.7867350578308
16 200.0913074016571
17 278.54020071029663
18 374.8848092556
19 489.30887031555176
20 617.7337021827698
21 740.7057313919067
22 896.3128173351288
23 1053.7127091884613
24 1216.547250509262
25 1375.0829033851624
26 1515.5430042743683
27 1641.360077381134
28 1748.5198769569397
29 1847.0060164928436
30 1926.5146515369415
31 1988.2268438339233
32 2005.9536941051483
33 2023.1315848827362
34 2040.3906648159027
35 2058.242564201355
36 2076.241955757141
37 2094.1611812114716
38 2111.767010450363
39 2129.6106531620026
40 2147.794294118881
0: err_max: 8.584884469975407e-09, time: 2147.83 s
8 18.232874155044556
9 36.44192409515381
10 54.642051696777344
11 72.65911531448364
12 91.05977463722229
13 109.5002977848053
14 127.84984946250916
15 146.2430739402771
16 198.23904728889465
17 276.8058831691742
18 373.4528524875641
19 488.1131498813629
20 616.8129143714905
21 740.0152866840363
22 896.2225787639618
23 1052.5506978034973
24 1216.256858587265
25 1375.6597225666046
26 1516.3696110248566
27 1642.494333267212
28 1750.0841562747955
29 1850.3583257198334
30 1930.43213057518
31 1992.4542763233185
32 2010.7546396255493
33 2029.0071053504944
34 2047.3458745479584
35 2065.7403116226196
36 2084.145402908325
37 2102.5963056087494
38 2121.041161775589
39 2139.5820643901825
40 2158.1109623908997
1: err_max: 1.9286677602203817e-09, time: 2158.12 s
8 17.920679330825806
9 35.92307186126709
10 54.06991410255432
11 72.16895580291748
12 90.03168773651123
13 108.1540789604187
14 126.2996244430542
15 144.4514102935791
16 195.09936594963074
17 273.00801849365234
18 369.39190220832825
19 483.50831055641174
20 611.7076885700226
21 734.404303073883
22 891.1216375827789
23 1049.1362373828888
24 1212.5770206451416
25 1370.7358033657074
26 1510.356332540512
27 1636.604169368744
28 1743.3172221183777
29 1842.3902871608734
30 1921.7023284435272
31 1983.4874150753021
32 2001.8648290634155
33 2020.3093008995056
34 2038.7367806434631
35 2056.971759080887
36 2075.3245058059692
37 2093.748943567276
38 2112.0595421791077
39 2130.4023900032043
40 2148.729278564453
2: err_max: 2.1950856687880105e-09, time: 2148.78 s
8 18.392580032348633
9 36.77344822883606
10 55.15095901489258
11 73.57819104194641
12 92.01468420028687
13 110.46161198616028
14 128.91638779640198
15 147.33795142173767
16 199.13333940505981
17 277.14831614494324
18 373.07453656196594
19 487.0200710296631
20 614.8252730369568
21 737.4116652011871
22 892.7206618785858
23 1049.70774269104
24 1212.5215666294098
25 1370.395854473114
26 1509.7651693820953
27 1634.5722465515137
28 1741.7881252765656
29 1840.7804045677185
30 1920.6649405956268
31 1982.4307434558868
32 2000.589063167572
33 2018.703045129776
34 2036.710139989853
35 2054.9550292491913
36 2073.369843482971
37 2091.2652258872986
38 2109.3302285671234
39 2127.6317908763885
40 2146.0269327163696
3: err_max: 3.749714358458611e-09, time: 2146.03 s
8 18.308582544326782
9 36.77275562286377
10 55.72312593460083
11 74.1532826423645
12 92.57524228096008
13 111.07770776748657
14 129.5306692123413
15 147.82577514648438
16 199.7227337360382
17 277.9969844818115
18 373.9633023738861
19 487.97966623306274
20 614.7908306121826
21 738.0642290115356
22 893.2405059337616
23 1049.6302297115326
24 1212.0435650348663
25 1369.6008956432343
26 1509.1627538204193
27 1634.787927865982
28 1741.631052017212
29 1840.2868218421936
30 1919.4791684150696
31 1980.7740018367767
32 1998.5151748657227
33 2016.267035484314
34 2033.8564431667328
35 2051.601990222931
36 2069.3932468891144
37 2087.2334339618683
38 2105.155586719513
39 2122.9212725162506
40 2140.5883762836456
4: err_max: 1.999686843195958e-09, time: 2140.79 s
8 18.38140845298767
9 36.65522503852844
10 54.81349539756775
11 72.81027245521545
12 91.1798357963562
13 109.56846833229065
14 127.81319189071655
15 145.95594763755798
16 197.49979782104492
17 275.40617656707764
18 371.0780475139618
19 484.55672669410706
20 612.0640077590942
21 734.8699443340302
22 889.000048160553
23 1046.368890285492
24 1209.3434963226318
25 1367.9564068317413
26 1508.5685069561005
27 1635.5478320121765
28 1742.8392238616943
29 1841.832961320877
30 1921.693801164627
31 1982.99196600914
32 2000.0661799907684
33 2017.4869632720947
34 2035.1901631355286
35 2053.164921760559
36 2071.1983795166016
37 2088.8836994171143
38 2107.0170748233795
39 2125.1149685382843
40 2143.2485723495483
5: err_max: 7.130403279972941e-09, time: 2143.29 s
8 17.06271767616272
9 33.888312339782715
10 50.595945596694946
11 67.55624842643738
12 84.70306372642517
13 101.85069441795349
14 118.93991327285767
15 136.37642431259155
16 187.61848759651184
17 264.84301829338074
18 360.1193377971649
19 473.13252782821655
20 601.0332384109497
21 723.1011898517609
22 878.5498783588409
23 1035.5947341918945
24 1199.049382686615
25 1358.4614329338074
26 1499.075756072998
27 1624.5554761886597
28 1731.5015997886658
29 1829.9766144752502
30 1908.8980667591095
31 1969.7519772052765
32 1987.1495263576508
33 2003.9815907478333
34 2020.8037061691284
35 2037.8709173202515
36 2055.184457063675
37 2072.106604576111
38 2088.9507644176483
39 2105.647569179535
40 2123.063766002655
6: err_max: 7.341433076041293e-09, time: 2123.24 s
8 18.282020092010498
9 36.59441161155701
10 54.69687485694885
11 72.84100437164307
12 91.2042806148529
13 109.66802477836609
14 127.90816307067871
15 146.12452793121338
16 197.55138206481934
17 275.63062167167664
18 371.19459104537964
19 483.881884098053
20 611.632917881012
21 734.6318247318268
22 890.079508304596
23 1046.5545036792755
24 1209.6124014854431
25 1368.1882860660553
26 1508.6948683261871
27 1633.9256172180176
28 1741.0833888053894
29 1840.018581867218
30 1919.9824454784393
31 1981.972732782364
32 1999.9301459789276
33 2017.7666883468628
34 2035.654441356659
35 2053.235799074173
36 2070.5336849689484
37 2087.997051715851
38 2105.5346076488495
39 2122.822560071945
40 2140.151112794876
7: err_max: 3.3354059444934414e-09, time: 2140.16 s
8 18.050862789154053
9 36.107033252716064
10 54.33161640167236
11 72.48833751678467
12 90.68494319915771
13 108.83636260032654
14 126.95478844642639
15 145.150719165802
16 196.8197386264801
17 274.6161844730377
18 370.2001256942749
19 483.6519253253937
20 611.2645111083984
21 734.008674621582
22 888.7465372085571
23 1045.288349866867
24 1207.6554493904114
25 1365.1148297786713
26 1505.222128868103
27 1631.2776856422424
28 1738.3519172668457
29 1837.1628003120422
30 1916.4987571239471
31 1977.9410450458527
32 1995.5845794677734
33 2013.4084544181824
34 2031.0766048431396
35 2048.8161952495575
36 2066.598168373108
37 2084.392076730728
38 2102.191927909851
39 2119.9358150959015
40 2137.917233467102
8: err_max: 2.827905399432895e-09, time: 2137.94 s
8 17.876342296600342
9 35.466947078704834
10 52.74746584892273
11 70.06299757957458
12 87.69739770889282
13 105.4557409286499
14 123.07448768615723
15 140.50703883171082
16 191.56085419654846
17 269.1784052848816
18 364.6374433040619
19 477.9801161289215
20 605.5673022270203
21 727.9816899299622
22 883.5696656703949
23 1040.7098407745361
24 1203.3423047065735
25 1361.1204104423523
26 1500.7489819526672
27 1625.4194209575653
28 1731.796801328659
29 1829.8645648956299
30 1908.5954892635345
31 1969.2778775691986
32 1986.3292527198792
33 2003.4680564403534
34 2020.5982904434204
35 2037.733592748642
36 2054.8952515125275
37 2072.154411315918
38 2089.6464257240295
39 2107.012453317642
40 2124.0854523181915
9: err_max: 5.147877603361994e-09, time: 2124.09 s
8.584884469975407e-09
