/home/u2025010169/PROJECT/BlatzKo_2d/generate_data/analytical_u/ex2_batch.py:177: IntegrationWarning: The algorithm does not converge.  Roundoff error is detected
  in the extrapolation table.  It is assumed that the requested tolerance
  cannot be achieved, and that the returned result (if full_output = 1) is 
  the best which can be obtained.
  I_1[k], err1 = integrate.quad(fk_1, 0, delta, epsabs=1e-10, epsrel=1e-10)
PID: 48741
PID: 48741
8 6.175697326660156
9 12.363000631332397
10 18.55425453186035
11 24.745466709136963
12 30.963544607162476
13 37.16810488700867
14 43.37608098983765
15 49.58952760696411
16 89.87092447280884
17 156.8557586669922
18 242.58133459091187
19 346.00424003601074
20 462.9647114276886
21 575.4647805690765
22 721.7240109443665
23 869.9288256168365
24 1024.3673450946808
25 1173.16326546669
26 1304.5981879234314
27 1420.3822226524353
28 1517.6481506824493
29 1606.4198606014252
30 1675.2495126724243
31 1726.0088202953339
32 1732.2325367927551
33 1738.458046913147
34 1744.6831409931183
35 1750.9003777503967
36 1757.1263427734375
37 1763.3536870479584
38 1769.5864837169647
39 1775.808876991272
40 1782.0280935764313
0: err_max: 9.999568597026789e-11, time: 1782.03 s
8 6.221474885940552
9 12.448312759399414
10 18.681241035461426
11 24.909473419189453
12 31.144479990005493
13 37.378538370132446
14 43.60997676849365
15 49.84878158569336
16 90.40363621711731
17 157.74585700035095
18 243.98254919052124
19 348.1180992126465
20 466.45226788520813
21 580.3888447284698
22 727.2054197788239
23 876.2773888111115
24 1031.6955995559692
25 1181.178139925003
26 1312.4256768226624
27 1428.7365520000458
28 1526.2256979942322
29 1615.3363449573517
30 1685.3163158893585
31 1736.5425217151642
32 1742.7868161201477
33 1749.045243024826
34 1755.3049747943878
35 1761.5633418560028
36 1767.8166708946228
37 1774.0679817199707
38 1780.326350927353
39 1786.5814526081085
40 1792.8290560245514
1: err_max: 8.480897588369896e-09, time: 1792.83 s
8 6.216195344924927
9 12.436105728149414
10 18.65247392654419
11 24.86152148246765
12 31.073412895202637
13 37.2908570766449
14 43.51536226272583
15 49.73557734489441
16 90.11220407485962
17 156.8689124584198
18 242.8386173248291
19 347.1795563697815
20 465.2967321872711
21 578.6547033786774
22 724.8274393081665
23 873.1074941158295
24 1027.5218386650085
25 1176.3673164844513
26 1306.7829642295837
27 1422.6325724124908
28 1519.7713165283203
29 1608.5983328819275
30 1677.8958649635315
31 1728.4227094650269
32 1734.6430027484894
33 1740.8633210659027
34 1747.0844595432281
35 1753.303531885147
36 1759.5180110931396
37 1765.7391352653503
38 1771.9514639377594
39 1778.1631925106049
40 1784.3806097507477
2: err_max: 9.47257636912946e-09, time: 1784.38 s
8 6.195274353027344
9 12.38500690460205
10 18.577627182006836
11 24.773444175720215
12 30.973631143569946
13 37.17098879814148
14 43.37212014198303
15 49.573344230651855
16 89.86100053787231
17 156.23009371757507
18 240.7752242088318
19 344.2513756752014
20 461.79671120643616
21 575.4139611721039
22 721.4241013526917
23 869.4787418842316
24 1023.8022964000702
25 1172.4349155426025
26 1303.4502069950104
27 1418.8882973194122
28 1515.8389327526093
29 1604.391479730606
30 1673.804506778717
31 1724.4611854553223
32 1730.6657853126526
33 1736.8760550022125
34 1743.0874698162079
35 1749.2945759296417
36 1755.505686044693
37 1761.7135186195374
38 1767.9175074100494
39 1774.1238198280334
40 1780.3243131637573
3: err_max: 4.682711163273012e-10, time: 1780.44 s
8 6.1891961097717285
9 12.377869367599487
10 18.56132936477661
11 24.74148678779602
12 30.93055558204651
13 37.12647604942322
14 43.325870513916016
15 49.52100467681885
16 89.54107546806335
17 155.37727069854736
18 241.18858432769775
19 345.13138127326965
20 462.1392514705658
21 575.8007225990295
22 722.1576478481293
23 870.2421731948853
24 1024.5616257190704
25 1173.340622663498
26 1304.1113002300262
27 1419.4386768341064
28 1516.4888806343079
29 1605.2209331989288
30 1674.0524480342865
31 1724.6277551651
32 1730.8324427604675
33 1737.0400936603546
34 1743.2467200756073
35 1749.4593045711517
36 1755.6691703796387
37 1761.88117146492
38 1768.0950429439545
39 1774.3050618171692
40 1780.5149896144867
4: err_max: 9.99856421615708e-11, time: 1780.56 s
8 6.195428848266602
9 12.397872686386108
10 18.595733642578125
11 24.802289724349976
12 31.009626150131226
13 37.212069034576416
14 43.4228515625
15 49.63648557662964
16 89.99059271812439
17 156.91739773750305
18 241.93518257141113
19 346.189448595047
20 464.4849417209625
21 578.4475905895233
22 725.1307218074799
23 873.4484198093414
24 1028.1267058849335
25 1177.034262418747
26 1308.025033712387
27 1423.3736073970795
28 1520.6390578746796
29 1609.5142180919647
30 1678.9972846508026
31 1729.7092578411102
32 1735.9350409507751
33 1742.1514165401459
34 1748.3689892292023
35 1754.5871322154999
36 1760.8085496425629
37 1767.0231304168701
38 1773.2419953346252
39 1779.459201335907
40 1785.6756455898285
5: err_max: 9.999983245210525e-11, time: 1785.68 s
8 6.213509559631348
9 12.435772180557251
10 18.656104803085327
11 24.87743616104126
12 31.101855993270874
13 37.332019567489624
14 43.55962109565735
15 49.79634380340576
16 90.4991180896759
17 158.088561296463
18 244.2423861026764
19 348.4773299694061
20 466.83321356773376
21 581.1744019985199
22 727.8841564655304
23 876.0022764205933
24 1031.1279017925262
25 1180.6972873210907
26 1312.473708152771
27 1428.9115285873413
28 1526.560576915741
29 1615.7737052440643
30 1685.4586889743805
31 1736.5491013526917
32 1742.7874665260315
33 1749.0286989212036
34 1755.2667627334595
35 1761.5100121498108
36 1767.7525296211243
37 1773.9941172599792
38 1780.233793258667
39 1786.470550775528
40 1792.7004628181458
6: err_max: 7.376422646310221e-09, time: 1792.75 s
8 6.2022974491119385
9 12.39851427078247
10 18.59633469581604
11 24.792450428009033
12 30.997519969940186
13 37.20515036582947
14 43.4196662902832
15 49.63286757469177
16 89.03673315048218
17 155.26611137390137
18 239.9225127696991
19 343.08448028564453
20 460.93817234039307
21 574.6569681167603
22 721.1168093681335
23 869.6210684776306
24 1024.4224903583527
25 1173.518182516098
26 1304.7606921195984
27 1420.4326419830322
28 1517.7207567691803
29 1606.6797020435333
30 1676.4678246974945
31 1727.3446447849274
32 1733.5631091594696
33 1739.7853546142578
34 1746.0102586746216
35 1752.2341480255127
36 1758.457703113556
37 1764.6786439418793
38 1770.8957569599152
39 1777.1195559501648
40 1783.33500790596
7: err_max: 9.999590550421027e-11, time: 1783.42 s
8 6.1852288246154785
9 12.375842571258545
10 18.57125735282898
11 24.76742458343506
12 30.964086294174194
13 37.16452360153198
14 43.36931228637695
15 49.56524872779846
16 90.09590363502502
17 157.33977961540222
18 243.13979578018188
19 347.1064999103546
20 464.90150117874146
21 577.3570582866669
22 723.0212345123291
23 870.3014996051788
24 1023.875330209732
25 1172.169272184372
26 1303.204272031784
27 1418.1558711528778
28 1515.019306898117
29 1603.993213891983
30 1673.6783120632172
31 1724.4238736629486
32 1730.62672996521
33 1736.8300638198853
34 1743.0392482280731
35 1749.2506289482117
36 1755.4621810913086
37 1761.6684658527374
38 1767.8834841251373
39 1774.0976264476776
40 1780.3124375343323
8: err_max: 9.999922591374943e-11, time: 1780.32 s
8 6.190447568893433
9 12.372386455535889
10 18.55834436416626
11 24.740689516067505
12 30.93488645553589
13 37.13187909126282
14 43.32952690124512
15 49.53130578994751
16 89.02711176872253
17 155.04747438430786
18 240.58898496627808
19 344.09419298171997
20 461.7339038848877
21 574.7371304035187
22 720.7313406467438
23 868.6500811576843
24 1022.8333294391632
25 1171.4270203113556
26 1302.4919128417969
27 1417.969566822052
28 1514.7796339988708
29 1603.4058411121368
30 1672.6958825588226
31 1722.9799587726593
32 1729.1791281700134
33 1735.3804519176483
34 1741.586182832718
35 1747.7858200073242
36 1753.993602514267
37 1760.1888282299042
38 1766.3876762390137
39 1772.599618434906
40 1778.8008251190186
9: err_max: 4.113753358792049e-09, time: 1779.03 s
9.47257636912946e-09
