PID: 47929
PID: 47929
8 6.171040773391724
9 12.333045482635498
10 18.491286277770996
11 24.66729736328125
12 30.84971594810486
13 37.02965760231018
14 43.215420961380005
15 49.40585112571716
16 89.73785853385925
17 156.6796953678131
18 242.20656824111938
19 345.696408033371
20 463.0340676307678
21 575.6720728874207
22 721.2095115184784
23 868.6443347930908
24 1022.2674913406372
25 1169.9929504394531
26 1300.605754852295
27 1415.6144886016846
28 1512.261555671692
29 1600.6909394264221
30 1669.7491183280945
31 1720.3015220165253
32 1726.4944849014282
33 1732.6786377429962
34 1738.8654024600983
35 1745.0547132492065
36 1751.2485656738281
37 1757.4405279159546
38 1763.6217041015625
39 1769.8076510429382
40 1776.0011539459229
0: err_max: 9.999930606060402e-11, time: 1776.01 s
8 6.182333946228027
9 12.368589162826538
10 18.556692600250244
11 24.744860887527466
12 30.93380904197693
13 37.12713956832886
14 43.32156538963318
15 49.520177125930786
16 89.96204900741577
17 157.18765115737915
18 243.03524589538574
19 346.8506352901459
20 464.5973265171051
21 577.7944760322571
22 723.669599533081
23 871.3283309936523
24 1024.9978229999542
25 1173.1874046325684
26 1304.098061323166
27 1419.4079239368439
28 1516.2293989658356
29 1604.7756667137146
30 1674.0924491882324
31 1724.4799830913544
32 1730.6806235313416
33 1736.8798351287842
34 1743.0797357559204
35 1749.2778763771057
36 1755.4848248958588
37 1761.6852235794067
38 1767.884160041809
39 1774.088051557541
40 1780.2863309383392
1: err_max: 9.999609692869453e-11, time: 1780.29 s
8 6.152789115905762
9 12.31163763999939
10 18.476514101028442
11 24.673521995544434
12 30.84143590927124
13 37.01548171043396
14 43.190587282180786
15 49.37839674949646
16 89.78719210624695
17 156.76037621498108
18 242.45664620399475
19 345.9652075767517
20 464.07722330093384
21 576.9168016910553
22 722.1236708164215
23 869.3128898143768
24 1022.8353474140167
25 1170.8912980556488
26 1301.2336747646332
27 1416.2431933879852
28 1512.7548983097076
29 1601.2788589000702
30 1670.5803997516632
31 1721.0495800971985
32 1727.2432515621185
33 1733.4296452999115
34 1739.6157751083374
35 1745.8200857639313
36 1752.0138552188873
37 1758.2012066841125
38 1764.3905475139618
39 1770.577389240265
40 1776.7668347358704
2: err_max: 9.999938764551327e-11, time: 1776.77 s
8 6.150941610336304
9 12.301046133041382
10 18.453755855560303
11 24.623478174209595
12 30.793825387954712
13 36.97294592857361
14 43.15506339073181
15 49.33643412590027
16 89.6559751033783
17 156.63371396064758
18 242.28768968582153
19 345.8229823112488
20 463.28654885292053
21 576.1932370662689
22 721.5804173946381
23 868.940122127533
24 1022.5208694934845
25 1170.4326002597809
26 1300.4006390571594
27 1415.256893157959
28 1511.3389303684235
29 1599.5623364448547
30 1668.6997056007385
31 1719.3044531345367
32 1725.4841504096985
33 1731.6649596691132
34 1737.8449349403381
35 1744.031727552414
36 1750.2130489349365
37 1756.3941795825958
38 1762.5793404579163
39 1768.7569842338562
40 1774.9291262626648
3: err_max: 9.999119431008542e-11, time: 1775.02 s
8 6.144156455993652
9 12.299031257629395
10 18.449620008468628
11 24.605396032333374
12 30.76409101486206
13 36.9261748790741
14 43.09161376953125
15 49.25517725944519
16 89.44243383407593
17 156.09904742240906
18 241.4260983467102
19 344.67332696914673
20 462.4143612384796
21 575.1018753051758
22 720.762469291687
23 868.0303945541382
24 1021.5437114238739
25 1169.464916229248
26 1299.9165287017822
27 1414.471956729889
28 1510.8615174293518
29 1599.18496799469
30 1668.3930189609528
31 1718.6182088851929
32 1724.7988483905792
33 1730.9786953926086
34 1737.1618869304657
35 1743.346659898758
36 1749.5280892848969
37 1755.707592010498
38 1761.8840022087097
39 1768.062750339508
40 1774.2420485019684
4: err_max: 9.997654908822046e-11, time: 1774.25 s
8 6.158680438995361
9 12.31950044631958
10 18.487699031829834
11 24.662230014801025
12 30.832395792007446
13 37.01175785064697
14 43.19018363952637
15 49.37834572792053
16 89.70037508010864
17 156.51136422157288
18 241.58530950546265
19 344.88540291786194
20 463.14183497428894
21 576.14808344841
22 721.8920850753784
23 869.272522687912
24 1023.3994076251984
25 1172.2862241268158
26 1303.2262206077576
27 1418.7286372184753
28 1515.4756672382355
29 1603.7973003387451
30 1672.4268724918365
31 1723.1381413936615
32 1729.320990562439
33 1735.5043120384216
34 1741.6916360855103
35 1747.8764834403992
36 1754.0608501434326
37 1760.2505638599396
38 1766.4298648834229
39 1772.6120030879974
40 1778.7890124320984
5: err_max: 9.996577491570152e-11, time: 1778.79 s
8 6.185022830963135
9 12.367636442184448
10 18.548210382461548
11 24.728968620300293
12 30.917264699935913
13 37.10729217529297
14 43.30154466629028
15 49.498456716537476
16 89.97805833816528
17 157.13735222816467
18 242.8984375
19 346.56763648986816
20 464.4107999801636
21 577.6459457874298
22 723.0598864555359
23 870.8081440925598
24 1024.75315284729
25 1172.87810754776
26 1303.7493541240692
27 1419.1161279678345
28 1516.0574626922607
29 1604.695655822754
30 1674.1343863010406
31 1724.821175813675
32 1731.0265367031097
33 1737.2330276966095
34 1743.4388146400452
35 1749.6395027637482
36 1755.8405990600586
37 1762.0398297309875
38 1768.2393116950989
39 1774.4395070075989
40 1780.6384978294373
6: err_max: 9.999607739064054e-11, time: 1780.72 s
8 6.1624815464019775
9 12.3244788646698
10 18.48751139640808
11 24.652640104293823
12 30.819926738739014
13 36.9906530380249
14 43.162187337875366
15 49.33424782752991
16 89.64556646347046
17 156.59872341156006
18 242.1150918006897
19 345.3186492919922
20 462.8853189945221
21 575.5087161064148
22 720.8807852268219
23 868.5093755722046
24 1021.9962849617004
25 1170.1039843559265
26 1300.8490951061249
27 1416.178584575653
28 1512.9774370193481
29 1601.4167594909668
30 1670.494375705719
31 1721.155255317688
32 1727.3453328609467
33 1733.5370733737946
34 1739.728441476822
35 1745.9182987213135
36 1752.1063978672028
37 1758.2892570495605
38 1764.4733963012695
39 1770.6573822498322
40 1776.8437774181366
7: err_max: 9.999921724013205e-11, time: 1776.85 s
8 6.150696516036987
9 12.304318904876709
10 18.460135221481323
11 24.61595606803894
12 30.78588342666626
13 36.94820713996887
14 43.114171743392944
15 49.27957081794739
16 89.44646787643433
17 155.93159675598145
18 240.0528223514557
19 342.9180405139923
20 461.2307126522064
21 574.2730431556702
22 719.5982835292816
23 866.8419330120087
24 1020.5445792675018
25 1168.7220063209534
26 1299.3523659706116
27 1414.614167690277
28 1511.2890305519104
29 1599.5636804103851
30 1668.6491060256958
31 1719.3993782997131
32 1725.586489200592
33 1731.7749252319336
34 1737.9555621147156
35 1744.1389889717102
36 1750.3290588855743
37 1756.5171144008636
38 1762.6980061531067
39 1768.8776693344116
40 1775.065459728241
8: err_max: 9.998086386575622e-11, time: 1775.07 s
8 6.1621434688568115
9 12.314082384109497
10 18.469664096832275
11 24.633428812026978
12 30.803441762924194
13 36.96847224235535
14 43.13422703742981
15 49.302781105041504
16 89.63189768791199
17 156.5795726776123
18 242.145263671875
19 345.4965078830719
20 462.81442403793335
21 575.1515181064606
22 720.6928474903107
23 867.9194686412811
24 1021.5374503135681
25 1169.1495957374573
26 1299.4910335540771
27 1414.1940982341766
28 1510.631208896637
29 1598.1806452274323
30 1666.81294631958
31 1716.770260810852
32 1722.9456129074097
33 1729.131404876709
34 1735.3148095607758
35 1741.4900636672974
36 1747.6680417060852
37 1753.847716808319
38 1760.0272562503815
39 1766.2115981578827
40 1772.39013838768
9: err_max: 9.999504609753407e-11, time: 1772.78 s
9.999938764551327e-11
