PID: 2707
PID: 2707
8 18.235858917236328
9 36.37080526351929
10 54.493610858917236
11 72.71964120864868
12 90.96988344192505
13 109.11090111732483
14 127.15123200416565
15 145.41537427902222
16 196.9103524684906
17 274.2116148471832
18 369.0977735519409
19 481.96172976493835
20 608.7928535938263
21 729.8137919902802
22 883.1419441699982
23 1038.2180984020233
24 1198.4704744815826
25 1354.4053514003754
26 1493.1188232898712
27 1617.5281989574432
28 1723.4957416057587
29 1820.9102261066437
30 1899.338523387909
31 1960.2012856006622
32 1977.6835169792175
33 1994.6280436515808
34 2011.644861459732
35 2029.242510318756
36 2046.9744119644165
37 2064.633036136627
38 2081.990751504898
39 2099.581648826599
40 2117.506639480591
0: err_max: 8.584884469975407e-09, time: 2117.53 s
8 17.9593563079834
9 35.891573429107666
10 53.83890223503113
11 71.61482739448547
12 89.75730276107788
13 107.95029211044312
14 126.06432938575745
15 144.2096884250641
16 195.53205919265747
17 272.94901847839355
18 368.3029074668884
19 481.4458386898041
20 608.2653894424438
21 729.6602621078491
22 883.5507986545563
23 1037.7159700393677
24 1199.113440990448
25 1356.2103497982025
26 1494.955902814865
27 1619.33438706398
28 1725.3139865398407
29 1824.2540490627289
30 1903.128502368927
31 1964.1697900295258
32 1982.187747478485
33 2000.1576330661774
34 2018.201821565628
35 2036.3204307556152
36 2054.4465470314026
37 2072.5986347198486
38 2090.7481777668
39 2108.9919164180756
40 2127.2341854572296
1: err_max: 1.9286677602203817e-09, time: 2127.24 s
8 17.605341911315918
9 35.30775475502014
10 53.156970262527466
11 70.95173907279968
12 88.54602098464966
13 106.40161752700806
14 124.27419757843018
15 142.12867879867554
16 192.0105381011963
17 268.663054227829
18 363.4054386615753
19 475.69266176223755
20 601.7457835674286
21 722.2908763885498
22 876.3570683002472
23 1031.8976092338562
24 1193.2362616062164
25 1348.8364384174347
26 1486.2284181118011
27 1610.4277186393738
28 1715.434101343155
29 1812.8595569133759
30 1890.9221935272217
31 1951.6933941841125
32 1969.7672152519226
33 1987.8897006511688
34 2005.9953842163086
35 2023.9055979251862
36 2041.9517693519592
37 2060.0607776641846
38 2078.078779935837
39 2096.1056203842163
40 2114.1373102664948
2: err_max: 2.1950856687880105e-09, time: 2114.59 s
8 18.104149103164673
9 36.26760816574097
10 54.42324638366699
11 72.58915996551514
12 90.75446271896362
13 108.94070601463318
14 127.14509701728821
15 145.33809065818787
16 196.53649806976318
17 273.58046889305115
18 368.38609504699707
19 480.8777995109558
20 607.1292827129364
21 728.2190628051758
22 881.5062201023102
23 1036.3370969295502
24 1196.7142565250397
25 1352.418904542923
26 1489.905669927597
27 1613.027753829956
28 1718.7312502861023
29 1816.3427481651306
30 1895.1227369308472
31 1956.0177795886993
32 1973.9064247608185
33 1991.7260041236877
34 2009.465113401413
35 2027.4228956699371
36 2045.5608487129211
37 2063.2086956501007
38 2081.0046660900116
39 2099.0303490161896
40 2117.204749107361
3: err_max: 3.749714358458611e-09, time: 2117.32 s
8 18.00349497795105
9 36.15720582008362
10 54.34326648712158
11 72.425626039505
12 90.53410601615906
13 109.26462936401367
14 127.41422128677368
15 145.394535779953
16 196.44808316230774
17 273.4753227233887
18 367.9169044494629
19 480.15432572364807
20 604.8924000263214
21 726.2129044532776
22 878.9296038150787
23 1032.8341631889343
24 1192.6607375144958
25 1347.8015315532684
26 1485.169527053833
27 1608.9106180667877
28 1714.161966085434
29 1811.8130843639374
30 1889.7396643161774
31 1950.122350692749
32 1967.5997564792633
33 1985.0509178638458
34 2002.3484780788422
35 2019.8095180988312
36 2037.319525718689
37 2054.8314940929413
38 2072.467914581299
39 2089.9344103336334
40 2107.2908847332
4: err_max: 1.999686843195958e-09, time: 2107.40 s
8 18.084389448165894
9 36.061217308044434
10 53.9133837223053
11 71.64645671844482
12 89.71534085273743
13 107.82437944412231
14 125.79677271842957
15 143.6437268257141
16 194.40891909599304
17 271.1086447238922
18 365.2534861564636
19 476.9434823989868
20 602.383947134018
21 723.2912437915802
22 874.9628791809082
23 1029.9747004508972
24 1190.4645161628723
25 1346.6574382781982
26 1484.9429235458374
27 1609.8238558769226
28 1715.4512903690338
29 1813.0062494277954
30 1891.5757474899292
31 1951.9050941467285
32 1968.6941196918488
33 1985.8205888271332
34 2003.2141373157501
35 2020.884341955185
36 2038.617921590805
37 2056.0190484523773
38 2073.863516330719
39 2091.662401199341
40 2109.494950532913
5: err_max: 7.130403279972941e-09, time: 2109.81 s
8 16.80821657180786
9 33.38825011253357
10 49.8549268245697
11 66.57812404632568
12 83.47832417488098
13 100.36411428451538
14 117.23121356964111
15 134.41285276412964
16 184.91520953178406
17 261.14992094039917
18 355.09243059158325
19 466.5334882736206
20 592.5258095264435
21 713.0813956260681
22 866.5821924209595
23 1021.5556797981262
24 1182.8424456119537
25 1340.1037349700928
26 1478.800977230072
27 1602.5052921772003
28 1707.9962854385376
29 1806.131335258484
30 1884.0348064899445
31 1943.970742225647
32 1961.1137018203735
33 1977.705072402954
34 1994.2773520946503
35 2011.0845506191254
36 2028.1357033252716
37 2044.8005995750427
38 2061.4056146144867
39 2077.860101222992
40 2095.0266168117523
6: err_max: 7.341433076041293e-09, time: 2095.29 s
8 17.983894109725952
9 36.00458550453186
10 53.79717183113098
11 71.64777302742004
12 89.7336163520813
13 107.9237220287323
14 125.89681386947632
15 143.8299834728241
16 194.44438934326172
17 271.4150426387787
18 365.53554821014404
19 476.5524981021881
20 602.3420851230621
21 723.3785812854767
22 876.460687160492
23 1030.6793849468231
24 1191.190536737442
25 1347.3716988563538
26 1485.764883518219
27 1609.218340396881
28 1714.7253415584564
29 1812.167340040207
30 1890.9010121822357
31 1951.836623430252
32 1969.4850034713745
33 1987.014211177826
34 2004.58727145195
35 2021.8637111186981
36 2038.8666832447052
37 2056.026707172394
38 2073.237087249756
39 2090.230939388275
40 2107.257308483124
7: err_max: 3.3354059444934414e-09, time: 2107.56 s
8 17.773840188980103
9 35.56381130218506
10 53.51399874687195
11 71.40570640563965
12 89.29778838157654
13 107.1707227230072
14 125.03627419471741
15 142.97089385986328
16 193.9221773147583
17 270.6518211364746
18 364.8195366859436
19 476.6212348937988
20 602.477997303009
21 723.5313673019409
22 876.1021597385406
23 1030.2819442749023
24 1190.4367821216583
25 1345.7248709201813
26 1483.7996499538422
27 1608.067455291748
28 1713.6126873493195
29 1811.4741547107697
30 1889.7081813812256
31 1950.2262370586395
32 1967.6115679740906
33 1985.1559391021729
34 2002.5557417869568
35 2020.0178899765015
36 2037.535150051117
37 2055.0525844097137
38 2072.570951461792
39 2090.0431571006775
40 2107.731428384781
8: err_max: 2.827905399432895e-09, time: 2107.92 s
8 17.58868670463562
9 34.88799238204956
10 51.88877511024475
11 68.91869521141052
12 86.2695083618164
13 103.75639224052429
14 121.1208291053772
15 138.27908730506897
16 188.52971053123474
17 264.84359335899353
18 358.79697132110596
19 470.27801609039307
20 595.7741830348969
21 716.1946246623993
22 869.2353954315186
23 1023.3441457748413
24 1183.9048280715942
25 1339.469656944275
26 1477.0330646038055
27 1599.828376531601
28 1704.543846130371
29 1801.1915955543518
30 1878.7551658153534
31 1938.5346019268036
32 1955.3043067455292
33 1972.1564922332764
34 1989.025131225586
35 2005.9088485240936
36 2022.796180486679
37 2039.7662301063538
38 2056.986381292343
39 2074.079700231552
40 2090.912700653076
9: err_max: 5.147877603361994e-09, time: 2091.09 s
8.584884469975407e-09
