/home/u2025010169/PROJECT/BlatzKo_2d/generate_data/analytical_u/ex2_batch.py:177: IntegrationWarning: The algorithm does not converge.  Roundoff error is detected
  in the extrapolation table.  It is assumed that the requested tolerance
  cannot be achieved, and that the returned result (if full_output = 1) is 
  the best which can be obtained.
  I_1[k], err1 = integrate.quad(fk_1, 0, delta, epsabs=1e-10, epsrel=1e-10)
PID: 19243
PID: 19243
8 6.1254799365997314
9 12.254573345184326
10 18.38122582435608
11 24.51517677307129
12 30.649954557418823
13 36.79229950904846
14 42.933056592941284
15 49.0678436756134
16 89.27418279647827
17 155.92215776443481
18 241.11529445648193
19 344.04675459861755
20 460.7732391357422
21 572.8900487422943
22 717.3557376861572
23 863.9819464683533
24 1016.4281570911407
25 1162.9550528526306
26 1293.0204474925995
27 1407.5038468837738
28 1503.670526266098
29 1591.684012889862
30 1660.519565820694
31 1710.8740108013153
32 1717.0306146144867
33 1723.1935031414032
34 1729.350750207901
35 1735.5117383003235
36 1741.6699488162994
37 1747.826653957367
38 1753.9831087589264
39 1760.140058040619
40 1766.299003124237
0: err_max: 9.999598299738035e-11, time: 1766.31 s
8 6.158951759338379
9 12.31819200515747
10 18.480621814727783
11 24.6428439617157
12 30.806747913360596
13 36.97668218612671
14 43.14916133880615
15 49.33098077774048
16 89.59607410430908
17 156.34490847587585
18 241.39490914344788
19 344.276597738266
20 461.44917917251587
21 573.9666390419006
22 719.4683861732483
23 866.7208366394043
24 1020.5608596801758
25 1169.7463521957397
26 1300.562551498413
27 1415.6808853149414
28 1512.3218929767609
29 1600.6884508132935
30 1669.67054605484
31 1720.198098897934
32 1726.368923664093
33 1732.5372931957245
34 1738.7166104316711
35 1744.8913249969482
36 1751.0641479492188
37 1757.2365353107452
38 1763.4115352630615
39 1769.5802915096283
40 1775.7483668327332
1: err_max: 9.999316392256263e-11, time: 1775.75 s
8 6.124034881591797
9 12.246438264846802
10 18.375987768173218
11 24.509560108184814
12 30.65135622024536
13 36.81693196296692
14 42.9688606262207
15 49.12500786781311
16 89.0659396648407
17 155.81885623931885
18 241.10939693450928
19 344.14526319503784
20 461.4757950305939
21 573.6178731918335
22 718.5138370990753
23 865.2005233764648
24 1018.3659541606903
25 1165.5824627876282
26 1295.5005860328674
27 1409.7294783592224
28 1506.2160255908966
29 1593.2909138202667
30 1662.0923290252686
31 1712.5338044166565
32 1718.6915793418884
33 1724.853244304657
34 1731.0094921588898
35 1737.1696701049805
36 1743.3345160484314
37 1749.498933315277
38 1755.6574938297272
39 1761.8119077682495
40 1767.9681148529053
2: err_max: 9.999135961389597e-11, time: 1767.97 s
8 6.113959312438965
9 12.232750177383423
10 18.347621202468872
11 24.463846683502197
12 30.58243227005005
13 36.70700788497925
14 42.839330434799194
15 48.97581696510315
16 87.72587037086487
17 153.80260586738586
18 238.6525580883026
19 340.5488111972809
20 456.92202258110046
21 568.7784788608551
22 713.1528117656708
23 859.5353231430054
24 1012.2929480075836
25 1159.1373834609985
26 1288.9238259792328
27 1403.1482183933258
28 1499.0452334880829
29 1586.7147243022919
30 1654.6770803928375
31 1704.817807674408
32 1710.951497077942
33 1717.0896005630493
34 1723.232753276825
35 1729.378948688507
36 1735.5221145153046
37 1741.6612594127655
38 1747.798927783966
39 1753.9432837963104
40 1760.0850760936737
3: err_max: 9.999188232362909e-11, time: 1760.10 s
8 6.112224102020264
9 12.22529911994934
10 18.341991424560547
11 24.460608959197998
12 30.579586505889893
13 36.708513259887695
14 42.845165967941284
15 48.981677770614624
16 88.85218954086304
17 154.4274091720581
18 239.6663875579834
19 342.47545552253723
20 459.1193997859955
21 571.230991601944
22 715.9387466907501
23 862.3319156169891
24 1014.6718394756317
25 1161.2960443496704
26 1290.5140976905823
27 1404.2093451023102
28 1499.979444026947
29 1587.6799297332764
30 1656.1992659568787
31 1706.0783247947693
32 1712.2162520885468
33 1718.357348203659
34 1724.5022604465485
35 1730.6499445438385
36 1736.8003668785095
37 1742.9500312805176
38 1749.1025528907776
39 1755.2358882427216
40 1761.3732404708862
4: err_max: 9.999689184331251e-11, time: 1761.38 s
8 6.11971378326416
9 12.246381282806396
10 18.365426063537598
11 24.48800301551819
12 30.620434999465942
13 36.764894247055054
14 42.91088604927063
15 49.05264091491699
16 88.727858543396
17 154.08205246925354
18 238.8299732208252
19 341.6595923900604
20 458.43384170532227
21 570.7716069221497
22 715.1280446052551
23 861.7605516910553
24 1014.4583203792572
25 1161.700427532196
26 1291.2041347026825
27 1405.5448970794678
28 1501.9465918540955
29 1589.7905406951904
30 1658.4818711280823
31 1708.8255264759064
32 1714.9862644672394
33 1721.140487909317
34 1727.3008971214294
35 1733.4631600379944
36 1739.6300342082977
37 1745.7924127578735
38 1751.9564650058746
39 1758.1120381355286
40 1764.2699446678162
5: err_max: 9.999966826823581e-11, time: 1764.27 s
8 6.139012813568115
9 12.291481256484985
10 18.438960313796997
11 24.584793090820312
12 30.73135757446289
13 36.881505727767944
14 43.033676862716675
15 49.19797134399414
16 89.4251914024353
17 156.24571919441223
18 241.64982795715332
19 344.8511219024658
20 462.39513087272644
21 575.6180310249329
22 720.8385405540466
23 867.906082868576
24 1020.9320430755615
25 1168.1464273929596
26 1297.6981060504913
27 1412.6143155097961
28 1509.1106359958649
29 1597.2489173412323
30 1666.2197496891022
31 1716.6278517246246
32 1722.7913792133331
33 1728.9555711746216
34 1735.1212356090546
35 1741.292930841446
36 1747.4673936367035
37 1753.6319863796234
38 1759.792722940445
39 1765.9555027484894
40 1772.1231861114502
6: err_max: 5.879713792233954e-09, time: 1772.15 s
8 6.1329896450042725
9 12.264691352844238
10 18.39928126335144
11 24.532472133636475
12 30.669580221176147
13 36.80730986595154
14 42.94740152359009
15 49.08805966377258
16 89.12068605422974
17 155.63149452209473
18 240.67546463012695
19 343.59650802612305
20 459.9885060787201
21 571.6342451572418
22 716.3419506549835
23 862.9692599773407
24 1015.730943441391
25 1163.0066080093384
26 1292.946496963501
27 1407.5491044521332
28 1503.625327348709
29 1591.487901210785
30 1660.4605751037598
31 1710.8948996067047
32 1717.0495641231537
33 1723.2106432914734
34 1729.3801083564758
35 1735.5453958511353
36 1741.7148361206055
37 1747.8801939487457
38 1754.0423471927643
39 1760.206515789032
40 1766.3588654994965
7: err_max: 9.999918471406688e-11, time: 1766.36 s
8 6.114041328430176
9 12.232234477996826
10 18.362552165985107
11 24.482794284820557
12 30.61118221282959
13 36.73906326293945
14 42.873393535614014
15 49.01206970214844
16 88.5601441860199
17 154.382098197937
18 238.51977515220642
19 341.41992449760437
20 457.972811460495
21 570.0245621204376
22 714.2779459953308
23 860.7516181468964
24 1013.4049379825592
25 1160.5078353881836
26 1289.825089931488
27 1404.2130634784698
28 1500.1667304039001
29 1588.0230822563171
30 1656.82852268219
31 1706.9704587459564
32 1713.121416091919
33 1719.2701110839844
34 1725.4089241027832
35 1731.5568799972534
36 1737.704131603241
37 1743.8534207344055
38 1750.0002191066742
39 1756.1522636413574
40 1762.3018174171448
8: err_max: 9.117951435544391e-09, time: 1762.31 s
8 6.120323419570923
9 12.23909330368042
10 18.36233687400818
11 24.48311758041382
12 30.612677812576294
13 36.74277472496033
14 42.883482694625854
15 49.023377895355225
16 89.13912105560303
17 155.6778473854065
18 240.79428267478943
19 343.4180438518524
20 460.20769739151
21 572.7643568515778
22 717.3367056846619
23 863.7900950908661
24 1016.2017087936401
25 1163.1572217941284
26 1292.338751077652
27 1406.368068933487
28 1502.222154378891
29 1589.9026565551758
30 1658.754383802414
31 1708.840356349945
32 1714.9815979003906
33 1721.129060268402
34 1727.2817237377167
35 1733.433789730072
36 1739.58602309227
37 1745.7329504489899
38 1751.881008863449
39 1758.0321810245514
40 1764.1783611774445
9: err_max: 9.998108330827593e-11, time: 1764.33 s
9.117951435544391e-09
