/home/u2025010169/PROJECT/BlatzKo_2d/generate_data/analytical_u/ex2_batch.py:177: IntegrationWarning: The algorithm does not converge.  Roundoff error is detected
  in the extrapolation table.  It is assumed that the requested tolerance
  cannot be achieved, and that the returned result (if full_output = 1) is 
  the best which can be obtained.
  I_1[k], err1 = integrate.quad(fk_1, 0, delta, epsabs=1e-10, epsrel=1e-10)
PID: 49692
PID: 49692
8 6.036355018615723
9 12.063388586044312
10 18.09234094619751
11 24.114383220672607
12 30.15154480934143
13 36.18622422218323
14 42.226802587509155
15 48.26105308532715
16 87.26195740699768
17 152.27185153961182
18 236.00455808639526
19 337.16799545288086
20 452.1061384677887
21 562.8239204883575
22 704.600546836853
23 848.4373815059662
24 997.204348564148
25 1141.5924463272095
26 1268.1867182254791
27 1380.0085620880127
28 1474.4456162452698
29 1560.3707432746887
30 1627.1047427654266
31 1675.9222357273102
32 1681.9646635055542
33 1688.0007863044739
34 1694.0345599651337
35 1700.0736289024353
36 1706.114738702774
37 1712.1544888019562
38 1718.1928131580353
39 1724.228037595749
40 1730.260466337204
0: err_max: 9.999934560966928e-11, time: 1730.27 s
8 6.024169206619263
9 12.052355766296387
10 18.08689594268799
11 24.1185359954834
12 30.15363359451294
13 36.19562387466431
14 42.245747566223145
15 48.29508066177368
16 87.82700371742249
17 153.45077180862427
18 237.46554374694824
19 338.867121219635
20 453.8994252681732
21 563.7289099693298
22 705.538857460022
23 849.5551559925079
24 1000.0424797534943
25 1145.013576745987
26 1272.8527586460114
27 1385.209100484848
28 1480.075977563858
29 1566.0270729064941
30 1633.6383035182953
31 1682.970852136612
32 1689.0379252433777
33 1695.0973269939423
34 1701.1539385318756
35 1707.2105033397675
36 1713.2805552482605
37 1719.3450877666473
38 1725.406038761139
39 1731.4677226543427
40 1737.5351240634918
1: err_max: 9.999901241906778e-11, time: 1737.54 s
8 6.025240898132324
9 12.042933464050293
10 18.065542936325073
11 24.095508098602295
12 30.123273849487305
13 36.15799403190613
14 42.19554305076599
15 48.23976159095764
16 87.68414425849915
17 153.14166951179504
18 235.1860806941986
19 336.31893610954285
20 450.89242124557495
21 560.8662669658661
22 702.9098222255707
23 846.8419985771179
24 996.714364528656
25 1140.9312822818756
26 1268.394245147705
27 1380.5809526443481
28 1474.7293872833252
29 1560.8532745838165
30 1628.4708349704742
31 1677.7309744358063
32 1683.7708058357239
33 1689.8102176189423
34 1695.8488948345184
35 1701.8918919563293
36 1707.9277317523956
37 1713.9608113765717
38 1719.9956781864166
39 1726.0268514156342
40 1732.0499062538147
2: err_max: 9.521323243721902e-09, time: 1732.05 s
8 5.994643211364746
9 11.987060785293579
10 17.986696004867554
11 23.99339532852173
12 29.995770692825317
13 36.00365328788757
14 42.01245188713074
15 48.02248191833496
16 87.4167275428772
17 152.3767638206482
18 235.35877394676208
19 336.0886974334717
20 450.35401916503906
21 560.1366126537323
22 701.635692358017
23 845.135500907898
24 994.1384181976318
25 1137.0824613571167
26 1263.7045407295227
27 1374.4975547790527
28 1468.5231885910034
29 1554.491737127304
30 1621.8861210346222
31 1670.9403865337372
32 1676.9559996128082
33 1682.9771728515625
34 1689.00421833992
35 1695.0270266532898
36 1701.046185016632
37 1707.063315153122
38 1713.0840015411377
39 1719.1027405261993
40 1725.1212933063507
3: err_max: 9.999686418074518e-11, time: 1725.38 s
8 5.98757004737854
9 11.974192380905151
10 17.96485471725464
11 23.960376977920532
12 29.961066007614136
13 35.97489953041077
14 41.98410677909851
15 47.9967725276947
16 87.22179746627808
17 152.2439136505127
18 234.39893007278442
19 335.08913016319275
20 449.5067608356476
21 559.3167095184326
22 701.2237839698792
23 844.733225107193
24 994.6665856838226
25 1138.8375170230865
26 1265.9881048202515
27 1377.9861226081848
28 1471.7068872451782
29 1557.3008697032928
30 1624.1149227619171
31 1673.073927640915
32 1679.0954530239105
33 1685.1221225261688
34 1691.1372330188751
35 1697.153620481491
36 1703.181687116623
37 1709.2069520950317
38 1715.2270576953888
39 1721.2439243793488
40 1727.265676021576
4: err_max: 9.998759173433051e-11, time: 1727.27 s
8 6.0057172775268555
9 12.022646188735962
10 18.031861066818237
11 24.04373049736023
12 30.06229305267334
13 36.07846689224243
14 42.097960472106934
15 48.12497162818909
16 87.49163794517517
17 152.7117908000946
18 236.0600607395172
19 336.93190741539
20 451.4508819580078
21 561.6077799797058
22 703.7652626037598
23 847.746764421463
24 997.6323256492615
25 1141.7086081504822
26 1268.6693222522736
27 1380.575917482376
28 1474.7852730751038
29 1560.85084939003
30 1628.116456270218
31 1677.4674079418182
32 1683.499606847763
33 1689.5287041664124
34 1695.5619838237762
35 1701.5945851802826
36 1707.6219477653503
37 1713.6504571437836
38 1719.6807186603546
39 1725.7137880325317
40 1731.7380747795105
5: err_max: 9.999334072196163e-11, time: 1731.74 s
8 6.0132737159729
9 12.032137155532837
10 18.05112385749817
11 24.066601037979126
12 30.08300518989563
13 36.09970283508301
14 42.130204916000366
15 48.165162324905396
16 87.53242301940918
17 152.97213220596313
18 236.49361538887024
19 337.31989765167236
20 451.06369519233704
21 560.5565347671509
22 702.0144946575165
23 845.453381061554
24 995.6466045379639
25 1140.2515273094177
26 1267.8407001495361
27 1380.3808274269104
28 1475.0246834754944
29 1561.5202028751373
30 1629.0272371768951
31 1678.605988740921
32 1684.662544965744
33 1690.7169785499573
34 1696.7704005241394
35 1702.8322913646698
36 1708.8913912773132
37 1714.9519426822662
38 1721.0122301578522
39 1727.0699863433838
40 1733.1201031208038
6: err_max: 9.999842967567396e-11, time: 1733.40 s
8 6.012110233306885
9 12.028260946273804
10 18.03772783279419
11 24.054823398590088
12 30.080135583877563
13 36.109935998916626
14 42.143038749694824
15 48.170278549194336
16 87.48070287704468
17 152.64338779449463
18 235.7804856300354
19 336.3971748352051
20 451.06675601005554
21 561.3100848197937
22 703.3852500915527
23 847.050434589386
24 997.299418926239
25 1142.5188238620758
26 1269.9069137573242
27 1382.4697604179382
28 1476.7752847671509
29 1562.919819355011
30 1630.1930236816406
31 1679.4478862285614
32 1685.481998682022
33 1691.5208323001862
34 1697.5571520328522
35 1703.5939438343048
36 1709.6344530582428
37 1715.666879415512
38 1721.7134065628052
39 1727.7529621124268
40 1733.789423942566
7: err_max: 9.999852031497558e-11, time: 1733.79 s
8 5.998354196548462
9 11.99550175666809
10 17.990492343902588
11 23.98772168159485
12 29.989810705184937
13 35.99880838394165
14 42.00990700721741
15 48.01828336715698
16 87.12536549568176
17 152.1253640651703
18 234.9567904472351
19 334.71752429008484
20 449.90420627593994
21 559.5661234855652
22 701.0600516796112
23 844.5019891262054
24 994.0661334991455
25 1137.7575397491455
26 1264.6871888637543
27 1376.3119535446167
28 1470.1242144107819
29 1555.98721241951
30 1623.3835623264313
31 1672.5596568584442
32 1678.5847797393799
33 1684.604415178299
34 1690.6291418075562
35 1696.6512501239777
36 1702.6773688793182
37 1708.6995272636414
38 1714.7175345420837
39 1720.734475851059
40 1726.7479619979858
8: err_max: 9.998200101411107e-11, time: 1726.75 s
8 5.992321729660034
9 11.983046531677246
10 17.976744174957275
11 23.974868774414062
12 29.969658374786377
13 35.97695231437683
14 42.00797748565674
15 48.02847862243652
16 86.73560643196106
17 151.84546566009521
18 235.10153126716614
19 335.8241503238678
20 450.05262184143066
21 559.985598564148
22 701.3751442432404
23 844.9354121685028
24 994.2442469596863
25 1138.2930467128754
26 1264.8193769454956
27 1376.7154779434204
28 1470.6911182403564
29 1556.645102739334
30 1623.802669763565
31 1673.0844461917877
32 1679.103588104248
33 1685.1201298236847
34 1691.1435680389404
35 1697.1660976409912
36 1703.1940405368805
37 1709.2165570259094
38 1715.2397434711456
39 1721.2591981887817
40 1727.2780225276947
9: err_max: 7.495057262330018e-09, time: 1727.69 s
9.521323243721902e-09
