PID: 32328
PID: 32328
8 18.731391668319702
9 37.62738490104675
10 56.61405396461487
11 75.48993229866028
12 94.18721199035645
13 113.11151194572449
14 131.8426525592804
15 150.36072492599487
16 202.47989797592163
17 282.7313041687012
18 381.5732567310333
19 498.7543568611145
20 630.0841543674469
21 755.188395023346
22 914.8794524669647
23 1075.6261386871338
24 1241.918649673462
25 1403.039921283722
26 1544.8957753181458
27 1672.1341500282288
28 1781.5605974197388
29 1882.28515458107
30 1962.4427635669708
31 2024.0151691436768
32 2041.3161146640778
33 2058.750349998474
34 2075.878653526306
35 2092.6505019664764
36 2109.837913751602
37 2127.2664229869843
38 2144.89284324646
39 2162.4600172042847
40 2179.925285577774
0: err_max: 7.588215007736654e-09, time: 2179.98 s
8 18.479675769805908
9 36.765339851379395
10 54.770386934280396
11 72.8648784160614
12 91.19572901725769
13 109.61005353927612
14 127.87980341911316
15 146.0619776248932
16 198.97093892097473
17 278.9887068271637
18 377.3022301197052
19 494.03990149497986
20 624.9717216491699
21 751.0897192955017
22 909.6602699756622
23 1070.5041077136993
24 1237.357019662857
25 1399.0334422588348
26 1542.6900351047516
27 1671.3233370780945
28 1781.0369062423706
29 1882.51735663414
30 1964.0066614151
31 2027.3132557868958
32 2045.8921132087708
33 2064.440682411194
34 2083.2265059947968
35 2102.0644245147705
36 2120.788022518158
37 2139.4393062591553
38 2158.2926580905914
39 2177.0477805137634
40 2195.722336292267
1: err_max: 1.1639645302284618e-10, time: 2195.73 s
8 17.700573921203613
9 35.37648940086365
10 53.18363165855408
11 70.93984079360962
12 88.49630689620972
13 106.6015202999115
14 125.10949397087097
15 143.42026090621948
16 196.07337188720703
17 275.2188184261322
18 371.9589378833771
19 486.6631877422333
20 616.9789822101593
21 742.4847211837769
22 901.6443870067596
23 1062.3076608181
24 1229.0710353851318
25 1390.6358950138092
26 1533.9338674545288
27 1662.1801438331604
28 1771.766830921173
29 1872.8675734996796
30 1954.0682816505432
31 2017.1686751842499
32 2035.755541086197
33 2054.2637882232666
34 2072.7328679561615
35 2091.2848148345947
36 2109.94996714592
37 2128.490015268326
38 2146.8818140029907
39 2165.2861819267273
40 2183.8491818904877
2: err_max: 1.0459707459973405e-10, time: 2184.25 s
8 17.455000638961792
9 35.61844253540039
10 54.09064507484436
11 72.5587010383606
12 90.88725447654724
13 108.71469140052795
14 126.93926119804382
15 145.65339398384094
16 198.52550959587097
17 278.0956153869629
18 375.96028208732605
19 492.48634934425354
20 623.162397146225
21 747.5415544509888
22 906.5740537643433
23 1066.880760192871
24 1232.8345658779144
25 1394.6779987812042
26 1538.200455904007
27 1667.4421782493591
28 1777.1804947853088
29 1878.5116603374481
30 1960.2540545463562
31 2023.8974125385284
32 2042.6127347946167
33 2060.9390292167664
34 2079.1317121982574
35 2097.4949402809143
36 2115.7135882377625
37 2133.5928606987
38 2151.44202709198
39 2169.442053079605
40 2187.5251128673553
3: err_max: 1.3845321156918944e-10, time: 2187.67 s
8 16.45798134803772
9 32.566102504730225
10 48.893474817276
11 65.53512215614319
12 82.68996596336365
13 100.08817291259766
14 117.42520880699158
15 135.0420527458191
16 187.2253556251526
17 266.5603303909302
18 364.20236587524414
19 479.2700276374817
20 609.4436058998108
21 734.8744926452637
22 894.9300792217255
23 1055.59086561203
24 1222.7029435634613
25 1384.4822223186493
26 1527.9101457595825
27 1655.8591253757477
28 1765.78054022789
29 1867.2730028629303
30 1948.5116307735443
31 2011.9105129241943
32 2030.7973256111145
33 2049.6485316753387
34 2068.594681739807
35 2087.404318332672
36 2106.1412694454193
37 2124.7992272377014
38 2143.587022304535
39 2162.391937017441
40 2181.2678637504578
4: err_max: 3.352732888192711e-09, time: 2181.37 s
8 18.682101726531982
9 37.2108895778656
10 55.781888484954834
11 74.01417970657349
12 92.64049744606018
13 111.45533800125122
14 130.15717434883118
15 148.80640983581543
16 201.71051001548767
17 281.6085741519928
18 380.09163188934326
19 496.72939825057983
20 627.3464434146881
21 752.78191614151
22 911.2278578281403
23 1071.1939704418182
24 1237.000074148178
25 1398.5912086963654
26 1541.6233041286469
27 1670.6417818069458
28 1780.3533709049225
29 1881.923005580902
30 1963.8863735198975
31 2027.185042142868
32 2045.9650881290436
33 2064.707228899002
34 2083.493453025818
35 2102.221385240555
36 2121.0014321804047
37 2139.725985765457
38 2158.5827815532684
39 2177.4057285785675
40 2196.0893704891205
5: err_max: 7.718993173810862e-09, time: 2196.23 s
8 16.288034677505493
9 32.40803265571594
10 48.69651818275452
11 65.27332210540771
12 81.6540596485138
13 98.71946287155151
14 116.1289381980896
15 133.7178030014038
16 185.04658126831055
17 263.7098512649536
18 360.60060024261475
19 476.70061349868774
20 607.3665244579315
21 732.379278421402
22 890.8953139781952
23 1051.2970168590546
24 1217.627639055252
25 1379.5511951446533
26 1522.5430805683136
27 1651.3131704330444
28 1761.8853669166565
29 1863.2586867809296
30 1945.0138583183289
31 2008.4062769412994
32 2026.9746191501617
33 2045.5662693977356
34 2064.0857832431793
35 2082.4493293762207
36 2101.233954191208
37 2119.8805050849915
38 2138.389954328537
39 2156.9337322711945
40 2175.7573742866516
6: err_max: 3.961290139659068e-09, time: 2175.85 s
8 18.003580808639526
9 35.8861825466156
10 53.06534004211426
11 69.82424664497375
12 87.506422996521
13 105.71869349479675
14 123.65640592575073
15 141.3246295452118
16 193.34742617607117
17 272.3971610069275
18 369.7392420768738
19 485.40026593208313
20 615.6892263889313
21 740.416651725769
22 899.4063260555267
23 1059.1851358413696
24 1226.22371840477
25 1388.5181431770325
26 1531.9468836784363
27 1660.4629242420197
28 1770.0766696929932
29 1871.3180758953094
30 1952.6658687591553
31 2015.8591403961182
32 2034.589454650879
33 2053.419816493988
34 2072.0123615264893
35 2090.6183388233185
36 2109.3587555885315
37 2127.706287622452
38 2146.0817334651947
39 2164.7005236148834
40 2183.389788866043
7: err_max: 3.0718168304161297e-09, time: 2183.53 s
8 18.65031671524048
9 37.27753829956055
10 55.78696370124817
11 74.38049554824829
12 92.9764928817749
13 111.20452904701233
14 129.41422200202942
15 147.7991120815277
16 200.39506936073303
17 279.7128813266754
18 377.80777859687805
19 494.02452301979065
20 624.4821815490723
21 749.719569683075
22 909.0335488319397
23 1069.1130437850952
24 1235.5227797031403
25 1396.5950756072998
26 1539.6801929473877
27 1668.7039606571198
28 1778.7126996517181
29 1879.8006584644318
30 1960.9665994644165
31 2024.1484961509705
32 2042.6895823478699
33 2060.8296189308167
34 2078.9873237609863
35 2097.283260345459
36 2115.333760499954
37 2133.353724002838
38 2151.3656799793243
39 2169.3656532764435
40 2188.070086479187
8: err_max: 9.074055413310633e-09, time: 2188.22 s
8 17.9901225566864
9 35.968353271484375
10 54.211251974105835
11 72.01707124710083
12 89.87987351417542
13 108.15057587623596
14 126.27306604385376
15 144.44488096237183
16 196.99780821800232
17 276.4676830768585
18 374.16193890571594
19 490.429238319397
20 620.9413592815399
21 745.883727312088
22 905.5569911003113
23 1066.1557388305664
24 1232.3683471679688
25 1393.4052729606628
26 1536.4413273334503
27 1664.0994250774384
28 1772.4873418807983
29 1872.9531698226929
30 1953.6830911636353
31 2015.9510452747345
32 2033.7222168445587
33 2051.7066657543182
34 2069.994146347046
35 2088.0544357299805
36 2105.778657913208
37 2123.8658590316772
38 2142.2293515205383
39 2160.3015258312225
40 2178.2496354579926
9: err_max: 1.0734938372253255e-10, time: 2178.30 s
9.074055413310633e-09
