/home/u2025010169/PROJECT/BlatzKo_2d/generate_data/analytical_u/ex2_batch.py:177: IntegrationWarning: The algorithm does not converge.  Roundoff error is detected
  in the extrapolation table.  It is assumed that the requested tolerance
  cannot be achieved, and that the returned result (if full_output = 1) is 
  the best which can be obtained.
  I_1[k], err1 = integrate.quad(fk_1, 0, delta, epsabs=1e-10, epsrel=1e-10)
PID: 45084
PID: 45084
8 6.151684761047363
9 12.297117471694946
10 18.445341110229492
11 24.59600305557251
12 30.740954875946045
13 36.893728494644165
14 43.05227518081665
15 49.220486879348755
16 89.54049181938171
17 156.4588484764099
18 241.95610904693604
19 345.26825070381165
20 462.2694401741028
21 574.6100218296051
22 719.6974673271179
23 866.2071087360382
24 1019.1470928192139
25 1166.456750869751
26 1296.51988530159
27 1410.915729522705
28 1506.4757931232452
29 1594.2497696876526
30 1662.7035982608795
31 1713.0553674697876
32 1719.2067251205444
33 1725.3626294136047
34 1731.52534532547
35 1737.6867771148682
36 1743.8505523204803
37 1750.012904882431
38 1756.1761057376862
39 1762.3280203342438
40 1768.4820802211761
0: err_max: 9.999829998295195e-11, time: 1768.49 s
8 6.149991750717163
9 12.318345546722412
10 18.479856967926025
11 24.63587760925293
12 30.79857563972473
13 36.96065139770508
14 43.13315176963806
15 49.30702090263367
16 89.68203401565552
17 156.63649725914001
18 242.14040994644165
19 345.3763515949249
20 461.5954372882843
21 573.7489178180695
22 719.285040140152
23 866.8146867752075
24 1020.1498374938965
25 1168.0412800312042
26 1297.822897195816
27 1412.6054210662842
28 1509.2175014019012
29 1597.435486316681
30 1665.886819601059
31 1716.142216205597
32 1722.322832107544
33 1728.511932849884
34 1734.6846623420715
35 1740.859083890915
36 1747.0382471084595
37 1753.2239513397217
38 1759.4122862815857
39 1765.593512058258
40 1771.768054485321
1: err_max: 9.999893828828235e-11, time: 1771.77 s
8 6.134754657745361
9 12.278232097625732
10 18.415649890899658
11 24.548725128173828
12 30.682655572891235
13 36.82292461395264
14 42.975746870040894
15 49.12736916542053
16 89.28115320205688
17 155.9202332496643
18 241.1548969745636
19 344.1891508102417
20 461.8440132141113
21 574.1593241691589
22 718.8792359828949
23 865.4670467376709
24 1017.9164810180664
25 1165.0847444534302
26 1294.7644002437592
27 1408.672103881836
28 1504.6431713104248
29 1592.5264382362366
30 1661.4671685695648
31 1711.5150175094604
32 1717.6668972969055
33 1723.8308537006378
34 1730.000096321106
35 1736.1582016944885
36 1742.3205399513245
37 1748.4990072250366
38 1754.6552703380585
39 1760.8087930679321
40 1766.9727416038513
2: err_max: 9.999855023895554e-11, time: 1766.98 s
8 6.1398701667785645
9 12.273396253585815
10 18.40773296356201
11 24.546332359313965
12 30.69032573699951
13 36.84356951713562
14 42.99016237258911
15 49.142162561416626
16 88.80010223388672
17 154.7697880268097
18 238.7870421409607
19 339.6665277481079
20 455.64204812049866
21 568.2371742725372
22 713.1532800197601
23 859.9314942359924
24 1012.7772614955902
25 1160.0963535308838
26 1289.5326352119446
27 1403.3722043037415
28 1499.4553968906403
29 1587.3501439094543
30 1655.864601612091
31 1706.0985577106476
32 1712.2539830207825
33 1718.403923034668
34 1724.5530104637146
35 1730.7120597362518
36 1736.8702239990234
37 1743.0323586463928
38 1749.1872658729553
39 1755.342973947525
40 1761.511004447937
3: err_max: 9.998852787407309e-11, time: 1761.67 s
8 6.122308254241943
9 12.253967523574829
10 18.382290363311768
11 24.519826889038086
12 30.666634798049927
13 36.81357002258301
14 42.962841749191284
15 49.115800619125366
16 88.33328413963318
17 154.97129440307617
18 240.19089341163635
19 343.05599546432495
20 459.6614599227905
21 571.9184558391571
22 716.8746297359467
23 863.5956995487213
24 1016.3035151958466
25 1163.2546999454498
26 1292.9460101127625
27 1406.4978787899017
28 1502.44646692276
29 1590.205235004425
30 1658.9770286083221
31 1709.255001783371
32 1715.3961420059204
33 1721.5417783260345
34 1727.6984968185425
35 1733.8448169231415
36 1739.999149799347
37 1746.1448674201965
38 1752.2959611415863
39 1758.4494235515594
40 1764.5918698310852
4: err_max: 9.999976844851655e-11, time: 1764.59 s
8 6.107160568237305
9 12.218027830123901
10 18.336672067642212
11 24.457007884979248
12 30.580201625823975
13 36.7101047039032
14 42.8360230922699
15 48.96133065223694
16 89.07174611091614
17 155.58141374588013
18 240.354243516922
19 343.0188615322113
20 459.91577553749084
21 571.6970729827881
22 716.3204998970032
23 862.5734498500824
24 1015.2755858898163
25 1162.3899927139282
26 1292.0764577388763
27 1406.0804584026337
28 1502.189402103424
29 1589.8704054355621
30 1658.4227797985077
31 1708.529705286026
32 1714.6785700321198
33 1720.8234903812408
34 1726.9579503536224
35 1733.0980536937714
36 1739.234284877777
37 1745.368442773819
38 1751.5065808296204
39 1757.6431410312653
40 1763.7766156196594
5: err_max: 9.999861529108589e-11, time: 1763.78 s
8 6.156335353851318
9 12.321651220321655
10 18.478936672210693
11 24.64197587966919
12 30.812738180160522
13 36.983007192611694
14 43.14735960960388
15 49.319530963897705
16 89.43156099319458
17 156.10160040855408
18 241.64353775978088
19 344.932813167572
20 462.25730752944946
21 574.486457824707
22 718.6444170475006
23 865.7008547782898
24 1018.9649820327759
25 1166.6487069129944
26 1296.9834768772125
27 1411.7974321842194
28 1508.2273116111755
29 1596.3936233520508
30 1665.2464039325714
31 1715.3888924121857
32 1721.5610265731812
33 1727.739562034607
34 1733.917624950409
35 1740.0923566818237
36 1746.2697064876556
37 1752.4488921165466
38 1758.6378951072693
39 1764.820511341095
40 1770.998991727829
6: err_max: 9.999872804811183e-11, time: 1771.24 s
8 6.134272575378418
9 12.267507791519165
10 18.40144443511963
11 24.546467781066895
12 30.69483971595764
13 36.83942151069641
14 42.98889350891113
15 49.14129447937012
16 88.43463206291199
17 154.1839520931244
18 238.81932997703552
19 341.76634454727173
20 458.5083181858063
21 570.8063507080078
22 715.5269460678101
23 862.4259204864502
24 1015.4227304458618
25 1162.7280082702637
26 1292.3832297325134
27 1407.1407780647278
28 1503.4644610881805
29 1591.579232931137
30 1660.6314573287964
31 1711.1377415657043
32 1717.3136868476868
33 1723.490643978119
34 1729.6700367927551
35 1735.844432592392
36 1742.0249960422516
37 1748.202113866806
38 1754.3712103366852
39 1760.5442354679108
40 1766.7175161838531
7: err_max: 8.82540869551196e-09, time: 1766.76 s
8 6.13896918296814
9 12.273862361907959
10 18.404913425445557
11 24.54247498512268
12 30.68410587310791
13 36.82551670074463
14 42.96824765205383
15 49.118733167648315
16 89.05913209915161
17 155.67500495910645
18 240.736430644989
19 343.6510281562805
20 460.732221364975
21 572.8902804851532
22 717.7774729728699
23 864.5107388496399
24 1017.3487024307251
25 1164.0509588718414
26 1294.0126316547394
27 1408.4299936294556
28 1504.655212879181
29 1592.6090250015259
30 1661.3828358650208
31 1711.3976583480835
32 1717.5520370006561
33 1723.7072825431824
34 1729.8706166744232
35 1736.0355513095856
36 1742.2034621238708
37 1748.3637869358063
38 1754.5277934074402
39 1760.6870551109314
40 1766.8477149009705
8: err_max: 9.99983627976941e-11, time: 1766.85 s
8 6.141315460205078
9 12.27550721168518
10 18.4028160572052
11 24.537021160125732
12 30.677767515182495
13 36.82063412666321
14 42.96574354171753
15 49.11641478538513
16 89.23873805999756
17 155.87035727500916
18 240.85199522972107
19 343.51271414756775
20 460.35863876342773
21 572.5536391735077
22 717.4949750900269
23 864.2593228816986
24 1017.3652336597443
25 1164.4870381355286
26 1294.4225108623505
27 1409.1981718540192
28 1505.3793437480927
29 1593.3254206180573
30 1662.1114718914032
31 1712.4807136058807
32 1718.6403212547302
33 1724.8046081066132
34 1730.9715638160706
35 1737.1411242485046
36 1743.3053719997406
37 1749.464807510376
38 1755.640123128891
39 1761.808164358139
40 1767.9768981933594
9: err_max: 9.999926928183633e-11, time: 1768.24 s
8.82540869551196e-09
