/home/u2025010169/PROJECT/BlatzKo_2d/generate_data/analytical_u/ex2_batch.py:177: IntegrationWarning: The algorithm does not converge.  Roundoff error is detected
  in the extrapolation table.  It is assumed that the requested tolerance
  cannot be achieved, and that the returned result (if full_output = 1) is 
  the best which can be obtained.
  I_1[k], err1 = integrate.quad(fk_1, 0, delta, epsabs=1e-10, epsrel=1e-10)
PID: 16333
PID: 16333
8 6.3407557010650635
9 12.683607339859009
10 19.02899670600891
11 25.375442504882812
12 31.719350337982178
13 38.0765266418457
14 44.436256647109985
15 50.79681468009949
16 92.30979871749878
17 161.17646479606628
18 249.1414499282837
19 355.6704468727112
20 475.48417377471924
21 591.555207490921
22 741.0093529224396
23 892.5080041885376
24 1050.4412388801575
25 1202.5201253890991
26 1336.4512510299683
27 1454.871339559555
28 1553.9780628681183
29 1644.7232661247253
30 1715.9097504615784
31 1767.9720871448517
32 1774.3415410518646
33 1780.7108082771301
34 1787.079374551773
35 1793.4568033218384
36 1799.8247818946838
37 1806.1807653903961
38 1812.543419122696
39 1818.900348186493
40 1825.2676525115967
0: err_max: 9.298690990811043e-09, time: 1825.27 s
8 6.364060640335083
9 12.736254215240479
10 19.104918479919434
11 25.480440378189087
12 31.857023239135742
13 38.241483211517334
14 44.627941370010376
15 51.02309846878052
16 92.76668977737427
17 162.13811993598938
18 250.1996567249298
19 356.766318321228
20 477.9872610569
21 594.342072725296
22 744.4480381011963
23 896.6905477046967
24 1055.0257685184479
25 1207.082931280136
26 1341.8339757919312
27 1460.7209312915802
28 1560.4099583625793
29 1651.6485855579376
30 1722.606112241745
31 1774.2544503211975
32 1780.6457588672638
33 1787.0354464054108
34 1793.4261012077332
35 1799.8178141117096
36 1806.2189271450043
37 1812.6144292354584
38 1819.0102236270905
39 1825.4005658626556
40 1831.7905056476593
1: err_max: 9.998024477106914e-11, time: 1831.79 s
8 6.350428342819214
9 12.707118511199951
10 19.064789533615112
11 25.419917345046997
12 31.78209614753723
13 38.146554470062256
14 44.51342010498047
15 50.88539981842041
16 92.02817583084106
17 161.1074469089508
18 250.28245735168457
19 356.85421228408813
20 477.66545963287354
21 593.6179957389832
22 743.4429697990417
23 894.9386258125305
24 1052.7673201560974
25 1204.8318948745728
26 1338.8922004699707
27 1456.8074572086334
28 1556.0757222175598
29 1646.9565641880035
30 1717.8826835155487
31 1769.8181989192963
32 1776.184238910675
33 1782.5470552444458
34 1788.9092309474945
35 1795.2713179588318
36 1801.635954618454
37 1808.001774072647
38 1814.371352672577
39 1820.741349697113
40 1827.1093080043793
2: err_max: 9.99997607255499e-11, time: 1827.11 s
8 6.328755617141724
9 12.64707636833191
10 18.966986179351807
11 25.292622566223145
12 31.62262535095215
13 37.96152949333191
14 44.30260109901428
15 50.64326238632202
16 92.0406596660614
17 160.79088068008423
18 248.55651211738586
19 354.6759760379791
20 475.131308555603
21 591.1436822414398
22 740.2355287075043
23 891.0055093765259
24 1047.807760477066
25 1199.4458227157593
26 1333.2858889102936
27 1450.9415249824524
28 1549.991010427475
29 1640.6279842853546
30 1711.5920732021332
31 1763.5404388904572
32 1769.8945996761322
33 1776.2456729412079
34 1782.5974352359772
35 1788.9492285251617
36 1795.3078706264496
37 1801.6618435382843
38 1808.0148394107819
39 1814.3634021282196
40 1820.7124106884003
3: err_max: 9.998916278286529e-11, time: 1821.14 s
8 6.3218042850494385
9 12.650814533233643
10 18.978172063827515
11 25.305702686309814
12 31.636244773864746
13 37.96752667427063
14 44.30570101737976
15 50.644479274749756
16 91.94025444984436
17 160.41854071617126
18 248.00555324554443
19 353.8185155391693
20 474.13059735298157
21 589.9610240459442
22 739.2475423812866
23 890.5271332263947
24 1047.6611139774323
25 1199.521968126297
26 1333.4712960720062
27 1451.6991019248962
28 1550.8012282848358
29 1641.401439189911
30 1712.3186748027802
31 1764.3037087917328
32 1770.6572415828705
33 1777.0107879638672
34 1783.3687155246735
35 1789.7204077243805
36 1796.0745577812195
37 1802.4253361225128
38 1808.777517080307
39 1815.1295404434204
40 1821.475212097168
4: err_max: 9.999946010141869e-11, time: 1821.48 s
8 6.3288421630859375
9 12.661440134048462
10 18.99119257926941
11 25.321244478225708
12 31.656505346298218
13 37.995441198349
14 44.33532428741455
15 50.6787166595459
16 92.16265988349915
17 161.0325403213501
18 248.9244577884674
19 356.1197142601013
20 477.0044801235199
21 592.944748878479
22 742.1294939517975
23 893.5727972984314
24 1051.4778175354004
25 1203.434404850006
26 1337.1199498176575
27 1455.019182920456
28 1554.2071301937103
29 1644.9163482189178
30 1715.9298243522644
31 1767.8954396247864
32 1774.2513890266418
33 1780.606962442398
34 1786.9590773582458
35 1793.3219184875488
36 1799.6810660362244
37 1806.0385541915894
38 1812.3956699371338
39 1818.7505779266357
40 1825.106612920761
5: err_max: 9.135975524710016e-09, time: 1825.11 s
8 6.360164403915405
9 12.71591830253601
10 19.074869871139526
11 25.435293197631836
12 31.797910690307617
13 38.155948877334595
14 44.52230095863342
15 50.88959336280823
16 92.31132578849792
17 160.6269884109497
18 248.7523114681244
19 355.3824141025543
20 476.19588327407837
21 592.4407398700714
22 742.3186566829681
23 894.3005101680756
24 1052.36266207695
25 1204.3838114738464
26 1338.670239686966
27 1456.78866648674
28 1556.040424823761
29 1647.0066933631897
30 1718.2860052585602
31 1770.4464876651764
32 1776.824625492096
33 1783.2039587497711
34 1789.5857336521149
35 1795.965660572052
36 1802.3528876304626
37 1808.7359869480133
38 1815.1106402873993
39 1821.486855506897
40 1827.862803220749
6: err_max: 9.999941846805527e-11, time: 1828.27 s
8 6.337441444396973
9 12.677699327468872
10 19.023273944854736
11 25.368699073791504
12 31.72186803817749
13 38.07364296913147
14 44.42318558692932
15 50.77643036842346
16 92.2109682559967
17 161.1054298877716
18 248.95764017105103
19 355.3879909515381
20 476.1535313129425
21 592.0748162269592
22 741.7345259189606
23 893.3560781478882
24 1051.3133974075317
25 1203.5047838687897
26 1337.7694714069366
27 1456.20321393013
28 1555.2773241996765
29 1645.3246607780457
30 1715.9402258396149
31 1767.8536405563354
32 1774.219467639923
33 1780.5857436656952
34 1786.9526851177216
35 1793.317173242569
36 1799.6923007965088
37 1806.0628447532654
38 1812.4336733818054
39 1818.8031780719757
40 1825.169687986374
7: err_max: 9.999648505065739e-11, time: 1825.17 s
8 6.32230281829834
9 12.647465467453003
10 18.970397233963013
11 25.29014563560486
12 31.615079402923584
13 37.94691014289856
14 44.27930736541748
15 50.61737418174744
16 91.8341064453125
17 159.05542755126953
18 246.5373408794403
19 353.31391739845276
20 473.5338580608368
21 587.8448088169098
22 736.9023671150208
23 888.1621658802032
24 1046.0603985786438
25 1197.9452621936798
26 1331.9432725906372
27 1449.974881887436
28 1548.6576812267303
29 1639.3131351470947
30 1710.1614768505096
31 1762.1066751480103
32 1768.455070734024
33 1774.8124420642853
34 1781.1649849414825
35 1787.5201518535614
36 1793.875427722931
37 1800.229825258255
38 1806.5822944641113
39 1812.9357180595398
40 1819.2812943458557
8: err_max: 9.999354849428047e-11, time: 1819.28 s
8 6.328041076660156
9 12.652640104293823
10 18.979750871658325
11 25.30690360069275
12 31.638541221618652
13 37.97273015975952
14 44.31669092178345
15 50.66078281402588
16 90.7405366897583
17 159.25134921073914
18 246.90802574157715
19 353.11247420310974
20 473.69669342041016
21 589.7310516834259
22 738.9223635196686
23 890.3412115573883
24 1048.1935362815857
25 1199.8830559253693
26 1333.7712755203247
27 1451.6880180835724
28 1550.8374490737915
29 1641.4565060138702
30 1711.63564991951
31 1763.4861898422241
32 1769.8381645679474
33 1776.1976385116577
34 1782.5536904335022
35 1788.907895565033
36 1795.2640206813812
37 1801.6201026439667
38 1807.9730019569397
39 1814.322669506073
40 1820.67529296875
9: err_max: 9.999776354185919e-11, time: 1820.89 s
9.298690990811043e-09
