PID: 8157
PID: 8157
8 18.623844861984253
9 37.07400131225586
10 55.47963309288025
11 73.99346232414246
12 92.53978753089905
13 110.95984101295471
14 129.28690004348755
15 147.85241770744324
16 200.21310901641846
17 278.7425186634064
18 375.1724600791931
19 489.87007308006287
20 618.4812369346619
21 741.6380889415741
22 897.5851120948792
23 1055.6493480205536
24 1218.7154340744019
25 1377.33336019516
26 1518.1965103149414
27 1644.3311376571655
28 1751.7456123828888
29 1850.4482610225677
30 1930.0998277664185
31 1991.8789858818054
32 2009.6302201747894
33 2026.823205947876
34 2044.1127684116364
35 2061.9805376529694
36 2079.991000890732
37 2097.9014976024628
38 2115.5040543079376
39 2133.3604304790497
40 2151.5628452301025
0: err_max: 8.584884469975407e-09, time: 2151.58 s
8 18.255450963974
9 36.45937395095825
10 54.66569924354553
11 72.69907712936401
12 91.10931634902954
13 109.57698726654053
14 127.96516180038452
15 146.35875749588013
16 198.4438145160675
17 277.06718730926514
18 373.8695390224457
19 488.771169424057
20 617.579178571701
21 740.8187930583954
22 897.0508997440338
23 1053.7232389450073
24 1217.598628282547
25 1376.9666903018951
26 1517.8218212127686
27 1643.9509227275848
28 1751.5626418590546
29 1851.4765930175781
30 1931.7779967784882
31 1993.9448947906494
32 2012.289901971817
33 2030.5862698554993
34 2048.9584515094757
35 2067.404270887375
36 2085.8501603603363
37 2104.3384053707123
38 2122.8135933876038
39 2141.3929846286774
40 2159.972913980484
1: err_max: 1.9286677602203817e-09, time: 2159.98 s
8 17.972416877746582
9 36.03797483444214
10 54.22818994522095
11 72.34980058670044
12 90.2499577999115
13 108.42633128166199
14 126.63425755500793
15 144.82312750816345
16 195.62797379493713
17 273.71144676208496
18 370.25747179985046
19 484.85522389411926
20 613.3806047439575
21 736.406008720398
22 893.5214960575104
23 1052.0425226688385
24 1216.1031830310822
25 1374.703361749649
26 1514.6719732284546
27 1641.2256076335907
28 1748.2371397018433
29 1847.613110780716
30 1927.1350984573364
31 1989.0814054012299
32 2007.49187707901
33 2025.9553105831146
34 2044.4057343006134
35 2062.6626064777374
36 2081.0226616859436
37 2099.453677415848
38 2117.75502204895
39 2136.084988117218
40 2154.4567732810974
2: err_max: 2.1950856687880105e-09, time: 2154.78 s
8 18.462056398391724
9 36.94868516921997
10 55.44012904167175
11 73.95083594322205
12 92.45595669746399
13 110.97698855400085
14 129.51103353500366
15 148.02139472961426
16 200.1453287601471
17 278.59916162490845
18 375.1146831512451
19 489.7227735519409
20 618.3019733428955
21 741.5842008590698
22 897.7099237442017
23 1055.5312428474426
24 1218.7853021621704
25 1377.3289482593536
26 1517.4584560394287
27 1642.9002451896667
28 1750.6284143924713
29 1850.1107866764069
30 1930.4569680690765
31 1992.5483801364899
32 2010.794293165207
33 2028.9904053211212
34 2047.077023267746
35 2065.4135270118713
36 2083.9214673042297
37 2101.925621032715
38 2120.0832846164703
39 2138.4704220294952
40 2156.9684019088745
3: err_max: 3.749714358458611e-09, time: 2156.98 s
8 18.363691329956055
9 37.10160446166992
10 55.62730622291565
11 74.0752694606781
12 92.52205300331116
13 111.05569624900818
14 129.52705097198486
15 147.8267366886139
16 199.74471950531006
17 278.1160056591034
18 374.2786138057709
19 488.4701478481293
20 615.4418814182281
21 739.0163743495941
22 894.5475018024445
23 1051.2929229736328
24 1214.009626865387
25 1371.9468309879303
26 1512.100350856781
27 1638.0858881473541
28 1745.506513595581
29 1844.5146307945251
30 1923.8993937969208
31 1985.3785781860352
32 2003.176125049591
33 2020.9691693782806
34 2038.5935208797455
35 2056.3639721870422
36 2074.194706439972
37 2092.0503170490265
38 2110.0117814540863
39 2127.8134281635284
40 2145.516073703766
4: err_max: 1.999686843195958e-09, time: 2145.56 s
8 18.417093992233276
9 36.714351177215576
10 54.91735601425171
11 72.99740958213806
12 91.4332492351532
13 109.8923065662384
14 128.22438645362854
15 146.4111249446869
16 198.1563057899475
17 276.35046195983887
18 372.34258222579956
19 486.25613260269165
20 614.1996259689331
21 737.3794028759003
22 891.8818371295929
23 1049.4734349250793
24 1213.1910984516144
25 1372.4365808963776
26 1513.441504240036
27 1640.6573836803436
28 1748.330898284912
29 1847.7105305194855
30 1927.7920727729797
31 1989.1929392814636
32 2006.3043444156647
33 2023.8050594329834
34 2041.5758180618286
35 2059.5839948654175
36 2077.641934633255
37 2095.3757362365723
38 2113.5579223632812
39 2131.699756383896
40 2149.878008365631
5: err_max: 7.130403279972941e-09, time: 2149.90 s
8 17.1309175491333
9 34.034690618515015
10 50.793203830718994
11 67.82123875617981
12 85.04836320877075
13 102.30744171142578
14 119.47759366035461
15 136.98742032051086
16 188.36730551719666
17 265.92685890197754
18 361.47175335884094
19 474.9552104473114
20 603.2894637584686
21 725.9318680763245
22 882.1460371017456
23 1039.8074326515198
24 1203.850749015808
25 1363.8505418300629
26 1504.8267357349396
27 1630.6048381328583
28 1737.87189078331
29 1836.846223115921
30 1916.0502922534943
31 1977.053127527237
32 1994.504460811615
33 2011.377610206604
34 2028.2391731739044
35 2045.3293180465698
36 2062.6881353855133
37 2079.64305973053
38 2096.5481996536255
39 2113.282200574875
40 2130.74187707901
6: err_max: 7.341433076041293e-09, time: 2130.87 s
8 18.334193468093872
9 36.69676351547241
10 54.8117516040802
11 72.98904395103455
12 91.38387513160706
13 109.87984108924866
14 128.1670582294464
15 146.42859625816345
16 197.97550106048584
17 276.3697190284729
18 372.19340443611145
19 485.274863243103
20 613.3486540317535
21 736.5675132274628
22 892.3832671642303
23 1049.515400648117
24 1213.0792994499207
25 1372.2820749282837
26 1513.2751014232635
27 1639.0157659053802
28 1746.5492210388184
29 1845.8386163711548
30 1926.152691602707
31 1988.2868893146515
32 2006.280698299408
33 2024.1408462524414
34 2042.0536868572235
35 2059.6582498550415
36 2076.9945425987244
37 2094.4681763648987
38 2112.0146853923798
39 2129.3222539424896
40 2146.673408269882
7: err_max: 3.3354059444934414e-09, time: 2146.69 s
8 18.12238311767578
9 36.2394745349884
10 54.53329610824585
11 72.77693271636963
12 91.02476334571838
13 109.24600005149841
14 127.44702768325806
15 145.71024417877197
16 197.58915066719055
17 275.7274913787842
18 371.6763093471527
19 485.5853018760681
20 613.7324969768524
21 736.9500820636749
22 892.3530993461609
23 1049.4701344966888
24 1212.6006350517273
25 1370.707716703415
26 1511.3451533317566
27 1637.9758627414703
28 1745.4140002727509
29 1844.691311597824
30 1924.3158838748932
31 1985.9583837985992
32 2003.6633281707764
33 2021.5403411388397
34 2039.2552485466003
35 2057.039036989212
36 2074.872717142105
37 2092.7103037834167
38 2110.557110309601
39 2128.3402848243713
40 2146.362402200699
8: err_max: 2.827905399432895e-09, time: 2146.39 s
8 17.910966157913208
9 35.53395867347717
10 52.87047076225281
11 70.21925044059753
12 87.89536118507385
13 105.69874334335327
14 123.38739919662476
15 140.85469794273376
16 192.0286226272583
17 269.8112003803253
18 365.5205702781677
19 479.12341260910034
20 606.8629891872406
21 729.4891264438629
22 885.3379878997803
23 1042.4146039485931
24 1205.2640302181244
25 1363.5162501335144
26 1503.5742616653442
27 1628.667183637619
28 1735.3677926063538
29 1833.7401728630066
30 1912.7146317958832
31 1973.5559635162354
32 1990.6444566249847
33 2007.8012523651123
34 2024.9866518974304
35 2042.165978193283
36 2059.348605155945
37 2076.61004114151
38 2094.131500005722
39 2111.524738073349
40 2128.6590909957886
9: err_max: 5.147877603361994e-09, time: 2128.67 s
8.584884469975407e-09
