/home/u2025010169/PROJECT/BlatzKo_2d/generate_data/analytical_u/ex2_batch.py:177: IntegrationWarning: The algorithm does not converge.  Roundoff error is detected
  in the extrapolation table.  It is assumed that the requested tolerance
  cannot be achieved, and that the returned result (if full_output = 1) is 
  the best which can be obtained.
  I_1[k], err1 = integrate.quad(fk_1, 0, delta, epsabs=1e-10, epsrel=1e-10)
PID: 19994
PID: 19994
8 6.1945061683654785
9 12.376361846923828
10 18.56660747528076
11 24.75028920173645
12 30.94173765182495
13 37.13309931755066
14 43.3328013420105
15 49.53795385360718
16 90.03023338317871
17 157.26163578033447
18 243.00531578063965
19 346.78556656837463
20 464.6653301715851
21 578.2512502670288
22 724.7465517520905
23 873.0281145572662
24 1027.0598454475403
25 1175.8381407260895
26 1307.2028584480286
27 1422.8458771705627
28 1520.2018139362335
29 1609.0479822158813
30 1678.4647929668427
31 1729.1268525123596
32 1735.3571109771729
33 1741.59148645401
34 1747.821370601654
35 1754.0498898029327
36 1760.2870409488678
37 1766.5260865688324
38 1772.7588260173798
39 1778.9941730499268
40 1785.2212579250336
0: err_max: 9.999675740224312e-11, time: 1785.23 s
8 6.196234703063965
9 12.405631303787231
10 18.615137815475464
11 24.82913637161255
12 31.048964738845825
13 37.26822376251221
14 43.48798418045044
15 49.69730472564697
16 90.2343327999115
17 157.4266836643219
18 243.0017123222351
19 345.1978647708893
20 462.87911462783813
21 575.8671901226044
22 721.7758436203003
23 868.9352033138275
24 1023.0254461765289
25 1171.201547384262
26 1301.888670682907
27 1416.888313293457
28 1513.755737066269
29 1602.214851617813
30 1670.3332633972168
31 1721.0040290355682
32 1727.2032644748688
33 1733.3953149318695
34 1739.5856654644012
35 1745.7805211544037
36 1751.9687793254852
37 1758.165079832077
38 1764.3627116680145
39 1770.5561397075653
40 1776.755633354187
1: err_max: 9.99808058750875e-11, time: 1776.76 s
8 6.173069477081299
9 12.351207971572876
10 18.52892565727234
11 24.71091651916504
12 30.899739027023315
13 37.07085466384888
14 43.2375283241272
15 49.40730905532837
16 89.48955774307251
17 156.522390127182
18 242.17214798927307
19 345.8543391227722
20 462.91285252571106
21 575.4517662525177
22 720.7171597480774
23 867.8345377445221
24 1020.801441192627
25 1168.5779700279236
26 1299.1336088180542
27 1414.4126000404358
28 1510.9868233203888
29 1599.3860504627228
30 1668.7250864505768
31 1719.4084980487823
32 1725.6025519371033
33 1731.7955753803253
34 1737.9806191921234
35 1744.1643090248108
36 1750.3515729904175
37 1756.5356583595276
38 1762.7219388484955
39 1768.9072711467743
40 1775.0939700603485
2: err_max: 4.6593043798170974e-09, time: 1775.10 s
8 6.15610671043396
9 12.305744409561157
10 18.45974111557007
11 24.609822034835815
12 30.769723892211914
13 36.931151151657104
14 43.09696865081787
15 49.267908334732056
16 89.44039106369019
17 156.21053767204285
18 241.58246564865112
19 344.91703248023987
20 462.09326004981995
21 574.7733883857727
22 719.8527433872223
23 867.113508939743
24 1020.2279250621796
25 1168.0109989643097
26 1298.082769870758
27 1413.2777712345123
28 1509.7593531608582
29 1598.0486943721771
30 1667.1934220790863
31 1717.8068974018097
32 1723.9886705875397
33 1730.165134191513
34 1736.335168838501
35 1742.5165529251099
36 1748.697114944458
37 1754.8786363601685
38 1761.0595076084137
39 1767.2425258159637
40 1773.409925699234
3: err_max: 9.49320401108511e-09, time: 1773.42 s
8 6.142915487289429
9 12.287005186080933
10 18.435028314590454
11 24.58078622817993
12 30.73169994354248
13 36.88873815536499
14 43.04325199127197
15 49.20270538330078
16 89.42007803916931
17 156.26129341125488
18 241.6990303993225
19 344.77397561073303
20 461.9921541213989
21 574.5113549232483
22 719.7216801643372
23 866.5158181190491
24 1019.9231321811676
25 1167.6720645427704
26 1297.933605670929
27 1412.6358215808868
28 1508.9041452407837
29 1597.0262830257416
30 1665.4695501327515
31 1715.7921578884125
32 1721.9541029930115
33 1728.1240026950836
34 1734.2942218780518
35 1740.4598894119263
36 1746.6313707828522
37 1752.7906012535095
38 1758.9557251930237
39 1765.1149461269379
40 1771.2780220508575
4: err_max: 9.99995295784915e-11, time: 1771.28 s
8 6.15418553352356
9 12.310696125030518
10 18.47750759124756
11 24.642271757125854
12 30.806384563446045
13 36.96557641029358
14 43.12431478500366
15 49.28391909599304
16 89.55918502807617
17 156.3687059879303
18 241.65609550476074
19 345.01394605636597
20 462.5187656879425
21 575.3288705348969
22 719.4883394241333
23 866.4840052127838
24 1020.28307056427
25 1168.1379885673523
26 1298.6257586479187
27 1413.7637782096863
28 1510.363053560257
29 1598.5874350070953
30 1667.818882226944
31 1718.3313319683075
32 1724.5060403347015
33 1730.691731452942
34 1736.8927693367004
35 1743.083431482315
36 1749.2734265327454
37 1755.453189611435
38 1761.630253314972
39 1767.806486606598
40 1773.984298467636
5: err_max: 9.999410327532487e-11, time: 1773.99 s
8 6.169813632965088
9 12.337457418441772
10 18.513654232025146
11 24.693679332733154
12 30.879956007003784
13 37.06519317626953
14 43.25136852264404
15 49.450854778289795
16 89.74340391159058
17 156.57595920562744
18 242.20489931106567
19 345.8188910484314
20 463.3998830318451
21 576.4941136837006
22 722.085794210434
23 869.5856318473816
24 1022.6903295516968
25 1170.853318452835
26 1301.0668110847473
27 1416.005096912384
28 1512.676053762436
29 1601.1320559978485
30 1670.337777376175
31 1720.858883857727
32 1727.0451917648315
33 1733.222047328949
34 1739.3978943824768
35 1745.5738110542297
36 1751.758526802063
37 1757.9444496631622
38 1764.1242113113403
39 1770.301415681839
40 1776.4791209697723
6: err_max: 9.999653591122885e-11, time: 1776.60 s
8 6.151844501495361
9 12.313426494598389
10 18.47366714477539
11 24.645713806152344
12 30.81463384628296
13 36.99225068092346
14 43.16317272186279
15 49.332310914993286
16 89.49981117248535
17 155.52853155136108
18 239.8036811351776
19 342.03610467910767
20 458.970587015152
21 571.4487030506134
22 716.6723735332489
23 863.9365632534027
24 1017.528923034668
25 1165.1826832294464
26 1295.3564105033875
27 1410.4564836025238
28 1506.5208916664124
29 1594.4335298538208
30 1663.6195530891418
31 1714.1994540691376
32 1720.3754410743713
33 1726.5479176044464
34 1732.7210199832916
35 1738.9069950580597
36 1745.0996282100677
37 1751.2841131687164
38 1757.4626245498657
39 1763.6431484222412
40 1769.8269832134247
7: err_max: 8.207987654135218e-09, time: 1769.83 s
8 6.139141321182251
9 12.273952722549438
10 18.419188261032104
11 24.554019689559937
12 30.711976766586304
13 36.86578726768494
14 43.015297412872314
15 49.17369055747986
16 89.3282401561737
17 156.02995109558105
18 241.30515789985657
19 344.37733006477356
20 461.4556815624237
21 574.084419965744
22 717.8269007205963
23 864.1065320968628
24 1016.7101898193359
25 1164.1988546848297
26 1294.1535804271698
27 1408.738122701645
28 1504.5092325210571
29 1592.2503862380981
30 1661.202364206314
31 1711.299643278122
32 1717.4590983390808
33 1723.6249918937683
34 1729.7914497852325
35 1735.9668841362
36 1742.1314435005188
37 1748.2966923713684
38 1754.4642090797424
39 1760.632526397705
40 1766.7970662117004
8: err_max: 9.999882593066541e-11, time: 1766.80 s
8 6.147205352783203
9 12.282355785369873
10 18.42177391052246
11 24.575053453445435
12 30.73568367958069
13 36.89713764190674
14 43.06456685066223
15 49.2367045879364
16 88.59431791305542
17 155.43154644966125
18 240.9171221256256
19 342.74168610572815
20 459.91831707954407
21 572.146758556366
22 717.3512799739838
23 864.4009921550751
24 1017.8077476024628
25 1165.3950245380402
26 1295.113915681839
27 1409.8827018737793
28 1506.1431522369385
29 1594.56178689003
30 1663.594470500946
31 1714.0848636627197
32 1720.2506875991821
33 1726.4230031967163
34 1732.599044084549
35 1738.768338918686
36 1744.9427299499512
37 1751.115386724472
38 1757.2979526519775
39 1763.467725276947
40 1769.6387257575989
9: err_max: 9.998800572230682e-11, time: 1769.89 s
9.49320401108511e-09
