PID: 24129
PID: 24129
8 18.068766117095947
9 36.18032717704773
10 54.36301565170288
11 72.4067919254303
12 90.21865725517273
13 108.17560720443726
14 126.0019519329071
15 143.773193359375
16 194.95471477508545
17 271.67603731155396
18 367.8131000995636
19 482.10418176651
20 610.0058941841125
21 733.3142166137695
22 888.8092575073242
23 1046.460021495819
24 1209.8844635486603
25 1369.5664224624634
26 1510.825694322586
27 1637.6838364601135
28 1745.8739922046661
29 1845.841964006424
30 1925.9416279792786
31 1988.0873425006866
32 2006.6312129497528
33 2025.2850439548492
34 2043.802419424057
35 2062.209170103073
36 2080.846374988556
37 2099.5104031562805
38 2117.9338455200195
39 2136.394683599472
40 2155.0165252685547
0: err_max: 6.798232237564816e-09, time: 2155.07 s
8 18.317427396774292
9 36.31090331077576
10 54.262394428253174
11 72.49366903305054
12 90.63245177268982
13 108.73971462249756
14 126.9147584438324
15 145.06371521949768
16 197.14556884765625
17 275.5322413444519
18 372.5345458984375
19 487.4617290496826
20 616.2297923564911
21 740.5792047977448
22 897.8527038097382
23 1056.1715338230133
24 1220.1285517215729
25 1379.4523758888245
26 1521.0203020572662
27 1647.1079161167145
28 1756.511033296585
29 1856.4811697006226
30 1936.7087502479553
31 1998.9595952033997
32 2017.0226764678955
33 2035.0341362953186
34 2052.447566509247
35 2069.963993549347
36 2087.333252429962
37 2104.5130474567413
38 2121.5413959026337
39 2138.719126224518
40 2156.1003789901733
1: err_max: 8.91111653911203e-09, time: 2156.11 s
8 18.374849796295166
9 36.499048948287964
10 54.3569221496582
11 72.38356256484985
12 90.70311045646667
13 108.97401595115662
14 126.995032787323
15 145.07188725471497
16 196.02606678009033
17 273.66530561447144
18 370.2131407260895
19 484.7680518627167
20 613.2622003555298
21 736.7585036754608
22 892.9907529354095
23 1050.6661748886108
24 1214.1929597854614
25 1372.3910765647888
26 1512.895672082901
27 1639.3016474246979
28 1746.8197100162506
29 1846.3154027462006
30 1926.1030547618866
31 1988.0348675251007
32 2005.972692489624
33 2024.1326100826263
34 2042.2603850364685
35 2060.2278230190277
36 2078.4432775974274
37 2096.51215672493
38 2114.5933084487915
39 2132.6626884937286
40 2150.6100022792816
2: err_max: 2.839253856329327e-09, time: 2150.93 s
8 16.55942153930664
9 33.76673078536987
10 51.17729711532593
11 68.64616370201111
12 85.96493744850159
13 103.23053550720215
14 120.57037210464478
15 137.9802966117859
16 189.04692101478577
17 266.6083793640137
18 362.64610600471497
19 476.4865686893463
20 604.3465404510498
21 727.5943839550018
22 883.9301047325134
23 1041.5341260433197
24 1206.076453447342
25 1365.0867245197296
26 1506.268046617508
27 1633.3823382854462
28 1741.299292564392
29 1840.9675557613373
30 1921.0157327651978
31 1983.229325056076
32 2001.587443113327
33 2019.8712038993835
34 2037.9632198810577
35 2055.815109014511
36 2073.8287093639374
37 2091.520037174225
38 2109.326601266861
39 2127.147646665573
40 2144.928451061249
3: err_max: 4.022326045155511e-09, time: 2144.94 s
8 17.51310420036316
9 34.940510749816895
10 52.60225200653076
11 70.17510151863098
12 87.54298043251038
13 105.03224849700928
14 123.17317366600037
15 141.32441186904907
16 192.93553972244263
17 270.7450382709503
18 366.90609765052795
19 481.2164149284363
20 609.5712530612946
21 732.6569995880127
22 888.3911662101746
23 1045.8199808597565
24 1208.8768436908722
25 1367.2320408821106
26 1507.5174362659454
27 1633.3269336223602
28 1740.8086411952972
29 1839.7121698856354
30 1919.366549730301
31 1981.1500761508942
32 1999.1016066074371
33 2016.9960844516754
34 2034.7223975658417
35 2052.5254306793213
36 2070.326209306717
37 2088.1188299655914
38 2105.7162709236145
39 2123.4638912677765
40 2141.2556598186493
4: err_max: 6.257435063161676e-09, time: 2141.40 s
8 18.129271507263184
9 35.990084171295166
10 53.88907194137573
11 71.85892128944397
12 89.93878817558289
13 107.63370418548584
14 125.47798562049866
15 143.30241584777832
16 194.87314987182617
17 272.79778575897217
18 368.78143072128296
19 483.05063223838806
20 611.2591099739075
21 734.0950171947479
22 890.0318086147308
23 1047.5062863826752
24 1211.5578684806824
25 1371.3512513637543
26 1512.067289352417
27 1637.965326309204
28 1745.5835568904877
29 1844.944459438324
30 1924.2198090553284
31 1985.5490953922272
32 2003.3876540660858
33 2021.520301103592
34 2039.7036981582642
35 2057.958176612854
36 2076.2484476566315
37 2094.5141644477844
38 2113.096797466278
39 2131.64076423645
40 2150.117644548416
5: err_max: 9.851928290532941e-09, time: 2150.23 s
8 17.83363699913025
9 35.90943646430969
10 54.078304290771484
11 72.0717511177063
12 89.91271781921387
13 108.04019689559937
14 126.55286741256714
15 145.10699605941772
16 197.17355370521545
17 275.60761880874634
18 371.4302349090576
19 485.44535303115845
20 614.1012921333313
21 737.6591649055481
22 894.689534664154
23 1052.8417699337006
24 1217.4370486736298
25 1377.0913848876953
26 1517.9752576351166
27 1644.4150366783142
28 1752.2465889453888
29 1852.3252394199371
30 1931.7388422489166
31 1993.310248374939
32 2011.3212037086487
33 2029.3759851455688
34 2047.530508518219
35 2065.549558401108
36 2083.418644428253
37 2101.4006044864655
38 2119.5440249443054
39 2137.7122213840485
40 2155.700965166092
6: err_max: 3.632269091405349e-09, time: 2155.99 s
8 18.612221717834473
9 37.12255120277405
10 55.4990394115448
11 73.92152857780457
12 92.46980810165405
13 110.96037435531616
14 129.35984420776367
15 147.83453607559204
16 199.8802273273468
17 277.9322235584259
18 373.93239974975586
19 487.83501052856445
20 615.8928484916687
21 739.0639400482178
22 894.9234800338745
23 1051.6996853351593
24 1215.543375492096
25 1375.2151460647583
26 1516.2899923324585
27 1641.4708609580994
28 1748.6304686069489
29 1847.5370347499847
30 1926.573474407196
31 1987.6203606128693
32 2005.1471798419952
33 2022.514314174652
34 2039.9776093959808
35 2057.4226446151733
36 2075.0390882492065
37 2093.134254693985
38 2111.520441055298
39 2129.663295507431
40 2147.4315688610077
7: err_max: 3.491167972768938e-09, time: 2147.57 s
8 18.08028244972229
9 36.01284456253052
10 53.79784059524536
11 71.77461171150208
12 89.78859257698059
13 107.77209711074829
14 125.87512993812561
15 143.91024899482727
16 195.78018355369568
17 273.9260232448578
18 370.31934428215027
19 484.6466054916382
20 613.3970618247986
21 737.7045154571533
22 894.8329513072968
23 1053.1940627098083
24 1217.0570073127747
25 1375.2051122188568
26 1515.4698061943054
27 1643.3726649284363
28 1751.3319132328033
29 1850.6289281845093
30 1930.2623019218445
31 1992.146359205246
32 2010.416452407837
33 2028.4923131465912
34 2046.721361875534
35 2065.1501767635345
36 2083.4931693077087
37 2101.380378007889
38 2119.5025968551636
39 2137.730717897415
40 2156.310123682022
8: err_max: 1.0260244466542279e-08, time: 2156.61 s
8 18.047980308532715
9 36.19276165962219
10 54.274773597717285
11 72.14304947853088
12 90.23903727531433
13 108.59077858924866
14 126.87156105041504
15 145.01756715774536
16 196.47027945518494
17 274.36977887153625
18 370.50608706474304
19 484.9968957901001
20 613.3889594078064
21 735.9900479316711
22 892.0413243770599
23 1049.1109075546265
24 1212.5444779396057
25 1370.7435355186462
26 1510.9173748493195
27 1636.40616106987
28 1744.0722131729126
29 1844.1593344211578
30 1923.6210281848907
31 1984.659803390503
32 2002.52889919281
33 2020.5126984119415
34 2038.274674654007
35 2055.6405103206635
36 2072.903917312622
37 2090.514097929001
38 2107.704908132553
39 2123.7889606952667
40 2140.345162630081
9: err_max: 8.306091078824629e-09, time: 2140.36 s
1.0260244466542279e-08
