PID: 35055
8 17.246840238571167
9 34.85526943206787
10 52.74699592590332
11 70.3520565032959
12 87.77689671516418
13 105.3801863193512
14 123.3944845199585
15 141.21997737884521
16 192.7668583393097
17 270.38984394073486
18 366.5240445137024
19 480.75952339172363
20 609.0890436172485
21 731.7329194545746
22 888.129088640213
23 1045.59286570549
24 1209.2836859226227
25 1367.4432876110077
26 1507.6264531612396
27 1633.376454114914
28 1740.696543931961
29 1839.5697288513184
30 1918.2190673351288
31 1978.952936410904
32 1995.9617335796356
33 2013.1229922771454
34 2030.1157174110413
35 2046.4422390460968
36 2062.309029817581
37 2078.31241440773
38 2094.1735138893127
39 2110.0857198238373
40 2125.861978530884
0: err_max: 9.999996837539715e-11, time: 2125.87 s
8 18.01360774040222
9 36.02561855316162
10 54.13176989555359
11 72.02992796897888
12 90.01340341567993
13 108.2740957736969
14 126.14779376983643
15 144.16966915130615
16 195.88919830322266
17 273.9177985191345
18 370.1939263343811
/home/u2025010169/PROJECT/BlatzKo_2d/generate_data/analytical_u/ex1.py:161: IntegrationWarning: The algorithm does not converge.  Roundoff error is detected
  in the extrapolation table.  It is assumed that the requested tolerance
  cannot be achieved, and that the returned result (if full_output = 1) is 
  the best which can be obtained.
  I_2[k], err2 = integrate.quad(fk_2, 0, delta, epsabs=1e-10, epsrel=1e-10)
19 483.57927322387695
20 611.5416376590729
21 735.1670277118683
22 891.4429967403412
23 1048.311060667038
24 1211.1615450382233
25 1369.0795230865479
26 1509.6135201454163
/home/u2025010169/PROJECT/BlatzKo_2d/generate_data/analytical_u/ex1.py:159: IntegrationWarning: The algorithm does not converge.  Roundoff error is detected
  in the extrapolation table.  It is assumed that the requested tolerance
  cannot be achieved, and that the returned result (if full_output = 1) is 
  the best which can be obtained.
  I_1[k], err1 = integrate.quad(fk_1, 0, delta, epsabs=1e-10, epsrel=1e-10)
27 1634.6347029209137
28 1741.5299699306488
29 1840.5435121059418
30 1919.9866733551025
31 1981.3909516334534
32 1998.8644194602966
33 2015.9949078559875
34 2033.17799782753
35 2050.6753063201904
36 2068.048219203949
37 2085.6803534030914
38 2103.405689716339
39 2120.9893715381622
40 2138.439794778824
1: err_max: 3.6171184797373357e-10, time: 2138.45 s
3.6171184797373357e-10
