>> Device being used: cuda (NVIDIA GeForce RTX 4090)
Total number of parameters: 1153
>> Training Mesh resolution: 257x257
/root/autodl-tmp/project/MPNO_final/BlatzKo_1d/PNO_MGN_ex35_k1/PNO_BB.py:135: UserWarning: torch.range is deprecated and will be removed in a future release because its behavior is inconsistent with Python's range builtin. Instead, use torch.arange, which produces values in [start, end).
  ksi_range = torch.range(-m_fact, m_fact).int()
tensor(0.8109)
tensor(3.3456)
>> Preprocessing completed, time elapsed:  0.32s
>> ntrain: 300, lr: 0.01, gamma: 0.6, w_d: 0.0
----------------------------------------------------------------------------------------------------
>> epoch [   1/3000], runtime: 6.81s, train err: 8.1413e-05, valid err: 1.3553e-05 , test err: 2.0149e-03
>> epoch [   2/3000], runtime: 6.45s, train err: 5.3017e-05, valid err: 7.3228e-06 , test err: 1.2807e-03
>> epoch [   3/3000], runtime: 6.80s, train err: 3.2933e-05, valid err: 4.9907e-06 , test err: 8.6710e-04
>> epoch [   4/3000], runtime: 6.76s, train err: 2.8809e-05, valid err: 4.3463e-06 , test err: 8.7065e-04
>> epoch [   5/3000], runtime: 6.78s, train err: 2.3644e-05, valid err: 4.2609e-06 , test err: 8.0444e-04
>> epoch [   6/3000], runtime:  6.28s, train err: 2.2396e-05 (best: 2.3644e-05/4.2609e-06)
>> epoch [   7/3000], runtime: 6.43s, train err: 2.0316e-05, valid err: 3.9792e-06 , test err: 7.1865e-04
>> epoch [   8/3000], runtime: 6.78s, train err: 1.8959e-05, valid err: 3.4843e-06 , test err: 7.0354e-04
>> epoch [   9/3000], runtime: 6.81s, train err: 1.7936e-05, valid err: 3.3657e-06 , test err: 6.4151e-04
>> epoch [  10/3000], runtime:  6.81s, train err: 1.7946e-05 (best: 1.7936e-05/3.3657e-06)
>> epoch [  11/3000], runtime:  6.47s, train err: 2.0435e-05 (best: 1.7936e-05/3.3657e-06)
>> epoch [  12/3000], runtime:  6.81s, train err: 1.9051e-05 (best: 1.7936e-05/3.3657e-06)
>> epoch [  13/3000], runtime: 6.80s, train err: 1.6554e-05, valid err: 3.2117e-06 , test err: 5.6141e-04
>> epoch [  14/3000], runtime:  6.39s, train err: 1.7229e-05 (best: 1.6554e-05/3.2117e-06)
>> epoch [  15/3000], runtime: 6.81s, train err: 1.4900e-05, valid err: 2.6862e-06 , test err: 5.4836e-04
>> epoch [  16/3000], runtime:  6.79s, train err: 1.4108e-05 (best: 1.4900e-05/2.6862e-06)
>> epoch [  17/3000], runtime:  6.45s, train err: 1.6988e-05 (best: 1.4900e-05/2.6862e-06)
>> epoch [  18/3000], runtime:  6.46s, train err: 1.6205e-05 (best: 1.4900e-05/2.6862e-06)
>> epoch [  19/3000], runtime:  6.81s, train err: 1.5059e-05 (best: 1.4900e-05/2.6862e-06)
>> epoch [  20/3000], runtime:  6.81s, train err: 1.3373e-05 (best: 1.4900e-05/2.6862e-06)
>> epoch [  21/3000], runtime:  6.46s, train err: 1.4874e-05 (best: 1.4900e-05/2.6862e-06)
>> epoch [  22/3000], runtime:  6.75s, train err: 1.5682e-05 (best: 1.4900e-05/2.6862e-06)
>> epoch [  23/3000], runtime: 6.15s, train err: 1.3124e-05, valid err: 2.2500e-06 , test err: 4.6262e-04
>> epoch [  24/3000], runtime:  6.09s, train err: 1.1976e-05 (best: 1.3124e-05/2.2500e-06)
>> epoch [  25/3000], runtime:  6.82s, train err: 1.3863e-05 (best: 1.3124e-05/2.2500e-06)
>> epoch [  26/3000], runtime: 6.43s, train err: 1.2063e-05, valid err: 2.2188e-06 , test err: 4.3471e-04
>> epoch [  27/3000], runtime:  6.08s, train err: 1.1051e-05 (best: 1.2063e-05/2.2188e-06)
>> epoch [  28/3000], runtime:  6.26s, train err: 1.3409e-05 (best: 1.2063e-05/2.2188e-06)
>> epoch [  29/3000], runtime:  6.68s, train err: 1.3850e-05 (best: 1.2063e-05/2.2188e-06)
>> epoch [  30/3000], runtime:  6.45s, train err: 1.2393e-05 (best: 1.2063e-05/2.2188e-06)
>> epoch [  31/3000], runtime: 6.45s, train err: 1.1533e-05, valid err: 1.8362e-06 , test err: 3.4319e-04
>> epoch [  32/3000], runtime:  6.43s, train err: 1.1889e-05 (best: 1.1533e-05/1.8362e-06)
>> epoch [  33/3000], runtime: 6.49s, train err: 1.0332e-05, valid err: 1.5804e-06 , test err: 3.3267e-04
>> epoch [  34/3000], runtime:  6.44s, train err: 1.0320e-05 (best: 1.0332e-05/1.5804e-06)
>> epoch [  35/3000], runtime:  6.43s, train err: 9.5543e-06 (best: 1.0332e-05/1.5804e-06)
>> epoch [  36/3000], runtime:  6.25s, train err: 1.0778e-05 (best: 1.0332e-05/1.5804e-06)
>> epoch [  37/3000], runtime:  6.11s, train err: 9.4998e-06 (best: 1.0332e-05/1.5804e-06)
>> epoch [  38/3000], runtime:  6.50s, train err: 1.0214e-05 (best: 1.0332e-05/1.5804e-06)
>> epoch [  39/3000], runtime:  6.25s, train err: 9.3921e-06 (best: 1.0332e-05/1.5804e-06)
>> epoch [  40/3000], runtime:  6.74s, train err: 1.1271e-05 (best: 1.0332e-05/1.5804e-06)
>> epoch [  41/3000], runtime:  5.78s, train err: 1.0931e-05 (best: 1.0332e-05/1.5804e-06)
>> epoch [  42/3000], runtime:  6.23s, train err: 1.2221e-05 (best: 1.0332e-05/1.5804e-06)
>> epoch [  43/3000], runtime:  6.24s, train err: 9.1124e-06 (best: 1.0332e-05/1.5804e-06)
>> epoch [  44/3000], runtime:  6.16s, train err: 1.0305e-05 (best: 1.0332e-05/1.5804e-06)
>> epoch [  45/3000], runtime:  6.78s, train err: 1.2322e-05 (best: 1.0332e-05/1.5804e-06)
>> epoch [  46/3000], runtime:  6.81s, train err: 1.1224e-05 (best: 1.0332e-05/1.5804e-06)
>> epoch [  47/3000], runtime:  6.79s, train err: 1.1383e-05 (best: 1.0332e-05/1.5804e-06)
>> epoch [  48/3000], runtime: 6.81s, train err: 1.0143e-05, valid err: 1.1989e-06 , test err: 2.4874e-04
>> epoch [  49/3000], runtime:  6.78s, train err: 8.0043e-06 (best: 1.0143e-05/1.1989e-06)
>> epoch [  50/3000], runtime:  6.05s, train err: 8.1872e-06 (best: 1.0143e-05/1.1989e-06)
>> epoch [  51/3000], runtime:  6.80s, train err: 8.2064e-06 (best: 1.0143e-05/1.1989e-06)
>> epoch [  52/3000], runtime: 6.02s, train err: 6.9341e-06, valid err: 1.1942e-06 , test err: 2.3486e-04
>> epoch [  53/3000], runtime:  6.40s, train err: 7.8847e-06 (best: 6.9341e-06/1.1942e-06)
>> epoch [  54/3000], runtime:  6.79s, train err: 7.1109e-06 (best: 6.9341e-06/1.1942e-06)
>> epoch [  55/3000], runtime: 6.11s, train err: 6.5437e-06, valid err: 1.1488e-06 , test err: 2.3004e-04
>> epoch [  56/3000], runtime:  6.44s, train err: 9.2033e-06 (best: 6.5437e-06/1.1488e-06)
>> epoch [  57/3000], runtime:  6.79s, train err: 7.4060e-06 (best: 6.5437e-06/1.1488e-06)
>> epoch [  58/3000], runtime:  6.38s, train err: 6.6485e-06 (best: 6.5437e-06/1.1488e-06)
>> epoch [  59/3000], runtime:  6.15s, train err: 8.1480e-06 (best: 6.5437e-06/1.1488e-06)
>> epoch [  60/3000], runtime:  6.12s, train err: 1.1778e-05 (best: 6.5437e-06/1.1488e-06)
>> epoch [  61/3000], runtime:  6.80s, train err: 1.1406e-05 (best: 6.5437e-06/1.1488e-06)
>> epoch [  62/3000], runtime:  6.09s, train err: 8.2822e-06 (best: 6.5437e-06/1.1488e-06)
>> epoch [  63/3000], runtime:  6.48s, train err: 7.7195e-06 (best: 6.5437e-06/1.1488e-06)
>> epoch [  64/3000], runtime:  6.09s, train err: 8.2858e-06 (best: 6.5437e-06/1.1488e-06)
>> epoch [  65/3000], runtime:  6.81s, train err: 1.0136e-05 (best: 6.5437e-06/1.1488e-06)
>> epoch [  66/3000], runtime:  6.77s, train err: 7.8413e-06 (best: 6.5437e-06/1.1488e-06)
>> epoch [  67/3000], runtime:  6.10s, train err: 9.0415e-06 (best: 6.5437e-06/1.1488e-06)
>> epoch [  68/3000], runtime:  6.46s, train err: 1.0858e-05 (best: 6.5437e-06/1.1488e-06)
>> epoch [  69/3000], runtime:  6.81s, train err: 7.3279e-06 (best: 6.5437e-06/1.1488e-06)
>> epoch [  70/3000], runtime: 6.80s, train err: 5.9896e-06, valid err: 8.5780e-07 , test err: 1.8261e-04
>> epoch [  71/3000], runtime:  6.69s, train err: 7.0367e-06 (best: 5.9896e-06/8.5780e-07)
>> epoch [  72/3000], runtime:  6.56s, train err: 5.5515e-06 (best: 5.9896e-06/8.5780e-07)
>> epoch [  73/3000], runtime:  6.79s, train err: 5.7375e-06 (best: 5.9896e-06/8.5780e-07)
>> epoch [  74/3000], runtime:  6.42s, train err: 6.4216e-06 (best: 5.9896e-06/8.5780e-07)
>> epoch [  75/3000], runtime:  6.45s, train err: 7.0544e-06 (best: 5.9896e-06/8.5780e-07)
>> epoch [  76/3000], runtime:  6.78s, train err: 5.5363e-06 (best: 5.9896e-06/8.5780e-07)
>> epoch [  77/3000], runtime:  6.80s, train err: 7.5902e-06 (best: 5.9896e-06/8.5780e-07)
>> epoch [  78/3000], runtime:  6.79s, train err: 9.1120e-06 (best: 5.9896e-06/8.5780e-07)
>> epoch [  79/3000], runtime:  6.44s, train err: 6.2574e-06 (best: 5.9896e-06/8.5780e-07)
>> epoch [  80/3000], runtime:  6.17s, train err: 5.2331e-06 (best: 5.9896e-06/8.5780e-07)
>> epoch [  81/3000], runtime:  3.66s, train err: 5.9176e-06 (best: 5.9896e-06/8.5780e-07)
>> epoch [  82/3000], runtime:  3.67s, train err: 6.8105e-06 (best: 5.9896e-06/8.5780e-07)
>> epoch [  83/3000], runtime:  3.66s, train err: 5.5910e-06 (best: 5.9896e-06/8.5780e-07)
>> epoch [  84/3000], runtime:  3.67s, train err: 7.0600e-06 (best: 5.9896e-06/8.5780e-07)
>> epoch [  85/3000], runtime:  3.68s, train err: 7.3153e-06 (best: 5.9896e-06/8.5780e-07)
>> epoch [  86/3000], runtime:  3.65s, train err: 5.5957e-06 (best: 5.9896e-06/8.5780e-07)
>> epoch [  87/3000], runtime:  3.65s, train err: 6.8806e-06 (best: 5.9896e-06/8.5780e-07)
>> epoch [  88/3000], runtime:  3.69s, train err: 5.3808e-06 (best: 5.9896e-06/8.5780e-07)
>> epoch [  89/3000], runtime:  3.65s, train err: 4.9686e-06 (best: 5.9896e-06/8.5780e-07)
>> epoch [  90/3000], runtime:  3.65s, train err: 6.1872e-06 (best: 5.9896e-06/8.5780e-07)
>> epoch [  91/3000], runtime:  3.70s, train err: 8.1894e-06 (best: 5.9896e-06/8.5780e-07)
>> epoch [  92/3000], runtime:  3.67s, train err: 7.6219e-06 (best: 5.9896e-06/8.5780e-07)
>> epoch [  93/3000], runtime:  3.66s, train err: 6.9457e-06 (best: 5.9896e-06/8.5780e-07)
>> epoch [  94/3000], runtime:  3.66s, train err: 5.9562e-06 (best: 5.9896e-06/8.5780e-07)
>> epoch [  95/3000], runtime:  3.69s, train err: 6.8512e-06 (best: 5.9896e-06/8.5780e-07)
>> epoch [  96/3000], runtime:  3.66s, train err: 5.4932e-06 (best: 5.9896e-06/8.5780e-07)
>> epoch [  97/3000], runtime:  3.66s, train err: 5.3012e-06 (best: 5.9896e-06/8.5780e-07)
>> epoch [  98/3000], runtime:  3.70s, train err: 6.3033e-06 (best: 5.9896e-06/8.5780e-07)
>> epoch [  99/3000], runtime:  3.66s, train err: 5.8518e-06 (best: 5.9896e-06/8.5780e-07)
>> epoch [ 100/3000], runtime:  3.65s, train err: 4.7921e-06 (best: 5.9896e-06/8.5780e-07)
>> epoch [ 101/3000], runtime:  3.66s, train err: 6.5490e-06 (best: 5.9896e-06/8.5780e-07)
>> epoch [ 102/3000], runtime:  3.67s, train err: 6.4641e-06 (best: 5.9896e-06/8.5780e-07)
>> epoch [ 103/3000], runtime:  3.66s, train err: 5.2206e-06 (best: 5.9896e-06/8.5780e-07)
>> epoch [ 104/3000], runtime:  3.67s, train err: 5.7973e-06 (best: 5.9896e-06/8.5780e-07)
>> epoch [ 105/3000], runtime:  3.67s, train err: 5.5728e-06 (best: 5.9896e-06/8.5780e-07)
>> epoch [ 106/3000], runtime:  3.66s, train err: 8.2771e-06 (best: 5.9896e-06/8.5780e-07)
>> epoch [ 107/3000], runtime:  3.66s, train err: 4.4777e-06 (best: 5.9896e-06/8.5780e-07)
>> epoch [ 108/3000], runtime: 3.67s, train err: 4.1884e-06, valid err: 7.5238e-07 , test err: 1.4760e-04
>> epoch [ 109/3000], runtime:  3.65s, train err: 4.7916e-06 (best: 4.1884e-06/7.5238e-07)
>> epoch [ 110/3000], runtime:  3.65s, train err: 5.9325e-06 (best: 4.1884e-06/7.5238e-07)
>> epoch [ 111/3000], runtime:  3.68s, train err: 6.3693e-06 (best: 4.1884e-06/7.5238e-07)
>> epoch [ 112/3000], runtime:  3.67s, train err: 4.7871e-06 (best: 4.1884e-06/7.5238e-07)
>> epoch [ 113/3000], runtime:  3.66s, train err: 6.3960e-06 (best: 4.1884e-06/7.5238e-07)
>> epoch [ 114/3000], runtime:  3.65s, train err: 4.2796e-06 (best: 4.1884e-06/7.5238e-07)
>> epoch [ 115/3000], runtime:  3.68s, train err: 4.3171e-06 (best: 4.1884e-06/7.5238e-07)
>> epoch [ 116/3000], runtime: 3.69s, train err: 3.9969e-06, valid err: 7.0704e-07 , test err: 1.3912e-04
>> epoch [ 117/3000], runtime:  3.66s, train err: 4.9458e-06 (best: 3.9969e-06/7.0704e-07)
>> epoch [ 118/3000], runtime:  3.66s, train err: 5.6129e-06 (best: 3.9969e-06/7.0704e-07)
>> epoch [ 119/3000], runtime:  3.67s, train err: 5.0765e-06 (best: 3.9969e-06/7.0704e-07)
>> epoch [ 120/3000], runtime:  3.67s, train err: 4.1018e-06 (best: 3.9969e-06/7.0704e-07)
>> epoch [ 121/3000], runtime:  3.66s, train err: 5.3443e-06 (best: 3.9969e-06/7.0704e-07)
>> epoch [ 122/3000], runtime:  3.68s, train err: 6.3822e-06 (best: 3.9969e-06/7.0704e-07)
>> epoch [ 123/3000], runtime:  3.68s, train err: 5.1308e-06 (best: 3.9969e-06/7.0704e-07)
>> epoch [ 124/3000], runtime:  3.65s, train err: 4.1606e-06 (best: 3.9969e-06/7.0704e-07)
>> epoch [ 125/3000], runtime:  3.66s, train err: 4.0495e-06 (best: 3.9969e-06/7.0704e-07)
>> epoch [ 126/3000], runtime:  3.67s, train err: 4.1096e-06 (best: 3.9969e-06/7.0704e-07)
>> epoch [ 127/3000], runtime:  3.66s, train err: 6.2202e-06 (best: 3.9969e-06/7.0704e-07)
>> epoch [ 128/3000], runtime:  3.67s, train err: 5.2353e-06 (best: 3.9969e-06/7.0704e-07)
>> epoch [ 129/3000], runtime:  3.66s, train err: 4.1566e-06 (best: 3.9969e-06/7.0704e-07)
>> epoch [ 130/3000], runtime:  3.67s, train err: 3.6448e-06 (best: 3.9969e-06/7.0704e-07)
>> epoch [ 131/3000], runtime:  3.67s, train err: 7.0463e-06 (best: 3.9969e-06/7.0704e-07)
>> epoch [ 132/3000], runtime:  3.65s, train err: 4.8305e-06 (best: 3.9969e-06/7.0704e-07)
>> epoch [ 133/3000], runtime:  3.65s, train err: 4.6750e-06 (best: 3.9969e-06/7.0704e-07)
>> epoch [ 134/3000], runtime:  3.65s, train err: 4.5656e-06 (best: 3.9969e-06/7.0704e-07)
>> epoch [ 135/3000], runtime:  3.67s, train err: 3.9702e-06 (best: 3.9969e-06/7.0704e-07)
>> epoch [ 136/3000], runtime:  3.69s, train err: 5.2332e-06 (best: 3.9969e-06/7.0704e-07)
>> epoch [ 137/3000], runtime:  3.66s, train err: 5.1072e-06 (best: 3.9969e-06/7.0704e-07)
>> epoch [ 138/3000], runtime:  3.66s, train err: 4.5036e-06 (best: 3.9969e-06/7.0704e-07)
>> epoch [ 139/3000], runtime: 3.66s, train err: 3.5168e-06, valid err: 5.7764e-07 , test err: 1.2911e-04
>> epoch [ 140/3000], runtime:  3.66s, train err: 5.1189e-06 (best: 3.5168e-06/5.7764e-07)
>> epoch [ 141/3000], runtime:  3.66s, train err: 6.6860e-06 (best: 3.5168e-06/5.7764e-07)
>> epoch [ 142/3000], runtime:  3.68s, train err: 5.9750e-06 (best: 3.5168e-06/5.7764e-07)
>> epoch [ 143/3000], runtime:  3.66s, train err: 4.1355e-06 (best: 3.5168e-06/5.7764e-07)
>> epoch [ 144/3000], runtime:  3.66s, train err: 4.0038e-06 (best: 3.5168e-06/5.7764e-07)
>> epoch [ 145/3000], runtime:  3.67s, train err: 3.2517e-06 (best: 3.5168e-06/5.7764e-07)
>> epoch [ 146/3000], runtime:  3.65s, train err: 5.0566e-06 (best: 3.5168e-06/5.7764e-07)
>> epoch [ 147/3000], runtime:  3.67s, train err: 5.8630e-06 (best: 3.5168e-06/5.7764e-07)
>> epoch [ 148/3000], runtime:  3.67s, train err: 3.5678e-06 (best: 3.5168e-06/5.7764e-07)
>> epoch [ 149/3000], runtime:  3.66s, train err: 4.5330e-06 (best: 3.5168e-06/5.7764e-07)
>> epoch [ 150/3000], runtime:  3.66s, train err: 5.3816e-06 (best: 3.5168e-06/5.7764e-07)
>> epoch [ 151/3000], runtime:  3.70s, train err: 3.8486e-06 (best: 3.5168e-06/5.7764e-07)
>> epoch [ 152/3000], runtime:  3.66s, train err: 3.7935e-06 (best: 3.5168e-06/5.7764e-07)
>> epoch [ 153/3000], runtime:  3.66s, train err: 4.0313e-06 (best: 3.5168e-06/5.7764e-07)
>> epoch [ 154/3000], runtime:  3.66s, train err: 3.5981e-06 (best: 3.5168e-06/5.7764e-07)
>> epoch [ 155/3000], runtime:  3.68s, train err: 4.3279e-06 (best: 3.5168e-06/5.7764e-07)
>> epoch [ 156/3000], runtime:  3.65s, train err: 4.2181e-06 (best: 3.5168e-06/5.7764e-07)
>> epoch [ 157/3000], runtime:  3.64s, train err: 3.8056e-06 (best: 3.5168e-06/5.7764e-07)
>> epoch [ 158/3000], runtime:  3.65s, train err: 3.8739e-06 (best: 3.5168e-06/5.7764e-07)
>> epoch [ 159/3000], runtime:  3.66s, train err: 3.6888e-06 (best: 3.5168e-06/5.7764e-07)
>> epoch [ 160/3000], runtime:  3.68s, train err: 5.9699e-06 (best: 3.5168e-06/5.7764e-07)
>> epoch [ 161/3000], runtime:  3.66s, train err: 3.8377e-06 (best: 3.5168e-06/5.7764e-07)
>> epoch [ 162/3000], runtime:  3.67s, train err: 4.8321e-06 (best: 3.5168e-06/5.7764e-07)
>> epoch [ 163/3000], runtime:  3.68s, train err: 5.2693e-06 (best: 3.5168e-06/5.7764e-07)
>> epoch [ 164/3000], runtime:  3.65s, train err: 4.4338e-06 (best: 3.5168e-06/5.7764e-07)
>> epoch [ 165/3000], runtime:  3.65s, train err: 5.0699e-06 (best: 3.5168e-06/5.7764e-07)
>> epoch [ 166/3000], runtime:  3.68s, train err: 3.7049e-06 (best: 3.5168e-06/5.7764e-07)
>> epoch [ 167/3000], runtime:  3.69s, train err: 4.2340e-06 (best: 3.5168e-06/5.7764e-07)
>> epoch [ 168/3000], runtime:  3.65s, train err: 4.4316e-06 (best: 3.5168e-06/5.7764e-07)
>> epoch [ 169/3000], runtime:  3.66s, train err: 4.4114e-06 (best: 3.5168e-06/5.7764e-07)
>> epoch [ 170/3000], runtime: 3.67s, train err: 3.4538e-06, valid err: 4.4889e-07 , test err: 1.1392e-04
>> epoch [ 171/3000], runtime:  3.69s, train err: 3.0673e-06 (best: 3.4538e-06/4.4889e-07)
>> epoch [ 172/3000], runtime:  3.66s, train err: 3.6882e-06 (best: 3.4538e-06/4.4889e-07)
>> epoch [ 173/3000], runtime:  3.66s, train err: 4.1781e-06 (best: 3.4538e-06/4.4889e-07)
>> epoch [ 174/3000], runtime:  3.69s, train err: 4.0272e-06 (best: 3.4538e-06/4.4889e-07)
>> epoch [ 175/3000], runtime: 3.67s, train err: 3.0356e-06, valid err: 4.4117e-07 , test err: 1.0589e-04
>> epoch [ 176/3000], runtime:  3.66s, train err: 2.6733e-06 (best: 3.0356e-06/4.4117e-07)
>> epoch [ 177/3000], runtime:  3.66s, train err: 3.6298e-06 (best: 3.0356e-06/4.4117e-07)
>> epoch [ 178/3000], runtime:  3.65s, train err: 2.9191e-06 (best: 3.0356e-06/4.4117e-07)
>> epoch [ 179/3000], runtime:  3.65s, train err: 4.3379e-06 (best: 3.0356e-06/4.4117e-07)
>> epoch [ 180/3000], runtime:  3.66s, train err: 3.8695e-06 (best: 3.0356e-06/4.4117e-07)
>> epoch [ 181/3000], runtime:  3.65s, train err: 3.1041e-06 (best: 3.0356e-06/4.4117e-07)
>> epoch [ 182/3000], runtime:  3.66s, train err: 4.0415e-06 (best: 3.0356e-06/4.4117e-07)
>> epoch [ 183/3000], runtime:  3.69s, train err: 4.5235e-06 (best: 3.0356e-06/4.4117e-07)
>> epoch [ 184/3000], runtime:  3.69s, train err: 3.1562e-06 (best: 3.0356e-06/4.4117e-07)
>> epoch [ 185/3000], runtime:  3.66s, train err: 3.7145e-06 (best: 3.0356e-06/4.4117e-07)
>> epoch [ 186/3000], runtime:  3.66s, train err: 3.3464e-06 (best: 3.0356e-06/4.4117e-07)
>> epoch [ 187/3000], runtime:  3.66s, train err: 3.1326e-06 (best: 3.0356e-06/4.4117e-07)
>> epoch [ 188/3000], runtime:  3.66s, train err: 3.3822e-06 (best: 3.0356e-06/4.4117e-07)
>> epoch [ 189/3000], runtime:  3.67s, train err: 4.3383e-06 (best: 3.0356e-06/4.4117e-07)
>> epoch [ 190/3000], runtime:  3.66s, train err: 3.9940e-06 (best: 3.0356e-06/4.4117e-07)
>> epoch [ 191/3000], runtime:  3.68s, train err: 3.6992e-06 (best: 3.0356e-06/4.4117e-07)
>> epoch [ 192/3000], runtime:  3.66s, train err: 3.5315e-06 (best: 3.0356e-06/4.4117e-07)
>> epoch [ 193/3000], runtime:  3.67s, train err: 2.7674e-06 (best: 3.0356e-06/4.4117e-07)
>> epoch [ 194/3000], runtime:  3.65s, train err: 2.8506e-06 (best: 3.0356e-06/4.4117e-07)
>> epoch [ 195/3000], runtime:  3.66s, train err: 2.7975e-06 (best: 3.0356e-06/4.4117e-07)
>> epoch [ 196/3000], runtime:  3.68s, train err: 3.0749e-06 (best: 3.0356e-06/4.4117e-07)
>> epoch [ 197/3000], runtime:  3.67s, train err: 3.3366e-06 (best: 3.0356e-06/4.4117e-07)
>> epoch [ 198/3000], runtime:  3.69s, train err: 4.0765e-06 (best: 3.0356e-06/4.4117e-07)
>> epoch [ 199/3000], runtime:  3.68s, train err: 5.5648e-06 (best: 3.0356e-06/4.4117e-07)
>> epoch [ 200/3000], runtime:  3.67s, train err: 3.7845e-06 (best: 3.0356e-06/4.4117e-07)
>> epoch [ 201/3000], runtime:  3.70s, train err: 4.2367e-06 (best: 3.0356e-06/4.4117e-07)
>> epoch [ 202/3000], runtime:  3.65s, train err: 3.6234e-06 (best: 3.0356e-06/4.4117e-07)
>> epoch [ 203/3000], runtime:  3.65s, train err: 4.3194e-06 (best: 3.0356e-06/4.4117e-07)
>> epoch [ 204/3000], runtime:  3.64s, train err: 4.7732e-06 (best: 3.0356e-06/4.4117e-07)
>> epoch [ 205/3000], runtime:  3.65s, train err: 4.4154e-06 (best: 3.0356e-06/4.4117e-07)
>> epoch [ 206/3000], runtime:  3.66s, train err: 3.6276e-06 (best: 3.0356e-06/4.4117e-07)
>> epoch [ 207/3000], runtime: 3.67s, train err: 2.9401e-06, valid err: 4.0345e-07 , test err: 9.9571e-05
>> epoch [ 208/3000], runtime:  3.65s, train err: 3.5992e-06 (best: 2.9401e-06/4.0345e-07)
>> epoch [ 209/3000], runtime:  3.69s, train err: 3.4940e-06 (best: 2.9401e-06/4.0345e-07)
>> epoch [ 210/3000], runtime:  3.66s, train err: 3.2854e-06 (best: 2.9401e-06/4.0345e-07)
>> epoch [ 211/3000], runtime:  3.66s, train err: 3.4039e-06 (best: 2.9401e-06/4.0345e-07)
>> epoch [ 212/3000], runtime: 3.66s, train err: 2.8929e-06, valid err: 3.9294e-07 , test err: 9.9774e-05
>> epoch [ 213/3000], runtime:  3.70s, train err: 2.5180e-06 (best: 2.8929e-06/3.9294e-07)
>> epoch [ 214/3000], runtime:  3.66s, train err: 3.1628e-06 (best: 2.8929e-06/3.9294e-07)
>> epoch [ 215/3000], runtime:  3.66s, train err: 2.9721e-06 (best: 2.8929e-06/3.9294e-07)
>> epoch [ 216/3000], runtime:  3.66s, train err: 3.0802e-06 (best: 2.8929e-06/3.9294e-07)
>> epoch [ 217/3000], runtime:  3.69s, train err: 4.5828e-06 (best: 2.8929e-06/3.9294e-07)
>> epoch [ 218/3000], runtime:  3.67s, train err: 3.7624e-06 (best: 2.8929e-06/3.9294e-07)
>> epoch [ 219/3000], runtime:  3.66s, train err: 2.8794e-06 (best: 2.8929e-06/3.9294e-07)
>> epoch [ 220/3000], runtime:  3.67s, train err: 2.8170e-06 (best: 2.8929e-06/3.9294e-07)
>> epoch [ 221/3000], runtime:  3.70s, train err: 3.0888e-06 (best: 2.8929e-06/3.9294e-07)
>> epoch [ 222/3000], runtime:  3.65s, train err: 3.4067e-06 (best: 2.8929e-06/3.9294e-07)
>> epoch [ 223/3000], runtime:  3.66s, train err: 3.7126e-06 (best: 2.8929e-06/3.9294e-07)
>> epoch [ 224/3000], runtime:  3.68s, train err: 3.2158e-06 (best: 2.8929e-06/3.9294e-07)
>> epoch [ 225/3000], runtime:  3.69s, train err: 3.3770e-06 (best: 2.8929e-06/3.9294e-07)
>> epoch [ 226/3000], runtime:  3.65s, train err: 3.0891e-06 (best: 2.8929e-06/3.9294e-07)
>> epoch [ 227/3000], runtime:  3.65s, train err: 2.7557e-06 (best: 2.8929e-06/3.9294e-07)
>> epoch [ 228/3000], runtime:  3.65s, train err: 3.6685e-06 (best: 2.8929e-06/3.9294e-07)
>> epoch [ 229/3000], runtime:  3.65s, train err: 3.5606e-06 (best: 2.8929e-06/3.9294e-07)
>> epoch [ 230/3000], runtime:  3.66s, train err: 3.3142e-06 (best: 2.8929e-06/3.9294e-07)
>> epoch [ 231/3000], runtime:  3.67s, train err: 4.0151e-06 (best: 2.8929e-06/3.9294e-07)
>> epoch [ 232/3000], runtime:  3.66s, train err: 3.1497e-06 (best: 2.8929e-06/3.9294e-07)
>> epoch [ 233/3000], runtime:  3.65s, train err: 2.6828e-06 (best: 2.8929e-06/3.9294e-07)
>> epoch [ 234/3000], runtime:  3.70s, train err: 3.0852e-06 (best: 2.8929e-06/3.9294e-07)
>> epoch [ 235/3000], runtime:  3.66s, train err: 3.0513e-06 (best: 2.8929e-06/3.9294e-07)
>> epoch [ 236/3000], runtime:  3.66s, train err: 3.4124e-06 (best: 2.8929e-06/3.9294e-07)
>> epoch [ 237/3000], runtime:  3.65s, train err: 3.0087e-06 (best: 2.8929e-06/3.9294e-07)
>> epoch [ 238/3000], runtime:  3.65s, train err: 2.9430e-06 (best: 2.8929e-06/3.9294e-07)
>> epoch [ 239/3000], runtime:  3.66s, train err: 2.7899e-06 (best: 2.8929e-06/3.9294e-07)
>> epoch [ 240/3000], runtime:  3.66s, train err: 2.5847e-06 (best: 2.8929e-06/3.9294e-07)
>> epoch [ 241/3000], runtime:  3.66s, train err: 3.0899e-06 (best: 2.8929e-06/3.9294e-07)
>> epoch [ 242/3000], runtime: 3.68s, train err: 2.5541e-06, valid err: 3.9163e-07 , test err: 9.7540e-05
>> epoch [ 243/3000], runtime:  3.65s, train err: 2.6484e-06 (best: 2.5541e-06/3.9163e-07)
>> epoch [ 244/3000], runtime:  3.65s, train err: 2.8572e-06 (best: 2.5541e-06/3.9163e-07)
>> epoch [ 245/3000], runtime:  3.66s, train err: 3.2310e-06 (best: 2.5541e-06/3.9163e-07)
>> epoch [ 246/3000], runtime:  3.67s, train err: 2.9973e-06 (best: 2.5541e-06/3.9163e-07)
>> epoch [ 247/3000], runtime:  3.66s, train err: 2.9837e-06 (best: 2.5541e-06/3.9163e-07)
>> epoch [ 248/3000], runtime:  3.67s, train err: 2.7545e-06 (best: 2.5541e-06/3.9163e-07)
>> epoch [ 249/3000], runtime:  3.65s, train err: 2.5821e-06 (best: 2.5541e-06/3.9163e-07)
>> epoch [ 250/3000], runtime:  3.64s, train err: 3.7128e-06 (best: 2.5541e-06/3.9163e-07)
>> epoch [ 251/3000], runtime:  3.65s, train err: 2.7256e-06 (best: 2.5541e-06/3.9163e-07)
>> epoch [ 252/3000], runtime:  3.65s, train err: 3.1860e-06 (best: 2.5541e-06/3.9163e-07)
>> epoch [ 253/3000], runtime:  3.66s, train err: 2.5143e-06 (best: 2.5541e-06/3.9163e-07)
>> epoch [ 254/3000], runtime:  3.66s, train err: 2.3576e-06 (best: 2.5541e-06/3.9163e-07)
>> epoch [ 255/3000], runtime:  3.66s, train err: 2.7422e-06 (best: 2.5541e-06/3.9163e-07)
>> epoch [ 256/3000], runtime:  3.66s, train err: 3.6606e-06 (best: 2.5541e-06/3.9163e-07)
>> epoch [ 257/3000], runtime:  3.65s, train err: 2.9464e-06 (best: 2.5541e-06/3.9163e-07)
>> epoch [ 258/3000], runtime:  3.68s, train err: 2.9640e-06 (best: 2.5541e-06/3.9163e-07)
>> epoch [ 259/3000], runtime:  3.66s, train err: 2.9963e-06 (best: 2.5541e-06/3.9163e-07)
>> epoch [ 260/3000], runtime:  3.66s, train err: 2.9829e-06 (best: 2.5541e-06/3.9163e-07)
>> epoch [ 261/3000], runtime:  3.65s, train err: 2.5825e-06 (best: 2.5541e-06/3.9163e-07)
>> epoch [ 262/3000], runtime: 3.65s, train err: 2.4718e-06, valid err: 3.8816e-07 , test err: 9.6521e-05
>> epoch [ 263/3000], runtime:  3.67s, train err: 2.2704e-06 (best: 2.4718e-06/3.8816e-07)
>> epoch [ 264/3000], runtime:  3.66s, train err: 3.0710e-06 (best: 2.4718e-06/3.8816e-07)
>> epoch [ 265/3000], runtime:  3.67s, train err: 2.6785e-06 (best: 2.4718e-06/3.8816e-07)
>> epoch [ 266/3000], runtime:  3.67s, train err: 2.5672e-06 (best: 2.4718e-06/3.8816e-07)
>> epoch [ 267/3000], runtime:  3.66s, train err: 2.5165e-06 (best: 2.4718e-06/3.8816e-07)
>> epoch [ 268/3000], runtime:  3.65s, train err: 2.3868e-06 (best: 2.4718e-06/3.8816e-07)
>> epoch [ 269/3000], runtime: 3.66s, train err: 2.3361e-06, valid err: 3.0134e-07 , test err: 9.1133e-05
>> epoch [ 270/3000], runtime:  3.66s, train err: 2.7924e-06 (best: 2.3361e-06/3.0134e-07)
>> epoch [ 271/3000], runtime:  3.65s, train err: 3.5339e-06 (best: 2.3361e-06/3.0134e-07)
>> epoch [ 272/3000], runtime:  3.65s, train err: 2.6911e-06 (best: 2.3361e-06/3.0134e-07)
>> epoch [ 273/3000], runtime:  3.65s, train err: 3.2555e-06 (best: 2.3361e-06/3.0134e-07)
>> epoch [ 274/3000], runtime:  3.65s, train err: 3.2945e-06 (best: 2.3361e-06/3.0134e-07)
>> epoch [ 275/3000], runtime:  3.65s, train err: 2.3483e-06 (best: 2.3361e-06/3.0134e-07)
>> epoch [ 276/3000], runtime:  3.65s, train err: 3.0488e-06 (best: 2.3361e-06/3.0134e-07)
>> epoch [ 277/3000], runtime:  3.67s, train err: 3.0251e-06 (best: 2.3361e-06/3.0134e-07)
>> epoch [ 278/3000], runtime:  3.67s, train err: 2.8069e-06 (best: 2.3361e-06/3.0134e-07)
>> epoch [ 279/3000], runtime:  3.66s, train err: 3.1023e-06 (best: 2.3361e-06/3.0134e-07)
>> epoch [ 280/3000], runtime:  3.67s, train err: 2.5841e-06 (best: 2.3361e-06/3.0134e-07)
>> epoch [ 281/3000], runtime:  3.66s, train err: 2.4736e-06 (best: 2.3361e-06/3.0134e-07)
>> epoch [ 282/3000], runtime:  3.67s, train err: 2.6388e-06 (best: 2.3361e-06/3.0134e-07)
>> epoch [ 283/3000], runtime:  3.67s, train err: 2.5248e-06 (best: 2.3361e-06/3.0134e-07)
>> epoch [ 284/3000], runtime:  3.66s, train err: 2.9354e-06 (best: 2.3361e-06/3.0134e-07)
>> epoch [ 285/3000], runtime:  3.65s, train err: 2.8486e-06 (best: 2.3361e-06/3.0134e-07)
>> epoch [ 286/3000], runtime:  3.65s, train err: 3.0132e-06 (best: 2.3361e-06/3.0134e-07)
>> epoch [ 287/3000], runtime:  3.66s, train err: 2.3097e-06 (best: 2.3361e-06/3.0134e-07)
>> epoch [ 288/3000], runtime:  3.65s, train err: 2.2218e-06 (best: 2.3361e-06/3.0134e-07)
>> epoch [ 289/3000], runtime:  3.66s, train err: 2.1500e-06 (best: 2.3361e-06/3.0134e-07)
>> epoch [ 290/3000], runtime:  3.66s, train err: 2.2507e-06 (best: 2.3361e-06/3.0134e-07)
>> epoch [ 291/3000], runtime:  3.65s, train err: 2.3880e-06 (best: 2.3361e-06/3.0134e-07)
>> epoch [ 292/3000], runtime:  3.66s, train err: 2.3823e-06 (best: 2.3361e-06/3.0134e-07)
>> epoch [ 293/3000], runtime:  3.66s, train err: 2.1783e-06 (best: 2.3361e-06/3.0134e-07)
>> epoch [ 294/3000], runtime:  3.67s, train err: 2.4162e-06 (best: 2.3361e-06/3.0134e-07)
>> epoch [ 295/3000], runtime:  3.67s, train err: 2.2224e-06 (best: 2.3361e-06/3.0134e-07)
>> epoch [ 296/3000], runtime:  3.65s, train err: 2.0444e-06 (best: 2.3361e-06/3.0134e-07)
>> epoch [ 297/3000], runtime:  3.65s, train err: 2.5560e-06 (best: 2.3361e-06/3.0134e-07)
>> epoch [ 298/3000], runtime:  3.67s, train err: 2.4765e-06 (best: 2.3361e-06/3.0134e-07)
>> epoch [ 299/3000], runtime:  3.65s, train err: 2.6929e-06 (best: 2.3361e-06/3.0134e-07)
>> epoch [ 300/3000], runtime:  3.65s, train err: 2.3861e-06 (best: 2.3361e-06/3.0134e-07)
>> epoch [ 301/3000], runtime:  3.66s, train err: 2.5464e-06 (best: 2.3361e-06/3.0134e-07)
>> epoch [ 302/3000], runtime:  3.66s, train err: 2.1687e-06 (best: 2.3361e-06/3.0134e-07)
>> epoch [ 303/3000], runtime:  3.66s, train err: 2.4415e-06 (best: 2.3361e-06/3.0134e-07)
>> epoch [ 304/3000], runtime:  3.66s, train err: 2.5567e-06 (best: 2.3361e-06/3.0134e-07)
>> epoch [ 305/3000], runtime:  3.66s, train err: 2.8179e-06 (best: 2.3361e-06/3.0134e-07)
>> epoch [ 306/3000], runtime:  3.66s, train err: 1.9158e-06 (best: 2.3361e-06/3.0134e-07)
>> epoch [ 307/3000], runtime:  3.67s, train err: 2.0399e-06 (best: 2.3361e-06/3.0134e-07)
>> epoch [ 308/3000], runtime:  3.67s, train err: 2.0410e-06 (best: 2.3361e-06/3.0134e-07)
>> epoch [ 309/3000], runtime:  3.66s, train err: 2.0091e-06 (best: 2.3361e-06/3.0134e-07)
>> epoch [ 310/3000], runtime:  3.66s, train err: 2.0945e-06 (best: 2.3361e-06/3.0134e-07)
>> epoch [ 311/3000], runtime:  3.68s, train err: 2.7163e-06 (best: 2.3361e-06/3.0134e-07)
>> epoch [ 312/3000], runtime:  3.66s, train err: 2.8490e-06 (best: 2.3361e-06/3.0134e-07)
>> epoch [ 313/3000], runtime:  3.66s, train err: 2.6159e-06 (best: 2.3361e-06/3.0134e-07)
>> epoch [ 314/3000], runtime:  3.67s, train err: 2.4058e-06 (best: 2.3361e-06/3.0134e-07)
>> epoch [ 315/3000], runtime:  3.67s, train err: 2.5497e-06 (best: 2.3361e-06/3.0134e-07)
>> epoch [ 316/3000], runtime:  3.66s, train err: 2.6862e-06 (best: 2.3361e-06/3.0134e-07)
>> epoch [ 317/3000], runtime:  3.66s, train err: 2.3918e-06 (best: 2.3361e-06/3.0134e-07)
>> epoch [ 318/3000], runtime:  3.66s, train err: 2.2382e-06 (best: 2.3361e-06/3.0134e-07)
>> epoch [ 319/3000], runtime:  3.65s, train err: 2.7939e-06 (best: 2.3361e-06/3.0134e-07)
>> epoch [ 320/3000], runtime:  3.65s, train err: 2.2015e-06 (best: 2.3361e-06/3.0134e-07)
----------------------------------------------------------------------------------------------------
----------------------------------------------------------------------------------------------------
>> ntrain: 300, lr: 0.01, gamma: 0.6, w_d: 0.0
>> Best train error: 2.3361e-06
>> Best valid error: 3.0134e-07
>> Best test error: 9.1133e-05
>> Best epoch: 268
----------------------------------------------------------------------------------------------------
----------------------------------------------------------------------------------------------------
>> Training Completed!!
