>> Device being used: cuda (NVIDIA GeForce RTX 4090)
Total number of parameters: 193
>> Training Mesh resolution: 257x257
/root/autodl-tmp/project/MPNO_final/BlatzKo_1d/PNO_MGN_ex35_k1/PNO_BB.py:135: UserWarning: torch.range is deprecated and will be removed in a future release because its behavior is inconsistent with Python's range builtin. Instead, use torch.arange, which produces values in [start, end).
  ksi_range = torch.range(-m_fact, m_fact).int()
tensor(0.8109)
tensor(3.3456)
>> Preprocessing completed, time elapsed:  0.53s
>> ntrain: 300, lr: 0.01, gamma: 0.6, w_d: 0.0
----------------------------------------------------------------------------------------------------
>> epoch [   1/3000], runtime: 2.69s, train loss: 1.5315e-04, valid loss: 2.4865e-05 , test loss: 4.3837e-03
>> epoch [   2/3000], runtime: 2.35s, train loss: 1.2013e-04, valid loss: 2.0648e-05 , test loss: 3.8641e-03
>> epoch [   3/3000], runtime: 2.34s, train loss: 9.2321e-05, valid loss: 1.5078e-05 , test loss: 2.7348e-03
>> epoch [   4/3000], runtime: 2.34s, train loss: 6.7406e-05, valid loss: 1.1173e-05 , test loss: 1.8711e-03
>> epoch [   5/3000], runtime: 2.34s, train loss: 4.7187e-05, valid loss: 7.6492e-06 , test loss: 1.4374e-03
>> epoch [   6/3000], runtime: 2.33s, train loss: 3.1448e-05, valid loss: 5.2531e-06 , test loss: 1.0236e-03
>> epoch [   7/3000], runtime:  2.35s, train loss: 2.7570e-05 (best: 3.1448e-05/5.2531e-06)
>> epoch [   8/3000], runtime: 2.33s, train loss: 2.4519e-05, valid loss: 4.2550e-06 , test loss: 8.2953e-04
>> epoch [   9/3000], runtime:  2.34s, train loss: 2.2645e-05 (best: 2.4519e-05/4.2550e-06)
>> epoch [  10/3000], runtime:  2.33s, train loss: 2.3285e-05 (best: 2.4519e-05/4.2550e-06)
>> epoch [  11/3000], runtime: 2.34s, train loss: 2.2277e-05, valid loss: 4.1979e-06 , test loss: 7.6224e-04
>> epoch [  12/3000], runtime: 2.37s, train loss: 2.1101e-05, valid loss: 3.8764e-06 , test loss: 7.6599e-04
>> epoch [  13/3000], runtime:  2.33s, train loss: 2.0728e-05 (best: 2.1101e-05/3.8764e-06)
>> epoch [  14/3000], runtime:  2.33s, train loss: 2.0910e-05 (best: 2.1101e-05/3.8764e-06)
>> epoch [  15/3000], runtime:  2.35s, train loss: 2.2089e-05 (best: 2.1101e-05/3.8764e-06)
>> epoch [  16/3000], runtime:  2.36s, train loss: 1.9076e-05 (best: 2.1101e-05/3.8764e-06)
>> epoch [  17/3000], runtime: 2.35s, train loss: 1.9128e-05, valid loss: 3.7713e-06 , test loss: 7.1847e-04
>> epoch [  18/3000], runtime: 2.35s, train loss: 1.8702e-05, valid loss: 3.6570e-06 , test loss: 7.1240e-04
>> epoch [  19/3000], runtime: 2.33s, train loss: 1.8320e-05, valid loss: 3.5447e-06 , test loss: 6.6347e-04
>> epoch [  20/3000], runtime:  2.33s, train loss: 1.9195e-05 (best: 1.8320e-05/3.5447e-06)
>> epoch [  21/3000], runtime:  2.34s, train loss: 1.8614e-05 (best: 1.8320e-05/3.5447e-06)
>> epoch [  22/3000], runtime: 2.34s, train loss: 1.7243e-05, valid loss: 3.1395e-06 , test loss: 6.0851e-04
>> epoch [  23/3000], runtime:  2.33s, train loss: 1.6750e-05 (best: 1.7243e-05/3.1395e-06)
>> epoch [  24/3000], runtime:  2.34s, train loss: 1.6753e-05 (best: 1.7243e-05/3.1395e-06)
>> epoch [  25/3000], runtime:  2.34s, train loss: 1.6203e-05 (best: 1.7243e-05/3.1395e-06)
>> epoch [  26/3000], runtime:  2.34s, train loss: 1.5802e-05 (best: 1.7243e-05/3.1395e-06)
>> epoch [  27/3000], runtime:  2.27s, train loss: 1.7228e-05 (best: 1.7243e-05/3.1395e-06)
>> epoch [  28/3000], runtime: 2.22s, train loss: 1.5509e-05, valid loss: 2.8584e-06 , test loss: 5.5681e-04
>> epoch [  29/3000], runtime: 2.34s, train loss: 1.4716e-05, valid loss: 2.5142e-06 , test loss: 5.1391e-04
>> epoch [  30/3000], runtime: 2.33s, train loss: 1.2988e-05, valid loss: 2.3207e-06 , test loss: 4.7681e-04
>> epoch [  31/3000], runtime:  2.33s, train loss: 1.2558e-05 (best: 1.2988e-05/2.3207e-06)
>> epoch [  32/3000], runtime: 2.34s, train loss: 1.1938e-05, valid loss: 2.2861e-06 , test loss: 4.7291e-04
>> epoch [  33/3000], runtime:  2.43s, train loss: 1.2153e-05 (best: 1.1938e-05/2.2861e-06)
>> epoch [  34/3000], runtime:  2.20s, train loss: 1.3131e-05 (best: 1.1938e-05/2.2861e-06)
>> epoch [  35/3000], runtime:  1.97s, train loss: 1.2045e-05 (best: 1.1938e-05/2.2861e-06)
>> epoch [  36/3000], runtime: 2.35s, train loss: 1.0636e-05, valid loss: 2.2768e-06 , test loss: 4.5671e-04
>> epoch [  37/3000], runtime:  2.34s, train loss: 1.1337e-05 (best: 1.0636e-05/2.2768e-06)
>> epoch [  38/3000], runtime:  2.34s, train loss: 1.1826e-05 (best: 1.0636e-05/2.2768e-06)
>> epoch [  39/3000], runtime:  2.42s, train loss: 1.1554e-05 (best: 1.0636e-05/2.2768e-06)
>> epoch [  40/3000], runtime:  2.32s, train loss: 1.1701e-05 (best: 1.0636e-05/2.2768e-06)
>> epoch [  41/3000], runtime:  2.34s, train loss: 1.0657e-05 (best: 1.0636e-05/2.2768e-06)
>> epoch [  42/3000], runtime: 2.34s, train loss: 1.0308e-05, valid loss: 1.9869e-06 , test loss: 3.8005e-04
>> epoch [  43/3000], runtime:  2.35s, train loss: 1.0574e-05 (best: 1.0308e-05/1.9869e-06)
>> epoch [  44/3000], runtime:  2.21s, train loss: 1.1306e-05 (best: 1.0308e-05/1.9869e-06)
>> epoch [  45/3000], runtime: 1.97s, train loss: 1.0036e-05, valid loss: 1.8717e-06 , test loss: 3.8746e-04
>> epoch [  46/3000], runtime: 2.35s, train loss: 9.4273e-06, valid loss: 1.7263e-06 , test loss: 3.6480e-04
>> epoch [  47/3000], runtime:  2.33s, train loss: 9.6369e-06 (best: 9.4273e-06/1.7263e-06)
>> epoch [  48/3000], runtime:  2.35s, train loss: 9.9763e-06 (best: 9.4273e-06/1.7263e-06)
>> epoch [  49/3000], runtime:  2.34s, train loss: 1.0677e-05 (best: 9.4273e-06/1.7263e-06)
>> epoch [  50/3000], runtime:  2.33s, train loss: 1.0080e-05 (best: 9.4273e-06/1.7263e-06)
>> epoch [  51/3000], runtime:  2.33s, train loss: 1.0055e-05 (best: 9.4273e-06/1.7263e-06)
>> epoch [  52/3000], runtime:  2.34s, train loss: 1.0151e-05 (best: 9.4273e-06/1.7263e-06)
>> epoch [  53/3000], runtime: 2.34s, train loss: 9.2877e-06, valid loss: 1.6492e-06 , test loss: 3.5046e-04
>> epoch [  54/3000], runtime: 1.94s, train loss: 8.5207e-06, valid loss: 1.6185e-06 , test loss: 3.2803e-04
>> epoch [  55/3000], runtime:  2.35s, train loss: 9.4012e-06 (best: 8.5207e-06/1.6185e-06)
>> epoch [  56/3000], runtime:  2.33s, train loss: 8.6393e-06 (best: 8.5207e-06/1.6185e-06)
>> epoch [  57/3000], runtime:  2.34s, train loss: 9.9819e-06 (best: 8.5207e-06/1.6185e-06)
>> epoch [  58/3000], runtime:  2.34s, train loss: 9.2053e-06 (best: 8.5207e-06/1.6185e-06)
>> epoch [  59/3000], runtime: 2.33s, train loss: 8.3725e-06, valid loss: 1.5623e-06 , test loss: 3.2700e-04
>> epoch [  60/3000], runtime:  2.37s, train loss: 9.0375e-06 (best: 8.3725e-06/1.5623e-06)
>> epoch [  61/3000], runtime: 2.34s, train loss: 7.9957e-06, valid loss: 1.5317e-06 , test loss: 3.1735e-04
>> epoch [  62/3000], runtime:  2.32s, train loss: 8.6139e-06 (best: 7.9957e-06/1.5317e-06)
>> epoch [  63/3000], runtime:  2.33s, train loss: 8.3877e-06 (best: 7.9957e-06/1.5317e-06)
>> epoch [  64/3000], runtime:  2.34s, train loss: 8.9052e-06 (best: 7.9957e-06/1.5317e-06)
>> epoch [  65/3000], runtime:  2.20s, train loss: 8.1077e-06 (best: 7.9957e-06/1.5317e-06)
>> epoch [  66/3000], runtime: 1.97s, train loss: 7.7041e-06, valid loss: 1.5187e-06 , test loss: 3.0847e-04
>> epoch [  67/3000], runtime:  2.32s, train loss: 8.0154e-06 (best: 7.7041e-06/1.5187e-06)
>> epoch [  68/3000], runtime:  2.33s, train loss: 8.0370e-06 (best: 7.7041e-06/1.5187e-06)
>> epoch [  69/3000], runtime:  2.34s, train loss: 8.5224e-06 (best: 7.7041e-06/1.5187e-06)
>> epoch [  70/3000], runtime: 2.34s, train loss: 7.4208e-06, valid loss: 1.3470e-06 , test loss: 2.8376e-04
>> epoch [  71/3000], runtime:  2.34s, train loss: 7.5571e-06 (best: 7.4208e-06/1.3470e-06)
>> epoch [  72/3000], runtime: 2.33s, train loss: 7.2703e-06, valid loss: 1.2435e-06 , test loss: 2.7290e-04
>> epoch [  73/3000], runtime: 2.33s, train loss: 6.7800e-06, valid loss: 1.2333e-06 , test loss: 2.6494e-04
>> epoch [  74/3000], runtime:  2.34s, train loss: 6.8994e-06 (best: 6.7800e-06/1.2333e-06)
>> epoch [  75/3000], runtime:  2.33s, train loss: 7.0812e-06 (best: 6.7800e-06/1.2333e-06)
>> epoch [  76/3000], runtime:  2.35s, train loss: 7.4754e-06 (best: 6.7800e-06/1.2333e-06)
>> epoch [  77/3000], runtime:  2.34s, train loss: 7.2833e-06 (best: 6.7800e-06/1.2333e-06)
>> epoch [  78/3000], runtime:  2.34s, train loss: 6.8975e-06 (best: 6.7800e-06/1.2333e-06)
>> epoch [  79/3000], runtime:  2.21s, train loss: 6.9106e-06 (best: 6.7800e-06/1.2333e-06)
>> epoch [  80/3000], runtime:  1.95s, train loss: 6.8832e-06 (best: 6.7800e-06/1.2333e-06)
>> epoch [  81/3000], runtime:  2.35s, train loss: 6.8007e-06 (best: 6.7800e-06/1.2333e-06)
>> epoch [  82/3000], runtime:  2.33s, train loss: 7.0738e-06 (best: 6.7800e-06/1.2333e-06)
>> epoch [  83/3000], runtime:  2.34s, train loss: 6.8387e-06 (best: 6.7800e-06/1.2333e-06)
>> epoch [  84/3000], runtime:  2.34s, train loss: 6.3143e-06 (best: 6.7800e-06/1.2333e-06)
>> epoch [  85/3000], runtime:  2.34s, train loss: 6.8325e-06 (best: 6.7800e-06/1.2333e-06)
>> epoch [  86/3000], runtime:  2.34s, train loss: 6.7887e-06 (best: 6.7800e-06/1.2333e-06)
>> epoch [  87/3000], runtime:  2.35s, train loss: 6.9668e-06 (best: 6.7800e-06/1.2333e-06)
>> epoch [  88/3000], runtime: 2.34s, train loss: 6.6204e-06, valid loss: 1.2180e-06 , test loss: 2.4317e-04
>> epoch [  89/3000], runtime:  2.24s, train loss: 7.3729e-06 (best: 6.6204e-06/1.2180e-06)
>> epoch [  90/3000], runtime:  1.94s, train loss: 6.9338e-06 (best: 6.6204e-06/1.2180e-06)
>> epoch [  91/3000], runtime:  2.34s, train loss: 7.2539e-06 (best: 6.6204e-06/1.2180e-06)
>> epoch [  92/3000], runtime:  2.34s, train loss: 7.1696e-06 (best: 6.6204e-06/1.2180e-06)
>> epoch [  93/3000], runtime: 2.34s, train loss: 6.2715e-06, valid loss: 1.1263e-06 , test loss: 2.4386e-04
>> epoch [  94/3000], runtime:  2.36s, train loss: 6.3374e-06 (best: 6.2715e-06/1.1263e-06)
>> epoch [  95/3000], runtime:  2.33s, train loss: 6.9685e-06 (best: 6.2715e-06/1.1263e-06)
>> epoch [  96/3000], runtime: 2.34s, train loss: 6.2015e-06, valid loss: 1.1079e-06 , test loss: 2.3406e-04
>> epoch [  97/3000], runtime: 2.34s, train loss: 6.0861e-06, valid loss: 1.0855e-06 , test loss: 2.3716e-04
>> epoch [  98/3000], runtime:  2.33s, train loss: 6.0894e-06 (best: 6.0861e-06/1.0855e-06)
>> epoch [  99/3000], runtime: 2.33s, train loss: 5.8507e-06, valid loss: 1.0700e-06 , test loss: 2.3396e-04
>> epoch [ 100/3000], runtime:  2.33s, train loss: 6.4679e-06 (best: 5.8507e-06/1.0700e-06)
>> epoch [ 101/3000], runtime:  2.33s, train loss: 6.0799e-06 (best: 5.8507e-06/1.0700e-06)
>> epoch [ 102/3000], runtime:  2.34s, train loss: 6.2065e-06 (best: 5.8507e-06/1.0700e-06)
>> epoch [ 103/3000], runtime:  2.34s, train loss: 6.5310e-06 (best: 5.8507e-06/1.0700e-06)
>> epoch [ 104/3000], runtime:  2.33s, train loss: 6.2812e-06 (best: 5.8507e-06/1.0700e-06)
>> epoch [ 105/3000], runtime:  2.34s, train loss: 6.9064e-06 (best: 5.8507e-06/1.0700e-06)
>> epoch [ 106/3000], runtime:  2.34s, train loss: 6.0384e-06 (best: 5.8507e-06/1.0700e-06)
>> epoch [ 107/3000], runtime: 2.34s, train loss: 5.8286e-06, valid loss: 1.0682e-06 , test loss: 2.2700e-04
>> epoch [ 108/3000], runtime:  2.34s, train loss: 5.8374e-06 (best: 5.8286e-06/1.0682e-06)
>> epoch [ 109/3000], runtime:  2.35s, train loss: 6.7909e-06 (best: 5.8286e-06/1.0682e-06)
>> epoch [ 110/3000], runtime: 2.33s, train loss: 5.7435e-06, valid loss: 1.0323e-06 , test loss: 2.2377e-04
>> epoch [ 111/3000], runtime:  2.34s, train loss: 6.0170e-06 (best: 5.7435e-06/1.0323e-06)
>> epoch [ 112/3000], runtime:  2.34s, train loss: 6.5302e-06 (best: 5.7435e-06/1.0323e-06)
>> epoch [ 113/3000], runtime:  2.34s, train loss: 6.0760e-06 (best: 5.7435e-06/1.0323e-06)
>> epoch [ 114/3000], runtime:  2.34s, train loss: 6.2060e-06 (best: 5.7435e-06/1.0323e-06)
>> epoch [ 115/3000], runtime:  2.33s, train loss: 5.9876e-06 (best: 5.7435e-06/1.0323e-06)
>> epoch [ 116/3000], runtime:  2.33s, train loss: 6.0594e-06 (best: 5.7435e-06/1.0323e-06)
>> epoch [ 117/3000], runtime:  2.34s, train loss: 5.6763e-06 (best: 5.7435e-06/1.0323e-06)
>> epoch [ 118/3000], runtime:  2.33s, train loss: 5.7792e-06 (best: 5.7435e-06/1.0323e-06)
>> epoch [ 119/3000], runtime: 2.34s, train loss: 5.3788e-06, valid loss: 9.8758e-07 , test loss: 2.1653e-04
>> epoch [ 120/3000], runtime: 2.34s, train loss: 5.2519e-06, valid loss: 9.3787e-07 , test loss: 2.0826e-04
>> epoch [ 121/3000], runtime:  2.33s, train loss: 5.3133e-06 (best: 5.2519e-06/9.3787e-07)
>> epoch [ 122/3000], runtime:  2.34s, train loss: 5.2255e-06 (best: 5.2519e-06/9.3787e-07)
>> epoch [ 123/3000], runtime:  2.34s, train loss: 5.2963e-06 (best: 5.2519e-06/9.3787e-07)
>> epoch [ 124/3000], runtime:  2.34s, train loss: 5.8506e-06 (best: 5.2519e-06/9.3787e-07)
>> epoch [ 125/3000], runtime: 2.33s, train loss: 5.2302e-06, valid loss: 8.9569e-07 , test loss: 1.9918e-04
>> epoch [ 126/3000], runtime:  2.33s, train loss: 5.3735e-06 (best: 5.2302e-06/8.9569e-07)
>> epoch [ 127/3000], runtime:  2.38s, train loss: 4.9687e-06 (best: 5.2302e-06/8.9569e-07)
>> epoch [ 128/3000], runtime:  2.33s, train loss: 5.7661e-06 (best: 5.2302e-06/8.9569e-07)
>> epoch [ 129/3000], runtime:  2.33s, train loss: 5.2726e-06 (best: 5.2302e-06/8.9569e-07)
>> epoch [ 130/3000], runtime:  2.33s, train loss: 5.7667e-06 (best: 5.2302e-06/8.9569e-07)
>> epoch [ 131/3000], runtime:  2.01s, train loss: 5.3544e-06 (best: 5.2302e-06/8.9569e-07)
>> epoch [ 132/3000], runtime: 1.90s, train loss: 5.1054e-06, valid loss: 8.5676e-07 , test loss: 1.9267e-04
>> epoch [ 133/3000], runtime:  2.33s, train loss: 5.6557e-06 (best: 5.1054e-06/8.5676e-07)
>> epoch [ 134/3000], runtime:  2.34s, train loss: 5.3788e-06 (best: 5.1054e-06/8.5676e-07)
>> epoch [ 135/3000], runtime:  2.34s, train loss: 5.1320e-06 (best: 5.1054e-06/8.5676e-07)
>> epoch [ 136/3000], runtime:  2.34s, train loss: 4.7497e-06 (best: 5.1054e-06/8.5676e-07)
>> epoch [ 137/3000], runtime:  2.33s, train loss: 5.3146e-06 (best: 5.1054e-06/8.5676e-07)
>> epoch [ 138/3000], runtime:  2.33s, train loss: 5.1096e-06 (best: 5.1054e-06/8.5676e-07)
>> epoch [ 139/3000], runtime:  2.34s, train loss: 5.1232e-06 (best: 5.1054e-06/8.5676e-07)
>> epoch [ 140/3000], runtime:  2.34s, train loss: 5.1492e-06 (best: 5.1054e-06/8.5676e-07)
>> epoch [ 141/3000], runtime:  2.33s, train loss: 5.6135e-06 (best: 5.1054e-06/8.5676e-07)
>> epoch [ 142/3000], runtime: 2.35s, train loss: 4.8197e-06, valid loss: 8.3541e-07 , test loss: 1.7969e-04
>> epoch [ 143/3000], runtime:  2.36s, train loss: 4.6033e-06 (best: 4.8197e-06/8.3541e-07)
>> epoch [ 144/3000], runtime:  2.33s, train loss: 4.5714e-06 (best: 4.8197e-06/8.3541e-07)
>> epoch [ 145/3000], runtime:  2.34s, train loss: 4.6728e-06 (best: 4.8197e-06/8.3541e-07)
>> epoch [ 146/3000], runtime:  2.35s, train loss: 5.3056e-06 (best: 4.8197e-06/8.3541e-07)
>> epoch [ 147/3000], runtime:  2.34s, train loss: 4.8394e-06 (best: 4.8197e-06/8.3541e-07)
>> epoch [ 148/3000], runtime:  2.34s, train loss: 5.1337e-06 (best: 4.8197e-06/8.3541e-07)
>> epoch [ 149/3000], runtime:  2.34s, train loss: 4.8204e-06 (best: 4.8197e-06/8.3541e-07)
>> epoch [ 150/3000], runtime: 2.33s, train loss: 4.3628e-06, valid loss: 7.6041e-07 , test loss: 1.7310e-04
>> epoch [ 151/3000], runtime:  2.33s, train loss: 4.4227e-06 (best: 4.3628e-06/7.6041e-07)
>> epoch [ 152/3000], runtime:  2.33s, train loss: 4.5845e-06 (best: 4.3628e-06/7.6041e-07)
>> epoch [ 153/3000], runtime:  2.33s, train loss: 4.7407e-06 (best: 4.3628e-06/7.6041e-07)
>> epoch [ 154/3000], runtime:  2.34s, train loss: 4.3523e-06 (best: 4.3628e-06/7.6041e-07)
>> epoch [ 155/3000], runtime:  2.34s, train loss: 4.6580e-06 (best: 4.3628e-06/7.6041e-07)
>> epoch [ 156/3000], runtime:  2.33s, train loss: 4.8523e-06 (best: 4.3628e-06/7.6041e-07)
>> epoch [ 157/3000], runtime:  2.34s, train loss: 4.5670e-06 (best: 4.3628e-06/7.6041e-07)
>> epoch [ 158/3000], runtime:  2.33s, train loss: 4.0878e-06 (best: 4.3628e-06/7.6041e-07)
>> epoch [ 159/3000], runtime:  2.33s, train loss: 4.5284e-06 (best: 4.3628e-06/7.6041e-07)
>> epoch [ 160/3000], runtime:  2.34s, train loss: 4.5782e-06 (best: 4.3628e-06/7.6041e-07)
>> epoch [ 161/3000], runtime:  2.34s, train loss: 4.6869e-06 (best: 4.3628e-06/7.6041e-07)
>> epoch [ 162/3000], runtime:  2.34s, train loss: 4.3936e-06 (best: 4.3628e-06/7.6041e-07)
>> epoch [ 163/3000], runtime:  2.33s, train loss: 4.7608e-06 (best: 4.3628e-06/7.6041e-07)
>> epoch [ 164/3000], runtime:  2.34s, train loss: 4.4012e-06 (best: 4.3628e-06/7.6041e-07)
>> epoch [ 165/3000], runtime:  2.35s, train loss: 4.5164e-06 (best: 4.3628e-06/7.6041e-07)
>> epoch [ 166/3000], runtime: 1.96s, train loss: 4.2708e-06, valid loss: 7.5467e-07 , test loss: 1.6850e-04
>> epoch [ 167/3000], runtime:  2.34s, train loss: 3.9266e-06 (best: 4.2708e-06/7.5467e-07)
>> epoch [ 168/3000], runtime:  2.34s, train loss: 4.2324e-06 (best: 4.2708e-06/7.5467e-07)
>> epoch [ 169/3000], runtime:  2.34s, train loss: 4.8574e-06 (best: 4.2708e-06/7.5467e-07)
>> epoch [ 170/3000], runtime: 2.33s, train loss: 4.1980e-06, valid loss: 7.0445e-07 , test loss: 1.6230e-04
>> epoch [ 171/3000], runtime:  2.35s, train loss: 4.1605e-06 (best: 4.1980e-06/7.0445e-07)
>> epoch [ 172/3000], runtime:  2.36s, train loss: 3.7879e-06 (best: 4.1980e-06/7.0445e-07)
>> epoch [ 173/3000], runtime:  2.34s, train loss: 3.9273e-06 (best: 4.1980e-06/7.0445e-07)
>> epoch [ 174/3000], runtime:  2.33s, train loss: 4.1041e-06 (best: 4.1980e-06/7.0445e-07)
>> epoch [ 175/3000], runtime:  2.32s, train loss: 4.2678e-06 (best: 4.1980e-06/7.0445e-07)
>> epoch [ 176/3000], runtime:  2.34s, train loss: 4.0631e-06 (best: 4.1980e-06/7.0445e-07)
>> epoch [ 177/3000], runtime:  2.34s, train loss: 4.0185e-06 (best: 4.1980e-06/7.0445e-07)
>> epoch [ 178/3000], runtime: 2.33s, train loss: 3.7410e-06, valid loss: 6.5195e-07 , test loss: 1.5083e-04
>> epoch [ 179/3000], runtime:  2.00s, train loss: 3.7188e-06 (best: 3.7410e-06/6.5195e-07)
>> epoch [ 180/3000], runtime:  2.33s, train loss: 3.7748e-06 (best: 3.7410e-06/6.5195e-07)
>> epoch [ 181/3000], runtime:  2.33s, train loss: 3.8244e-06 (best: 3.7410e-06/6.5195e-07)
>> epoch [ 182/3000], runtime:  2.33s, train loss: 3.5151e-06 (best: 3.7410e-06/6.5195e-07)
>> epoch [ 183/3000], runtime:  2.34s, train loss: 3.9361e-06 (best: 3.7410e-06/6.5195e-07)
>> epoch [ 184/3000], runtime:  2.34s, train loss: 3.9250e-06 (best: 3.7410e-06/6.5195e-07)
>> epoch [ 185/3000], runtime:  2.33s, train loss: 3.6430e-06 (best: 3.7410e-06/6.5195e-07)
>> epoch [ 186/3000], runtime:  2.35s, train loss: 3.5400e-06 (best: 3.7410e-06/6.5195e-07)
>> epoch [ 187/3000], runtime:  2.33s, train loss: 3.5122e-06 (best: 3.7410e-06/6.5195e-07)
>> epoch [ 188/3000], runtime:  2.34s, train loss: 3.8692e-06 (best: 3.7410e-06/6.5195e-07)
>> epoch [ 189/3000], runtime: 2.33s, train loss: 3.6332e-06, valid loss: 6.1249e-07 , test loss: 1.4510e-04
>> epoch [ 190/3000], runtime:  2.33s, train loss: 3.6922e-06 (best: 3.6332e-06/6.1249e-07)
>> epoch [ 191/3000], runtime:  2.34s, train loss: 3.9999e-06 (best: 3.6332e-06/6.1249e-07)
>> epoch [ 192/3000], runtime: 2.34s, train loss: 3.4038e-06, valid loss: 6.0564e-07 , test loss: 1.4431e-04
>> epoch [ 193/3000], runtime:  2.34s, train loss: 3.4714e-06 (best: 3.4038e-06/6.0564e-07)
>> epoch [ 194/3000], runtime:  2.33s, train loss: 3.6903e-06 (best: 3.4038e-06/6.0564e-07)
>> epoch [ 195/3000], runtime:  2.33s, train loss: 3.4725e-06 (best: 3.4038e-06/6.0564e-07)
>> epoch [ 196/3000], runtime:  2.35s, train loss: 3.5600e-06 (best: 3.4038e-06/6.0564e-07)
>> epoch [ 197/3000], runtime:  2.33s, train loss: 3.2619e-06 (best: 3.4038e-06/6.0564e-07)
>> epoch [ 198/3000], runtime:  2.34s, train loss: 3.6278e-06 (best: 3.4038e-06/6.0564e-07)
>> epoch [ 199/3000], runtime:  2.33s, train loss: 3.5356e-06 (best: 3.4038e-06/6.0564e-07)
>> epoch [ 200/3000], runtime:  2.33s, train loss: 3.5510e-06 (best: 3.4038e-06/6.0564e-07)
>> epoch [ 201/3000], runtime:  2.33s, train loss: 3.3076e-06 (best: 3.4038e-06/6.0564e-07)
>> epoch [ 202/3000], runtime:  2.34s, train loss: 3.4253e-06 (best: 3.4038e-06/6.0564e-07)
>> epoch [ 203/3000], runtime:  2.33s, train loss: 3.6768e-06 (best: 3.4038e-06/6.0564e-07)
>> epoch [ 204/3000], runtime:  2.33s, train loss: 3.7372e-06 (best: 3.4038e-06/6.0564e-07)
>> epoch [ 205/3000], runtime:  2.34s, train loss: 3.4459e-06 (best: 3.4038e-06/6.0564e-07)
>> epoch [ 206/3000], runtime:  2.34s, train loss: 3.4106e-06 (best: 3.4038e-06/6.0564e-07)
>> epoch [ 207/3000], runtime:  2.34s, train loss: 3.5357e-06 (best: 3.4038e-06/6.0564e-07)
>> epoch [ 208/3000], runtime:  2.35s, train loss: 3.7974e-06 (best: 3.4038e-06/6.0564e-07)
>> epoch [ 209/3000], runtime:  2.33s, train loss: 3.7041e-06 (best: 3.4038e-06/6.0564e-07)
>> epoch [ 210/3000], runtime: 2.34s, train loss: 3.4001e-06, valid loss: 5.6082e-07 , test loss: 1.3598e-04
>> epoch [ 211/3000], runtime:  2.30s, train loss: 3.4317e-06 (best: 3.4001e-06/5.6082e-07)
>> epoch [ 212/3000], runtime:  1.93s, train loss: 3.6511e-06 (best: 3.4001e-06/5.6082e-07)
>> epoch [ 213/3000], runtime:  2.30s, train loss: 3.6141e-06 (best: 3.4001e-06/5.6082e-07)
>> epoch [ 214/3000], runtime:  2.33s, train loss: 3.5319e-06 (best: 3.4001e-06/5.6082e-07)
>> epoch [ 215/3000], runtime:  2.34s, train loss: 3.3490e-06 (best: 3.4001e-06/5.6082e-07)
>> epoch [ 216/3000], runtime:  2.34s, train loss: 3.3688e-06 (best: 3.4001e-06/5.6082e-07)
>> epoch [ 217/3000], runtime:  2.36s, train loss: 3.6354e-06 (best: 3.4001e-06/5.6082e-07)
>> epoch [ 218/3000], runtime:  2.34s, train loss: 3.7460e-06 (best: 3.4001e-06/5.6082e-07)
>> epoch [ 219/3000], runtime:  2.34s, train loss: 3.4443e-06 (best: 3.4001e-06/5.6082e-07)
>> epoch [ 220/3000], runtime: 2.35s, train loss: 3.0865e-06, valid loss: 5.3029e-07 , test loss: 1.2889e-04
>> epoch [ 221/3000], runtime:  1.98s, train loss: 3.3824e-06 (best: 3.0865e-06/5.3029e-07)
>> epoch [ 222/3000], runtime:  2.17s, train loss: 3.7491e-06 (best: 3.0865e-06/5.3029e-07)
>> epoch [ 223/3000], runtime:  2.34s, train loss: 3.1482e-06 (best: 3.0865e-06/5.3029e-07)
>> epoch [ 224/3000], runtime:  2.34s, train loss: 3.4133e-06 (best: 3.0865e-06/5.3029e-07)
>> epoch [ 225/3000], runtime:  2.33s, train loss: 3.5445e-06 (best: 3.0865e-06/5.3029e-07)
>> epoch [ 226/3000], runtime:  2.33s, train loss: 3.2419e-06 (best: 3.0865e-06/5.3029e-07)
>> epoch [ 227/3000], runtime:  2.34s, train loss: 3.0963e-06 (best: 3.0865e-06/5.3029e-07)
>> epoch [ 228/3000], runtime:  2.33s, train loss: 3.3201e-06 (best: 3.0865e-06/5.3029e-07)
>> epoch [ 229/3000], runtime:  2.34s, train loss: 3.3415e-06 (best: 3.0865e-06/5.3029e-07)
>> epoch [ 230/3000], runtime:  2.34s, train loss: 3.0664e-06 (best: 3.0865e-06/5.3029e-07)
>> epoch [ 231/3000], runtime:  2.34s, train loss: 3.0533e-06 (best: 3.0865e-06/5.3029e-07)
>> epoch [ 232/3000], runtime:  2.34s, train loss: 3.3358e-06 (best: 3.0865e-06/5.3029e-07)
>> epoch [ 233/3000], runtime:  1.97s, train loss: 3.5475e-06 (best: 3.0865e-06/5.3029e-07)
>> epoch [ 234/3000], runtime:  2.26s, train loss: 3.1374e-06 (best: 3.0865e-06/5.3029e-07)
>> epoch [ 235/3000], runtime:  2.34s, train loss: 2.9419e-06 (best: 3.0865e-06/5.3029e-07)
>> epoch [ 236/3000], runtime:  2.33s, train loss: 3.4985e-06 (best: 3.0865e-06/5.3029e-07)
>> epoch [ 237/3000], runtime:  2.33s, train loss: 3.4155e-06 (best: 3.0865e-06/5.3029e-07)
>> epoch [ 238/3000], runtime:  2.34s, train loss: 3.3392e-06 (best: 3.0865e-06/5.3029e-07)
>> epoch [ 239/3000], runtime:  2.34s, train loss: 3.1419e-06 (best: 3.0865e-06/5.3029e-07)
>> epoch [ 240/3000], runtime:  2.34s, train loss: 3.1162e-06 (best: 3.0865e-06/5.3029e-07)
>> epoch [ 241/3000], runtime:  2.34s, train loss: 3.1607e-06 (best: 3.0865e-06/5.3029e-07)
>> epoch [ 242/3000], runtime:  2.34s, train loss: 3.1723e-06 (best: 3.0865e-06/5.3029e-07)
>> epoch [ 243/3000], runtime:  2.33s, train loss: 3.3368e-06 (best: 3.0865e-06/5.3029e-07)
>> epoch [ 244/3000], runtime:  2.34s, train loss: 3.2993e-06 (best: 3.0865e-06/5.3029e-07)
>> epoch [ 245/3000], runtime:  2.33s, train loss: 3.1200e-06 (best: 3.0865e-06/5.3029e-07)
>> epoch [ 246/3000], runtime: 2.34s, train loss: 2.9382e-06, valid loss: 5.2470e-07 , test loss: 1.2509e-04
>> epoch [ 247/3000], runtime:  2.34s, train loss: 3.0559e-06 (best: 2.9382e-06/5.2470e-07)
>> epoch [ 248/3000], runtime:  2.33s, train loss: 2.8968e-06 (best: 2.9382e-06/5.2470e-07)
>> epoch [ 249/3000], runtime:  2.36s, train loss: 3.3395e-06 (best: 2.9382e-06/5.2470e-07)
>> epoch [ 250/3000], runtime:  2.33s, train loss: 3.6076e-06 (best: 2.9382e-06/5.2470e-07)
>> epoch [ 251/3000], runtime:  2.33s, train loss: 3.5444e-06 (best: 2.9382e-06/5.2470e-07)
>> epoch [ 252/3000], runtime: 2.35s, train loss: 2.8972e-06, valid loss: 5.0481e-07 , test loss: 1.2299e-04
>> epoch [ 253/3000], runtime:  2.32s, train loss: 3.0223e-06 (best: 2.8972e-06/5.0481e-07)
>> epoch [ 254/3000], runtime:  2.33s, train loss: 3.0397e-06 (best: 2.8972e-06/5.0481e-07)
>> epoch [ 255/3000], runtime:  2.34s, train loss: 3.0544e-06 (best: 2.8972e-06/5.0481e-07)
>> epoch [ 256/3000], runtime:  2.34s, train loss: 3.1155e-06 (best: 2.8972e-06/5.0481e-07)
>> epoch [ 257/3000], runtime:  2.33s, train loss: 3.5803e-06 (best: 2.8972e-06/5.0481e-07)
>> epoch [ 258/3000], runtime:  2.34s, train loss: 3.2915e-06 (best: 2.8972e-06/5.0481e-07)
>> epoch [ 259/3000], runtime:  2.34s, train loss: 2.9338e-06 (best: 2.8972e-06/5.0481e-07)
>> epoch [ 260/3000], runtime:  2.33s, train loss: 3.2751e-06 (best: 2.8972e-06/5.0481e-07)
>> epoch [ 261/3000], runtime:  2.33s, train loss: 3.0703e-06 (best: 2.8972e-06/5.0481e-07)
>> epoch [ 262/3000], runtime:  2.34s, train loss: 2.9459e-06 (best: 2.8972e-06/5.0481e-07)
>> epoch [ 263/3000], runtime:  2.34s, train loss: 2.8536e-06 (best: 2.8972e-06/5.0481e-07)
>> epoch [ 264/3000], runtime:  2.33s, train loss: 3.1376e-06 (best: 2.8972e-06/5.0481e-07)
>> epoch [ 265/3000], runtime:  2.34s, train loss: 3.2134e-06 (best: 2.8972e-06/5.0481e-07)
>> epoch [ 266/3000], runtime:  2.35s, train loss: 3.2142e-06 (best: 2.8972e-06/5.0481e-07)
>> epoch [ 267/3000], runtime:  1.92s, train loss: 3.1486e-06 (best: 2.8972e-06/5.0481e-07)
>> epoch [ 268/3000], runtime:  2.22s, train loss: 3.1578e-06 (best: 2.8972e-06/5.0481e-07)
>> epoch [ 269/3000], runtime:  2.34s, train loss: 3.0567e-06 (best: 2.8972e-06/5.0481e-07)
>> epoch [ 270/3000], runtime:  2.33s, train loss: 2.9066e-06 (best: 2.8972e-06/5.0481e-07)
>> epoch [ 271/3000], runtime:  2.34s, train loss: 2.8843e-06 (best: 2.8972e-06/5.0481e-07)
>> epoch [ 272/3000], runtime:  2.34s, train loss: 2.9682e-06 (best: 2.8972e-06/5.0481e-07)
>> epoch [ 273/3000], runtime:  2.33s, train loss: 2.8575e-06 (best: 2.8972e-06/5.0481e-07)
>> epoch [ 274/3000], runtime:  2.34s, train loss: 2.9312e-06 (best: 2.8972e-06/5.0481e-07)
>> epoch [ 275/3000], runtime:  2.35s, train loss: 3.0508e-06 (best: 2.8972e-06/5.0481e-07)
>> epoch [ 276/3000], runtime: 2.35s, train loss: 2.8951e-06, valid loss: 4.8126e-07 , test loss: 1.2003e-04
>> epoch [ 277/3000], runtime:  2.12s, train loss: 2.7847e-06 (best: 2.8951e-06/4.8126e-07)
>> epoch [ 278/3000], runtime:  2.34s, train loss: 2.8574e-06 (best: 2.8951e-06/4.8126e-07)
>> epoch [ 279/3000], runtime:  2.33s, train loss: 2.9077e-06 (best: 2.8951e-06/4.8126e-07)
>> epoch [ 280/3000], runtime:  2.36s, train loss: 2.8986e-06 (best: 2.8951e-06/4.8126e-07)
>> epoch [ 281/3000], runtime:  2.34s, train loss: 3.1936e-06 (best: 2.8951e-06/4.8126e-07)
>> epoch [ 282/3000], runtime:  2.34s, train loss: 2.9412e-06 (best: 2.8951e-06/4.8126e-07)
>> epoch [ 283/3000], runtime:  2.35s, train loss: 3.0286e-06 (best: 2.8951e-06/4.8126e-07)
>> epoch [ 284/3000], runtime:  2.34s, train loss: 2.7444e-06 (best: 2.8951e-06/4.8126e-07)
>> epoch [ 285/3000], runtime:  2.34s, train loss: 2.8724e-06 (best: 2.8951e-06/4.8126e-07)
>> epoch [ 286/3000], runtime:  2.35s, train loss: 2.9247e-06 (best: 2.8951e-06/4.8126e-07)
>> epoch [ 287/3000], runtime:  2.35s, train loss: 2.7685e-06 (best: 2.8951e-06/4.8126e-07)
>> epoch [ 288/3000], runtime:  2.34s, train loss: 2.9255e-06 (best: 2.8951e-06/4.8126e-07)
>> epoch [ 289/3000], runtime:  2.33s, train loss: 3.0732e-06 (best: 2.8951e-06/4.8126e-07)
>> epoch [ 290/3000], runtime:  2.34s, train loss: 2.8419e-06 (best: 2.8951e-06/4.8126e-07)
>> epoch [ 291/3000], runtime: 2.33s, train loss: 2.8936e-06, valid loss: 4.7513e-07 , test loss: 1.1950e-04
>> epoch [ 292/3000], runtime:  2.33s, train loss: 2.8485e-06 (best: 2.8936e-06/4.7513e-07)
>> epoch [ 293/3000], runtime:  2.33s, train loss: 2.7804e-06 (best: 2.8936e-06/4.7513e-07)
>> epoch [ 294/3000], runtime:  2.33s, train loss: 2.9519e-06 (best: 2.8936e-06/4.7513e-07)
>> epoch [ 295/3000], runtime:  2.32s, train loss: 2.8864e-06 (best: 2.8936e-06/4.7513e-07)
>> epoch [ 296/3000], runtime:  2.35s, train loss: 2.8889e-06 (best: 2.8936e-06/4.7513e-07)
>> epoch [ 297/3000], runtime:  2.32s, train loss: 2.7944e-06 (best: 2.8936e-06/4.7513e-07)
>> epoch [ 298/3000], runtime:  2.34s, train loss: 2.8132e-06 (best: 2.8936e-06/4.7513e-07)
>> epoch [ 299/3000], runtime:  2.34s, train loss: 2.6679e-06 (best: 2.8936e-06/4.7513e-07)
>> epoch [ 300/3000], runtime:  2.35s, train loss: 2.9137e-06 (best: 2.8936e-06/4.7513e-07)
>> epoch [ 301/3000], runtime:  2.33s, train loss: 2.9635e-06 (best: 2.8936e-06/4.7513e-07)
>> epoch [ 302/3000], runtime:  2.33s, train loss: 3.2112e-06 (best: 2.8936e-06/4.7513e-07)
>> epoch [ 303/3000], runtime:  2.33s, train loss: 2.7776e-06 (best: 2.8936e-06/4.7513e-07)
>> epoch [ 304/3000], runtime:  2.36s, train loss: 2.8510e-06 (best: 2.8936e-06/4.7513e-07)
>> epoch [ 305/3000], runtime:  2.33s, train loss: 2.8226e-06 (best: 2.8936e-06/4.7513e-07)
>> epoch [ 306/3000], runtime:  2.33s, train loss: 2.8340e-06 (best: 2.8936e-06/4.7513e-07)
>> epoch [ 307/3000], runtime:  2.34s, train loss: 3.1119e-06 (best: 2.8936e-06/4.7513e-07)
>> epoch [ 308/3000], runtime:  2.33s, train loss: 3.4385e-06 (best: 2.8936e-06/4.7513e-07)
>> epoch [ 309/3000], runtime:  2.34s, train loss: 3.1229e-06 (best: 2.8936e-06/4.7513e-07)
>> epoch [ 310/3000], runtime:  2.34s, train loss: 2.7348e-06 (best: 2.8936e-06/4.7513e-07)
>> epoch [ 311/3000], runtime:  2.52s, train loss: 2.9813e-06 (best: 2.8936e-06/4.7513e-07)
>> epoch [ 312/3000], runtime:  2.52s, train loss: 2.8033e-06 (best: 2.8936e-06/4.7513e-07)
>> epoch [ 313/3000], runtime: 2.51s, train loss: 2.8531e-06, valid loss: 4.7363e-07 , test loss: 1.1820e-04
>> epoch [ 314/3000], runtime:  2.53s, train loss: 2.8857e-06 (best: 2.8531e-06/4.7363e-07)
>> epoch [ 315/3000], runtime: 2.53s, train loss: 2.7977e-06, valid loss: 4.6673e-07 , test loss: 1.1643e-04
>> epoch [ 316/3000], runtime:  2.48s, train loss: 2.8435e-06 (best: 2.7977e-06/4.6673e-07)
>> epoch [ 317/3000], runtime:  2.59s, train loss: 2.7685e-06 (best: 2.7977e-06/4.6673e-07)
>> epoch [ 318/3000], runtime:  2.57s, train loss: 2.8934e-06 (best: 2.7977e-06/4.6673e-07)
>> epoch [ 319/3000], runtime:  2.64s, train loss: 2.8219e-06 (best: 2.7977e-06/4.6673e-07)
>> epoch [ 320/3000], runtime:  2.58s, train loss: 2.7993e-06 (best: 2.7977e-06/4.6673e-07)
>> epoch [ 321/3000], runtime:  2.49s, train loss: 2.8541e-06 (best: 2.7977e-06/4.6673e-07)
>> epoch [ 322/3000], runtime:  2.65s, train loss: 2.8556e-06 (best: 2.7977e-06/4.6673e-07)
>> epoch [ 323/3000], runtime:  2.57s, train loss: 2.8160e-06 (best: 2.7977e-06/4.6673e-07)
>> epoch [ 324/3000], runtime:  2.54s, train loss: 3.1802e-06 (best: 2.7977e-06/4.6673e-07)
>> epoch [ 325/3000], runtime:  2.70s, train loss: 2.8768e-06 (best: 2.7977e-06/4.6673e-07)
>> epoch [ 326/3000], runtime:  2.57s, train loss: 2.7009e-06 (best: 2.7977e-06/4.6673e-07)
>> epoch [ 327/3000], runtime:  2.53s, train loss: 2.8861e-06 (best: 2.7977e-06/4.6673e-07)
>> epoch [ 328/3000], runtime:  2.63s, train loss: 2.6708e-06 (best: 2.7977e-06/4.6673e-07)
>> epoch [ 329/3000], runtime:  2.54s, train loss: 2.6933e-06 (best: 2.7977e-06/4.6673e-07)
>> epoch [ 330/3000], runtime:  2.50s, train loss: 2.6760e-06 (best: 2.7977e-06/4.6673e-07)
>> epoch [ 331/3000], runtime:  2.60s, train loss: 2.8038e-06 (best: 2.7977e-06/4.6673e-07)
>> epoch [ 332/3000], runtime:  2.51s, train loss: 2.7880e-06 (best: 2.7977e-06/4.6673e-07)
>> epoch [ 333/3000], runtime:  2.53s, train loss: 2.7275e-06 (best: 2.7977e-06/4.6673e-07)
>> epoch [ 334/3000], runtime: 2.71s, train loss: 2.6578e-06, valid loss: 4.6600e-07 , test loss: 1.1730e-04
>> epoch [ 335/3000], runtime:  2.54s, train loss: 2.7641e-06 (best: 2.6578e-06/4.6600e-07)
>> epoch [ 336/3000], runtime:  2.64s, train loss: 2.8092e-06 (best: 2.6578e-06/4.6600e-07)
>> epoch [ 337/3000], runtime:  2.52s, train loss: 2.8136e-06 (best: 2.6578e-06/4.6600e-07)
>> epoch [ 338/3000], runtime:  2.55s, train loss: 2.6734e-06 (best: 2.6578e-06/4.6600e-07)
>> epoch [ 339/3000], runtime:  2.69s, train loss: 2.7939e-06 (best: 2.6578e-06/4.6600e-07)
>> epoch [ 340/3000], runtime:  2.71s, train loss: 2.7822e-06 (best: 2.6578e-06/4.6600e-07)
>> epoch [ 341/3000], runtime:  2.70s, train loss: 2.7117e-06 (best: 2.6578e-06/4.6600e-07)
>> epoch [ 342/3000], runtime:  2.53s, train loss: 2.7482e-06 (best: 2.6578e-06/4.6600e-07)
>> epoch [ 343/3000], runtime:  2.42s, train loss: 2.6998e-06 (best: 2.6578e-06/4.6600e-07)
>> epoch [ 344/3000], runtime:  2.51s, train loss: 2.6807e-06 (best: 2.6578e-06/4.6600e-07)
>> epoch [ 345/3000], runtime:  2.70s, train loss: 2.8924e-06 (best: 2.6578e-06/4.6600e-07)
>> epoch [ 346/3000], runtime:  2.70s, train loss: 2.7425e-06 (best: 2.6578e-06/4.6600e-07)
>> epoch [ 347/3000], runtime:  2.70s, train loss: 2.7122e-06 (best: 2.6578e-06/4.6600e-07)
>> epoch [ 348/3000], runtime:  2.56s, train loss: 2.8309e-06 (best: 2.6578e-06/4.6600e-07)
>> epoch [ 349/3000], runtime:  2.70s, train loss: 2.7435e-06 (best: 2.6578e-06/4.6600e-07)
>> epoch [ 350/3000], runtime:  2.48s, train loss: 2.7919e-06 (best: 2.6578e-06/4.6600e-07)
>> epoch [ 351/3000], runtime:  2.61s, train loss: 2.7358e-06 (best: 2.6578e-06/4.6600e-07)
>> epoch [ 352/3000], runtime:  2.64s, train loss: 2.7766e-06 (best: 2.6578e-06/4.6600e-07)
>> epoch [ 353/3000], runtime:  2.56s, train loss: 2.7030e-06 (best: 2.6578e-06/4.6600e-07)
>> epoch [ 354/3000], runtime:  2.69s, train loss: 2.6779e-06 (best: 2.6578e-06/4.6600e-07)
>> epoch [ 355/3000], runtime: 2.72s, train loss: 2.5987e-06, valid loss: 4.6581e-07 , test loss: 1.1602e-04
>> epoch [ 356/3000], runtime:  2.74s, train loss: 2.6958e-06 (best: 2.5987e-06/4.6581e-07)
>> epoch [ 357/3000], runtime:  2.52s, train loss: 2.7194e-06 (best: 2.5987e-06/4.6581e-07)
>> epoch [ 358/3000], runtime:  2.66s, train loss: 2.6388e-06 (best: 2.5987e-06/4.6581e-07)
>> epoch [ 359/3000], runtime:  2.56s, train loss: 2.7305e-06 (best: 2.5987e-06/4.6581e-07)
>> epoch [ 360/3000], runtime:  2.72s, train loss: 2.7320e-06 (best: 2.5987e-06/4.6581e-07)
>> epoch [ 361/3000], runtime:  2.72s, train loss: 2.6553e-06 (best: 2.5987e-06/4.6581e-07)
>> epoch [ 362/3000], runtime:  2.73s, train loss: 2.7189e-06 (best: 2.5987e-06/4.6581e-07)
>> epoch [ 363/3000], runtime:  2.53s, train loss: 2.6634e-06 (best: 2.5987e-06/4.6581e-07)
>> epoch [ 364/3000], runtime:  2.60s, train loss: 2.7148e-06 (best: 2.5987e-06/4.6581e-07)
>> epoch [ 365/3000], runtime:  2.63s, train loss: 2.6858e-06 (best: 2.5987e-06/4.6581e-07)
>> epoch [ 366/3000], runtime: 2.51s, train loss: 2.5556e-06, valid loss: 4.6268e-07 , test loss: 1.1292e-04
>> epoch [ 367/3000], runtime:  2.50s, train loss: 2.6879e-06 (best: 2.5556e-06/4.6268e-07)
>> epoch [ 368/3000], runtime:  2.53s, train loss: 2.8364e-06 (best: 2.5556e-06/4.6268e-07)
>> epoch [ 369/3000], runtime:  2.62s, train loss: 2.8307e-06 (best: 2.5556e-06/4.6268e-07)
>> epoch [ 370/3000], runtime:  2.62s, train loss: 2.7037e-06 (best: 2.5556e-06/4.6268e-07)
>> epoch [ 371/3000], runtime:  2.48s, train loss: 2.6718e-06 (best: 2.5556e-06/4.6268e-07)
>> epoch [ 372/3000], runtime:  2.63s, train loss: 2.6385e-06 (best: 2.5556e-06/4.6268e-07)
>> epoch [ 373/3000], runtime:  2.58s, train loss: 2.8338e-06 (best: 2.5556e-06/4.6268e-07)
>> epoch [ 374/3000], runtime:  2.53s, train loss: 2.6632e-06 (best: 2.5556e-06/4.6268e-07)
>> epoch [ 375/3000], runtime:  2.66s, train loss: 2.5986e-06 (best: 2.5556e-06/4.6268e-07)
>> epoch [ 376/3000], runtime:  2.58s, train loss: 2.5599e-06 (best: 2.5556e-06/4.6268e-07)
>> epoch [ 377/3000], runtime:  2.46s, train loss: 2.7024e-06 (best: 2.5556e-06/4.6268e-07)
>> epoch [ 378/3000], runtime:  2.55s, train loss: 2.7408e-06 (best: 2.5556e-06/4.6268e-07)
>> epoch [ 379/3000], runtime:  2.38s, train loss: 2.6026e-06 (best: 2.5556e-06/4.6268e-07)
>> epoch [ 380/3000], runtime:  2.56s, train loss: 2.7454e-06 (best: 2.5556e-06/4.6268e-07)
>> epoch [ 381/3000], runtime:  2.62s, train loss: 2.7531e-06 (best: 2.5556e-06/4.6268e-07)
>> epoch [ 382/3000], runtime: 2.56s, train loss: 2.5413e-06, valid loss: 4.5116e-07 , test loss: 1.1507e-04
>> epoch [ 383/3000], runtime:  2.51s, train loss: 2.6382e-06 (best: 2.5413e-06/4.5116e-07)
>> epoch [ 384/3000], runtime:  2.67s, train loss: 2.6078e-06 (best: 2.5413e-06/4.5116e-07)
>> epoch [ 385/3000], runtime:  2.62s, train loss: 2.6088e-06 (best: 2.5413e-06/4.5116e-07)
>> epoch [ 386/3000], runtime:  2.72s, train loss: 2.6429e-06 (best: 2.5413e-06/4.5116e-07)
>> epoch [ 387/3000], runtime:  2.70s, train loss: 2.7371e-06 (best: 2.5413e-06/4.5116e-07)
>> epoch [ 388/3000], runtime:  2.70s, train loss: 2.8865e-06 (best: 2.5413e-06/4.5116e-07)
>> epoch [ 389/3000], runtime:  2.46s, train loss: 2.7695e-06 (best: 2.5413e-06/4.5116e-07)
>> epoch [ 390/3000], runtime:  2.63s, train loss: 2.5940e-06 (best: 2.5413e-06/4.5116e-07)
>> epoch [ 391/3000], runtime:  2.60s, train loss: 2.9412e-06 (best: 2.5413e-06/4.5116e-07)
>> epoch [ 392/3000], runtime:  2.71s, train loss: 2.8573e-06 (best: 2.5413e-06/4.5116e-07)
>> epoch [ 393/3000], runtime:  2.55s, train loss: 2.6853e-06 (best: 2.5413e-06/4.5116e-07)
>> epoch [ 394/3000], runtime:  2.64s, train loss: 2.6174e-06 (best: 2.5413e-06/4.5116e-07)
>> epoch [ 395/3000], runtime:  2.71s, train loss: 2.5403e-06 (best: 2.5413e-06/4.5116e-07)
>> epoch [ 396/3000], runtime:  2.70s, train loss: 2.5388e-06 (best: 2.5413e-06/4.5116e-07)
>> epoch [ 397/3000], runtime:  2.66s, train loss: 2.5726e-06 (best: 2.5413e-06/4.5116e-07)
>> epoch [ 398/3000], runtime:  2.60s, train loss: 2.6468e-06 (best: 2.5413e-06/4.5116e-07)
>> epoch [ 399/3000], runtime:  2.70s, train loss: 2.5454e-06 (best: 2.5413e-06/4.5116e-07)
>> epoch [ 400/3000], runtime:  2.71s, train loss: 2.7220e-06 (best: 2.5413e-06/4.5116e-07)
>> epoch [ 401/3000], runtime:  2.63s, train loss: 2.7779e-06 (best: 2.5413e-06/4.5116e-07)
>> epoch [ 402/3000], runtime:  2.58s, train loss: 2.5216e-06 (best: 2.5413e-06/4.5116e-07)
>> epoch [ 403/3000], runtime:  2.67s, train loss: 2.5386e-06 (best: 2.5413e-06/4.5116e-07)
>> epoch [ 404/3000], runtime:  2.75s, train loss: 2.5975e-06 (best: 2.5413e-06/4.5116e-07)
>> epoch [ 405/3000], runtime:  2.70s, train loss: 2.6594e-06 (best: 2.5413e-06/4.5116e-07)
>> epoch [ 406/3000], runtime:  2.58s, train loss: 2.9746e-06 (best: 2.5413e-06/4.5116e-07)
>> epoch [ 407/3000], runtime:  2.64s, train loss: 2.6383e-06 (best: 2.5413e-06/4.5116e-07)
>> epoch [ 408/3000], runtime:  2.62s, train loss: 2.6067e-06 (best: 2.5413e-06/4.5116e-07)
>> epoch [ 409/3000], runtime:  2.59s, train loss: 2.5380e-06 (best: 2.5413e-06/4.5116e-07)
>> epoch [ 410/3000], runtime:  2.65s, train loss: 2.5611e-06 (best: 2.5413e-06/4.5116e-07)
>> epoch [ 411/3000], runtime:  2.50s, train loss: 2.4709e-06 (best: 2.5413e-06/4.5116e-07)
>> epoch [ 412/3000], runtime:  2.70s, train loss: 2.6197e-06 (best: 2.5413e-06/4.5116e-07)
>> epoch [ 413/3000], runtime:  2.70s, train loss: 2.5531e-06 (best: 2.5413e-06/4.5116e-07)
>> epoch [ 414/3000], runtime:  2.73s, train loss: 2.5656e-06 (best: 2.5413e-06/4.5116e-07)
>> epoch [ 415/3000], runtime:  2.44s, train loss: 2.5515e-06 (best: 2.5413e-06/4.5116e-07)
>> epoch [ 416/3000], runtime:  2.80s, train loss: 2.5897e-06 (best: 2.5413e-06/4.5116e-07)
>> epoch [ 417/3000], runtime:  2.65s, train loss: 2.5635e-06 (best: 2.5413e-06/4.5116e-07)
>> epoch [ 418/3000], runtime:  2.80s, train loss: 2.6029e-06 (best: 2.5413e-06/4.5116e-07)
>> epoch [ 419/3000], runtime:  2.81s, train loss: 2.6032e-06 (best: 2.5413e-06/4.5116e-07)
>> epoch [ 420/3000], runtime:  2.91s, train loss: 2.5098e-06 (best: 2.5413e-06/4.5116e-07)
>> epoch [ 421/3000], runtime:  2.78s, train loss: 2.6147e-06 (best: 2.5413e-06/4.5116e-07)
>> epoch [ 422/3000], runtime: 2.80s, train loss: 2.5375e-06, valid loss: 4.4633e-07 , test loss: 1.1360e-04
>> epoch [ 423/3000], runtime: 2.93s, train loss: 2.5239e-06, valid loss: 4.4334e-07 , test loss: 1.1301e-04
>> epoch [ 424/3000], runtime:  2.80s, train loss: 2.5313e-06 (best: 2.5239e-06/4.4334e-07)
>> epoch [ 425/3000], runtime:  2.76s, train loss: 2.5455e-06 (best: 2.5239e-06/4.4334e-07)
>> epoch [ 426/3000], runtime:  2.70s, train loss: 2.5962e-06 (best: 2.5239e-06/4.4334e-07)
>> epoch [ 427/3000], runtime:  2.76s, train loss: 2.6351e-06 (best: 2.5239e-06/4.4334e-07)
>> epoch [ 428/3000], runtime:  2.88s, train loss: 2.6207e-06 (best: 2.5239e-06/4.4334e-07)
>> epoch [ 429/3000], runtime:  2.80s, train loss: 2.5323e-06 (best: 2.5239e-06/4.4334e-07)
>> epoch [ 430/3000], runtime:  2.81s, train loss: 2.5523e-06 (best: 2.5239e-06/4.4334e-07)
>> epoch [ 431/3000], runtime: 2.73s, train loss: 2.5232e-06, valid loss: 4.4217e-07 , test loss: 1.1320e-04
>> epoch [ 432/3000], runtime:  2.81s, train loss: 2.5462e-06 (best: 2.5232e-06/4.4217e-07)
>> epoch [ 433/3000], runtime:  2.50s, train loss: 2.5873e-06 (best: 2.5232e-06/4.4217e-07)
>> epoch [ 434/3000], runtime:  2.63s, train loss: 2.4959e-06 (best: 2.5232e-06/4.4217e-07)
>> epoch [ 435/3000], runtime:  2.52s, train loss: 2.5829e-06 (best: 2.5232e-06/4.4217e-07)
>> epoch [ 436/3000], runtime: 2.70s, train loss: 2.4902e-06, valid loss: 4.2956e-07 , test loss: 1.1143e-04
>> epoch [ 437/3000], runtime:  2.71s, train loss: 2.4978e-06 (best: 2.4902e-06/4.2956e-07)
>> epoch [ 438/3000], runtime:  2.50s, train loss: 2.5419e-06 (best: 2.4902e-06/4.2956e-07)
>> epoch [ 439/3000], runtime:  2.72s, train loss: 2.5095e-06 (best: 2.4902e-06/4.2956e-07)
>> epoch [ 440/3000], runtime:  2.72s, train loss: 2.5152e-06 (best: 2.4902e-06/4.2956e-07)
>> epoch [ 441/3000], runtime:  2.48s, train loss: 2.6293e-06 (best: 2.4902e-06/4.2956e-07)
>> epoch [ 442/3000], runtime:  2.57s, train loss: 2.5829e-06 (best: 2.4902e-06/4.2956e-07)
>> epoch [ 443/3000], runtime:  2.60s, train loss: 2.6135e-06 (best: 2.4902e-06/4.2956e-07)
>> epoch [ 444/3000], runtime:  2.52s, train loss: 2.4853e-06 (best: 2.4902e-06/4.2956e-07)
>> epoch [ 445/3000], runtime:  2.55s, train loss: 2.4748e-06 (best: 2.4902e-06/4.2956e-07)
>> epoch [ 446/3000], runtime:  2.68s, train loss: 2.4927e-06 (best: 2.4902e-06/4.2956e-07)
>> epoch [ 447/3000], runtime:  2.72s, train loss: 2.5777e-06 (best: 2.4902e-06/4.2956e-07)
>> epoch [ 448/3000], runtime:  2.71s, train loss: 2.7539e-06 (best: 2.4902e-06/4.2956e-07)
>> epoch [ 449/3000], runtime:  2.48s, train loss: 2.5997e-06 (best: 2.4902e-06/4.2956e-07)
>> epoch [ 450/3000], runtime:  2.60s, train loss: 2.4660e-06 (best: 2.4902e-06/4.2956e-07)
>> epoch [ 451/3000], runtime:  2.71s, train loss: 2.5330e-06 (best: 2.4902e-06/4.2956e-07)
>> epoch [ 452/3000], runtime:  2.72s, train loss: 2.5330e-06 (best: 2.4902e-06/4.2956e-07)
>> epoch [ 453/3000], runtime:  2.71s, train loss: 2.5761e-06 (best: 2.4902e-06/4.2956e-07)
>> epoch [ 454/3000], runtime: 2.72s, train loss: 2.4836e-06, valid loss: 4.2494e-07 , test loss: 1.1078e-04
>> epoch [ 455/3000], runtime:  2.70s, train loss: 2.4929e-06 (best: 2.4836e-06/4.2494e-07)
>> epoch [ 456/3000], runtime:  2.70s, train loss: 2.5288e-06 (best: 2.4836e-06/4.2494e-07)
>> epoch [ 457/3000], runtime:  2.54s, train loss: 2.5060e-06 (best: 2.4836e-06/4.2494e-07)
>> epoch [ 458/3000], runtime:  2.66s, train loss: 2.5179e-06 (best: 2.4836e-06/4.2494e-07)
>> epoch [ 459/3000], runtime:  2.62s, train loss: 2.6183e-06 (best: 2.4836e-06/4.2494e-07)
>> epoch [ 460/3000], runtime:  2.54s, train loss: 2.5687e-06 (best: 2.4836e-06/4.2494e-07)
>> epoch [ 461/3000], runtime: 2.38s, train loss: 2.4484e-06, valid loss: 4.2470e-07 , test loss: 1.1127e-04
>> epoch [ 462/3000], runtime:  2.71s, train loss: 2.4148e-06 (best: 2.4484e-06/4.2470e-07)
>> epoch [ 463/3000], runtime:  2.70s, train loss: 2.4804e-06 (best: 2.4484e-06/4.2470e-07)
>> epoch [ 464/3000], runtime:  2.69s, train loss: 2.4881e-06 (best: 2.4484e-06/4.2470e-07)
>> epoch [ 465/3000], runtime:  2.65s, train loss: 2.5330e-06 (best: 2.4484e-06/4.2470e-07)
>> epoch [ 466/3000], runtime:  2.55s, train loss: 2.4804e-06 (best: 2.4484e-06/4.2470e-07)
>> epoch [ 467/3000], runtime:  2.51s, train loss: 2.4028e-06 (best: 2.4484e-06/4.2470e-07)
>> epoch [ 468/3000], runtime:  2.71s, train loss: 2.5498e-06 (best: 2.4484e-06/4.2470e-07)
>> epoch [ 469/3000], runtime:  2.69s, train loss: 2.5268e-06 (best: 2.4484e-06/4.2470e-07)
>> epoch [ 470/3000], runtime:  2.41s, train loss: 2.5686e-06 (best: 2.4484e-06/4.2470e-07)
>> epoch [ 471/3000], runtime:  2.55s, train loss: 2.5924e-06 (best: 2.4484e-06/4.2470e-07)
>> epoch [ 472/3000], runtime:  2.67s, train loss: 2.4947e-06 (best: 2.4484e-06/4.2470e-07)
>> epoch [ 473/3000], runtime:  2.71s, train loss: 2.4969e-06 (best: 2.4484e-06/4.2470e-07)
>> epoch [ 474/3000], runtime:  2.69s, train loss: 2.4758e-06 (best: 2.4484e-06/4.2470e-07)
>> epoch [ 475/3000], runtime:  2.71s, train loss: 2.4579e-06 (best: 2.4484e-06/4.2470e-07)
>> epoch [ 476/3000], runtime:  2.71s, train loss: 2.4976e-06 (best: 2.4484e-06/4.2470e-07)
>> epoch [ 477/3000], runtime:  2.66s, train loss: 2.4171e-06 (best: 2.4484e-06/4.2470e-07)
>> epoch [ 478/3000], runtime:  2.71s, train loss: 2.4081e-06 (best: 2.4484e-06/4.2470e-07)
>> epoch [ 479/3000], runtime:  2.49s, train loss: 2.5238e-06 (best: 2.4484e-06/4.2470e-07)
>> epoch [ 480/3000], runtime:  2.71s, train loss: 2.5499e-06 (best: 2.4484e-06/4.2470e-07)
>> epoch [ 481/3000], runtime:  2.71s, train loss: 2.5260e-06 (best: 2.4484e-06/4.2470e-07)
>> epoch [ 482/3000], runtime:  2.70s, train loss: 2.5312e-06 (best: 2.4484e-06/4.2470e-07)
>> epoch [ 483/3000], runtime:  2.72s, train loss: 2.5115e-06 (best: 2.4484e-06/4.2470e-07)
>> epoch [ 484/3000], runtime:  2.71s, train loss: 2.4919e-06 (best: 2.4484e-06/4.2470e-07)
>> epoch [ 485/3000], runtime:  2.56s, train loss: 2.5833e-06 (best: 2.4484e-06/4.2470e-07)
>> epoch [ 486/3000], runtime: 2.65s, train loss: 2.4382e-06, valid loss: 4.2114e-07 , test loss: 1.1048e-04
>> epoch [ 487/3000], runtime: 2.56s, train loss: 2.4111e-06, valid loss: 4.1866e-07 , test loss: 1.0953e-04
>> epoch [ 488/3000], runtime:  2.71s, train loss: 2.5646e-06 (best: 2.4111e-06/4.1866e-07)
>> epoch [ 489/3000], runtime:  2.71s, train loss: 2.5528e-06 (best: 2.4111e-06/4.1866e-07)
>> epoch [ 490/3000], runtime:  2.71s, train loss: 2.5555e-06 (best: 2.4111e-06/4.1866e-07)
>> epoch [ 491/3000], runtime:  2.69s, train loss: 2.3677e-06 (best: 2.4111e-06/4.1866e-07)
>> epoch [ 492/3000], runtime:  2.69s, train loss: 2.3881e-06 (best: 2.4111e-06/4.1866e-07)
>> epoch [ 493/3000], runtime:  2.50s, train loss: 2.5646e-06 (best: 2.4111e-06/4.1866e-07)
>> epoch [ 494/3000], runtime:  2.69s, train loss: 2.4528e-06 (best: 2.4111e-06/4.1866e-07)
>> epoch [ 495/3000], runtime:  2.69s, train loss: 2.4288e-06 (best: 2.4111e-06/4.1866e-07)
>> epoch [ 496/3000], runtime:  2.71s, train loss: 2.4283e-06 (best: 2.4111e-06/4.1866e-07)
>> epoch [ 497/3000], runtime:  2.72s, train loss: 2.3992e-06 (best: 2.4111e-06/4.1866e-07)
>> epoch [ 498/3000], runtime:  2.68s, train loss: 2.4115e-06 (best: 2.4111e-06/4.1866e-07)
>> epoch [ 499/3000], runtime:  2.70s, train loss: 2.4218e-06 (best: 2.4111e-06/4.1866e-07)
>> epoch [ 500/3000], runtime:  2.69s, train loss: 2.4071e-06 (best: 2.4111e-06/4.1866e-07)
>> epoch [ 501/3000], runtime:  2.74s, train loss: 2.4630e-06 (best: 2.4111e-06/4.1866e-07)
>> epoch [ 502/3000], runtime: 2.69s, train loss: 2.4028e-06, valid loss: 4.1634e-07 , test loss: 1.0970e-04
>> epoch [ 503/3000], runtime:  2.53s, train loss: 2.5069e-06 (best: 2.4028e-06/4.1634e-07)
>> epoch [ 504/3000], runtime:  2.71s, train loss: 2.4411e-06 (best: 2.4028e-06/4.1634e-07)
>> epoch [ 505/3000], runtime:  2.68s, train loss: 2.4071e-06 (best: 2.4028e-06/4.1634e-07)
>> epoch [ 506/3000], runtime:  2.53s, train loss: 2.4192e-06 (best: 2.4028e-06/4.1634e-07)
>> epoch [ 507/3000], runtime:  2.72s, train loss: 2.3833e-06 (best: 2.4028e-06/4.1634e-07)
>> epoch [ 508/3000], runtime:  2.72s, train loss: 2.4015e-06 (best: 2.4028e-06/4.1634e-07)
>> epoch [ 509/3000], runtime:  2.66s, train loss: 2.4124e-06 (best: 2.4028e-06/4.1634e-07)
>> epoch [ 510/3000], runtime:  2.67s, train loss: 2.4589e-06 (best: 2.4028e-06/4.1634e-07)
>> epoch [ 511/3000], runtime: 2.56s, train loss: 2.3893e-06, valid loss: 4.1594e-07 , test loss: 1.0968e-04
>> epoch [ 512/3000], runtime:  2.70s, train loss: 2.3586e-06 (best: 2.3893e-06/4.1594e-07)
>> epoch [ 513/3000], runtime:  2.74s, train loss: 2.4241e-06 (best: 2.3893e-06/4.1594e-07)
>> epoch [ 514/3000], runtime:  2.68s, train loss: 2.3952e-06 (best: 2.3893e-06/4.1594e-07)
>> epoch [ 515/3000], runtime:  2.52s, train loss: 2.4038e-06 (best: 2.3893e-06/4.1594e-07)
>> epoch [ 516/3000], runtime:  2.70s, train loss: 2.3799e-06 (best: 2.3893e-06/4.1594e-07)
>> epoch [ 517/3000], runtime:  2.53s, train loss: 2.4175e-06 (best: 2.3893e-06/4.1594e-07)
>> epoch [ 518/3000], runtime:  2.72s, train loss: 2.3682e-06 (best: 2.3893e-06/4.1594e-07)
>> epoch [ 519/3000], runtime:  2.70s, train loss: 2.4305e-06 (best: 2.3893e-06/4.1594e-07)
>> epoch [ 520/3000], runtime:  2.70s, train loss: 2.3750e-06 (best: 2.3893e-06/4.1594e-07)
>> epoch [ 521/3000], runtime:  2.71s, train loss: 2.3798e-06 (best: 2.3893e-06/4.1594e-07)
>> epoch [ 522/3000], runtime:  2.66s, train loss: 2.3847e-06 (best: 2.3893e-06/4.1594e-07)
>> epoch [ 523/3000], runtime:  2.71s, train loss: 2.4281e-06 (best: 2.3893e-06/4.1594e-07)
>> epoch [ 524/3000], runtime:  2.73s, train loss: 2.4040e-06 (best: 2.3893e-06/4.1594e-07)
>> epoch [ 525/3000], runtime:  2.70s, train loss: 2.4687e-06 (best: 2.3893e-06/4.1594e-07)
>> epoch [ 526/3000], runtime:  2.51s, train loss: 2.3453e-06 (best: 2.3893e-06/4.1594e-07)
>> epoch [ 527/3000], runtime:  2.57s, train loss: 2.4208e-06 (best: 2.3893e-06/4.1594e-07)
>> epoch [ 528/3000], runtime:  2.72s, train loss: 2.4961e-06 (best: 2.3893e-06/4.1594e-07)
>> epoch [ 529/3000], runtime:  2.73s, train loss: 2.4105e-06 (best: 2.3893e-06/4.1594e-07)
>> epoch [ 530/3000], runtime:  2.70s, train loss: 2.4046e-06 (best: 2.3893e-06/4.1594e-07)
>> epoch [ 531/3000], runtime:  2.70s, train loss: 2.3817e-06 (best: 2.3893e-06/4.1594e-07)
>> epoch [ 532/3000], runtime:  2.60s, train loss: 2.3935e-06 (best: 2.3893e-06/4.1594e-07)
>> epoch [ 533/3000], runtime:  2.71s, train loss: 2.4135e-06 (best: 2.3893e-06/4.1594e-07)
>> epoch [ 534/3000], runtime:  2.70s, train loss: 2.4150e-06 (best: 2.3893e-06/4.1594e-07)
>> epoch [ 535/3000], runtime:  2.70s, train loss: 2.4285e-06 (best: 2.3893e-06/4.1594e-07)
>> epoch [ 536/3000], runtime:  2.49s, train loss: 2.4202e-06 (best: 2.3893e-06/4.1594e-07)
>> epoch [ 537/3000], runtime:  2.71s, train loss: 2.4091e-06 (best: 2.3893e-06/4.1594e-07)
>> epoch [ 538/3000], runtime:  2.51s, train loss: 2.3743e-06 (best: 2.3893e-06/4.1594e-07)
>> epoch [ 539/3000], runtime:  2.62s, train loss: 2.4056e-06 (best: 2.3893e-06/4.1594e-07)
>> epoch [ 540/3000], runtime:  2.62s, train loss: 2.4578e-06 (best: 2.3893e-06/4.1594e-07)
>> epoch [ 541/3000], runtime:  2.71s, train loss: 2.3702e-06 (best: 2.3893e-06/4.1594e-07)
>> epoch [ 542/3000], runtime:  2.71s, train loss: 2.4340e-06 (best: 2.3893e-06/4.1594e-07)
>> epoch [ 543/3000], runtime:  2.71s, train loss: 2.3937e-06 (best: 2.3893e-06/4.1594e-07)
>> epoch [ 544/3000], runtime: 2.55s, train loss: 2.3551e-06, valid loss: 4.1262e-07 , test loss: 1.0939e-04
>> epoch [ 545/3000], runtime: 2.63s, train loss: 2.3450e-06, valid loss: 4.0905e-07 , test loss: 1.0854e-04
>> epoch [ 546/3000], runtime:  2.71s, train loss: 2.3463e-06 (best: 2.3450e-06/4.0905e-07)
>> epoch [ 547/3000], runtime:  2.50s, train loss: 2.4010e-06 (best: 2.3450e-06/4.0905e-07)
>> epoch [ 548/3000], runtime:  2.70s, train loss: 2.4367e-06 (best: 2.3450e-06/4.0905e-07)
>> epoch [ 549/3000], runtime:  2.56s, train loss: 2.3312e-06 (best: 2.3450e-06/4.0905e-07)
>> epoch [ 550/3000], runtime:  2.51s, train loss: 2.3625e-06 (best: 2.3450e-06/4.0905e-07)
>> epoch [ 551/3000], runtime:  2.57s, train loss: 2.3882e-06 (best: 2.3450e-06/4.0905e-07)
>> epoch [ 552/3000], runtime:  2.64s, train loss: 2.4438e-06 (best: 2.3450e-06/4.0905e-07)
>> epoch [ 553/3000], runtime:  2.54s, train loss: 2.3349e-06 (best: 2.3450e-06/4.0905e-07)
>> epoch [ 554/3000], runtime:  2.55s, train loss: 2.4249e-06 (best: 2.3450e-06/4.0905e-07)
>> epoch [ 555/3000], runtime:  2.68s, train loss: 2.3766e-06 (best: 2.3450e-06/4.0905e-07)
>> epoch [ 556/3000], runtime:  2.69s, train loss: 2.3602e-06 (best: 2.3450e-06/4.0905e-07)
>> epoch [ 557/3000], runtime:  2.71s, train loss: 2.3747e-06 (best: 2.3450e-06/4.0905e-07)
>> epoch [ 558/3000], runtime: 2.70s, train loss: 2.3277e-06, valid loss: 4.0758e-07 , test loss: 1.0821e-04
>> epoch [ 559/3000], runtime:  2.53s, train loss: 2.3433e-06 (best: 2.3277e-06/4.0758e-07)
>> epoch [ 560/3000], runtime:  2.64s, train loss: 2.3623e-06 (best: 2.3277e-06/4.0758e-07)
>> epoch [ 561/3000], runtime:  2.58s, train loss: 2.3735e-06 (best: 2.3277e-06/4.0758e-07)
>> epoch [ 562/3000], runtime:  2.51s, train loss: 2.3518e-06 (best: 2.3277e-06/4.0758e-07)
>> epoch [ 563/3000], runtime:  2.70s, train loss: 2.3648e-06 (best: 2.3277e-06/4.0758e-07)
>> epoch [ 564/3000], runtime:  2.56s, train loss: 2.3874e-06 (best: 2.3277e-06/4.0758e-07)
>> epoch [ 565/3000], runtime:  2.66s, train loss: 2.3932e-06 (best: 2.3277e-06/4.0758e-07)
>> epoch [ 566/3000], runtime:  2.60s, train loss: 2.3607e-06 (best: 2.3277e-06/4.0758e-07)
>> epoch [ 567/3000], runtime:  2.59s, train loss: 2.3388e-06 (best: 2.3277e-06/4.0758e-07)
>> epoch [ 568/3000], runtime:  2.46s, train loss: 2.3743e-06 (best: 2.3277e-06/4.0758e-07)
>> epoch [ 569/3000], runtime:  2.61s, train loss: 2.3666e-06 (best: 2.3277e-06/4.0758e-07)
>> epoch [ 570/3000], runtime:  2.61s, train loss: 2.3248e-06 (best: 2.3277e-06/4.0758e-07)
>> epoch [ 571/3000], runtime:  2.44s, train loss: 2.3304e-06 (best: 2.3277e-06/4.0758e-07)
>> epoch [ 572/3000], runtime:  2.38s, train loss: 2.3838e-06 (best: 2.3277e-06/4.0758e-07)
>> epoch [ 573/3000], runtime:  2.61s, train loss: 2.3389e-06 (best: 2.3277e-06/4.0758e-07)
>> epoch [ 574/3000], runtime:  2.52s, train loss: 2.4038e-06 (best: 2.3277e-06/4.0758e-07)
>> epoch [ 575/3000], runtime:  2.58s, train loss: 2.3563e-06 (best: 2.3277e-06/4.0758e-07)
>> epoch [ 576/3000], runtime:  2.60s, train loss: 2.3896e-06 (best: 2.3277e-06/4.0758e-07)
>> epoch [ 577/3000], runtime:  2.68s, train loss: 2.4016e-06 (best: 2.3277e-06/4.0758e-07)
>> epoch [ 578/3000], runtime:  2.52s, train loss: 2.4309e-06 (best: 2.3277e-06/4.0758e-07)
>> epoch [ 579/3000], runtime:  2.70s, train loss: 2.4326e-06 (best: 2.3277e-06/4.0758e-07)
>> epoch [ 580/3000], runtime:  2.52s, train loss: 2.3571e-06 (best: 2.3277e-06/4.0758e-07)
>> epoch [ 581/3000], runtime:  2.56s, train loss: 2.3965e-06 (best: 2.3277e-06/4.0758e-07)
>> epoch [ 582/3000], runtime:  2.66s, train loss: 2.4100e-06 (best: 2.3277e-06/4.0758e-07)
>> epoch [ 583/3000], runtime:  2.53s, train loss: 2.3308e-06 (best: 2.3277e-06/4.0758e-07)
>> epoch [ 584/3000], runtime:  2.71s, train loss: 2.3489e-06 (best: 2.3277e-06/4.0758e-07)
>> epoch [ 585/3000], runtime:  2.70s, train loss: 2.3006e-06 (best: 2.3277e-06/4.0758e-07)
>> epoch [ 586/3000], runtime:  2.58s, train loss: 2.3191e-06 (best: 2.3277e-06/4.0758e-07)
>> epoch [ 587/3000], runtime:  2.53s, train loss: 2.3605e-06 (best: 2.3277e-06/4.0758e-07)
>> epoch [ 588/3000], runtime:  2.70s, train loss: 2.3566e-06 (best: 2.3277e-06/4.0758e-07)
>> epoch [ 589/3000], runtime: 2.69s, train loss: 2.2949e-06, valid loss: 4.0398e-07 , test loss: 1.0713e-04
>> epoch [ 590/3000], runtime:  2.71s, train loss: 2.3174e-06 (best: 2.2949e-06/4.0398e-07)
>> epoch [ 591/3000], runtime:  2.71s, train loss: 2.3675e-06 (best: 2.2949e-06/4.0398e-07)
>> epoch [ 592/3000], runtime:  2.70s, train loss: 2.4669e-06 (best: 2.2949e-06/4.0398e-07)
>> epoch [ 593/3000], runtime:  2.52s, train loss: 2.3285e-06 (best: 2.2949e-06/4.0398e-07)
>> epoch [ 594/3000], runtime:  2.67s, train loss: 2.3076e-06 (best: 2.2949e-06/4.0398e-07)
>> epoch [ 595/3000], runtime:  2.70s, train loss: 2.4563e-06 (best: 2.2949e-06/4.0398e-07)
>> epoch [ 596/3000], runtime:  2.71s, train loss: 2.3837e-06 (best: 2.2949e-06/4.0398e-07)
>> epoch [ 597/3000], runtime:  2.70s, train loss: 2.3115e-06 (best: 2.2949e-06/4.0398e-07)
>> epoch [ 598/3000], runtime:  2.72s, train loss: 2.3341e-06 (best: 2.2949e-06/4.0398e-07)
>> epoch [ 599/3000], runtime:  2.62s, train loss: 2.3380e-06 (best: 2.2949e-06/4.0398e-07)
>> epoch [ 600/3000], runtime:  2.58s, train loss: 2.3512e-06 (best: 2.2949e-06/4.0398e-07)
>> epoch [ 601/3000], runtime:  2.70s, train loss: 2.3386e-06 (best: 2.2949e-06/4.0398e-07)
>> epoch [ 602/3000], runtime:  2.71s, train loss: 2.3919e-06 (best: 2.2949e-06/4.0398e-07)
>> epoch [ 603/3000], runtime:  2.71s, train loss: 2.3295e-06 (best: 2.2949e-06/4.0398e-07)
>> epoch [ 604/3000], runtime:  2.48s, train loss: 2.3086e-06 (best: 2.2949e-06/4.0398e-07)
>> epoch [ 605/3000], runtime:  2.58s, train loss: 2.3375e-06 (best: 2.2949e-06/4.0398e-07)
>> epoch [ 606/3000], runtime:  2.65s, train loss: 2.3841e-06 (best: 2.2949e-06/4.0398e-07)
>> epoch [ 607/3000], runtime:  2.53s, train loss: 2.3170e-06 (best: 2.2949e-06/4.0398e-07)
>> epoch [ 608/3000], runtime:  2.72s, train loss: 2.3350e-06 (best: 2.2949e-06/4.0398e-07)
>> epoch [ 609/3000], runtime:  2.80s, train loss: 2.3094e-06 (best: 2.2949e-06/4.0398e-07)
>> epoch [ 610/3000], runtime: 2.79s, train loss: 2.2701e-06, valid loss: 4.0248e-07 , test loss: 1.0760e-04
>> epoch [ 611/3000], runtime:  2.83s, train loss: 2.3791e-06 (best: 2.2701e-06/4.0248e-07)
>> epoch [ 612/3000], runtime:  2.77s, train loss: 2.3444e-06 (best: 2.2701e-06/4.0248e-07)
>> epoch [ 613/3000], runtime: 2.64s, train loss: 2.2554e-06, valid loss: 4.0094e-07 , test loss: 1.0703e-04
>> epoch [ 614/3000], runtime:  2.78s, train loss: 2.3396e-06 (best: 2.2554e-06/4.0094e-07)
>> epoch [ 615/3000], runtime:  2.87s, train loss: 2.3315e-06 (best: 2.2554e-06/4.0094e-07)
>> epoch [ 616/3000], runtime:  2.83s, train loss: 2.3339e-06 (best: 2.2554e-06/4.0094e-07)
>> epoch [ 617/3000], runtime:  2.78s, train loss: 2.3199e-06 (best: 2.2554e-06/4.0094e-07)
>> epoch [ 618/3000], runtime:  2.73s, train loss: 2.2916e-06 (best: 2.2554e-06/4.0094e-07)
>> epoch [ 619/3000], runtime:  2.78s, train loss: 2.3155e-06 (best: 2.2554e-06/4.0094e-07)
>> epoch [ 620/3000], runtime:  2.79s, train loss: 2.3452e-06 (best: 2.2554e-06/4.0094e-07)
>> epoch [ 621/3000], runtime:  2.82s, train loss: 2.3287e-06 (best: 2.2554e-06/4.0094e-07)
>> epoch [ 622/3000], runtime:  2.81s, train loss: 2.3117e-06 (best: 2.2554e-06/4.0094e-07)
>> epoch [ 623/3000], runtime:  2.82s, train loss: 2.3394e-06 (best: 2.2554e-06/4.0094e-07)
>> epoch [ 624/3000], runtime:  2.87s, train loss: 2.3158e-06 (best: 2.2554e-06/4.0094e-07)
>> epoch [ 625/3000], runtime:  2.70s, train loss: 2.3583e-06 (best: 2.2554e-06/4.0094e-07)
>> epoch [ 626/3000], runtime:  2.70s, train loss: 2.2893e-06 (best: 2.2554e-06/4.0094e-07)
>> epoch [ 627/3000], runtime:  2.55s, train loss: 2.3565e-06 (best: 2.2554e-06/4.0094e-07)
>> epoch [ 628/3000], runtime:  2.60s, train loss: 2.3361e-06 (best: 2.2554e-06/4.0094e-07)
>> epoch [ 629/3000], runtime:  2.72s, train loss: 2.2991e-06 (best: 2.2554e-06/4.0094e-07)
>> epoch [ 630/3000], runtime:  2.70s, train loss: 2.3338e-06 (best: 2.2554e-06/4.0094e-07)
>> epoch [ 631/3000], runtime:  2.70s, train loss: 2.3085e-06 (best: 2.2554e-06/4.0094e-07)
>> epoch [ 632/3000], runtime:  2.72s, train loss: 2.3565e-06 (best: 2.2554e-06/4.0094e-07)
>> epoch [ 633/3000], runtime:  2.71s, train loss: 2.3070e-06 (best: 2.2554e-06/4.0094e-07)
>> epoch [ 634/3000], runtime:  2.71s, train loss: 2.3443e-06 (best: 2.2554e-06/4.0094e-07)
>> epoch [ 635/3000], runtime:  2.69s, train loss: 2.2949e-06 (best: 2.2554e-06/4.0094e-07)
>> epoch [ 636/3000], runtime:  2.48s, train loss: 2.3261e-06 (best: 2.2554e-06/4.0094e-07)
>> epoch [ 637/3000], runtime:  2.70s, train loss: 2.2957e-06 (best: 2.2554e-06/4.0094e-07)
>> epoch [ 638/3000], runtime:  2.51s, train loss: 2.3277e-06 (best: 2.2554e-06/4.0094e-07)
>> epoch [ 639/3000], runtime:  2.61s, train loss: 2.3058e-06 (best: 2.2554e-06/4.0094e-07)
>> epoch [ 640/3000], runtime:  2.56s, train loss: 2.3086e-06 (best: 2.2554e-06/4.0094e-07)
>> epoch [ 641/3000], runtime:  2.73s, train loss: 2.3454e-06 (best: 2.2554e-06/4.0094e-07)
>> epoch [ 642/3000], runtime:  2.59s, train loss: 2.3223e-06 (best: 2.2554e-06/4.0094e-07)
>> epoch [ 643/3000], runtime:  2.60s, train loss: 2.2886e-06 (best: 2.2554e-06/4.0094e-07)
>> epoch [ 644/3000], runtime:  2.72s, train loss: 2.2549e-06 (best: 2.2554e-06/4.0094e-07)
>> epoch [ 645/3000], runtime:  2.71s, train loss: 2.2953e-06 (best: 2.2554e-06/4.0094e-07)
>> epoch [ 646/3000], runtime:  2.44s, train loss: 2.2768e-06 (best: 2.2554e-06/4.0094e-07)
>> epoch [ 647/3000], runtime:  2.51s, train loss: 2.2909e-06 (best: 2.2554e-06/4.0094e-07)
>> epoch [ 648/3000], runtime:  2.69s, train loss: 2.2960e-06 (best: 2.2554e-06/4.0094e-07)
>> epoch [ 649/3000], runtime:  2.70s, train loss: 2.3187e-06 (best: 2.2554e-06/4.0094e-07)
>> epoch [ 650/3000], runtime: 2.70s, train loss: 2.2381e-06, valid loss: 4.0060e-07 , test loss: 1.0725e-04
>> epoch [ 651/3000], runtime:  2.70s, train loss: 2.3458e-06 (best: 2.2381e-06/4.0060e-07)
>> epoch [ 652/3000], runtime:  2.72s, train loss: 2.3493e-06 (best: 2.2381e-06/4.0060e-07)
>> epoch [ 653/3000], runtime:  2.71s, train loss: 2.2459e-06 (best: 2.2381e-06/4.0060e-07)
>> epoch [ 654/3000], runtime:  2.71s, train loss: 2.3285e-06 (best: 2.2381e-06/4.0060e-07)
>> epoch [ 655/3000], runtime:  2.70s, train loss: 2.2795e-06 (best: 2.2381e-06/4.0060e-07)
>> epoch [ 656/3000], runtime:  2.71s, train loss: 2.3634e-06 (best: 2.2381e-06/4.0060e-07)
>> epoch [ 657/3000], runtime:  2.56s, train loss: 2.3224e-06 (best: 2.2381e-06/4.0060e-07)
>> epoch [ 658/3000], runtime:  2.40s, train loss: 2.2884e-06 (best: 2.2381e-06/4.0060e-07)
>> epoch [ 659/3000], runtime:  2.72s, train loss: 2.3317e-06 (best: 2.2381e-06/4.0060e-07)
>> epoch [ 660/3000], runtime:  2.70s, train loss: 2.2842e-06 (best: 2.2381e-06/4.0060e-07)
>> epoch [ 661/3000], runtime:  2.71s, train loss: 2.2731e-06 (best: 2.2381e-06/4.0060e-07)
>> epoch [ 662/3000], runtime:  2.60s, train loss: 2.3227e-06 (best: 2.2381e-06/4.0060e-07)
>> epoch [ 663/3000], runtime:  2.56s, train loss: 2.3084e-06 (best: 2.2381e-06/4.0060e-07)
>> epoch [ 664/3000], runtime:  2.72s, train loss: 2.2599e-06 (best: 2.2381e-06/4.0060e-07)
>> epoch [ 665/3000], runtime:  2.71s, train loss: 2.2498e-06 (best: 2.2381e-06/4.0060e-07)
>> epoch [ 666/3000], runtime:  2.68s, train loss: 2.2906e-06 (best: 2.2381e-06/4.0060e-07)
>> epoch [ 667/3000], runtime:  2.50s, train loss: 2.3103e-06 (best: 2.2381e-06/4.0060e-07)
>> epoch [ 668/3000], runtime:  2.70s, train loss: 2.3207e-06 (best: 2.2381e-06/4.0060e-07)
>> epoch [ 669/3000], runtime:  2.53s, train loss: 2.3142e-06 (best: 2.2381e-06/4.0060e-07)
>> epoch [ 670/3000], runtime:  2.58s, train loss: 2.3303e-06 (best: 2.2381e-06/4.0060e-07)
>> epoch [ 671/3000], runtime:  2.70s, train loss: 2.3929e-06 (best: 2.2381e-06/4.0060e-07)
>> epoch [ 672/3000], runtime:  2.52s, train loss: 2.2620e-06 (best: 2.2381e-06/4.0060e-07)
>> epoch [ 673/3000], runtime:  2.55s, train loss: 2.3045e-06 (best: 2.2381e-06/4.0060e-07)
>> epoch [ 674/3000], runtime:  2.67s, train loss: 2.3073e-06 (best: 2.2381e-06/4.0060e-07)
>> epoch [ 675/3000], runtime:  2.70s, train loss: 2.3176e-06 (best: 2.2381e-06/4.0060e-07)
>> epoch [ 676/3000], runtime:  2.70s, train loss: 2.3339e-06 (best: 2.2381e-06/4.0060e-07)
>> epoch [ 677/3000], runtime:  2.72s, train loss: 2.3370e-06 (best: 2.2381e-06/4.0060e-07)
>> epoch [ 678/3000], runtime:  2.70s, train loss: 2.3464e-06 (best: 2.2381e-06/4.0060e-07)
>> epoch [ 679/3000], runtime:  2.70s, train loss: 2.2869e-06 (best: 2.2381e-06/4.0060e-07)
>> epoch [ 680/3000], runtime:  2.72s, train loss: 2.2956e-06 (best: 2.2381e-06/4.0060e-07)
>> epoch [ 681/3000], runtime:  2.41s, train loss: 2.2800e-06 (best: 2.2381e-06/4.0060e-07)
>> epoch [ 682/3000], runtime:  2.61s, train loss: 2.3392e-06 (best: 2.2381e-06/4.0060e-07)
>> epoch [ 683/3000], runtime:  2.70s, train loss: 2.3173e-06 (best: 2.2381e-06/4.0060e-07)
>> epoch [ 684/3000], runtime:  2.70s, train loss: 2.2604e-06 (best: 2.2381e-06/4.0060e-07)
>> epoch [ 685/3000], runtime:  2.70s, train loss: 2.2763e-06 (best: 2.2381e-06/4.0060e-07)
>> epoch [ 686/3000], runtime:  2.70s, train loss: 2.2756e-06 (best: 2.2381e-06/4.0060e-07)
>> epoch [ 687/3000], runtime:  2.69s, train loss: 2.2724e-06 (best: 2.2381e-06/4.0060e-07)
>> epoch [ 688/3000], runtime:  2.70s, train loss: 2.3171e-06 (best: 2.2381e-06/4.0060e-07)
>> epoch [ 689/3000], runtime:  2.71s, train loss: 2.2965e-06 (best: 2.2381e-06/4.0060e-07)
>> epoch [ 690/3000], runtime:  2.70s, train loss: 2.2963e-06 (best: 2.2381e-06/4.0060e-07)
>> epoch [ 691/3000], runtime:  2.70s, train loss: 2.2890e-06 (best: 2.2381e-06/4.0060e-07)
>> epoch [ 692/3000], runtime:  2.69s, train loss: 2.2986e-06 (best: 2.2381e-06/4.0060e-07)
>> epoch [ 693/3000], runtime:  2.70s, train loss: 2.3345e-06 (best: 2.2381e-06/4.0060e-07)
>> epoch [ 694/3000], runtime:  2.70s, train loss: 2.3345e-06 (best: 2.2381e-06/4.0060e-07)
>> epoch [ 695/3000], runtime:  2.70s, train loss: 2.3150e-06 (best: 2.2381e-06/4.0060e-07)
>> epoch [ 696/3000], runtime: 2.71s, train loss: 2.2318e-06, valid loss: 3.9767e-07 , test loss: 1.0691e-04
>> epoch [ 697/3000], runtime:  2.71s, train loss: 2.2908e-06 (best: 2.2318e-06/3.9767e-07)
>> epoch [ 698/3000], runtime:  2.70s, train loss: 2.2340e-06 (best: 2.2318e-06/3.9767e-07)
>> epoch [ 699/3000], runtime:  2.64s, train loss: 2.2781e-06 (best: 2.2318e-06/3.9767e-07)
>> epoch [ 700/3000], runtime:  2.57s, train loss: 2.2566e-06 (best: 2.2318e-06/3.9767e-07)
>> epoch [ 701/3000], runtime:  2.54s, train loss: 2.3142e-06 (best: 2.2318e-06/3.9767e-07)
>> epoch [ 702/3000], runtime:  2.39s, train loss: 2.2731e-06 (best: 2.2318e-06/3.9767e-07)
>> epoch [ 703/3000], runtime:  2.61s, train loss: 2.2431e-06 (best: 2.2318e-06/3.9767e-07)
>> epoch [ 704/3000], runtime:  2.70s, train loss: 2.2859e-06 (best: 2.2318e-06/3.9767e-07)
>> epoch [ 705/3000], runtime:  2.70s, train loss: 2.2700e-06 (best: 2.2318e-06/3.9767e-07)
>> epoch [ 706/3000], runtime:  2.73s, train loss: 2.2820e-06 (best: 2.2318e-06/3.9767e-07)
>> epoch [ 707/3000], runtime:  2.71s, train loss: 2.3004e-06 (best: 2.2318e-06/3.9767e-07)
>> epoch [ 708/3000], runtime:  2.71s, train loss: 2.2897e-06 (best: 2.2318e-06/3.9767e-07)
>> epoch [ 709/3000], runtime:  2.70s, train loss: 2.2398e-06 (best: 2.2318e-06/3.9767e-07)
>> epoch [ 710/3000], runtime:  2.70s, train loss: 2.2854e-06 (best: 2.2318e-06/3.9767e-07)
>> epoch [ 711/3000], runtime:  2.51s, train loss: 2.2900e-06 (best: 2.2318e-06/3.9767e-07)
>> epoch [ 712/3000], runtime:  2.67s, train loss: 2.2546e-06 (best: 2.2318e-06/3.9767e-07)
>> epoch [ 713/3000], runtime:  2.54s, train loss: 2.2611e-06 (best: 2.2318e-06/3.9767e-07)
>> epoch [ 714/3000], runtime:  2.50s, train loss: 2.3202e-06 (best: 2.2318e-06/3.9767e-07)
>> epoch [ 715/3000], runtime:  2.70s, train loss: 2.2573e-06 (best: 2.2318e-06/3.9767e-07)
>> epoch [ 716/3000], runtime:  2.70s, train loss: 2.2364e-06 (best: 2.2318e-06/3.9767e-07)
>> epoch [ 717/3000], runtime:  2.71s, train loss: 2.2654e-06 (best: 2.2318e-06/3.9767e-07)
>> epoch [ 718/3000], runtime:  2.70s, train loss: 2.2549e-06 (best: 2.2318e-06/3.9767e-07)
>> epoch [ 719/3000], runtime:  2.51s, train loss: 2.2450e-06 (best: 2.2318e-06/3.9767e-07)
>> epoch [ 720/3000], runtime:  2.58s, train loss: 2.2627e-06 (best: 2.2318e-06/3.9767e-07)
>> epoch [ 721/3000], runtime:  2.66s, train loss: 2.2556e-06 (best: 2.2318e-06/3.9767e-07)
>> epoch [ 722/3000], runtime:  2.69s, train loss: 2.2702e-06 (best: 2.2318e-06/3.9767e-07)
>> epoch [ 723/3000], runtime:  2.70s, train loss: 2.2977e-06 (best: 2.2318e-06/3.9767e-07)
>> epoch [ 724/3000], runtime:  2.70s, train loss: 2.2655e-06 (best: 2.2318e-06/3.9767e-07)
>> epoch [ 725/3000], runtime: 2.63s, train loss: 2.2069e-06, valid loss: 3.9516e-07 , test loss: 1.0678e-04
>> epoch [ 726/3000], runtime:  2.61s, train loss: 2.2502e-06 (best: 2.2069e-06/3.9516e-07)
>> epoch [ 727/3000], runtime:  2.57s, train loss: 2.2418e-06 (best: 2.2069e-06/3.9516e-07)
>> epoch [ 728/3000], runtime:  2.72s, train loss: 2.3236e-06 (best: 2.2069e-06/3.9516e-07)
>> epoch [ 729/3000], runtime:  2.70s, train loss: 2.2734e-06 (best: 2.2069e-06/3.9516e-07)
>> epoch [ 730/3000], runtime:  2.70s, train loss: 2.2660e-06 (best: 2.2069e-06/3.9516e-07)
>> epoch [ 731/3000], runtime:  2.53s, train loss: 2.3082e-06 (best: 2.2069e-06/3.9516e-07)
>> epoch [ 732/3000], runtime:  2.58s, train loss: 2.2358e-06 (best: 2.2069e-06/3.9516e-07)
>> epoch [ 733/3000], runtime:  2.65s, train loss: 2.2191e-06 (best: 2.2069e-06/3.9516e-07)
>> epoch [ 734/3000], runtime:  2.71s, train loss: 2.2551e-06 (best: 2.2069e-06/3.9516e-07)
>> epoch [ 735/3000], runtime:  2.70s, train loss: 2.2836e-06 (best: 2.2069e-06/3.9516e-07)
>> epoch [ 736/3000], runtime:  2.44s, train loss: 2.2423e-06 (best: 2.2069e-06/3.9516e-07)
>> epoch [ 737/3000], runtime:  2.50s, train loss: 2.2458e-06 (best: 2.2069e-06/3.9516e-07)
>> epoch [ 738/3000], runtime:  2.72s, train loss: 2.2137e-06 (best: 2.2069e-06/3.9516e-07)
>> epoch [ 739/3000], runtime:  2.72s, train loss: 2.2886e-06 (best: 2.2069e-06/3.9516e-07)
>> epoch [ 740/3000], runtime:  2.68s, train loss: 2.2443e-06 (best: 2.2069e-06/3.9516e-07)
>> epoch [ 741/3000], runtime:  2.51s, train loss: 2.2295e-06 (best: 2.2069e-06/3.9516e-07)
>> epoch [ 742/3000], runtime: 2.70s, train loss: 2.2008e-06, valid loss: 3.9166e-07 , test loss: 1.0610e-04
>> epoch [ 743/3000], runtime:  2.76s, train loss: 2.2178e-06 (best: 2.2008e-06/3.9166e-07)
>> epoch [ 744/3000], runtime:  2.80s, train loss: 2.2238e-06 (best: 2.2008e-06/3.9166e-07)
>> epoch [ 745/3000], runtime:  2.67s, train loss: 2.2450e-06 (best: 2.2008e-06/3.9166e-07)
>> epoch [ 746/3000], runtime:  2.85s, train loss: 2.2739e-06 (best: 2.2008e-06/3.9166e-07)
>> epoch [ 747/3000], runtime:  2.84s, train loss: 2.2155e-06 (best: 2.2008e-06/3.9166e-07)
>> epoch [ 748/3000], runtime:  2.89s, train loss: 2.2473e-06 (best: 2.2008e-06/3.9166e-07)
>> epoch [ 749/3000], runtime:  2.78s, train loss: 2.2553e-06 (best: 2.2008e-06/3.9166e-07)
>> epoch [ 750/3000], runtime:  2.69s, train loss: 2.2563e-06 (best: 2.2008e-06/3.9166e-07)
>> epoch [ 751/3000], runtime:  2.80s, train loss: 2.2157e-06 (best: 2.2008e-06/3.9166e-07)
>> epoch [ 752/3000], runtime:  2.84s, train loss: 2.2556e-06 (best: 2.2008e-06/3.9166e-07)
>> epoch [ 753/3000], runtime:  2.67s, train loss: 2.2422e-06 (best: 2.2008e-06/3.9166e-07)
>> epoch [ 754/3000], runtime:  2.80s, train loss: 2.2172e-06 (best: 2.2008e-06/3.9166e-07)
>> epoch [ 755/3000], runtime:  2.81s, train loss: 2.2674e-06 (best: 2.2008e-06/3.9166e-07)
>> epoch [ 756/3000], runtime:  2.79s, train loss: 2.2849e-06 (best: 2.2008e-06/3.9166e-07)
>> epoch [ 757/3000], runtime:  2.76s, train loss: 2.2703e-06 (best: 2.2008e-06/3.9166e-07)
>> epoch [ 758/3000], runtime:  2.79s, train loss: 2.2554e-06 (best: 2.2008e-06/3.9166e-07)
>> epoch [ 759/3000], runtime:  2.79s, train loss: 2.2585e-06 (best: 2.2008e-06/3.9166e-07)
>> epoch [ 760/3000], runtime:  2.87s, train loss: 2.2330e-06 (best: 2.2008e-06/3.9166e-07)
>> epoch [ 761/3000], runtime:  2.78s, train loss: 2.2221e-06 (best: 2.2008e-06/3.9166e-07)
>> epoch [ 762/3000], runtime:  2.77s, train loss: 2.2492e-06 (best: 2.2008e-06/3.9166e-07)
>> epoch [ 763/3000], runtime:  2.85s, train loss: 2.2254e-06 (best: 2.2008e-06/3.9166e-07)
>> epoch [ 764/3000], runtime:  2.72s, train loss: 2.2361e-06 (best: 2.2008e-06/3.9166e-07)
>> epoch [ 765/3000], runtime:  2.70s, train loss: 2.2191e-06 (best: 2.2008e-06/3.9166e-07)
>> epoch [ 766/3000], runtime:  2.71s, train loss: 2.2309e-06 (best: 2.2008e-06/3.9166e-07)
>> epoch [ 767/3000], runtime:  2.72s, train loss: 2.2629e-06 (best: 2.2008e-06/3.9166e-07)
>> epoch [ 768/3000], runtime:  2.49s, train loss: 2.2401e-06 (best: 2.2008e-06/3.9166e-07)
>> epoch [ 769/3000], runtime:  2.71s, train loss: 2.2617e-06 (best: 2.2008e-06/3.9166e-07)
>> epoch [ 770/3000], runtime:  2.70s, train loss: 2.2359e-06 (best: 2.2008e-06/3.9166e-07)
>> epoch [ 771/3000], runtime:  2.70s, train loss: 2.2561e-06 (best: 2.2008e-06/3.9166e-07)
>> epoch [ 772/3000], runtime:  2.71s, train loss: 2.2429e-06 (best: 2.2008e-06/3.9166e-07)
>> epoch [ 773/3000], runtime:  2.71s, train loss: 2.2375e-06 (best: 2.2008e-06/3.9166e-07)
>> epoch [ 774/3000], runtime:  2.70s, train loss: 2.2515e-06 (best: 2.2008e-06/3.9166e-07)
>> epoch [ 775/3000], runtime:  2.52s, train loss: 2.2407e-06 (best: 2.2008e-06/3.9166e-07)
>> epoch [ 776/3000], runtime:  2.71s, train loss: 2.2407e-06 (best: 2.2008e-06/3.9166e-07)
>> epoch [ 777/3000], runtime:  2.44s, train loss: 2.2316e-06 (best: 2.2008e-06/3.9166e-07)
>> epoch [ 778/3000], runtime:  2.67s, train loss: 2.2326e-06 (best: 2.2008e-06/3.9166e-07)
>> epoch [ 779/3000], runtime:  2.72s, train loss: 2.2905e-06 (best: 2.2008e-06/3.9166e-07)
>> epoch [ 780/3000], runtime:  2.63s, train loss: 2.2301e-06 (best: 2.2008e-06/3.9166e-07)
>> epoch [ 781/3000], runtime:  2.56s, train loss: 2.2847e-06 (best: 2.2008e-06/3.9166e-07)
>> epoch [ 782/3000], runtime:  2.50s, train loss: 2.2029e-06 (best: 2.2008e-06/3.9166e-07)
>> epoch [ 783/3000], runtime:  2.71s, train loss: 2.2496e-06 (best: 2.2008e-06/3.9166e-07)
>> epoch [ 784/3000], runtime:  2.70s, train loss: 2.2868e-06 (best: 2.2008e-06/3.9166e-07)
>> epoch [ 785/3000], runtime:  2.65s, train loss: 2.2491e-06 (best: 2.2008e-06/3.9166e-07)
>> epoch [ 786/3000], runtime:  2.58s, train loss: 2.2766e-06 (best: 2.2008e-06/3.9166e-07)
>> epoch [ 787/3000], runtime:  2.72s, train loss: 2.2651e-06 (best: 2.2008e-06/3.9166e-07)
>> epoch [ 788/3000], runtime:  2.65s, train loss: 2.2545e-06 (best: 2.2008e-06/3.9166e-07)
>> epoch [ 789/3000], runtime:  2.37s, train loss: 2.2099e-06 (best: 2.2008e-06/3.9166e-07)
>> epoch [ 790/3000], runtime:  2.64s, train loss: 2.2375e-06 (best: 2.2008e-06/3.9166e-07)
>> epoch [ 791/3000], runtime: 2.71s, train loss: 2.1930e-06, valid loss: 3.8878e-07 , test loss: 1.0544e-04
>> epoch [ 792/3000], runtime:  2.71s, train loss: 2.2065e-06 (best: 2.1930e-06/3.8878e-07)
>> epoch [ 793/3000], runtime:  2.71s, train loss: 2.2608e-06 (best: 2.1930e-06/3.8878e-07)
>> epoch [ 794/3000], runtime:  2.70s, train loss: 2.2680e-06 (best: 2.1930e-06/3.8878e-07)
>> epoch [ 795/3000], runtime:  2.70s, train loss: 2.2381e-06 (best: 2.1930e-06/3.8878e-07)
>> epoch [ 796/3000], runtime:  2.73s, train loss: 2.2564e-06 (best: 2.1930e-06/3.8878e-07)
>> epoch [ 797/3000], runtime:  2.71s, train loss: 2.2794e-06 (best: 2.1930e-06/3.8878e-07)
>> epoch [ 798/3000], runtime:  2.71s, train loss: 2.2384e-06 (best: 2.1930e-06/3.8878e-07)
>> epoch [ 799/3000], runtime:  2.70s, train loss: 2.2197e-06 (best: 2.1930e-06/3.8878e-07)
>> epoch [ 800/3000], runtime:  2.70s, train loss: 2.1943e-06 (best: 2.1930e-06/3.8878e-07)
>> epoch [ 801/3000], runtime:  2.68s, train loss: 2.2046e-06 (best: 2.1930e-06/3.8878e-07)
>> epoch [ 802/3000], runtime:  2.53s, train loss: 2.1759e-06 (best: 2.1930e-06/3.8878e-07)
>> epoch [ 803/3000], runtime:  2.66s, train loss: 2.2195e-06 (best: 2.1930e-06/3.8878e-07)
>> epoch [ 804/3000], runtime:  2.71s, train loss: 2.1858e-06 (best: 2.1930e-06/3.8878e-07)
>> epoch [ 805/3000], runtime:  2.73s, train loss: 2.2343e-06 (best: 2.1930e-06/3.8878e-07)
>> epoch [ 806/3000], runtime:  2.70s, train loss: 2.2522e-06 (best: 2.1930e-06/3.8878e-07)
>> epoch [ 807/3000], runtime:  2.70s, train loss: 2.2403e-06 (best: 2.1930e-06/3.8878e-07)
>> epoch [ 808/3000], runtime:  2.71s, train loss: 2.2291e-06 (best: 2.1930e-06/3.8878e-07)
>> epoch [ 809/3000], runtime:  2.70s, train loss: 2.2030e-06 (best: 2.1930e-06/3.8878e-07)
>> epoch [ 810/3000], runtime:  2.69s, train loss: 2.2121e-06 (best: 2.1930e-06/3.8878e-07)
>> epoch [ 811/3000], runtime:  2.59s, train loss: 2.2486e-06 (best: 2.1930e-06/3.8878e-07)
>> epoch [ 812/3000], runtime:  2.65s, train loss: 2.2311e-06 (best: 2.1930e-06/3.8878e-07)
>> epoch [ 813/3000], runtime:  2.72s, train loss: 2.1809e-06 (best: 2.1930e-06/3.8878e-07)
>> epoch [ 814/3000], runtime:  2.71s, train loss: 2.2048e-06 (best: 2.1930e-06/3.8878e-07)
>> epoch [ 815/3000], runtime:  2.59s, train loss: 2.2066e-06 (best: 2.1930e-06/3.8878e-07)
>> epoch [ 816/3000], runtime:  2.60s, train loss: 2.2313e-06 (best: 2.1930e-06/3.8878e-07)
>> epoch [ 817/3000], runtime:  2.50s, train loss: 2.2197e-06 (best: 2.1930e-06/3.8878e-07)
>> epoch [ 818/3000], runtime:  2.58s, train loss: 2.2399e-06 (best: 2.1930e-06/3.8878e-07)
>> epoch [ 819/3000], runtime:  2.63s, train loss: 2.2046e-06 (best: 2.1930e-06/3.8878e-07)
>> epoch [ 820/3000], runtime:  2.70s, train loss: 2.2529e-06 (best: 2.1930e-06/3.8878e-07)
>> epoch [ 821/3000], runtime:  2.71s, train loss: 2.2512e-06 (best: 2.1930e-06/3.8878e-07)
>> epoch [ 822/3000], runtime:  2.72s, train loss: 2.1827e-06 (best: 2.1930e-06/3.8878e-07)
>> epoch [ 823/3000], runtime:  2.50s, train loss: 2.2506e-06 (best: 2.1930e-06/3.8878e-07)
>> epoch [ 824/3000], runtime:  2.55s, train loss: 2.2329e-06 (best: 2.1930e-06/3.8878e-07)
>> epoch [ 825/3000], runtime:  2.69s, train loss: 2.1970e-06 (best: 2.1930e-06/3.8878e-07)
>> epoch [ 826/3000], runtime:  2.71s, train loss: 2.1680e-06 (best: 2.1930e-06/3.8878e-07)
>> epoch [ 827/3000], runtime:  2.58s, train loss: 2.2374e-06 (best: 2.1930e-06/3.8878e-07)
>> epoch [ 828/3000], runtime:  2.67s, train loss: 2.2097e-06 (best: 2.1930e-06/3.8878e-07)
>> epoch [ 829/3000], runtime:  2.55s, train loss: 2.1992e-06 (best: 2.1930e-06/3.8878e-07)
>> epoch [ 830/3000], runtime:  2.69s, train loss: 2.2275e-06 (best: 2.1930e-06/3.8878e-07)
>> epoch [ 831/3000], runtime:  2.53s, train loss: 2.2569e-06 (best: 2.1930e-06/3.8878e-07)
>> epoch [ 832/3000], runtime:  2.69s, train loss: 2.2245e-06 (best: 2.1930e-06/3.8878e-07)
>> epoch [ 833/3000], runtime:  2.64s, train loss: 2.2288e-06 (best: 2.1930e-06/3.8878e-07)
>> epoch [ 834/3000], runtime:  2.36s, train loss: 2.2020e-06 (best: 2.1930e-06/3.8878e-07)
>> epoch [ 835/3000], runtime:  2.70s, train loss: 2.2163e-06 (best: 2.1930e-06/3.8878e-07)
>> epoch [ 836/3000], runtime:  2.52s, train loss: 2.2024e-06 (best: 2.1930e-06/3.8878e-07)
>> epoch [ 837/3000], runtime:  2.70s, train loss: 2.2309e-06 (best: 2.1930e-06/3.8878e-07)
>> epoch [ 838/3000], runtime:  2.70s, train loss: 2.1783e-06 (best: 2.1930e-06/3.8878e-07)
>> epoch [ 839/3000], runtime:  2.71s, train loss: 2.2353e-06 (best: 2.1930e-06/3.8878e-07)
>> epoch [ 840/3000], runtime:  2.67s, train loss: 2.2416e-06 (best: 2.1930e-06/3.8878e-07)
>> epoch [ 841/3000], runtime:  2.57s, train loss: 2.2433e-06 (best: 2.1930e-06/3.8878e-07)
>> epoch [ 842/3000], runtime:  2.70s, train loss: 2.2301e-06 (best: 2.1930e-06/3.8878e-07)
----------------------------------------------------------------------------------------------------
----------------------------------------------------------------------------------------------------
>> ntrain: 300, lr: 0.01, gamma: 0.6, w_d: 0.0
>> Best train loss: 2.1930e-06
>> Best valid loss: 3.8878e-07
>> Best test loss: 1.0544e-04
>> Best epoch: 790
----------------------------------------------------------------------------------------------------
----------------------------------------------------------------------------------------------------
>> Training Completed!!
