Total number of parameters: 66433
/root/autodl-tmp/project/MPNO/BlatzKo_1d/ex35/MLP/plot_u_MGN_MLP_ICNN.py:38: FutureWarning: You are using `torch.load` with `weights_only=False` (the current default value), which uses the default pickle module implicitly. It is possible to construct malicious pickle data which will execute arbitrary code during unpickling (See https://github.com/pytorch/pytorch/blob/main/SECURITY.md#untrusted-models for more details). In a future release, the default value for `weights_only` will be flipped to `True`. This limits the functions that could be executed during unpickling. Arbitrary objects will no longer be allowed to be loaded via this mode unless they are explicitly allowlisted by the user via `torch.serialization.add_safe_globals`. We recommend you start setting `weights_only=True` for any use case where you don't have full control of the loaded file. Please open an issue on GitHub for any issues related to this experimental feature.
  model_NN.load_state_dict(torch.load(model_path))
Total number of parameters: 1153
/root/autodl-tmp/project/MPNO/BlatzKo_1d/ex35/MLP/plot_u_MGN_MLP_ICNN.py:49: FutureWarning: You are using `torch.load` with `weights_only=False` (the current default value), which uses the default pickle module implicitly. It is possible to construct malicious pickle data which will execute arbitrary code during unpickling (See https://github.com/pytorch/pytorch/blob/main/SECURITY.md#untrusted-models for more details). In a future release, the default value for `weights_only` will be flipped to `True`. This limits the functions that could be executed during unpickling. Arbitrary objects will no longer be allowed to be loaded via this mode unless they are explicitly allowlisted by the user via `torch.serialization.add_safe_globals`. We recommend you start setting `weights_only=True` for any use case where you don't have full control of the loaded file. Please open an issue on GitHub for any issues related to this experimental feature.
  model_MGN.load_state_dict(torch.load(model_path))
ICNN Total number of parameters: 66433
/root/autodl-tmp/project/MPNO/BlatzKo_1d/ex35/MLP/plot_u_MGN_MLP_ICNN.py:61: FutureWarning: You are using `torch.load` with `weights_only=False` (the current default value), which uses the default pickle module implicitly. It is possible to construct malicious pickle data which will execute arbitrary code during unpickling (See https://github.com/pytorch/pytorch/blob/main/SECURITY.md#untrusted-models for more details). In a future release, the default value for `weights_only` will be flipped to `True`. This limits the functions that could be executed during unpickling. Arbitrary objects will no longer be allowed to be loaded via this mode unless they are explicitly allowlisted by the user via `torch.serialization.add_safe_globals`. We recommend you start setting `weights_only=True` for any use case where you don't have full control of the loaded file. Please open an issue on GitHub for any issues related to this experimental feature.
  model_ICNN.load_state_dict(torch.load(model_path))
The j-th data is: 0
NN linear solver for sample 0: error=9.67e-03
NN nonlinear solver for sample 0: error=9.67e-03
MGN linear solver for sample 0: error=6.13e-02
MGN nonlinear solver for sample 0: error=6.13e-02
ICNN linear solver for sample 0: error=9.35e-07
ICNN nonlinear solver for sample 0: error=5.74e-07
The j-th data is: 1
NN linear solver for sample 1: error=4.52e-02
NN nonlinear solver for sample 1: error=4.04e-02
MGN linear solver for sample 1: error=9.35e-02
MGN nonlinear solver for sample 1: error=9.35e-02
ICNN linear solver for sample 1: error=8.11e-07
ICNN nonlinear solver for sample 1: error=5.95e-07
The j-th data is: 2
NN linear solver for sample 2: error=5.24e-07
NN nonlinear solver for sample 2: error=5.71e-07
MGN linear solver for sample 2: error=5.82e-02
MGN nonlinear solver for sample 2: error=5.82e-02
ICNN linear solver for sample 2: error=4.01e-07
ICNN nonlinear solver for sample 2: error=4.46e-07
The j-th data is: 3
NN linear solver for sample 3: error=2.91e-02
NN nonlinear solver for sample 3: error=2.91e-02
MGN linear solver for sample 3: error=7.57e-02
MGN nonlinear solver for sample 3: error=7.57e-02
ICNN linear solver for sample 3: error=8.37e-07
ICNN nonlinear solver for sample 3: error=6.45e-07
The j-th data is: 4
NN linear solver for sample 4: error=6.31e-07
NN nonlinear solver for sample 4: error=4.44e-07
MGN linear solver for sample 4: error=5.39e-07
MGN nonlinear solver for sample 4: error=5.05e-07
ICNN linear solver for sample 4: error=5.40e-07
ICNN nonlinear solver for sample 4: error=4.98e-07
The j-th data is: 5
NN linear solver for sample 5: error=5.53e-07
NN nonlinear solver for sample 5: error=5.72e-07
MGN linear solver for sample 5: error=5.73e-02
MGN nonlinear solver for sample 5: error=5.73e-02
ICNN linear solver for sample 5: error=3.70e-07
ICNN nonlinear solver for sample 5: error=3.05e-07
The j-th data is: 6
NN linear solver for sample 6: error=2.15e-02
NN nonlinear solver for sample 6: error=2.15e-02
MGN linear solver for sample 6: error=7.42e-02
MGN nonlinear solver for sample 6: error=7.42e-02
ICNN linear solver for sample 6: error=9.27e-07
ICNN nonlinear solver for sample 6: error=8.25e-07
The j-th data is: 7
NN linear solver for sample 7: error=1.19e-07
NN nonlinear solver for sample 7: error=1.19e-07
MGN linear solver for sample 7: error=1.24e-07
MGN nonlinear solver for sample 7: error=1.04e-07
ICNN linear solver for sample 7: error=1.42e-07
ICNN nonlinear solver for sample 7: error=1.03e-07
The j-th data is: 8
NN linear solver for sample 8: error=2.96e-07
NN nonlinear solver for sample 8: error=2.10e-07
MGN linear solver for sample 8: error=2.15e-07
MGN nonlinear solver for sample 8: error=2.10e-07
ICNN linear solver for sample 8: error=1.94e-07
ICNN nonlinear solver for sample 8: error=1.81e-07
The j-th data is: 9
NN linear solver for sample 9: error=3.66e-07
NN nonlinear solver for sample 9: error=3.43e-07
MGN linear solver for sample 9: error=4.03e-07
MGN nonlinear solver for sample 9: error=3.71e-07
ICNN linear solver for sample 9: error=4.33e-07
ICNN nonlinear solver for sample 9: error=3.04e-07
The j-th data is: 10
NN linear solver for sample 10: error=1.84e-07
NN nonlinear solver for sample 10: error=1.74e-07
MGN linear solver for sample 10: error=2.09e-07
MGN nonlinear solver for sample 10: error=1.54e-07
ICNN linear solver for sample 10: error=1.85e-07
ICNN nonlinear solver for sample 10: error=1.48e-07
The j-th data is: 11
NN linear solver for sample 11: error=7.00e-03
NN nonlinear solver for sample 11: error=5.79e-03
MGN linear solver for sample 11: error=6.01e-02
MGN nonlinear solver for sample 11: error=6.01e-02
ICNN linear solver for sample 11: error=8.93e-07
ICNN nonlinear solver for sample 11: error=6.37e-07
The j-th data is: 12
NN linear solver for sample 12: error=2.27e-07
NN nonlinear solver for sample 12: error=1.64e-07
MGN linear solver for sample 12: error=1.96e-07
MGN nonlinear solver for sample 12: error=1.47e-07
ICNN linear solver for sample 12: error=2.36e-07
ICNN nonlinear solver for sample 12: error=1.59e-07
The j-th data is: 13
NN linear solver for sample 13: error=3.09e-02
NN nonlinear solver for sample 13: error=2.93e-02
MGN linear solver for sample 13: error=8.05e-02
MGN nonlinear solver for sample 13: error=8.05e-02
ICNN linear solver for sample 13: error=1.10e-06
ICNN nonlinear solver for sample 13: error=6.83e-07
The j-th data is: 14
NN linear solver for sample 14: error=5.94e-07
NN nonlinear solver for sample 14: error=4.47e-07
MGN linear solver for sample 14: error=6.24e-07
MGN nonlinear solver for sample 14: error=4.40e-07
ICNN linear solver for sample 14: error=6.18e-07
ICNN nonlinear solver for sample 14: error=3.83e-07
The j-th data is: 15
NN linear solver for sample 15: error=2.24e-07
NN nonlinear solver for sample 15: error=2.24e-07
MGN linear solver for sample 15: error=2.14e-07
MGN nonlinear solver for sample 15: error=1.56e-07
ICNN linear solver for sample 15: error=1.72e-07
ICNN nonlinear solver for sample 15: error=1.38e-07
The j-th data is: 16
NN linear solver for sample 16: error=1.39e-02
NN nonlinear solver for sample 16: error=6.98e-03
MGN linear solver for sample 16: error=5.97e-02
MGN nonlinear solver for sample 16: error=5.97e-02
ICNN linear solver for sample 16: error=7.36e-07
ICNN nonlinear solver for sample 16: error=6.55e-07
The j-th data is: 17
NN linear solver for sample 17: error=1.80e-07
NN nonlinear solver for sample 17: error=1.56e-07
MGN linear solver for sample 17: error=2.07e-07
MGN nonlinear solver for sample 17: error=1.77e-07
ICNN linear solver for sample 17: error=2.12e-07
ICNN nonlinear solver for sample 17: error=1.30e-07
The j-th data is: 18
NN linear solver for sample 18: error=5.53e-07
NN nonlinear solver for sample 18: error=4.37e-07
MGN linear solver for sample 18: error=5.64e-02
MGN nonlinear solver for sample 18: error=5.64e-02
ICNN linear solver for sample 18: error=8.25e-03
ICNN nonlinear solver for sample 18: error=8.25e-03
The j-th data is: 19
NN linear solver for sample 19: error=1.15e-07
NN nonlinear solver for sample 19: error=1.41e-07
MGN linear solver for sample 19: error=1.09e-07
MGN nonlinear solver for sample 19: error=1.23e-07
ICNN linear solver for sample 19: error=1.45e-07
ICNN nonlinear solver for sample 19: error=1.17e-07
The j-th data is: 20
NN linear solver for sample 20: error=1.69e-07
NN nonlinear solver for sample 20: error=1.45e-07
MGN linear solver for sample 20: error=1.94e-07
MGN nonlinear solver for sample 20: error=1.31e-07
ICNN linear solver for sample 20: error=2.01e-07
ICNN nonlinear solver for sample 20: error=1.33e-07
The j-th data is: 21
NN linear solver for sample 21: error=4.57e-07
NN nonlinear solver for sample 21: error=4.40e-07
MGN linear solver for sample 21: error=5.32e-07
MGN nonlinear solver for sample 21: error=3.25e-07
ICNN linear solver for sample 21: error=4.30e-07
ICNN nonlinear solver for sample 21: error=4.43e-07
The j-th data is: 22
NN linear solver for sample 22: error=3.86e-07
NN nonlinear solver for sample 22: error=3.45e-07
MGN linear solver for sample 22: error=5.05e-07
MGN nonlinear solver for sample 22: error=3.58e-07
ICNN linear solver for sample 22: error=4.74e-07
ICNN nonlinear solver for sample 22: error=3.99e-07
The j-th data is: 23
NN linear solver for sample 23: error=6.77e-07
NN nonlinear solver for sample 23: error=4.36e-07
MGN linear solver for sample 23: error=5.81e-02
MGN nonlinear solver for sample 23: error=5.81e-02
ICNN linear solver for sample 23: error=1.95e-07
ICNN nonlinear solver for sample 23: error=2.02e-07
The j-th data is: 24
NN linear solver for sample 24: error=2.16e-07
NN nonlinear solver for sample 24: error=1.40e-07
MGN linear solver for sample 24: error=1.91e-07
MGN nonlinear solver for sample 24: error=1.89e-07
ICNN linear solver for sample 24: error=1.80e-07
ICNN nonlinear solver for sample 24: error=1.45e-07
The j-th data is: 25
NN linear solver for sample 25: error=5.83e-02
NN nonlinear solver for sample 25: error=3.55e-02
MGN linear solver for sample 25: error=6.51e-07
MGN nonlinear solver for sample 25: error=6.04e-07
ICNN linear solver for sample 25: error=8.91e-07
ICNN nonlinear solver for sample 25: error=8.47e-07
The j-th data is: 26
NN linear solver for sample 26: error=1.26e-07
NN nonlinear solver for sample 26: error=1.17e-07
MGN linear solver for sample 26: error=1.23e-07
MGN nonlinear solver for sample 26: error=1.05e-07
ICNN linear solver for sample 26: error=1.76e-07
ICNN nonlinear solver for sample 26: error=9.78e-08
The j-th data is: 27
NN linear solver for sample 27: error=2.12e-02
NN nonlinear solver for sample 27: error=1.84e-02
MGN linear solver for sample 27: error=7.77e-02
MGN nonlinear solver for sample 27: error=7.77e-02
ICNN linear solver for sample 27: error=1.04e-06
ICNN nonlinear solver for sample 27: error=6.97e-07
The j-th data is: 28
NN linear solver for sample 28: error=4.31e-07
NN nonlinear solver for sample 28: error=3.84e-07
MGN linear solver for sample 28: error=4.27e-07
MGN nonlinear solver for sample 28: error=3.50e-07
ICNN linear solver for sample 28: error=5.13e-07
ICNN nonlinear solver for sample 28: error=3.62e-07
The j-th data is: 29
NN linear solver for sample 29: error=3.00e-03
NN nonlinear solver for sample 29: error=3.00e-03
MGN linear solver for sample 29: error=5.86e-02
MGN nonlinear solver for sample 29: error=5.86e-02
ICNN linear solver for sample 29: error=5.42e-07
ICNN nonlinear solver for sample 29: error=5.49e-07
The j-th data is: 30
NN linear solver for sample 30: error=1.93e-03
NN nonlinear solver for sample 30: error=1.94e-03
MGN linear solver for sample 30: error=5.98e-02
MGN nonlinear solver for sample 30: error=5.98e-02
ICNN linear solver for sample 30: error=4.27e-07
ICNN nonlinear solver for sample 30: error=3.71e-07
The j-th data is: 31
NN linear solver for sample 31: error=1.53e-03
NN nonlinear solver for sample 31: error=1.16e-03
MGN linear solver for sample 31: error=6.21e-02
MGN nonlinear solver for sample 31: error=5.47e-02
ICNN linear solver for sample 31: error=7.77e-08
ICNN nonlinear solver for sample 31: error=6.75e-08
The j-th data is: 32
NN linear solver for sample 32: error=5.17e-07
NN nonlinear solver for sample 32: error=3.78e-07
MGN linear solver for sample 32: error=5.60e-07
MGN nonlinear solver for sample 32: error=4.41e-07
ICNN linear solver for sample 32: error=5.41e-07
ICNN nonlinear solver for sample 32: error=3.80e-07
The j-th data is: 33
NN linear solver for sample 33: error=1.75e-07
NN nonlinear solver for sample 33: error=1.36e-07
MGN linear solver for sample 33: error=1.95e-07
MGN nonlinear solver for sample 33: error=1.28e-07
ICNN linear solver for sample 33: error=2.79e-07
ICNN nonlinear solver for sample 33: error=1.60e-07
The j-th data is: 34
NN linear solver for sample 34: error=4.57e-07
NN nonlinear solver for sample 34: error=3.22e-07
MGN linear solver for sample 34: error=5.52e-07
MGN nonlinear solver for sample 34: error=3.19e-07
ICNN linear solver for sample 34: error=3.73e-07
ICNN nonlinear solver for sample 34: error=3.64e-07
The j-th data is: 35
NN linear solver for sample 35: error=2.77e-02
NN nonlinear solver for sample 35: error=2.77e-02
MGN linear solver for sample 35: error=7.43e-02
MGN nonlinear solver for sample 35: error=7.43e-02
ICNN linear solver for sample 35: error=8.51e-07
ICNN nonlinear solver for sample 35: error=8.04e-07
The j-th data is: 36
NN linear solver for sample 36: error=3.77e-07
NN nonlinear solver for sample 36: error=2.19e-07
MGN linear solver for sample 36: error=3.08e-07
MGN nonlinear solver for sample 36: error=2.81e-07
ICNN linear solver for sample 36: error=2.62e-07
ICNN nonlinear solver for sample 36: error=2.96e-07
The j-th data is: 37
NN linear solver for sample 37: error=6.23e-07
NN nonlinear solver for sample 37: error=4.11e-07
MGN linear solver for sample 37: error=6.65e-02
MGN nonlinear solver for sample 37: error=5.57e-02
ICNN linear solver for sample 37: error=9.06e-08
ICNN nonlinear solver for sample 37: error=8.89e-08
The j-th data is: 38
NN linear solver for sample 38: error=2.27e-03
NN nonlinear solver for sample 38: error=2.26e-03
MGN linear solver for sample 38: error=5.86e-02
MGN nonlinear solver for sample 38: error=5.86e-02
ICNN linear solver for sample 38: error=4.03e-07
ICNN nonlinear solver for sample 38: error=3.01e-07
The j-th data is: 39
NN linear solver for sample 39: error=6.85e-07
NN nonlinear solver for sample 39: error=4.35e-07
MGN linear solver for sample 39: error=5.11e-07
MGN nonlinear solver for sample 39: error=5.05e-07
ICNN linear solver for sample 39: error=6.15e-07
ICNN nonlinear solver for sample 39: error=4.02e-07
The j-th data is: 40
NN linear solver for sample 40: error=4.23e-02
NN nonlinear solver for sample 40: error=4.23e-02
MGN linear solver for sample 40: error=1.02e-01
MGN nonlinear solver for sample 40: error=9.96e-02
ICNN linear solver for sample 40: error=7.92e-07
ICNN nonlinear solver for sample 40: error=5.79e-07
The j-th data is: 41
NN linear solver for sample 41: error=6.62e-07
NN nonlinear solver for sample 41: error=4.15e-07
MGN linear solver for sample 41: error=6.23e-07
MGN nonlinear solver for sample 41: error=5.02e-07
ICNN linear solver for sample 41: error=6.03e-07
ICNN nonlinear solver for sample 41: error=4.58e-07
The j-th data is: 42
NN linear solver for sample 42: error=1.43e-02
NN nonlinear solver for sample 42: error=1.43e-02
MGN linear solver for sample 42: error=6.89e-07
MGN nonlinear solver for sample 42: error=5.97e-07
ICNN linear solver for sample 42: error=6.64e-07
ICNN nonlinear solver for sample 42: error=5.78e-07
The j-th data is: 43
NN linear solver for sample 43: error=9.18e-07
NN nonlinear solver for sample 43: error=9.26e-07
MGN linear solver for sample 43: error=6.59e-07
MGN nonlinear solver for sample 43: error=6.18e-07
ICNN linear solver for sample 43: error=6.30e-07
ICNN nonlinear solver for sample 43: error=6.15e-07
The j-th data is: 44
NN linear solver for sample 44: error=4.73e-07
NN nonlinear solver for sample 44: error=6.51e-07
MGN linear solver for sample 44: error=6.03e-02
MGN nonlinear solver for sample 44: error=6.03e-02
ICNN linear solver for sample 44: error=3.21e-07
ICNN nonlinear solver for sample 44: error=2.25e-07
The j-th data is: 45
NN linear solver for sample 45: error=6.26e-07
NN nonlinear solver for sample 45: error=4.36e-07
MGN linear solver for sample 45: error=6.58e-07
MGN nonlinear solver for sample 45: error=3.67e-07
ICNN linear solver for sample 45: error=6.58e-07
ICNN nonlinear solver for sample 45: error=4.67e-07
The j-th data is: 46
NN linear solver for sample 46: error=1.93e-03
NN nonlinear solver for sample 46: error=1.92e-03
MGN linear solver for sample 46: error=5.56e-02
MGN nonlinear solver for sample 46: error=5.56e-02
ICNN linear solver for sample 46: error=7.68e-07
ICNN nonlinear solver for sample 46: error=5.93e-07
The j-th data is: 47
NN linear solver for sample 47: error=5.67e-07
NN nonlinear solver for sample 47: error=4.29e-07
MGN linear solver for sample 47: error=5.82e-02
MGN nonlinear solver for sample 47: error=5.82e-02
ICNN linear solver for sample 47: error=2.51e-07
ICNN nonlinear solver for sample 47: error=1.99e-07
The j-th data is: 48
NN linear solver for sample 48: error=5.29e-07
NN nonlinear solver for sample 48: error=5.42e-07
MGN linear solver for sample 48: error=5.60e-02
MGN nonlinear solver for sample 48: error=5.60e-02
ICNN linear solver for sample 48: error=1.85e-07
ICNN nonlinear solver for sample 48: error=1.85e-07
The j-th data is: 49
NN linear solver for sample 49: error=1.97e-07
NN nonlinear solver for sample 49: error=1.71e-07
MGN linear solver for sample 49: error=2.16e-07
MGN nonlinear solver for sample 49: error=1.91e-07
ICNN linear solver for sample 49: error=2.04e-07
ICNN nonlinear solver for sample 49: error=1.60e-07
The j-th data is: 50
NN linear solver for sample 50: error=2.68e-03
NN nonlinear solver for sample 50: error=2.01e-03
MGN linear solver for sample 50: error=6.10e-02
MGN nonlinear solver for sample 50: error=5.43e-02
ICNN linear solver for sample 50: error=8.60e-08
ICNN nonlinear solver for sample 50: error=8.60e-08
The j-th data is: 51
NN linear solver for sample 51: error=1.19e-02
NN nonlinear solver for sample 51: error=1.19e-02
MGN linear solver for sample 51: error=6.75e-02
MGN nonlinear solver for sample 51: error=6.75e-02
ICNN linear solver for sample 51: error=8.68e-07
ICNN nonlinear solver for sample 51: error=6.68e-07
The j-th data is: 52
NN linear solver for sample 52: error=1.78e-07
NN nonlinear solver for sample 52: error=1.49e-07
MGN linear solver for sample 52: error=1.99e-07
MGN nonlinear solver for sample 52: error=1.62e-07
ICNN linear solver for sample 52: error=1.93e-07
ICNN nonlinear solver for sample 52: error=1.62e-07
The j-th data is: 53
NN linear solver for sample 53: error=3.33e-02
NN nonlinear solver for sample 53: error=3.33e-02
MGN linear solver for sample 53: error=7.71e-02
MGN nonlinear solver for sample 53: error=7.71e-02
ICNN linear solver for sample 53: error=9.64e-07
ICNN nonlinear solver for sample 53: error=8.74e-07
The j-th data is: 54
NN linear solver for sample 54: error=5.57e-03
NN nonlinear solver for sample 54: error=5.47e-03
MGN linear solver for sample 54: error=6.06e-02
MGN nonlinear solver for sample 54: error=6.06e-02
ICNN linear solver for sample 54: error=3.29e-07
ICNN nonlinear solver for sample 54: error=2.71e-07
The j-th data is: 55
NN linear solver for sample 55: error=5.24e-07
NN nonlinear solver for sample 55: error=4.00e-07
MGN linear solver for sample 55: error=6.20e-07
MGN nonlinear solver for sample 55: error=4.20e-07
ICNN linear solver for sample 55: error=5.02e-07
ICNN nonlinear solver for sample 55: error=4.14e-07
The j-th data is: 56
NN linear solver for sample 56: error=7.80e-07
NN nonlinear solver for sample 56: error=8.85e-07
MGN linear solver for sample 56: error=1.09e-06
MGN nonlinear solver for sample 56: error=8.02e-07
ICNN linear solver for sample 56: error=6.68e-07
ICNN nonlinear solver for sample 56: error=5.46e-07
The j-th data is: 57
NN linear solver for sample 57: error=4.27e-07
NN nonlinear solver for sample 57: error=3.66e-07
MGN linear solver for sample 57: error=5.47e-07
MGN nonlinear solver for sample 57: error=4.82e-07
ICNN linear solver for sample 57: error=5.07e-07
ICNN nonlinear solver for sample 57: error=3.73e-07
The j-th data is: 58
NN linear solver for sample 58: error=4.53e-02
NN nonlinear solver for sample 58: error=4.53e-02
MGN linear solver for sample 58: error=9.70e-02
MGN nonlinear solver for sample 58: error=9.70e-02
ICNN linear solver for sample 58: error=5.14e-07
ICNN nonlinear solver for sample 58: error=4.62e-07
The j-th data is: 59
NN linear solver for sample 59: error=1.14e-07
NN nonlinear solver for sample 59: error=8.45e-08
MGN linear solver for sample 59: error=1.25e-07
MGN nonlinear solver for sample 59: error=9.15e-08
ICNN linear solver for sample 59: error=1.06e-07
ICNN nonlinear solver for sample 59: error=8.85e-08
The j-th data is: 60
NN linear solver for sample 60: error=1.52e-03
NN nonlinear solver for sample 60: error=1.51e-03
MGN linear solver for sample 60: error=6.42e-02
MGN nonlinear solver for sample 60: error=5.55e-02
ICNN linear solver for sample 60: error=1.91e-07
ICNN nonlinear solver for sample 60: error=1.71e-07
The j-th data is: 61
NN linear solver for sample 61: error=4.07e-02
NN nonlinear solver for sample 61: error=4.07e-02
MGN linear solver for sample 61: error=8.84e-02
MGN nonlinear solver for sample 61: error=8.84e-02
ICNN linear solver for sample 61: error=6.85e-07
ICNN nonlinear solver for sample 61: error=6.74e-07
The j-th data is: 62
NN linear solver for sample 62: error=3.77e-07
NN nonlinear solver for sample 62: error=3.39e-07
MGN linear solver for sample 62: error=3.71e-07
MGN nonlinear solver for sample 62: error=2.38e-07
ICNN linear solver for sample 62: error=2.26e-07
ICNN nonlinear solver for sample 62: error=2.28e-07
The j-th data is: 63
NN linear solver for sample 63: error=3.06e-02
NN nonlinear solver for sample 63: error=2.69e-02
MGN linear solver for sample 63: error=8.05e-02
MGN nonlinear solver for sample 63: error=8.05e-02
ICNN linear solver for sample 63: error=8.63e-07
ICNN nonlinear solver for sample 63: error=9.17e-07
The j-th data is: 64
NN linear solver for sample 64: error=4.67e-07
NN nonlinear solver for sample 64: error=3.02e-07
MGN linear solver for sample 64: error=4.03e-07
MGN nonlinear solver for sample 64: error=2.87e-07
ICNN linear solver for sample 64: error=3.86e-07
ICNN nonlinear solver for sample 64: error=3.45e-07
The j-th data is: 65
NN linear solver for sample 65: error=5.73e-07
NN nonlinear solver for sample 65: error=3.73e-07
MGN linear solver for sample 65: error=5.49e-07
MGN nonlinear solver for sample 65: error=4.04e-07
ICNN linear solver for sample 65: error=5.71e-07
ICNN nonlinear solver for sample 65: error=4.37e-07
The j-th data is: 66
NN linear solver for sample 66: error=5.32e-07
NN nonlinear solver for sample 66: error=3.69e-07
MGN linear solver for sample 66: error=5.73e-02
MGN nonlinear solver for sample 66: error=5.73e-02
ICNN linear solver for sample 66: error=3.29e-07
ICNN nonlinear solver for sample 66: error=2.78e-07
The j-th data is: 67
NN linear solver for sample 67: error=8.24e-02
NN nonlinear solver for sample 67: error=6.90e-02
MGN linear solver for sample 67: error=5.66e-07
MGN nonlinear solver for sample 67: error=4.28e-07
ICNN linear solver for sample 67: error=5.37e-07
ICNN nonlinear solver for sample 67: error=3.37e-07
The j-th data is: 68
NN linear solver for sample 68: error=3.84e-07
NN nonlinear solver for sample 68: error=3.25e-07
MGN linear solver for sample 68: error=4.99e-07
MGN nonlinear solver for sample 68: error=3.27e-07
ICNN linear solver for sample 68: error=4.82e-07
ICNN nonlinear solver for sample 68: error=3.00e-07
The j-th data is: 69
NN linear solver for sample 69: error=3.51e-07
NN nonlinear solver for sample 69: error=2.45e-07
MGN linear solver for sample 69: error=2.56e-07
MGN nonlinear solver for sample 69: error=2.70e-07
ICNN linear solver for sample 69: error=3.36e-07
ICNN nonlinear solver for sample 69: error=3.14e-07
The j-th data is: 70
NN linear solver for sample 70: error=3.00e-02
NN nonlinear solver for sample 70: error=3.00e-02
MGN linear solver for sample 70: error=7.68e-02
MGN nonlinear solver for sample 70: error=7.68e-02
ICNN linear solver for sample 70: error=7.33e-07
ICNN nonlinear solver for sample 70: error=7.13e-07
The j-th data is: 71
NN linear solver for sample 71: error=3.26e-02
NN nonlinear solver for sample 71: error=3.21e-02
MGN linear solver for sample 71: error=7.91e-02
MGN nonlinear solver for sample 71: error=7.91e-02
ICNN linear solver for sample 71: error=9.21e-07
ICNN nonlinear solver for sample 71: error=7.23e-07
The j-th data is: 72
NN linear solver for sample 72: error=6.44e-07
NN nonlinear solver for sample 72: error=3.97e-07
MGN linear solver for sample 72: error=5.87e-07
MGN nonlinear solver for sample 72: error=4.10e-07
ICNN linear solver for sample 72: error=5.24e-07
ICNN nonlinear solver for sample 72: error=4.18e-07
The j-th data is: 73
NN linear solver for sample 73: error=8.37e-07
NN nonlinear solver for sample 73: error=6.58e-07
MGN linear solver for sample 73: error=7.82e-07
MGN nonlinear solver for sample 73: error=6.43e-07
ICNN linear solver for sample 73: error=1.37e-06
ICNN nonlinear solver for sample 73: error=6.77e-07
The j-th data is: 74
NN linear solver for sample 74: error=4.67e-07
NN nonlinear solver for sample 74: error=4.53e-07
MGN linear solver for sample 74: error=5.85e-07
MGN nonlinear solver for sample 74: error=3.88e-07
ICNN linear solver for sample 74: error=5.31e-07
ICNN nonlinear solver for sample 74: error=3.74e-07
The j-th data is: 75
NN linear solver for sample 75: error=4.83e-07
NN nonlinear solver for sample 75: error=4.61e-07
MGN linear solver for sample 75: error=5.78e-07
MGN nonlinear solver for sample 75: error=3.71e-07
ICNN linear solver for sample 75: error=6.57e-07
ICNN nonlinear solver for sample 75: error=3.93e-07
The j-th data is: 76
NN linear solver for sample 76: error=2.06e-07
NN nonlinear solver for sample 76: error=1.56e-07
MGN linear solver for sample 76: error=2.34e-07
MGN nonlinear solver for sample 76: error=1.53e-07
ICNN linear solver for sample 76: error=2.34e-07
ICNN nonlinear solver for sample 76: error=1.86e-07
The j-th data is: 77
NN linear solver for sample 77: error=3.79e-03
NN nonlinear solver for sample 77: error=3.77e-03
MGN linear solver for sample 77: error=6.07e-02
MGN nonlinear solver for sample 77: error=6.07e-02
ICNN linear solver for sample 77: error=4.67e-07
ICNN nonlinear solver for sample 77: error=3.12e-07
The j-th data is: 78
NN linear solver for sample 78: error=7.58e-07
NN nonlinear solver for sample 78: error=4.02e-07
MGN linear solver for sample 78: error=5.83e-07
MGN nonlinear solver for sample 78: error=4.37e-07
ICNN linear solver for sample 78: error=5.61e-07
ICNN nonlinear solver for sample 78: error=4.26e-07
The j-th data is: 79
NN linear solver for sample 79: error=5.14e-07
NN nonlinear solver for sample 79: error=3.87e-07
MGN linear solver for sample 79: error=6.27e-07
MGN nonlinear solver for sample 79: error=4.52e-07
ICNN linear solver for sample 79: error=4.02e-07
ICNN nonlinear solver for sample 79: error=4.26e-07
The j-th data is: 80
NN linear solver for sample 80: error=7.70e-07
NN nonlinear solver for sample 80: error=6.99e-07
MGN linear solver for sample 80: error=5.71e-02
MGN nonlinear solver for sample 80: error=5.71e-02
ICNN linear solver for sample 80: error=5.26e-07
ICNN nonlinear solver for sample 80: error=4.10e-07
The j-th data is: 81
NN linear solver for sample 81: error=5.27e-02
NN nonlinear solver for sample 81: error=5.27e-02
MGN linear solver for sample 81: error=1.04e-01
MGN nonlinear solver for sample 81: error=1.04e-01
ICNN linear solver for sample 81: error=6.76e-07
ICNN nonlinear solver for sample 81: error=4.78e-07
The j-th data is: 82
NN linear solver for sample 82: error=5.78e-03
NN nonlinear solver for sample 82: error=8.04e-03
MGN linear solver for sample 82: error=6.01e-02
MGN nonlinear solver for sample 82: error=6.01e-02
ICNN linear solver for sample 82: error=8.12e-07
ICNN nonlinear solver for sample 82: error=5.45e-07
The j-th data is: 83
NN linear solver for sample 83: error=9.68e-03
NN nonlinear solver for sample 83: error=9.68e-03
MGN linear solver for sample 83: error=5.91e-02
MGN nonlinear solver for sample 83: error=5.91e-02
ICNN linear solver for sample 83: error=7.65e-07
ICNN nonlinear solver for sample 83: error=5.92e-07
The j-th data is: 84
NN linear solver for sample 84: error=1.50e-02
NN nonlinear solver for sample 84: error=6.21e-03
MGN linear solver for sample 84: error=5.77e-02
MGN nonlinear solver for sample 84: error=5.77e-02
ICNN linear solver for sample 84: error=5.81e-07
ICNN nonlinear solver for sample 84: error=5.85e-07
The j-th data is: 85
NN linear solver for sample 85: error=1.25e-02
NN nonlinear solver for sample 85: error=1.25e-02
MGN linear solver for sample 85: error=6.46e-02
MGN nonlinear solver for sample 85: error=6.46e-02
ICNN linear solver for sample 85: error=7.80e-07
ICNN nonlinear solver for sample 85: error=6.13e-07
The j-th data is: 86
NN linear solver for sample 86: error=5.63e-07
NN nonlinear solver for sample 86: error=5.05e-07
MGN linear solver for sample 86: error=5.60e-02
MGN nonlinear solver for sample 86: error=5.60e-02
ICNN linear solver for sample 86: error=1.80e-07
ICNN nonlinear solver for sample 86: error=1.73e-07
The j-th data is: 87
NN linear solver for sample 87: error=6.37e-03
NN nonlinear solver for sample 87: error=2.00e-03
MGN linear solver for sample 87: error=5.53e-02
MGN nonlinear solver for sample 87: error=5.53e-02
ICNN linear solver for sample 87: error=7.58e-07
ICNN nonlinear solver for sample 87: error=4.47e-07
The j-th data is: 88
NN linear solver for sample 88: error=1.60e-02
NN nonlinear solver for sample 88: error=1.32e-02
MGN linear solver for sample 88: error=8.90e-07
MGN nonlinear solver for sample 88: error=5.16e-07
ICNN linear solver for sample 88: error=6.13e-07
ICNN nonlinear solver for sample 88: error=6.27e-07
The j-th data is: 89
NN linear solver for sample 89: error=3.25e-04
NN nonlinear solver for sample 89: error=2.98e-04
MGN linear solver for sample 89: error=6.56e-02
MGN nonlinear solver for sample 89: error=5.51e-02
ICNN linear solver for sample 89: error=9.57e-08
ICNN nonlinear solver for sample 89: error=7.32e-08
The j-th data is: 90
NN linear solver for sample 90: error=5.28e-03
NN nonlinear solver for sample 90: error=5.36e-03
MGN linear solver for sample 90: error=6.01e-02
MGN nonlinear solver for sample 90: error=6.01e-02
ICNN linear solver for sample 90: error=5.14e-07
ICNN nonlinear solver for sample 90: error=5.63e-07
The j-th data is: 91
NN linear solver for sample 91: error=5.10e-07
NN nonlinear solver for sample 91: error=4.30e-07
MGN linear solver for sample 91: error=5.62e-07
MGN nonlinear solver for sample 91: error=5.08e-07
ICNN linear solver for sample 91: error=6.01e-07
ICNN nonlinear solver for sample 91: error=4.64e-07
The j-th data is: 92
NN linear solver for sample 92: error=2.54e-02
NN nonlinear solver for sample 92: error=2.09e-02
MGN linear solver for sample 92: error=7.74e-02
MGN nonlinear solver for sample 92: error=7.74e-02
ICNN linear solver for sample 92: error=1.07e-06
ICNN nonlinear solver for sample 92: error=7.03e-07
The j-th data is: 93
NN linear solver for sample 93: error=1.84e-07
NN nonlinear solver for sample 93: error=1.50e-07
MGN linear solver for sample 93: error=1.81e-07
MGN nonlinear solver for sample 93: error=1.30e-07
ICNN linear solver for sample 93: error=1.90e-07
ICNN nonlinear solver for sample 93: error=1.72e-07
The j-th data is: 94
NN linear solver for sample 94: error=1.13e-02
NN nonlinear solver for sample 94: error=1.13e-02
MGN linear solver for sample 94: error=6.04e-02
MGN nonlinear solver for sample 94: error=6.04e-02
ICNN linear solver for sample 94: error=7.80e-07
ICNN nonlinear solver for sample 94: error=6.01e-07
The j-th data is: 95
NN linear solver for sample 95: error=1.14e-07
NN nonlinear solver for sample 95: error=9.13e-08
MGN linear solver for sample 95: error=1.25e-07
MGN nonlinear solver for sample 95: error=9.22e-08
ICNN linear solver for sample 95: error=1.46e-07
ICNN nonlinear solver for sample 95: error=1.01e-07
The j-th data is: 96
NN linear solver for sample 96: error=3.82e-07
NN nonlinear solver for sample 96: error=3.00e-07
MGN linear solver for sample 96: error=3.33e-07
MGN nonlinear solver for sample 96: error=2.73e-07
ICNN linear solver for sample 96: error=4.44e-07
ICNN nonlinear solver for sample 96: error=2.70e-07
The j-th data is: 97
NN linear solver for sample 97: error=1.63e-04
NN nonlinear solver for sample 97: error=1.94e-04
MGN linear solver for sample 97: error=6.76e-02
MGN nonlinear solver for sample 97: error=5.49e-02
ICNN linear solver for sample 97: error=7.19e-08
ICNN nonlinear solver for sample 97: error=6.57e-08
The j-th data is: 98
NN linear solver for sample 98: error=4.21e-02
NN nonlinear solver for sample 98: error=3.59e-02
MGN linear solver for sample 98: error=6.06e-07
MGN nonlinear solver for sample 98: error=7.91e-07
ICNN linear solver for sample 98: error=7.87e-07
ICNN nonlinear solver for sample 98: error=9.05e-07
The j-th data is: 99
