>> Device being used: cuda (NVIDIA GeForce RTX 4090)
Total number of parameters: 66433
>> Training Mesh resolution: 257x257
/root/autodl-tmp/project/MPNO_final/BlatzKo_1d/ex35/MLP/PNO_BB.py:140: UserWarning: torch.range is deprecated and will be removed in a future release because its behavior is inconsistent with Python's range builtin. Instead, use torch.arange, which produces values in [start, end).
  ksi_range = torch.range(-m_fact, m_fact).int()
tensor(0.8109)
tensor(3.3456)
>> Preprocessing completed, time elapsed:  0.28s
>> ntrain: 300, lr: 0.01, gamma: 0.6, w_d: 0.0
----------------------------------------------------------------------------------------------------
>> epoch [   1/3000], runtime: 9.73s, train loss: 2.3921e-04, valid loss: 1.2055e-04 , test loss: 4.0250e-03
>> epoch [   2/3000], runtime: 9.60s, train loss: 9.7585e-05, valid loss: 1.0130e-04 , test loss: 1.4817e-03
>> epoch [   3/3000], runtime: 9.56s, train loss: 8.5730e-05, valid loss: 6.6093e-05 , test loss: 1.3905e-03
>> epoch [   4/3000], runtime: 9.60s, train loss: 7.6393e-05, valid loss: 5.9169e-05 , test loss: 1.8576e-03
>> epoch [   5/3000], runtime:  9.58s, train loss: 9.4912e-05 (best: 7.6393e-05/5.9169e-05)
>> epoch [   6/3000], runtime: 9.59s, train loss: 4.9176e-05, valid loss: 3.8806e-05 , test loss: 4.6447e-04
>> epoch [   7/3000], runtime:  9.56s, train loss: 3.6399e-05 (best: 4.9176e-05/3.8806e-05)
>> epoch [   8/3000], runtime: 9.59s, train loss: 4.6159e-05, valid loss: 3.4486e-05 , test loss: 1.0719e-03
>> epoch [   9/3000], runtime:  9.56s, train loss: 3.9920e-05 (best: 4.6159e-05/3.4486e-05)
>> epoch [  10/3000], runtime:  9.56s, train loss: 3.6058e-05 (best: 4.6159e-05/3.4486e-05)
>> epoch [  11/3000], runtime:  9.56s, train loss: 5.0890e-05 (best: 4.6159e-05/3.4486e-05)
>> epoch [  12/3000], runtime:  9.57s, train loss: 6.5963e-05 (best: 4.6159e-05/3.4486e-05)
>> epoch [  13/3000], runtime:  9.52s, train loss: 7.8576e-05 (best: 4.6159e-05/3.4486e-05)
>> epoch [  14/3000], runtime: 9.52s, train loss: 3.4198e-05, valid loss: 2.9208e-05 , test loss: 3.9190e-04
>> epoch [  15/3000], runtime:  9.52s, train loss: 3.5307e-05 (best: 3.4198e-05/2.9208e-05)
>> epoch [  16/3000], runtime:  9.52s, train loss: 3.2722e-05 (best: 3.4198e-05/2.9208e-05)
>> epoch [  17/3000], runtime:  9.48s, train loss: 3.4605e-05 (best: 3.4198e-05/2.9208e-05)
>> epoch [  18/3000], runtime:  9.49s, train loss: 5.0001e-05 (best: 3.4198e-05/2.9208e-05)
>> epoch [  19/3000], runtime:  9.51s, train loss: 4.1294e-05 (best: 3.4198e-05/2.9208e-05)
>> epoch [  20/3000], runtime:  9.52s, train loss: 2.7245e-05 (best: 3.4198e-05/2.9208e-05)
>> epoch [  21/3000], runtime: 9.50s, train loss: 2.8286e-05, valid loss: 1.1617e-05 , test loss: 3.0486e-04
>> epoch [  22/3000], runtime:  9.50s, train loss: 2.6455e-05 (best: 2.8286e-05/1.1617e-05)
>> epoch [  23/3000], runtime:  9.48s, train loss: 3.4022e-05 (best: 2.8286e-05/1.1617e-05)
>> epoch [  24/3000], runtime:  9.49s, train loss: 2.2628e-05 (best: 2.8286e-05/1.1617e-05)
>> epoch [  25/3000], runtime:  9.50s, train loss: 2.8222e-05 (best: 2.8286e-05/1.1617e-05)
>> epoch [  26/3000], runtime:  9.53s, train loss: 4.1292e-05 (best: 2.8286e-05/1.1617e-05)
>> epoch [  27/3000], runtime:  9.51s, train loss: 3.8620e-05 (best: 2.8286e-05/1.1617e-05)
>> epoch [  28/3000], runtime:  9.50s, train loss: 2.0885e-05 (best: 2.8286e-05/1.1617e-05)
>> epoch [  29/3000], runtime:  9.53s, train loss: 2.7141e-05 (best: 2.8286e-05/1.1617e-05)
>> epoch [  30/3000], runtime:  9.53s, train loss: 3.1693e-05 (best: 2.8286e-05/1.1617e-05)
>> epoch [  31/3000], runtime:  9.56s, train loss: 2.9627e-05 (best: 2.8286e-05/1.1617e-05)
>> epoch [  32/3000], runtime:  9.56s, train loss: 3.9981e-05 (best: 2.8286e-05/1.1617e-05)
>> epoch [  33/3000], runtime:  9.51s, train loss: 3.6490e-05 (best: 2.8286e-05/1.1617e-05)
>> epoch [  34/3000], runtime:  9.48s, train loss: 5.2375e-05 (best: 2.8286e-05/1.1617e-05)
>> epoch [  35/3000], runtime:  9.49s, train loss: 2.6030e-05 (best: 2.8286e-05/1.1617e-05)
>> epoch [  36/3000], runtime:  9.52s, train loss: 1.8688e-05 (best: 2.8286e-05/1.1617e-05)
>> epoch [  37/3000], runtime:  9.50s, train loss: 1.9809e-05 (best: 2.8286e-05/1.1617e-05)
>> epoch [  38/3000], runtime:  9.51s, train loss: 2.0703e-05 (best: 2.8286e-05/1.1617e-05)
>> epoch [  39/3000], runtime:  9.52s, train loss: 2.9328e-05 (best: 2.8286e-05/1.1617e-05)
>> epoch [  40/3000], runtime: 9.50s, train loss: 2.5865e-05, valid loss: 1.0718e-05 , test loss: 1.8020e-04
>> epoch [  41/3000], runtime:  9.53s, train loss: 2.5578e-05 (best: 2.5865e-05/1.0718e-05)
>> epoch [  42/3000], runtime:  9.49s, train loss: 1.9964e-05 (best: 2.5865e-05/1.0718e-05)
>> epoch [  43/3000], runtime:  9.51s, train loss: 1.7238e-05 (best: 2.5865e-05/1.0718e-05)
>> epoch [  44/3000], runtime:  9.51s, train loss: 1.6767e-05 (best: 2.5865e-05/1.0718e-05)
>> epoch [  45/3000], runtime:  9.52s, train loss: 2.1081e-05 (best: 2.5865e-05/1.0718e-05)
>> epoch [  46/3000], runtime:  9.51s, train loss: 1.5564e-05 (best: 2.5865e-05/1.0718e-05)
>> epoch [  47/3000], runtime:  9.49s, train loss: 2.7451e-05 (best: 2.5865e-05/1.0718e-05)
>> epoch [  48/3000], runtime:  9.51s, train loss: 1.5638e-05 (best: 2.5865e-05/1.0718e-05)
>> epoch [  49/3000], runtime:  9.51s, train loss: 1.5011e-05 (best: 2.5865e-05/1.0718e-05)
>> epoch [  50/3000], runtime:  9.51s, train loss: 1.2812e-05 (best: 2.5865e-05/1.0718e-05)
>> epoch [  51/3000], runtime:  9.50s, train loss: 1.3777e-05 (best: 2.5865e-05/1.0718e-05)
>> epoch [  52/3000], runtime:  9.53s, train loss: 1.4614e-05 (best: 2.5865e-05/1.0718e-05)
>> epoch [  53/3000], runtime:  9.51s, train loss: 1.5062e-05 (best: 2.5865e-05/1.0718e-05)
>> epoch [  54/3000], runtime: 9.49s, train loss: 1.0989e-05, valid loss: 6.2251e-06 , test loss: 1.4688e-04
>> epoch [  55/3000], runtime:  9.50s, train loss: 1.0387e-05 (best: 1.0989e-05/6.2251e-06)
>> epoch [  56/3000], runtime:  9.50s, train loss: 1.3651e-05 (best: 1.0989e-05/6.2251e-06)
>> epoch [  57/3000], runtime:  9.50s, train loss: 1.1415e-05 (best: 1.0989e-05/6.2251e-06)
>> epoch [  58/3000], runtime:  9.51s, train loss: 9.1529e-06 (best: 1.0989e-05/6.2251e-06)
>> epoch [  59/3000], runtime:  9.52s, train loss: 1.3348e-05 (best: 1.0989e-05/6.2251e-06)
>> epoch [  60/3000], runtime:  9.51s, train loss: 1.1031e-05 (best: 1.0989e-05/6.2251e-06)
>> epoch [  61/3000], runtime:  9.49s, train loss: 1.1670e-05 (best: 1.0989e-05/6.2251e-06)
>> epoch [  62/3000], runtime:  9.52s, train loss: 1.6162e-05 (best: 1.0989e-05/6.2251e-06)
>> epoch [  63/3000], runtime:  9.49s, train loss: 1.7925e-05 (best: 1.0989e-05/6.2251e-06)
>> epoch [  64/3000], runtime:  9.50s, train loss: 1.5534e-05 (best: 1.0989e-05/6.2251e-06)
>> epoch [  65/3000], runtime:  9.50s, train loss: 1.6585e-05 (best: 1.0989e-05/6.2251e-06)
>> epoch [  66/3000], runtime:  9.49s, train loss: 1.1061e-05 (best: 1.0989e-05/6.2251e-06)
>> epoch [  67/3000], runtime:  9.50s, train loss: 1.2617e-05 (best: 1.0989e-05/6.2251e-06)
>> epoch [  68/3000], runtime:  9.49s, train loss: 1.7226e-05 (best: 1.0989e-05/6.2251e-06)
>> epoch [  69/3000], runtime:  9.50s, train loss: 1.5342e-05 (best: 1.0989e-05/6.2251e-06)
>> epoch [  70/3000], runtime:  9.49s, train loss: 1.5354e-05 (best: 1.0989e-05/6.2251e-06)
>> epoch [  71/3000], runtime:  9.51s, train loss: 2.0820e-05 (best: 1.0989e-05/6.2251e-06)
>> epoch [  72/3000], runtime:  9.49s, train loss: 1.4519e-05 (best: 1.0989e-05/6.2251e-06)
>> epoch [  73/3000], runtime:  9.48s, train loss: 1.3833e-05 (best: 1.0989e-05/6.2251e-06)
>> epoch [  74/3000], runtime:  9.49s, train loss: 1.5824e-05 (best: 1.0989e-05/6.2251e-06)
>> epoch [  75/3000], runtime:  9.49s, train loss: 1.3625e-05 (best: 1.0989e-05/6.2251e-06)
>> epoch [  76/3000], runtime:  9.49s, train loss: 7.7064e-06 (best: 1.0989e-05/6.2251e-06)
>> epoch [  77/3000], runtime:  9.52s, train loss: 8.1821e-06 (best: 1.0989e-05/6.2251e-06)
>> epoch [  78/3000], runtime:  9.49s, train loss: 8.8146e-06 (best: 1.0989e-05/6.2251e-06)
>> epoch [  79/3000], runtime:  9.52s, train loss: 9.7878e-06 (best: 1.0989e-05/6.2251e-06)
>> epoch [  80/3000], runtime:  9.51s, train loss: 1.8643e-05 (best: 1.0989e-05/6.2251e-06)
>> epoch [  81/3000], runtime:  9.50s, train loss: 1.5459e-05 (best: 1.0989e-05/6.2251e-06)
>> epoch [  82/3000], runtime:  9.48s, train loss: 8.9828e-06 (best: 1.0989e-05/6.2251e-06)
>> epoch [  83/3000], runtime:  9.47s, train loss: 8.4162e-06 (best: 1.0989e-05/6.2251e-06)
>> epoch [  84/3000], runtime:  9.49s, train loss: 9.9575e-06 (best: 1.0989e-05/6.2251e-06)
>> epoch [  85/3000], runtime:  9.50s, train loss: 1.2586e-05 (best: 1.0989e-05/6.2251e-06)
>> epoch [  86/3000], runtime:  9.51s, train loss: 1.4958e-05 (best: 1.0989e-05/6.2251e-06)
>> epoch [  87/3000], runtime:  9.48s, train loss: 1.4945e-05 (best: 1.0989e-05/6.2251e-06)
>> epoch [  88/3000], runtime:  9.49s, train loss: 1.0603e-05 (best: 1.0989e-05/6.2251e-06)
>> epoch [  89/3000], runtime:  9.49s, train loss: 8.1762e-06 (best: 1.0989e-05/6.2251e-06)
>> epoch [  90/3000], runtime:  9.49s, train loss: 9.3070e-06 (best: 1.0989e-05/6.2251e-06)
>> epoch [  91/3000], runtime:  9.48s, train loss: 7.2181e-06 (best: 1.0989e-05/6.2251e-06)
>> epoch [  92/3000], runtime:  9.49s, train loss: 7.1017e-06 (best: 1.0989e-05/6.2251e-06)
>> epoch [  93/3000], runtime:  9.51s, train loss: 7.7064e-06 (best: 1.0989e-05/6.2251e-06)
>> epoch [  94/3000], runtime: 9.51s, train loss: 7.2082e-06, valid loss: 5.1287e-06 , test loss: 9.6664e-05
>> epoch [  95/3000], runtime:  9.50s, train loss: 1.1866e-05 (best: 7.2082e-06/5.1287e-06)
>> epoch [  96/3000], runtime:  9.49s, train loss: 1.6071e-05 (best: 7.2082e-06/5.1287e-06)
>> epoch [  97/3000], runtime:  9.49s, train loss: 8.9489e-06 (best: 7.2082e-06/5.1287e-06)
>> epoch [  98/3000], runtime:  9.50s, train loss: 7.5163e-06 (best: 7.2082e-06/5.1287e-06)
>> epoch [  99/3000], runtime:  9.50s, train loss: 1.5987e-05 (best: 7.2082e-06/5.1287e-06)
>> epoch [ 100/3000], runtime:  9.48s, train loss: 1.3692e-05 (best: 7.2082e-06/5.1287e-06)
>> epoch [ 101/3000], runtime:  9.49s, train loss: 9.4699e-06 (best: 7.2082e-06/5.1287e-06)
>> epoch [ 102/3000], runtime:  9.50s, train loss: 8.2105e-06 (best: 7.2082e-06/5.1287e-06)
>> epoch [ 103/3000], runtime:  9.51s, train loss: 9.2617e-06 (best: 7.2082e-06/5.1287e-06)
>> epoch [ 104/3000], runtime:  9.48s, train loss: 6.5099e-06 (best: 7.2082e-06/5.1287e-06)
>> epoch [ 105/3000], runtime:  9.50s, train loss: 9.1305e-06 (best: 7.2082e-06/5.1287e-06)
>> epoch [ 106/3000], runtime:  9.52s, train loss: 1.0387e-05 (best: 7.2082e-06/5.1287e-06)
>> epoch [ 107/3000], runtime:  9.48s, train loss: 1.2393e-05 (best: 7.2082e-06/5.1287e-06)
>> epoch [ 108/3000], runtime:  9.49s, train loss: 8.4606e-06 (best: 7.2082e-06/5.1287e-06)
>> epoch [ 109/3000], runtime:  9.48s, train loss: 7.0473e-06 (best: 7.2082e-06/5.1287e-06)
>> epoch [ 110/3000], runtime: 9.49s, train loss: 6.5878e-06, valid loss: 4.9350e-06 , test loss: 1.1473e-04
>> epoch [ 111/3000], runtime:  9.49s, train loss: 6.8454e-06 (best: 6.5878e-06/4.9350e-06)
>> epoch [ 112/3000], runtime:  9.47s, train loss: 7.3623e-06 (best: 6.5878e-06/4.9350e-06)
>> epoch [ 113/3000], runtime:  9.50s, train loss: 7.1537e-06 (best: 6.5878e-06/4.9350e-06)
>> epoch [ 114/3000], runtime:  9.49s, train loss: 6.2646e-06 (best: 6.5878e-06/4.9350e-06)
>> epoch [ 115/3000], runtime:  9.50s, train loss: 7.8302e-06 (best: 6.5878e-06/4.9350e-06)
>> epoch [ 116/3000], runtime:  9.48s, train loss: 9.6029e-06 (best: 6.5878e-06/4.9350e-06)
>> epoch [ 117/3000], runtime:  9.49s, train loss: 9.7087e-06 (best: 6.5878e-06/4.9350e-06)
>> epoch [ 118/3000], runtime:  9.51s, train loss: 5.5617e-06 (best: 6.5878e-06/4.9350e-06)
>> epoch [ 119/3000], runtime:  9.52s, train loss: 9.6143e-06 (best: 6.5878e-06/4.9350e-06)
>> epoch [ 120/3000], runtime:  9.51s, train loss: 9.2274e-06 (best: 6.5878e-06/4.9350e-06)
>> epoch [ 121/3000], runtime:  9.50s, train loss: 8.0673e-06 (best: 6.5878e-06/4.9350e-06)
>> epoch [ 122/3000], runtime:  9.51s, train loss: 8.8916e-06 (best: 6.5878e-06/4.9350e-06)
>> epoch [ 123/3000], runtime: 9.50s, train loss: 4.0216e-06, valid loss: 3.1067e-06 , test loss: 1.0207e-04
>> epoch [ 124/3000], runtime:  9.51s, train loss: 4.4723e-06 (best: 4.0216e-06/3.1067e-06)
>> epoch [ 125/3000], runtime:  9.48s, train loss: 7.2748e-06 (best: 4.0216e-06/3.1067e-06)
>> epoch [ 126/3000], runtime:  9.49s, train loss: 9.5474e-06 (best: 4.0216e-06/3.1067e-06)
>> epoch [ 127/3000], runtime:  9.51s, train loss: 1.1559e-05 (best: 4.0216e-06/3.1067e-06)
>> epoch [ 128/3000], runtime:  9.51s, train loss: 5.0154e-06 (best: 4.0216e-06/3.1067e-06)
>> epoch [ 129/3000], runtime:  9.50s, train loss: 9.7561e-06 (best: 4.0216e-06/3.1067e-06)
>> epoch [ 130/3000], runtime:  9.53s, train loss: 4.3570e-06 (best: 4.0216e-06/3.1067e-06)
>> epoch [ 131/3000], runtime:  9.50s, train loss: 4.5118e-06 (best: 4.0216e-06/3.1067e-06)
>> epoch [ 132/3000], runtime:  9.51s, train loss: 6.7778e-06 (best: 4.0216e-06/3.1067e-06)
>> epoch [ 133/3000], runtime:  9.53s, train loss: 5.8649e-06 (best: 4.0216e-06/3.1067e-06)
>> epoch [ 134/3000], runtime:  9.47s, train loss: 6.3239e-06 (best: 4.0216e-06/3.1067e-06)
>> epoch [ 135/3000], runtime:  9.50s, train loss: 4.3351e-06 (best: 4.0216e-06/3.1067e-06)
>> epoch [ 136/3000], runtime:  9.49s, train loss: 5.9276e-06 (best: 4.0216e-06/3.1067e-06)
>> epoch [ 137/3000], runtime:  9.50s, train loss: 5.0633e-06 (best: 4.0216e-06/3.1067e-06)
>> epoch [ 138/3000], runtime:  9.49s, train loss: 5.1266e-06 (best: 4.0216e-06/3.1067e-06)
>> epoch [ 139/3000], runtime:  9.50s, train loss: 7.1970e-06 (best: 4.0216e-06/3.1067e-06)
>> epoch [ 140/3000], runtime:  9.51s, train loss: 5.8664e-06 (best: 4.0216e-06/3.1067e-06)
>> epoch [ 141/3000], runtime:  9.50s, train loss: 4.6922e-06 (best: 4.0216e-06/3.1067e-06)
>> epoch [ 142/3000], runtime:  9.50s, train loss: 3.5577e-06 (best: 4.0216e-06/3.1067e-06)
>> epoch [ 143/3000], runtime:  9.51s, train loss: 1.1815e-05 (best: 4.0216e-06/3.1067e-06)
>> epoch [ 144/3000], runtime:  9.48s, train loss: 6.7837e-06 (best: 4.0216e-06/3.1067e-06)
>> epoch [ 145/3000], runtime:  9.48s, train loss: 5.4287e-06 (best: 4.0216e-06/3.1067e-06)
>> epoch [ 146/3000], runtime:  9.48s, train loss: 7.9373e-06 (best: 4.0216e-06/3.1067e-06)
>> epoch [ 147/3000], runtime:  9.48s, train loss: 6.5151e-06 (best: 4.0216e-06/3.1067e-06)
>> epoch [ 148/3000], runtime:  9.50s, train loss: 9.6554e-06 (best: 4.0216e-06/3.1067e-06)
>> epoch [ 149/3000], runtime:  9.48s, train loss: 4.4588e-06 (best: 4.0216e-06/3.1067e-06)
>> epoch [ 150/3000], runtime:  9.49s, train loss: 6.4797e-06 (best: 4.0216e-06/3.1067e-06)
>> epoch [ 151/3000], runtime: 9.47s, train loss: 3.5757e-06, valid loss: 1.9450e-06 , test loss: 6.5872e-05
>> epoch [ 152/3000], runtime:  9.48s, train loss: 5.5035e-06 (best: 3.5757e-06/1.9450e-06)
>> epoch [ 153/3000], runtime:  9.48s, train loss: 3.7910e-06 (best: 3.5757e-06/1.9450e-06)
>> epoch [ 154/3000], runtime:  9.49s, train loss: 6.9531e-06 (best: 3.5757e-06/1.9450e-06)
>> epoch [ 155/3000], runtime:  9.50s, train loss: 3.7216e-06 (best: 3.5757e-06/1.9450e-06)
>> epoch [ 156/3000], runtime:  9.48s, train loss: 5.7940e-06 (best: 3.5757e-06/1.9450e-06)
>> epoch [ 157/3000], runtime:  9.48s, train loss: 6.3687e-06 (best: 3.5757e-06/1.9450e-06)
>> epoch [ 158/3000], runtime:  9.49s, train loss: 7.4594e-06 (best: 3.5757e-06/1.9450e-06)
>> epoch [ 159/3000], runtime:  9.51s, train loss: 5.4404e-06 (best: 3.5757e-06/1.9450e-06)
>> epoch [ 160/3000], runtime:  9.51s, train loss: 2.6875e-06 (best: 3.5757e-06/1.9450e-06)
>> epoch [ 161/3000], runtime:  9.48s, train loss: 4.4887e-06 (best: 3.5757e-06/1.9450e-06)
>> epoch [ 162/3000], runtime:  9.48s, train loss: 5.6439e-06 (best: 3.5757e-06/1.9450e-06)
>> epoch [ 163/3000], runtime:  9.49s, train loss: 1.1061e-05 (best: 3.5757e-06/1.9450e-06)
>> epoch [ 164/3000], runtime:  9.50s, train loss: 6.6367e-06 (best: 3.5757e-06/1.9450e-06)
>> epoch [ 165/3000], runtime:  9.49s, train loss: 8.2240e-06 (best: 3.5757e-06/1.9450e-06)
>> epoch [ 166/3000], runtime:  9.51s, train loss: 4.8926e-06 (best: 3.5757e-06/1.9450e-06)
>> epoch [ 167/3000], runtime: 9.48s, train loss: 3.1059e-06, valid loss: 1.4450e-06 , test loss: 6.3444e-05
>> epoch [ 168/3000], runtime:  9.51s, train loss: 3.4791e-06 (best: 3.1059e-06/1.4450e-06)
>> epoch [ 169/3000], runtime:  9.49s, train loss: 4.2048e-06 (best: 3.1059e-06/1.4450e-06)
>> epoch [ 170/3000], runtime:  9.50s, train loss: 3.7195e-06 (best: 3.1059e-06/1.4450e-06)
>> epoch [ 171/3000], runtime:  9.50s, train loss: 3.1884e-06 (best: 3.1059e-06/1.4450e-06)
>> epoch [ 172/3000], runtime:  9.50s, train loss: 3.4019e-06 (best: 3.1059e-06/1.4450e-06)
>> epoch [ 173/3000], runtime:  9.51s, train loss: 3.7571e-06 (best: 3.1059e-06/1.4450e-06)
>> epoch [ 174/3000], runtime:  9.50s, train loss: 5.3064e-06 (best: 3.1059e-06/1.4450e-06)
>> epoch [ 175/3000], runtime:  9.51s, train loss: 3.6561e-06 (best: 3.1059e-06/1.4450e-06)
>> epoch [ 176/3000], runtime:  9.48s, train loss: 6.2931e-06 (best: 3.1059e-06/1.4450e-06)
>> epoch [ 177/3000], runtime:  9.51s, train loss: 5.2851e-06 (best: 3.1059e-06/1.4450e-06)
>> epoch [ 178/3000], runtime:  9.52s, train loss: 3.3474e-06 (best: 3.1059e-06/1.4450e-06)
>> epoch [ 179/3000], runtime:  9.48s, train loss: 3.9517e-06 (best: 3.1059e-06/1.4450e-06)
>> epoch [ 180/3000], runtime:  9.48s, train loss: 4.5303e-06 (best: 3.1059e-06/1.4450e-06)
>> epoch [ 181/3000], runtime:  9.49s, train loss: 4.7411e-06 (best: 3.1059e-06/1.4450e-06)
>> epoch [ 182/3000], runtime:  9.50s, train loss: 6.5262e-06 (best: 3.1059e-06/1.4450e-06)
>> epoch [ 183/3000], runtime:  9.50s, train loss: 3.8543e-06 (best: 3.1059e-06/1.4450e-06)
>> epoch [ 184/3000], runtime:  9.49s, train loss: 4.2096e-06 (best: 3.1059e-06/1.4450e-06)
>> epoch [ 185/3000], runtime:  9.49s, train loss: 3.0270e-06 (best: 3.1059e-06/1.4450e-06)
>> epoch [ 186/3000], runtime:  9.50s, train loss: 3.3783e-06 (best: 3.1059e-06/1.4450e-06)
>> epoch [ 187/3000], runtime:  9.49s, train loss: 3.0884e-06 (best: 3.1059e-06/1.4450e-06)
>> epoch [ 188/3000], runtime:  9.49s, train loss: 2.8671e-06 (best: 3.1059e-06/1.4450e-06)
>> epoch [ 189/3000], runtime:  9.51s, train loss: 2.2736e-06 (best: 3.1059e-06/1.4450e-06)
>> epoch [ 190/3000], runtime:  9.50s, train loss: 3.6618e-06 (best: 3.1059e-06/1.4450e-06)
>> epoch [ 191/3000], runtime:  9.50s, train loss: 3.4172e-06 (best: 3.1059e-06/1.4450e-06)
>> epoch [ 192/3000], runtime:  9.50s, train loss: 4.9667e-06 (best: 3.1059e-06/1.4450e-06)
>> epoch [ 193/3000], runtime: 9.49s, train loss: 2.7259e-06, valid loss: 1.1851e-06 , test loss: 5.1439e-05
>> epoch [ 194/3000], runtime:  9.49s, train loss: 2.4826e-06 (best: 2.7259e-06/1.1851e-06)
>> epoch [ 195/3000], runtime:  9.50s, train loss: 2.6268e-06 (best: 2.7259e-06/1.1851e-06)
>> epoch [ 196/3000], runtime:  9.50s, train loss: 2.9165e-06 (best: 2.7259e-06/1.1851e-06)
>> epoch [ 197/3000], runtime:  9.49s, train loss: 2.9660e-06 (best: 2.7259e-06/1.1851e-06)
>> epoch [ 198/3000], runtime:  9.51s, train loss: 2.5011e-06 (best: 2.7259e-06/1.1851e-06)
>> epoch [ 199/3000], runtime:  9.50s, train loss: 3.4885e-06 (best: 2.7259e-06/1.1851e-06)
>> epoch [ 200/3000], runtime:  9.52s, train loss: 3.0766e-06 (best: 2.7259e-06/1.1851e-06)
>> epoch [ 201/3000], runtime:  9.51s, train loss: 3.8721e-06 (best: 2.7259e-06/1.1851e-06)
>> epoch [ 202/3000], runtime:  9.50s, train loss: 3.8318e-06 (best: 2.7259e-06/1.1851e-06)
>> epoch [ 203/3000], runtime:  9.52s, train loss: 2.4046e-06 (best: 2.7259e-06/1.1851e-06)
>> epoch [ 204/3000], runtime:  9.51s, train loss: 3.5137e-06 (best: 2.7259e-06/1.1851e-06)
>> epoch [ 205/3000], runtime:  9.48s, train loss: 3.5441e-06 (best: 2.7259e-06/1.1851e-06)
>> epoch [ 206/3000], runtime:  11.94s, train loss: 1.9864e-06 (best: 2.7259e-06/1.1851e-06)
>> epoch [ 207/3000], runtime:  20.12s, train loss: 3.2490e-06 (best: 2.7259e-06/1.1851e-06)
>> epoch [ 208/3000], runtime:  9.52s, train loss: 1.9833e-06 (best: 2.7259e-06/1.1851e-06)
>> epoch [ 209/3000], runtime:  9.51s, train loss: 2.9737e-06 (best: 2.7259e-06/1.1851e-06)
>> epoch [ 210/3000], runtime:  9.51s, train loss: 2.7207e-06 (best: 2.7259e-06/1.1851e-06)
>> epoch [ 211/3000], runtime:  9.50s, train loss: 2.1859e-06 (best: 2.7259e-06/1.1851e-06)
>> epoch [ 212/3000], runtime:  9.49s, train loss: 2.6667e-06 (best: 2.7259e-06/1.1851e-06)
>> epoch [ 213/3000], runtime:  9.49s, train loss: 2.6195e-06 (best: 2.7259e-06/1.1851e-06)
>> epoch [ 214/3000], runtime:  9.51s, train loss: 2.9814e-06 (best: 2.7259e-06/1.1851e-06)
>> epoch [ 215/3000], runtime:  9.50s, train loss: 2.7895e-06 (best: 2.7259e-06/1.1851e-06)
>> epoch [ 216/3000], runtime:  14.74s, train loss: 2.2966e-06 (best: 2.7259e-06/1.1851e-06)
>> epoch [ 217/3000], runtime:  19.79s, train loss: 2.5159e-06 (best: 2.7259e-06/1.1851e-06)
>> epoch [ 218/3000], runtime:  9.51s, train loss: 2.0523e-06 (best: 2.7259e-06/1.1851e-06)
>> epoch [ 219/3000], runtime:  9.50s, train loss: 3.7248e-06 (best: 2.7259e-06/1.1851e-06)
>> epoch [ 220/3000], runtime:  9.51s, train loss: 2.9510e-06 (best: 2.7259e-06/1.1851e-06)
>> epoch [ 221/3000], runtime:  9.50s, train loss: 2.7634e-06 (best: 2.7259e-06/1.1851e-06)
>> epoch [ 222/3000], runtime:  9.50s, train loss: 2.6385e-06 (best: 2.7259e-06/1.1851e-06)
>> epoch [ 223/3000], runtime:  9.49s, train loss: 2.3390e-06 (best: 2.7259e-06/1.1851e-06)
>> epoch [ 224/3000], runtime:  9.51s, train loss: 2.5964e-06 (best: 2.7259e-06/1.1851e-06)
>> epoch [ 225/3000], runtime:  9.49s, train loss: 3.1677e-06 (best: 2.7259e-06/1.1851e-06)
>> epoch [ 226/3000], runtime:  9.49s, train loss: 2.6443e-06 (best: 2.7259e-06/1.1851e-06)
>> epoch [ 227/3000], runtime:  9.49s, train loss: 3.0849e-06 (best: 2.7259e-06/1.1851e-06)
>> epoch [ 228/3000], runtime:  9.50s, train loss: 2.4944e-06 (best: 2.7259e-06/1.1851e-06)
>> epoch [ 229/3000], runtime:  9.51s, train loss: 3.9076e-06 (best: 2.7259e-06/1.1851e-06)
>> epoch [ 230/3000], runtime:  9.48s, train loss: 2.8437e-06 (best: 2.7259e-06/1.1851e-06)
>> epoch [ 231/3000], runtime:  9.51s, train loss: 2.4858e-06 (best: 2.7259e-06/1.1851e-06)
>> epoch [ 232/3000], runtime:  9.50s, train loss: 3.8249e-06 (best: 2.7259e-06/1.1851e-06)
>> epoch [ 233/3000], runtime:  9.50s, train loss: 1.5412e-06 (best: 2.7259e-06/1.1851e-06)
>> epoch [ 234/3000], runtime:  9.50s, train loss: 1.5465e-06 (best: 2.7259e-06/1.1851e-06)
>> epoch [ 235/3000], runtime:  9.48s, train loss: 2.1052e-06 (best: 2.7259e-06/1.1851e-06)
>> epoch [ 236/3000], runtime:  9.50s, train loss: 2.6331e-06 (best: 2.7259e-06/1.1851e-06)
>> epoch [ 237/3000], runtime:  9.51s, train loss: 1.6039e-06 (best: 2.7259e-06/1.1851e-06)
>> epoch [ 238/3000], runtime:  9.48s, train loss: 1.7892e-06 (best: 2.7259e-06/1.1851e-06)
>> epoch [ 239/3000], runtime:  9.48s, train loss: 1.5468e-06 (best: 2.7259e-06/1.1851e-06)
>> epoch [ 240/3000], runtime:  9.47s, train loss: 1.9764e-06 (best: 2.7259e-06/1.1851e-06)
>> epoch [ 241/3000], runtime:  9.46s, train loss: 1.7299e-06 (best: 2.7259e-06/1.1851e-06)
>> epoch [ 242/3000], runtime:  9.48s, train loss: 1.6469e-06 (best: 2.7259e-06/1.1851e-06)
>> epoch [ 243/3000], runtime:  9.46s, train loss: 2.0909e-06 (best: 2.7259e-06/1.1851e-06)
>> epoch [ 244/3000], runtime:  9.46s, train loss: 2.3657e-06 (best: 2.7259e-06/1.1851e-06)
----------------------------------------------------------------------------------------------------
----------------------------------------------------------------------------------------------------
>> ntrain: 300, layer_info: 128_5, act_xi: Softplus, lr: 0.01, gamma: 0.6, w_d: 0.0
>> Best train loss: 2.7259e-06
>> Best valid loss: 1.1851e-06
>> Best test loss: 5.1439e-05
>> Best epoch: 192
----------------------------------------------------------------------------------------------------
----------------------------------------------------------------------------------------------------
>> Training Completed!!
