>> Device being used: cuda (NVIDIA GeForce RTX 4090)
Total number of parameters: 1321
>> Training Mesh resolution: 257x257
/root/autodl-tmp/project/MPNO_final/BlatzKo_1d/ex35/MLP/PNO_BB.py:140: UserWarning: torch.range is deprecated and will be removed in a future release because its behavior is inconsistent with Python's range builtin. Instead, use torch.arange, which produces values in [start, end).
  ksi_range = torch.range(-m_fact, m_fact).int()
tensor(0.8109)
tensor(3.3456)
>> Preprocessing completed, time elapsed:  0.40s
>> ntrain: 300, lr: 0.01, gamma: 0.6, w_d: 0.0
----------------------------------------------------------------------------------------------------
>> epoch [   1/3000], runtime: 3.09s, train loss: 2.3066e-04, valid loss: 1.0636e-04 , test loss: 4.8787e-03
>> epoch [   2/3000], runtime: 2.25s, train loss: 1.1558e-04, valid loss: 8.7208e-05 , test loss: 3.5061e-03
>> epoch [   3/3000], runtime: 2.88s, train loss: 8.5883e-05, valid loss: 4.4157e-05 , test loss: 1.7534e-03
>> epoch [   4/3000], runtime: 2.90s, train loss: 4.8898e-05, valid loss: 3.0799e-05 , test loss: 6.7355e-04
>> epoch [   5/3000], runtime:  2.48s, train loss: 5.4360e-05 (best: 4.8898e-05/3.0799e-05)
>> epoch [   6/3000], runtime: 2.90s, train loss: 4.3633e-05, valid loss: 3.0797e-05 , test loss: 9.3293e-04
>> epoch [   7/3000], runtime:  2.89s, train loss: 2.0570e-05 (best: 4.3633e-05/3.0797e-05)
>> epoch [   8/3000], runtime: 2.57s, train loss: 1.9965e-05, valid loss: 1.5721e-05 , test loss: 2.0870e-04
>> epoch [   9/3000], runtime:  2.66s, train loss: 1.8802e-05 (best: 1.9965e-05/1.5721e-05)
>> epoch [  10/3000], runtime:  2.82s, train loss: 2.9588e-05 (best: 1.9965e-05/1.5721e-05)
>> epoch [  11/3000], runtime:  2.89s, train loss: 2.1743e-05 (best: 1.9965e-05/1.5721e-05)
>> epoch [  12/3000], runtime:  2.88s, train loss: 2.0958e-05 (best: 1.9965e-05/1.5721e-05)
>> epoch [  13/3000], runtime:  2.89s, train loss: 1.1596e-05 (best: 1.9965e-05/1.5721e-05)
>> epoch [  14/3000], runtime:  2.91s, train loss: 1.5613e-05 (best: 1.9965e-05/1.5721e-05)
>> epoch [  15/3000], runtime: 2.90s, train loss: 1.4828e-05, valid loss: 1.2232e-05 , test loss: 1.9722e-04
>> epoch [  16/3000], runtime:  2.90s, train loss: 3.2007e-05 (best: 1.4828e-05/1.2232e-05)
>> epoch [  17/3000], runtime:  2.87s, train loss: 2.6044e-05 (best: 1.4828e-05/1.2232e-05)
>> epoch [  18/3000], runtime:  2.54s, train loss: 2.7375e-05 (best: 1.4828e-05/1.2232e-05)
>> epoch [  19/3000], runtime: 2.71s, train loss: 1.4754e-05, valid loss: 1.1156e-05 , test loss: 2.0199e-04
>> epoch [  20/3000], runtime:  2.91s, train loss: 1.9297e-05 (best: 1.4754e-05/1.1156e-05)
>> epoch [  21/3000], runtime:  2.89s, train loss: 1.6073e-05 (best: 1.4754e-05/1.1156e-05)
>> epoch [  22/3000], runtime:  2.88s, train loss: 1.2398e-05 (best: 1.4754e-05/1.1156e-05)
>> epoch [  23/3000], runtime:  2.89s, train loss: 1.3864e-05 (best: 1.4754e-05/1.1156e-05)
>> epoch [  24/3000], runtime:  2.87s, train loss: 1.5734e-05 (best: 1.4754e-05/1.1156e-05)
>> epoch [  25/3000], runtime: 2.89s, train loss: 1.1462e-05, valid loss: 1.0653e-05 , test loss: 1.8677e-04
>> epoch [  26/3000], runtime:  2.76s, train loss: 1.3160e-05 (best: 1.1462e-05/1.0653e-05)
>> epoch [  27/3000], runtime:  2.12s, train loss: 1.3901e-05 (best: 1.1462e-05/1.0653e-05)
>> epoch [  28/3000], runtime:  2.85s, train loss: 2.0177e-05 (best: 1.1462e-05/1.0653e-05)
>> epoch [  29/3000], runtime:  2.88s, train loss: 1.5276e-05 (best: 1.1462e-05/1.0653e-05)
>> epoch [  30/3000], runtime: 2.88s, train loss: 7.9420e-06, valid loss: 9.9580e-06 , test loss: 1.8825e-04
>> epoch [  31/3000], runtime:  2.87s, train loss: 1.1035e-05 (best: 7.9420e-06/9.9580e-06)
>> epoch [  32/3000], runtime:  2.88s, train loss: 1.0975e-05 (best: 7.9420e-06/9.9580e-06)
>> epoch [  33/3000], runtime:  2.88s, train loss: 1.4050e-05 (best: 7.9420e-06/9.9580e-06)
>> epoch [  34/3000], runtime:  2.82s, train loss: 8.1628e-06 (best: 7.9420e-06/9.9580e-06)
>> epoch [  35/3000], runtime:  2.51s, train loss: 1.0244e-05 (best: 7.9420e-06/9.9580e-06)
>> epoch [  36/3000], runtime:  2.87s, train loss: 9.4396e-06 (best: 7.9420e-06/9.9580e-06)
>> epoch [  37/3000], runtime:  2.66s, train loss: 1.2349e-05 (best: 7.9420e-06/9.9580e-06)
>> epoch [  38/3000], runtime:  2.53s, train loss: 2.3004e-05 (best: 7.9420e-06/9.9580e-06)
>> epoch [  39/3000], runtime:  2.89s, train loss: 1.4548e-05 (best: 7.9420e-06/9.9580e-06)
>> epoch [  40/3000], runtime:  2.86s, train loss: 1.6208e-05 (best: 7.9420e-06/9.9580e-06)
>> epoch [  41/3000], runtime:  2.90s, train loss: 1.6607e-05 (best: 7.9420e-06/9.9580e-06)
>> epoch [  42/3000], runtime:  2.88s, train loss: 2.3819e-05 (best: 7.9420e-06/9.9580e-06)
>> epoch [  43/3000], runtime:  2.88s, train loss: 1.0784e-05 (best: 7.9420e-06/9.9580e-06)
>> epoch [  44/3000], runtime:  2.88s, train loss: 7.5796e-06 (best: 7.9420e-06/9.9580e-06)
>> epoch [  45/3000], runtime:  2.87s, train loss: 1.2822e-05 (best: 7.9420e-06/9.9580e-06)
>> epoch [  46/3000], runtime:  2.88s, train loss: 1.0656e-05 (best: 7.9420e-06/9.9580e-06)
>> epoch [  47/3000], runtime:  2.88s, train loss: 1.3005e-05 (best: 7.9420e-06/9.9580e-06)
>> epoch [  48/3000], runtime:  2.89s, train loss: 1.4307e-05 (best: 7.9420e-06/9.9580e-06)
>> epoch [  49/3000], runtime: 2.90s, train loss: 6.9045e-06, valid loss: 8.2232e-06 , test loss: 1.5992e-04
>> epoch [  50/3000], runtime:  2.89s, train loss: 7.5691e-06 (best: 6.9045e-06/8.2232e-06)
>> epoch [  51/3000], runtime:  2.88s, train loss: 9.4313e-06 (best: 6.9045e-06/8.2232e-06)
>> epoch [  52/3000], runtime:  2.87s, train loss: 1.3291e-05 (best: 6.9045e-06/8.2232e-06)
>> epoch [  53/3000], runtime:  2.55s, train loss: 1.0849e-05 (best: 6.9045e-06/8.2232e-06)
>> epoch [  54/3000], runtime:  2.74s, train loss: 1.0674e-05 (best: 6.9045e-06/8.2232e-06)
>> epoch [  55/3000], runtime:  2.87s, train loss: 8.7262e-06 (best: 6.9045e-06/8.2232e-06)
>> epoch [  56/3000], runtime:  2.85s, train loss: 1.2333e-05 (best: 6.9045e-06/8.2232e-06)
>> epoch [  57/3000], runtime:  2.44s, train loss: 1.1967e-05 (best: 6.9045e-06/8.2232e-06)
>> epoch [  58/3000], runtime:  2.38s, train loss: 7.2138e-06 (best: 6.9045e-06/8.2232e-06)
>> epoch [  59/3000], runtime:  2.81s, train loss: 1.2251e-05 (best: 6.9045e-06/8.2232e-06)
>> epoch [  60/3000], runtime:  2.88s, train loss: 1.4044e-05 (best: 6.9045e-06/8.2232e-06)
>> epoch [  61/3000], runtime:  2.89s, train loss: 1.4692e-05 (best: 6.9045e-06/8.2232e-06)
>> epoch [  62/3000], runtime:  2.85s, train loss: 9.4992e-06 (best: 6.9045e-06/8.2232e-06)
>> epoch [  63/3000], runtime:  2.46s, train loss: 9.6301e-06 (best: 6.9045e-06/8.2232e-06)
>> epoch [  64/3000], runtime:  2.88s, train loss: 8.7150e-06 (best: 6.9045e-06/8.2232e-06)
>> epoch [  65/3000], runtime:  2.88s, train loss: 8.1898e-06 (best: 6.9045e-06/8.2232e-06)
>> epoch [  66/3000], runtime:  2.87s, train loss: 1.0784e-05 (best: 6.9045e-06/8.2232e-06)
>> epoch [  67/3000], runtime:  2.87s, train loss: 9.2866e-06 (best: 6.9045e-06/8.2232e-06)
>> epoch [  68/3000], runtime: 2.86s, train loss: 6.1397e-06, valid loss: 6.2027e-06 , test loss: 1.4964e-04
>> epoch [  69/3000], runtime:  2.87s, train loss: 5.2636e-06 (best: 6.1397e-06/6.2027e-06)
>> epoch [  70/3000], runtime:  2.66s, train loss: 1.0877e-05 (best: 6.1397e-06/6.2027e-06)
>> epoch [  71/3000], runtime:  2.69s, train loss: 8.9199e-06 (best: 6.1397e-06/6.2027e-06)
>> epoch [  72/3000], runtime:  2.87s, train loss: 1.0053e-05 (best: 6.1397e-06/6.2027e-06)
>> epoch [  73/3000], runtime: 2.89s, train loss: 5.2451e-06, valid loss: 5.0861e-06 , test loss: 1.4590e-04
>> epoch [  74/3000], runtime: 2.75s, train loss: 4.1207e-06, valid loss: 4.9196e-06 , test loss: 1.4661e-04
>> epoch [  75/3000], runtime:  2.49s, train loss: 1.0745e-05 (best: 4.1207e-06/4.9196e-06)
>> epoch [  76/3000], runtime:  2.71s, train loss: 9.2555e-06 (best: 4.1207e-06/4.9196e-06)
>> epoch [  77/3000], runtime:  2.88s, train loss: 1.4573e-05 (best: 4.1207e-06/4.9196e-06)
>> epoch [  78/3000], runtime:  2.87s, train loss: 1.6889e-05 (best: 4.1207e-06/4.9196e-06)
>> epoch [  79/3000], runtime:  2.89s, train loss: 8.2534e-06 (best: 4.1207e-06/4.9196e-06)
>> epoch [  80/3000], runtime:  2.88s, train loss: 8.4155e-06 (best: 4.1207e-06/4.9196e-06)
>> epoch [  81/3000], runtime:  2.87s, train loss: 1.0745e-05 (best: 4.1207e-06/4.9196e-06)
>> epoch [  82/3000], runtime:  2.69s, train loss: 1.2020e-05 (best: 4.1207e-06/4.9196e-06)
>> epoch [  83/3000], runtime:  2.58s, train loss: 8.1183e-06 (best: 4.1207e-06/4.9196e-06)
>> epoch [  84/3000], runtime:  2.88s, train loss: 8.8217e-06 (best: 4.1207e-06/4.9196e-06)
>> epoch [  85/3000], runtime:  2.86s, train loss: 4.9068e-06 (best: 4.1207e-06/4.9196e-06)
>> epoch [  86/3000], runtime:  2.67s, train loss: 1.1709e-05 (best: 4.1207e-06/4.9196e-06)
>> epoch [  87/3000], runtime:  2.35s, train loss: 8.1361e-06 (best: 4.1207e-06/4.9196e-06)
>> epoch [  88/3000], runtime:  2.65s, train loss: 7.4988e-06 (best: 4.1207e-06/4.9196e-06)
>> epoch [  89/3000], runtime:  2.86s, train loss: 8.2240e-06 (best: 4.1207e-06/4.9196e-06)
>> epoch [  90/3000], runtime:  2.89s, train loss: 4.1788e-06 (best: 4.1207e-06/4.9196e-06)
>> epoch [  91/3000], runtime:  2.89s, train loss: 5.6339e-06 (best: 4.1207e-06/4.9196e-06)
>> epoch [  92/3000], runtime:  2.88s, train loss: 7.1326e-06 (best: 4.1207e-06/4.9196e-06)
>> epoch [  93/3000], runtime:  2.90s, train loss: 6.5559e-06 (best: 4.1207e-06/4.9196e-06)
>> epoch [  94/3000], runtime:  2.88s, train loss: 4.1127e-06 (best: 4.1207e-06/4.9196e-06)
>> epoch [  95/3000], runtime:  2.88s, train loss: 5.3626e-06 (best: 4.1207e-06/4.9196e-06)
>> epoch [  96/3000], runtime:  2.88s, train loss: 6.4060e-06 (best: 4.1207e-06/4.9196e-06)
>> epoch [  97/3000], runtime:  2.87s, train loss: 5.6085e-06 (best: 4.1207e-06/4.9196e-06)
>> epoch [  98/3000], runtime:  2.89s, train loss: 6.9527e-06 (best: 4.1207e-06/4.9196e-06)
>> epoch [  99/3000], runtime:  2.48s, train loss: 1.0674e-05 (best: 4.1207e-06/4.9196e-06)
>> epoch [ 100/3000], runtime:  2.85s, train loss: 1.1689e-05 (best: 4.1207e-06/4.9196e-06)
>> epoch [ 101/3000], runtime:  2.88s, train loss: 1.7384e-05 (best: 4.1207e-06/4.9196e-06)
>> epoch [ 102/3000], runtime:  2.87s, train loss: 8.6448e-06 (best: 4.1207e-06/4.9196e-06)
>> epoch [ 103/3000], runtime:  2.89s, train loss: 5.8726e-06 (best: 4.1207e-06/4.9196e-06)
>> epoch [ 104/3000], runtime:  2.45s, train loss: 7.7560e-06 (best: 4.1207e-06/4.9196e-06)
>> epoch [ 105/3000], runtime:  2.90s, train loss: 6.1920e-06 (best: 4.1207e-06/4.9196e-06)
>> epoch [ 106/3000], runtime:  2.89s, train loss: 7.0990e-06 (best: 4.1207e-06/4.9196e-06)
>> epoch [ 107/3000], runtime:  2.91s, train loss: 6.7925e-06 (best: 4.1207e-06/4.9196e-06)
>> epoch [ 108/3000], runtime:  2.90s, train loss: 1.0020e-05 (best: 4.1207e-06/4.9196e-06)
>> epoch [ 109/3000], runtime:  2.42s, train loss: 8.3186e-06 (best: 4.1207e-06/4.9196e-06)
>> epoch [ 110/3000], runtime:  2.88s, train loss: 8.6421e-06 (best: 4.1207e-06/4.9196e-06)
>> epoch [ 111/3000], runtime:  2.88s, train loss: 8.5027e-06 (best: 4.1207e-06/4.9196e-06)
>> epoch [ 112/3000], runtime:  2.87s, train loss: 1.0122e-05 (best: 4.1207e-06/4.9196e-06)
>> epoch [ 113/3000], runtime:  2.87s, train loss: 5.4056e-06 (best: 4.1207e-06/4.9196e-06)
>> epoch [ 114/3000], runtime:  2.47s, train loss: 6.6581e-06 (best: 4.1207e-06/4.9196e-06)
>> epoch [ 115/3000], runtime:  2.88s, train loss: 4.4504e-06 (best: 4.1207e-06/4.9196e-06)
>> epoch [ 116/3000], runtime:  2.87s, train loss: 4.3595e-06 (best: 4.1207e-06/4.9196e-06)
>> epoch [ 117/3000], runtime:  2.88s, train loss: 4.2745e-06 (best: 4.1207e-06/4.9196e-06)
>> epoch [ 118/3000], runtime:  2.88s, train loss: 6.1641e-06 (best: 4.1207e-06/4.9196e-06)
>> epoch [ 119/3000], runtime:  2.90s, train loss: 5.2478e-06 (best: 4.1207e-06/4.9196e-06)
>> epoch [ 120/3000], runtime:  2.89s, train loss: 4.3086e-06 (best: 4.1207e-06/4.9196e-06)
>> epoch [ 121/3000], runtime:  2.88s, train loss: 4.7902e-06 (best: 4.1207e-06/4.9196e-06)
>> epoch [ 122/3000], runtime:  2.86s, train loss: 5.9319e-06 (best: 4.1207e-06/4.9196e-06)
>> epoch [ 123/3000], runtime:  2.87s, train loss: 5.5902e-06 (best: 4.1207e-06/4.9196e-06)
>> epoch [ 124/3000], runtime: 2.88s, train loss: 3.2886e-06, valid loss: 3.8478e-06 , test loss: 1.2891e-04
>> epoch [ 125/3000], runtime:  2.45s, train loss: 4.3569e-06 (best: 3.2886e-06/3.8478e-06)
>> epoch [ 126/3000], runtime:  2.85s, train loss: 4.9205e-06 (best: 3.2886e-06/3.8478e-06)
>> epoch [ 127/3000], runtime:  2.86s, train loss: 5.4950e-06 (best: 3.2886e-06/3.8478e-06)
>> epoch [ 128/3000], runtime:  2.88s, train loss: 4.9756e-06 (best: 3.2886e-06/3.8478e-06)
>> epoch [ 129/3000], runtime:  2.88s, train loss: 3.4550e-06 (best: 3.2886e-06/3.8478e-06)
>> epoch [ 130/3000], runtime:  2.89s, train loss: 5.1701e-06 (best: 3.2886e-06/3.8478e-06)
>> epoch [ 131/3000], runtime:  2.87s, train loss: 5.8284e-06 (best: 3.2886e-06/3.8478e-06)
>> epoch [ 132/3000], runtime:  2.88s, train loss: 4.0228e-06 (best: 3.2886e-06/3.8478e-06)
>> epoch [ 133/3000], runtime:  2.88s, train loss: 3.3178e-06 (best: 3.2886e-06/3.8478e-06)
>> epoch [ 134/3000], runtime:  2.88s, train loss: 3.7844e-06 (best: 3.2886e-06/3.8478e-06)
>> epoch [ 135/3000], runtime:  2.85s, train loss: 4.9276e-06 (best: 3.2886e-06/3.8478e-06)
>> epoch [ 136/3000], runtime:  2.56s, train loss: 4.4256e-06 (best: 3.2886e-06/3.8478e-06)
>> epoch [ 137/3000], runtime:  2.65s, train loss: 4.4811e-06 (best: 3.2886e-06/3.8478e-06)
>> epoch [ 138/3000], runtime:  2.89s, train loss: 3.6468e-06 (best: 3.2886e-06/3.8478e-06)
>> epoch [ 139/3000], runtime:  2.88s, train loss: 3.3805e-06 (best: 3.2886e-06/3.8478e-06)
>> epoch [ 140/3000], runtime:  2.87s, train loss: 5.5570e-06 (best: 3.2886e-06/3.8478e-06)
>> epoch [ 141/3000], runtime:  2.87s, train loss: 4.3517e-06 (best: 3.2886e-06/3.8478e-06)
>> epoch [ 142/3000], runtime:  2.88s, train loss: 3.9959e-06 (best: 3.2886e-06/3.8478e-06)
>> epoch [ 143/3000], runtime:  2.89s, train loss: 3.5780e-06 (best: 3.2886e-06/3.8478e-06)
>> epoch [ 144/3000], runtime:  2.88s, train loss: 3.0121e-06 (best: 3.2886e-06/3.8478e-06)
>> epoch [ 145/3000], runtime:  2.86s, train loss: 4.7965e-06 (best: 3.2886e-06/3.8478e-06)
>> epoch [ 146/3000], runtime:  2.88s, train loss: 3.6492e-06 (best: 3.2886e-06/3.8478e-06)
>> epoch [ 147/3000], runtime:  2.88s, train loss: 3.1794e-06 (best: 3.2886e-06/3.8478e-06)
>> epoch [ 148/3000], runtime:  2.89s, train loss: 4.6633e-06 (best: 3.2886e-06/3.8478e-06)
>> epoch [ 149/3000], runtime:  2.89s, train loss: 3.7559e-06 (best: 3.2886e-06/3.8478e-06)
>> epoch [ 150/3000], runtime:  2.88s, train loss: 3.5155e-06 (best: 3.2886e-06/3.8478e-06)
>> epoch [ 151/3000], runtime:  2.88s, train loss: 4.3030e-06 (best: 3.2886e-06/3.8478e-06)
>> epoch [ 152/3000], runtime:  2.88s, train loss: 2.6493e-06 (best: 3.2886e-06/3.8478e-06)
>> epoch [ 153/3000], runtime:  2.90s, train loss: 4.7942e-06 (best: 3.2886e-06/3.8478e-06)
>> epoch [ 154/3000], runtime:  2.86s, train loss: 4.1960e-06 (best: 3.2886e-06/3.8478e-06)
>> epoch [ 155/3000], runtime:  2.89s, train loss: 5.0262e-06 (best: 3.2886e-06/3.8478e-06)
>> epoch [ 156/3000], runtime:  2.88s, train loss: 4.1615e-06 (best: 3.2886e-06/3.8478e-06)
>> epoch [ 157/3000], runtime: 2.88s, train loss: 2.7458e-06, valid loss: 3.5581e-06 , test loss: 1.4576e-04
>> epoch [ 158/3000], runtime:  2.89s, train loss: 6.4332e-06 (best: 2.7458e-06/3.5581e-06)
>> epoch [ 159/3000], runtime:  2.87s, train loss: 4.3785e-06 (best: 2.7458e-06/3.5581e-06)
>> epoch [ 160/3000], runtime:  2.66s, train loss: 4.0428e-06 (best: 2.7458e-06/3.5581e-06)
>> epoch [ 161/3000], runtime:  2.62s, train loss: 4.3018e-06 (best: 2.7458e-06/3.5581e-06)
>> epoch [ 162/3000], runtime:  2.87s, train loss: 2.8130e-06 (best: 2.7458e-06/3.5581e-06)
>> epoch [ 163/3000], runtime:  2.89s, train loss: 3.4924e-06 (best: 2.7458e-06/3.5581e-06)
>> epoch [ 164/3000], runtime:  2.85s, train loss: 4.0437e-06 (best: 2.7458e-06/3.5581e-06)
>> epoch [ 165/3000], runtime:  2.62s, train loss: 4.0172e-06 (best: 2.7458e-06/3.5581e-06)
>> epoch [ 166/3000], runtime:  2.65s, train loss: 5.2931e-06 (best: 2.7458e-06/3.5581e-06)
>> epoch [ 167/3000], runtime:  2.89s, train loss: 4.1012e-06 (best: 2.7458e-06/3.5581e-06)
>> epoch [ 168/3000], runtime:  2.87s, train loss: 4.0708e-06 (best: 2.7458e-06/3.5581e-06)
>> epoch [ 169/3000], runtime:  2.88s, train loss: 3.5014e-06 (best: 2.7458e-06/3.5581e-06)
>> epoch [ 170/3000], runtime:  2.88s, train loss: 2.8854e-06 (best: 2.7458e-06/3.5581e-06)
>> epoch [ 171/3000], runtime:  2.88s, train loss: 3.3972e-06 (best: 2.7458e-06/3.5581e-06)
>> epoch [ 172/3000], runtime:  2.89s, train loss: 3.3407e-06 (best: 2.7458e-06/3.5581e-06)
>> epoch [ 173/3000], runtime: 2.88s, train loss: 2.7028e-06, valid loss: 2.6120e-06 , test loss: 1.1411e-04
>> epoch [ 174/3000], runtime:  2.89s, train loss: 2.7455e-06 (best: 2.7028e-06/2.6120e-06)
>> epoch [ 175/3000], runtime:  2.87s, train loss: 4.1647e-06 (best: 2.7028e-06/2.6120e-06)
>> epoch [ 176/3000], runtime:  2.88s, train loss: 3.2172e-06 (best: 2.7028e-06/2.6120e-06)
>> epoch [ 177/3000], runtime:  2.89s, train loss: 3.2137e-06 (best: 2.7028e-06/2.6120e-06)
>> epoch [ 178/3000], runtime:  2.89s, train loss: 3.0326e-06 (best: 2.7028e-06/2.6120e-06)
>> epoch [ 179/3000], runtime:  2.89s, train loss: 3.0709e-06 (best: 2.7028e-06/2.6120e-06)
>> epoch [ 180/3000], runtime:  2.87s, train loss: 4.7614e-06 (best: 2.7028e-06/2.6120e-06)
>> epoch [ 181/3000], runtime:  2.88s, train loss: 4.1949e-06 (best: 2.7028e-06/2.6120e-06)
>> epoch [ 182/3000], runtime:  2.88s, train loss: 3.3760e-06 (best: 2.7028e-06/2.6120e-06)
>> epoch [ 183/3000], runtime:  2.88s, train loss: 2.7132e-06 (best: 2.7028e-06/2.6120e-06)
>> epoch [ 184/3000], runtime:  2.91s, train loss: 3.1586e-06 (best: 2.7028e-06/2.6120e-06)
>> epoch [ 185/3000], runtime:  2.87s, train loss: 2.7370e-06 (best: 2.7028e-06/2.6120e-06)
>> epoch [ 186/3000], runtime:  2.89s, train loss: 2.9832e-06 (best: 2.7028e-06/2.6120e-06)
>> epoch [ 187/3000], runtime: 2.88s, train loss: 2.2862e-06, valid loss: 2.4239e-06 , test loss: 1.1326e-04
>> epoch [ 188/3000], runtime:  2.89s, train loss: 2.5316e-06 (best: 2.2862e-06/2.4239e-06)
>> epoch [ 189/3000], runtime:  2.88s, train loss: 3.0965e-06 (best: 2.2862e-06/2.4239e-06)
>> epoch [ 190/3000], runtime:  2.70s, train loss: 3.6000e-06 (best: 2.2862e-06/2.4239e-06)
>> epoch [ 191/3000], runtime:  2.33s, train loss: 3.3257e-06 (best: 2.2862e-06/2.4239e-06)
>> epoch [ 192/3000], runtime:  2.59s, train loss: 3.0451e-06 (best: 2.2862e-06/2.4239e-06)
>> epoch [ 193/3000], runtime:  2.89s, train loss: 2.7585e-06 (best: 2.2862e-06/2.4239e-06)
>> epoch [ 194/3000], runtime:  2.90s, train loss: 2.6414e-06 (best: 2.2862e-06/2.4239e-06)
>> epoch [ 195/3000], runtime:  2.88s, train loss: 3.2475e-06 (best: 2.2862e-06/2.4239e-06)
>> epoch [ 196/3000], runtime:  2.88s, train loss: 2.7993e-06 (best: 2.2862e-06/2.4239e-06)
>> epoch [ 197/3000], runtime:  2.88s, train loss: 3.3875e-06 (best: 2.2862e-06/2.4239e-06)
>> epoch [ 198/3000], runtime:  2.89s, train loss: 2.6415e-06 (best: 2.2862e-06/2.4239e-06)
>> epoch [ 199/3000], runtime:  2.88s, train loss: 2.7418e-06 (best: 2.2862e-06/2.4239e-06)
>> epoch [ 200/3000], runtime:  2.88s, train loss: 3.0109e-06 (best: 2.2862e-06/2.4239e-06)
>> epoch [ 201/3000], runtime:  2.85s, train loss: 3.3405e-06 (best: 2.2862e-06/2.4239e-06)
>> epoch [ 202/3000], runtime:  2.42s, train loss: 2.5014e-06 (best: 2.2862e-06/2.4239e-06)
>> epoch [ 203/3000], runtime:  2.77s, train loss: 2.4989e-06 (best: 2.2862e-06/2.4239e-06)
>> epoch [ 204/3000], runtime:  2.89s, train loss: 2.7190e-06 (best: 2.2862e-06/2.4239e-06)
>> epoch [ 205/3000], runtime:  2.89s, train loss: 2.8973e-06 (best: 2.2862e-06/2.4239e-06)
>> epoch [ 206/3000], runtime:  2.88s, train loss: 2.8275e-06 (best: 2.2862e-06/2.4239e-06)
>> epoch [ 207/3000], runtime:  2.84s, train loss: 2.7524e-06 (best: 2.2862e-06/2.4239e-06)
>> epoch [ 208/3000], runtime:  2.49s, train loss: 2.7622e-06 (best: 2.2862e-06/2.4239e-06)
>> epoch [ 209/3000], runtime:  2.88s, train loss: 2.1931e-06 (best: 2.2862e-06/2.4239e-06)
>> epoch [ 210/3000], runtime: 2.88s, train loss: 2.1816e-06, valid loss: 2.3267e-06 , test loss: 1.1168e-04
>> epoch [ 211/3000], runtime:  2.56s, train loss: 2.9374e-06 (best: 2.1816e-06/2.3267e-06)
>> epoch [ 212/3000], runtime:  2.83s, train loss: 2.5814e-06 (best: 2.1816e-06/2.3267e-06)
>> epoch [ 213/3000], runtime:  2.86s, train loss: 2.4618e-06 (best: 2.1816e-06/2.3267e-06)
>> epoch [ 214/3000], runtime:  2.88s, train loss: 2.3720e-06 (best: 2.1816e-06/2.3267e-06)
>> epoch [ 215/3000], runtime:  2.87s, train loss: 2.4327e-06 (best: 2.1816e-06/2.3267e-06)
>> epoch [ 216/3000], runtime:  2.89s, train loss: 2.5283e-06 (best: 2.1816e-06/2.3267e-06)
>> epoch [ 217/3000], runtime:  2.88s, train loss: 3.6887e-06 (best: 2.1816e-06/2.3267e-06)
>> epoch [ 218/3000], runtime:  2.89s, train loss: 2.3000e-06 (best: 2.1816e-06/2.3267e-06)
>> epoch [ 219/3000], runtime:  2.91s, train loss: 2.0557e-06 (best: 2.1816e-06/2.3267e-06)
>> epoch [ 220/3000], runtime:  2.58s, train loss: 2.5400e-06 (best: 2.1816e-06/2.3267e-06)
>> epoch [ 221/3000], runtime:  2.52s, train loss: 2.3187e-06 (best: 2.1816e-06/2.3267e-06)
>> epoch [ 222/3000], runtime:  2.90s, train loss: 2.4010e-06 (best: 2.1816e-06/2.3267e-06)
>> epoch [ 223/3000], runtime:  2.87s, train loss: 3.3824e-06 (best: 2.1816e-06/2.3267e-06)
>> epoch [ 224/3000], runtime:  2.45s, train loss: 2.4061e-06 (best: 2.1816e-06/2.3267e-06)
>> epoch [ 225/3000], runtime:  2.87s, train loss: 2.2466e-06 (best: 2.1816e-06/2.3267e-06)
>> epoch [ 226/3000], runtime:  2.87s, train loss: 2.2408e-06 (best: 2.1816e-06/2.3267e-06)
>> epoch [ 227/3000], runtime:  2.88s, train loss: 2.1677e-06 (best: 2.1816e-06/2.3267e-06)
>> epoch [ 228/3000], runtime:  2.62s, train loss: 2.0624e-06 (best: 2.1816e-06/2.3267e-06)
>> epoch [ 229/3000], runtime:  2.88s, train loss: 2.2611e-06 (best: 2.1816e-06/2.3267e-06)
>> epoch [ 230/3000], runtime:  2.88s, train loss: 2.2468e-06 (best: 2.1816e-06/2.3267e-06)
>> epoch [ 231/3000], runtime:  2.89s, train loss: 2.1883e-06 (best: 2.1816e-06/2.3267e-06)
>> epoch [ 232/3000], runtime:  2.67s, train loss: 2.1928e-06 (best: 2.1816e-06/2.3267e-06)
>> epoch [ 233/3000], runtime:  2.64s, train loss: 2.1825e-06 (best: 2.1816e-06/2.3267e-06)
>> epoch [ 234/3000], runtime:  2.87s, train loss: 2.3842e-06 (best: 2.1816e-06/2.3267e-06)
>> epoch [ 235/3000], runtime: 2.87s, train loss: 2.0785e-06, valid loss: 2.2496e-06 , test loss: 1.1760e-04
>> epoch [ 236/3000], runtime:  2.82s, train loss: 2.0938e-06 (best: 2.0785e-06/2.2496e-06)
>> epoch [ 237/3000], runtime:  2.56s, train loss: 2.3532e-06 (best: 2.0785e-06/2.2496e-06)
>> epoch [ 238/3000], runtime:  2.84s, train loss: 2.3293e-06 (best: 2.0785e-06/2.2496e-06)
>> epoch [ 239/3000], runtime:  2.43s, train loss: 2.1539e-06 (best: 2.0785e-06/2.2496e-06)
>> epoch [ 240/3000], runtime:  2.75s, train loss: 2.8931e-06 (best: 2.0785e-06/2.2496e-06)
>> epoch [ 241/3000], runtime:  2.74s, train loss: 2.4036e-06 (best: 2.0785e-06/2.2496e-06)
>> epoch [ 242/3000], runtime:  2.60s, train loss: 2.1172e-06 (best: 2.0785e-06/2.2496e-06)
>> epoch [ 243/3000], runtime:  2.89s, train loss: 2.3398e-06 (best: 2.0785e-06/2.2496e-06)
>> epoch [ 244/3000], runtime:  2.87s, train loss: 2.2970e-06 (best: 2.0785e-06/2.2496e-06)
>> epoch [ 245/3000], runtime:  2.89s, train loss: 2.0520e-06 (best: 2.0785e-06/2.2496e-06)
>> epoch [ 246/3000], runtime:  2.90s, train loss: 2.1830e-06 (best: 2.0785e-06/2.2496e-06)
>> epoch [ 247/3000], runtime:  2.88s, train loss: 2.4182e-06 (best: 2.0785e-06/2.2496e-06)
>> epoch [ 248/3000], runtime:  2.87s, train loss: 2.1585e-06 (best: 2.0785e-06/2.2496e-06)
>> epoch [ 249/3000], runtime:  2.91s, train loss: 1.9953e-06 (best: 2.0785e-06/2.2496e-06)
>> epoch [ 250/3000], runtime:  2.89s, train loss: 2.2212e-06 (best: 2.0785e-06/2.2496e-06)
>> epoch [ 251/3000], runtime:  2.87s, train loss: 2.2342e-06 (best: 2.0785e-06/2.2496e-06)
>> epoch [ 252/3000], runtime:  2.77s, train loss: 2.1690e-06 (best: 2.0785e-06/2.2496e-06)
>> epoch [ 253/3000], runtime:  2.55s, train loss: 2.8645e-06 (best: 2.0785e-06/2.2496e-06)
>> epoch [ 254/3000], runtime:  2.88s, train loss: 2.3780e-06 (best: 2.0785e-06/2.2496e-06)
>> epoch [ 255/3000], runtime: 2.89s, train loss: 2.0246e-06, valid loss: 2.0595e-06 , test loss: 1.1318e-04
>> epoch [ 256/3000], runtime:  2.88s, train loss: 2.3083e-06 (best: 2.0246e-06/2.0595e-06)
>> epoch [ 257/3000], runtime:  2.66s, train loss: 2.3130e-06 (best: 2.0246e-06/2.0595e-06)
>> epoch [ 258/3000], runtime:  2.49s, train loss: 2.1666e-06 (best: 2.0246e-06/2.0595e-06)
>> epoch [ 259/3000], runtime:  2.88s, train loss: 1.9713e-06 (best: 2.0246e-06/2.0595e-06)
>> epoch [ 260/3000], runtime:  2.99s, train loss: 1.9667e-06 (best: 2.0246e-06/2.0595e-06)
>> epoch [ 261/3000], runtime:  2.92s, train loss: 2.1438e-06 (best: 2.0246e-06/2.0595e-06)
>> epoch [ 262/3000], runtime:  2.91s, train loss: 1.9752e-06 (best: 2.0246e-06/2.0595e-06)
>> epoch [ 263/3000], runtime:  2.80s, train loss: 2.7640e-06 (best: 2.0246e-06/2.0595e-06)
>> epoch [ 264/3000], runtime:  2.87s, train loss: 2.8108e-06 (best: 2.0246e-06/2.0595e-06)
>> epoch [ 265/3000], runtime:  2.89s, train loss: 2.7809e-06 (best: 2.0246e-06/2.0595e-06)
>> epoch [ 266/3000], runtime:  2.89s, train loss: 2.5356e-06 (best: 2.0246e-06/2.0595e-06)
>> epoch [ 267/3000], runtime:  2.43s, train loss: 2.2020e-06 (best: 2.0246e-06/2.0595e-06)
>> epoch [ 268/3000], runtime:  2.88s, train loss: 2.3472e-06 (best: 2.0246e-06/2.0595e-06)
>> epoch [ 269/3000], runtime:  2.88s, train loss: 2.3640e-06 (best: 2.0246e-06/2.0595e-06)
>> epoch [ 270/3000], runtime:  2.89s, train loss: 1.9790e-06 (best: 2.0246e-06/2.0595e-06)
>> epoch [ 271/3000], runtime: 2.60s, train loss: 1.8513e-06, valid loss: 2.0516e-06 , test loss: 1.1139e-04
>> epoch [ 272/3000], runtime:  2.88s, train loss: 1.9875e-06 (best: 1.8513e-06/2.0516e-06)
>> epoch [ 273/3000], runtime:  2.88s, train loss: 1.9613e-06 (best: 1.8513e-06/2.0516e-06)
>> epoch [ 274/3000], runtime:  2.71s, train loss: 1.9328e-06 (best: 1.8513e-06/2.0516e-06)
>> epoch [ 275/3000], runtime:  2.28s, train loss: 2.0655e-06 (best: 1.8513e-06/2.0516e-06)
>> epoch [ 276/3000], runtime:  2.65s, train loss: 2.1374e-06 (best: 1.8513e-06/2.0516e-06)
>> epoch [ 277/3000], runtime:  2.89s, train loss: 2.0645e-06 (best: 1.8513e-06/2.0516e-06)
>> epoch [ 278/3000], runtime:  2.89s, train loss: 1.9317e-06 (best: 1.8513e-06/2.0516e-06)
>> epoch [ 279/3000], runtime:  2.88s, train loss: 2.2203e-06 (best: 1.8513e-06/2.0516e-06)
>> epoch [ 280/3000], runtime:  2.92s, train loss: 2.0381e-06 (best: 1.8513e-06/2.0516e-06)
>> epoch [ 281/3000], runtime:  2.88s, train loss: 1.9535e-06 (best: 1.8513e-06/2.0516e-06)
>> epoch [ 282/3000], runtime:  2.89s, train loss: 2.0424e-06 (best: 1.8513e-06/2.0516e-06)
>> epoch [ 283/3000], runtime:  2.89s, train loss: 1.9576e-06 (best: 1.8513e-06/2.0516e-06)
>> epoch [ 284/3000], runtime:  2.87s, train loss: 2.0830e-06 (best: 1.8513e-06/2.0516e-06)
>> epoch [ 285/3000], runtime:  2.88s, train loss: 2.0221e-06 (best: 1.8513e-06/2.0516e-06)
>> epoch [ 286/3000], runtime:  2.88s, train loss: 1.9133e-06 (best: 1.8513e-06/2.0516e-06)
>> epoch [ 287/3000], runtime:  2.90s, train loss: 2.0326e-06 (best: 1.8513e-06/2.0516e-06)
>> epoch [ 288/3000], runtime:  2.42s, train loss: 2.0409e-06 (best: 1.8513e-06/2.0516e-06)
>> epoch [ 289/3000], runtime:  2.89s, train loss: 2.6098e-06 (best: 1.8513e-06/2.0516e-06)
>> epoch [ 290/3000], runtime:  2.88s, train loss: 2.4037e-06 (best: 1.8513e-06/2.0516e-06)
>> epoch [ 291/3000], runtime:  2.88s, train loss: 1.8670e-06 (best: 1.8513e-06/2.0516e-06)
>> epoch [ 292/3000], runtime:  2.87s, train loss: 1.8665e-06 (best: 1.8513e-06/2.0516e-06)
>> epoch [ 293/3000], runtime:  2.89s, train loss: 2.1012e-06 (best: 1.8513e-06/2.0516e-06)
>> epoch [ 294/3000], runtime:  2.86s, train loss: 1.8750e-06 (best: 1.8513e-06/2.0516e-06)
>> epoch [ 295/3000], runtime:  2.89s, train loss: 2.0503e-06 (best: 1.8513e-06/2.0516e-06)
>> epoch [ 296/3000], runtime:  2.90s, train loss: 2.0410e-06 (best: 1.8513e-06/2.0516e-06)
>> epoch [ 297/3000], runtime: 2.89s, train loss: 1.7898e-06, valid loss: 2.0381e-06 , test loss: 1.1562e-04
>> epoch [ 298/3000], runtime:  2.88s, train loss: 2.0979e-06 (best: 1.7898e-06/2.0381e-06)
>> epoch [ 299/3000], runtime:  2.77s, train loss: 2.0843e-06 (best: 1.7898e-06/2.0381e-06)
>> epoch [ 300/3000], runtime:  2.65s, train loss: 1.7775e-06 (best: 1.7898e-06/2.0381e-06)
>> epoch [ 301/3000], runtime:  2.88s, train loss: 1.8353e-06 (best: 1.7898e-06/2.0381e-06)
>> epoch [ 302/3000], runtime:  2.88s, train loss: 2.0194e-06 (best: 1.7898e-06/2.0381e-06)
>> epoch [ 303/3000], runtime:  2.87s, train loss: 2.3567e-06 (best: 1.7898e-06/2.0381e-06)
>> epoch [ 304/3000], runtime:  2.88s, train loss: 1.9383e-06 (best: 1.7898e-06/2.0381e-06)
>> epoch [ 305/3000], runtime:  2.89s, train loss: 1.7931e-06 (best: 1.7898e-06/2.0381e-06)
>> epoch [ 306/3000], runtime:  2.87s, train loss: 2.0065e-06 (best: 1.7898e-06/2.0381e-06)
>> epoch [ 307/3000], runtime:  2.68s, train loss: 1.8183e-06 (best: 1.7898e-06/2.0381e-06)
>> epoch [ 308/3000], runtime:  2.60s, train loss: 1.8347e-06 (best: 1.7898e-06/2.0381e-06)
>> epoch [ 309/3000], runtime:  2.90s, train loss: 1.9298e-06 (best: 1.7898e-06/2.0381e-06)
>> epoch [ 310/3000], runtime:  2.88s, train loss: 1.9708e-06 (best: 1.7898e-06/2.0381e-06)
>> epoch [ 311/3000], runtime:  2.90s, train loss: 2.0692e-06 (best: 1.7898e-06/2.0381e-06)
>> epoch [ 312/3000], runtime:  2.43s, train loss: 2.1211e-06 (best: 1.7898e-06/2.0381e-06)
>> epoch [ 313/3000], runtime:  2.37s, train loss: 2.1769e-06 (best: 1.7898e-06/2.0381e-06)
>> epoch [ 314/3000], runtime:  2.88s, train loss: 1.9623e-06 (best: 1.7898e-06/2.0381e-06)
>> epoch [ 315/3000], runtime:  2.88s, train loss: 1.9813e-06 (best: 1.7898e-06/2.0381e-06)
>> epoch [ 316/3000], runtime:  2.90s, train loss: 1.8370e-06 (best: 1.7898e-06/2.0381e-06)
>> epoch [ 317/3000], runtime: 2.89s, train loss: 1.7040e-06, valid loss: 1.9496e-06 , test loss: 1.1547e-04
>> epoch [ 318/3000], runtime:  2.88s, train loss: 2.0208e-06 (best: 1.7040e-06/1.9496e-06)
>> epoch [ 319/3000], runtime:  2.88s, train loss: 2.1551e-06 (best: 1.7040e-06/1.9496e-06)
>> epoch [ 320/3000], runtime:  2.90s, train loss: 1.8279e-06 (best: 1.7040e-06/1.9496e-06)
>> epoch [ 321/3000], runtime:  2.89s, train loss: 2.0958e-06 (best: 1.7040e-06/1.9496e-06)
>> epoch [ 322/3000], runtime:  2.82s, train loss: 1.7810e-06 (best: 1.7040e-06/1.9496e-06)
>> epoch [ 323/3000], runtime:  2.49s, train loss: 1.7738e-06 (best: 1.7040e-06/1.9496e-06)
>> epoch [ 324/3000], runtime:  2.71s, train loss: 1.7971e-06 (best: 1.7040e-06/1.9496e-06)
>> epoch [ 325/3000], runtime:  2.90s, train loss: 1.7812e-06 (best: 1.7040e-06/1.9496e-06)
>> epoch [ 326/3000], runtime:  2.90s, train loss: 1.8726e-06 (best: 1.7040e-06/1.9496e-06)
>> epoch [ 327/3000], runtime:  2.89s, train loss: 1.8120e-06 (best: 1.7040e-06/1.9496e-06)
>> epoch [ 328/3000], runtime:  2.87s, train loss: 1.8862e-06 (best: 1.7040e-06/1.9496e-06)
>> epoch [ 329/3000], runtime:  2.89s, train loss: 1.6744e-06 (best: 1.7040e-06/1.9496e-06)
>> epoch [ 330/3000], runtime:  2.91s, train loss: 1.7276e-06 (best: 1.7040e-06/1.9496e-06)
>> epoch [ 331/3000], runtime:  2.90s, train loss: 1.7890e-06 (best: 1.7040e-06/1.9496e-06)
>> epoch [ 332/3000], runtime:  2.88s, train loss: 1.7499e-06 (best: 1.7040e-06/1.9496e-06)
>> epoch [ 333/3000], runtime:  2.71s, train loss: 1.7347e-06 (best: 1.7040e-06/1.9496e-06)
>> epoch [ 334/3000], runtime:  2.37s, train loss: 1.7223e-06 (best: 1.7040e-06/1.9496e-06)
>> epoch [ 335/3000], runtime:  2.62s, train loss: 1.8880e-06 (best: 1.7040e-06/1.9496e-06)
>> epoch [ 336/3000], runtime:  2.89s, train loss: 1.8718e-06 (best: 1.7040e-06/1.9496e-06)
>> epoch [ 337/3000], runtime:  2.89s, train loss: 1.9446e-06 (best: 1.7040e-06/1.9496e-06)
>> epoch [ 338/3000], runtime:  2.88s, train loss: 1.9200e-06 (best: 1.7040e-06/1.9496e-06)
>> epoch [ 339/3000], runtime:  2.68s, train loss: 1.8036e-06 (best: 1.7040e-06/1.9496e-06)
>> epoch [ 340/3000], runtime:  2.68s, train loss: 1.7293e-06 (best: 1.7040e-06/1.9496e-06)
>> epoch [ 341/3000], runtime:  2.89s, train loss: 1.9965e-06 (best: 1.7040e-06/1.9496e-06)
>> epoch [ 342/3000], runtime:  2.87s, train loss: 1.7700e-06 (best: 1.7040e-06/1.9496e-06)
>> epoch [ 343/3000], runtime: 2.88s, train loss: 1.6933e-06, valid loss: 1.9264e-06 , test loss: 1.1581e-04
>> epoch [ 344/3000], runtime:  2.23s, train loss: 1.7264e-06 (best: 1.6933e-06/1.9264e-06)
>> epoch [ 345/3000], runtime:  2.67s, train loss: 1.8487e-06 (best: 1.6933e-06/1.9264e-06)
>> epoch [ 346/3000], runtime:  2.90s, train loss: 1.9616e-06 (best: 1.6933e-06/1.9264e-06)
>> epoch [ 347/3000], runtime:  2.91s, train loss: 1.9416e-06 (best: 1.6933e-06/1.9264e-06)
>> epoch [ 348/3000], runtime:  2.87s, train loss: 1.7089e-06 (best: 1.6933e-06/1.9264e-06)
>> epoch [ 349/3000], runtime:  2.88s, train loss: 1.8305e-06 (best: 1.6933e-06/1.9264e-06)
>> epoch [ 350/3000], runtime:  2.89s, train loss: 1.9014e-06 (best: 1.6933e-06/1.9264e-06)
>> epoch [ 351/3000], runtime:  2.90s, train loss: 1.7581e-06 (best: 1.6933e-06/1.9264e-06)
>> epoch [ 352/3000], runtime:  2.56s, train loss: 1.6764e-06 (best: 1.6933e-06/1.9264e-06)
>> epoch [ 353/3000], runtime:  2.89s, train loss: 1.7930e-06 (best: 1.6933e-06/1.9264e-06)
>> epoch [ 354/3000], runtime:  2.89s, train loss: 1.7386e-06 (best: 1.6933e-06/1.9264e-06)
>> epoch [ 355/3000], runtime:  2.89s, train loss: 1.6991e-06 (best: 1.6933e-06/1.9264e-06)
>> epoch [ 356/3000], runtime:  2.63s, train loss: 1.7219e-06 (best: 1.6933e-06/1.9264e-06)
>> epoch [ 357/3000], runtime:  2.66s, train loss: 1.7354e-06 (best: 1.6933e-06/1.9264e-06)
>> epoch [ 358/3000], runtime:  2.89s, train loss: 1.7247e-06 (best: 1.6933e-06/1.9264e-06)
>> epoch [ 359/3000], runtime:  2.89s, train loss: 1.7453e-06 (best: 1.6933e-06/1.9264e-06)
>> epoch [ 360/3000], runtime:  2.89s, train loss: 1.8338e-06 (best: 1.6933e-06/1.9264e-06)
>> epoch [ 361/3000], runtime:  2.61s, train loss: 1.7331e-06 (best: 1.6933e-06/1.9264e-06)
>> epoch [ 362/3000], runtime:  2.73s, train loss: 2.0084e-06 (best: 1.6933e-06/1.9264e-06)
>> epoch [ 363/3000], runtime:  2.84s, train loss: 1.7762e-06 (best: 1.6933e-06/1.9264e-06)
>> epoch [ 364/3000], runtime:  2.45s, train loss: 1.7227e-06 (best: 1.6933e-06/1.9264e-06)
>> epoch [ 365/3000], runtime:  2.75s, train loss: 1.7347e-06 (best: 1.6933e-06/1.9264e-06)
>> epoch [ 366/3000], runtime:  2.50s, train loss: 1.7623e-06 (best: 1.6933e-06/1.9264e-06)
>> epoch [ 367/3000], runtime:  2.81s, train loss: 1.6889e-06 (best: 1.6933e-06/1.9264e-06)
>> epoch [ 368/3000], runtime:  2.88s, train loss: 1.9436e-06 (best: 1.6933e-06/1.9264e-06)
>> epoch [ 369/3000], runtime:  2.88s, train loss: 1.8203e-06 (best: 1.6933e-06/1.9264e-06)
>> epoch [ 370/3000], runtime: 2.88s, train loss: 1.6001e-06, valid loss: 1.8671e-06 , test loss: 1.1616e-04
>> epoch [ 371/3000], runtime:  2.89s, train loss: 1.6174e-06 (best: 1.6001e-06/1.8671e-06)
>> epoch [ 372/3000], runtime:  2.87s, train loss: 1.6782e-06 (best: 1.6001e-06/1.8671e-06)
>> epoch [ 373/3000], runtime:  2.83s, train loss: 1.6570e-06 (best: 1.6001e-06/1.8671e-06)
>> epoch [ 374/3000], runtime:  2.41s, train loss: 1.6947e-06 (best: 1.6001e-06/1.8671e-06)
>> epoch [ 375/3000], runtime:  2.80s, train loss: 1.8768e-06 (best: 1.6001e-06/1.8671e-06)
>> epoch [ 376/3000], runtime:  2.88s, train loss: 1.6954e-06 (best: 1.6001e-06/1.8671e-06)
>> epoch [ 377/3000], runtime:  2.90s, train loss: 1.8174e-06 (best: 1.6001e-06/1.8671e-06)
>> epoch [ 378/3000], runtime:  2.88s, train loss: 1.7512e-06 (best: 1.6001e-06/1.8671e-06)
>> epoch [ 379/3000], runtime:  2.86s, train loss: 1.7356e-06 (best: 1.6001e-06/1.8671e-06)
>> epoch [ 380/3000], runtime:  2.89s, train loss: 1.6304e-06 (best: 1.6001e-06/1.8671e-06)
>> epoch [ 381/3000], runtime:  2.89s, train loss: 1.6103e-06 (best: 1.6001e-06/1.8671e-06)
>> epoch [ 382/3000], runtime:  2.89s, train loss: 1.6320e-06 (best: 1.6001e-06/1.8671e-06)
>> epoch [ 383/3000], runtime:  2.87s, train loss: 1.6448e-06 (best: 1.6001e-06/1.8671e-06)
>> epoch [ 384/3000], runtime:  2.82s, train loss: 1.8963e-06 (best: 1.6001e-06/1.8671e-06)
>> epoch [ 385/3000], runtime:  2.15s, train loss: 1.6642e-06 (best: 1.6001e-06/1.8671e-06)
>> epoch [ 386/3000], runtime:  2.64s, train loss: 1.6537e-06 (best: 1.6001e-06/1.8671e-06)
>> epoch [ 387/3000], runtime:  2.90s, train loss: 1.7163e-06 (best: 1.6001e-06/1.8671e-06)
>> epoch [ 388/3000], runtime:  2.88s, train loss: 1.6215e-06 (best: 1.6001e-06/1.8671e-06)
>> epoch [ 389/3000], runtime:  2.76s, train loss: 1.6650e-06 (best: 1.6001e-06/1.8671e-06)
>> epoch [ 390/3000], runtime:  2.53s, train loss: 1.7308e-06 (best: 1.6001e-06/1.8671e-06)
>> epoch [ 391/3000], runtime:  2.89s, train loss: 1.6198e-06 (best: 1.6001e-06/1.8671e-06)
>> epoch [ 392/3000], runtime:  2.89s, train loss: 1.6079e-06 (best: 1.6001e-06/1.8671e-06)
>> epoch [ 393/3000], runtime:  2.88s, train loss: 1.6068e-06 (best: 1.6001e-06/1.8671e-06)
>> epoch [ 394/3000], runtime:  2.71s, train loss: 1.6288e-06 (best: 1.6001e-06/1.8671e-06)
>> epoch [ 395/3000], runtime:  2.58s, train loss: 1.7738e-06 (best: 1.6001e-06/1.8671e-06)
>> epoch [ 396/3000], runtime:  2.68s, train loss: 1.6740e-06 (best: 1.6001e-06/1.8671e-06)
>> epoch [ 397/3000], runtime:  2.51s, train loss: 1.6584e-06 (best: 1.6001e-06/1.8671e-06)
>> epoch [ 398/3000], runtime:  2.88s, train loss: 1.6108e-06 (best: 1.6001e-06/1.8671e-06)
>> epoch [ 399/3000], runtime:  2.88s, train loss: 1.6301e-06 (best: 1.6001e-06/1.8671e-06)
>> epoch [ 400/3000], runtime:  2.88s, train loss: 1.6804e-06 (best: 1.6001e-06/1.8671e-06)
>> epoch [ 401/3000], runtime:  2.89s, train loss: 1.6583e-06 (best: 1.6001e-06/1.8671e-06)
>> epoch [ 402/3000], runtime:  2.88s, train loss: 1.6471e-06 (best: 1.6001e-06/1.8671e-06)
>> epoch [ 403/3000], runtime:  2.88s, train loss: 1.8452e-06 (best: 1.6001e-06/1.8671e-06)
>> epoch [ 404/3000], runtime:  2.88s, train loss: 1.8138e-06 (best: 1.6001e-06/1.8671e-06)
>> epoch [ 405/3000], runtime:  2.88s, train loss: 1.6212e-06 (best: 1.6001e-06/1.8671e-06)
>> epoch [ 406/3000], runtime:  2.91s, train loss: 1.5843e-06 (best: 1.6001e-06/1.8671e-06)
>> epoch [ 407/3000], runtime:  2.79s, train loss: 1.6335e-06 (best: 1.6001e-06/1.8671e-06)
>> epoch [ 408/3000], runtime:  2.87s, train loss: 1.6106e-06 (best: 1.6001e-06/1.8671e-06)
>> epoch [ 409/3000], runtime:  2.89s, train loss: 1.7014e-06 (best: 1.6001e-06/1.8671e-06)
>> epoch [ 410/3000], runtime:  2.89s, train loss: 1.6086e-06 (best: 1.6001e-06/1.8671e-06)
>> epoch [ 411/3000], runtime:  2.49s, train loss: 1.7157e-06 (best: 1.6001e-06/1.8671e-06)
>> epoch [ 412/3000], runtime:  2.82s, train loss: 1.7102e-06 (best: 1.6001e-06/1.8671e-06)
>> epoch [ 413/3000], runtime: 2.88s, train loss: 1.5795e-06, valid loss: 1.8561e-06 , test loss: 1.1853e-04
>> epoch [ 414/3000], runtime:  2.88s, train loss: 1.5654e-06 (best: 1.5795e-06/1.8561e-06)
>> epoch [ 415/3000], runtime:  2.87s, train loss: 1.6376e-06 (best: 1.5795e-06/1.8561e-06)
>> epoch [ 416/3000], runtime:  2.90s, train loss: 1.5925e-06 (best: 1.5795e-06/1.8561e-06)
>> epoch [ 417/3000], runtime:  2.88s, train loss: 1.6418e-06 (best: 1.5795e-06/1.8561e-06)
>> epoch [ 418/3000], runtime:  2.88s, train loss: 1.5846e-06 (best: 1.5795e-06/1.8561e-06)
>> epoch [ 419/3000], runtime: 2.88s, train loss: 1.5583e-06, valid loss: 1.8557e-06 , test loss: 1.1848e-04
>> epoch [ 420/3000], runtime:  2.88s, train loss: 1.6102e-06 (best: 1.5583e-06/1.8557e-06)
>> epoch [ 421/3000], runtime:  2.89s, train loss: 1.5916e-06 (best: 1.5583e-06/1.8557e-06)
>> epoch [ 422/3000], runtime:  2.88s, train loss: 1.6044e-06 (best: 1.5583e-06/1.8557e-06)
>> epoch [ 423/3000], runtime: 2.74s, train loss: 1.5577e-06, valid loss: 1.8126e-06 , test loss: 1.1753e-04
>> epoch [ 424/3000], runtime:  2.75s, train loss: 1.5939e-06 (best: 1.5577e-06/1.8126e-06)
>> epoch [ 425/3000], runtime:  2.88s, train loss: 1.6606e-06 (best: 1.5577e-06/1.8126e-06)
>> epoch [ 426/3000], runtime:  2.86s, train loss: 1.6623e-06 (best: 1.5577e-06/1.8126e-06)
>> epoch [ 427/3000], runtime:  2.87s, train loss: 1.6139e-06 (best: 1.5577e-06/1.8126e-06)
>> epoch [ 428/3000], runtime:  2.88s, train loss: 1.6167e-06 (best: 1.5577e-06/1.8126e-06)
>> epoch [ 429/3000], runtime:  2.87s, train loss: 1.5904e-06 (best: 1.5577e-06/1.8126e-06)
>> epoch [ 430/3000], runtime:  2.88s, train loss: 1.5884e-06 (best: 1.5577e-06/1.8126e-06)
>> epoch [ 431/3000], runtime:  2.88s, train loss: 1.5830e-06 (best: 1.5577e-06/1.8126e-06)
>> epoch [ 432/3000], runtime:  2.90s, train loss: 1.6540e-06 (best: 1.5577e-06/1.8126e-06)
>> epoch [ 433/3000], runtime:  2.88s, train loss: 1.6991e-06 (best: 1.5577e-06/1.8126e-06)
>> epoch [ 434/3000], runtime:  2.88s, train loss: 1.5791e-06 (best: 1.5577e-06/1.8126e-06)
>> epoch [ 435/3000], runtime:  2.88s, train loss: 1.5582e-06 (best: 1.5577e-06/1.8126e-06)
>> epoch [ 436/3000], runtime:  2.88s, train loss: 1.6524e-06 (best: 1.5577e-06/1.8126e-06)
>> epoch [ 437/3000], runtime:  2.89s, train loss: 1.6114e-06 (best: 1.5577e-06/1.8126e-06)
>> epoch [ 438/3000], runtime:  2.87s, train loss: 1.7068e-06 (best: 1.5577e-06/1.8126e-06)
>> epoch [ 439/3000], runtime:  2.88s, train loss: 1.6794e-06 (best: 1.5577e-06/1.8126e-06)
>> epoch [ 440/3000], runtime:  2.88s, train loss: 1.6287e-06 (best: 1.5577e-06/1.8126e-06)
>> epoch [ 441/3000], runtime:  2.90s, train loss: 1.6218e-06 (best: 1.5577e-06/1.8126e-06)
>> epoch [ 442/3000], runtime:  2.89s, train loss: 1.6137e-06 (best: 1.5577e-06/1.8126e-06)
>> epoch [ 443/3000], runtime:  2.50s, train loss: 1.5846e-06 (best: 1.5577e-06/1.8126e-06)
>> epoch [ 444/3000], runtime:  2.26s, train loss: 1.5827e-06 (best: 1.5577e-06/1.8126e-06)
>> epoch [ 445/3000], runtime:  2.88s, train loss: 1.5866e-06 (best: 1.5577e-06/1.8126e-06)
>> epoch [ 446/3000], runtime:  2.88s, train loss: 1.6365e-06 (best: 1.5577e-06/1.8126e-06)
>> epoch [ 447/3000], runtime:  2.88s, train loss: 1.5888e-06 (best: 1.5577e-06/1.8126e-06)
>> epoch [ 448/3000], runtime:  2.87s, train loss: 1.7068e-06 (best: 1.5577e-06/1.8126e-06)
>> epoch [ 449/3000], runtime:  2.87s, train loss: 1.6738e-06 (best: 1.5577e-06/1.8126e-06)
>> epoch [ 450/3000], runtime:  2.88s, train loss: 1.6857e-06 (best: 1.5577e-06/1.8126e-06)
>> epoch [ 451/3000], runtime:  2.89s, train loss: 1.6227e-06 (best: 1.5577e-06/1.8126e-06)
>> epoch [ 452/3000], runtime:  2.89s, train loss: 1.6220e-06 (best: 1.5577e-06/1.8126e-06)
>> epoch [ 453/3000], runtime:  2.90s, train loss: 1.5614e-06 (best: 1.5577e-06/1.8126e-06)
>> epoch [ 454/3000], runtime:  2.85s, train loss: 1.6023e-06 (best: 1.5577e-06/1.8126e-06)
>> epoch [ 455/3000], runtime:  2.44s, train loss: 1.5568e-06 (best: 1.5577e-06/1.8126e-06)
>> epoch [ 456/3000], runtime:  2.89s, train loss: 1.5607e-06 (best: 1.5577e-06/1.8126e-06)
>> epoch [ 457/3000], runtime:  2.90s, train loss: 1.6463e-06 (best: 1.5577e-06/1.8126e-06)
>> epoch [ 458/3000], runtime:  2.88s, train loss: 1.6034e-06 (best: 1.5577e-06/1.8126e-06)
>> epoch [ 459/3000], runtime:  2.89s, train loss: 1.5871e-06 (best: 1.5577e-06/1.8126e-06)
>> epoch [ 460/3000], runtime:  2.88s, train loss: 1.6689e-06 (best: 1.5577e-06/1.8126e-06)
>> epoch [ 461/3000], runtime:  2.88s, train loss: 1.6110e-06 (best: 1.5577e-06/1.8126e-06)
>> epoch [ 462/3000], runtime:  2.87s, train loss: 1.6098e-06 (best: 1.5577e-06/1.8126e-06)
>> epoch [ 463/3000], runtime:  2.88s, train loss: 1.6369e-06 (best: 1.5577e-06/1.8126e-06)
>> epoch [ 464/3000], runtime:  2.90s, train loss: 1.5169e-06 (best: 1.5577e-06/1.8126e-06)
>> epoch [ 465/3000], runtime: 2.88s, train loss: 1.5546e-06, valid loss: 1.8057e-06 , test loss: 1.1916e-04
>> epoch [ 466/3000], runtime:  2.88s, train loss: 1.5659e-06 (best: 1.5546e-06/1.8057e-06)
>> epoch [ 467/3000], runtime:  2.89s, train loss: 1.5523e-06 (best: 1.5546e-06/1.8057e-06)
>> epoch [ 468/3000], runtime:  2.87s, train loss: 1.6133e-06 (best: 1.5546e-06/1.8057e-06)
>> epoch [ 469/3000], runtime:  2.88s, train loss: 1.5424e-06 (best: 1.5546e-06/1.8057e-06)
>> epoch [ 470/3000], runtime:  2.89s, train loss: 1.5496e-06 (best: 1.5546e-06/1.8057e-06)
>> epoch [ 471/3000], runtime:  2.87s, train loss: 1.5538e-06 (best: 1.5546e-06/1.8057e-06)
>> epoch [ 472/3000], runtime:  2.90s, train loss: 1.6221e-06 (best: 1.5546e-06/1.8057e-06)
>> epoch [ 473/3000], runtime:  2.88s, train loss: 1.6091e-06 (best: 1.5546e-06/1.8057e-06)
>> epoch [ 474/3000], runtime:  2.88s, train loss: 1.5659e-06 (best: 1.5546e-06/1.8057e-06)
>> epoch [ 475/3000], runtime:  2.88s, train loss: 1.5404e-06 (best: 1.5546e-06/1.8057e-06)
>> epoch [ 476/3000], runtime:  2.89s, train loss: 1.5551e-06 (best: 1.5546e-06/1.8057e-06)
>> epoch [ 477/3000], runtime: 2.88s, train loss: 1.5386e-06, valid loss: 1.7691e-06 , test loss: 1.1827e-04
>> epoch [ 478/3000], runtime:  2.87s, train loss: 1.6002e-06 (best: 1.5386e-06/1.7691e-06)
>> epoch [ 479/3000], runtime:  2.85s, train loss: 1.5834e-06 (best: 1.5386e-06/1.7691e-06)
>> epoch [ 480/3000], runtime:  2.51s, train loss: 1.5953e-06 (best: 1.5386e-06/1.7691e-06)
>> epoch [ 481/3000], runtime:  2.88s, train loss: 1.5667e-06 (best: 1.5386e-06/1.7691e-06)
>> epoch [ 482/3000], runtime:  2.87s, train loss: 1.5471e-06 (best: 1.5386e-06/1.7691e-06)
>> epoch [ 483/3000], runtime:  2.89s, train loss: 1.5940e-06 (best: 1.5386e-06/1.7691e-06)
>> epoch [ 484/3000], runtime:  2.88s, train loss: 1.5534e-06 (best: 1.5386e-06/1.7691e-06)
>> epoch [ 485/3000], runtime:  2.88s, train loss: 1.5551e-06 (best: 1.5386e-06/1.7691e-06)
>> epoch [ 486/3000], runtime:  2.88s, train loss: 1.6028e-06 (best: 1.5386e-06/1.7691e-06)
>> epoch [ 487/3000], runtime:  2.88s, train loss: 1.5552e-06 (best: 1.5386e-06/1.7691e-06)
>> epoch [ 488/3000], runtime:  2.61s, train loss: 1.6097e-06 (best: 1.5386e-06/1.7691e-06)
>> epoch [ 489/3000], runtime:  2.68s, train loss: 1.5196e-06 (best: 1.5386e-06/1.7691e-06)
>> epoch [ 490/3000], runtime:  2.88s, train loss: 1.5502e-06 (best: 1.5386e-06/1.7691e-06)
>> epoch [ 491/3000], runtime:  2.91s, train loss: 1.5927e-06 (best: 1.5386e-06/1.7691e-06)
>> epoch [ 492/3000], runtime:  2.74s, train loss: 1.5180e-06 (best: 1.5386e-06/1.7691e-06)
>> epoch [ 493/3000], runtime:  2.89s, train loss: 1.5422e-06 (best: 1.5386e-06/1.7691e-06)
>> epoch [ 494/3000], runtime:  2.88s, train loss: 1.5080e-06 (best: 1.5386e-06/1.7691e-06)
>> epoch [ 495/3000], runtime: 2.92s, train loss: 1.5299e-06, valid loss: 1.7645e-06 , test loss: 1.1897e-04
>> epoch [ 496/3000], runtime:  2.70s, train loss: 1.5083e-06 (best: 1.5299e-06/1.7645e-06)
>> epoch [ 497/3000], runtime:  2.89s, train loss: 1.5850e-06 (best: 1.5299e-06/1.7645e-06)
>> epoch [ 498/3000], runtime:  2.89s, train loss: 1.4841e-06 (best: 1.5299e-06/1.7645e-06)
>> epoch [ 499/3000], runtime:  2.86s, train loss: 1.5293e-06 (best: 1.5299e-06/1.7645e-06)
>> epoch [ 500/3000], runtime:  2.89s, train loss: 1.5669e-06 (best: 1.5299e-06/1.7645e-06)
>> epoch [ 501/3000], runtime:  2.90s, train loss: 1.5031e-06 (best: 1.5299e-06/1.7645e-06)
>> epoch [ 502/3000], runtime:  2.87s, train loss: 1.5313e-06 (best: 1.5299e-06/1.7645e-06)
>> epoch [ 503/3000], runtime:  2.88s, train loss: 1.5656e-06 (best: 1.5299e-06/1.7645e-06)
>> epoch [ 504/3000], runtime:  2.88s, train loss: 1.5992e-06 (best: 1.5299e-06/1.7645e-06)
>> epoch [ 505/3000], runtime:  2.89s, train loss: 1.5265e-06 (best: 1.5299e-06/1.7645e-06)
>> epoch [ 506/3000], runtime:  2.89s, train loss: 1.6080e-06 (best: 1.5299e-06/1.7645e-06)
>> epoch [ 507/3000], runtime:  2.89s, train loss: 1.5525e-06 (best: 1.5299e-06/1.7645e-06)
>> epoch [ 508/3000], runtime:  2.88s, train loss: 1.5492e-06 (best: 1.5299e-06/1.7645e-06)
>> epoch [ 509/3000], runtime:  2.89s, train loss: 1.5838e-06 (best: 1.5299e-06/1.7645e-06)
>> epoch [ 510/3000], runtime:  2.89s, train loss: 1.5944e-06 (best: 1.5299e-06/1.7645e-06)
>> epoch [ 511/3000], runtime:  2.88s, train loss: 1.5122e-06 (best: 1.5299e-06/1.7645e-06)
>> epoch [ 512/3000], runtime:  2.84s, train loss: 1.5625e-06 (best: 1.5299e-06/1.7645e-06)
>> epoch [ 513/3000], runtime:  2.88s, train loss: 1.5357e-06 (best: 1.5299e-06/1.7645e-06)
>> epoch [ 514/3000], runtime:  2.88s, train loss: 1.4834e-06 (best: 1.5299e-06/1.7645e-06)
>> epoch [ 515/3000], runtime:  2.89s, train loss: 1.5147e-06 (best: 1.5299e-06/1.7645e-06)
>> epoch [ 516/3000], runtime:  2.87s, train loss: 1.5251e-06 (best: 1.5299e-06/1.7645e-06)
>> epoch [ 517/3000], runtime:  2.85s, train loss: 1.5475e-06 (best: 1.5299e-06/1.7645e-06)
>> epoch [ 518/3000], runtime:  2.46s, train loss: 1.5490e-06 (best: 1.5299e-06/1.7645e-06)
>> epoch [ 519/3000], runtime:  2.88s, train loss: 1.5962e-06 (best: 1.5299e-06/1.7645e-06)
>> epoch [ 520/3000], runtime:  2.87s, train loss: 1.5587e-06 (best: 1.5299e-06/1.7645e-06)
>> epoch [ 521/3000], runtime:  2.85s, train loss: 1.6298e-06 (best: 1.5299e-06/1.7645e-06)
>> epoch [ 522/3000], runtime:  2.89s, train loss: 1.5692e-06 (best: 1.5299e-06/1.7645e-06)
>> epoch [ 523/3000], runtime:  2.89s, train loss: 1.5035e-06 (best: 1.5299e-06/1.7645e-06)
>> epoch [ 524/3000], runtime:  2.87s, train loss: 1.5399e-06 (best: 1.5299e-06/1.7645e-06)
>> epoch [ 525/3000], runtime:  2.84s, train loss: 1.5517e-06 (best: 1.5299e-06/1.7645e-06)
>> epoch [ 526/3000], runtime:  2.45s, train loss: 1.5357e-06 (best: 1.5299e-06/1.7645e-06)
>> epoch [ 527/3000], runtime:  2.88s, train loss: 1.5385e-06 (best: 1.5299e-06/1.7645e-06)
>> epoch [ 528/3000], runtime:  2.89s, train loss: 1.4587e-06 (best: 1.5299e-06/1.7645e-06)
>> epoch [ 529/3000], runtime:  2.86s, train loss: 1.5151e-06 (best: 1.5299e-06/1.7645e-06)
>> epoch [ 530/3000], runtime:  2.88s, train loss: 1.5674e-06 (best: 1.5299e-06/1.7645e-06)
>> epoch [ 531/3000], runtime: 2.88s, train loss: 1.4812e-06, valid loss: 1.7527e-06 , test loss: 1.1906e-04
>> epoch [ 532/3000], runtime:  2.90s, train loss: 1.6299e-06 (best: 1.4812e-06/1.7527e-06)
>> epoch [ 533/3000], runtime:  2.87s, train loss: 1.5310e-06 (best: 1.4812e-06/1.7527e-06)
>> epoch [ 534/3000], runtime:  2.88s, train loss: 1.5212e-06 (best: 1.4812e-06/1.7527e-06)
>> epoch [ 535/3000], runtime:  2.87s, train loss: 1.4951e-06 (best: 1.4812e-06/1.7527e-06)
>> epoch [ 536/3000], runtime:  2.87s, train loss: 1.5547e-06 (best: 1.4812e-06/1.7527e-06)
>> epoch [ 537/3000], runtime:  2.88s, train loss: 1.5636e-06 (best: 1.4812e-06/1.7527e-06)
>> epoch [ 538/3000], runtime:  2.88s, train loss: 1.4790e-06 (best: 1.4812e-06/1.7527e-06)
>> epoch [ 539/3000], runtime:  2.89s, train loss: 1.5876e-06 (best: 1.4812e-06/1.7527e-06)
>> epoch [ 540/3000], runtime:  2.89s, train loss: 1.5324e-06 (best: 1.4812e-06/1.7527e-06)
>> epoch [ 541/3000], runtime:  2.91s, train loss: 1.5048e-06 (best: 1.4812e-06/1.7527e-06)
>> epoch [ 542/3000], runtime:  2.89s, train loss: 1.5105e-06 (best: 1.4812e-06/1.7527e-06)
>> epoch [ 543/3000], runtime:  2.88s, train loss: 1.5495e-06 (best: 1.4812e-06/1.7527e-06)
>> epoch [ 544/3000], runtime:  2.88s, train loss: 1.5294e-06 (best: 1.4812e-06/1.7527e-06)
>> epoch [ 545/3000], runtime:  2.86s, train loss: 1.5368e-06 (best: 1.4812e-06/1.7527e-06)
>> epoch [ 546/3000], runtime:  2.82s, train loss: 1.5471e-06 (best: 1.4812e-06/1.7527e-06)
>> epoch [ 547/3000], runtime:  2.51s, train loss: 1.6564e-06 (best: 1.4812e-06/1.7527e-06)
>> epoch [ 548/3000], runtime:  2.88s, train loss: 1.5834e-06 (best: 1.4812e-06/1.7527e-06)
>> epoch [ 549/3000], runtime:  2.88s, train loss: 1.5086e-06 (best: 1.4812e-06/1.7527e-06)
>> epoch [ 550/3000], runtime:  2.57s, train loss: 1.5229e-06 (best: 1.4812e-06/1.7527e-06)
>> epoch [ 551/3000], runtime:  2.45s, train loss: 1.5064e-06 (best: 1.4812e-06/1.7527e-06)
>> epoch [ 552/3000], runtime:  2.55s, train loss: 1.5144e-06 (best: 1.4812e-06/1.7527e-06)
>> epoch [ 553/3000], runtime:  2.88s, train loss: 1.5653e-06 (best: 1.4812e-06/1.7527e-06)
>> epoch [ 554/3000], runtime:  2.92s, train loss: 1.5286e-06 (best: 1.4812e-06/1.7527e-06)
>> epoch [ 555/3000], runtime:  2.87s, train loss: 1.5750e-06 (best: 1.4812e-06/1.7527e-06)
>> epoch [ 556/3000], runtime:  2.88s, train loss: 1.5131e-06 (best: 1.4812e-06/1.7527e-06)
>> epoch [ 557/3000], runtime:  2.88s, train loss: 1.5247e-06 (best: 1.4812e-06/1.7527e-06)
>> epoch [ 558/3000], runtime:  2.87s, train loss: 1.5492e-06 (best: 1.4812e-06/1.7527e-06)
>> epoch [ 559/3000], runtime:  2.87s, train loss: 1.5322e-06 (best: 1.4812e-06/1.7527e-06)
>> epoch [ 560/3000], runtime:  2.88s, train loss: 1.5015e-06 (best: 1.4812e-06/1.7527e-06)
>> epoch [ 561/3000], runtime:  2.87s, train loss: 1.5557e-06 (best: 1.4812e-06/1.7527e-06)
>> epoch [ 562/3000], runtime:  2.88s, train loss: 1.4881e-06 (best: 1.4812e-06/1.7527e-06)
>> epoch [ 563/3000], runtime:  2.89s, train loss: 1.5479e-06 (best: 1.4812e-06/1.7527e-06)
>> epoch [ 564/3000], runtime:  2.88s, train loss: 1.5536e-06 (best: 1.4812e-06/1.7527e-06)
>> epoch [ 565/3000], runtime:  2.88s, train loss: 1.4927e-06 (best: 1.4812e-06/1.7527e-06)
>> epoch [ 566/3000], runtime:  2.87s, train loss: 1.5273e-06 (best: 1.4812e-06/1.7527e-06)
>> epoch [ 567/3000], runtime:  2.88s, train loss: 1.5278e-06 (best: 1.4812e-06/1.7527e-06)
>> epoch [ 568/3000], runtime:  2.89s, train loss: 1.4847e-06 (best: 1.4812e-06/1.7527e-06)
>> epoch [ 569/3000], runtime:  2.89s, train loss: 1.4885e-06 (best: 1.4812e-06/1.7527e-06)
>> epoch [ 570/3000], runtime:  2.88s, train loss: 1.5195e-06 (best: 1.4812e-06/1.7527e-06)
>> epoch [ 571/3000], runtime:  2.88s, train loss: 1.5381e-06 (best: 1.4812e-06/1.7527e-06)
>> epoch [ 572/3000], runtime:  2.88s, train loss: 1.5392e-06 (best: 1.4812e-06/1.7527e-06)
>> epoch [ 573/3000], runtime:  2.87s, train loss: 1.5239e-06 (best: 1.4812e-06/1.7527e-06)
>> epoch [ 574/3000], runtime:  2.91s, train loss: 1.5343e-06 (best: 1.4812e-06/1.7527e-06)
>> epoch [ 575/3000], runtime:  2.57s, train loss: 1.5002e-06 (best: 1.4812e-06/1.7527e-06)
>> epoch [ 576/3000], runtime:  2.72s, train loss: 1.5165e-06 (best: 1.4812e-06/1.7527e-06)
>> epoch [ 577/3000], runtime:  2.89s, train loss: 1.4883e-06 (best: 1.4812e-06/1.7527e-06)
>> epoch [ 578/3000], runtime:  2.88s, train loss: 1.4987e-06 (best: 1.4812e-06/1.7527e-06)
>> epoch [ 579/3000], runtime:  2.89s, train loss: 1.5182e-06 (best: 1.4812e-06/1.7527e-06)
>> epoch [ 580/3000], runtime:  2.86s, train loss: 1.5220e-06 (best: 1.4812e-06/1.7527e-06)
>> epoch [ 581/3000], runtime:  2.88s, train loss: 1.5110e-06 (best: 1.4812e-06/1.7527e-06)
>> epoch [ 582/3000], runtime:  2.88s, train loss: 1.4822e-06 (best: 1.4812e-06/1.7527e-06)
----------------------------------------------------------------------------------------------------
----------------------------------------------------------------------------------------------------
>> ntrain: 300, layer_info: 20_4, act_xi: Softplus, lr: 0.01, gamma: 0.6, w_d: 0.0
>> Best train loss: 1.4812e-06
>> Best valid loss: 1.7527e-06
>> Best test loss: 1.1906e-04
>> Best epoch: 530
----------------------------------------------------------------------------------------------------
----------------------------------------------------------------------------------------------------
>> Training Completed!!
