>> Device being used: cuda (NVIDIA GeForce RTX 4090)
Total number of parameters: 66433
>> Training Mesh resolution: 257x257
/root/autodl-tmp/project/MPNO_final/BlatzKo_1d/ex35/MLP/PNO_BB.py:140: UserWarning: torch.range is deprecated and will be removed in a future release because its behavior is inconsistent with Python's range builtin. Instead, use torch.arange, which produces values in [start, end).
  ksi_range = torch.range(-m_fact, m_fact).int()
tensor(0.8109)
tensor(3.3456)
>> Preprocessing completed, time elapsed:  0.28s
>> ntrain: 300, lr: 0.01, gamma: 0.6, w_d: 0.0
----------------------------------------------------------------------------------------------------
>> epoch [   1/3000], runtime: 8.29s, train loss: 2.7228e-04, valid loss: 1.2020e-04 , test loss: 6.3765e-03
>> epoch [   2/3000], runtime: 7.99s, train loss: 1.1634e-04, valid loss: 5.1827e-05 , test loss: 1.3516e-03
>> epoch [   3/3000], runtime: 7.97s, train loss: 9.7776e-05, valid loss: 4.7075e-05 , test loss: 8.2715e-04
>> epoch [   4/3000], runtime: 7.96s, train loss: 3.5981e-05, valid loss: 1.9731e-05 , test loss: 3.0538e-04
>> epoch [   5/3000], runtime:  7.97s, train loss: 2.9059e-05 (best: 3.5981e-05/1.9731e-05)
>> epoch [   6/3000], runtime:  7.98s, train loss: 3.9094e-05 (best: 3.5981e-05/1.9731e-05)
>> epoch [   7/3000], runtime:  15.72s, train loss: 3.2436e-05 (best: 3.5981e-05/1.9731e-05)
>> epoch [   8/3000], runtime:  15.41s, train loss: 3.3742e-05 (best: 3.5981e-05/1.9731e-05)
>> epoch [   9/3000], runtime: 15.48s, train loss: 3.1665e-05, valid loss: 1.8622e-05 , test loss: 3.9958e-04
>> epoch [  10/3000], runtime:  15.92s, train loss: 2.6249e-05 (best: 3.1665e-05/1.8622e-05)
>> epoch [  11/3000], runtime:  15.47s, train loss: 2.5236e-05 (best: 3.1665e-05/1.8622e-05)
>> epoch [  12/3000], runtime: 16.49s, train loss: 2.5018e-05, valid loss: 1.7303e-05 , test loss: 4.8438e-04
>> epoch [  13/3000], runtime:  15.68s, train loss: 3.3809e-05 (best: 2.5018e-05/1.7303e-05)
>> epoch [  14/3000], runtime:  15.52s, train loss: 3.3689e-05 (best: 2.5018e-05/1.7303e-05)
>> epoch [  15/3000], runtime: 16.05s, train loss: 2.3151e-05, valid loss: 1.4504e-05 , test loss: 3.6455e-04
>> epoch [  16/3000], runtime:  15.74s, train loss: 2.8921e-05 (best: 2.3151e-05/1.4504e-05)
>> epoch [  17/3000], runtime:  15.91s, train loss: 2.6228e-05 (best: 2.3151e-05/1.4504e-05)
>> epoch [  18/3000], runtime:  15.99s, train loss: 3.1775e-05 (best: 2.3151e-05/1.4504e-05)
>> epoch [  19/3000], runtime:  15.58s, train loss: 2.4825e-05 (best: 2.3151e-05/1.4504e-05)
>> epoch [  20/3000], runtime:  15.55s, train loss: 1.8922e-05 (best: 2.3151e-05/1.4504e-05)
>> epoch [  21/3000], runtime:  15.87s, train loss: 2.3836e-05 (best: 2.3151e-05/1.4504e-05)
>> epoch [  22/3000], runtime:  15.68s, train loss: 2.5454e-05 (best: 2.3151e-05/1.4504e-05)
>> epoch [  23/3000], runtime:  15.94s, train loss: 2.9311e-05 (best: 2.3151e-05/1.4504e-05)
>> epoch [  24/3000], runtime: 16.28s, train loss: 2.1605e-05, valid loss: 1.2094e-05 , test loss: 2.1887e-04
>> epoch [  25/3000], runtime:  15.60s, train loss: 1.6632e-05 (best: 2.1605e-05/1.2094e-05)
>> epoch [  26/3000], runtime:  15.56s, train loss: 1.6869e-05 (best: 2.1605e-05/1.2094e-05)
>> epoch [  27/3000], runtime:  15.94s, train loss: 2.5555e-05 (best: 2.1605e-05/1.2094e-05)
>> epoch [  28/3000], runtime:  15.81s, train loss: 1.8786e-05 (best: 2.1605e-05/1.2094e-05)
>> epoch [  29/3000], runtime:  15.47s, train loss: 2.3849e-05 (best: 2.1605e-05/1.2094e-05)
>> epoch [  30/3000], runtime:  16.53s, train loss: 2.4065e-05 (best: 2.1605e-05/1.2094e-05)
>> epoch [  31/3000], runtime:  16.11s, train loss: 1.6838e-05 (best: 2.1605e-05/1.2094e-05)
>> epoch [  32/3000], runtime:  15.97s, train loss: 2.4884e-05 (best: 2.1605e-05/1.2094e-05)
>> epoch [  33/3000], runtime:  16.58s, train loss: 1.4945e-05 (best: 2.1605e-05/1.2094e-05)
>> epoch [  34/3000], runtime:  16.49s, train loss: 3.5139e-05 (best: 2.1605e-05/1.2094e-05)
>> epoch [  35/3000], runtime:  15.58s, train loss: 2.0878e-05 (best: 2.1605e-05/1.2094e-05)
>> epoch [  36/3000], runtime:  16.00s, train loss: 2.3724e-05 (best: 2.1605e-05/1.2094e-05)
>> epoch [  37/3000], runtime:  16.37s, train loss: 1.9257e-05 (best: 2.1605e-05/1.2094e-05)
>> epoch [  38/3000], runtime: 15.68s, train loss: 1.4413e-05, valid loss: 1.0517e-05 , test loss: 2.7683e-04
>> epoch [  39/3000], runtime:  16.46s, train loss: 1.4022e-05 (best: 1.4413e-05/1.0517e-05)
>> epoch [  40/3000], runtime:  16.35s, train loss: 1.7612e-05 (best: 1.4413e-05/1.0517e-05)
>> epoch [  41/3000], runtime:  16.47s, train loss: 2.3457e-05 (best: 1.4413e-05/1.0517e-05)
>> epoch [  42/3000], runtime:  15.48s, train loss: 1.7473e-05 (best: 1.4413e-05/1.0517e-05)
>> epoch [  43/3000], runtime:  16.43s, train loss: 1.6988e-05 (best: 1.4413e-05/1.0517e-05)
>> epoch [  44/3000], runtime:  16.42s, train loss: 1.6189e-05 (best: 1.4413e-05/1.0517e-05)
>> epoch [  45/3000], runtime:  16.45s, train loss: 2.4567e-05 (best: 1.4413e-05/1.0517e-05)
>> epoch [  46/3000], runtime:  15.58s, train loss: 1.9379e-05 (best: 1.4413e-05/1.0517e-05)
>> epoch [  47/3000], runtime: 16.47s, train loss: 1.2893e-05, valid loss: 7.7608e-06 , test loss: 2.2935e-04
>> epoch [  48/3000], runtime:  16.52s, train loss: 1.5066e-05 (best: 1.2893e-05/7.7608e-06)
>> epoch [  49/3000], runtime:  16.40s, train loss: 1.3758e-05 (best: 1.2893e-05/7.7608e-06)
>> epoch [  50/3000], runtime:  16.11s, train loss: 1.6468e-05 (best: 1.2893e-05/7.7608e-06)
>> epoch [  51/3000], runtime:  16.09s, train loss: 1.1479e-05 (best: 1.2893e-05/7.7608e-06)
>> epoch [  52/3000], runtime:  16.44s, train loss: 1.7795e-05 (best: 1.2893e-05/7.7608e-06)
>> epoch [  53/3000], runtime:  16.38s, train loss: 2.0725e-05 (best: 1.2893e-05/7.7608e-06)
>> epoch [  54/3000], runtime:  16.34s, train loss: 2.6303e-05 (best: 1.2893e-05/7.7608e-06)
>> epoch [  55/3000], runtime:  16.56s, train loss: 1.7865e-05 (best: 1.2893e-05/7.7608e-06)
>> epoch [  56/3000], runtime:  16.50s, train loss: 1.7160e-05 (best: 1.2893e-05/7.7608e-06)
>> epoch [  57/3000], runtime: 16.43s, train loss: 1.1942e-05, valid loss: 7.7434e-06 , test loss: 1.3811e-04
>> epoch [  58/3000], runtime: 16.12s, train loss: 1.0320e-05, valid loss: 6.5018e-06 , test loss: 1.2774e-04
>> epoch [  59/3000], runtime:  16.00s, train loss: 1.2718e-05 (best: 1.0320e-05/6.5018e-06)
>> epoch [  60/3000], runtime:  16.43s, train loss: 1.1641e-05 (best: 1.0320e-05/6.5018e-06)
>> epoch [  61/3000], runtime:  16.19s, train loss: 1.0755e-05 (best: 1.0320e-05/6.5018e-06)
>> epoch [  62/3000], runtime:  15.91s, train loss: 1.9084e-05 (best: 1.0320e-05/6.5018e-06)
>> epoch [  63/3000], runtime:  16.44s, train loss: 1.2768e-05 (best: 1.0320e-05/6.5018e-06)
>> epoch [  64/3000], runtime:  16.60s, train loss: 1.1393e-05 (best: 1.0320e-05/6.5018e-06)
>> epoch [  65/3000], runtime:  16.56s, train loss: 1.3921e-05 (best: 1.0320e-05/6.5018e-06)
>> epoch [  66/3000], runtime:  16.03s, train loss: 1.3945e-05 (best: 1.0320e-05/6.5018e-06)
>> epoch [  67/3000], runtime:  16.59s, train loss: 1.2711e-05 (best: 1.0320e-05/6.5018e-06)
>> epoch [  68/3000], runtime:  16.57s, train loss: 1.4362e-05 (best: 1.0320e-05/6.5018e-06)
>> epoch [  69/3000], runtime:  16.38s, train loss: 1.2083e-05 (best: 1.0320e-05/6.5018e-06)
>> epoch [  70/3000], runtime:  16.43s, train loss: 8.1923e-06 (best: 1.0320e-05/6.5018e-06)
>> epoch [  71/3000], runtime:  16.57s, train loss: 1.5350e-05 (best: 1.0320e-05/6.5018e-06)
>> epoch [  72/3000], runtime:  16.50s, train loss: 1.3023e-05 (best: 1.0320e-05/6.5018e-06)
>> epoch [  73/3000], runtime:  16.52s, train loss: 1.2356e-05 (best: 1.0320e-05/6.5018e-06)
>> epoch [  74/3000], runtime:  16.14s, train loss: 8.7276e-06 (best: 1.0320e-05/6.5018e-06)
>> epoch [  75/3000], runtime:  16.47s, train loss: 7.7493e-06 (best: 1.0320e-05/6.5018e-06)
>> epoch [  76/3000], runtime:  16.60s, train loss: 1.1454e-05 (best: 1.0320e-05/6.5018e-06)
>> epoch [  77/3000], runtime:  16.49s, train loss: 9.2371e-06 (best: 1.0320e-05/6.5018e-06)
>> epoch [  78/3000], runtime:  16.58s, train loss: 8.8363e-06 (best: 1.0320e-05/6.5018e-06)
>> epoch [  79/3000], runtime: 16.68s, train loss: 7.3434e-06, valid loss: 4.4276e-06 , test loss: 1.1254e-04
>> epoch [  80/3000], runtime:  16.29s, train loss: 7.5965e-06 (best: 7.3434e-06/4.4276e-06)
>> epoch [  81/3000], runtime:  16.73s, train loss: 1.2816e-05 (best: 7.3434e-06/4.4276e-06)
>> epoch [  82/3000], runtime:  15.80s, train loss: 1.3881e-05 (best: 7.3434e-06/4.4276e-06)
>> epoch [  83/3000], runtime:  16.16s, train loss: 1.4213e-05 (best: 7.3434e-06/4.4276e-06)
>> epoch [  84/3000], runtime:  16.28s, train loss: 1.4075e-05 (best: 7.3434e-06/4.4276e-06)
>> epoch [  85/3000], runtime:  16.73s, train loss: 9.1087e-06 (best: 7.3434e-06/4.4276e-06)
>> epoch [  86/3000], runtime:  16.12s, train loss: 7.5325e-06 (best: 7.3434e-06/4.4276e-06)
>> epoch [  87/3000], runtime:  16.11s, train loss: 9.7930e-06 (best: 7.3434e-06/4.4276e-06)
>> epoch [  88/3000], runtime:  16.28s, train loss: 1.6833e-05 (best: 7.3434e-06/4.4276e-06)
>> epoch [  89/3000], runtime:  15.72s, train loss: 1.1294e-05 (best: 7.3434e-06/4.4276e-06)
>> epoch [  90/3000], runtime:  15.83s, train loss: 6.8436e-06 (best: 7.3434e-06/4.4276e-06)
>> epoch [  91/3000], runtime:  16.15s, train loss: 6.7261e-06 (best: 7.3434e-06/4.4276e-06)
>> epoch [  92/3000], runtime:  15.79s, train loss: 7.8695e-06 (best: 7.3434e-06/4.4276e-06)
>> epoch [  93/3000], runtime:  16.17s, train loss: 8.4786e-06 (best: 7.3434e-06/4.4276e-06)
>> epoch [  94/3000], runtime:  15.73s, train loss: 9.1363e-06 (best: 7.3434e-06/4.4276e-06)
>> epoch [  95/3000], runtime:  16.63s, train loss: 8.7534e-06 (best: 7.3434e-06/4.4276e-06)
>> epoch [  96/3000], runtime:  16.20s, train loss: 8.0790e-06 (best: 7.3434e-06/4.4276e-06)
>> epoch [  97/3000], runtime:  16.26s, train loss: 7.6847e-06 (best: 7.3434e-06/4.4276e-06)
>> epoch [  98/3000], runtime:  15.75s, train loss: 8.5229e-06 (best: 7.3434e-06/4.4276e-06)
>> epoch [  99/3000], runtime:  16.19s, train loss: 1.1214e-05 (best: 7.3434e-06/4.4276e-06)
>> epoch [ 100/3000], runtime:  16.20s, train loss: 6.4930e-06 (best: 7.3434e-06/4.4276e-06)
>> epoch [ 101/3000], runtime:  16.05s, train loss: 1.0463e-05 (best: 7.3434e-06/4.4276e-06)
>> epoch [ 102/3000], runtime:  16.11s, train loss: 1.0284e-05 (best: 7.3434e-06/4.4276e-06)
>> epoch [ 103/3000], runtime:  16.48s, train loss: 9.0705e-06 (best: 7.3434e-06/4.4276e-06)
>> epoch [ 104/3000], runtime:  16.12s, train loss: 1.1741e-05 (best: 7.3434e-06/4.4276e-06)
>> epoch [ 105/3000], runtime:  15.67s, train loss: 7.3844e-06 (best: 7.3434e-06/4.4276e-06)
>> epoch [ 106/3000], runtime:  16.15s, train loss: 9.3745e-06 (best: 7.3434e-06/4.4276e-06)
>> epoch [ 107/3000], runtime:  16.43s, train loss: 6.9034e-06 (best: 7.3434e-06/4.4276e-06)
>> epoch [ 108/3000], runtime:  16.65s, train loss: 6.2524e-06 (best: 7.3434e-06/4.4276e-06)
>> epoch [ 109/3000], runtime:  15.70s, train loss: 7.4498e-06 (best: 7.3434e-06/4.4276e-06)
>> epoch [ 110/3000], runtime:  16.04s, train loss: 7.5040e-06 (best: 7.3434e-06/4.4276e-06)
>> epoch [ 111/3000], runtime:  15.73s, train loss: 8.4255e-06 (best: 7.3434e-06/4.4276e-06)
>> epoch [ 112/3000], runtime:  16.46s, train loss: 1.1592e-05 (best: 7.3434e-06/4.4276e-06)
>> epoch [ 113/3000], runtime:  16.45s, train loss: 1.0962e-05 (best: 7.3434e-06/4.4276e-06)
>> epoch [ 114/3000], runtime:  16.02s, train loss: 8.7346e-06 (best: 7.3434e-06/4.4276e-06)
>> epoch [ 115/3000], runtime:  16.59s, train loss: 6.9302e-06 (best: 7.3434e-06/4.4276e-06)
>> epoch [ 116/3000], runtime:  16.61s, train loss: 8.0736e-06 (best: 7.3434e-06/4.4276e-06)
>> epoch [ 117/3000], runtime: 16.46s, train loss: 5.9606e-06, valid loss: 4.2397e-06 , test loss: 1.0548e-04
>> epoch [ 118/3000], runtime:  16.72s, train loss: 5.4315e-06 (best: 5.9606e-06/4.2397e-06)
>> epoch [ 119/3000], runtime: 16.62s, train loss: 5.8566e-06, valid loss: 3.9343e-06 , test loss: 9.7041e-05
>> epoch [ 120/3000], runtime:  16.67s, train loss: 6.0546e-06 (best: 5.8566e-06/3.9343e-06)
>> epoch [ 121/3000], runtime:  16.63s, train loss: 4.6528e-06 (best: 5.8566e-06/3.9343e-06)
>> epoch [ 122/3000], runtime:  16.25s, train loss: 5.7585e-06 (best: 5.8566e-06/3.9343e-06)
>> epoch [ 123/3000], runtime:  15.78s, train loss: 6.3117e-06 (best: 5.8566e-06/3.9343e-06)
>> epoch [ 124/3000], runtime:  16.74s, train loss: 6.8991e-06 (best: 5.8566e-06/3.9343e-06)
>> epoch [ 125/3000], runtime:  16.21s, train loss: 5.4685e-06 (best: 5.8566e-06/3.9343e-06)
>> epoch [ 126/3000], runtime:  16.72s, train loss: 6.1071e-06 (best: 5.8566e-06/3.9343e-06)
>> epoch [ 127/3000], runtime:  16.69s, train loss: 5.4762e-06 (best: 5.8566e-06/3.9343e-06)
>> epoch [ 128/3000], runtime:  16.74s, train loss: 5.1085e-06 (best: 5.8566e-06/3.9343e-06)
>> epoch [ 129/3000], runtime:  16.75s, train loss: 6.5574e-06 (best: 5.8566e-06/3.9343e-06)
>> epoch [ 130/3000], runtime:  15.73s, train loss: 8.6819e-06 (best: 5.8566e-06/3.9343e-06)
>> epoch [ 131/3000], runtime:  16.07s, train loss: 8.1150e-06 (best: 5.8566e-06/3.9343e-06)
>> epoch [ 132/3000], runtime:  15.90s, train loss: 6.2311e-06 (best: 5.8566e-06/3.9343e-06)
>> epoch [ 133/3000], runtime:  15.74s, train loss: 5.5493e-06 (best: 5.8566e-06/3.9343e-06)
>> epoch [ 134/3000], runtime:  15.68s, train loss: 5.0282e-06 (best: 5.8566e-06/3.9343e-06)
>> epoch [ 135/3000], runtime:  16.41s, train loss: 5.2309e-06 (best: 5.8566e-06/3.9343e-06)
>> epoch [ 136/3000], runtime:  16.62s, train loss: 5.2274e-06 (best: 5.8566e-06/3.9343e-06)
>> epoch [ 137/3000], runtime:  15.97s, train loss: 5.2264e-06 (best: 5.8566e-06/3.9343e-06)
>> epoch [ 138/3000], runtime:  16.52s, train loss: 6.0868e-06 (best: 5.8566e-06/3.9343e-06)
>> epoch [ 139/3000], runtime:  16.57s, train loss: 5.4993e-06 (best: 5.8566e-06/3.9343e-06)
>> epoch [ 140/3000], runtime:  15.61s, train loss: 5.9201e-06 (best: 5.8566e-06/3.9343e-06)
>> epoch [ 141/3000], runtime:  16.50s, train loss: 7.9121e-06 (best: 5.8566e-06/3.9343e-06)
>> epoch [ 142/3000], runtime:  15.65s, train loss: 4.8306e-06 (best: 5.8566e-06/3.9343e-06)
>> epoch [ 143/3000], runtime:  15.97s, train loss: 4.6987e-06 (best: 5.8566e-06/3.9343e-06)
>> epoch [ 144/3000], runtime: 16.54s, train loss: 4.4369e-06, valid loss: 3.6484e-06 , test loss: 1.0057e-04
>> epoch [ 145/3000], runtime:  16.50s, train loss: 4.5823e-06 (best: 4.4369e-06/3.6484e-06)
>> epoch [ 146/3000], runtime:  15.51s, train loss: 4.8363e-06 (best: 4.4369e-06/3.6484e-06)
>> epoch [ 147/3000], runtime:  16.02s, train loss: 4.1941e-06 (best: 4.4369e-06/3.6484e-06)
>> epoch [ 148/3000], runtime:  15.85s, train loss: 5.5859e-06 (best: 4.4369e-06/3.6484e-06)
>> epoch [ 149/3000], runtime:  15.94s, train loss: 6.6593e-06 (best: 4.4369e-06/3.6484e-06)
>> epoch [ 150/3000], runtime:  16.13s, train loss: 5.7714e-06 (best: 4.4369e-06/3.6484e-06)
>> epoch [ 151/3000], runtime:  16.09s, train loss: 4.7968e-06 (best: 4.4369e-06/3.6484e-06)
>> epoch [ 152/3000], runtime:  16.42s, train loss: 6.0334e-06 (best: 4.4369e-06/3.6484e-06)
>> epoch [ 153/3000], runtime:  16.14s, train loss: 4.5995e-06 (best: 4.4369e-06/3.6484e-06)
>> epoch [ 154/3000], runtime:  16.52s, train loss: 4.5767e-06 (best: 4.4369e-06/3.6484e-06)
>> epoch [ 155/3000], runtime:  16.02s, train loss: 6.7408e-06 (best: 4.4369e-06/3.6484e-06)
>> epoch [ 156/3000], runtime:  16.54s, train loss: 5.2817e-06 (best: 4.4369e-06/3.6484e-06)
>> epoch [ 157/3000], runtime: 16.54s, train loss: 4.3954e-06, valid loss: 3.2817e-06 , test loss: 9.0275e-05
>> epoch [ 158/3000], runtime:  16.16s, train loss: 3.8447e-06 (best: 4.3954e-06/3.2817e-06)
>> epoch [ 159/3000], runtime:  16.36s, train loss: 4.6573e-06 (best: 4.3954e-06/3.2817e-06)
>> epoch [ 160/3000], runtime:  16.12s, train loss: 7.7367e-06 (best: 4.3954e-06/3.2817e-06)
>> epoch [ 161/3000], runtime:  16.49s, train loss: 6.0270e-06 (best: 4.3954e-06/3.2817e-06)
>> epoch [ 162/3000], runtime:  16.52s, train loss: 3.9176e-06 (best: 4.3954e-06/3.2817e-06)
>> epoch [ 163/3000], runtime:  16.04s, train loss: 4.6692e-06 (best: 4.3954e-06/3.2817e-06)
>> epoch [ 164/3000], runtime:  16.00s, train loss: 8.5064e-06 (best: 4.3954e-06/3.2817e-06)
>> epoch [ 165/3000], runtime:  16.59s, train loss: 5.1214e-06 (best: 4.3954e-06/3.2817e-06)
>> epoch [ 166/3000], runtime: 16.10s, train loss: 4.3549e-06, valid loss: 3.0482e-06 , test loss: 8.9249e-05
>> epoch [ 167/3000], runtime:  16.45s, train loss: 3.6069e-06 (best: 4.3549e-06/3.0482e-06)
>> epoch [ 168/3000], runtime:  15.72s, train loss: 4.4779e-06 (best: 4.3549e-06/3.0482e-06)
>> epoch [ 169/3000], runtime:  15.96s, train loss: 6.4823e-06 (best: 4.3549e-06/3.0482e-06)
>> epoch [ 170/3000], runtime:  16.69s, train loss: 4.2833e-06 (best: 4.3549e-06/3.0482e-06)
>> epoch [ 171/3000], runtime: 16.50s, train loss: 4.1510e-06, valid loss: 3.0458e-06 , test loss: 9.6988e-05
>> epoch [ 172/3000], runtime:  16.58s, train loss: 4.3430e-06 (best: 4.1510e-06/3.0458e-06)
>> epoch [ 173/3000], runtime:  16.59s, train loss: 5.8182e-06 (best: 4.1510e-06/3.0458e-06)
>> epoch [ 174/3000], runtime: 16.60s, train loss: 3.9574e-06, valid loss: 2.9935e-06 , test loss: 8.8359e-05
>> epoch [ 175/3000], runtime:  16.48s, train loss: 4.5586e-06 (best: 3.9574e-06/2.9935e-06)
>> epoch [ 176/3000], runtime:  16.05s, train loss: 5.1026e-06 (best: 3.9574e-06/2.9935e-06)
>> epoch [ 177/3000], runtime:  16.53s, train loss: 4.6978e-06 (best: 3.9574e-06/2.9935e-06)
>> epoch [ 178/3000], runtime:  16.41s, train loss: 4.1434e-06 (best: 3.9574e-06/2.9935e-06)
>> epoch [ 179/3000], runtime:  16.10s, train loss: 4.6273e-06 (best: 3.9574e-06/2.9935e-06)
>> epoch [ 180/3000], runtime:  16.15s, train loss: 4.5228e-06 (best: 3.9574e-06/2.9935e-06)
>> epoch [ 181/3000], runtime:  16.41s, train loss: 3.5765e-06 (best: 3.9574e-06/2.9935e-06)
>> epoch [ 182/3000], runtime:  16.12s, train loss: 4.2070e-06 (best: 3.9574e-06/2.9935e-06)
>> epoch [ 183/3000], runtime:  16.51s, train loss: 4.2912e-06 (best: 3.9574e-06/2.9935e-06)
>> epoch [ 184/3000], runtime:  16.46s, train loss: 4.8552e-06 (best: 3.9574e-06/2.9935e-06)
>> epoch [ 185/3000], runtime:  15.80s, train loss: 3.5666e-06 (best: 3.9574e-06/2.9935e-06)
>> epoch [ 186/3000], runtime:  16.41s, train loss: 3.4784e-06 (best: 3.9574e-06/2.9935e-06)
>> epoch [ 187/3000], runtime:  16.48s, train loss: 4.2646e-06 (best: 3.9574e-06/2.9935e-06)
>> epoch [ 188/3000], runtime:  16.56s, train loss: 4.0729e-06 (best: 3.9574e-06/2.9935e-06)
>> epoch [ 189/3000], runtime:  16.57s, train loss: 3.6946e-06 (best: 3.9574e-06/2.9935e-06)
>> epoch [ 190/3000], runtime:  16.51s, train loss: 3.4443e-06 (best: 3.9574e-06/2.9935e-06)
>> epoch [ 191/3000], runtime: 16.48s, train loss: 3.9224e-06, valid loss: 2.9083e-06 , test loss: 9.0814e-05
>> epoch [ 192/3000], runtime: 16.13s, train loss: 3.4608e-06, valid loss: 2.5768e-06 , test loss: 9.1745e-05
>> epoch [ 193/3000], runtime:  16.49s, train loss: 3.2387e-06 (best: 3.4608e-06/2.5768e-06)
>> epoch [ 194/3000], runtime: 16.56s, train loss: 3.0268e-06, valid loss: 2.4553e-06 , test loss: 8.0728e-05
>> epoch [ 195/3000], runtime:  16.55s, train loss: 3.5234e-06 (best: 3.0268e-06/2.4553e-06)
>> epoch [ 196/3000], runtime:  16.48s, train loss: 4.1698e-06 (best: 3.0268e-06/2.4553e-06)
>> epoch [ 197/3000], runtime:  16.42s, train loss: 4.3782e-06 (best: 3.0268e-06/2.4553e-06)
>> epoch [ 198/3000], runtime:  16.40s, train loss: 5.6823e-06 (best: 3.0268e-06/2.4553e-06)
>> epoch [ 199/3000], runtime:  16.52s, train loss: 4.7055e-06 (best: 3.0268e-06/2.4553e-06)
>> epoch [ 200/3000], runtime:  16.43s, train loss: 3.9829e-06 (best: 3.0268e-06/2.4553e-06)
>> epoch [ 201/3000], runtime:  16.49s, train loss: 3.5352e-06 (best: 3.0268e-06/2.4553e-06)
>> epoch [ 202/3000], runtime:  16.02s, train loss: 3.8092e-06 (best: 3.0268e-06/2.4553e-06)
>> epoch [ 203/3000], runtime:  16.52s, train loss: 3.2691e-06 (best: 3.0268e-06/2.4553e-06)
>> epoch [ 204/3000], runtime:  15.92s, train loss: 3.3478e-06 (best: 3.0268e-06/2.4553e-06)
>> epoch [ 205/3000], runtime:  16.35s, train loss: 3.9741e-06 (best: 3.0268e-06/2.4553e-06)
>> epoch [ 206/3000], runtime:  16.15s, train loss: 3.6651e-06 (best: 3.0268e-06/2.4553e-06)
>> epoch [ 207/3000], runtime:  16.43s, train loss: 3.5188e-06 (best: 3.0268e-06/2.4553e-06)
>> epoch [ 208/3000], runtime:  15.55s, train loss: 3.5560e-06 (best: 3.0268e-06/2.4553e-06)
>> epoch [ 209/3000], runtime:  16.46s, train loss: 3.6327e-06 (best: 3.0268e-06/2.4553e-06)
>> epoch [ 210/3000], runtime:  16.01s, train loss: 3.5096e-06 (best: 3.0268e-06/2.4553e-06)
>> epoch [ 211/3000], runtime:  16.00s, train loss: 3.8526e-06 (best: 3.0268e-06/2.4553e-06)
>> epoch [ 212/3000], runtime:  16.06s, train loss: 3.3648e-06 (best: 3.0268e-06/2.4553e-06)
>> epoch [ 213/3000], runtime:  16.07s, train loss: 3.5355e-06 (best: 3.0268e-06/2.4553e-06)
>> epoch [ 214/3000], runtime:  16.39s, train loss: 3.1422e-06 (best: 3.0268e-06/2.4553e-06)
>> epoch [ 215/3000], runtime:  15.94s, train loss: 3.9878e-06 (best: 3.0268e-06/2.4553e-06)
>> epoch [ 216/3000], runtime:  15.97s, train loss: 3.7339e-06 (best: 3.0268e-06/2.4553e-06)
>> epoch [ 217/3000], runtime:  16.14s, train loss: 3.3414e-06 (best: 3.0268e-06/2.4553e-06)
>> epoch [ 218/3000], runtime:  16.41s, train loss: 4.1402e-06 (best: 3.0268e-06/2.4553e-06)
>> epoch [ 219/3000], runtime:  15.92s, train loss: 3.5440e-06 (best: 3.0268e-06/2.4553e-06)
>> epoch [ 220/3000], runtime:  16.54s, train loss: 3.6176e-06 (best: 3.0268e-06/2.4553e-06)
>> epoch [ 221/3000], runtime:  16.28s, train loss: 3.4995e-06 (best: 3.0268e-06/2.4553e-06)
>> epoch [ 222/3000], runtime:  16.03s, train loss: 3.4820e-06 (best: 3.0268e-06/2.4553e-06)
>> epoch [ 223/3000], runtime:  16.50s, train loss: 4.2622e-06 (best: 3.0268e-06/2.4553e-06)
>> epoch [ 224/3000], runtime:  16.52s, train loss: 4.2513e-06 (best: 3.0268e-06/2.4553e-06)
>> epoch [ 225/3000], runtime:  16.31s, train loss: 3.6971e-06 (best: 3.0268e-06/2.4553e-06)
>> epoch [ 226/3000], runtime:  16.59s, train loss: 3.1470e-06 (best: 3.0268e-06/2.4553e-06)
>> epoch [ 227/3000], runtime: 16.45s, train loss: 2.9556e-06, valid loss: 2.2768e-06 , test loss: 7.8210e-05
>> epoch [ 228/3000], runtime:  16.08s, train loss: 3.3297e-06 (best: 2.9556e-06/2.2768e-06)
>> epoch [ 229/3000], runtime:  16.15s, train loss: 3.5305e-06 (best: 2.9556e-06/2.2768e-06)
>> epoch [ 230/3000], runtime:  15.58s, train loss: 3.3542e-06 (best: 2.9556e-06/2.2768e-06)
>> epoch [ 231/3000], runtime:  16.49s, train loss: 3.0139e-06 (best: 2.9556e-06/2.2768e-06)
>> epoch [ 232/3000], runtime:  15.96s, train loss: 3.3075e-06 (best: 2.9556e-06/2.2768e-06)
>> epoch [ 233/3000], runtime:  15.58s, train loss: 3.3497e-06 (best: 2.9556e-06/2.2768e-06)
>> epoch [ 234/3000], runtime:  16.06s, train loss: 3.2717e-06 (best: 2.9556e-06/2.2768e-06)
>> epoch [ 235/3000], runtime:  16.49s, train loss: 3.4511e-06 (best: 2.9556e-06/2.2768e-06)
>> epoch [ 236/3000], runtime:  16.54s, train loss: 3.0453e-06 (best: 2.9556e-06/2.2768e-06)
>> epoch [ 237/3000], runtime:  16.00s, train loss: 3.1068e-06 (best: 2.9556e-06/2.2768e-06)
>> epoch [ 238/3000], runtime:  16.44s, train loss: 2.6993e-06 (best: 2.9556e-06/2.2768e-06)
>> epoch [ 239/3000], runtime:  15.90s, train loss: 2.9884e-06 (best: 2.9556e-06/2.2768e-06)
>> epoch [ 240/3000], runtime:  16.42s, train loss: 3.1551e-06 (best: 2.9556e-06/2.2768e-06)
>> epoch [ 241/3000], runtime:  16.48s, train loss: 3.1829e-06 (best: 2.9556e-06/2.2768e-06)
>> epoch [ 242/3000], runtime:  16.00s, train loss: 4.0962e-06 (best: 2.9556e-06/2.2768e-06)
>> epoch [ 243/3000], runtime:  15.97s, train loss: 4.1499e-06 (best: 2.9556e-06/2.2768e-06)
>> epoch [ 244/3000], runtime:  16.46s, train loss: 4.0295e-06 (best: 2.9556e-06/2.2768e-06)
>> epoch [ 245/3000], runtime:  16.06s, train loss: 5.3791e-06 (best: 2.9556e-06/2.2768e-06)
>> epoch [ 246/3000], runtime:  16.60s, train loss: 3.8614e-06 (best: 2.9556e-06/2.2768e-06)
>> epoch [ 247/3000], runtime:  16.45s, train loss: 3.3745e-06 (best: 2.9556e-06/2.2768e-06)
>> epoch [ 248/3000], runtime:  15.59s, train loss: 3.1239e-06 (best: 2.9556e-06/2.2768e-06)
>> epoch [ 249/3000], runtime:  15.89s, train loss: 3.7799e-06 (best: 2.9556e-06/2.2768e-06)
>> epoch [ 250/3000], runtime:  16.19s, train loss: 3.1427e-06 (best: 2.9556e-06/2.2768e-06)
>> epoch [ 251/3000], runtime:  16.07s, train loss: 3.1376e-06 (best: 2.9556e-06/2.2768e-06)
>> epoch [ 252/3000], runtime:  16.08s, train loss: 2.9340e-06 (best: 2.9556e-06/2.2768e-06)
>> epoch [ 253/3000], runtime:  16.61s, train loss: 2.8363e-06 (best: 2.9556e-06/2.2768e-06)
>> epoch [ 254/3000], runtime: 16.54s, train loss: 2.7419e-06, valid loss: 2.2063e-06 , test loss: 7.5687e-05
>> epoch [ 255/3000], runtime:  16.42s, train loss: 2.5769e-06 (best: 2.7419e-06/2.2063e-06)
>> epoch [ 256/3000], runtime:  16.58s, train loss: 2.9633e-06 (best: 2.7419e-06/2.2063e-06)
>> epoch [ 257/3000], runtime:  16.46s, train loss: 3.5884e-06 (best: 2.7419e-06/2.2063e-06)
>> epoch [ 258/3000], runtime:  16.55s, train loss: 2.9288e-06 (best: 2.7419e-06/2.2063e-06)
>> epoch [ 259/3000], runtime:  16.45s, train loss: 2.5830e-06 (best: 2.7419e-06/2.2063e-06)
>> epoch [ 260/3000], runtime:  16.55s, train loss: 2.8648e-06 (best: 2.7419e-06/2.2063e-06)
>> epoch [ 261/3000], runtime:  16.45s, train loss: 3.1032e-06 (best: 2.7419e-06/2.2063e-06)
>> epoch [ 262/3000], runtime:  15.67s, train loss: 2.6886e-06 (best: 2.7419e-06/2.2063e-06)
>> epoch [ 263/3000], runtime:  15.64s, train loss: 2.6868e-06 (best: 2.7419e-06/2.2063e-06)
>> epoch [ 264/3000], runtime: 15.56s, train loss: 2.7200e-06, valid loss: 2.1911e-06 , test loss: 8.3963e-05
>> epoch [ 265/3000], runtime:  15.99s, train loss: 2.7233e-06 (best: 2.7200e-06/2.1911e-06)
>> epoch [ 266/3000], runtime:  16.49s, train loss: 2.7400e-06 (best: 2.7200e-06/2.1911e-06)
>> epoch [ 267/3000], runtime:  16.47s, train loss: 2.8222e-06 (best: 2.7200e-06/2.1911e-06)
>> epoch [ 268/3000], runtime:  16.58s, train loss: 3.2017e-06 (best: 2.7200e-06/2.1911e-06)
>> epoch [ 269/3000], runtime:  16.43s, train loss: 3.2393e-06 (best: 2.7200e-06/2.1911e-06)
>> epoch [ 270/3000], runtime:  16.08s, train loss: 2.9790e-06 (best: 2.7200e-06/2.1911e-06)
>> epoch [ 271/3000], runtime:  16.10s, train loss: 2.8282e-06 (best: 2.7200e-06/2.1911e-06)
>> epoch [ 272/3000], runtime:  16.31s, train loss: 2.8541e-06 (best: 2.7200e-06/2.1911e-06)
>> epoch [ 273/3000], runtime:  16.51s, train loss: 2.8854e-06 (best: 2.7200e-06/2.1911e-06)
>> epoch [ 274/3000], runtime:  16.56s, train loss: 3.2275e-06 (best: 2.7200e-06/2.1911e-06)
>> epoch [ 275/3000], runtime:  16.52s, train loss: 3.0076e-06 (best: 2.7200e-06/2.1911e-06)
>> epoch [ 276/3000], runtime:  16.12s, train loss: 3.0753e-06 (best: 2.7200e-06/2.1911e-06)
>> epoch [ 277/3000], runtime: 16.44s, train loss: 2.6164e-06, valid loss: 2.1577e-06 , test loss: 7.7729e-05
>> epoch [ 278/3000], runtime:  16.48s, train loss: 2.6491e-06 (best: 2.6164e-06/2.1577e-06)
>> epoch [ 279/3000], runtime:  16.03s, train loss: 2.6090e-06 (best: 2.6164e-06/2.1577e-06)
>> epoch [ 280/3000], runtime:  15.46s, train loss: 2.7008e-06 (best: 2.6164e-06/2.1577e-06)
>> epoch [ 281/3000], runtime:  16.54s, train loss: 2.8929e-06 (best: 2.6164e-06/2.1577e-06)
>> epoch [ 282/3000], runtime:  16.38s, train loss: 2.5072e-06 (best: 2.6164e-06/2.1577e-06)
>> epoch [ 283/3000], runtime: 16.46s, train loss: 2.5454e-06, valid loss: 2.1556e-06 , test loss: 7.9289e-05
>> epoch [ 284/3000], runtime:  16.41s, train loss: 2.5259e-06 (best: 2.5454e-06/2.1556e-06)
>> epoch [ 285/3000], runtime:  16.51s, train loss: 2.8264e-06 (best: 2.5454e-06/2.1556e-06)
>> epoch [ 286/3000], runtime:  15.92s, train loss: 2.9218e-06 (best: 2.5454e-06/2.1556e-06)
>> epoch [ 287/3000], runtime:  16.45s, train loss: 2.6291e-06 (best: 2.5454e-06/2.1556e-06)
>> epoch [ 288/3000], runtime:  16.49s, train loss: 2.6478e-06 (best: 2.5454e-06/2.1556e-06)
>> epoch [ 289/3000], runtime:  16.44s, train loss: 2.5428e-06 (best: 2.5454e-06/2.1556e-06)
>> epoch [ 290/3000], runtime:  16.50s, train loss: 2.5508e-06 (best: 2.5454e-06/2.1556e-06)
>> epoch [ 291/3000], runtime:  16.44s, train loss: 2.5160e-06 (best: 2.5454e-06/2.1556e-06)
>> epoch [ 292/3000], runtime:  16.55s, train loss: 2.7647e-06 (best: 2.5454e-06/2.1556e-06)
>> epoch [ 293/3000], runtime:  16.49s, train loss: 2.7608e-06 (best: 2.5454e-06/2.1556e-06)
>> epoch [ 294/3000], runtime:  16.47s, train loss: 2.7858e-06 (best: 2.5454e-06/2.1556e-06)
>> epoch [ 295/3000], runtime:  16.51s, train loss: 2.8880e-06 (best: 2.5454e-06/2.1556e-06)
>> epoch [ 296/3000], runtime:  16.40s, train loss: 2.7170e-06 (best: 2.5454e-06/2.1556e-06)
>> epoch [ 297/3000], runtime:  16.53s, train loss: 2.9939e-06 (best: 2.5454e-06/2.1556e-06)
>> epoch [ 298/3000], runtime:  16.54s, train loss: 2.7437e-06 (best: 2.5454e-06/2.1556e-06)
>> epoch [ 299/3000], runtime:  16.47s, train loss: 2.8264e-06 (best: 2.5454e-06/2.1556e-06)
>> epoch [ 300/3000], runtime:  16.55s, train loss: 2.7774e-06 (best: 2.5454e-06/2.1556e-06)
>> epoch [ 301/3000], runtime:  16.50s, train loss: 2.6149e-06 (best: 2.5454e-06/2.1556e-06)
>> epoch [ 302/3000], runtime:  16.53s, train loss: 3.0451e-06 (best: 2.5454e-06/2.1556e-06)
>> epoch [ 303/3000], runtime:  16.46s, train loss: 2.7245e-06 (best: 2.5454e-06/2.1556e-06)
>> epoch [ 304/3000], runtime:  15.22s, train loss: 2.4766e-06 (best: 2.5454e-06/2.1556e-06)
>> epoch [ 305/3000], runtime:  7.96s, train loss: 2.6294e-06 (best: 2.5454e-06/2.1556e-06)
>> epoch [ 306/3000], runtime:  7.97s, train loss: 2.6993e-06 (best: 2.5454e-06/2.1556e-06)
>> epoch [ 307/3000], runtime:  7.95s, train loss: 2.5250e-06 (best: 2.5454e-06/2.1556e-06)
>> epoch [ 308/3000], runtime:  7.97s, train loss: 2.6554e-06 (best: 2.5454e-06/2.1556e-06)
>> epoch [ 309/3000], runtime:  7.95s, train loss: 2.5957e-06 (best: 2.5454e-06/2.1556e-06)
>> epoch [ 310/3000], runtime:  7.93s, train loss: 2.4994e-06 (best: 2.5454e-06/2.1556e-06)
>> epoch [ 311/3000], runtime:  7.94s, train loss: 2.6272e-06 (best: 2.5454e-06/2.1556e-06)
>> epoch [ 312/3000], runtime:  7.91s, train loss: 2.5716e-06 (best: 2.5454e-06/2.1556e-06)
>> epoch [ 313/3000], runtime:  7.92s, train loss: 2.9397e-06 (best: 2.5454e-06/2.1556e-06)
>> epoch [ 314/3000], runtime:  7.93s, train loss: 2.4566e-06 (best: 2.5454e-06/2.1556e-06)
>> epoch [ 315/3000], runtime:  7.93s, train loss: 2.5623e-06 (best: 2.5454e-06/2.1556e-06)
>> epoch [ 316/3000], runtime:  7.93s, train loss: 2.5354e-06 (best: 2.5454e-06/2.1556e-06)
>> epoch [ 317/3000], runtime:  7.91s, train loss: 2.5349e-06 (best: 2.5454e-06/2.1556e-06)
>> epoch [ 318/3000], runtime:  7.91s, train loss: 2.5866e-06 (best: 2.5454e-06/2.1556e-06)
>> epoch [ 319/3000], runtime:  7.96s, train loss: 2.7449e-06 (best: 2.5454e-06/2.1556e-06)
>> epoch [ 320/3000], runtime:  7.92s, train loss: 2.5659e-06 (best: 2.5454e-06/2.1556e-06)
>> epoch [ 321/3000], runtime:  7.95s, train loss: 2.7734e-06 (best: 2.5454e-06/2.1556e-06)
>> epoch [ 322/3000], runtime:  7.91s, train loss: 2.6862e-06 (best: 2.5454e-06/2.1556e-06)
>> epoch [ 323/3000], runtime:  7.92s, train loss: 2.8644e-06 (best: 2.5454e-06/2.1556e-06)
>> epoch [ 324/3000], runtime:  7.93s, train loss: 2.6116e-06 (best: 2.5454e-06/2.1556e-06)
>> epoch [ 325/3000], runtime:  7.92s, train loss: 2.4849e-06 (best: 2.5454e-06/2.1556e-06)
>> epoch [ 326/3000], runtime:  7.96s, train loss: 2.5128e-06 (best: 2.5454e-06/2.1556e-06)
>> epoch [ 327/3000], runtime:  7.95s, train loss: 2.7283e-06 (best: 2.5454e-06/2.1556e-06)
>> epoch [ 328/3000], runtime: 7.91s, train loss: 2.3443e-06, valid loss: 2.0376e-06 , test loss: 7.5733e-05
>> epoch [ 329/3000], runtime:  7.91s, train loss: 2.4365e-06 (best: 2.3443e-06/2.0376e-06)
>> epoch [ 330/3000], runtime:  7.91s, train loss: 2.4912e-06 (best: 2.3443e-06/2.0376e-06)
>> epoch [ 331/3000], runtime:  7.93s, train loss: 2.5655e-06 (best: 2.3443e-06/2.0376e-06)
>> epoch [ 332/3000], runtime:  7.91s, train loss: 2.6605e-06 (best: 2.3443e-06/2.0376e-06)
>> epoch [ 333/3000], runtime:  7.93s, train loss: 2.5848e-06 (best: 2.3443e-06/2.0376e-06)
>> epoch [ 334/3000], runtime:  7.90s, train loss: 2.5457e-06 (best: 2.3443e-06/2.0376e-06)
>> epoch [ 335/3000], runtime:  7.93s, train loss: 2.7209e-06 (best: 2.3443e-06/2.0376e-06)
>> epoch [ 336/3000], runtime:  7.94s, train loss: 2.6163e-06 (best: 2.3443e-06/2.0376e-06)
>> epoch [ 337/3000], runtime:  7.93s, train loss: 2.4644e-06 (best: 2.3443e-06/2.0376e-06)
>> epoch [ 338/3000], runtime:  7.92s, train loss: 2.4777e-06 (best: 2.3443e-06/2.0376e-06)
>> epoch [ 339/3000], runtime:  7.91s, train loss: 2.4065e-06 (best: 2.3443e-06/2.0376e-06)
>> epoch [ 340/3000], runtime:  7.92s, train loss: 2.5540e-06 (best: 2.3443e-06/2.0376e-06)
>> epoch [ 341/3000], runtime:  7.93s, train loss: 2.5339e-06 (best: 2.3443e-06/2.0376e-06)
>> epoch [ 342/3000], runtime:  7.93s, train loss: 2.7608e-06 (best: 2.3443e-06/2.0376e-06)
>> epoch [ 343/3000], runtime:  7.94s, train loss: 2.5944e-06 (best: 2.3443e-06/2.0376e-06)
>> epoch [ 344/3000], runtime:  7.93s, train loss: 2.5449e-06 (best: 2.3443e-06/2.0376e-06)
>> epoch [ 345/3000], runtime:  7.92s, train loss: 2.4374e-06 (best: 2.3443e-06/2.0376e-06)
>> epoch [ 346/3000], runtime:  7.93s, train loss: 2.4644e-06 (best: 2.3443e-06/2.0376e-06)
>> epoch [ 347/3000], runtime:  7.92s, train loss: 2.4226e-06 (best: 2.3443e-06/2.0376e-06)
>> epoch [ 348/3000], runtime:  7.93s, train loss: 2.5214e-06 (best: 2.3443e-06/2.0376e-06)
>> epoch [ 349/3000], runtime:  7.93s, train loss: 2.7686e-06 (best: 2.3443e-06/2.0376e-06)
>> epoch [ 350/3000], runtime:  7.92s, train loss: 2.5710e-06 (best: 2.3443e-06/2.0376e-06)
>> epoch [ 351/3000], runtime:  7.93s, train loss: 2.4752e-06 (best: 2.3443e-06/2.0376e-06)
>> epoch [ 352/3000], runtime:  7.92s, train loss: 2.4286e-06 (best: 2.3443e-06/2.0376e-06)
>> epoch [ 353/3000], runtime:  7.95s, train loss: 2.3874e-06 (best: 2.3443e-06/2.0376e-06)
>> epoch [ 354/3000], runtime:  7.93s, train loss: 2.4616e-06 (best: 2.3443e-06/2.0376e-06)
>> epoch [ 355/3000], runtime:  7.91s, train loss: 2.2945e-06 (best: 2.3443e-06/2.0376e-06)
>> epoch [ 356/3000], runtime:  7.93s, train loss: 2.4205e-06 (best: 2.3443e-06/2.0376e-06)
>> epoch [ 357/3000], runtime:  7.93s, train loss: 2.4378e-06 (best: 2.3443e-06/2.0376e-06)
>> epoch [ 358/3000], runtime:  7.94s, train loss: 2.3574e-06 (best: 2.3443e-06/2.0376e-06)
>> epoch [ 359/3000], runtime:  7.93s, train loss: 2.3673e-06 (best: 2.3443e-06/2.0376e-06)
>> epoch [ 360/3000], runtime:  7.93s, train loss: 2.5627e-06 (best: 2.3443e-06/2.0376e-06)
>> epoch [ 361/3000], runtime:  7.92s, train loss: 2.5676e-06 (best: 2.3443e-06/2.0376e-06)
>> epoch [ 362/3000], runtime:  7.92s, train loss: 2.3915e-06 (best: 2.3443e-06/2.0376e-06)
>> epoch [ 363/3000], runtime:  7.92s, train loss: 2.5262e-06 (best: 2.3443e-06/2.0376e-06)
>> epoch [ 364/3000], runtime:  7.93s, train loss: 2.5078e-06 (best: 2.3443e-06/2.0376e-06)
>> epoch [ 365/3000], runtime:  7.92s, train loss: 2.3758e-06 (best: 2.3443e-06/2.0376e-06)
>> epoch [ 366/3000], runtime:  7.93s, train loss: 2.3742e-06 (best: 2.3443e-06/2.0376e-06)
>> epoch [ 367/3000], runtime:  7.91s, train loss: 2.3940e-06 (best: 2.3443e-06/2.0376e-06)
>> epoch [ 368/3000], runtime:  7.93s, train loss: 2.4568e-06 (best: 2.3443e-06/2.0376e-06)
>> epoch [ 369/3000], runtime:  7.91s, train loss: 2.3171e-06 (best: 2.3443e-06/2.0376e-06)
>> epoch [ 370/3000], runtime:  7.92s, train loss: 2.4531e-06 (best: 2.3443e-06/2.0376e-06)
>> epoch [ 371/3000], runtime:  7.94s, train loss: 2.4365e-06 (best: 2.3443e-06/2.0376e-06)
>> epoch [ 372/3000], runtime:  7.92s, train loss: 2.6188e-06 (best: 2.3443e-06/2.0376e-06)
>> epoch [ 373/3000], runtime:  7.94s, train loss: 2.4250e-06 (best: 2.3443e-06/2.0376e-06)
>> epoch [ 374/3000], runtime:  7.93s, train loss: 2.4298e-06 (best: 2.3443e-06/2.0376e-06)
>> epoch [ 375/3000], runtime:  7.92s, train loss: 2.4940e-06 (best: 2.3443e-06/2.0376e-06)
>> epoch [ 376/3000], runtime:  7.91s, train loss: 2.4558e-06 (best: 2.3443e-06/2.0376e-06)
>> epoch [ 377/3000], runtime:  7.91s, train loss: 2.4336e-06 (best: 2.3443e-06/2.0376e-06)
>> epoch [ 378/3000], runtime:  7.92s, train loss: 2.4962e-06 (best: 2.3443e-06/2.0376e-06)
>> epoch [ 379/3000], runtime:  7.93s, train loss: 2.4003e-06 (best: 2.3443e-06/2.0376e-06)
----------------------------------------------------------------------------------------------------
----------------------------------------------------------------------------------------------------
>> ntrain: 300, layer_info: 128_5, act_xi: ReLU, lr: 0.01, gamma: 0.6, w_d: 0.0
>> Best train loss: 2.3443e-06
>> Best valid loss: 2.0376e-06
>> Best test loss: 7.5733e-05
>> Best epoch: 327
----------------------------------------------------------------------------------------------------
----------------------------------------------------------------------------------------------------
>> Training Completed!!
