0
/root/autodl-tmp/project/MPNO_final/BlatzKo_1d/1d_nonlocal_BlatzKo_analytical_data/BlatzKo_1d_analytical_u_ex37_sample.py:99: IntegrationWarning: The occurrence of roundoff error is detected, which prevents 
  the requested tolerance from being achieved.  The error may be 
  underestimated.
  I1, err1[n,i-m_fact] = integrate.quad(f, 0, delta, epsabs=1e-16, epsrel=1e-16)
/root/autodl-tmp/project/MPNO_final/BlatzKo_1d/1d_nonlocal_BlatzKo_analytical_data/BlatzKo_1d_analytical_u_ex37_sample.py:100: IntegrationWarning: The occurrence of roundoff error is detected, which prevents 
  the requested tolerance from being achieved.  The error may be 
  underestimated.
  I2, err2[n,i-m_fact] = integrate.quad(f, -delta, 0, epsabs=1e-16, epsrel=1e-16)
4.878439649697264e-16 4.925998267725172e-16
1
7.1898274584972665e-16 7.180081608915581e-16
2
5.386713467370006e-16 5.330587786370941e-16
3
5.425324123311317e-16 5.389555342249671e-16
4
7.012344888086171e-16 7.071666936507638e-16
5
2.685141325166014e-16 3.023932203260753e-16
6
5.129640857741454e-16 5.109986323153203e-16
7
7.31799944780962e-16 7.329934994461635e-16
8
5.635799620016219e-16 5.680009835664634e-16
9
5.764556243608506e-16 5.720737000268814e-16
10
6.109157823904792e-16 6.10959119530175e-16
11
8.388932635319452e-16 6.835027056988364e-16
12
7.408369650785451e-16 7.384456632844548e-16
13
4.793976026863181e-16 5.314509237516321e-16
14
5.93255591857017e-16 5.920002236126784e-16
15
3.821870896255259e-16 3.868828952999185e-16
16
3.723326457742583e-16 3.7175379616502985e-16
17
6.41361970390094e-16 6.36134558605251e-16
18
7.199455637905858e-16 7.178079352888904e-16
19
8.086413793648926e-16 8.137671822705927e-16
20
9.171488725307959e-16 9.05744588843711e-16
21
6.306759260952193e-16 6.295642585344342e-16
22
7.87543554130899e-16 7.8762031628441e-16
23
8.388158766962873e-16 8.423452120663842e-16
24
7.414492426338625e-16 7.371097012733786e-16
25
8.251829049500819e-16 8.267382757444593e-16
26
6.590229228426995e-16 6.492937779776045e-16
27
6.742641362270395e-16 6.739141698488899e-16
28
1.0067498492813878e-15 9.921238090720674e-16
29
9.363580078766328e-16 6.678913911260513e-16
30
5.128193769297517e-16 7.464325499308052e-16
31
3.046363212749471e-16 3.004204727039701e-16
32
1.0999207375172668e-15 1.0903262390989775e-15
33
5.133558271050297e-16 5.108223174041527e-16
34
5.120175085163283e-16 5.017105740736839e-16
35
8.2541085366375855e-16 8.18842860223567e-16
36
4.672096766599153e-16 4.63596125747574e-16
37
6.781274680299626e-16 6.701278056428486e-16
38
6.899425158993483e-16 6.911030401048084e-16
39
7.074502666061193e-16 6.999553459569559e-16
40
8.70413620005029e-16 5.428696785001202e-16
41
5.012623203942156e-16 5.045736400907785e-16
42
6.318315136049275e-16 6.329581770003109e-16
43
4.654751956199384e-16 5.611725468468155e-16
44
7.267522400693864e-16 7.147265032618325e-16
45
8.590006959223058e-16 8.652538387690523e-16
46
4.0950532677334346e-16 4.0080407849139693e-16
47
1.0607908900348287e-15 1.0617538380356918e-15
48
6.282119138743545e-16 6.381664929135044e-16
49
8.909660958806572e-16 8.936567629378496e-16
50
8.667483444804295e-16 7.739773356904156e-16
51
4.2972770764912553e-16 4.318224358967101e-16
52
5.25845120663541e-16 5.018461335899248e-16
53
6.062207521469659e-16 6.120267915920516e-16
54
3.7991830287903704e-16 3.7315353645787255e-16
55
7.221684916176752e-16 7.208115394158839e-16
56
6.695883033996716e-16 5.000229703140502e-16
57
8.841732615389846e-16 8.725274905320821e-16
58
4.738039889995219e-16 5.024999527345585e-16
59
5.053419925450262e-16 6.687827268101314e-16
60
8.894318337169513e-16 8.958804923889848e-16
61
1.060718096969638e-15 1.0652987772370094e-15
62
7.510935495613206e-16 7.625164487835699e-16
63
9.411603155650073e-16 9.369748294118289e-16
64
8.437492915873347e-16 8.48299313570274e-16
65
8.185327522143536e-16 8.223307219829014e-16
66
4.78563677833127e-16 2.8813302289506993e-16
67
5.324167631034527e-16 3.499981267566541e-16
68
6.774676764947374e-16 6.744678435444016e-16
69
3.0786173883256733e-16 2.900327598775169e-16
70
8.264984333264908e-16 6.731059940306006e-16
71
5.646773633181382e-16 5.554239321981957e-16
72
4.843679005952504e-16 4.412962289647213e-16
73
3.5840057155120574e-16 3.555965866864303e-16
74
8.955201609454137e-16 8.890833000229342e-16
75
4.905737210515219e-16 4.838504219783457e-16
76
5.094917286591467e-16 5.99251109195834e-16
77
8.538568687907625e-16 8.475924843410852e-16
78
5.422096185146088e-16 6.908849796860185e-16
79
3.6700068826244286e-16 3.634027457798129e-16
80
6.700588308230902e-16 6.686468724375896e-16
81
9.010846185615934e-16 8.964645529035197e-16
82
8.504512822763866e-16 8.558896582795017e-16
83
7.057054649347129e-16 7.014508749528959e-16
84
6.045849389320893e-16 5.86964269461011e-16
85
9.625593120065132e-16 9.653071459432688e-16
86
6.820284444824223e-16 6.96439150055666e-16
87
6.989617748678785e-16 7.01977193702367e-16
88
3.707812494218612e-16 2.833574851452083e-16
89
5.374678851624752e-16 6.269603175986229e-16
90
9.654734230293942e-16 9.732201877366248e-16
91
4.911196094652332e-16 4.835750009678927e-16
92
4.214607202089806e-16 4.715505264562672e-16
93
7.785078775269992e-16 1.1111032390821687e-15
94
1.8351588293608956e-16 1.8237024804734867e-16
95
7.957054244762388e-16 7.694656611991114e-16
96
2.5808308617231375e-16 2.551105082948404e-16
97
4.3494047376545826e-16 4.3869091511005035e-16
98
8.464368602646544e-16 8.51785603562652e-16
99
5.448977256547437e-16 5.937070943562465e-16
1.0999207375172668e-15
1.1111032390821687e-15
