PID:  25981
0
9.832513562275818e-13 9.836224571016768e-13
/root/autodl-tmp/project/MPNO_final/BlatzKo_1d/1d_nonlocal_BlatzKo_analytical_data/BlatzKo_1d_analytical_u_ex35_ood.py:129: UserWarning: torch.range is deprecated and will be removed in a future release because its behavior is inconsistent with Python's range builtin. Instead, use torch.arange, which produces values in [start, end).
  ksi_range = torch.range(-m_fact, m_fact).int()
0.7737795674873775 tensor(1.1663) tensor(2.2698)
0
9.77557600456014e-13 9.22029286541308e-13
1.5771729714307519 tensor(2.1379) tensor(3.1728)
0
9.94358932813344e-13 9.944507772173868e-13
1.9789913623202975 tensor(2.2440) tensor(3.5569)
1
9.90290698724285e-13 9.92142520673719e-13
0.5570582402480945 tensor(0.7719) tensor(2.3304)
2
9.91758703204548e-13 9.990300473531097e-13
1.8374863916780084 tensor(2.2686) tensor(3.3893)
3
9.031695940153344e-13 9.939248238428141e-13
0.7297525019974811 tensor(1.1714) tensor(2.3961)
3
9.81218945653079e-13 9.987148269303038e-13
0.2630597033612867 tensor(0.7233) tensor(1.8634)
4
9.742464994241512e-13 9.859130026657e-13
1.775827692763467 tensor(2.2432) tensor(3.3415)
4
9.657251728986666e-13 9.928100664729155e-13
0.7016374461224844 tensor(0.9563) tensor(2.4234)
4
9.635309965507007e-13 9.933248977803946e-13
1.4485797097228945 tensor(1.8217) tensor(3.1944)
4
9.927481705942862e-13 9.908763557241914e-13
1.3927455536063729 tensor(1.9590) tensor(2.9034)
4
9.887712940160329e-13 9.670589848536925e-13
1.32188435274103 tensor(1.7363) tensor(2.8134)
4
9.975746064885715e-13 9.900456392016031e-13
1.6792645070480774 tensor(1.9491) tensor(3.2996)
4
9.457231719413046e-13 9.887865501108748e-13
1.4790092098094687 tensor(2.0049) tensor(3.1175)
4
9.857735634606707e-13 9.949852567134512e-13
1.8633539246564523 tensor(2.2033) tensor(3.5700)
5
9.96463426427393e-13 9.968363898691498e-13
0.9707490983701037 tensor(1.3836) tensor(2.6994)
5
9.963832464914174e-13 9.80717069115903e-13
1.261972964668037 tensor(1.6243) tensor(2.9382)
5
9.899644197027766e-13 9.566725775223113e-13
1.8796110930454935 tensor(2.0844) tensor(3.7522)
6
9.580668977393618e-13 9.914537296064843e-13
1.273437921164321 tensor(1.5150) tensor(2.9396)
6
9.585420710307884e-13 9.929689943594968e-13
1.514603539919134 tensor(1.7877) tensor(3.1402)
6
9.671702318217665e-13 9.833983257855912e-13
1.9861563823478168 tensor(2.4198) tensor(3.6751)
7
9.7954659936909e-13 9.923397253103741e-13
1.869744791957881 tensor(2.1678) tensor(3.4408)
8
9.19369561135106e-13 9.728698176254158e-13
1.283387626351735 tensor(1.4126) tensor(3.2597)
8
9.810972910696494e-13 9.968239282093808e-13
1.2759777305169808 tensor(1.7378) tensor(2.8704)
8
9.663297488115485e-13 9.842688573899281e-13
1.7096933383135293 tensor(1.8176) tensor(3.5078)
9
9.89799625240966e-13 9.53380063162523e-13
0.9422703672074288 tensor(1.3120) tensor(2.7883)
9
9.95966813263962e-13 9.553008563020393e-13
1.4110576721935457 tensor(1.8715) tensor(2.8904)
9
9.980613870618955e-13 9.961333928378507e-13
0.3120357229344525 tensor(0.6569) tensor(1.9738)
10
9.482481645111461e-13 9.696383792228036e-13
1.712063962077676 tensor(2.1952) tensor(3.4192)
11
9.897769204602075e-13 9.885619035731083e-13
1.7263334815102735 tensor(1.8865) tensor(3.5091)
12
9.812315455953549e-13 9.965739907926618e-13
0.43361725282527663 tensor(0.7848) tensor(2.0716)
13
9.959209319381452e-13 9.996725457010428e-13
0.4394097503712808 tensor(0.5525) tensor(2.2218)
14
9.530123885465224e-13 9.690618753851234e-13
1.9525945987704645 tensor(2.3520) tensor(3.4902)
15
9.986018344922098e-13 9.953434518964748e-13
0.386591133657332 tensor(0.4968) tensor(2.2533)
16
9.977295144027082e-13 9.815551108721151e-13
1.529365565872482 tensor(2.0278) tensor(3.1299)
16
9.973905752334459e-13 9.830097202747866e-13
1.8525806476723137 tensor(2.2553) tensor(3.3868)
17
9.728173105670695e-13 9.941410536410025e-13
1.319575525224352 tensor(1.6807) tensor(3.0031)
17
9.877825036756133e-13 9.986768256143796e-13
1.4261291600088943 tensor(1.4003) tensor(3.2778)
17
9.871233942081087e-13 9.912855551809312e-13
1.941247597167827 tensor(2.2945) tensor(3.5117)
18
9.966066388958118e-13 9.806563013962456e-13
1.0141666574905277 tensor(1.3400) tensor(2.7128)
18
9.99715113325366e-13 9.79250210174339e-13
1.7863000185281155 tensor(2.2007) tensor(3.4601)
19
9.596284631568112e-13 9.876627155794939e-13
1.9875927297726081 tensor(2.3062) tensor(3.6788)
20
9.752298831361093e-13 9.56731190892214e-13
1.606921173159489 tensor(2.1129) tensor(3.3906)
21
9.934072545659937e-13 9.897108568531469e-13
0.7848418386531291 tensor(1.1713) tensor(2.3151)
21
9.65313515011761e-13 9.922803021902216e-13
1.1796008767560853 tensor(1.7029) tensor(2.6564)
21
9.461353000221642e-13 9.997458914367243e-13
0.7597540626505974 tensor(1.0861) tensor(2.3527)
21
9.99716863254748e-13 9.979554911477802e-13
0.9511627862920333 tensor(1.3414) tensor(2.5455)
21
9.876687480247134e-13 9.182800879086947e-13
1.7607611498117715 tensor(2.1819) tensor(3.3108)
21
9.926199671198694e-13 9.8647999913495e-13
0.22661793855147927 tensor(0.6397) tensor(1.7166)
22
9.832580496221288e-13 9.626507207844874e-13
1.3681230580539325 tensor(1.6121) tensor(3.2006)
22
9.98084132325022e-13 9.742669910669033e-13
0.7232896437352383 tensor(1.0633) tensor(2.3281)
22
9.813730299562073e-13 9.990965323506756e-13
0.6118236334107703 tensor(0.8587) tensor(2.3102)
22
9.794645926153327e-13 9.999788510764614e-13
0.9509542971870335 tensor(1.4227) tensor(2.3927)
22
9.26230565635103e-13 9.557458829161797e-13
1.422921002922464 tensor(1.7094) tensor(3.2876)
22
9.53259050928872e-13 9.977820196428728e-13
1.867220496747506 tensor(2.2596) tensor(3.6073)
23
9.631316101488864e-13 9.830728921129228e-13
1.9039001150264503 tensor(2.2642) tensor(3.5075)
24
9.774649624907808e-13 9.992424986060023e-13
0.7712505646089007 tensor(1.1518) tensor(2.4765)
24
9.807732320551154e-13 9.81037413338128e-13
0.4119578489493571 tensor(0.7557) tensor(2.3119)
25
9.973155496536887e-13 9.5202527773086e-13
0.8723994937445363 tensor(1.1046) tensor(2.3798)
25
9.453327530829114e-13 9.998139287296586e-13
1.744426196914138 tensor(1.8763) tensor(3.3337)
25
9.986330433273867e-13 9.77762097124406e-13
0.9927761753195661 tensor(1.3541) tensor(2.5550)
25
9.853499375931313e-13 9.190210826747946e-13
1.8836835885262915 tensor(2.2723) tensor(3.5228)
26
9.732410555835396e-13 9.843970488511492e-13
1.073569265636556 tensor(1.5534) tensor(2.6151)
26
9.950388892206463e-13 9.384884559862127e-13
1.3235960594924305 tensor(1.6805) tensor(2.7499)
26
9.967461134943744e-13 9.983033946654535e-13
1.6113208330464477 tensor(2.0847) tensor(3.2097)
26
9.899673718231153e-13 9.958355996911092e-13
0.301515722954627 tensor(0.5255) tensor(2.1588)
27
9.843814532907833e-13 9.728674278295823e-13
0.6144380339005276 tensor(0.9645) tensor(2.1446)
27
9.712690198201393e-13 9.807374128645793e-13
1.945037275478694 tensor(2.2500) tensor(3.5279)
28
9.989177217094863e-13 9.387395506506452e-13
0.4415396041849293 tensor(0.6318) tensor(2.0135)
29
9.603236963202016e-13 9.94708329516307e-13
1.730068907867751 tensor(1.9448) tensor(3.3925)
30
9.787039760861125e-13 9.728650282359043e-13
0.8839971537665512 tensor(1.3170) tensor(2.4886)
30
9.99254517939843e-13 9.95973512665003e-13
0.244947868703562 tensor(0.5942) tensor(1.9284)
31
9.949908182781971e-13 9.8338763657804e-13
1.631413167030816 tensor(2.0320) tensor(3.1279)
31
9.767243484034162e-13 9.728708901964854e-13
1.6407753956917543 tensor(2.0704) tensor(3.1978)
31
8.758058035740874e-13 9.975658469482708e-13
1.8376993955278045 tensor(2.1614) tensor(3.5265)
32
9.911772110806358e-13 9.10897493841399e-13
1.0705424740420844 tensor(1.6262) tensor(2.6527)
32
9.834976103595929e-13 9.929450017084625e-13
1.477324563031944 tensor(1.8727) tensor(3.1640)
32
9.892562999867765e-13 9.853023251281512e-13
0.9726226100774711 tensor(1.2783) tensor(2.5640)
32
9.649979999484649e-13 9.714690551582247e-13
0.3639025876060584 tensor(0.8562) tensor(1.8844)
32
9.914621404033546e-13 9.89237195320407e-13
0.26829910375986954 tensor(0.8621) tensor(1.8145)
32
9.650877032427132e-13 9.913442638827598e-13
0.22031117366329991 tensor(0.5778) tensor(1.8181)
33
9.909692350509789e-13 9.79190299224564e-13
0.7981698397056316 tensor(1.2115) tensor(2.4447)
33
9.984274505021034e-13 9.901156875935758e-13
1.540327356652638 tensor(1.9855) tensor(3.1498)
33
9.91778462474813e-13 9.89369897804587e-13
0.3227554798187196 tensor(0.6246) tensor(2.1368)
34
9.9448224057578e-13 9.561959586705577e-13
0.6088234257808278 tensor(0.9276) tensor(2.1864)
34
9.97813932415274e-13 9.525450040793926e-13
1.4271338156929174 tensor(1.7115) tensor(3.1383)
34
9.98276793239487e-13 9.825072248002763e-13
0.6170667033496671 tensor(0.7760) tensor(2.2344)
35
9.758257429540128e-13 9.781142621651364e-13
0.5741495632729244 tensor(0.9603) tensor(2.2060)
35
9.927423014545464e-13 9.833751380961709e-13
0.7954576495791723 tensor(1.0297) tensor(2.3631)
35
9.935386473410472e-13 9.74227791882604e-13
0.7932008587215227 tensor(1.2365) tensor(2.3154)
35
9.831730830091988e-13 9.295894227202143e-13
1.6929084740894946 tensor(2.0949) tensor(3.2201)
35
9.513891425219282e-13 9.96518752852634e-13
1.0432556229571996 tensor(1.4998) tensor(2.5184)
35
9.90707986949563e-13 9.69887575974795e-13
1.2772419255916434 tensor(1.6416) tensor(3.0077)
35
9.578544433645475e-13 9.84983353304162e-13
1.1791550534101365 tensor(1.4781) tensor(2.8069)
35
9.12342822479042e-13 9.798750212407751e-13
1.7355415047960798 tensor(2.1522) tensor(3.3580)
36
9.956718627233083e-13 9.933907441769333e-13
0.28519502791371215 tensor(0.8916) tensor(1.8501)
36
9.616447267960493e-13 9.368094561542268e-13
0.8753238678256792 tensor(1.3910) tensor(2.5567)
36
9.701781642345698e-13 9.551484295266449e-13
1.1913984239341873 tensor(1.5585) tensor(2.8563)
36
9.766433907821324e-13 9.97682293410052e-13
1.9159062692708542 tensor(2.2097) tensor(3.7450)
37
9.977680172367837e-13 9.927199628332575e-13
0.6252016510795088 tensor(1.0334) tensor(2.3538)
37
9.813551821766745e-13 9.932331254673691e-13
1.450373594239592 tensor(1.6854) tensor(3.1870)
37
9.975149713788172e-13 9.734361086597802e-13
1.4387126886728165 tensor(1.9498) tensor(3.1496)
37
9.936944295448507e-13 9.615112889613967e-13
1.0692788968444056 tensor(1.3010) tensor(2.6898)
37
9.733370394535198e-13 9.968173650175087e-13
0.8892451718037349 tensor(1.2618) tensor(2.4496)
37
9.689018829551813e-13 9.511243794342174e-13
0.3121558413222846 tensor(0.6203) tensor(1.8767)
38
9.95441483050024e-13 9.75799516227166e-13
0.9650782678215202 tensor(1.3795) tensor(2.7871)
38
9.990637853730223e-13 9.819805370936048e-13
1.344836146313653 tensor(1.6121) tensor(2.9826)
38
9.952580346414831e-13 9.851718433341563e-13
0.39527861954762955 tensor(0.9084) tensor(1.9374)
38
9.917426745528482e-13 9.978069433411973e-13
0.33097443081962674 tensor(0.2908) tensor(2.0843)
39
9.840265037859933e-13 9.586384866178187e-13
1.600721196688766 tensor(1.9987) tensor(3.1611)
39
9.823813456912155e-13 9.687075920744348e-13
0.5515512574452777 tensor(0.8312) tensor(2.3162)
39
9.975108641640325e-13 9.453845263890022e-13
1.1399827589087224 tensor(1.5323) tensor(2.8229)
39
9.767571518580964e-13 9.664937062213284e-13
1.3750206268399388 tensor(1.7619) tensor(3.0913)
39
9.874116777648713e-13 9.937878625052667e-13
1.7870715810356785 tensor(2.2238) tensor(3.3633)
40
9.762222078662165e-13 9.781608473884317e-13
0.31351998071320736 tensor(0.8025) tensor(1.8685)
41
9.819280134908579e-13 9.905567746868365e-13
0.3879686088498194 tensor(0.7571) tensor(2.1280)
42
9.983533421669655e-13 9.382768530145347e-13
0.48172331651884465 tensor(0.8994) tensor(2.0412)
42
9.781341307761448e-13 9.890945191607264e-13
1.6142124816679173 tensor(1.9741) tensor(3.3138)
42
9.773509223408286e-13 9.930174526921594e-13
0.8180898204088873 tensor(1.2233) tensor(2.4226)
42
9.88166270678366e-13 9.883275726823008e-13
1.6949630402152114 tensor(2.0122) tensor(3.3704)
43
9.769268164425437e-13 9.975510843898818e-13
0.6885495488455892 tensor(1.0275) tensor(2.4503)
43
9.949952444820205e-13 9.729380093490285e-13
0.40819416443500584 tensor(0.7787) tensor(1.9936)
44
9.932432527316939e-13 9.820992537071468e-13
0.688338770944286 tensor(1.1364) tensor(2.1878)
44
9.979877805095744e-13 9.596998403076876e-13
1.5506378624522335 tensor(2.0419) tensor(3.1460)
44
9.809422653878395e-13 9.876056446474891e-13
0.9903287371962233 tensor(1.3754) tensor(2.5926)
44
9.994736550895596e-13 9.990705942784398e-13
1.5230615802613074 tensor(2.0303) tensor(3.4638)
45
9.90494670793318e-13 9.89677183453721e-13
0.9926385392940891 tensor(1.4798) tensor(2.5555)
45
9.711468812442198e-13 9.858804475954567e-13
1.9300407555563546 tensor(2.2909) tensor(3.5780)
46
9.979423566770853e-13 9.999176909594433e-13
0.7291926616145568 tensor(0.9502) tensor(2.3582)
46
9.710226798135586e-13 9.886438503302312e-13
1.19817071095471 tensor(1.7393) tensor(2.7984)
46
9.805068123812148e-13 9.898828975209347e-13
1.8911030083111409 tensor(2.2435) tensor(3.5642)
47
9.805613144774091e-13 9.946350229012528e-13
1.7351639907043355 tensor(2.2065) tensor(3.2366)
47
9.742680726037815e-13 9.956113072619539e-13
0.26036283103378477 tensor(0.6031) tensor(2.0331)
48
9.70330727375882e-13 9.752578233482088e-13
1.323955711769447 tensor(1.7050) tensor(2.8911)
48
9.866594461885814e-13 9.86195667614702e-13
1.5326716310401731 tensor(1.7559) tensor(3.1102)
48
9.9350143619595e-13 9.997465910852537e-13
1.3482472748060488 tensor(1.6271) tensor(3.1406)
48
9.99340449354911e-13 9.808001066368118e-13
0.8472089750459217 tensor(1.1978) tensor(2.4157)
48
9.905585917308246e-13 9.850938850656446e-13
0.521677226149736 tensor(0.8701) tensor(2.0542)
48
9.601572423267183e-13 9.842835808270233e-13
0.29600280194344053 tensor(0.8264) tensor(2.0067)
48
9.762513674959964e-13 9.801411482387242e-13
1.6464695743393283 tensor(2.0482) tensor(3.2647)
48
9.913123951424686e-13 9.761735116818169e-13
0.467593265482295 tensor(0.7914) tensor(2.1131)
49
9.631642058408517e-13 9.948635933149389e-13
0.5237132800652394 tensor(0.9460) tensor(2.1178)
49
9.495753608756893e-13 9.861764451536353e-13
1.4621169404482384 tensor(1.8516) tensor(3.1214)
49
9.718211721186679e-13 9.904388757539203e-13
1.820223871294168 tensor(2.1838) tensor(3.5689)
50
9.86207042245202e-13 9.9877695609719e-13
1.1857714597786255 tensor(1.5940) tensor(2.9572)
50
9.937045470431095e-13 9.76921534786127e-13
0.4838286207389144 tensor(0.8472) tensor(2.1557)
50
9.301977603019946e-13 9.548991944123415e-13
1.8847908004139857 tensor(2.3264) tensor(3.5039)
51
9.97501772585524e-13 9.544489241942574e-13
1.5729838563341942 tensor(1.8709) tensor(3.2789)
51
9.959533386031588e-13 9.499920470131054e-13
0.31280793426782216 tensor(0.7673) tensor(1.9015)
52
9.974346791919021e-13 9.745655212901069e-13
1.340252195497789 tensor(1.5988) tensor(2.9207)
52
9.944008051705723e-13 9.926797826210295e-13
1.5956883544661133 tensor(2.0180) tensor(3.2327)
52
9.843216554616261e-13 9.747552411856356e-13
1.5981638406725773 tensor(1.7998) tensor(3.1674)
52
9.35992543109948e-13 9.979110177012894e-13
0.8643594302263997 tensor(1.1037) tensor(2.5204)
52
9.725490494368522e-13 9.981353303754834e-13
1.33565024211649 tensor(1.4896) tensor(3.1399)
52
9.301749842712264e-13 9.983313805029227e-13
1.8581691648826815 tensor(2.2264) tensor(3.3399)
52
9.581632508690634e-13 9.8992970964204e-13
0.810762917547615 tensor(1.0861) tensor(2.4232)
52
9.668666324345709e-13 9.779091879551345e-13
1.8249837284258013 tensor(2.2015) tensor(3.3951)
53
9.981441726101157e-13 9.999286625097753e-13
0.6755193968560783 tensor(0.8518) tensor(2.4536)
53
9.899521826696932e-13 9.715347236796557e-13
0.5840811660014225 tensor(0.9706) tensor(2.1665)
53
9.928815395641397e-13 9.844888269567037e-13
0.6544992707985441 tensor(1.0075) tensor(2.6253)
53
9.820517177464343e-13 9.945326846782514e-13
0.878480209336483 tensor(1.3183) tensor(2.3509)
53
9.878726546486252e-13 9.849022149675735e-13
1.968600256173672 tensor(2.2356) tensor(3.5845)
54
9.66494092215235e-13 9.92295867095077e-13
1.200712177729079 tensor(1.5272) tensor(2.8627)
54
9.383070051096858e-13 9.96197699530663e-13
1.0762867099743791 tensor(1.4607) tensor(2.9068)
54
9.838296914703495e-13 9.858574698618983e-13
0.6533187887931947 tensor(0.9621) tensor(2.2996)
54
9.176176812931939e-13 9.926980650206949e-13
1.2158690861451882 tensor(1.6340) tensor(2.9822)
54
9.457300007221136e-13 9.870188366644439e-13
1.8689898934657345 tensor(2.3540) tensor(3.3250)
54
9.047609014461023e-13 9.909931860524741e-13
1.1280119325578453 tensor(1.4767) tensor(2.6930)
54
9.990177067163495e-13 9.337862306143019e-13
1.6892191867917805 tensor(1.9587) tensor(3.4285)
55
9.934625301524716e-13 9.710660208699534e-13
1.4587773489626776 tensor(1.6507) tensor(3.0479)
55
9.829989665913057e-13 9.78348213486355e-13
0.8141815353998043 tensor(1.2099) tensor(2.6032)
55
9.667354707938587e-13 9.924858578490215e-13
0.2742234891450943 tensor(0.6681) tensor(1.8063)
56
9.955572014076585e-13 9.48363848146073e-13
1.7187959476498063 tensor(2.1768) tensor(3.4456)
57
9.912960779181775e-13 9.70958518310401e-13
1.2917542800053874 tensor(1.6744) tensor(3.0338)
57
9.751519093283119e-13 9.90638377998309e-13
0.9048616562560721 tensor(1.2174) tensor(2.5617)
57
8.017290472447788e-13 9.46460875932343e-13
1.9691640484722597 tensor(2.2638) tensor(3.5310)
58
9.738904205125745e-13 9.815940953382803e-13
0.3648831011750788 tensor(0.6552) tensor(2.0553)
59
9.8838563621124e-13 9.992676021503855e-13
0.23921777277279968 tensor(0.5921) tensor(1.7823)
60
9.779045907774388e-13 9.505761201526565e-13
0.6739746430775599 tensor(1.0868) tensor(2.2330)
60
9.975772524727517e-13 9.897828720265243e-13
1.3389582228790844 tensor(1.7212) tensor(3.2121)
60
9.773750767641408e-13 9.955090800352184e-13
0.3501749612983376 tensor(0.7943) tensor(1.8526)
61
9.91162440058257e-13 9.804657598603468e-13
1.5867485489205468 tensor(2.0364) tensor(3.1261)
61
9.896777253342086e-13 9.777886495532135e-13
1.2488522132409698 tensor(1.6569) tensor(2.8988)
61
9.842663173348187e-13 9.528765123653003e-13
1.2428129935522114 tensor(1.5926) tensor(2.9676)
61
9.782175076346303e-13 9.9835021364195e-13
1.1506836452631641 tensor(1.6080) tensor(2.8207)
61
9.17476615011059e-13 9.540893701366046e-13
1.3946273943857495 tensor(1.8216) tensor(2.9339)
61
9.795533726613029e-13 9.87395533123039e-13
0.25168160583499205 tensor(0.6408) tensor(1.8326)
62
9.896125875410352e-13 9.830364673465778e-13
0.4372485149153257 tensor(0.8320) tensor(2.0682)
62
9.40802336980699e-13 9.873587145861847e-13
0.6081917223630159 tensor(0.8931) tensor(2.4605)
62
9.97994651083284e-13 9.91225388507286e-13
1.7292034615460385 tensor(1.8654) tensor(3.4936)
63
9.513790516391749e-13 9.807294411572265e-13
0.9095488128594691 tensor(1.2028) tensor(2.6946)
63
9.911972363942094e-13 9.830131937221132e-13
1.390866313281738 tensor(1.7673) tensor(2.9568)
63
9.968928992121067e-13 9.951660125725914e-13
0.35916831139106353 tensor(0.7139) tensor(2.0997)
64
9.927930696971184e-13 9.956255180443454e-13
1.8069927578674398 tensor(2.0474) tensor(3.4205)
65
9.934965618367528e-13 9.920293068865304e-13
1.8793264267431824 tensor(2.3146) tensor(3.5335)
66
9.833171428429262e-13 9.278313317030561e-13
1.636945566205419 tensor(2.1274) tensor(3.1290)
66
9.827933423696252e-13 9.971255242743207e-13
1.5399904762131722 tensor(1.9265) tensor(3.2034)
66
9.400701848738825e-13 9.860196995366e-13
0.36939857097224293 tensor(0.5522) tensor(2.0110)
67
8.550819699141474e-13 9.83112590785854e-13
1.313821799438393 tensor(1.5715) tensor(2.9784)
67
9.959387873013733e-13 9.88663557874049e-13
1.4915710919280394 tensor(1.7975) tensor(3.2982)
67
9.969088967296435e-13 9.947098237070345e-13
0.5955890517072807 tensor(1.0270) tensor(2.1194)
67
9.698045969723586e-13 9.444348693501373e-13
1.3246050045070135 tensor(1.9085) tensor(2.9199)
67
9.70160929310263e-13 9.765014582583396e-13
0.9616568490711788 tensor(1.3570) tensor(2.4715)
67
9.947923884961684e-13 9.73730445911108e-13
1.6474560470178998 tensor(2.0566) tensor(3.1569)
67
9.923245476672737e-13 9.94050307725715e-13
0.6467795961722329 tensor(1.0230) tensor(2.6723)
67
9.602179687103155e-13 9.882182269443456e-13
1.8315306706050027 tensor(2.1645) tensor(3.3303)
67
9.683031891779e-13 9.718119254091272e-13
1.0307988067425593 tensor(1.4649) tensor(2.5789)
67
9.659658206574288e-13 9.98122950223041e-13
1.2741786623159066 tensor(1.7432) tensor(2.8241)
67
9.761392188187999e-13 9.923781994319737e-13
1.5880715844883133 tensor(1.9468) tensor(3.3215)
67
9.96075857263681e-13 9.795293826822493e-13
1.8023402696928428 tensor(1.9835) tensor(3.4073)
68
9.853571301335432e-13 9.997521524805697e-13
0.21644669858191096 tensor(0.4640) tensor(1.9019)
69
9.914574551151824e-13 9.755447590586758e-13
1.3266351203809639 tensor(1.6401) tensor(2.9743)
69
9.857870737631322e-13 9.863586637434163e-13
1.5398316567806731 tensor(1.9562) tensor(3.1202)
69
9.993259747848806e-13 9.914566977996402e-13
1.1547174831934004 tensor(1.6068) tensor(3.0472)
69
9.99364184085379e-13 9.950454678711896e-13
1.67131445583675 tensor(2.0891) tensor(3.2105)
69
9.438365675636925e-13 9.818387199788007e-13
0.6843979356935241 tensor(1.0803) tensor(2.2759)
69
9.568620909904106e-13 9.965329949474565e-13
1.0888057856349334 tensor(1.1078) tensor(3.0289)
69
9.87452395708061e-13 9.94313832193007e-13
0.7671410157778078 tensor(1.1142) tensor(2.4990)
69
9.959810250510838e-13 9.47041185714738e-13
0.6136950876713314 tensor(1.0593) tensor(2.1841)
69
9.529382808374956e-13 9.935907553491586e-13
1.967858975448116 tensor(2.3410) tensor(3.5752)
70
9.742133885492936e-13 9.82754406996261e-13
1.7659280317790422 tensor(2.0480) tensor(3.3549)
71
9.96960473275316e-13 9.44724463655502e-13
1.5547746265168922 tensor(1.9139) tensor(3.2791)
71
9.944139381664235e-13 9.871839096146636e-13
0.8031397853653579 tensor(1.1104) tensor(2.2719)
71
9.993866610939036e-13 9.75034891103974e-13
0.9614149292279748 tensor(1.1603) tensor(2.5335)
71
9.774514325607515e-13 9.849531376192687e-13
0.7625002939947563 tensor(1.0477) tensor(2.3935)
71
9.860335757774626e-13 9.991431192199126e-13
0.6359294929330833 tensor(0.9673) tensor(2.2329)
71
9.856764376370925e-13 9.991610564548928e-13
1.3995817738996903 tensor(1.8433) tensor(2.9712)
71
9.691649867576982e-13 9.854808456349502e-13
1.3417089460078797 tensor(1.7566) tensor(2.8938)
71
9.964381397027617e-13 9.843637552091083e-13
0.9624103220074594 tensor(1.3409) tensor(2.5696)
71
9.672734510676048e-13 9.13727498667499e-13
1.7810817457746175 tensor(2.2085) tensor(3.2915)
71
9.866413815838394e-13 9.894955130971747e-13
0.6004069994481123 tensor(0.7180) tensor(2.5026)
72
9.834222698916152e-13 9.873299479932602e-13
1.3082102891719511 tensor(1.6346) tensor(2.9496)
72
9.88867737279974e-13 9.957014879580985e-13
0.8891799305690362 tensor(0.9874) tensor(2.9368)
72
9.920241309462969e-13 9.887457043812115e-13
0.8163906247173185 tensor(1.1570) tensor(2.5522)
72
9.735384180219373e-13 9.877815601518699e-13
1.7185694481411116 tensor(2.1539) tensor(3.4770)
73
9.407318397294796e-13 9.953790150884444e-13
0.9665706915299976 tensor(1.3967) tensor(2.4063)
73
9.755926656756863e-13 9.920101086159472e-13
0.8154655979332899 tensor(1.0940) tensor(2.3173)
73
9.98449957928166e-13 9.865922657266133e-13
1.4896593489264245 tensor(1.9093) tensor(3.0994)
73
9.992876767798016e-13 9.920066169091772e-13
1.3160218145920803 tensor(1.5647) tensor(3.2724)
73
9.82344382905953e-13 9.768419422402579e-13
1.1350030916810823 tensor(1.3677) tensor(2.7678)
73
9.717334270306823e-13 9.979852703457366e-13
0.31626747930129356 tensor(0.4902) tensor(2.0575)
74
9.663169088983059e-13 9.515932358502495e-13
1.4847343180011388 tensor(1.5601) tensor(3.2563)
74
9.999360879487492e-13 9.963749471758109e-13
0.8549728920965343 tensor(1.3895) tensor(2.4920)
74
9.707011455476068e-13 9.753665479971842e-13
0.8116778725156444 tensor(1.2218) tensor(2.3502)
74
9.929281157438142e-13 9.85559754166543e-13
0.6150919094209062 tensor(1.1517) tensor(2.2796)
74
9.861412103858697e-13 9.974675473739116e-13
0.8175188456306783 tensor(1.1386) tensor(2.4274)
74
9.975130605213436e-13 9.733321224403811e-13
0.25960059309066497 tensor(0.7715) tensor(1.6927)
75
9.7385136198616e-13 9.773918991362583e-13
1.1778524759103388 tensor(1.5937) tensor(2.7485)
75
9.935685145521488e-13 9.844861918544595e-13
1.1743984851064009 tensor(1.5541) tensor(2.7483)
75
9.877437623212875e-13 9.59305109800905e-13
1.912001818979319 tensor(2.2096) tensor(3.6166)
76
9.53365868836683e-13 9.664096411302048e-13
1.6857729044256546 tensor(2.0928) tensor(3.3434)
76
9.9594687896176e-13 9.949442646770895e-13
1.6920382518713462 tensor(2.1087) tensor(3.4587)
77
9.988183281039292e-13 9.68318690257893e-13
1.363398850268637 tensor(1.7781) tensor(2.9461)
77
9.047361900783743e-13 9.391740855708664e-13
1.0298890356724921 tensor(1.3882) tensor(2.7444)
77
9.833747677768198e-13 9.91285482070366e-13
1.3521119068445457 tensor(1.5544) tensor(3.1290)
77
9.849355974218318e-13 9.773509065913097e-13
1.5954048200249875 tensor(1.9837) tensor(3.3497)
77
9.932150190164015e-13 9.918963466370493e-13
1.4202966362803462 tensor(1.8076) tensor(3.0862)
77
9.998200945818694e-13 9.85137624179519e-13
0.6579330370636298 tensor(0.5496) tensor(2.5420)
78
9.969125793331213e-13 9.873013159964363e-13
1.337916634628007 tensor(1.6660) tensor(2.9742)
78
9.865756399612653e-13 9.584247969745976e-13
1.2082854349820702 tensor(1.6149) tensor(2.8048)
78
9.759988969762607e-13 9.749874921190216e-13
1.4158272852067706 tensor(1.8045) tensor(3.0771)
78
9.883456084909127e-13 9.76339725984389e-13
1.7328320377480073 tensor(1.9929) tensor(3.3208)
78
9.98311674575881e-13 9.998052070057032e-13
0.7248982989679107 tensor(1.0088) tensor(2.3532)
78
9.830056385965408e-13 9.877885577898112e-13
1.8084575685126436 tensor(2.2617) tensor(3.3045)
78
9.923576209642256e-13 9.58501987496949e-13
1.1545190901554743 tensor(1.5927) tensor(2.8193)
78
9.902741779564101e-13 9.5883405893504e-13
0.963269491312795 tensor(1.2910) tensor(2.4674)
78
9.723063697133936e-13 9.988777703234235e-13
1.2964440173659797 tensor(1.6490) tensor(2.9322)
78
9.86673084695876e-13 9.608432542325075e-13
0.47202098180542246 tensor(0.7378) tensor(2.0080)
79
9.607100053596379e-13 9.889791738743728e-13
1.148308633994923 tensor(1.3891) tensor(2.9254)
79
9.945597532084252e-13 9.773430886650283e-13
0.7993324426520556 tensor(1.1802) tensor(2.3824)
79
9.508807364823406e-13 9.967224751588433e-13
1.9711637003327387 tensor(2.2787) tensor(3.7201)
80
9.916549903237642e-13 9.620506899368183e-13
0.7858903180701851 tensor(1.2270) tensor(2.3374)
80
9.861370884878019e-13 9.991615438221762e-13
1.01593109928207 tensor(1.4716) tensor(2.6924)
80
9.641344625293463e-13 9.908426311145826e-13
0.43147515582155516 tensor(0.7845) tensor(2.1121)
81
9.886364809136856e-13 9.827261024298943e-13
1.4987404761638574 tensor(1.9208) tensor(3.2140)
81
9.680598648605103e-13 9.92000060712891e-13
1.1525269504302893 tensor(1.5845) tensor(2.8227)
81
9.241959283836676e-13 9.837048873992047e-13
0.2707500529822377 tensor(0.7136) tensor(1.7708)
82
9.975456531356283e-13 9.766923593546903e-13
0.8792239773531438 tensor(1.1698) tensor(2.6814)
82
9.796113629606726e-13 9.797296844450686e-13
1.712572673287278 tensor(2.1030) tensor(3.3017)
82
9.928625624445843e-13 9.602439663337243e-13
0.6398937898280401 tensor(0.9769) tensor(2.5251)
82
9.993936362316905e-13 9.948314879083144e-13
1.140458732404831 tensor(1.4943) tensor(2.7529)
82
8.778913934986629e-13 9.371839078779568e-13
0.7148653406962298 tensor(1.1354) tensor(2.5241)
82
9.920365978793488e-13 9.713047686882166e-13
0.9646487347384411 tensor(1.3288) tensor(2.6116)
82
9.682828583099275e-13 9.88948350884382e-13
0.6895728038906619 tensor(1.1473) tensor(2.2596)
82
9.940103494628087e-13 9.961332628508667e-13
0.6509496210783985 tensor(1.0532) tensor(2.2773)
82
9.863090885180157e-13 9.822399593521703e-13
0.5256413555058904 tensor(0.9133) tensor(2.0732)
82
9.84117853517886e-13 9.951866324659828e-13
1.0204766738866162 tensor(1.4007) tensor(2.5269)
82
9.539172456075402e-13 9.842775089363004e-13
1.6258516645090606 tensor(2.0356) tensor(3.1264)
82
9.862541884894754e-13 9.991082906855089e-13
0.44764992200267695 tensor(0.8600) tensor(2.0972)
82
9.984661290490641e-13 9.995790835481813e-13
0.6868347895585696 tensor(1.1976) tensor(2.2421)
82
9.349818597475436e-13 9.706151968485103e-13
1.3641041255997755 tensor(1.7414) tensor(2.9412)
82
9.6905405988745e-13 9.894740181676922e-13
0.6479879625303016 tensor(0.9333) tensor(2.2508)
82
9.39461313754951e-13 9.816232522845996e-13
1.1996936124975608 tensor(1.5583) tensor(2.8403)
82
9.953859053604393e-13 9.975302067887995e-13
1.487452599005463 tensor(1.9526) tensor(2.9351)
82
9.710041402841455e-13 9.977896294632623e-13
1.63019621037306 tensor(2.0302) tensor(3.2431)
82
9.34016787130862e-13 9.79783515133929e-13
1.3171982646535216 tensor(1.6476) tensor(2.8037)
82
9.273542125824976e-13 9.839336983878625e-13
1.4730540516054504 tensor(1.7664) tensor(3.1591)
82
9.646264056431122e-13 9.906023542620077e-13
0.2209225576725881 tensor(0.5220) tensor(2.0847)
83
9.757110830503991e-13 9.989686164772073e-13
0.3945057007228442 tensor(0.6892) tensor(2.0967)
84
9.992257821823216e-13 9.80473563079202e-13
1.1425897277687656 tensor(1.4471) tensor(2.8697)
84
9.808298154439147e-13 9.890544904497554e-13
1.3658422071144 tensor(1.6679) tensor(3.2744)
84
9.894109056890967e-13 9.999144010535232e-13
1.1313947008610956 tensor(1.5842) tensor(2.8400)
84
9.781316152082585e-13 9.885735825831194e-13
1.6701789301443335 tensor(2.1154) tensor(3.2794)
84
9.930552358775316e-13 9.884972128327634e-13
1.2151885991302427 tensor(1.2617) tensor(3.3227)
84
9.997883357169895e-13 9.973831853483677e-13
0.900766467751762 tensor(1.3115) tensor(2.4453)
84
9.677097370795895e-13 9.950888314983189e-13
1.8116606303419707 tensor(2.1987) tensor(3.3756)
85
9.867804185607606e-13 9.866778319440249e-13
1.349842014727057 tensor(1.5976) tensor(2.9904)
85
9.984119556198319e-13 9.869663603237857e-13
0.2086682606961845 tensor(0.5384) tensor(1.6504)
86
9.727054346040043e-13 9.948475062790744e-13
0.5064506199366703 tensor(0.8232) tensor(2.1645)
86
9.903951947665155e-13 9.88971501016662e-13
0.5876408907812427 tensor(0.8660) tensor(2.3287)
86
9.740063560596846e-13 9.86882151103368e-13
0.3830373261855029 tensor(0.9020) tensor(1.9222)
86
9.928648982212748e-13 9.884088607426265e-13
1.3947325431044775 tensor(1.7330) tensor(3.0633)
86
9.840246544395764e-13 9.724107687724891e-13
0.37508653375245216 tensor(0.7214) tensor(2.1447)
87
9.935633543802973e-13 8.995802565595098e-13
1.2045699143972788 tensor(1.5514) tensor(2.9437)
87
9.905643906705763e-13 9.50568556789383e-13
0.7753348906128106 tensor(1.1095) tensor(2.3686)
87
9.81591559598451e-13 9.443256643649928e-13
0.4131050970250476 tensor(0.7181) tensor(2.1471)
88
9.973817945974546e-13 9.836879908596565e-13
1.417573852000461 tensor(1.7125) tensor(3.0578)
88
9.949023974774617e-13 9.853156712855317e-13
0.4404951502129323 tensor(1.0039) tensor(1.9931)
88
9.893116260900953e-13 9.85570199072417e-13
1.8359728824110686 tensor(2.2642) tensor(3.6246)
89
9.675046165966147e-13 9.972119904634948e-13
0.2016276315268609 tensor(0.6081) tensor(1.8714)
90
9.913996219665128e-13 9.780269280663455e-13
0.3358275211426302 tensor(0.7570) tensor(2.0804)
91
9.9484572462181e-13 9.869682975001657e-13
0.6413012280470373 tensor(1.0293) tensor(2.3181)
91
9.957920415370268e-13 9.040031552972279e-13
0.587948103889699 tensor(0.9837) tensor(2.0775)
91
9.81817818062951e-13 9.815318192842086e-13
1.7908811831265359 tensor(2.2076) tensor(3.5670)
92
9.443930065021678e-13 9.435342061706673e-13
0.4459112887873971 tensor(0.7833) tensor(2.2028)
93
9.988490856874306e-13 9.883700600528898e-13
1.0421241545586182 tensor(1.3523) tensor(2.8398)
93
9.427158131177107e-13 9.919291552632066e-13
0.22564548344482133 tensor(0.6226) tensor(1.9333)
94
9.715329573658936e-13 9.776992432543107e-13
1.2447545846301966 tensor(1.5421) tensor(2.8524)
94
9.85749625925666e-13 9.923427963391666e-13
0.6415781221270722 tensor(0.9636) tensor(2.2497)
94
9.926157912451776e-13 9.971549395373774e-13
1.543249469003358 tensor(1.7264) tensor(3.2202)
94
9.532506815706484e-13 9.99583809654434e-13
1.6426861694818722 tensor(1.9599) tensor(3.5308)
95
9.91944807378192e-13 9.774607535562342e-13
1.9856878998951142 tensor(2.3580) tensor(3.6181)
96
9.544761174618293e-13 9.94578528622444e-13
0.7920984863862934 tensor(1.1474) tensor(2.4795)
96
9.980936948086423e-13 9.642818752664037e-13
0.2605217692774983 tensor(0.7669) tensor(1.7922)
97
9.770591308377631e-13 9.944173124147679e-13
0.5999289883753327 tensor(0.9198) tensor(2.3420)
97
9.97514931095535e-13 9.895531658724684e-13
1.2186318291342062 tensor(1.5587) tensor(2.7896)
97
9.797888322738607e-13 9.719845916915518e-13
0.5288986342660721 tensor(1.0810) tensor(2.0595)
97
9.62955252598931e-13 9.995050924226191e-13
1.9346579607355072 tensor(2.3389) tensor(3.5493)
98
9.810658856359869e-13 9.701156017403103e-13
1.6083427090444478 tensor(1.9603) tensor(3.2075)
98
9.997482550544466e-13 9.962508769515788e-13
0.86080005445674 tensor(0.9424) tensor(2.4683)
98
9.113795681948617e-13 9.707565449798245e-13
1.0040285848431423 tensor(1.4378) tensor(2.7633)
98
9.729789199757025e-13 9.861069489680445e-13
1.0071560241208775 tensor(1.3769) tensor(2.6821)
98
9.746988822797937e-13 9.853788748243761e-13
1.4155712553011401 tensor(1.8408) tensor(3.0018)
98
9.643867140165155e-13 9.998330040910256e-13
1.009584745753016 tensor(1.3978) tensor(2.6038)
98
9.816988250861636e-13 9.914453895972946e-13
1.7091211470848184 tensor(2.1471) tensor(3.5442)
99
9.982152689182332e-13 9.795765218570366e-13
0.8796225435187781 tensor(1.0574) tensor(2.6087)
99
9.654689834663262e-13 9.810216756971343e-13
1.5119314676313693 tensor(1.8474) tensor(3.0870)
99
9.165908941965056e-13 9.804212952762691e-13
1.797778121408001 tensor(2.2878) tensor(3.5437)
9.998200945818694e-13
9.997521524805697e-13
