>> Device being used: cuda (NVIDIA GeForce RTX 4090)
Total number of parameters: 1321
>> Training Mesh resolution: 257x257
tensor(0.8109)
tensor(3.3456)
>> Preprocessing completed, time elapsed:  0.62s
>> ntrain: 300, lr: 0.01, gamma: 0.6, w_d: 0.0
----------------------------------------------------------------------------------------------------
>> epoch [   1/3000], runtime: 6.03s, train err: 1.3424e+00, valid err: 6.7618e-01 , test err: 7.8042e-01
>> epoch [   2/3000], runtime: 5.89s, train err: 5.8610e-01, valid err: 5.4871e-01 , test err: 5.9279e-01
>> epoch [   3/3000], runtime:  6.03s, train err: 5.9526e-01 (best:  5.8610e-01/ 5.4871e-01)
>> epoch [   4/3000], runtime: 6.54s, train err: 5.1223e-01, valid err: 5.0158e-01 , test err: 4.7780e-01
>> epoch [   5/3000], runtime: 6.21s, train err: 5.0202e-01, valid err: 4.7371e-01 , test err: 4.9208e-01
>> epoch [   6/3000], runtime: 5.82s, train err: 4.6235e-01, valid err: 4.4834e-01 , test err: 4.2478e-01
>> epoch [   7/3000], runtime: 4.94s, train err: 4.4609e-01, valid err: 4.0340e-01 , test err: 3.8693e-01
>> epoch [   8/3000], runtime: 4.64s, train err: 3.8395e-01, valid err: 3.7406e-01 , test err: 3.3268e-01
>> epoch [   9/3000], runtime:  4.63s, train err: 3.4372e-01 (best:  3.8395e-01/ 3.7406e-01)
>> epoch [  10/3000], runtime: 5.34s, train err: 3.0583e-01, valid err: 2.6449e-01 , test err: 2.7148e-01
>> epoch [  11/3000], runtime: 5.68s, train err: 2.4975e-01, valid err: 2.2177e-01 , test err: 2.2415e-01
>> epoch [  12/3000], runtime: 5.96s, train err: 1.8105e-01, valid err: 1.5015e-01 , test err: 1.3493e-01
>> epoch [  13/3000], runtime: 5.95s, train err: 1.1916e-01, valid err: 1.0081e-01 , test err: 8.2780e-02
>> epoch [  14/3000], runtime: 6.01s, train err: 9.8506e-02, valid err: 9.5265e-02 , test err: 8.2405e-02
>> epoch [  15/3000], runtime: 6.04s, train err: 6.6205e-02, valid err: 7.4907e-02 , test err: 6.5494e-02
>> epoch [  16/3000], runtime: 6.83s, train err: 4.0838e-02, valid err: 4.3931e-02 , test err: 3.2067e-02
>> epoch [  17/3000], runtime: 6.24s, train err: 3.1285e-02, valid err: 3.4494e-02 , test err: 2.5802e-02
>> epoch [  18/3000], runtime:  6.34s, train err: 2.9180e-02 (best:  3.1285e-02/ 3.4494e-02)
>> epoch [  19/3000], runtime:  7.38s, train err: 2.8683e-02 (best:  3.1285e-02/ 3.4494e-02)
>> epoch [  20/3000], runtime: 6.34s, train err: 2.3254e-02, valid err: 2.8200e-02 , test err: 2.0743e-02
>> epoch [  21/3000], runtime:  5.55s, train err: 2.3695e-02 (best:  2.3254e-02/ 2.8200e-02)
>> epoch [  22/3000], runtime:  6.43s, train err: 2.3613e-02 (best:  2.3254e-02/ 2.8200e-02)
>> epoch [  23/3000], runtime:  6.52s, train err: 2.1785e-02 (best:  2.3254e-02/ 2.8200e-02)
>> epoch [  24/3000], runtime: 6.89s, train err: 2.2129e-02, valid err: 2.5298e-02 , test err: 1.7799e-02
>> epoch [  25/3000], runtime:  6.14s, train err: 2.2790e-02 (best:  2.2129e-02/ 2.5298e-02)
>> epoch [  26/3000], runtime:  6.75s, train err: 2.7007e-02 (best:  2.2129e-02/ 2.5298e-02)
>> epoch [  27/3000], runtime:  7.33s, train err: 2.6961e-02 (best:  2.2129e-02/ 2.5298e-02)
>> epoch [  28/3000], runtime: 6.97s, train err: 1.8946e-02, valid err: 2.1209e-02 , test err: 1.4649e-02
>> epoch [  29/3000], runtime:  6.14s, train err: 1.7931e-02 (best:  1.8946e-02/ 2.1209e-02)
>> epoch [  30/3000], runtime:  5.68s, train err: 1.6216e-02 (best:  1.8946e-02/ 2.1209e-02)
>> epoch [  31/3000], runtime: 6.97s, train err: 1.6357e-02, valid err: 1.8194e-02 , test err: 1.3309e-02
>> epoch [  32/3000], runtime:  6.45s, train err: 1.6194e-02 (best:  1.6357e-02/ 1.8194e-02)
>> epoch [  33/3000], runtime: 6.35s, train err: 1.4890e-02, valid err: 1.7562e-02 , test err: 1.2465e-02
>> epoch [  34/3000], runtime:  5.32s, train err: 1.5124e-02 (best:  1.4890e-02/ 1.7562e-02)
>> epoch [  35/3000], runtime: 7.11s, train err: 1.3525e-02, valid err: 1.7166e-02 , test err: 1.3597e-02
>> epoch [  36/3000], runtime:  6.59s, train err: 1.4229e-02 (best:  1.3525e-02/ 1.7166e-02)
>> epoch [  37/3000], runtime: 7.05s, train err: 1.1615e-02, valid err: 1.3605e-02 , test err: 9.6001e-03
>> epoch [  38/3000], runtime:  5.06s, train err: 1.0369e-02 (best:  1.1615e-02/ 1.3605e-02)
>> epoch [  39/3000], runtime: 4.02s, train err: 1.1541e-02, valid err: 1.2131e-02 , test err: 8.5566e-03
>> epoch [  40/3000], runtime: 7.51s, train err: 9.7577e-03, valid err: 1.1370e-02 , test err: 7.9366e-03
>> epoch [  41/3000], runtime:  5.64s, train err: 9.5836e-03 (best:  9.7577e-03/ 1.1370e-02)
>> epoch [  42/3000], runtime: 5.75s, train err: 9.3287e-03, valid err: 1.0567e-02 , test err: 7.4405e-03
>> epoch [  43/3000], runtime:  4.81s, train err: 9.2880e-03 (best:  9.3287e-03/ 1.0567e-02)
>> epoch [  44/3000], runtime: 6.51s, train err: 9.1244e-03, valid err: 1.0013e-02 , test err: 7.1855e-03
>> epoch [  45/3000], runtime: 6.13s, train err: 8.6062e-03, valid err: 9.4088e-03 , test err: 6.3833e-03
>> epoch [  46/3000], runtime: 7.00s, train err: 7.7282e-03, valid err: 9.2117e-03 , test err: 6.2533e-03
>> epoch [  47/3000], runtime:  7.04s, train err: 7.6261e-03 (best:  7.7282e-03/ 9.2117e-03)
>> epoch [  48/3000], runtime: 6.52s, train err: 7.4330e-03, valid err: 8.8241e-03 , test err: 6.1712e-03
>> epoch [  49/3000], runtime:  7.39s, train err: 7.6362e-03 (best:  7.4330e-03/ 8.8241e-03)
>> epoch [  50/3000], runtime: 7.08s, train err: 7.2432e-03, valid err: 7.6793e-03 , test err: 5.2956e-03
>> epoch [  51/3000], runtime: 6.84s, train err: 6.7158e-03, valid err: 7.3339e-03 , test err: 5.3123e-03
>> epoch [  52/3000], runtime:  5.96s, train err: 6.4762e-03 (best:  6.7158e-03/ 7.3339e-03)
>> epoch [  53/3000], runtime:  6.84s, train err: 7.5442e-03 (best:  6.7158e-03/ 7.3339e-03)
>> epoch [  54/3000], runtime:  6.68s, train err: 7.5321e-03 (best:  6.7158e-03/ 7.3339e-03)
>> epoch [  55/3000], runtime:  5.83s, train err: 7.2918e-03 (best:  6.7158e-03/ 7.3339e-03)
>> epoch [  56/3000], runtime: 7.06s, train err: 5.7709e-03, valid err: 6.5883e-03 , test err: 4.8583e-03
>> epoch [  57/3000], runtime:  7.22s, train err: 6.1491e-03 (best:  5.7709e-03/ 6.5883e-03)
>> epoch [  58/3000], runtime: 3.98s, train err: 5.5194e-03, valid err: 6.0810e-03 , test err: 4.5290e-03
>> epoch [  59/3000], runtime:  6.34s, train err: 5.4946e-03 (best:  5.5194e-03/ 6.0810e-03)
>> epoch [  60/3000], runtime:  7.01s, train err: 7.4260e-03 (best:  5.5194e-03/ 6.0810e-03)
>> epoch [  61/3000], runtime:  6.97s, train err: 6.4226e-03 (best:  5.5194e-03/ 6.0810e-03)
>> epoch [  62/3000], runtime:  6.27s, train err: 5.7981e-03 (best:  5.5194e-03/ 6.0810e-03)
>> epoch [  63/3000], runtime: 7.34s, train err: 4.9689e-03, valid err: 5.7270e-03 , test err: 4.2968e-03
>> epoch [  64/3000], runtime:  7.19s, train err: 5.3395e-03 (best:  4.9689e-03/ 5.7270e-03)
>> epoch [  65/3000], runtime:  6.96s, train err: 7.8967e-03 (best:  4.9689e-03/ 5.7270e-03)
>> epoch [  66/3000], runtime:  7.67s, train err: 8.1362e-03 (best:  4.9689e-03/ 5.7270e-03)
>> epoch [  67/3000], runtime:  6.49s, train err: 7.2877e-03 (best:  4.9689e-03/ 5.7270e-03)
>> epoch [  68/3000], runtime:  7.30s, train err: 5.7830e-03 (best:  4.9689e-03/ 5.7270e-03)
>> epoch [  69/3000], runtime:  5.81s, train err: 5.1945e-03 (best:  4.9689e-03/ 5.7270e-03)
>> epoch [  70/3000], runtime:  7.31s, train err: 5.3417e-03 (best:  4.9689e-03/ 5.7270e-03)
>> epoch [  71/3000], runtime:  7.31s, train err: 5.0792e-03 (best:  4.9689e-03/ 5.7270e-03)
>> epoch [  72/3000], runtime:  7.92s, train err: 5.0951e-03 (best:  4.9689e-03/ 5.7270e-03)
>> epoch [  73/3000], runtime: 8.48s, train err: 4.7271e-03, valid err: 4.5918e-03 , test err: 3.6341e-03
>> epoch [  74/3000], runtime:  9.53s, train err: 4.4174e-03 (best:  4.7271e-03/ 4.5918e-03)
>> epoch [  75/3000], runtime:  8.84s, train err: 4.8237e-03 (best:  4.7271e-03/ 4.5918e-03)
>> epoch [  76/3000], runtime:  8.87s, train err: 5.9118e-03 (best:  4.7271e-03/ 4.5918e-03)
>> epoch [  77/3000], runtime:  9.10s, train err: 5.5517e-03 (best:  4.7271e-03/ 4.5918e-03)
>> epoch [  78/3000], runtime:  8.23s, train err: 4.7209e-03 (best:  4.7271e-03/ 4.5918e-03)
>> epoch [  79/3000], runtime:  8.21s, train err: 4.4760e-03 (best:  4.7271e-03/ 4.5918e-03)
>> epoch [  80/3000], runtime:  7.35s, train err: 5.1935e-03 (best:  4.7271e-03/ 4.5918e-03)
>> epoch [  81/3000], runtime:  9.13s, train err: 5.3416e-03 (best:  4.7271e-03/ 4.5918e-03)
>> epoch [  82/3000], runtime:  8.93s, train err: 4.6272e-03 (best:  4.7271e-03/ 4.5918e-03)
>> epoch [  83/3000], runtime:  9.22s, train err: 7.0912e-03 (best:  4.7271e-03/ 4.5918e-03)
>> epoch [  84/3000], runtime:  8.19s, train err: 7.5193e-03 (best:  4.7271e-03/ 4.5918e-03)
>> epoch [  85/3000], runtime:  6.90s, train err: 4.8499e-03 (best:  4.7271e-03/ 4.5918e-03)
>> epoch [  86/3000], runtime: 8.89s, train err: 4.1172e-03, valid err: 4.0639e-03 , test err: 3.5023e-03
>> epoch [  87/3000], runtime:  7.24s, train err: 4.4611e-03 (best:  4.1172e-03/ 4.0639e-03)
>> epoch [  88/3000], runtime:  9.39s, train err: 4.7511e-03 (best:  4.1172e-03/ 4.0639e-03)
>> epoch [  89/3000], runtime:  8.96s, train err: 4.9663e-03 (best:  4.1172e-03/ 4.0639e-03)
>> epoch [  90/3000], runtime:  9.16s, train err: 4.3291e-03 (best:  4.1172e-03/ 4.0639e-03)
>> epoch [  91/3000], runtime:  9.29s, train err: 4.5870e-03 (best:  4.1172e-03/ 4.0639e-03)
>> epoch [  92/3000], runtime:  8.30s, train err: 4.2908e-03 (best:  4.1172e-03/ 4.0639e-03)
>> epoch [  93/3000], runtime:  8.82s, train err: 4.0748e-03 (best:  4.1172e-03/ 4.0639e-03)
>> epoch [  94/3000], runtime: 8.69s, train err: 3.9060e-03, valid err: 3.7924e-03 , test err: 3.2829e-03
>> epoch [  95/3000], runtime:  8.03s, train err: 5.1291e-03 (best:  3.9060e-03/ 3.7924e-03)
>> epoch [  96/3000], runtime:  8.15s, train err: 6.0204e-03 (best:  3.9060e-03/ 3.7924e-03)
>> epoch [  97/3000], runtime:  9.46s, train err: 4.3980e-03 (best:  3.9060e-03/ 3.7924e-03)
>> epoch [  98/3000], runtime:  8.54s, train err: 4.4964e-03 (best:  3.9060e-03/ 3.7924e-03)
>> epoch [  99/3000], runtime:  9.54s, train err: 4.6669e-03 (best:  3.9060e-03/ 3.7924e-03)
>> epoch [ 100/3000], runtime:  8.28s, train err: 4.3235e-03 (best:  3.9060e-03/ 3.7924e-03)
>> epoch [ 101/3000], runtime:  9.01s, train err: 4.7568e-03 (best:  3.9060e-03/ 3.7924e-03)
>> epoch [ 102/3000], runtime:  8.56s, train err: 3.8780e-03 (best:  3.9060e-03/ 3.7924e-03)
>> epoch [ 103/3000], runtime:  9.05s, train err: 4.3601e-03 (best:  3.9060e-03/ 3.7924e-03)
>> epoch [ 104/3000], runtime:  9.12s, train err: 5.9200e-03 (best:  3.9060e-03/ 3.7924e-03)
>> epoch [ 105/3000], runtime:  9.23s, train err: 7.9634e-03 (best:  3.9060e-03/ 3.7924e-03)
>> epoch [ 106/3000], runtime:  9.72s, train err: 5.2311e-03 (best:  3.9060e-03/ 3.7924e-03)
>> epoch [ 107/3000], runtime:  7.19s, train err: 4.4423e-03 (best:  3.9060e-03/ 3.7924e-03)
>> epoch [ 108/3000], runtime:  8.70s, train err: 5.5120e-03 (best:  3.9060e-03/ 3.7924e-03)
>> epoch [ 109/3000], runtime:  9.51s, train err: 5.3367e-03 (best:  3.9060e-03/ 3.7924e-03)
>> epoch [ 110/3000], runtime:  9.38s, train err: 4.1942e-03 (best:  3.9060e-03/ 3.7924e-03)
>> epoch [ 111/3000], runtime:  8.29s, train err: 3.7114e-03 (best:  3.9060e-03/ 3.7924e-03)
>> epoch [ 112/3000], runtime: 8.85s, train err: 3.8563e-03, valid err: 3.4382e-03 , test err: 2.9622e-03
>> epoch [ 113/3000], runtime:  9.40s, train err: 4.1626e-03 (best:  3.8563e-03/ 3.4382e-03)
>> epoch [ 114/3000], runtime:  8.96s, train err: 4.4372e-03 (best:  3.8563e-03/ 3.4382e-03)
>> epoch [ 115/3000], runtime:  8.75s, train err: 4.5521e-03 (best:  3.8563e-03/ 3.4382e-03)
>> epoch [ 116/3000], runtime:  7.89s, train err: 4.2512e-03 (best:  3.8563e-03/ 3.4382e-03)
>> epoch [ 117/3000], runtime:  8.44s, train err: 4.1409e-03 (best:  3.8563e-03/ 3.4382e-03)
>> epoch [ 118/3000], runtime:  8.41s, train err: 3.8707e-03 (best:  3.8563e-03/ 3.4382e-03)
>> epoch [ 119/3000], runtime:  9.42s, train err: 4.1360e-03 (best:  3.8563e-03/ 3.4382e-03)
>> epoch [ 120/3000], runtime:  8.46s, train err: 4.3022e-03 (best:  3.8563e-03/ 3.4382e-03)
>> epoch [ 121/3000], runtime:  8.64s, train err: 3.6432e-03 (best:  3.8563e-03/ 3.4382e-03)
>> epoch [ 122/3000], runtime:  9.44s, train err: 3.5996e-03 (best:  3.8563e-03/ 3.4382e-03)
>> epoch [ 123/3000], runtime:  7.69s, train err: 3.4559e-03 (best:  3.8563e-03/ 3.4382e-03)
>> epoch [ 124/3000], runtime:  9.16s, train err: 3.6890e-03 (best:  3.8563e-03/ 3.4382e-03)
>> epoch [ 125/3000], runtime:  7.45s, train err: 3.8873e-03 (best:  3.8563e-03/ 3.4382e-03)
>> epoch [ 126/3000], runtime:  8.75s, train err: 3.7344e-03 (best:  3.8563e-03/ 3.4382e-03)
>> epoch [ 127/3000], runtime: 6.58s, train err: 3.6712e-03, valid err: 3.2463e-03 , test err: 2.9390e-03
>> epoch [ 128/3000], runtime:  9.10s, train err: 3.5846e-03 (best:  3.6712e-03/ 3.2463e-03)
>> epoch [ 129/3000], runtime:  7.41s, train err: 3.9840e-03 (best:  3.6712e-03/ 3.2463e-03)
>> epoch [ 130/3000], runtime:  9.54s, train err: 3.6763e-03 (best:  3.6712e-03/ 3.2463e-03)
>> epoch [ 131/3000], runtime:  8.43s, train err: 4.2943e-03 (best:  3.6712e-03/ 3.2463e-03)
>> epoch [ 132/3000], runtime:  8.97s, train err: 3.8381e-03 (best:  3.6712e-03/ 3.2463e-03)
>> epoch [ 133/3000], runtime:  8.63s, train err: 5.4248e-03 (best:  3.6712e-03/ 3.2463e-03)
>> epoch [ 134/3000], runtime:  8.66s, train err: 4.7111e-03 (best:  3.6712e-03/ 3.2463e-03)
>> epoch [ 135/3000], runtime:  8.64s, train err: 3.9891e-03 (best:  3.6712e-03/ 3.2463e-03)
>> epoch [ 136/3000], runtime:  8.86s, train err: 3.6025e-03 (best:  3.6712e-03/ 3.2463e-03)
>> epoch [ 137/3000], runtime: 9.25s, train err: 3.2282e-03, valid err: 3.1246e-03 , test err: 2.8417e-03
>> epoch [ 138/3000], runtime:  6.74s, train err: 3.3592e-03 (best:  3.2282e-03/ 3.1246e-03)
>> epoch [ 139/3000], runtime:  9.46s, train err: 4.0285e-03 (best:  3.2282e-03/ 3.1246e-03)
>> epoch [ 140/3000], runtime:  8.79s, train err: 4.8039e-03 (best:  3.2282e-03/ 3.1246e-03)
>> epoch [ 141/3000], runtime:  9.42s, train err: 3.3710e-03 (best:  3.2282e-03/ 3.1246e-03)
>> epoch [ 142/3000], runtime:  9.23s, train err: 3.6820e-03 (best:  3.2282e-03/ 3.1246e-03)
>> epoch [ 143/3000], runtime:  9.50s, train err: 3.8030e-03 (best:  3.2282e-03/ 3.1246e-03)
>> epoch [ 144/3000], runtime:  7.95s, train err: 3.3369e-03 (best:  3.2282e-03/ 3.1246e-03)
>> epoch [ 145/3000], runtime:  8.01s, train err: 3.6518e-03 (best:  3.2282e-03/ 3.1246e-03)
>> epoch [ 146/3000], runtime:  8.77s, train err: 4.1554e-03 (best:  3.2282e-03/ 3.1246e-03)
>> epoch [ 147/3000], runtime:  8.52s, train err: 3.6469e-03 (best:  3.2282e-03/ 3.1246e-03)
>> epoch [ 148/3000], runtime:  9.17s, train err: 4.2100e-03 (best:  3.2282e-03/ 3.1246e-03)
>> epoch [ 149/3000], runtime:  8.75s, train err: 4.0177e-03 (best:  3.2282e-03/ 3.1246e-03)
>> epoch [ 150/3000], runtime:  8.98s, train err: 4.8648e-03 (best:  3.2282e-03/ 3.1246e-03)
>> epoch [ 151/3000], runtime:  8.61s, train err: 3.9412e-03 (best:  3.2282e-03/ 3.1246e-03)
>> epoch [ 152/3000], runtime:  9.72s, train err: 3.5328e-03 (best:  3.2282e-03/ 3.1246e-03)
>> epoch [ 153/3000], runtime:  9.19s, train err: 3.3460e-03 (best:  3.2282e-03/ 3.1246e-03)
>> epoch [ 154/3000], runtime:  9.10s, train err: 3.3129e-03 (best:  3.2282e-03/ 3.1246e-03)
>> epoch [ 155/3000], runtime:  8.80s, train err: 3.4206e-03 (best:  3.2282e-03/ 3.1246e-03)
>> epoch [ 156/3000], runtime:  8.55s, train err: 3.8441e-03 (best:  3.2282e-03/ 3.1246e-03)
>> epoch [ 157/3000], runtime:  9.97s, train err: 3.2860e-03 (best:  3.2282e-03/ 3.1246e-03)
>> epoch [ 158/3000], runtime:  8.80s, train err: 3.2776e-03 (best:  3.2282e-03/ 3.1246e-03)
>> epoch [ 159/3000], runtime: 9.41s, train err: 3.0617e-03, valid err: 2.9700e-03 , test err: 2.6531e-03
>> epoch [ 160/3000], runtime:  9.52s, train err: 3.0470e-03 (best:  3.0617e-03/ 2.9700e-03)
>> epoch [ 161/3000], runtime:  7.89s, train err: 3.1909e-03 (best:  3.0617e-03/ 2.9700e-03)
>> epoch [ 162/3000], runtime:  6.88s, train err: 3.2166e-03 (best:  3.0617e-03/ 2.9700e-03)
>> epoch [ 163/3000], runtime:  9.67s, train err: 3.5285e-03 (best:  3.0617e-03/ 2.9700e-03)
>> epoch [ 164/3000], runtime:  9.06s, train err: 3.9004e-03 (best:  3.0617e-03/ 2.9700e-03)
>> epoch [ 165/3000], runtime:  8.92s, train err: 3.6989e-03 (best:  3.0617e-03/ 2.9700e-03)
>> epoch [ 166/3000], runtime:  10.16s, train err: 3.1035e-03 (best:  3.0617e-03/ 2.9700e-03)
>> epoch [ 167/3000], runtime:  8.77s, train err: 3.3058e-03 (best:  3.0617e-03/ 2.9700e-03)
>> epoch [ 168/3000], runtime: 9.23s, train err: 2.9955e-03, valid err: 2.9576e-03 , test err: 2.7018e-03
>> epoch [ 169/3000], runtime:  8.87s, train err: 3.2960e-03 (best:  2.9955e-03/ 2.9576e-03)
>> epoch [ 170/3000], runtime:  9.13s, train err: 3.3154e-03 (best:  2.9955e-03/ 2.9576e-03)
>> epoch [ 171/3000], runtime:  8.76s, train err: 3.1823e-03 (best:  2.9955e-03/ 2.9576e-03)
>> epoch [ 172/3000], runtime:  9.51s, train err: 3.0608e-03 (best:  2.9955e-03/ 2.9576e-03)
>> epoch [ 173/3000], runtime:  8.32s, train err: 3.1233e-03 (best:  2.9955e-03/ 2.9576e-03)
>> epoch [ 174/3000], runtime:  9.31s, train err: 3.0683e-03 (best:  2.9955e-03/ 2.9576e-03)
>> epoch [ 175/3000], runtime:  9.76s, train err: 2.8789e-03 (best:  2.9955e-03/ 2.9576e-03)
>> epoch [ 176/3000], runtime:  9.13s, train err: 3.1745e-03 (best:  2.9955e-03/ 2.9576e-03)
>> epoch [ 177/3000], runtime:  9.92s, train err: 3.1542e-03 (best:  2.9955e-03/ 2.9576e-03)
>> epoch [ 178/3000], runtime: 8.21s, train err: 2.9574e-03, valid err: 2.7419e-03 , test err: 2.5669e-03
>> epoch [ 179/3000], runtime:  8.57s, train err: 3.0015e-03 (best:  2.9574e-03/ 2.7419e-03)
>> epoch [ 180/3000], runtime:  10.01s, train err: 3.0994e-03 (best:  2.9574e-03/ 2.7419e-03)
>> epoch [ 181/3000], runtime:  7.80s, train err: 3.5114e-03 (best:  2.9574e-03/ 2.7419e-03)
>> epoch [ 182/3000], runtime:  10.37s, train err: 3.5314e-03 (best:  2.9574e-03/ 2.7419e-03)
>> epoch [ 183/3000], runtime:  10.09s, train err: 3.3327e-03 (best:  2.9574e-03/ 2.7419e-03)
>> epoch [ 184/3000], runtime:  9.47s, train err: 3.1348e-03 (best:  2.9574e-03/ 2.7419e-03)
>> epoch [ 185/3000], runtime:  9.91s, train err: 3.1716e-03 (best:  2.9574e-03/ 2.7419e-03)
>> epoch [ 186/3000], runtime:  9.13s, train err: 3.8579e-03 (best:  2.9574e-03/ 2.7419e-03)
>> epoch [ 187/3000], runtime:  8.06s, train err: 3.9338e-03 (best:  2.9574e-03/ 2.7419e-03)
>> epoch [ 188/3000], runtime:  9.68s, train err: 3.1034e-03 (best:  2.9574e-03/ 2.7419e-03)
>> epoch [ 189/3000], runtime:  9.52s, train err: 3.6495e-03 (best:  2.9574e-03/ 2.7419e-03)
>> epoch [ 190/3000], runtime:  9.84s, train err: 3.7019e-03 (best:  2.9574e-03/ 2.7419e-03)
>> epoch [ 191/3000], runtime:  10.33s, train err: 3.0805e-03 (best:  2.9574e-03/ 2.7419e-03)
>> epoch [ 192/3000], runtime: 9.98s, train err: 2.8907e-03, valid err: 2.5749e-03 , test err: 2.4380e-03
>> epoch [ 193/3000], runtime:  9.22s, train err: 2.7686e-03 (best:  2.8907e-03/ 2.5749e-03)
>> epoch [ 194/3000], runtime:  8.55s, train err: 2.8994e-03 (best:  2.8907e-03/ 2.5749e-03)
>> epoch [ 195/3000], runtime:  8.76s, train err: 3.0180e-03 (best:  2.8907e-03/ 2.5749e-03)
>> epoch [ 196/3000], runtime:  9.48s, train err: 2.9628e-03 (best:  2.8907e-03/ 2.5749e-03)
>> epoch [ 197/3000], runtime:  10.03s, train err: 2.7855e-03 (best:  2.8907e-03/ 2.5749e-03)
>> epoch [ 198/3000], runtime:  9.97s, train err: 2.8790e-03 (best:  2.8907e-03/ 2.5749e-03)
>> epoch [ 199/3000], runtime:  10.11s, train err: 2.8518e-03 (best:  2.8907e-03/ 2.5749e-03)
>> epoch [ 200/3000], runtime:  9.77s, train err: 2.8828e-03 (best:  2.8907e-03/ 2.5749e-03)
>> epoch [ 201/3000], runtime:  9.38s, train err: 3.0527e-03 (best:  2.8907e-03/ 2.5749e-03)
>> epoch [ 202/3000], runtime: 8.85s, train err: 2.7133e-03, valid err: 2.5115e-03 , test err: 2.3459e-03
>> epoch [ 203/3000], runtime:  10.02s, train err: 2.7996e-03 (best:  2.7133e-03/ 2.5115e-03)
>> epoch [ 204/3000], runtime:  10.23s, train err: 2.7381e-03 (best:  2.7133e-03/ 2.5115e-03)
>> epoch [ 205/3000], runtime:  8.74s, train err: 2.7576e-03 (best:  2.7133e-03/ 2.5115e-03)
>> epoch [ 206/3000], runtime:  10.47s, train err: 2.7761e-03 (best:  2.7133e-03/ 2.5115e-03)
>> epoch [ 207/3000], runtime:  8.83s, train err: 3.0551e-03 (best:  2.7133e-03/ 2.5115e-03)
>> epoch [ 208/3000], runtime:  9.05s, train err: 2.7455e-03 (best:  2.7133e-03/ 2.5115e-03)
>> epoch [ 209/3000], runtime:  8.65s, train err: 2.7625e-03 (best:  2.7133e-03/ 2.5115e-03)
>> epoch [ 210/3000], runtime:  8.75s, train err: 2.7255e-03 (best:  2.7133e-03/ 2.5115e-03)
>> epoch [ 211/3000], runtime:  10.42s, train err: 2.9039e-03 (best:  2.7133e-03/ 2.5115e-03)
>> epoch [ 212/3000], runtime:  8.58s, train err: 2.8266e-03 (best:  2.7133e-03/ 2.5115e-03)
>> epoch [ 213/3000], runtime:  10.27s, train err: 2.7331e-03 (best:  2.7133e-03/ 2.5115e-03)
>> epoch [ 214/3000], runtime:  8.59s, train err: 2.9005e-03 (best:  2.7133e-03/ 2.5115e-03)
>> epoch [ 215/3000], runtime:  10.56s, train err: 2.7307e-03 (best:  2.7133e-03/ 2.5115e-03)
>> epoch [ 216/3000], runtime:  8.89s, train err: 2.6999e-03 (best:  2.7133e-03/ 2.5115e-03)
>> epoch [ 217/3000], runtime:  9.21s, train err: 3.0909e-03 (best:  2.7133e-03/ 2.5115e-03)
>> epoch [ 218/3000], runtime:  8.35s, train err: 2.8355e-03 (best:  2.7133e-03/ 2.5115e-03)
>> epoch [ 219/3000], runtime:  8.59s, train err: 2.6545e-03 (best:  2.7133e-03/ 2.5115e-03)
>> epoch [ 220/3000], runtime:  9.15s, train err: 2.8022e-03 (best:  2.7133e-03/ 2.5115e-03)
>> epoch [ 221/3000], runtime:  10.14s, train err: 2.8682e-03 (best:  2.7133e-03/ 2.5115e-03)
>> epoch [ 222/3000], runtime:  9.10s, train err: 2.6776e-03 (best:  2.7133e-03/ 2.5115e-03)
>> epoch [ 223/3000], runtime:  9.89s, train err: 3.0759e-03 (best:  2.7133e-03/ 2.5115e-03)
>> epoch [ 224/3000], runtime:  9.08s, train err: 3.1832e-03 (best:  2.7133e-03/ 2.5115e-03)
>> epoch [ 225/3000], runtime:  8.47s, train err: 3.1176e-03 (best:  2.7133e-03/ 2.5115e-03)
>> epoch [ 226/3000], runtime:  7.98s, train err: 2.6743e-03 (best:  2.7133e-03/ 2.5115e-03)
>> epoch [ 227/3000], runtime: 9.57s, train err: 2.6986e-03, valid err: 2.3592e-03 , test err: 2.2854e-03
>> epoch [ 228/3000], runtime:  9.39s, train err: 2.6447e-03 (best:  2.6986e-03/ 2.3592e-03)
>> epoch [ 229/3000], runtime:  9.90s, train err: 2.6504e-03 (best:  2.6986e-03/ 2.3592e-03)
>> epoch [ 230/3000], runtime:  9.46s, train err: 2.6995e-03 (best:  2.6986e-03/ 2.3592e-03)
>> epoch [ 231/3000], runtime:  7.73s, train err: 2.7699e-03 (best:  2.6986e-03/ 2.3592e-03)
>> epoch [ 232/3000], runtime:  9.04s, train err: 2.8410e-03 (best:  2.6986e-03/ 2.3592e-03)
>> epoch [ 233/3000], runtime:  8.91s, train err: 2.9458e-03 (best:  2.6986e-03/ 2.3592e-03)
>> epoch [ 234/3000], runtime:  9.71s, train err: 2.6653e-03 (best:  2.6986e-03/ 2.3592e-03)
>> epoch [ 235/3000], runtime:  9.55s, train err: 2.7030e-03 (best:  2.6986e-03/ 2.3592e-03)
>> epoch [ 236/3000], runtime:  8.41s, train err: 2.8283e-03 (best:  2.6986e-03/ 2.3592e-03)
>> epoch [ 237/3000], runtime:  9.94s, train err: 2.6224e-03 (best:  2.6986e-03/ 2.3592e-03)
>> epoch [ 238/3000], runtime:  9.39s, train err: 2.5867e-03 (best:  2.6986e-03/ 2.3592e-03)
>> epoch [ 239/3000], runtime: 9.43s, train err: 2.6264e-03, valid err: 2.2814e-03 , test err: 2.1687e-03
>> epoch [ 240/3000], runtime:  7.60s, train err: 2.6321e-03 (best:  2.6264e-03/ 2.2814e-03)
>> epoch [ 241/3000], runtime:  9.33s, train err: 2.5021e-03 (best:  2.6264e-03/ 2.2814e-03)
>> epoch [ 242/3000], runtime:  9.03s, train err: 2.6305e-03 (best:  2.6264e-03/ 2.2814e-03)
>> epoch [ 243/3000], runtime:  9.95s, train err: 2.5879e-03 (best:  2.6264e-03/ 2.2814e-03)
>> epoch [ 244/3000], runtime: 9.53s, train err: 2.5815e-03, valid err: 2.2788e-03 , test err: 2.2135e-03
>> epoch [ 245/3000], runtime:  10.39s, train err: 2.6005e-03 (best:  2.5815e-03/ 2.2788e-03)
>> epoch [ 246/3000], runtime:  9.11s, train err: 2.5762e-03 (best:  2.5815e-03/ 2.2788e-03)
>> epoch [ 247/3000], runtime:  8.95s, train err: 2.9298e-03 (best:  2.5815e-03/ 2.2788e-03)
>> epoch [ 248/3000], runtime:  8.55s, train err: 2.8209e-03 (best:  2.5815e-03/ 2.2788e-03)
>> epoch [ 249/3000], runtime:  9.79s, train err: 2.5530e-03 (best:  2.5815e-03/ 2.2788e-03)
>> epoch [ 250/3000], runtime: 8.66s, train err: 2.5231e-03, valid err: 2.2320e-03 , test err: 2.1747e-03
>> epoch [ 251/3000], runtime:  10.40s, train err: 2.7344e-03 (best:  2.5231e-03/ 2.2320e-03)
>> epoch [ 252/3000], runtime:  8.64s, train err: 2.8087e-03 (best:  2.5231e-03/ 2.2320e-03)
>> epoch [ 253/3000], runtime:  9.83s, train err: 2.7832e-03 (best:  2.5231e-03/ 2.2320e-03)
>> epoch [ 254/3000], runtime:  7.63s, train err: 2.6119e-03 (best:  2.5231e-03/ 2.2320e-03)
>> epoch [ 255/3000], runtime:  9.62s, train err: 2.4543e-03 (best:  2.5231e-03/ 2.2320e-03)
>> epoch [ 256/3000], runtime:  10.64s, train err: 2.5954e-03 (best:  2.5231e-03/ 2.2320e-03)
>> epoch [ 257/3000], runtime:  10.57s, train err: 2.4293e-03 (best:  2.5231e-03/ 2.2320e-03)
>> epoch [ 258/3000], runtime:  9.50s, train err: 2.4923e-03 (best:  2.5231e-03/ 2.2320e-03)
>> epoch [ 259/3000], runtime: 10.36s, train err: 2.4885e-03, valid err: 2.2167e-03 , test err: 2.1392e-03
>> epoch [ 260/3000], runtime:  10.22s, train err: 2.5791e-03 (best:  2.4885e-03/ 2.2167e-03)
>> epoch [ 261/3000], runtime: 9.54s, train err: 2.4835e-03, valid err: 2.1824e-03 , test err: 2.1267e-03
>> epoch [ 262/3000], runtime:  9.18s, train err: 2.5236e-03 (best:  2.4835e-03/ 2.1824e-03)
>> epoch [ 263/3000], runtime:  10.51s, train err: 2.5588e-03 (best:  2.4835e-03/ 2.1824e-03)
>> epoch [ 264/3000], runtime:  8.63s, train err: 2.6833e-03 (best:  2.4835e-03/ 2.1824e-03)
>> epoch [ 265/3000], runtime:  9.84s, train err: 2.5450e-03 (best:  2.4835e-03/ 2.1824e-03)
>> epoch [ 266/3000], runtime:  8.61s, train err: 2.5040e-03 (best:  2.4835e-03/ 2.1824e-03)
>> epoch [ 267/3000], runtime:  8.76s, train err: 2.6478e-03 (best:  2.4835e-03/ 2.1824e-03)
>> epoch [ 268/3000], runtime:  9.92s, train err: 2.5009e-03 (best:  2.4835e-03/ 2.1824e-03)
>> epoch [ 269/3000], runtime:  8.97s, train err: 2.5199e-03 (best:  2.4835e-03/ 2.1824e-03)
>> epoch [ 270/3000], runtime:  9.50s, train err: 2.3940e-03 (best:  2.4835e-03/ 2.1824e-03)
>> epoch [ 271/3000], runtime:  10.56s, train err: 2.4963e-03 (best:  2.4835e-03/ 2.1824e-03)
>> epoch [ 272/3000], runtime:  9.93s, train err: 2.4148e-03 (best:  2.4835e-03/ 2.1824e-03)
>> epoch [ 273/3000], runtime: 9.44s, train err: 2.4010e-03, valid err: 2.1717e-03 , test err: 2.0910e-03
>> epoch [ 274/3000], runtime:  9.63s, train err: 2.4472e-03 (best:  2.4010e-03/ 2.1717e-03)
>> epoch [ 275/3000], runtime:  9.34s, train err: 2.5045e-03 (best:  2.4010e-03/ 2.1717e-03)
>> epoch [ 276/3000], runtime:  8.85s, train err: 2.4718e-03 (best:  2.4010e-03/ 2.1717e-03)
>> epoch [ 277/3000], runtime:  9.20s, train err: 2.4535e-03 (best:  2.4010e-03/ 2.1717e-03)
>> epoch [ 278/3000], runtime:  10.27s, train err: 2.3831e-03 (best:  2.4010e-03/ 2.1717e-03)
>> epoch [ 279/3000], runtime:  10.38s, train err: 2.3677e-03 (best:  2.4010e-03/ 2.1717e-03)
>> epoch [ 280/3000], runtime:  8.63s, train err: 2.4010e-03 (best:  2.4010e-03/ 2.1717e-03)
>> epoch [ 281/3000], runtime:  8.95s, train err: 2.4738e-03 (best:  2.4010e-03/ 2.1717e-03)
>> epoch [ 282/3000], runtime:  9.96s, train err: 2.4663e-03 (best:  2.4010e-03/ 2.1717e-03)
>> epoch [ 283/3000], runtime:  9.34s, train err: 2.4929e-03 (best:  2.4010e-03/ 2.1717e-03)
>> epoch [ 284/3000], runtime:  10.59s, train err: 2.3433e-03 (best:  2.4010e-03/ 2.1717e-03)
>> epoch [ 285/3000], runtime:  9.75s, train err: 2.4296e-03 (best:  2.4010e-03/ 2.1717e-03)
>> epoch [ 286/3000], runtime:  9.56s, train err: 2.4476e-03 (best:  2.4010e-03/ 2.1717e-03)
>> epoch [ 287/3000], runtime:  9.54s, train err: 2.5196e-03 (best:  2.4010e-03/ 2.1717e-03)
>> epoch [ 288/3000], runtime:  8.38s, train err: 2.3741e-03 (best:  2.4010e-03/ 2.1717e-03)
>> epoch [ 289/3000], runtime:  8.88s, train err: 2.4273e-03 (best:  2.4010e-03/ 2.1717e-03)
>> epoch [ 290/3000], runtime:  9.92s, train err: 2.4401e-03 (best:  2.4010e-03/ 2.1717e-03)
>> epoch [ 291/3000], runtime:  8.87s, train err: 2.3486e-03 (best:  2.4010e-03/ 2.1717e-03)
>> epoch [ 292/3000], runtime:  9.82s, train err: 2.3936e-03 (best:  2.4010e-03/ 2.1717e-03)
>> epoch [ 293/3000], runtime:  9.36s, train err: 2.3489e-03 (best:  2.4010e-03/ 2.1717e-03)
>> epoch [ 294/3000], runtime: 8.72s, train err: 2.3171e-03, valid err: 2.1365e-03 , test err: 2.0344e-03
>> epoch [ 295/3000], runtime:  9.32s, train err: 2.3386e-03 (best:  2.3171e-03/ 2.1365e-03)
>> epoch [ 296/3000], runtime:  8.82s, train err: 2.3691e-03 (best:  2.3171e-03/ 2.1365e-03)
>> epoch [ 297/3000], runtime:  10.38s, train err: 2.4344e-03 (best:  2.3171e-03/ 2.1365e-03)
>> epoch [ 298/3000], runtime:  9.29s, train err: 2.3739e-03 (best:  2.3171e-03/ 2.1365e-03)
>> epoch [ 299/3000], runtime:  10.44s, train err: 2.3291e-03 (best:  2.3171e-03/ 2.1365e-03)
>> epoch [ 300/3000], runtime:  8.58s, train err: 2.3889e-03 (best:  2.3171e-03/ 2.1365e-03)
>> epoch [ 301/3000], runtime:  9.66s, train err: 2.4137e-03 (best:  2.3171e-03/ 2.1365e-03)
>> epoch [ 302/3000], runtime:  9.63s, train err: 2.3859e-03 (best:  2.3171e-03/ 2.1365e-03)
>> epoch [ 303/3000], runtime: 9.17s, train err: 2.2956e-03, valid err: 2.0564e-03 , test err: 1.9931e-03
>> epoch [ 304/3000], runtime:  8.00s, train err: 2.3200e-03 (best:  2.2956e-03/ 2.0564e-03)
>> epoch [ 305/3000], runtime:  9.85s, train err: 2.3395e-03 (best:  2.2956e-03/ 2.0564e-03)
>> epoch [ 306/3000], runtime:  8.84s, train err: 2.3672e-03 (best:  2.2956e-03/ 2.0564e-03)
>> epoch [ 307/3000], runtime:  10.07s, train err: 2.3086e-03 (best:  2.2956e-03/ 2.0564e-03)
>> epoch [ 308/3000], runtime:  9.71s, train err: 2.4171e-03 (best:  2.2956e-03/ 2.0564e-03)
>> epoch [ 309/3000], runtime:  9.62s, train err: 2.5253e-03 (best:  2.2956e-03/ 2.0564e-03)
>> epoch [ 310/3000], runtime:  8.79s, train err: 2.3694e-03 (best:  2.2956e-03/ 2.0564e-03)
>> epoch [ 311/3000], runtime:  8.97s, train err: 2.3538e-03 (best:  2.2956e-03/ 2.0564e-03)
>> epoch [ 312/3000], runtime:  9.84s, train err: 2.3231e-03 (best:  2.2956e-03/ 2.0564e-03)
>> epoch [ 313/3000], runtime:  8.75s, train err: 2.2812e-03 (best:  2.2956e-03/ 2.0564e-03)
>> epoch [ 314/3000], runtime:  9.34s, train err: 2.3808e-03 (best:  2.2956e-03/ 2.0564e-03)
>> epoch [ 315/3000], runtime:  8.88s, train err: 2.3034e-03 (best:  2.2956e-03/ 2.0564e-03)
>> epoch [ 316/3000], runtime:  8.55s, train err: 2.3331e-03 (best:  2.2956e-03/ 2.0564e-03)
>> epoch [ 317/3000], runtime:  9.60s, train err: 2.2721e-03 (best:  2.2956e-03/ 2.0564e-03)
>> epoch [ 318/3000], runtime:  8.86s, train err: 2.3247e-03 (best:  2.2956e-03/ 2.0564e-03)
>> epoch [ 319/3000], runtime:  9.84s, train err: 2.2848e-03 (best:  2.2956e-03/ 2.0564e-03)
>> epoch [ 320/3000], runtime:  9.38s, train err: 2.2888e-03 (best:  2.2956e-03/ 2.0564e-03)
>> epoch [ 321/3000], runtime:  9.22s, train err: 2.2731e-03 (best:  2.2956e-03/ 2.0564e-03)
>> epoch [ 322/3000], runtime:  8.33s, train err: 2.2976e-03 (best:  2.2956e-03/ 2.0564e-03)
>> epoch [ 323/3000], runtime: 9.04s, train err: 2.2728e-03, valid err: 2.0246e-03 , test err: 1.9790e-03
>> epoch [ 324/3000], runtime:  8.87s, train err: 2.2611e-03 (best:  2.2728e-03/ 2.0246e-03)
>> epoch [ 325/3000], runtime:  10.15s, train err: 2.2893e-03 (best:  2.2728e-03/ 2.0246e-03)
>> epoch [ 326/3000], runtime:  9.56s, train err: 2.3130e-03 (best:  2.2728e-03/ 2.0246e-03)
>> epoch [ 327/3000], runtime:  9.96s, train err: 2.3103e-03 (best:  2.2728e-03/ 2.0246e-03)
>> epoch [ 328/3000], runtime:  9.01s, train err: 2.3410e-03 (best:  2.2728e-03/ 2.0246e-03)
>> epoch [ 329/3000], runtime:  8.27s, train err: 2.2472e-03 (best:  2.2728e-03/ 2.0246e-03)
>> epoch [ 330/3000], runtime:  9.68s, train err: 2.2940e-03 (best:  2.2728e-03/ 2.0246e-03)
>> epoch [ 331/3000], runtime:  9.45s, train err: 2.2637e-03 (best:  2.2728e-03/ 2.0246e-03)
>> epoch [ 332/3000], runtime:  9.89s, train err: 2.3029e-03 (best:  2.2728e-03/ 2.0246e-03)
>> epoch [ 333/3000], runtime:  10.41s, train err: 2.2928e-03 (best:  2.2728e-03/ 2.0246e-03)
>> epoch [ 334/3000], runtime:  8.52s, train err: 2.2116e-03 (best:  2.2728e-03/ 2.0246e-03)
>> epoch [ 335/3000], runtime:  9.13s, train err: 2.2986e-03 (best:  2.2728e-03/ 2.0246e-03)
>> epoch [ 336/3000], runtime:  8.97s, train err: 2.2346e-03 (best:  2.2728e-03/ 2.0246e-03)
>> epoch [ 337/3000], runtime:  9.26s, train err: 2.2408e-03 (best:  2.2728e-03/ 2.0246e-03)
>> epoch [ 338/3000], runtime:  9.12s, train err: 2.3938e-03 (best:  2.2728e-03/ 2.0246e-03)
>> epoch [ 339/3000], runtime:  7.05s, train err: 2.3735e-03 (best:  2.2728e-03/ 2.0246e-03)
>> epoch [ 340/3000], runtime:  9.14s, train err: 2.2930e-03 (best:  2.2728e-03/ 2.0246e-03)
>> epoch [ 341/3000], runtime:  8.23s, train err: 2.2518e-03 (best:  2.2728e-03/ 2.0246e-03)
>> epoch [ 342/3000], runtime:  8.49s, train err: 2.2959e-03 (best:  2.2728e-03/ 2.0246e-03)
>> epoch [ 343/3000], runtime:  8.74s, train err: 2.2589e-03 (best:  2.2728e-03/ 2.0246e-03)
>> epoch [ 344/3000], runtime: 9.23s, train err: 2.2711e-03, valid err: 1.9903e-03 , test err: 1.9835e-03
>> epoch [ 345/3000], runtime:  10.25s, train err: 2.2273e-03 (best:  2.2711e-03/ 1.9903e-03)
>> epoch [ 346/3000], runtime:  9.16s, train err: 2.2137e-03 (best:  2.2711e-03/ 1.9903e-03)
>> epoch [ 347/3000], runtime:  9.97s, train err: 2.2048e-03 (best:  2.2711e-03/ 1.9903e-03)
>> epoch [ 348/3000], runtime:  10.62s, train err: 2.2054e-03 (best:  2.2711e-03/ 1.9903e-03)
>> epoch [ 349/3000], runtime: 10.19s, train err: 2.2058e-03, valid err: 1.9874e-03 , test err: 1.9335e-03
>> epoch [ 350/3000], runtime:  9.41s, train err: 2.2127e-03 (best:  2.2058e-03/ 1.9874e-03)
>> epoch [ 351/3000], runtime:  9.96s, train err: 2.2090e-03 (best:  2.2058e-03/ 1.9874e-03)
>> epoch [ 352/3000], runtime:  8.17s, train err: 2.3202e-03 (best:  2.2058e-03/ 1.9874e-03)
>> epoch [ 353/3000], runtime:  9.54s, train err: 2.3621e-03 (best:  2.2058e-03/ 1.9874e-03)
>> epoch [ 354/3000], runtime:  10.36s, train err: 2.2640e-03 (best:  2.2058e-03/ 1.9874e-03)
>> epoch [ 355/3000], runtime:  10.24s, train err: 2.2272e-03 (best:  2.2058e-03/ 1.9874e-03)
>> epoch [ 356/3000], runtime:  8.81s, train err: 2.2760e-03 (best:  2.2058e-03/ 1.9874e-03)
>> epoch [ 357/3000], runtime:  9.23s, train err: 2.2149e-03 (best:  2.2058e-03/ 1.9874e-03)
>> epoch [ 358/3000], runtime:  9.36s, train err: 2.1921e-03 (best:  2.2058e-03/ 1.9874e-03)
>> epoch [ 359/3000], runtime:  9.95s, train err: 2.2086e-03 (best:  2.2058e-03/ 1.9874e-03)
>> epoch [ 360/3000], runtime:  7.36s, train err: 2.3122e-03 (best:  2.2058e-03/ 1.9874e-03)
>> epoch [ 361/3000], runtime:  10.24s, train err: 2.2588e-03 (best:  2.2058e-03/ 1.9874e-03)
>> epoch [ 362/3000], runtime:  9.56s, train err: 2.2591e-03 (best:  2.2058e-03/ 1.9874e-03)
>> epoch [ 363/3000], runtime:  10.09s, train err: 2.2380e-03 (best:  2.2058e-03/ 1.9874e-03)
>> epoch [ 364/3000], runtime:  10.13s, train err: 2.1725e-03 (best:  2.2058e-03/ 1.9874e-03)
>> epoch [ 365/3000], runtime:  9.34s, train err: 2.1914e-03 (best:  2.2058e-03/ 1.9874e-03)
>> epoch [ 366/3000], runtime:  8.49s, train err: 2.2104e-03 (best:  2.2058e-03/ 1.9874e-03)
>> epoch [ 367/3000], runtime:  8.23s, train err: 2.1843e-03 (best:  2.2058e-03/ 1.9874e-03)
>> epoch [ 368/3000], runtime:  9.85s, train err: 2.2001e-03 (best:  2.2058e-03/ 1.9874e-03)
>> epoch [ 369/3000], runtime:  7.42s, train err: 2.2361e-03 (best:  2.2058e-03/ 1.9874e-03)
>> epoch [ 370/3000], runtime:  8.90s, train err: 2.2517e-03 (best:  2.2058e-03/ 1.9874e-03)
>> epoch [ 371/3000], runtime:  7.29s, train err: 2.2400e-03 (best:  2.2058e-03/ 1.9874e-03)
>> epoch [ 372/3000], runtime:  9.90s, train err: 2.1710e-03 (best:  2.2058e-03/ 1.9874e-03)
>> epoch [ 373/3000], runtime:  10.44s, train err: 2.2113e-03 (best:  2.2058e-03/ 1.9874e-03)
>> epoch [ 374/3000], runtime: 10.27s, train err: 2.1550e-03, valid err: 1.9410e-03 , test err: 1.8957e-03
>> epoch [ 375/3000], runtime:  6.69s, train err: 2.2084e-03 (best:  2.1550e-03/ 1.9410e-03)
>> epoch [ 376/3000], runtime:  8.29s, train err: 2.1548e-03 (best:  2.1550e-03/ 1.9410e-03)
>> epoch [ 377/3000], runtime:  10.23s, train err: 2.1845e-03 (best:  2.1550e-03/ 1.9410e-03)
>> epoch [ 378/3000], runtime:  9.27s, train err: 2.2052e-03 (best:  2.1550e-03/ 1.9410e-03)
>> epoch [ 379/3000], runtime:  10.29s, train err: 2.1793e-03 (best:  2.1550e-03/ 1.9410e-03)
>> epoch [ 380/3000], runtime:  8.77s, train err: 2.1543e-03 (best:  2.1550e-03/ 1.9410e-03)
>> epoch [ 381/3000], runtime:  8.66s, train err: 2.1969e-03 (best:  2.1550e-03/ 1.9410e-03)
>> epoch [ 382/3000], runtime:  8.58s, train err: 2.1562e-03 (best:  2.1550e-03/ 1.9410e-03)
>> epoch [ 383/3000], runtime:  9.46s, train err: 2.1597e-03 (best:  2.1550e-03/ 1.9410e-03)
>> epoch [ 384/3000], runtime:  5.99s, train err: 2.1663e-03 (best:  2.1550e-03/ 1.9410e-03)
>> epoch [ 385/3000], runtime:  9.21s, train err: 2.1547e-03 (best:  2.1550e-03/ 1.9410e-03)
>> epoch [ 386/3000], runtime:  9.77s, train err: 2.1537e-03 (best:  2.1550e-03/ 1.9410e-03)
>> epoch [ 387/3000], runtime:  8.60s, train err: 2.1636e-03 (best:  2.1550e-03/ 1.9410e-03)
>> epoch [ 388/3000], runtime:  9.45s, train err: 2.1429e-03 (best:  2.1550e-03/ 1.9410e-03)
>> epoch [ 389/3000], runtime:  8.56s, train err: 2.1645e-03 (best:  2.1550e-03/ 1.9410e-03)
>> epoch [ 390/3000], runtime:  9.54s, train err: 2.1395e-03 (best:  2.1550e-03/ 1.9410e-03)
>> epoch [ 391/3000], runtime:  9.71s, train err: 2.1327e-03 (best:  2.1550e-03/ 1.9410e-03)
>> epoch [ 392/3000], runtime:  8.43s, train err: 2.1839e-03 (best:  2.1550e-03/ 1.9410e-03)
>> epoch [ 393/3000], runtime: 7.10s, train err: 2.1550e-03, valid err: 1.9155e-03 , test err: 1.8837e-03
>> epoch [ 394/3000], runtime:  8.64s, train err: 2.1535e-03 (best:  2.1550e-03/ 1.9155e-03)
>> epoch [ 395/3000], runtime:  9.22s, train err: 2.1277e-03 (best:  2.1550e-03/ 1.9155e-03)
>> epoch [ 396/3000], runtime:  9.24s, train err: 2.1455e-03 (best:  2.1550e-03/ 1.9155e-03)
>> epoch [ 397/3000], runtime:  9.96s, train err: 2.1556e-03 (best:  2.1550e-03/ 1.9155e-03)
>> epoch [ 398/3000], runtime:  9.73s, train err: 2.1548e-03 (best:  2.1550e-03/ 1.9155e-03)
>> epoch [ 399/3000], runtime:  9.36s, train err: 2.1628e-03 (best:  2.1550e-03/ 1.9155e-03)
>> epoch [ 400/3000], runtime:  7.84s, train err: 2.1468e-03 (best:  2.1550e-03/ 1.9155e-03)
>> epoch [ 401/3000], runtime:  7.05s, train err: 2.1840e-03 (best:  2.1550e-03/ 1.9155e-03)
>> epoch [ 402/3000], runtime:  10.18s, train err: 2.1540e-03 (best:  2.1550e-03/ 1.9155e-03)
>> epoch [ 403/3000], runtime: 9.19s, train err: 2.1436e-03, valid err: 1.9109e-03 , test err: 1.8856e-03
>> epoch [ 404/3000], runtime:  9.32s, train err: 2.1220e-03 (best:  2.1436e-03/ 1.9109e-03)
>> epoch [ 405/3000], runtime:  9.20s, train err: 2.1242e-03 (best:  2.1436e-03/ 1.9109e-03)
>> epoch [ 406/3000], runtime:  9.06s, train err: 2.1671e-03 (best:  2.1436e-03/ 1.9109e-03)
>> epoch [ 407/3000], runtime:  9.98s, train err: 2.1387e-03 (best:  2.1436e-03/ 1.9109e-03)
>> epoch [ 408/3000], runtime:  8.27s, train err: 2.1528e-03 (best:  2.1436e-03/ 1.9109e-03)
>> epoch [ 409/3000], runtime:  8.90s, train err: 2.1841e-03 (best:  2.1436e-03/ 1.9109e-03)
>> epoch [ 410/3000], runtime:  9.94s, train err: 2.1580e-03 (best:  2.1436e-03/ 1.9109e-03)
>> epoch [ 411/3000], runtime:  9.23s, train err: 2.1251e-03 (best:  2.1436e-03/ 1.9109e-03)
>> epoch [ 412/3000], runtime:  9.02s, train err: 2.1344e-03 (best:  2.1436e-03/ 1.9109e-03)
>> epoch [ 413/3000], runtime:  7.28s, train err: 2.1266e-03 (best:  2.1436e-03/ 1.9109e-03)
>> epoch [ 414/3000], runtime:  8.92s, train err: 2.1456e-03 (best:  2.1436e-03/ 1.9109e-03)
>> epoch [ 415/3000], runtime:  9.73s, train err: 2.1716e-03 (best:  2.1436e-03/ 1.9109e-03)
>> epoch [ 416/3000], runtime:  7.68s, train err: 2.1704e-03 (best:  2.1436e-03/ 1.9109e-03)
>> epoch [ 417/3000], runtime: 9.35s, train err: 2.1138e-03, valid err: 1.8955e-03 , test err: 1.8867e-03
>> epoch [ 418/3000], runtime:  8.80s, train err: 2.2584e-03 (best:  2.1138e-03/ 1.8955e-03)
>> epoch [ 419/3000], runtime:  7.99s, train err: 2.1466e-03 (best:  2.1138e-03/ 1.8955e-03)
>> epoch [ 420/3000], runtime:  10.67s, train err: 2.1438e-03 (best:  2.1138e-03/ 1.8955e-03)
>> epoch [ 421/3000], runtime:  8.13s, train err: 2.1244e-03 (best:  2.1138e-03/ 1.8955e-03)
>> epoch [ 422/3000], runtime:  8.89s, train err: 2.1128e-03 (best:  2.1138e-03/ 1.8955e-03)
>> epoch [ 423/3000], runtime:  9.02s, train err: 2.1281e-03 (best:  2.1138e-03/ 1.8955e-03)
>> epoch [ 424/3000], runtime:  8.10s, train err: 2.1150e-03 (best:  2.1138e-03/ 1.8955e-03)
>> epoch [ 425/3000], runtime:  8.43s, train err: 2.1264e-03 (best:  2.1138e-03/ 1.8955e-03)
>> epoch [ 426/3000], runtime:  9.23s, train err: 2.1273e-03 (best:  2.1138e-03/ 1.8955e-03)
>> epoch [ 427/3000], runtime:  6.28s, train err: 2.0974e-03 (best:  2.1138e-03/ 1.8955e-03)
>> epoch [ 428/3000], runtime:  9.02s, train err: 2.1144e-03 (best:  2.1138e-03/ 1.8955e-03)
>> epoch [ 429/3000], runtime:  7.48s, train err: 2.1113e-03 (best:  2.1138e-03/ 1.8955e-03)
>> epoch [ 430/3000], runtime: 8.41s, train err: 2.1043e-03, valid err: 1.8909e-03 , test err: 1.8485e-03
>> epoch [ 431/3000], runtime:  8.56s, train err: 2.1227e-03 (best:  2.1043e-03/ 1.8909e-03)
>> epoch [ 432/3000], runtime: 9.80s, train err: 2.0801e-03, valid err: 1.8854e-03 , test err: 1.8513e-03
>> epoch [ 433/3000], runtime:  9.44s, train err: 2.1110e-03 (best:  2.0801e-03/ 1.8854e-03)
>> epoch [ 434/3000], runtime:  8.47s, train err: 2.1243e-03 (best:  2.0801e-03/ 1.8854e-03)
>> epoch [ 435/3000], runtime:  9.52s, train err: 2.0994e-03 (best:  2.0801e-03/ 1.8854e-03)
>> epoch [ 436/3000], runtime:  9.92s, train err: 2.0969e-03 (best:  2.0801e-03/ 1.8854e-03)
>> epoch [ 437/3000], runtime:  9.23s, train err: 2.1074e-03 (best:  2.0801e-03/ 1.8854e-03)
>> epoch [ 438/3000], runtime:  9.91s, train err: 2.0931e-03 (best:  2.0801e-03/ 1.8854e-03)
>> epoch [ 439/3000], runtime:  8.93s, train err: 2.0969e-03 (best:  2.0801e-03/ 1.8854e-03)
>> epoch [ 440/3000], runtime:  10.05s, train err: 2.1043e-03 (best:  2.0801e-03/ 1.8854e-03)
>> epoch [ 441/3000], runtime:  10.61s, train err: 2.1419e-03 (best:  2.0801e-03/ 1.8854e-03)
>> epoch [ 442/3000], runtime:  8.65s, train err: 2.1020e-03 (best:  2.0801e-03/ 1.8854e-03)
>> epoch [ 443/3000], runtime:  10.39s, train err: 2.0993e-03 (best:  2.0801e-03/ 1.8854e-03)
>> epoch [ 444/3000], runtime:  9.08s, train err: 2.1016e-03 (best:  2.0801e-03/ 1.8854e-03)
>> epoch [ 445/3000], runtime:  10.62s, train err: 2.1043e-03 (best:  2.0801e-03/ 1.8854e-03)
>> epoch [ 446/3000], runtime:  10.43s, train err: 2.0941e-03 (best:  2.0801e-03/ 1.8854e-03)
>> epoch [ 447/3000], runtime:  8.44s, train err: 2.1285e-03 (best:  2.0801e-03/ 1.8854e-03)
>> epoch [ 448/3000], runtime:  9.43s, train err: 2.0821e-03 (best:  2.0801e-03/ 1.8854e-03)
>> epoch [ 449/3000], runtime:  9.33s, train err: 2.0956e-03 (best:  2.0801e-03/ 1.8854e-03)
>> epoch [ 450/3000], runtime:  9.32s, train err: 2.0889e-03 (best:  2.0801e-03/ 1.8854e-03)
>> epoch [ 451/3000], runtime:  10.66s, train err: 2.1151e-03 (best:  2.0801e-03/ 1.8854e-03)
>> epoch [ 452/3000], runtime:  9.82s, train err: 2.1093e-03 (best:  2.0801e-03/ 1.8854e-03)
>> epoch [ 453/3000], runtime:  9.58s, train err: 2.0861e-03 (best:  2.0801e-03/ 1.8854e-03)
>> epoch [ 454/3000], runtime:  9.30s, train err: 2.0893e-03 (best:  2.0801e-03/ 1.8854e-03)
>> epoch [ 455/3000], runtime:  9.50s, train err: 2.0825e-03 (best:  2.0801e-03/ 1.8854e-03)
>> epoch [ 456/3000], runtime:  8.05s, train err: 2.0856e-03 (best:  2.0801e-03/ 1.8854e-03)
>> epoch [ 457/3000], runtime:  9.45s, train err: 2.0816e-03 (best:  2.0801e-03/ 1.8854e-03)
>> epoch [ 458/3000], runtime: 9.64s, train err: 2.0765e-03, valid err: 1.8846e-03 , test err: 1.8365e-03
>> epoch [ 459/3000], runtime:  9.22s, train err: 2.0966e-03 (best:  2.0765e-03/ 1.8846e-03)
>> epoch [ 460/3000], runtime:  9.41s, train err: 2.0694e-03 (best:  2.0765e-03/ 1.8846e-03)
>> epoch [ 461/3000], runtime:  10.28s, train err: 2.0921e-03 (best:  2.0765e-03/ 1.8846e-03)
>> epoch [ 462/3000], runtime:  7.64s, train err: 2.1006e-03 (best:  2.0765e-03/ 1.8846e-03)
>> epoch [ 463/3000], runtime:  10.50s, train err: 2.0769e-03 (best:  2.0765e-03/ 1.8846e-03)
>> epoch [ 464/3000], runtime:  9.57s, train err: 2.0916e-03 (best:  2.0765e-03/ 1.8846e-03)
>> epoch [ 465/3000], runtime:  9.88s, train err: 2.0866e-03 (best:  2.0765e-03/ 1.8846e-03)
>> epoch [ 466/3000], runtime:  9.38s, train err: 2.0871e-03 (best:  2.0765e-03/ 1.8846e-03)
>> epoch [ 467/3000], runtime:  9.52s, train err: 2.0848e-03 (best:  2.0765e-03/ 1.8846e-03)
>> epoch [ 468/3000], runtime:  8.85s, train err: 2.0949e-03 (best:  2.0765e-03/ 1.8846e-03)
>> epoch [ 469/3000], runtime:  8.49s, train err: 2.0870e-03 (best:  2.0765e-03/ 1.8846e-03)
>> epoch [ 470/3000], runtime:  9.62s, train err: 2.1225e-03 (best:  2.0765e-03/ 1.8846e-03)
>> epoch [ 471/3000], runtime:  9.21s, train err: 2.0975e-03 (best:  2.0765e-03/ 1.8846e-03)
>> epoch [ 472/3000], runtime:  10.27s, train err: 2.0732e-03 (best:  2.0765e-03/ 1.8846e-03)
>> epoch [ 473/3000], runtime:  9.71s, train err: 2.1044e-03 (best:  2.0765e-03/ 1.8846e-03)
>> epoch [ 474/3000], runtime:  9.59s, train err: 2.0624e-03 (best:  2.0765e-03/ 1.8846e-03)
>> epoch [ 475/3000], runtime:  8.89s, train err: 2.0759e-03 (best:  2.0765e-03/ 1.8846e-03)
>> epoch [ 476/3000], runtime:  8.62s, train err: 2.0715e-03 (best:  2.0765e-03/ 1.8846e-03)
>> epoch [ 477/3000], runtime:  9.49s, train err: 2.0655e-03 (best:  2.0765e-03/ 1.8846e-03)
>> epoch [ 478/3000], runtime:  9.29s, train err: 2.0716e-03 (best:  2.0765e-03/ 1.8846e-03)
>> epoch [ 479/3000], runtime:  8.73s, train err: 2.0881e-03 (best:  2.0765e-03/ 1.8846e-03)
>> epoch [ 480/3000], runtime:  9.46s, train err: 2.0758e-03 (best:  2.0765e-03/ 1.8846e-03)
>> epoch [ 481/3000], runtime:  9.94s, train err: 2.0781e-03 (best:  2.0765e-03/ 1.8846e-03)
>> epoch [ 482/3000], runtime:  9.48s, train err: 2.0645e-03 (best:  2.0765e-03/ 1.8846e-03)
>> epoch [ 483/3000], runtime:  9.26s, train err: 2.0733e-03 (best:  2.0765e-03/ 1.8846e-03)
>> epoch [ 484/3000], runtime:  8.74s, train err: 2.0585e-03 (best:  2.0765e-03/ 1.8846e-03)
>> epoch [ 485/3000], runtime:  9.06s, train err: 2.0892e-03 (best:  2.0765e-03/ 1.8846e-03)
>> epoch [ 486/3000], runtime:  9.71s, train err: 2.0598e-03 (best:  2.0765e-03/ 1.8846e-03)
>> epoch [ 487/3000], runtime: 9.74s, train err: 2.0756e-03, valid err: 1.8778e-03 , test err: 1.8279e-03
>> epoch [ 488/3000], runtime:  10.18s, train err: 2.0715e-03 (best:  2.0756e-03/ 1.8778e-03)
>> epoch [ 489/3000], runtime:  9.45s, train err: 2.0652e-03 (best:  2.0756e-03/ 1.8778e-03)
>> epoch [ 490/3000], runtime:  9.06s, train err: 2.0759e-03 (best:  2.0756e-03/ 1.8778e-03)
>> epoch [ 491/3000], runtime:  8.94s, train err: 2.0767e-03 (best:  2.0756e-03/ 1.8778e-03)
>> epoch [ 492/3000], runtime:  9.69s, train err: 2.0873e-03 (best:  2.0756e-03/ 1.8778e-03)
>> epoch [ 493/3000], runtime:  7.47s, train err: 2.0824e-03 (best:  2.0756e-03/ 1.8778e-03)
>> epoch [ 494/3000], runtime:  8.66s, train err: 2.0818e-03 (best:  2.0756e-03/ 1.8778e-03)
>> epoch [ 495/3000], runtime:  9.57s, train err: 2.0559e-03 (best:  2.0756e-03/ 1.8778e-03)
>> epoch [ 496/3000], runtime:  9.56s, train err: 2.0853e-03 (best:  2.0756e-03/ 1.8778e-03)
>> epoch [ 497/3000], runtime: 9.05s, train err: 2.0679e-03, valid err: 1.8662e-03 , test err: 1.8280e-03
>> epoch [ 498/3000], runtime:  9.86s, train err: 2.0701e-03 (best:  2.0679e-03/ 1.8662e-03)
>> epoch [ 499/3000], runtime:  10.01s, train err: 2.0711e-03 (best:  2.0679e-03/ 1.8662e-03)
>> epoch [ 500/3000], runtime:  9.76s, train err: 2.0721e-03 (best:  2.0679e-03/ 1.8662e-03)
>> epoch [ 501/3000], runtime: 8.20s, train err: 2.0661e-03, valid err: 1.8520e-03 , test err: 1.8203e-03
>> epoch [ 502/3000], runtime:  8.75s, train err: 2.0546e-03 (best:  2.0661e-03/ 1.8520e-03)
>> epoch [ 503/3000], runtime:  9.22s, train err: 2.0584e-03 (best:  2.0661e-03/ 1.8520e-03)
>> epoch [ 504/3000], runtime:  8.98s, train err: 2.0557e-03 (best:  2.0661e-03/ 1.8520e-03)
>> epoch [ 505/3000], runtime:  9.25s, train err: 2.0659e-03 (best:  2.0661e-03/ 1.8520e-03)
>> epoch [ 506/3000], runtime:  9.69s, train err: 2.0604e-03 (best:  2.0661e-03/ 1.8520e-03)
>> epoch [ 507/3000], runtime:  9.49s, train err: 2.0570e-03 (best:  2.0661e-03/ 1.8520e-03)
>> epoch [ 508/3000], runtime:  8.72s, train err: 2.0569e-03 (best:  2.0661e-03/ 1.8520e-03)
>> epoch [ 509/3000], runtime:  10.19s, train err: 2.0581e-03 (best:  2.0661e-03/ 1.8520e-03)
>> epoch [ 510/3000], runtime:  7.17s, train err: 2.0561e-03 (best:  2.0661e-03/ 1.8520e-03)
>> epoch [ 511/3000], runtime:  7.86s, train err: 2.0607e-03 (best:  2.0661e-03/ 1.8520e-03)
>> epoch [ 512/3000], runtime:  8.01s, train err: 2.0516e-03 (best:  2.0661e-03/ 1.8520e-03)
>> epoch [ 513/3000], runtime:  9.38s, train err: 2.0510e-03 (best:  2.0661e-03/ 1.8520e-03)
>> epoch [ 514/3000], runtime:  8.10s, train err: 2.0538e-03 (best:  2.0661e-03/ 1.8520e-03)
>> epoch [ 515/3000], runtime:  7.87s, train err: 2.0463e-03 (best:  2.0661e-03/ 1.8520e-03)
>> epoch [ 516/3000], runtime:  8.68s, train err: 2.0448e-03 (best:  2.0661e-03/ 1.8520e-03)
>> epoch [ 517/3000], runtime:  9.44s, train err: 2.0525e-03 (best:  2.0661e-03/ 1.8520e-03)
>> epoch [ 518/3000], runtime:  9.81s, train err: 2.0660e-03 (best:  2.0661e-03/ 1.8520e-03)
>> epoch [ 519/3000], runtime:  10.38s, train err: 2.0434e-03 (best:  2.0661e-03/ 1.8520e-03)
>> epoch [ 520/3000], runtime:  8.75s, train err: 2.0575e-03 (best:  2.0661e-03/ 1.8520e-03)
>> epoch [ 521/3000], runtime:  9.20s, train err: 2.0557e-03 (best:  2.0661e-03/ 1.8520e-03)
>> epoch [ 522/3000], runtime:  10.11s, train err: 2.0635e-03 (best:  2.0661e-03/ 1.8520e-03)
>> epoch [ 523/3000], runtime:  9.60s, train err: 2.0453e-03 (best:  2.0661e-03/ 1.8520e-03)
>> epoch [ 524/3000], runtime:  8.19s, train err: 2.0555e-03 (best:  2.0661e-03/ 1.8520e-03)
>> epoch [ 525/3000], runtime:  9.22s, train err: 2.0497e-03 (best:  2.0661e-03/ 1.8520e-03)
>> epoch [ 526/3000], runtime: 8.82s, train err: 2.0438e-03, valid err: 1.8460e-03 , test err: 1.8095e-03
>> epoch [ 527/3000], runtime:  7.49s, train err: 2.0473e-03 (best:  2.0438e-03/ 1.8460e-03)
>> epoch [ 528/3000], runtime:  8.74s, train err: 2.0531e-03 (best:  2.0438e-03/ 1.8460e-03)
>> epoch [ 529/3000], runtime:  8.62s, train err: 2.0487e-03 (best:  2.0438e-03/ 1.8460e-03)
>> epoch [ 530/3000], runtime:  9.29s, train err: 2.0467e-03 (best:  2.0438e-03/ 1.8460e-03)
>> epoch [ 531/3000], runtime:  9.55s, train err: 2.0402e-03 (best:  2.0438e-03/ 1.8460e-03)
>> epoch [ 532/3000], runtime:  8.16s, train err: 2.0473e-03 (best:  2.0438e-03/ 1.8460e-03)
>> epoch [ 533/3000], runtime:  10.44s, train err: 2.0433e-03 (best:  2.0438e-03/ 1.8460e-03)
>> epoch [ 534/3000], runtime:  9.41s, train err: 2.0484e-03 (best:  2.0438e-03/ 1.8460e-03)
>> epoch [ 535/3000], runtime:  9.56s, train err: 2.0441e-03 (best:  2.0438e-03/ 1.8460e-03)
>> epoch [ 536/3000], runtime:  10.16s, train err: 2.0645e-03 (best:  2.0438e-03/ 1.8460e-03)
>> epoch [ 537/3000], runtime:  9.66s, train err: 2.0483e-03 (best:  2.0438e-03/ 1.8460e-03)
>> epoch [ 538/3000], runtime:  9.30s, train err: 2.0424e-03 (best:  2.0438e-03/ 1.8460e-03)
>> epoch [ 539/3000], runtime:  10.03s, train err: 2.0391e-03 (best:  2.0438e-03/ 1.8460e-03)
>> epoch [ 540/3000], runtime:  10.15s, train err: 2.0469e-03 (best:  2.0438e-03/ 1.8460e-03)
>> epoch [ 541/3000], runtime:  10.41s, train err: 2.0524e-03 (best:  2.0438e-03/ 1.8460e-03)
>> epoch [ 542/3000], runtime:  7.73s, train err: 2.0569e-03 (best:  2.0438e-03/ 1.8460e-03)
>> epoch [ 543/3000], runtime:  9.57s, train err: 2.0468e-03 (best:  2.0438e-03/ 1.8460e-03)
>> epoch [ 544/3000], runtime:  9.36s, train err: 2.0404e-03 (best:  2.0438e-03/ 1.8460e-03)
>> epoch [ 545/3000], runtime:  8.02s, train err: 2.0534e-03 (best:  2.0438e-03/ 1.8460e-03)
>> epoch [ 546/3000], runtime:  9.01s, train err: 2.0387e-03 (best:  2.0438e-03/ 1.8460e-03)
>> epoch [ 547/3000], runtime:  8.91s, train err: 2.0486e-03 (best:  2.0438e-03/ 1.8460e-03)
>> epoch [ 548/3000], runtime:  9.62s, train err: 2.0444e-03 (best:  2.0438e-03/ 1.8460e-03)
>> epoch [ 549/3000], runtime:  9.37s, train err: 2.0372e-03 (best:  2.0438e-03/ 1.8460e-03)
>> epoch [ 550/3000], runtime:  8.84s, train err: 2.0531e-03 (best:  2.0438e-03/ 1.8460e-03)
>> epoch [ 551/3000], runtime:  8.56s, train err: 2.0538e-03 (best:  2.0438e-03/ 1.8460e-03)
>> epoch [ 552/3000], runtime:  8.99s, train err: 2.0465e-03 (best:  2.0438e-03/ 1.8460e-03)
>> epoch [ 553/3000], runtime:  9.97s, train err: 2.0403e-03 (best:  2.0438e-03/ 1.8460e-03)
>> epoch [ 554/3000], runtime:  9.35s, train err: 2.0454e-03 (best:  2.0438e-03/ 1.8460e-03)
>> epoch [ 555/3000], runtime:  9.30s, train err: 2.0426e-03 (best:  2.0438e-03/ 1.8460e-03)
>> epoch [ 556/3000], runtime: 9.20s, train err: 2.0408e-03, valid err: 1.8433e-03 , test err: 1.8101e-03
>> epoch [ 557/3000], runtime:  10.22s, train err: 2.0652e-03 (best:  2.0408e-03/ 1.8433e-03)
>> epoch [ 558/3000], runtime:  9.72s, train err: 2.0438e-03 (best:  2.0408e-03/ 1.8433e-03)
>> epoch [ 559/3000], runtime:  9.06s, train err: 2.0360e-03 (best:  2.0408e-03/ 1.8433e-03)
>> epoch [ 560/3000], runtime:  8.75s, train err: 2.0386e-03 (best:  2.0408e-03/ 1.8433e-03)
>> epoch [ 561/3000], runtime:  8.96s, train err: 2.0402e-03 (best:  2.0408e-03/ 1.8433e-03)
>> epoch [ 562/3000], runtime:  8.72s, train err: 2.0332e-03 (best:  2.0408e-03/ 1.8433e-03)
>> epoch [ 563/3000], runtime:  9.00s, train err: 2.0348e-03 (best:  2.0408e-03/ 1.8433e-03)
>> epoch [ 564/3000], runtime:  7.39s, train err: 2.0315e-03 (best:  2.0408e-03/ 1.8433e-03)
>> epoch [ 565/3000], runtime:  8.07s, train err: 2.0329e-03 (best:  2.0408e-03/ 1.8433e-03)
>> epoch [ 566/3000], runtime:  9.72s, train err: 2.0300e-03 (best:  2.0408e-03/ 1.8433e-03)
>> epoch [ 567/3000], runtime:  9.66s, train err: 2.0358e-03 (best:  2.0408e-03/ 1.8433e-03)
>> epoch [ 568/3000], runtime:  8.39s, train err: 2.0295e-03 (best:  2.0408e-03/ 1.8433e-03)
>> epoch [ 569/3000], runtime:  9.06s, train err: 2.0358e-03 (best:  2.0408e-03/ 1.8433e-03)
>> epoch [ 570/3000], runtime:  8.44s, train err: 2.0292e-03 (best:  2.0408e-03/ 1.8433e-03)
>> epoch [ 571/3000], runtime:  8.60s, train err: 2.0301e-03 (best:  2.0408e-03/ 1.8433e-03)
>> epoch [ 572/3000], runtime:  8.07s, train err: 2.0338e-03 (best:  2.0408e-03/ 1.8433e-03)
>> epoch [ 573/3000], runtime:  7.28s, train err: 2.0328e-03 (best:  2.0408e-03/ 1.8433e-03)
>> epoch [ 574/3000], runtime:  8.32s, train err: 2.0326e-03 (best:  2.0408e-03/ 1.8433e-03)
>> epoch [ 575/3000], runtime:  7.99s, train err: 2.0271e-03 (best:  2.0408e-03/ 1.8433e-03)
>> epoch [ 576/3000], runtime:  7.91s, train err: 2.0449e-03 (best:  2.0408e-03/ 1.8433e-03)
>> epoch [ 577/3000], runtime:  7.30s, train err: 2.0329e-03 (best:  2.0408e-03/ 1.8433e-03)
>> epoch [ 578/3000], runtime:  9.14s, train err: 2.0284e-03 (best:  2.0408e-03/ 1.8433e-03)
>> epoch [ 579/3000], runtime:  8.91s, train err: 2.0321e-03 (best:  2.0408e-03/ 1.8433e-03)
>> epoch [ 580/3000], runtime:  8.61s, train err: 2.0317e-03 (best:  2.0408e-03/ 1.8433e-03)
>> epoch [ 581/3000], runtime:  7.87s, train err: 2.0304e-03 (best:  2.0408e-03/ 1.8433e-03)
>> epoch [ 582/3000], runtime:  8.57s, train err: 2.0263e-03 (best:  2.0408e-03/ 1.8433e-03)
>> epoch [ 583/3000], runtime: 9.29s, train err: 2.0361e-03, valid err: 1.8387e-03 , test err: 1.7980e-03
>> epoch [ 584/3000], runtime:  8.68s, train err: 2.0333e-03 (best:  2.0361e-03/ 1.8387e-03)
>> epoch [ 585/3000], runtime:  8.93s, train err: 2.0330e-03 (best:  2.0361e-03/ 1.8387e-03)
>> epoch [ 586/3000], runtime:  9.35s, train err: 2.0282e-03 (best:  2.0361e-03/ 1.8387e-03)
>> epoch [ 587/3000], runtime:  7.93s, train err: 2.0263e-03 (best:  2.0361e-03/ 1.8387e-03)
>> epoch [ 588/3000], runtime:  8.13s, train err: 2.0247e-03 (best:  2.0361e-03/ 1.8387e-03)
>> epoch [ 589/3000], runtime:  8.79s, train err: 2.0271e-03 (best:  2.0361e-03/ 1.8387e-03)
>> epoch [ 590/3000], runtime:  8.91s, train err: 2.0320e-03 (best:  2.0361e-03/ 1.8387e-03)
>> epoch [ 591/3000], runtime:  7.62s, train err: 2.0288e-03 (best:  2.0361e-03/ 1.8387e-03)
>> epoch [ 592/3000], runtime:  9.06s, train err: 2.0269e-03 (best:  2.0361e-03/ 1.8387e-03)
>> epoch [ 593/3000], runtime:  9.27s, train err: 2.0317e-03 (best:  2.0361e-03/ 1.8387e-03)
>> epoch [ 594/3000], runtime:  8.85s, train err: 2.0259e-03 (best:  2.0361e-03/ 1.8387e-03)
>> epoch [ 595/3000], runtime:  8.74s, train err: 2.0308e-03 (best:  2.0361e-03/ 1.8387e-03)
>> epoch [ 596/3000], runtime:  8.25s, train err: 2.0309e-03 (best:  2.0361e-03/ 1.8387e-03)
>> epoch [ 597/3000], runtime:  8.65s, train err: 2.0257e-03 (best:  2.0361e-03/ 1.8387e-03)
>> epoch [ 598/3000], runtime:  8.70s, train err: 2.0286e-03 (best:  2.0361e-03/ 1.8387e-03)
>> epoch [ 599/3000], runtime:  7.48s, train err: 2.0215e-03 (best:  2.0361e-03/ 1.8387e-03)
>> epoch [ 600/3000], runtime:  7.56s, train err: 2.0254e-03 (best:  2.0361e-03/ 1.8387e-03)
>> epoch [ 601/3000], runtime:  8.10s, train err: 2.0260e-03 (best:  2.0361e-03/ 1.8387e-03)
>> epoch [ 602/3000], runtime:  8.09s, train err: 2.0247e-03 (best:  2.0361e-03/ 1.8387e-03)
>> epoch [ 603/3000], runtime:  8.67s, train err: 2.0300e-03 (best:  2.0361e-03/ 1.8387e-03)
>> epoch [ 604/3000], runtime:  7.90s, train err: 2.0314e-03 (best:  2.0361e-03/ 1.8387e-03)
>> epoch [ 605/3000], runtime:  7.70s, train err: 2.0279e-03 (best:  2.0361e-03/ 1.8387e-03)
>> epoch [ 606/3000], runtime:  8.47s, train err: 2.0207e-03 (best:  2.0361e-03/ 1.8387e-03)
>> epoch [ 607/3000], runtime:  7.86s, train err: 2.0205e-03 (best:  2.0361e-03/ 1.8387e-03)
>> epoch [ 608/3000], runtime:  8.37s, train err: 2.0249e-03 (best:  2.0361e-03/ 1.8387e-03)
>> epoch [ 609/3000], runtime:  8.75s, train err: 2.0244e-03 (best:  2.0361e-03/ 1.8387e-03)
>> epoch [ 610/3000], runtime:  8.44s, train err: 2.0249e-03 (best:  2.0361e-03/ 1.8387e-03)
>> epoch [ 611/3000], runtime:  8.64s, train err: 2.0225e-03 (best:  2.0361e-03/ 1.8387e-03)
>> epoch [ 612/3000], runtime:  9.21s, train err: 2.0214e-03 (best:  2.0361e-03/ 1.8387e-03)
>> epoch [ 613/3000], runtime:  8.87s, train err: 2.0285e-03 (best:  2.0361e-03/ 1.8387e-03)
>> epoch [ 614/3000], runtime:  9.27s, train err: 2.0282e-03 (best:  2.0361e-03/ 1.8387e-03)
>> epoch [ 615/3000], runtime:  7.44s, train err: 2.0234e-03 (best:  2.0361e-03/ 1.8387e-03)
>> epoch [ 616/3000], runtime:  6.92s, train err: 2.0244e-03 (best:  2.0361e-03/ 1.8387e-03)
>> epoch [ 617/3000], runtime:  9.03s, train err: 2.0300e-03 (best:  2.0361e-03/ 1.8387e-03)
>> epoch [ 618/3000], runtime:  8.89s, train err: 2.0212e-03 (best:  2.0361e-03/ 1.8387e-03)
>> epoch [ 619/3000], runtime:  9.40s, train err: 2.0242e-03 (best:  2.0361e-03/ 1.8387e-03)
>> epoch [ 620/3000], runtime:  7.46s, train err: 2.0196e-03 (best:  2.0361e-03/ 1.8387e-03)
>> epoch [ 621/3000], runtime:  8.75s, train err: 2.0298e-03 (best:  2.0361e-03/ 1.8387e-03)
>> epoch [ 622/3000], runtime:  7.66s, train err: 2.0206e-03 (best:  2.0361e-03/ 1.8387e-03)
>> epoch [ 623/3000], runtime:  8.77s, train err: 2.0193e-03 (best:  2.0361e-03/ 1.8387e-03)
>> epoch [ 624/3000], runtime:  9.21s, train err: 2.0199e-03 (best:  2.0361e-03/ 1.8387e-03)
>> epoch [ 625/3000], runtime:  6.94s, train err: 2.0217e-03 (best:  2.0361e-03/ 1.8387e-03)
>> epoch [ 626/3000], runtime:  7.32s, train err: 2.0200e-03 (best:  2.0361e-03/ 1.8387e-03)
>> epoch [ 627/3000], runtime:  7.70s, train err: 2.0259e-03 (best:  2.0361e-03/ 1.8387e-03)
>> epoch [ 628/3000], runtime:  8.88s, train err: 2.0205e-03 (best:  2.0361e-03/ 1.8387e-03)
>> epoch [ 629/3000], runtime:  8.91s, train err: 2.0236e-03 (best:  2.0361e-03/ 1.8387e-03)
>> epoch [ 630/3000], runtime:  8.33s, train err: 2.0188e-03 (best:  2.0361e-03/ 1.8387e-03)
>> epoch [ 631/3000], runtime:  8.22s, train err: 2.0220e-03 (best:  2.0361e-03/ 1.8387e-03)
>> epoch [ 632/3000], runtime:  8.84s, train err: 2.0193e-03 (best:  2.0361e-03/ 1.8387e-03)
>> epoch [ 633/3000], runtime:  8.96s, train err: 2.0237e-03 (best:  2.0361e-03/ 1.8387e-03)
>> epoch [ 634/3000], runtime:  8.74s, train err: 2.0219e-03 (best:  2.0361e-03/ 1.8387e-03)
----------------------------------------------------------------------------------------------------
----------------------------------------------------------------------------------------------------
>> 20_4, ReLU, ntrain: 300, lr: 0.01, gamma: 0.6, w_d: 0.0
>> Best train error:  2.0361e-03
>> Best valid error:  1.8387e-03
>> Best test error:  1.7980e-03
>> Best epoch: 582
----------------------------------------------------------------------------------------------------
----------------------------------------------------------------------------------------------------
>> Training Completed!!
