>> Device being used: cuda (NVIDIA GeForce RTX 4090)
Total number of parameters: 66433
>> Training Mesh resolution: 33x33
/root/autodl-tmp/project/MPNO_final/BlatzKo_1d/PNO_ICNN_ex35_k1_new/PNO_BB.py:141: UserWarning: torch.range is deprecated and will be removed in a future release because its behavior is inconsistent with Python's range builtin. Instead, use torch.arange, which produces values in [start, end).
  ksi_range = torch.range(-m_fact, m_fact).int()
tensor(0.9763)
tensor(3.2515)
>> Preprocessing completed, time elapsed:  0.26s
>> ntrain: 300, lr: 0.005, gamma: 0.6, w_d: 0.0
----------------------------------------------------------------------------------------------------
/root/miniconda3/envs/NPO310/lib/python3.10/site-packages/torch/autograd/graph.py:825: UserWarning: Attempting to run cuBLAS, but there was no current CUDA context! Attempting to set the primary context... (Triggered internally at /opt/conda/conda-bld/pytorch_1729647327489/work/aten/src/ATen/cuda/CublasHandlePool.cpp:135.)
  return Variable._execution_engine.run_backward(  # Calls into the C++ engine to run the backward pass
>> epoch [   1/3000], runtime: 0.98s, train err *1e8: 7697.7133, valid err*1e8: 1413.0484 , test err*1e8: 1352.9635
>> epoch [   2/3000], runtime: 0.78s, train err *1e8: 7697.6833, valid err*1e8: 1413.0418 , test err*1e8: 1352.9545
>> epoch [   3/3000], runtime: 0.78s, train err *1e8: 7697.6059, valid err*1e8: 1413.0204 , test err*1e8: 1352.9253
>> epoch [   4/3000], runtime: 0.80s, train err *1e8: 7697.2382, valid err*1e8: 1412.8809 , test err*1e8: 1352.7345
>> epoch [   5/3000], runtime: 0.79s, train err *1e8: 7689.6745, valid err*1e8: 1407.7758 , test err*1e8: 1345.7611
>> epoch [   6/3000], runtime: 0.80s, train err *1e8: 7099.2499, valid err*1e8: 1067.5799 , test err*1e8: 901.7576
>> epoch [   7/3000], runtime: 0.76s, train err *1e8: 2812.0902, valid err*1e8: 324.9297 , test err*1e8: 353.8677
>> epoch [   8/3000], runtime:  0.80s, train err*1e8:  1691.2551 (best*1e8:  2812.0902/ 324.9297)
>> epoch [   9/3000], runtime:  0.79s, train err*1e8:  1711.8784 (best*1e8:  2812.0902/ 324.9297)
>> epoch [  10/3000], runtime:  0.79s, train err*1e8:  1680.5342 (best*1e8:  2812.0902/ 324.9297)
>> epoch [  11/3000], runtime:  0.81s, train err*1e8:  1675.9337 (best*1e8:  2812.0902/ 324.9297)
>> epoch [  12/3000], runtime: 0.79s, train err *1e8: 1719.6779, valid err*1e8: 317.6983 , test err*1e8: 364.7944
>> epoch [  13/3000], runtime:  0.79s, train err*1e8:  1683.7435 (best*1e8:  1719.6779/ 317.6983)
>> epoch [  14/3000], runtime: 0.73s, train err *1e8: 1683.1212, valid err*1e8: 307.3154 , test err*1e8: 385.4109
>> epoch [  15/3000], runtime:  0.73s, train err*1e8:  1676.2432 (best*1e8:  1683.1212/ 307.3154)
>> epoch [  16/3000], runtime:  0.77s, train err*1e8:  1700.7891 (best*1e8:  1683.1212/ 307.3154)
>> epoch [  17/3000], runtime:  0.79s, train err*1e8:  1681.3100 (best*1e8:  1683.1212/ 307.3154)
>> epoch [  18/3000], runtime:  0.80s, train err*1e8:  1687.7241 (best*1e8:  1683.1212/ 307.3154)
>> epoch [  19/3000], runtime:  0.77s, train err*1e8:  1684.7591 (best*1e8:  1683.1212/ 307.3154)
>> epoch [  20/3000], runtime:  0.80s, train err*1e8:  1690.4441 (best*1e8:  1683.1212/ 307.3154)
>> epoch [  21/3000], runtime:  0.80s, train err*1e8:  1696.1056 (best*1e8:  1683.1212/ 307.3154)
>> epoch [  22/3000], runtime:  0.76s, train err*1e8:  1693.2629 (best*1e8:  1683.1212/ 307.3154)
>> epoch [  23/3000], runtime:  0.77s, train err*1e8:  1689.0433 (best*1e8:  1683.1212/ 307.3154)
>> epoch [  24/3000], runtime:  0.77s, train err*1e8:  1696.2516 (best*1e8:  1683.1212/ 307.3154)
>> epoch [  25/3000], runtime:  0.80s, train err*1e8:  1698.1294 (best*1e8:  1683.1212/ 307.3154)
>> epoch [  26/3000], runtime:  0.79s, train err*1e8:  1682.8840 (best*1e8:  1683.1212/ 307.3154)
>> epoch [  27/3000], runtime:  0.81s, train err*1e8:  1680.7283 (best*1e8:  1683.1212/ 307.3154)
>> epoch [  28/3000], runtime:  0.81s, train err*1e8:  1673.4019 (best*1e8:  1683.1212/ 307.3154)
>> epoch [  29/3000], runtime:  0.79s, train err*1e8:  1688.0160 (best*1e8:  1683.1212/ 307.3154)
>> epoch [  30/3000], runtime:  0.79s, train err*1e8:  1685.8293 (best*1e8:  1683.1212/ 307.3154)
>> epoch [  31/3000], runtime:  0.82s, train err*1e8:  1681.6534 (best*1e8:  1683.1212/ 307.3154)
>> epoch [  32/3000], runtime:  0.81s, train err*1e8:  1725.1926 (best*1e8:  1683.1212/ 307.3154)
>> epoch [  33/3000], runtime:  0.80s, train err*1e8:  1679.0719 (best*1e8:  1683.1212/ 307.3154)
>> epoch [  34/3000], runtime:  0.83s, train err*1e8:  1711.1653 (best*1e8:  1683.1212/ 307.3154)
>> epoch [  35/3000], runtime:  0.81s, train err*1e8:  1701.1720 (best*1e8:  1683.1212/ 307.3154)
>> epoch [  36/3000], runtime:  0.77s, train err*1e8:  1676.1639 (best*1e8:  1683.1212/ 307.3154)
>> epoch [  37/3000], runtime:  0.78s, train err*1e8:  1678.0740 (best*1e8:  1683.1212/ 307.3154)
>> epoch [  38/3000], runtime:  0.80s, train err*1e8:  1683.9127 (best*1e8:  1683.1212/ 307.3154)
>> epoch [  39/3000], runtime:  0.79s, train err*1e8:  1670.2592 (best*1e8:  1683.1212/ 307.3154)
>> epoch [  40/3000], runtime:  0.73s, train err*1e8:  1677.4297 (best*1e8:  1683.1212/ 307.3154)
>> epoch [  41/3000], runtime:  0.80s, train err*1e8:  1681.9971 (best*1e8:  1683.1212/ 307.3154)
>> epoch [  42/3000], runtime:  0.80s, train err*1e8:  1708.0955 (best*1e8:  1683.1212/ 307.3154)
>> epoch [  43/3000], runtime:  0.82s, train err*1e8:  1747.1173 (best*1e8:  1683.1212/ 307.3154)
>> epoch [  44/3000], runtime:  0.79s, train err*1e8:  1730.3238 (best*1e8:  1683.1212/ 307.3154)
>> epoch [  45/3000], runtime:  0.78s, train err*1e8:  1703.7377 (best*1e8:  1683.1212/ 307.3154)
>> epoch [  46/3000], runtime:  0.78s, train err*1e8:  1677.0503 (best*1e8:  1683.1212/ 307.3154)
>> epoch [  47/3000], runtime:  0.78s, train err*1e8:  1672.3662 (best*1e8:  1683.1212/ 307.3154)
>> epoch [  48/3000], runtime:  0.78s, train err*1e8:  1677.9609 (best*1e8:  1683.1212/ 307.3154)
>> epoch [  49/3000], runtime:  0.80s, train err*1e8:  1685.7286 (best*1e8:  1683.1212/ 307.3154)
>> epoch [  50/3000], runtime:  0.79s, train err*1e8:  1699.7377 (best*1e8:  1683.1212/ 307.3154)
>> epoch [  51/3000], runtime:  0.77s, train err*1e8:  1679.0337 (best*1e8:  1683.1212/ 307.3154)
>> epoch [  52/3000], runtime:  0.79s, train err*1e8:  1677.7781 (best*1e8:  1683.1212/ 307.3154)
>> epoch [  53/3000], runtime:  0.81s, train err*1e8:  1675.9392 (best*1e8:  1683.1212/ 307.3154)
>> epoch [  54/3000], runtime:  0.79s, train err*1e8:  1684.8658 (best*1e8:  1683.1212/ 307.3154)
>> epoch [  55/3000], runtime:  0.78s, train err*1e8:  1697.5248 (best*1e8:  1683.1212/ 307.3154)
>> epoch [  56/3000], runtime:  0.80s, train err*1e8:  1679.4481 (best*1e8:  1683.1212/ 307.3154)
>> epoch [  57/3000], runtime:  0.79s, train err*1e8:  1684.6737 (best*1e8:  1683.1212/ 307.3154)
>> epoch [  58/3000], runtime:  0.78s, train err*1e8:  1672.6179 (best*1e8:  1683.1212/ 307.3154)
>> epoch [  59/3000], runtime:  0.78s, train err*1e8:  1674.7909 (best*1e8:  1683.1212/ 307.3154)
>> epoch [  60/3000], runtime:  0.78s, train err*1e8:  1690.3292 (best*1e8:  1683.1212/ 307.3154)
>> epoch [  61/3000], runtime:  0.79s, train err*1e8:  1683.8820 (best*1e8:  1683.1212/ 307.3154)
>> epoch [  62/3000], runtime:  0.80s, train err*1e8:  1686.7922 (best*1e8:  1683.1212/ 307.3154)
>> epoch [  63/3000], runtime:  0.81s, train err*1e8:  1695.0047 (best*1e8:  1683.1212/ 307.3154)
>> epoch [  64/3000], runtime:  0.78s, train err*1e8:  1683.0217 (best*1e8:  1683.1212/ 307.3154)
>> epoch [  65/3000], runtime:  0.79s, train err*1e8:  1670.9582 (best*1e8:  1683.1212/ 307.3154)
>> epoch [  66/3000], runtime:  0.78s, train err*1e8:  1669.5801 (best*1e8:  1683.1212/ 307.3154)
>> epoch [  67/3000], runtime:  0.78s, train err*1e8:  1677.7682 (best*1e8:  1683.1212/ 307.3154)
>> epoch [  68/3000], runtime:  0.76s, train err*1e8:  1682.7729 (best*1e8:  1683.1212/ 307.3154)
>> epoch [  69/3000], runtime:  0.77s, train err*1e8:  1673.3513 (best*1e8:  1683.1212/ 307.3154)
>> epoch [  70/3000], runtime:  0.80s, train err*1e8:  1689.0271 (best*1e8:  1683.1212/ 307.3154)
>> epoch [  71/3000], runtime:  0.78s, train err*1e8:  1680.7423 (best*1e8:  1683.1212/ 307.3154)
>> epoch [  72/3000], runtime:  0.78s, train err*1e8:  1677.0170 (best*1e8:  1683.1212/ 307.3154)
>> epoch [  73/3000], runtime:  0.76s, train err*1e8:  1670.2205 (best*1e8:  1683.1212/ 307.3154)
>> epoch [  74/3000], runtime:  0.79s, train err*1e8:  1683.1589 (best*1e8:  1683.1212/ 307.3154)
>> epoch [  75/3000], runtime:  0.78s, train err*1e8:  1672.9558 (best*1e8:  1683.1212/ 307.3154)
>> epoch [  76/3000], runtime:  0.80s, train err*1e8:  1677.7490 (best*1e8:  1683.1212/ 307.3154)
>> epoch [  77/3000], runtime:  0.78s, train err*1e8:  1681.0250 (best*1e8:  1683.1212/ 307.3154)
>> epoch [  78/3000], runtime:  0.78s, train err*1e8:  1671.6472 (best*1e8:  1683.1212/ 307.3154)
>> epoch [  79/3000], runtime:  0.79s, train err*1e8:  1676.2480 (best*1e8:  1683.1212/ 307.3154)
>> epoch [  80/3000], runtime:  0.79s, train err*1e8:  1674.7198 (best*1e8:  1683.1212/ 307.3154)
>> epoch [  81/3000], runtime:  0.80s, train err*1e8:  1671.6111 (best*1e8:  1683.1212/ 307.3154)
>> epoch [  82/3000], runtime:  0.80s, train err*1e8:  1678.6951 (best*1e8:  1683.1212/ 307.3154)
>> epoch [  83/3000], runtime:  0.82s, train err*1e8:  1684.9641 (best*1e8:  1683.1212/ 307.3154)
>> epoch [  84/3000], runtime:  0.79s, train err*1e8:  1679.3104 (best*1e8:  1683.1212/ 307.3154)
>> epoch [  85/3000], runtime:  0.80s, train err*1e8:  1669.8997 (best*1e8:  1683.1212/ 307.3154)
>> epoch [  86/3000], runtime:  0.78s, train err*1e8:  1669.0138 (best*1e8:  1683.1212/ 307.3154)
>> epoch [  87/3000], runtime:  0.77s, train err*1e8:  1688.5660 (best*1e8:  1683.1212/ 307.3154)
>> epoch [  88/3000], runtime:  0.79s, train err*1e8:  1679.9714 (best*1e8:  1683.1212/ 307.3154)
>> epoch [  89/3000], runtime:  0.78s, train err*1e8:  1716.8788 (best*1e8:  1683.1212/ 307.3154)
>> epoch [  90/3000], runtime:  0.79s, train err*1e8:  1676.5596 (best*1e8:  1683.1212/ 307.3154)
>> epoch [  91/3000], runtime:  0.77s, train err*1e8:  1683.3898 (best*1e8:  1683.1212/ 307.3154)
>> epoch [  92/3000], runtime:  0.74s, train err*1e8:  1675.6153 (best*1e8:  1683.1212/ 307.3154)
>> epoch [  93/3000], runtime:  0.78s, train err*1e8:  1677.3660 (best*1e8:  1683.1212/ 307.3154)
>> epoch [  94/3000], runtime:  0.79s, train err*1e8:  1674.3615 (best*1e8:  1683.1212/ 307.3154)
>> epoch [  95/3000], runtime:  0.79s, train err*1e8:  1673.9733 (best*1e8:  1683.1212/ 307.3154)
>> epoch [  96/3000], runtime:  0.77s, train err*1e8:  1679.4282 (best*1e8:  1683.1212/ 307.3154)
>> epoch [  97/3000], runtime:  0.78s, train err*1e8:  1695.3707 (best*1e8:  1683.1212/ 307.3154)
>> epoch [  98/3000], runtime:  0.78s, train err*1e8:  1680.9868 (best*1e8:  1683.1212/ 307.3154)
>> epoch [  99/3000], runtime:  0.77s, train err*1e8:  1687.4737 (best*1e8:  1683.1212/ 307.3154)
>> epoch [ 100/3000], runtime:  0.80s, train err*1e8:  1686.5745 (best*1e8:  1683.1212/ 307.3154)
>> epoch [ 101/3000], runtime:  0.77s, train err*1e8:  1670.1904 (best*1e8:  1683.1212/ 307.3154)
>> epoch [ 102/3000], runtime:  0.79s, train err*1e8:  1677.3328 (best*1e8:  1683.1212/ 307.3154)
>> epoch [ 103/3000], runtime:  0.80s, train err*1e8:  1688.1652 (best*1e8:  1683.1212/ 307.3154)
>> epoch [ 104/3000], runtime:  0.80s, train err*1e8:  1672.8505 (best*1e8:  1683.1212/ 307.3154)
>> epoch [ 105/3000], runtime:  0.78s, train err*1e8:  1685.1880 (best*1e8:  1683.1212/ 307.3154)
>> epoch [ 106/3000], runtime:  0.78s, train err*1e8:  1685.3036 (best*1e8:  1683.1212/ 307.3154)
>> epoch [ 107/3000], runtime:  0.79s, train err*1e8:  1707.9060 (best*1e8:  1683.1212/ 307.3154)
>> epoch [ 108/3000], runtime:  0.80s, train err*1e8:  1691.7927 (best*1e8:  1683.1212/ 307.3154)
>> epoch [ 109/3000], runtime:  0.79s, train err*1e8:  1670.8833 (best*1e8:  1683.1212/ 307.3154)
>> epoch [ 110/3000], runtime:  0.80s, train err*1e8:  1677.4109 (best*1e8:  1683.1212/ 307.3154)
>> epoch [ 111/3000], runtime:  0.78s, train err*1e8:  1674.2755 (best*1e8:  1683.1212/ 307.3154)
>> epoch [ 112/3000], runtime:  0.80s, train err*1e8:  1695.3205 (best*1e8:  1683.1212/ 307.3154)
>> epoch [ 113/3000], runtime:  0.75s, train err*1e8:  1680.9814 (best*1e8:  1683.1212/ 307.3154)
>> epoch [ 114/3000], runtime:  0.78s, train err*1e8:  1686.5826 (best*1e8:  1683.1212/ 307.3154)
>> epoch [ 115/3000], runtime:  0.78s, train err*1e8:  1677.5121 (best*1e8:  1683.1212/ 307.3154)
----------------------------------------------------------------------------------------------------
----------------------------------------------------------------------------------------------------
>> ntrain: 300, lr: 0.005, gamma: 0.6, w_d: 0.0
>> Best train error*1e8:  1683.1212
>> Best valid error*1e8:  307.3154
>> Best test error*1e8:  385.4109
>> Best epoch: 13
----------------------------------------------------------------------------------------------------
----------------------------------------------------------------------------------------------------
>> Training Completed!!
Total number of parameters: 66433
>> Training Mesh resolution: 65x65
tensor(0.8745)
tensor(3.3131)
>> Preprocessing completed, time elapsed:  1.01s
>> ntrain: 300, lr: 0.005, gamma: 0.6, w_d: 0.0
----------------------------------------------------------------------------------------------------
>> epoch [   1/3000], runtime: 1.42s, train err *1e8: 7751.8985, valid err*1e8: 1636.7192 , test err*1e8: 1404.1630
>> epoch [   2/3000], runtime: 1.41s, train err *1e8: 7751.5770, valid err*1e8: 1636.5571 , test err*1e8: 1403.9625
>> epoch [   3/3000], runtime: 1.42s, train err *1e8: 7738.0936, valid err*1e8: 1624.0677 , test err*1e8: 1388.5316
>> epoch [   4/3000], runtime: 1.42s, train err *1e8: 6988.1935, valid err*1e8: 1175.8963 , test err*1e8: 867.9715
>> epoch [   5/3000], runtime: 1.41s, train err *1e8: 2648.0129, valid err*1e8: 344.4292 , test err*1e8: 548.6574
>> epoch [   6/3000], runtime:  1.41s, train err*1e8:  1966.4562 (best*1e8:  2648.0129/ 344.4292)
>> epoch [   7/3000], runtime:  1.42s, train err*1e8:  1909.0064 (best*1e8:  2648.0129/ 344.4292)
>> epoch [   8/3000], runtime:  1.42s, train err*1e8:  1912.7897 (best*1e8:  2648.0129/ 344.4292)
>> epoch [   9/3000], runtime:  1.42s, train err*1e8:  1910.3173 (best*1e8:  2648.0129/ 344.4292)
>> epoch [  10/3000], runtime:  1.40s, train err*1e8:  1905.5308 (best*1e8:  2648.0129/ 344.4292)
>> epoch [  11/3000], runtime:  1.40s, train err*1e8:  1931.0529 (best*1e8:  2648.0129/ 344.4292)
>> epoch [  12/3000], runtime:  1.42s, train err*1e8:  1910.8791 (best*1e8:  2648.0129/ 344.4292)
>> epoch [  13/3000], runtime:  1.42s, train err*1e8:  1919.3067 (best*1e8:  2648.0129/ 344.4292)
>> epoch [  14/3000], runtime:  1.42s, train err*1e8:  1901.9519 (best*1e8:  2648.0129/ 344.4292)
>> epoch [  15/3000], runtime:  1.42s, train err*1e8:  1915.3146 (best*1e8:  2648.0129/ 344.4292)
>> epoch [  16/3000], runtime:  1.40s, train err*1e8:  1908.4041 (best*1e8:  2648.0129/ 344.4292)
>> epoch [  17/3000], runtime:  1.41s, train err*1e8:  1952.7759 (best*1e8:  2648.0129/ 344.4292)
>> epoch [  18/3000], runtime:  1.40s, train err*1e8:  1924.0256 (best*1e8:  2648.0129/ 344.4292)
>> epoch [  19/3000], runtime:  1.39s, train err*1e8:  1907.0307 (best*1e8:  2648.0129/ 344.4292)
>> epoch [  20/3000], runtime:  1.42s, train err*1e8:  1908.1912 (best*1e8:  2648.0129/ 344.4292)
>> epoch [  21/3000], runtime:  1.40s, train err*1e8:  1904.0168 (best*1e8:  2648.0129/ 344.4292)
>> epoch [  22/3000], runtime:  1.40s, train err*1e8:  1915.9921 (best*1e8:  2648.0129/ 344.4292)
>> epoch [  23/3000], runtime:  1.42s, train err*1e8:  1917.5247 (best*1e8:  2648.0129/ 344.4292)
>> epoch [  24/3000], runtime:  1.41s, train err*1e8:  1923.7193 (best*1e8:  2648.0129/ 344.4292)
>> epoch [  25/3000], runtime:  1.40s, train err*1e8:  1917.8995 (best*1e8:  2648.0129/ 344.4292)
>> epoch [  26/3000], runtime:  1.39s, train err*1e8:  1916.2414 (best*1e8:  2648.0129/ 344.4292)
>> epoch [  27/3000], runtime:  1.39s, train err*1e8:  1919.3039 (best*1e8:  2648.0129/ 344.4292)
>> epoch [  28/3000], runtime:  1.42s, train err*1e8:  1909.0840 (best*1e8:  2648.0129/ 344.4292)
>> epoch [  29/3000], runtime:  1.41s, train err*1e8:  1913.7408 (best*1e8:  2648.0129/ 344.4292)
>> epoch [  30/3000], runtime:  1.41s, train err*1e8:  1910.6460 (best*1e8:  2648.0129/ 344.4292)
>> epoch [  31/3000], runtime:  1.42s, train err*1e8:  1921.8590 (best*1e8:  2648.0129/ 344.4292)
>> epoch [  32/3000], runtime:  1.42s, train err*1e8:  1918.3550 (best*1e8:  2648.0129/ 344.4292)
>> epoch [  33/3000], runtime:  1.42s, train err*1e8:  1961.0464 (best*1e8:  2648.0129/ 344.4292)
>> epoch [  34/3000], runtime:  1.41s, train err*1e8:  1913.5018 (best*1e8:  2648.0129/ 344.4292)
>> epoch [  35/3000], runtime:  1.43s, train err*1e8:  1907.0121 (best*1e8:  2648.0129/ 344.4292)
>> epoch [  36/3000], runtime:  1.43s, train err*1e8:  1911.6632 (best*1e8:  2648.0129/ 344.4292)
>> epoch [  37/3000], runtime:  1.42s, train err*1e8:  1909.3641 (best*1e8:  2648.0129/ 344.4292)
>> epoch [  38/3000], runtime:  1.40s, train err*1e8:  1913.2054 (best*1e8:  2648.0129/ 344.4292)
>> epoch [  39/3000], runtime:  1.41s, train err*1e8:  1912.4210 (best*1e8:  2648.0129/ 344.4292)
>> epoch [  40/3000], runtime:  1.42s, train err*1e8:  1907.0249 (best*1e8:  2648.0129/ 344.4292)
>> epoch [  41/3000], runtime:  1.39s, train err*1e8:  1909.9337 (best*1e8:  2648.0129/ 344.4292)
>> epoch [  42/3000], runtime:  1.42s, train err*1e8:  1914.8586 (best*1e8:  2648.0129/ 344.4292)
>> epoch [  43/3000], runtime:  1.41s, train err*1e8:  1917.2238 (best*1e8:  2648.0129/ 344.4292)
>> epoch [  44/3000], runtime:  1.40s, train err*1e8:  1918.0742 (best*1e8:  2648.0129/ 344.4292)
>> epoch [  45/3000], runtime:  1.41s, train err*1e8:  1907.6966 (best*1e8:  2648.0129/ 344.4292)
>> epoch [  46/3000], runtime:  1.42s, train err*1e8:  1902.2192 (best*1e8:  2648.0129/ 344.4292)
>> epoch [  47/3000], runtime:  1.41s, train err*1e8:  1903.7788 (best*1e8:  2648.0129/ 344.4292)
>> epoch [  48/3000], runtime:  1.43s, train err*1e8:  1919.6315 (best*1e8:  2648.0129/ 344.4292)
>> epoch [  49/3000], runtime:  1.41s, train err*1e8:  1940.8789 (best*1e8:  2648.0129/ 344.4292)
>> epoch [  50/3000], runtime:  1.42s, train err*1e8:  1916.1263 (best*1e8:  2648.0129/ 344.4292)
>> epoch [  51/3000], runtime:  1.43s, train err*1e8:  1906.1449 (best*1e8:  2648.0129/ 344.4292)
>> epoch [  52/3000], runtime:  1.42s, train err*1e8:  1932.8813 (best*1e8:  2648.0129/ 344.4292)
>> epoch [  53/3000], runtime:  1.40s, train err*1e8:  1912.5604 (best*1e8:  2648.0129/ 344.4292)
>> epoch [  54/3000], runtime:  1.40s, train err*1e8:  1907.6688 (best*1e8:  2648.0129/ 344.4292)
>> epoch [  55/3000], runtime:  1.40s, train err*1e8:  1902.5146 (best*1e8:  2648.0129/ 344.4292)
>> epoch [  56/3000], runtime:  1.39s, train err*1e8:  1912.2313 (best*1e8:  2648.0129/ 344.4292)
>> epoch [  57/3000], runtime:  1.41s, train err*1e8:  1913.2171 (best*1e8:  2648.0129/ 344.4292)
>> epoch [  58/3000], runtime:  1.40s, train err*1e8:  1907.4848 (best*1e8:  2648.0129/ 344.4292)
>> epoch [  59/3000], runtime:  1.39s, train err*1e8:  1922.7079 (best*1e8:  2648.0129/ 344.4292)
>> epoch [  60/3000], runtime:  1.41s, train err*1e8:  1906.8355 (best*1e8:  2648.0129/ 344.4292)
>> epoch [  61/3000], runtime:  1.43s, train err*1e8:  1904.3047 (best*1e8:  2648.0129/ 344.4292)
>> epoch [  62/3000], runtime:  1.40s, train err*1e8:  1900.7164 (best*1e8:  2648.0129/ 344.4292)
>> epoch [  63/3000], runtime:  1.42s, train err*1e8:  1909.0592 (best*1e8:  2648.0129/ 344.4292)
>> epoch [  64/3000], runtime:  1.41s, train err*1e8:  1906.1491 (best*1e8:  2648.0129/ 344.4292)
>> epoch [  65/3000], runtime:  1.41s, train err*1e8:  1902.7338 (best*1e8:  2648.0129/ 344.4292)
>> epoch [  66/3000], runtime:  1.41s, train err*1e8:  1909.9448 (best*1e8:  2648.0129/ 344.4292)
>> epoch [  67/3000], runtime:  1.41s, train err*1e8:  1910.8178 (best*1e8:  2648.0129/ 344.4292)
>> epoch [  68/3000], runtime:  1.40s, train err*1e8:  1919.0893 (best*1e8:  2648.0129/ 344.4292)
>> epoch [  69/3000], runtime:  1.40s, train err*1e8:  1932.3128 (best*1e8:  2648.0129/ 344.4292)
>> epoch [  70/3000], runtime:  1.40s, train err*1e8:  1916.5074 (best*1e8:  2648.0129/ 344.4292)
>> epoch [  71/3000], runtime:  1.35s, train err*1e8:  1905.7518 (best*1e8:  2648.0129/ 344.4292)
>> epoch [  72/3000], runtime:  1.36s, train err*1e8:  1909.6601 (best*1e8:  2648.0129/ 344.4292)
>> epoch [  73/3000], runtime:  1.39s, train err*1e8:  1920.2486 (best*1e8:  2648.0129/ 344.4292)
>> epoch [  74/3000], runtime:  1.42s, train err*1e8:  1911.1796 (best*1e8:  2648.0129/ 344.4292)
>> epoch [  75/3000], runtime:  1.42s, train err*1e8:  1920.2227 (best*1e8:  2648.0129/ 344.4292)
>> epoch [  76/3000], runtime:  1.42s, train err*1e8:  1910.2541 (best*1e8:  2648.0129/ 344.4292)
>> epoch [  77/3000], runtime:  1.39s, train err*1e8:  1917.9798 (best*1e8:  2648.0129/ 344.4292)
>> epoch [  78/3000], runtime:  1.41s, train err*1e8:  1914.4670 (best*1e8:  2648.0129/ 344.4292)
>> epoch [  79/3000], runtime:  1.41s, train err*1e8:  1912.6442 (best*1e8:  2648.0129/ 344.4292)
>> epoch [  80/3000], runtime:  1.41s, train err*1e8:  1919.2181 (best*1e8:  2648.0129/ 344.4292)
>> epoch [  81/3000], runtime:  1.40s, train err*1e8:  1933.8961 (best*1e8:  2648.0129/ 344.4292)
>> epoch [  82/3000], runtime:  1.42s, train err*1e8:  1903.0200 (best*1e8:  2648.0129/ 344.4292)
>> epoch [  83/3000], runtime:  1.41s, train err*1e8:  1918.4360 (best*1e8:  2648.0129/ 344.4292)
>> epoch [  84/3000], runtime:  1.41s, train err*1e8:  1930.1992 (best*1e8:  2648.0129/ 344.4292)
>> epoch [  85/3000], runtime:  1.42s, train err*1e8:  1915.5716 (best*1e8:  2648.0129/ 344.4292)
>> epoch [  86/3000], runtime:  1.40s, train err*1e8:  1939.0042 (best*1e8:  2648.0129/ 344.4292)
>> epoch [  87/3000], runtime:  1.41s, train err*1e8:  1912.9187 (best*1e8:  2648.0129/ 344.4292)
>> epoch [  88/3000], runtime:  1.40s, train err*1e8:  1909.9247 (best*1e8:  2648.0129/ 344.4292)
>> epoch [  89/3000], runtime:  1.41s, train err*1e8:  1908.6449 (best*1e8:  2648.0129/ 344.4292)
>> epoch [  90/3000], runtime:  1.40s, train err*1e8:  1924.1593 (best*1e8:  2648.0129/ 344.4292)
>> epoch [  91/3000], runtime:  1.41s, train err*1e8:  1913.5801 (best*1e8:  2648.0129/ 344.4292)
>> epoch [  92/3000], runtime:  1.39s, train err*1e8:  1918.4898 (best*1e8:  2648.0129/ 344.4292)
>> epoch [  93/3000], runtime:  1.39s, train err*1e8:  1916.1445 (best*1e8:  2648.0129/ 344.4292)
>> epoch [  94/3000], runtime:  1.39s, train err*1e8:  1914.1776 (best*1e8:  2648.0129/ 344.4292)
>> epoch [  95/3000], runtime:  1.39s, train err*1e8:  1933.6187 (best*1e8:  2648.0129/ 344.4292)
>> epoch [  96/3000], runtime:  1.41s, train err*1e8:  1912.4577 (best*1e8:  2648.0129/ 344.4292)
>> epoch [  97/3000], runtime:  1.40s, train err*1e8:  1906.9205 (best*1e8:  2648.0129/ 344.4292)
>> epoch [  98/3000], runtime:  1.40s, train err*1e8:  1907.1885 (best*1e8:  2648.0129/ 344.4292)
>> epoch [  99/3000], runtime:  1.39s, train err*1e8:  1911.6197 (best*1e8:  2648.0129/ 344.4292)
>> epoch [ 100/3000], runtime:  1.40s, train err*1e8:  1901.5432 (best*1e8:  2648.0129/ 344.4292)
>> epoch [ 101/3000], runtime:  1.39s, train err*1e8:  1915.8070 (best*1e8:  2648.0129/ 344.4292)
>> epoch [ 102/3000], runtime:  1.40s, train err*1e8:  1904.3327 (best*1e8:  2648.0129/ 344.4292)
>> epoch [ 103/3000], runtime:  1.42s, train err*1e8:  1907.7728 (best*1e8:  2648.0129/ 344.4292)
>> epoch [ 104/3000], runtime:  1.42s, train err*1e8:  1913.1374 (best*1e8:  2648.0129/ 344.4292)
>> epoch [ 105/3000], runtime:  1.39s, train err*1e8:  1914.1768 (best*1e8:  2648.0129/ 344.4292)
>> epoch [ 106/3000], runtime:  1.36s, train err*1e8:  1899.8042 (best*1e8:  2648.0129/ 344.4292)
----------------------------------------------------------------------------------------------------
----------------------------------------------------------------------------------------------------
>> ntrain: 300, lr: 0.005, gamma: 0.6, w_d: 0.0
>> Best train error*1e8:  2648.0129
>> Best valid error*1e8:  344.4292
>> Best test error*1e8:  548.6574
>> Best epoch: 4
----------------------------------------------------------------------------------------------------
----------------------------------------------------------------------------------------------------
>> Training Completed!!
Total number of parameters: 66433
>> Training Mesh resolution: 129x129
tensor(0.8283)
tensor(3.3409)
>> Preprocessing completed, time elapsed:  1.66s
>> ntrain: 300, lr: 0.005, gamma: 0.6, w_d: 0.0
----------------------------------------------------------------------------------------------------
>> epoch [   1/3000], runtime: 4.37s, train err *1e8: 7750.3775, valid err*1e8: 1630.5869 , test err*1e8: 1402.8537
>> epoch [   2/3000], runtime: 4.40s, train err *1e8: 7748.8118, valid err*1e8: 1629.2720 , test err*1e8: 1401.2374
>> epoch [   3/3000], runtime: 4.37s, train err *1e8: 7624.5136, valid err*1e8: 1534.7786 , test err*1e8: 1286.3115
>> epoch [   4/3000], runtime: 4.38s, train err *1e8: 5310.2832, valid err*1e8: 553.8371 , test err*1e8: 389.8729
>> epoch [   5/3000], runtime: 4.39s, train err *1e8: 2105.4729, valid err*1e8: 430.3125 , test err*1e8: 413.2195
>> epoch [   6/3000], runtime: 4.38s, train err *1e8: 2085.4135, valid err*1e8: 415.4669 , test err*1e8: 427.8510
>> epoch [   7/3000], runtime:  4.37s, train err*1e8:  2048.1561 (best*1e8:  2085.4135/ 415.4669)
>> epoch [   8/3000], runtime: 4.38s, train err *1e8: 2030.5284, valid err*1e8: 398.5636 , test err*1e8: 451.4869
>> epoch [   9/3000], runtime:  4.35s, train err*1e8:  2041.3618 (best*1e8:  2030.5284/ 398.5636)
>> epoch [  10/3000], runtime:  4.37s, train err*1e8:  2032.4160 (best*1e8:  2030.5284/ 398.5636)
>> epoch [  11/3000], runtime:  4.42s, train err*1e8:  2041.3332 (best*1e8:  2030.5284/ 398.5636)
>> epoch [  12/3000], runtime:  4.36s, train err*1e8:  2061.5111 (best*1e8:  2030.5284/ 398.5636)
>> epoch [  13/3000], runtime:  4.37s, train err*1e8:  2062.1905 (best*1e8:  2030.5284/ 398.5636)
>> epoch [  14/3000], runtime:  4.37s, train err*1e8:  2032.8972 (best*1e8:  2030.5284/ 398.5636)
>> epoch [  15/3000], runtime:  4.39s, train err*1e8:  2045.1711 (best*1e8:  2030.5284/ 398.5636)
>> epoch [  16/3000], runtime:  4.38s, train err*1e8:  2066.1616 (best*1e8:  2030.5284/ 398.5636)
>> epoch [  17/3000], runtime:  4.38s, train err*1e8:  2054.8869 (best*1e8:  2030.5284/ 398.5636)
>> epoch [  18/3000], runtime:  4.38s, train err*1e8:  2082.3126 (best*1e8:  2030.5284/ 398.5636)
>> epoch [  19/3000], runtime:  4.40s, train err*1e8:  2092.7128 (best*1e8:  2030.5284/ 398.5636)
>> epoch [  20/3000], runtime:  4.40s, train err*1e8:  2037.9530 (best*1e8:  2030.5284/ 398.5636)
>> epoch [  21/3000], runtime:  4.36s, train err*1e8:  2033.1200 (best*1e8:  2030.5284/ 398.5636)
>> epoch [  22/3000], runtime:  4.38s, train err*1e8:  2035.0841 (best*1e8:  2030.5284/ 398.5636)
>> epoch [  23/3000], runtime:  2.52s, train err*1e8:  2071.2701 (best*1e8:  2030.5284/ 398.5636)
>> epoch [  24/3000], runtime:  1.97s, train err*1e8:  2033.8825 (best*1e8:  2030.5284/ 398.5636)
>> epoch [  25/3000], runtime:  1.97s, train err*1e8:  2043.7644 (best*1e8:  2030.5284/ 398.5636)
>> epoch [  26/3000], runtime:  1.97s, train err*1e8:  2028.5110 (best*1e8:  2030.5284/ 398.5636)
>> epoch [  27/3000], runtime:  1.98s, train err*1e8:  2037.8304 (best*1e8:  2030.5284/ 398.5636)
>> epoch [  28/3000], runtime:  1.98s, train err*1e8:  2037.7526 (best*1e8:  2030.5284/ 398.5636)
>> epoch [  29/3000], runtime:  1.98s, train err*1e8:  2031.0669 (best*1e8:  2030.5284/ 398.5636)
>> epoch [  30/3000], runtime:  1.98s, train err*1e8:  2040.7476 (best*1e8:  2030.5284/ 398.5636)
>> epoch [  31/3000], runtime:  1.97s, train err*1e8:  2048.3091 (best*1e8:  2030.5284/ 398.5636)
>> epoch [  32/3000], runtime:  1.98s, train err*1e8:  2056.5292 (best*1e8:  2030.5284/ 398.5636)
>> epoch [  33/3000], runtime:  1.97s, train err*1e8:  2033.5705 (best*1e8:  2030.5284/ 398.5636)
>> epoch [  34/3000], runtime:  1.97s, train err*1e8:  2033.0328 (best*1e8:  2030.5284/ 398.5636)
>> epoch [  35/3000], runtime:  1.97s, train err*1e8:  2042.7821 (best*1e8:  2030.5284/ 398.5636)
>> epoch [  36/3000], runtime:  1.98s, train err*1e8:  2047.6415 (best*1e8:  2030.5284/ 398.5636)
>> epoch [  37/3000], runtime:  2.25s, train err*1e8:  2042.9307 (best*1e8:  2030.5284/ 398.5636)
>> epoch [  38/3000], runtime:  2.61s, train err*1e8:  2035.7853 (best*1e8:  2030.5284/ 398.5636)
>> epoch [  39/3000], runtime:  2.61s, train err*1e8:  2035.8447 (best*1e8:  2030.5284/ 398.5636)
>> epoch [  40/3000], runtime:  2.62s, train err*1e8:  2048.7154 (best*1e8:  2030.5284/ 398.5636)
>> epoch [  41/3000], runtime:  2.60s, train err*1e8:  2044.9506 (best*1e8:  2030.5284/ 398.5636)
>> epoch [  42/3000], runtime:  2.61s, train err*1e8:  2054.7734 (best*1e8:  2030.5284/ 398.5636)
>> epoch [  43/3000], runtime:  2.66s, train err*1e8:  2035.1080 (best*1e8:  2030.5284/ 398.5636)
>> epoch [  44/3000], runtime:  2.69s, train err*1e8:  2041.5286 (best*1e8:  2030.5284/ 398.5636)
>> epoch [  45/3000], runtime:  2.66s, train err*1e8:  2051.2074 (best*1e8:  2030.5284/ 398.5636)
>> epoch [  46/3000], runtime:  2.71s, train err*1e8:  2040.4373 (best*1e8:  2030.5284/ 398.5636)
>> epoch [  47/3000], runtime:  2.66s, train err*1e8:  2046.2099 (best*1e8:  2030.5284/ 398.5636)
>> epoch [  48/3000], runtime:  2.67s, train err*1e8:  2031.1598 (best*1e8:  2030.5284/ 398.5636)
>> epoch [  49/3000], runtime:  2.67s, train err*1e8:  2033.1632 (best*1e8:  2030.5284/ 398.5636)
>> epoch [  50/3000], runtime:  2.69s, train err*1e8:  2034.8030 (best*1e8:  2030.5284/ 398.5636)
>> epoch [  51/3000], runtime:  2.69s, train err*1e8:  2040.7152 (best*1e8:  2030.5284/ 398.5636)
>> epoch [  52/3000], runtime:  2.69s, train err*1e8:  2022.6319 (best*1e8:  2030.5284/ 398.5636)
>> epoch [  53/3000], runtime:  2.61s, train err*1e8:  2038.0192 (best*1e8:  2030.5284/ 398.5636)
>> epoch [  54/3000], runtime:  2.66s, train err*1e8:  2037.3568 (best*1e8:  2030.5284/ 398.5636)
>> epoch [  55/3000], runtime:  2.72s, train err*1e8:  2030.8426 (best*1e8:  2030.5284/ 398.5636)
>> epoch [  56/3000], runtime:  2.66s, train err*1e8:  2032.9010 (best*1e8:  2030.5284/ 398.5636)
>> epoch [  57/3000], runtime:  2.71s, train err*1e8:  2035.5309 (best*1e8:  2030.5284/ 398.5636)
>> epoch [  58/3000], runtime:  2.70s, train err*1e8:  2034.4680 (best*1e8:  2030.5284/ 398.5636)
>> epoch [  59/3000], runtime:  2.69s, train err*1e8:  2042.9918 (best*1e8:  2030.5284/ 398.5636)
>> epoch [  60/3000], runtime:  2.69s, train err*1e8:  2093.8894 (best*1e8:  2030.5284/ 398.5636)
>> epoch [  61/3000], runtime:  2.68s, train err*1e8:  2064.4849 (best*1e8:  2030.5284/ 398.5636)
>> epoch [  62/3000], runtime:  2.66s, train err*1e8:  2038.1124 (best*1e8:  2030.5284/ 398.5636)
>> epoch [  63/3000], runtime:  2.68s, train err*1e8:  2038.4507 (best*1e8:  2030.5284/ 398.5636)
>> epoch [  64/3000], runtime:  2.69s, train err*1e8:  2033.1424 (best*1e8:  2030.5284/ 398.5636)
>> epoch [  65/3000], runtime:  2.67s, train err*1e8:  2042.0315 (best*1e8:  2030.5284/ 398.5636)
>> epoch [  66/3000], runtime:  2.70s, train err*1e8:  2029.5718 (best*1e8:  2030.5284/ 398.5636)
>> epoch [  67/3000], runtime:  2.68s, train err*1e8:  2034.0905 (best*1e8:  2030.5284/ 398.5636)
>> epoch [  68/3000], runtime:  2.63s, train err*1e8:  2032.1976 (best*1e8:  2030.5284/ 398.5636)
>> epoch [  69/3000], runtime:  2.66s, train err*1e8:  2026.5389 (best*1e8:  2030.5284/ 398.5636)
>> epoch [  70/3000], runtime:  2.70s, train err*1e8:  2038.2598 (best*1e8:  2030.5284/ 398.5636)
>> epoch [  71/3000], runtime:  2.62s, train err*1e8:  2037.8475 (best*1e8:  2030.5284/ 398.5636)
>> epoch [  72/3000], runtime:  2.65s, train err*1e8:  2031.0315 (best*1e8:  2030.5284/ 398.5636)
>> epoch [  73/3000], runtime:  2.64s, train err*1e8:  2036.3504 (best*1e8:  2030.5284/ 398.5636)
>> epoch [  74/3000], runtime:  2.65s, train err*1e8:  2028.6179 (best*1e8:  2030.5284/ 398.5636)
>> epoch [  75/3000], runtime:  2.71s, train err*1e8:  2039.5692 (best*1e8:  2030.5284/ 398.5636)
>> epoch [  76/3000], runtime:  2.70s, train err*1e8:  2036.0149 (best*1e8:  2030.5284/ 398.5636)
>> epoch [  77/3000], runtime:  2.69s, train err*1e8:  2045.8001 (best*1e8:  2030.5284/ 398.5636)
>> epoch [  78/3000], runtime:  2.69s, train err*1e8:  2032.4152 (best*1e8:  2030.5284/ 398.5636)
>> epoch [  79/3000], runtime:  2.72s, train err*1e8:  2034.8351 (best*1e8:  2030.5284/ 398.5636)
>> epoch [  80/3000], runtime:  2.73s, train err*1e8:  2036.7176 (best*1e8:  2030.5284/ 398.5636)
>> epoch [  81/3000], runtime:  2.72s, train err*1e8:  2027.0733 (best*1e8:  2030.5284/ 398.5636)
>> epoch [  82/3000], runtime:  2.73s, train err*1e8:  2028.6204 (best*1e8:  2030.5284/ 398.5636)
>> epoch [  83/3000], runtime:  2.72s, train err*1e8:  2032.8699 (best*1e8:  2030.5284/ 398.5636)
>> epoch [  84/3000], runtime:  2.69s, train err*1e8:  2026.7524 (best*1e8:  2030.5284/ 398.5636)
>> epoch [  85/3000], runtime:  2.70s, train err*1e8:  2041.7272 (best*1e8:  2030.5284/ 398.5636)
>> epoch [  86/3000], runtime:  2.72s, train err*1e8:  2033.8351 (best*1e8:  2030.5284/ 398.5636)
>> epoch [  87/3000], runtime:  2.70s, train err*1e8:  2056.9739 (best*1e8:  2030.5284/ 398.5636)
>> epoch [  88/3000], runtime:  2.69s, train err*1e8:  2033.6748 (best*1e8:  2030.5284/ 398.5636)
>> epoch [  89/3000], runtime:  2.70s, train err*1e8:  2035.4673 (best*1e8:  2030.5284/ 398.5636)
>> epoch [  90/3000], runtime:  2.72s, train err*1e8:  2054.6641 (best*1e8:  2030.5284/ 398.5636)
>> epoch [  91/3000], runtime:  2.72s, train err*1e8:  2033.6780 (best*1e8:  2030.5284/ 398.5636)
>> epoch [  92/3000], runtime:  2.70s, train err*1e8:  2029.6609 (best*1e8:  2030.5284/ 398.5636)
>> epoch [  93/3000], runtime:  2.71s, train err*1e8:  2056.2513 (best*1e8:  2030.5284/ 398.5636)
>> epoch [  94/3000], runtime:  2.70s, train err*1e8:  2036.1195 (best*1e8:  2030.5284/ 398.5636)
>> epoch [  95/3000], runtime:  2.71s, train err*1e8:  2036.7251 (best*1e8:  2030.5284/ 398.5636)
>> epoch [  96/3000], runtime:  2.70s, train err*1e8:  2033.5344 (best*1e8:  2030.5284/ 398.5636)
>> epoch [  97/3000], runtime:  2.70s, train err*1e8:  2030.4143 (best*1e8:  2030.5284/ 398.5636)
>> epoch [  98/3000], runtime:  2.70s, train err*1e8:  2038.1654 (best*1e8:  2030.5284/ 398.5636)
>> epoch [  99/3000], runtime:  2.75s, train err*1e8:  2042.9722 (best*1e8:  2030.5284/ 398.5636)
>> epoch [ 100/3000], runtime:  3.42s, train err*1e8:  2036.9748 (best*1e8:  2030.5284/ 398.5636)
>> epoch [ 101/3000], runtime:  3.48s, train err*1e8:  2028.6437 (best*1e8:  2030.5284/ 398.5636)
>> epoch [ 102/3000], runtime:  3.50s, train err*1e8:  2036.0093 (best*1e8:  2030.5284/ 398.5636)
>> epoch [ 103/3000], runtime:  3.46s, train err*1e8:  2049.0941 (best*1e8:  2030.5284/ 398.5636)
>> epoch [ 104/3000], runtime:  3.54s, train err*1e8:  2049.8113 (best*1e8:  2030.5284/ 398.5636)
>> epoch [ 105/3000], runtime:  3.56s, train err*1e8:  2027.1901 (best*1e8:  2030.5284/ 398.5636)
>> epoch [ 106/3000], runtime:  3.55s, train err*1e8:  2045.9099 (best*1e8:  2030.5284/ 398.5636)
>> epoch [ 107/3000], runtime:  3.49s, train err*1e8:  2031.7818 (best*1e8:  2030.5284/ 398.5636)
>> epoch [ 108/3000], runtime:  3.48s, train err*1e8:  2036.0405 (best*1e8:  2030.5284/ 398.5636)
>> epoch [ 109/3000], runtime:  3.52s, train err*1e8:  2037.5957 (best*1e8:  2030.5284/ 398.5636)
----------------------------------------------------------------------------------------------------
----------------------------------------------------------------------------------------------------
>> ntrain: 300, lr: 0.005, gamma: 0.6, w_d: 0.0
>> Best train error*1e8:  2030.5284
>> Best valid error*1e8:  398.5636
>> Best test error*1e8:  451.4869
>> Best epoch: 7
----------------------------------------------------------------------------------------------------
----------------------------------------------------------------------------------------------------
>> Training Completed!!
