>> Device being used: cuda (NVIDIA GeForce RTX 4090)
Total number of parameters: 66433
>> Training Mesh resolution: 257x257
tensor(0.8109)
tensor(3.3456)
>> Preprocessing completed, time elapsed:  0.36s
>> ntrain: 300, lr: 0.01, gamma: 0.6, w_d: 0.0
----------------------------------------------------------------------------------------------------
>> epoch [   1/3000], runtime:29.04s, train err:6.5072e-04, valid err: 7.6111e-05, test err: 8.1800e-05, (best: 6.5072e-04/7.6111e-05)
>> epoch [  51/3000], runtime:28.14s, train err:1.2277e-07, valid err: 6.5588e-08, test err: 6.5504e-08, (best: 7.7098e-08/6.5588e-08)
>> epoch [ 101/3000], runtime:29.46s, train err:2.3855e-07, valid err: 3.8005e-08, test err: 3.9584e-08, (best: 3.3469e-08/3.8005e-08)
----------------------------------------------------------------------------------------------------
----------------------------------------------------------------------------------------------------
>> 128_5, Softplus, ntrain: 300, lr: 0.01, gamma: 0.6, w_d: 0.0
>> Best train error:  3.3469e-08
>> Best valid error:  3.8005e-08
>> Best test error:  3.9584e-08
>> Best epoch: 91
----------------------------------------------------------------------------------------------------
----------------------------------------------------------------------------------------------------
>> Training Completed!!
