>> Device being used: cuda (NVIDIA GeForce RTX 4090)
Total number of parameters: 66433
>> Training Mesh resolution: 257x257
tensor(0.8109)
tensor(3.3456)
>> Preprocessing completed, time elapsed:  0.33s
>> ntrain: 300, lr: 0.01, gamma: 0.6, w_d: 0.0
----------------------------------------------------------------------------------------------------
>> epoch [   1/3000], runtime:28.93s, train err:2.2010e-03, valid err: 7.2493e-05, test err: 7.8128e-05, (best: 2.2010e-03/7.2493e-05)
>> epoch [  51/3000], runtime:28.07s, train err:8.3768e-08, valid err: 9.7020e-08, test err: 8.8141e-08, (best: 8.7452e-08/8.2106e-08)
>> epoch [ 101/3000], runtime:28.13s, train err:6.5628e-07, valid err: 2.5301e-08, test err: 2.6584e-08, (best: 3.2314e-08/2.5301e-08)
----------------------------------------------------------------------------------------------------
----------------------------------------------------------------------------------------------------
>> 128_5, Softplus, ntrain: 300, lr: 0.01, gamma: 0.6, w_d: 0.0
>> Best train error:  3.2314e-08
>> Best valid error:  2.5301e-08
>> Best test error:  2.6584e-08
>> Best epoch: 98
----------------------------------------------------------------------------------------------------
----------------------------------------------------------------------------------------------------
>> Training Completed!!
