>> Device being used: cuda (NVIDIA GeForce RTX 4090)
Total number of parameters: 1321
>> Training Mesh resolution: 257x257
tensor(0.8109)
tensor(3.3456)
>> Preprocessing completed, time elapsed:  0.48s
>> ntrain: 300, lr: 0.01, gamma: 0.6, w_d: 0.0
----------------------------------------------------------------------------------------------------
>> epoch [   1/3000], runtime: 3.98s, train err: 1.0365e+00, valid err: 5.2693e-01 , test err: 5.0943e-01
>> epoch [   2/3000], runtime:  5.76s, train err: 5.1757e-01 (best:  1.0365e+00/ 5.2693e-01)
>> epoch [   3/3000], runtime: 5.91s, train err: 4.9861e-01, valid err: 4.6543e-01 , test err: 4.5523e-01
>> epoch [   4/3000], runtime:  5.80s, train err: 4.6232e-01 (best:  4.9861e-01/ 4.6543e-01)
>> epoch [   5/3000], runtime:  4.55s, train err: 4.4719e-01 (best:  4.9861e-01/ 4.6543e-01)
>> epoch [   6/3000], runtime: 5.79s, train err: 4.1549e-01, valid err: 3.9733e-01 , test err: 3.7564e-01
>> epoch [   7/3000], runtime: 6.15s, train err: 4.0307e-01, valid err: 3.7070e-01 , test err: 3.4124e-01
>> epoch [   8/3000], runtime: 6.15s, train err: 3.5319e-01, valid err: 3.4908e-01 , test err: 3.0896e-01
>> epoch [   9/3000], runtime: 6.18s, train err: 3.0804e-01, valid err: 2.7573e-01 , test err: 2.6612e-01
>> epoch [  10/3000], runtime: 6.32s, train err: 2.4833e-01, valid err: 2.4989e-01 , test err: 2.1490e-01
>> epoch [  11/3000], runtime: 6.41s, train err: 1.8468e-01, valid err: 1.6998e-01 , test err: 1.4764e-01
>> epoch [  12/3000], runtime: 6.52s, train err: 1.2208e-01, valid err: 1.1359e-01 , test err: 1.0093e-01
>> epoch [  13/3000], runtime: 6.51s, train err: 8.0659e-02, valid err: 1.0235e-01 , test err: 9.0717e-02
>> epoch [  14/3000], runtime: 6.34s, train err: 6.4308e-02, valid err: 6.6782e-02 , test err: 5.5064e-02
>> epoch [  15/3000], runtime: 6.11s, train err: 4.9051e-02, valid err: 6.6687e-02 , test err: 4.7823e-02
>> epoch [  16/3000], runtime: 6.50s, train err: 4.4885e-02, valid err: 3.9095e-02 , test err: 2.8630e-02
>> epoch [  17/3000], runtime: 5.83s, train err: 3.2504e-02, valid err: 3.5644e-02 , test err: 2.7944e-02
>> epoch [  18/3000], runtime: 5.12s, train err: 2.5439e-02, valid err: 3.0740e-02 , test err: 2.3118e-02
>> epoch [  19/3000], runtime: 6.76s, train err: 2.2123e-02, valid err: 2.7096e-02 , test err: 2.1320e-02
>> epoch [  20/3000], runtime: 5.71s, train err: 2.1340e-02, valid err: 2.5459e-02 , test err: 2.0062e-02
>> epoch [  21/3000], runtime:  5.41s, train err: 2.0861e-02 (best:  2.1340e-02/ 2.5459e-02)
>> epoch [  22/3000], runtime:  6.23s, train err: 2.2404e-02 (best:  2.1340e-02/ 2.5459e-02)
>> epoch [  23/3000], runtime: 6.91s, train err: 1.8280e-02, valid err: 2.0086e-02 , test err: 1.5274e-02
>> epoch [  24/3000], runtime:  7.36s, train err: 2.0700e-02 (best:  1.8280e-02/ 2.0086e-02)
>> epoch [  25/3000], runtime:  6.40s, train err: 1.8127e-02 (best:  1.8280e-02/ 2.0086e-02)
>> epoch [  26/3000], runtime:  6.95s, train err: 1.8844e-02 (best:  1.8280e-02/ 2.0086e-02)
>> epoch [  27/3000], runtime:  7.13s, train err: 2.2991e-02 (best:  1.8280e-02/ 2.0086e-02)
>> epoch [  28/3000], runtime:  7.23s, train err: 1.5949e-02 (best:  1.8280e-02/ 2.0086e-02)
>> epoch [  29/3000], runtime:  6.18s, train err: 2.0918e-02 (best:  1.8280e-02/ 2.0086e-02)
>> epoch [  30/3000], runtime: 6.42s, train err: 1.7125e-02, valid err: 1.9099e-02 , test err: 1.4469e-02
>> epoch [  31/3000], runtime:  6.26s, train err: 1.7153e-02 (best:  1.7125e-02/ 1.9099e-02)
>> epoch [  32/3000], runtime: 6.47s, train err: 1.5529e-02, valid err: 1.6515e-02 , test err: 1.2922e-02
>> epoch [  33/3000], runtime:  6.64s, train err: 1.4481e-02 (best:  1.5529e-02/ 1.6515e-02)
>> epoch [  34/3000], runtime: 7.27s, train err: 1.3881e-02, valid err: 1.5855e-02 , test err: 1.1841e-02
>> epoch [  35/3000], runtime:  7.17s, train err: 1.3489e-02 (best:  1.3881e-02/ 1.5855e-02)
>> epoch [  36/3000], runtime:  6.80s, train err: 1.6258e-02 (best:  1.3881e-02/ 1.5855e-02)
>> epoch [  37/3000], runtime:  6.24s, train err: 1.7666e-02 (best:  1.3881e-02/ 1.5855e-02)
>> epoch [  38/3000], runtime:  6.82s, train err: 1.3433e-02 (best:  1.3881e-02/ 1.5855e-02)
>> epoch [  39/3000], runtime: 6.54s, train err: 1.1966e-02, valid err: 1.3199e-02 , test err: 9.7306e-03
>> epoch [  40/3000], runtime:  6.92s, train err: 1.2083e-02 (best:  1.1966e-02/ 1.3199e-02)
>> epoch [  41/3000], runtime:  7.51s, train err: 1.0673e-02 (best:  1.1966e-02/ 1.3199e-02)
>> epoch [  42/3000], runtime:  6.22s, train err: 1.2819e-02 (best:  1.1966e-02/ 1.3199e-02)
>> epoch [  43/3000], runtime:  5.64s, train err: 1.5066e-02 (best:  1.1966e-02/ 1.3199e-02)
>> epoch [  44/3000], runtime: 6.29s, train err: 1.0195e-02, valid err: 1.0071e-02 , test err: 7.6029e-03
>> epoch [  45/3000], runtime:  6.22s, train err: 1.0296e-02 (best:  1.0195e-02/ 1.0071e-02)
>> epoch [  46/3000], runtime: 6.48s, train err: 8.9969e-03, valid err: 1.0039e-02 , test err: 7.6927e-03
>> epoch [  47/3000], runtime: 6.64s, train err: 7.8744e-03, valid err: 9.7769e-03 , test err: 7.9555e-03
>> epoch [  48/3000], runtime:  7.31s, train err: 9.0705e-03 (best:  7.8744e-03/ 9.7769e-03)
>> epoch [  49/3000], runtime: 5.08s, train err: 7.4463e-03, valid err: 8.6119e-03 , test err: 6.4269e-03
>> epoch [  50/3000], runtime:  6.26s, train err: 7.7706e-03 (best:  7.4463e-03/ 8.6119e-03)
>> epoch [  51/3000], runtime: 5.70s, train err: 6.8368e-03, valid err: 7.8948e-03 , test err: 5.8085e-03
>> epoch [  52/3000], runtime: 7.24s, train err: 6.5972e-03, valid err: 7.0390e-03 , test err: 5.1255e-03
>> epoch [  53/3000], runtime:  7.13s, train err: 6.4906e-03 (best:  6.5972e-03/ 7.0390e-03)
>> epoch [  54/3000], runtime:  6.99s, train err: 6.7069e-03 (best:  6.5972e-03/ 7.0390e-03)
>> epoch [  55/3000], runtime:  6.19s, train err: 6.4526e-03 (best:  6.5972e-03/ 7.0390e-03)
>> epoch [  56/3000], runtime:  7.45s, train err: 6.7212e-03 (best:  6.5972e-03/ 7.0390e-03)
>> epoch [  57/3000], runtime: 6.97s, train err: 6.2511e-03, valid err: 6.4128e-03 , test err: 4.9773e-03
>> epoch [  58/3000], runtime:  6.76s, train err: 5.9593e-03 (best:  6.2511e-03/ 6.4128e-03)
>> epoch [  59/3000], runtime: 7.22s, train err: 5.9232e-03, valid err: 5.6465e-03 , test err: 4.4139e-03
>> epoch [  60/3000], runtime:  5.95s, train err: 5.3799e-03 (best:  5.9232e-03/ 5.6465e-03)
>> epoch [  61/3000], runtime:  6.58s, train err: 5.3661e-03 (best:  5.9232e-03/ 5.6465e-03)
>> epoch [  62/3000], runtime: 7.16s, train err: 5.2583e-03, valid err: 4.9718e-03 , test err: 3.8405e-03
>> epoch [  63/3000], runtime: 7.76s, train err: 4.7828e-03, valid err: 4.7649e-03 , test err: 3.7472e-03
>> epoch [  64/3000], runtime:  7.01s, train err: 4.8039e-03 (best:  4.7828e-03/ 4.7649e-03)
>> epoch [  65/3000], runtime:  7.10s, train err: 4.8992e-03 (best:  4.7828e-03/ 4.7649e-03)
>> epoch [  66/3000], runtime: 7.81s, train err: 4.7766e-03, valid err: 4.4538e-03 , test err: 3.6359e-03
>> epoch [  67/3000], runtime:  7.32s, train err: 4.4028e-03 (best:  4.7766e-03/ 4.4538e-03)
>> epoch [  68/3000], runtime:  6.88s, train err: 5.0001e-03 (best:  4.7766e-03/ 4.4538e-03)
>> epoch [  69/3000], runtime: 7.86s, train err: 4.7632e-03, valid err: 4.3164e-03 , test err: 3.5734e-03
>> epoch [  70/3000], runtime:  9.57s, train err: 4.3959e-03 (best:  4.7632e-03/ 4.3164e-03)
>> epoch [  71/3000], runtime:  9.35s, train err: 4.3446e-03 (best:  4.7632e-03/ 4.3164e-03)
>> epoch [  72/3000], runtime:  8.02s, train err: 5.1221e-03 (best:  4.7632e-03/ 4.3164e-03)
>> epoch [  73/3000], runtime:  9.12s, train err: 4.7795e-03 (best:  4.7632e-03/ 4.3164e-03)
>> epoch [  74/3000], runtime:  9.30s, train err: 4.6112e-03 (best:  4.7632e-03/ 4.3164e-03)
>> epoch [  75/3000], runtime: 7.80s, train err: 4.1229e-03, valid err: 3.8124e-03 , test err: 3.3337e-03
>> epoch [  76/3000], runtime:  8.53s, train err: 4.3221e-03 (best:  4.1229e-03/ 3.8124e-03)
>> epoch [  77/3000], runtime:  6.69s, train err: 4.6252e-03 (best:  4.1229e-03/ 3.8124e-03)
>> epoch [  78/3000], runtime:  9.32s, train err: 4.8365e-03 (best:  4.1229e-03/ 3.8124e-03)
>> epoch [  79/3000], runtime:  8.58s, train err: 4.2032e-03 (best:  4.1229e-03/ 3.8124e-03)
>> epoch [  80/3000], runtime:  9.32s, train err: 4.2885e-03 (best:  4.1229e-03/ 3.8124e-03)
>> epoch [  81/3000], runtime:  9.15s, train err: 4.7387e-03 (best:  4.1229e-03/ 3.8124e-03)
>> epoch [  82/3000], runtime:  8.73s, train err: 3.9240e-03 (best:  4.1229e-03/ 3.8124e-03)
>> epoch [  83/3000], runtime:  9.03s, train err: 4.4667e-03 (best:  4.1229e-03/ 3.8124e-03)
>> epoch [  84/3000], runtime:  8.49s, train err: 4.0287e-03 (best:  4.1229e-03/ 3.8124e-03)
>> epoch [  85/3000], runtime:  9.86s, train err: 4.3383e-03 (best:  4.1229e-03/ 3.8124e-03)
>> epoch [  86/3000], runtime:  9.05s, train err: 4.3346e-03 (best:  4.1229e-03/ 3.8124e-03)
>> epoch [  87/3000], runtime:  9.68s, train err: 4.4555e-03 (best:  4.1229e-03/ 3.8124e-03)
>> epoch [  88/3000], runtime:  9.29s, train err: 4.0398e-03 (best:  4.1229e-03/ 3.8124e-03)
>> epoch [  89/3000], runtime: 8.87s, train err: 4.0017e-03, valid err: 3.4868e-03 , test err: 3.0583e-03
>> epoch [  90/3000], runtime:  9.08s, train err: 4.0910e-03 (best:  4.0017e-03/ 3.4868e-03)
>> epoch [  91/3000], runtime:  8.63s, train err: 3.8418e-03 (best:  4.0017e-03/ 3.4868e-03)
>> epoch [  92/3000], runtime: 9.22s, train err: 3.6690e-03, valid err: 3.3419e-03 , test err: 2.9760e-03
>> epoch [  93/3000], runtime:  8.80s, train err: 4.9894e-03 (best:  3.6690e-03/ 3.3419e-03)
>> epoch [  94/3000], runtime:  9.88s, train err: 3.4800e-03 (best:  3.6690e-03/ 3.3419e-03)
>> epoch [  95/3000], runtime:  9.53s, train err: 3.5310e-03 (best:  3.6690e-03/ 3.3419e-03)
>> epoch [  96/3000], runtime: 9.07s, train err: 3.3307e-03, valid err: 3.1874e-03 , test err: 2.8128e-03
>> epoch [  97/3000], runtime:  9.63s, train err: 4.0872e-03 (best:  3.3307e-03/ 3.1874e-03)
>> epoch [  98/3000], runtime:  9.22s, train err: 4.8153e-03 (best:  3.3307e-03/ 3.1874e-03)
>> epoch [  99/3000], runtime: 10.12s, train err: 3.3233e-03, valid err: 2.9621e-03 , test err: 2.6944e-03
>> epoch [ 100/3000], runtime:  10.10s, train err: 3.9416e-03 (best:  3.3233e-03/ 2.9621e-03)
>> epoch [ 101/3000], runtime:  10.03s, train err: 3.0932e-03 (best:  3.3233e-03/ 2.9621e-03)
>> epoch [ 102/3000], runtime:  8.39s, train err: 3.9480e-03 (best:  3.3233e-03/ 2.9621e-03)
>> epoch [ 103/3000], runtime:  7.64s, train err: 3.6691e-03 (best:  3.3233e-03/ 2.9621e-03)
>> epoch [ 104/3000], runtime:  9.78s, train err: 4.1448e-03 (best:  3.3233e-03/ 2.9621e-03)
>> epoch [ 105/3000], runtime:  8.74s, train err: 3.3859e-03 (best:  3.3233e-03/ 2.9621e-03)
>> epoch [ 106/3000], runtime:  9.87s, train err: 3.5176e-03 (best:  3.3233e-03/ 2.9621e-03)
>> epoch [ 107/3000], runtime:  9.30s, train err: 3.7382e-03 (best:  3.3233e-03/ 2.9621e-03)
>> epoch [ 108/3000], runtime:  8.67s, train err: 3.1051e-03 (best:  3.3233e-03/ 2.9621e-03)
>> epoch [ 109/3000], runtime:  9.52s, train err: 3.6925e-03 (best:  3.3233e-03/ 2.9621e-03)
>> epoch [ 110/3000], runtime:  9.29s, train err: 3.8375e-03 (best:  3.3233e-03/ 2.9621e-03)
>> epoch [ 111/3000], runtime:  9.02s, train err: 3.5321e-03 (best:  3.3233e-03/ 2.9621e-03)
>> epoch [ 112/3000], runtime: 9.34s, train err: 3.1483e-03, valid err: 2.4936e-03 , test err: 2.3168e-03
>> epoch [ 113/3000], runtime:  9.90s, train err: 2.8669e-03 (best:  3.1483e-03/ 2.4936e-03)
>> epoch [ 114/3000], runtime:  7.71s, train err: 2.9554e-03 (best:  3.1483e-03/ 2.4936e-03)
>> epoch [ 115/3000], runtime:  9.26s, train err: 2.8002e-03 (best:  3.1483e-03/ 2.4936e-03)
>> epoch [ 116/3000], runtime:  7.60s, train err: 3.5015e-03 (best:  3.1483e-03/ 2.4936e-03)
>> epoch [ 117/3000], runtime:  9.17s, train err: 2.7851e-03 (best:  3.1483e-03/ 2.4936e-03)
>> epoch [ 118/3000], runtime: 6.80s, train err: 2.8355e-03, valid err: 2.4844e-03 , test err: 2.2029e-03
>> epoch [ 119/3000], runtime:  9.45s, train err: 2.6168e-03 (best:  2.8355e-03/ 2.4844e-03)
>> epoch [ 120/3000], runtime:  7.93s, train err: 3.8968e-03 (best:  2.8355e-03/ 2.4844e-03)
>> epoch [ 121/3000], runtime:  9.96s, train err: 2.8720e-03 (best:  2.8355e-03/ 2.4844e-03)
>> epoch [ 122/3000], runtime:  9.02s, train err: 2.9184e-03 (best:  2.8355e-03/ 2.4844e-03)
>> epoch [ 123/3000], runtime:  8.91s, train err: 2.8849e-03 (best:  2.8355e-03/ 2.4844e-03)
>> epoch [ 124/3000], runtime:  9.47s, train err: 2.7507e-03 (best:  2.8355e-03/ 2.4844e-03)
>> epoch [ 125/3000], runtime:  9.46s, train err: 2.8249e-03 (best:  2.8355e-03/ 2.4844e-03)
>> epoch [ 126/3000], runtime:  9.57s, train err: 3.2905e-03 (best:  2.8355e-03/ 2.4844e-03)
>> epoch [ 127/3000], runtime:  9.37s, train err: 2.5689e-03 (best:  2.8355e-03/ 2.4844e-03)
>> epoch [ 128/3000], runtime: 9.46s, train err: 2.6306e-03, valid err: 2.3143e-03 , test err: 2.2667e-03
>> epoch [ 129/3000], runtime:  9.65s, train err: 2.8189e-03 (best:  2.6306e-03/ 2.3143e-03)
>> epoch [ 130/3000], runtime:  9.97s, train err: 2.5437e-03 (best:  2.6306e-03/ 2.3143e-03)
>> epoch [ 131/3000], runtime:  9.97s, train err: 2.7134e-03 (best:  2.6306e-03/ 2.3143e-03)
>> epoch [ 132/3000], runtime:  6.93s, train err: 2.6544e-03 (best:  2.6306e-03/ 2.3143e-03)
>> epoch [ 133/3000], runtime: 9.95s, train err: 2.5041e-03, valid err: 2.0903e-03 , test err: 1.9900e-03
>> epoch [ 134/3000], runtime: 10.38s, train err: 2.4272e-03, valid err: 2.0655e-03 , test err: 2.0173e-03
>> epoch [ 135/3000], runtime:  9.93s, train err: 2.5168e-03 (best:  2.4272e-03/ 2.0655e-03)
>> epoch [ 136/3000], runtime:  8.60s, train err: 2.4397e-03 (best:  2.4272e-03/ 2.0655e-03)
>> epoch [ 137/3000], runtime:  10.01s, train err: 2.6126e-03 (best:  2.4272e-03/ 2.0655e-03)
>> epoch [ 138/3000], runtime:  9.48s, train err: 2.4851e-03 (best:  2.4272e-03/ 2.0655e-03)
>> epoch [ 139/3000], runtime:  9.63s, train err: 2.5116e-03 (best:  2.4272e-03/ 2.0655e-03)
>> epoch [ 140/3000], runtime:  9.06s, train err: 2.7262e-03 (best:  2.4272e-03/ 2.0655e-03)
>> epoch [ 141/3000], runtime:  8.83s, train err: 2.5512e-03 (best:  2.4272e-03/ 2.0655e-03)
>> epoch [ 142/3000], runtime:  10.27s, train err: 3.1260e-03 (best:  2.4272e-03/ 2.0655e-03)
>> epoch [ 143/3000], runtime:  9.21s, train err: 2.8246e-03 (best:  2.4272e-03/ 2.0655e-03)
>> epoch [ 144/3000], runtime:  9.75s, train err: 2.6513e-03 (best:  2.4272e-03/ 2.0655e-03)
>> epoch [ 145/3000], runtime:  8.24s, train err: 2.6985e-03 (best:  2.4272e-03/ 2.0655e-03)
>> epoch [ 146/3000], runtime:  9.83s, train err: 2.5123e-03 (best:  2.4272e-03/ 2.0655e-03)
>> epoch [ 147/3000], runtime:  8.94s, train err: 2.4140e-03 (best:  2.4272e-03/ 2.0655e-03)
>> epoch [ 148/3000], runtime:  8.73s, train err: 2.5092e-03 (best:  2.4272e-03/ 2.0655e-03)
>> epoch [ 149/3000], runtime:  9.04s, train err: 2.6877e-03 (best:  2.4272e-03/ 2.0655e-03)
>> epoch [ 150/3000], runtime:  9.54s, train err: 2.2563e-03 (best:  2.4272e-03/ 2.0655e-03)
>> epoch [ 151/3000], runtime: 10.43s, train err: 2.3074e-03, valid err: 1.7970e-03 , test err: 1.7102e-03
>> epoch [ 152/3000], runtime:  9.22s, train err: 2.5724e-03 (best:  2.3074e-03/ 1.7970e-03)
>> epoch [ 153/3000], runtime:  8.90s, train err: 2.2926e-03 (best:  2.3074e-03/ 1.7970e-03)
>> epoch [ 154/3000], runtime:  9.35s, train err: 2.3836e-03 (best:  2.3074e-03/ 1.7970e-03)
>> epoch [ 155/3000], runtime: 8.95s, train err: 2.2374e-03, valid err: 1.7488e-03 , test err: 1.7030e-03
>> epoch [ 156/3000], runtime: 8.82s, train err: 2.0287e-03, valid err: 1.6901e-03 , test err: 1.6018e-03
>> epoch [ 157/3000], runtime:  9.84s, train err: 2.0976e-03 (best:  2.0287e-03/ 1.6901e-03)
>> epoch [ 158/3000], runtime:  9.87s, train err: 2.0434e-03 (best:  2.0287e-03/ 1.6901e-03)
>> epoch [ 159/3000], runtime:  9.09s, train err: 2.0803e-03 (best:  2.0287e-03/ 1.6901e-03)
>> epoch [ 160/3000], runtime: 10.04s, train err: 1.9864e-03, valid err: 1.6870e-03 , test err: 1.6335e-03
>> epoch [ 161/3000], runtime:  9.09s, train err: 2.0875e-03 (best:  1.9864e-03/ 1.6870e-03)
>> epoch [ 162/3000], runtime:  8.81s, train err: 2.0395e-03 (best:  1.9864e-03/ 1.6870e-03)
>> epoch [ 163/3000], runtime:  9.59s, train err: 2.0229e-03 (best:  1.9864e-03/ 1.6870e-03)
>> epoch [ 164/3000], runtime:  8.18s, train err: 2.0545e-03 (best:  1.9864e-03/ 1.6870e-03)
>> epoch [ 165/3000], runtime:  10.30s, train err: 2.1415e-03 (best:  1.9864e-03/ 1.6870e-03)
>> epoch [ 166/3000], runtime:  10.17s, train err: 2.1662e-03 (best:  1.9864e-03/ 1.6870e-03)
>> epoch [ 167/3000], runtime:  9.42s, train err: 2.0629e-03 (best:  1.9864e-03/ 1.6870e-03)
>> epoch [ 168/3000], runtime:  9.68s, train err: 2.0105e-03 (best:  1.9864e-03/ 1.6870e-03)
>> epoch [ 169/3000], runtime: 9.15s, train err: 1.8772e-03, valid err: 1.5901e-03 , test err: 1.5375e-03
>> epoch [ 170/3000], runtime:  10.12s, train err: 2.0729e-03 (best:  1.8772e-03/ 1.5901e-03)
>> epoch [ 171/3000], runtime:  9.26s, train err: 1.8934e-03 (best:  1.8772e-03/ 1.5901e-03)
>> epoch [ 172/3000], runtime:  9.99s, train err: 1.9534e-03 (best:  1.8772e-03/ 1.5901e-03)
>> epoch [ 173/3000], runtime: 10.48s, train err: 1.8363e-03, valid err: 1.5354e-03 , test err: 1.5052e-03
>> epoch [ 174/3000], runtime:  8.78s, train err: 1.8283e-03 (best:  1.8363e-03/ 1.5354e-03)
>> epoch [ 175/3000], runtime:  8.39s, train err: 1.8353e-03 (best:  1.8363e-03/ 1.5354e-03)
>> epoch [ 176/3000], runtime:  8.84s, train err: 1.9119e-03 (best:  1.8363e-03/ 1.5354e-03)
>> epoch [ 177/3000], runtime:  9.42s, train err: 1.9838e-03 (best:  1.8363e-03/ 1.5354e-03)
>> epoch [ 178/3000], runtime:  10.13s, train err: 1.8577e-03 (best:  1.8363e-03/ 1.5354e-03)
>> epoch [ 179/3000], runtime:  9.76s, train err: 2.0252e-03 (best:  1.8363e-03/ 1.5354e-03)
>> epoch [ 180/3000], runtime:  9.84s, train err: 1.9597e-03 (best:  1.8363e-03/ 1.5354e-03)
>> epoch [ 181/3000], runtime:  9.47s, train err: 1.9715e-03 (best:  1.8363e-03/ 1.5354e-03)
>> epoch [ 182/3000], runtime:  9.34s, train err: 1.8883e-03 (best:  1.8363e-03/ 1.5354e-03)
>> epoch [ 183/3000], runtime:  8.31s, train err: 1.9485e-03 (best:  1.8363e-03/ 1.5354e-03)
>> epoch [ 184/3000], runtime:  9.90s, train err: 1.9896e-03 (best:  1.8363e-03/ 1.5354e-03)
>> epoch [ 185/3000], runtime:  9.01s, train err: 1.7699e-03 (best:  1.8363e-03/ 1.5354e-03)
>> epoch [ 186/3000], runtime:  9.08s, train err: 1.8523e-03 (best:  1.8363e-03/ 1.5354e-03)
>> epoch [ 187/3000], runtime:  9.96s, train err: 1.9488e-03 (best:  1.8363e-03/ 1.5354e-03)
>> epoch [ 188/3000], runtime: 10.27s, train err: 1.7755e-03, valid err: 1.4473e-03 , test err: 1.4009e-03
>> epoch [ 189/3000], runtime:  9.72s, train err: 2.0475e-03 (best:  1.7755e-03/ 1.4473e-03)
>> epoch [ 190/3000], runtime:  9.86s, train err: 1.8006e-03 (best:  1.7755e-03/ 1.4473e-03)
>> epoch [ 191/3000], runtime: 9.02s, train err: 1.7064e-03, valid err: 1.4243e-03 , test err: 1.3942e-03
>> epoch [ 192/3000], runtime:  8.96s, train err: 1.6912e-03 (best:  1.7064e-03/ 1.4243e-03)
>> epoch [ 193/3000], runtime:  10.50s, train err: 1.6939e-03 (best:  1.7064e-03/ 1.4243e-03)
>> epoch [ 194/3000], runtime:  10.29s, train err: 1.8252e-03 (best:  1.7064e-03/ 1.4243e-03)
>> epoch [ 195/3000], runtime:  8.66s, train err: 1.7066e-03 (best:  1.7064e-03/ 1.4243e-03)
>> epoch [ 196/3000], runtime:  10.48s, train err: 1.6931e-03 (best:  1.7064e-03/ 1.4243e-03)
>> epoch [ 197/3000], runtime:  9.07s, train err: 1.7680e-03 (best:  1.7064e-03/ 1.4243e-03)
>> epoch [ 198/3000], runtime: 9.28s, train err: 1.6108e-03, valid err: 1.3566e-03 , test err: 1.3300e-03
>> epoch [ 199/3000], runtime:  8.66s, train err: 1.5775e-03 (best:  1.6108e-03/ 1.3566e-03)
>> epoch [ 200/3000], runtime:  9.19s, train err: 1.6807e-03 (best:  1.6108e-03/ 1.3566e-03)
>> epoch [ 201/3000], runtime:  10.18s, train err: 1.6492e-03 (best:  1.6108e-03/ 1.3566e-03)
>> epoch [ 202/3000], runtime:  9.06s, train err: 1.6349e-03 (best:  1.6108e-03/ 1.3566e-03)
>> epoch [ 203/3000], runtime:  7.53s, train err: 1.6272e-03 (best:  1.6108e-03/ 1.3566e-03)
>> epoch [ 204/3000], runtime:  9.82s, train err: 1.6198e-03 (best:  1.6108e-03/ 1.3566e-03)
>> epoch [ 205/3000], runtime: 9.13s, train err: 1.5953e-03, valid err: 1.3008e-03 , test err: 1.2832e-03
>> epoch [ 206/3000], runtime:  7.97s, train err: 1.5752e-03 (best:  1.5953e-03/ 1.3008e-03)
>> epoch [ 207/3000], runtime:  9.56s, train err: 1.5606e-03 (best:  1.5953e-03/ 1.3008e-03)
>> epoch [ 208/3000], runtime:  9.40s, train err: 1.6104e-03 (best:  1.5953e-03/ 1.3008e-03)
>> epoch [ 209/3000], runtime:  8.83s, train err: 1.6748e-03 (best:  1.5953e-03/ 1.3008e-03)
>> epoch [ 210/3000], runtime:  9.89s, train err: 1.6720e-03 (best:  1.5953e-03/ 1.3008e-03)
>> epoch [ 211/3000], runtime:  7.29s, train err: 1.6526e-03 (best:  1.5953e-03/ 1.3008e-03)
>> epoch [ 212/3000], runtime:  9.63s, train err: 1.5721e-03 (best:  1.5953e-03/ 1.3008e-03)
>> epoch [ 213/3000], runtime: 9.54s, train err: 1.5583e-03, valid err: 1.2902e-03 , test err: 1.2806e-03
>> epoch [ 214/3000], runtime:  9.67s, train err: 1.4971e-03 (best:  1.5583e-03/ 1.2902e-03)
>> epoch [ 215/3000], runtime: 9.54s, train err: 1.5269e-03, valid err: 1.2606e-03 , test err: 1.2450e-03
>> epoch [ 216/3000], runtime:  9.94s, train err: 1.5291e-03 (best:  1.5269e-03/ 1.2606e-03)
>> epoch [ 217/3000], runtime:  8.67s, train err: 1.5496e-03 (best:  1.5269e-03/ 1.2606e-03)
>> epoch [ 218/3000], runtime:  9.41s, train err: 1.6130e-03 (best:  1.5269e-03/ 1.2606e-03)
>> epoch [ 219/3000], runtime:  9.48s, train err: 1.8072e-03 (best:  1.5269e-03/ 1.2606e-03)
>> epoch [ 220/3000], runtime:  9.40s, train err: 1.5653e-03 (best:  1.5269e-03/ 1.2606e-03)
>> epoch [ 221/3000], runtime: 9.49s, train err: 1.5040e-03, valid err: 1.2526e-03 , test err: 1.2543e-03
>> epoch [ 222/3000], runtime:  10.34s, train err: 1.5233e-03 (best:  1.5040e-03/ 1.2526e-03)
>> epoch [ 223/3000], runtime:  9.46s, train err: 1.5217e-03 (best:  1.5040e-03/ 1.2526e-03)
>> epoch [ 224/3000], runtime:  9.07s, train err: 1.5692e-03 (best:  1.5040e-03/ 1.2526e-03)
>> epoch [ 225/3000], runtime:  9.59s, train err: 1.6960e-03 (best:  1.5040e-03/ 1.2526e-03)
>> epoch [ 226/3000], runtime: 9.77s, train err: 1.4789e-03, valid err: 1.2331e-03 , test err: 1.2318e-03
>> epoch [ 227/3000], runtime:  9.72s, train err: 1.4844e-03 (best:  1.4789e-03/ 1.2331e-03)
>> epoch [ 228/3000], runtime:  9.91s, train err: 1.5029e-03 (best:  1.4789e-03/ 1.2331e-03)
>> epoch [ 229/3000], runtime:  8.58s, train err: 1.5487e-03 (best:  1.4789e-03/ 1.2331e-03)
>> epoch [ 230/3000], runtime:  8.94s, train err: 1.4567e-03 (best:  1.4789e-03/ 1.2331e-03)
>> epoch [ 231/3000], runtime:  9.45s, train err: 1.4311e-03 (best:  1.4789e-03/ 1.2331e-03)
>> epoch [ 232/3000], runtime: 8.97s, train err: 1.4110e-03, valid err: 1.1834e-03 , test err: 1.1816e-03
>> epoch [ 233/3000], runtime:  9.96s, train err: 1.4295e-03 (best:  1.4110e-03/ 1.1834e-03)
>> epoch [ 234/3000], runtime:  9.07s, train err: 1.4534e-03 (best:  1.4110e-03/ 1.1834e-03)
>> epoch [ 235/3000], runtime:  9.96s, train err: 1.5338e-03 (best:  1.4110e-03/ 1.1834e-03)
>> epoch [ 236/3000], runtime:  7.45s, train err: 1.4661e-03 (best:  1.4110e-03/ 1.1834e-03)
>> epoch [ 237/3000], runtime: 10.03s, train err: 1.3638e-03, valid err: 1.1559e-03 , test err: 1.1555e-03
>> epoch [ 238/3000], runtime:  10.17s, train err: 1.4104e-03 (best:  1.3638e-03/ 1.1559e-03)
>> epoch [ 239/3000], runtime:  10.60s, train err: 1.4260e-03 (best:  1.3638e-03/ 1.1559e-03)
>> epoch [ 240/3000], runtime:  10.06s, train err: 1.4265e-03 (best:  1.3638e-03/ 1.1559e-03)
>> epoch [ 241/3000], runtime:  9.71s, train err: 1.6311e-03 (best:  1.3638e-03/ 1.1559e-03)
>> epoch [ 242/3000], runtime:  8.50s, train err: 1.5510e-03 (best:  1.3638e-03/ 1.1559e-03)
>> epoch [ 243/3000], runtime:  10.38s, train err: 1.4199e-03 (best:  1.3638e-03/ 1.1559e-03)
>> epoch [ 244/3000], runtime:  9.30s, train err: 1.4650e-03 (best:  1.3638e-03/ 1.1559e-03)
>> epoch [ 245/3000], runtime:  10.07s, train err: 1.4179e-03 (best:  1.3638e-03/ 1.1559e-03)
>> epoch [ 246/3000], runtime:  9.65s, train err: 1.5370e-03 (best:  1.3638e-03/ 1.1559e-03)
>> epoch [ 247/3000], runtime:  9.51s, train err: 1.3920e-03 (best:  1.3638e-03/ 1.1559e-03)
>> epoch [ 248/3000], runtime:  9.52s, train err: 1.3710e-03 (best:  1.3638e-03/ 1.1559e-03)
>> epoch [ 249/3000], runtime:  10.12s, train err: 1.4210e-03 (best:  1.3638e-03/ 1.1559e-03)
>> epoch [ 250/3000], runtime:  8.94s, train err: 1.5078e-03 (best:  1.3638e-03/ 1.1559e-03)
>> epoch [ 251/3000], runtime: 9.60s, train err: 1.3468e-03, valid err: 1.1381e-03 , test err: 1.1372e-03
>> epoch [ 252/3000], runtime:  9.03s, train err: 1.4887e-03 (best:  1.3468e-03/ 1.1381e-03)
>> epoch [ 253/3000], runtime:  9.79s, train err: 1.3532e-03 (best:  1.3468e-03/ 1.1381e-03)
>> epoch [ 254/3000], runtime: 9.15s, train err: 1.3326e-03, valid err: 1.1337e-03 , test err: 1.1496e-03
>> epoch [ 255/3000], runtime:  8.66s, train err: 1.3666e-03 (best:  1.3326e-03/ 1.1337e-03)
>> epoch [ 256/3000], runtime: 10.61s, train err: 1.3316e-03, valid err: 1.1135e-03 , test err: 1.1157e-03
>> epoch [ 257/3000], runtime:  9.36s, train err: 1.3519e-03 (best:  1.3316e-03/ 1.1135e-03)
>> epoch [ 258/3000], runtime:  9.04s, train err: 1.4312e-03 (best:  1.3316e-03/ 1.1135e-03)
>> epoch [ 259/3000], runtime:  8.25s, train err: 1.3522e-03 (best:  1.3316e-03/ 1.1135e-03)
>> epoch [ 260/3000], runtime:  9.66s, train err: 1.3253e-03 (best:  1.3316e-03/ 1.1135e-03)
>> epoch [ 261/3000], runtime:  8.73s, train err: 1.4140e-03 (best:  1.3316e-03/ 1.1135e-03)
>> epoch [ 262/3000], runtime:  9.33s, train err: 1.5110e-03 (best:  1.3316e-03/ 1.1135e-03)
>> epoch [ 263/3000], runtime:  10.25s, train err: 1.3184e-03 (best:  1.3316e-03/ 1.1135e-03)
>> epoch [ 264/3000], runtime:  10.25s, train err: 1.3435e-03 (best:  1.3316e-03/ 1.1135e-03)
>> epoch [ 265/3000], runtime: 7.71s, train err: 1.3305e-03, valid err: 1.0907e-03 , test err: 1.0963e-03
>> epoch [ 266/3000], runtime:  7.08s, train err: 1.2761e-03 (best:  1.3305e-03/ 1.0907e-03)
>> epoch [ 267/3000], runtime:  10.03s, train err: 1.3271e-03 (best:  1.3305e-03/ 1.0907e-03)
>> epoch [ 268/3000], runtime:  10.60s, train err: 1.3689e-03 (best:  1.3305e-03/ 1.0907e-03)
>> epoch [ 269/3000], runtime:  9.71s, train err: 1.4985e-03 (best:  1.3305e-03/ 1.0907e-03)
>> epoch [ 270/3000], runtime:  9.71s, train err: 1.3421e-03 (best:  1.3305e-03/ 1.0907e-03)
>> epoch [ 271/3000], runtime:  9.53s, train err: 1.2949e-03 (best:  1.3305e-03/ 1.0907e-03)
>> epoch [ 272/3000], runtime:  8.57s, train err: 1.2755e-03 (best:  1.3305e-03/ 1.0907e-03)
>> epoch [ 273/3000], runtime:  8.68s, train err: 1.3344e-03 (best:  1.3305e-03/ 1.0907e-03)
>> epoch [ 274/3000], runtime: 9.79s, train err: 1.2875e-03, valid err: 1.0664e-03 , test err: 1.0735e-03
>> epoch [ 275/3000], runtime:  8.58s, train err: 1.3382e-03 (best:  1.2875e-03/ 1.0664e-03)
>> epoch [ 276/3000], runtime:  9.39s, train err: 1.3015e-03 (best:  1.2875e-03/ 1.0664e-03)
>> epoch [ 277/3000], runtime:  8.71s, train err: 1.2932e-03 (best:  1.2875e-03/ 1.0664e-03)
>> epoch [ 278/3000], runtime:  9.41s, train err: 1.2823e-03 (best:  1.2875e-03/ 1.0664e-03)
>> epoch [ 279/3000], runtime:  8.88s, train err: 1.3164e-03 (best:  1.2875e-03/ 1.0664e-03)
>> epoch [ 280/3000], runtime: 7.24s, train err: 1.2758e-03, valid err: 1.0553e-03 , test err: 1.0614e-03
>> epoch [ 281/3000], runtime:  8.78s, train err: 1.2865e-03 (best:  1.2758e-03/ 1.0553e-03)
>> epoch [ 282/3000], runtime:  10.36s, train err: 1.2706e-03 (best:  1.2758e-03/ 1.0553e-03)
>> epoch [ 283/3000], runtime:  10.40s, train err: 1.2949e-03 (best:  1.2758e-03/ 1.0553e-03)
>> epoch [ 284/3000], runtime:  8.66s, train err: 1.4748e-03 (best:  1.2758e-03/ 1.0553e-03)
>> epoch [ 285/3000], runtime:  9.68s, train err: 1.3283e-03 (best:  1.2758e-03/ 1.0553e-03)
>> epoch [ 286/3000], runtime:  9.71s, train err: 1.2446e-03 (best:  1.2758e-03/ 1.0553e-03)
>> epoch [ 287/3000], runtime:  8.63s, train err: 1.2748e-03 (best:  1.2758e-03/ 1.0553e-03)
>> epoch [ 288/3000], runtime:  10.41s, train err: 1.2923e-03 (best:  1.2758e-03/ 1.0553e-03)
>> epoch [ 289/3000], runtime:  8.07s, train err: 1.2935e-03 (best:  1.2758e-03/ 1.0553e-03)
>> epoch [ 290/3000], runtime:  10.59s, train err: 1.2941e-03 (best:  1.2758e-03/ 1.0553e-03)
>> epoch [ 291/3000], runtime:  9.20s, train err: 1.3105e-03 (best:  1.2758e-03/ 1.0553e-03)
>> epoch [ 292/3000], runtime:  10.32s, train err: 1.3051e-03 (best:  1.2758e-03/ 1.0553e-03)
>> epoch [ 293/3000], runtime: 8.57s, train err: 1.2749e-03, valid err: 1.0315e-03 , test err: 1.0379e-03
>> epoch [ 294/3000], runtime: 10.15s, train err: 1.2065e-03, valid err: 1.0259e-03 , test err: 1.0368e-03
>> epoch [ 295/3000], runtime:  8.52s, train err: 1.2369e-03 (best:  1.2065e-03/ 1.0259e-03)
>> epoch [ 296/3000], runtime:  9.50s, train err: 1.3058e-03 (best:  1.2065e-03/ 1.0259e-03)
>> epoch [ 297/3000], runtime:  8.39s, train err: 1.2859e-03 (best:  1.2065e-03/ 1.0259e-03)
>> epoch [ 298/3000], runtime:  9.09s, train err: 1.2502e-03 (best:  1.2065e-03/ 1.0259e-03)
>> epoch [ 299/3000], runtime:  8.96s, train err: 1.2493e-03 (best:  1.2065e-03/ 1.0259e-03)
>> epoch [ 300/3000], runtime:  8.43s, train err: 1.2257e-03 (best:  1.2065e-03/ 1.0259e-03)
>> epoch [ 301/3000], runtime:  7.73s, train err: 1.2622e-03 (best:  1.2065e-03/ 1.0259e-03)
>> epoch [ 302/3000], runtime:  9.64s, train err: 1.2658e-03 (best:  1.2065e-03/ 1.0259e-03)
>> epoch [ 303/3000], runtime:  9.21s, train err: 1.2363e-03 (best:  1.2065e-03/ 1.0259e-03)
>> epoch [ 304/3000], runtime:  8.62s, train err: 1.2562e-03 (best:  1.2065e-03/ 1.0259e-03)
>> epoch [ 305/3000], runtime:  8.44s, train err: 1.2085e-03 (best:  1.2065e-03/ 1.0259e-03)
>> epoch [ 306/3000], runtime:  8.53s, train err: 1.2061e-03 (best:  1.2065e-03/ 1.0259e-03)
>> epoch [ 307/3000], runtime:  8.29s, train err: 1.2756e-03 (best:  1.2065e-03/ 1.0259e-03)
>> epoch [ 308/3000], runtime:  9.01s, train err: 1.2140e-03 (best:  1.2065e-03/ 1.0259e-03)
>> epoch [ 309/3000], runtime:  8.21s, train err: 1.2047e-03 (best:  1.2065e-03/ 1.0259e-03)
>> epoch [ 310/3000], runtime:  9.09s, train err: 1.2333e-03 (best:  1.2065e-03/ 1.0259e-03)
>> epoch [ 311/3000], runtime:  9.99s, train err: 1.2690e-03 (best:  1.2065e-03/ 1.0259e-03)
>> epoch [ 312/3000], runtime:  9.49s, train err: 1.2073e-03 (best:  1.2065e-03/ 1.0259e-03)
>> epoch [ 313/3000], runtime:  10.17s, train err: 1.1945e-03 (best:  1.2065e-03/ 1.0259e-03)
>> epoch [ 314/3000], runtime:  8.23s, train err: 1.2259e-03 (best:  1.2065e-03/ 1.0259e-03)
>> epoch [ 315/3000], runtime:  9.14s, train err: 1.1997e-03 (best:  1.2065e-03/ 1.0259e-03)
>> epoch [ 316/3000], runtime:  9.92s, train err: 1.2536e-03 (best:  1.2065e-03/ 1.0259e-03)
>> epoch [ 317/3000], runtime:  8.75s, train err: 1.2603e-03 (best:  1.2065e-03/ 1.0259e-03)
>> epoch [ 318/3000], runtime:  9.79s, train err: 1.2400e-03 (best:  1.2065e-03/ 1.0259e-03)
>> epoch [ 319/3000], runtime:  10.39s, train err: 1.2048e-03 (best:  1.2065e-03/ 1.0259e-03)
>> epoch [ 320/3000], runtime: 8.90s, train err: 1.2029e-03, valid err: 1.0003e-03 , test err: 1.0087e-03
>> epoch [ 321/3000], runtime: 9.38s, train err: 1.1839e-03, valid err: 1.0002e-03 , test err: 1.0163e-03
>> epoch [ 322/3000], runtime:  9.31s, train err: 1.1917e-03 (best:  1.1839e-03/ 1.0002e-03)
>> epoch [ 323/3000], runtime:  9.02s, train err: 1.1856e-03 (best:  1.1839e-03/ 1.0002e-03)
>> epoch [ 324/3000], runtime:  9.08s, train err: 1.2197e-03 (best:  1.1839e-03/ 1.0002e-03)
>> epoch [ 325/3000], runtime:  7.13s, train err: 1.1952e-03 (best:  1.1839e-03/ 1.0002e-03)
>> epoch [ 326/3000], runtime:  8.90s, train err: 1.2127e-03 (best:  1.1839e-03/ 1.0002e-03)
>> epoch [ 327/3000], runtime: 8.43s, train err: 1.1779e-03, valid err: 9.7444e-04 , test err: 9.8364e-04
>> epoch [ 328/3000], runtime:  8.52s, train err: 1.1891e-03 (best:  1.1779e-03/ 9.7444e-04)
>> epoch [ 329/3000], runtime:  8.72s, train err: 1.1634e-03 (best:  1.1779e-03/ 9.7444e-04)
>> epoch [ 330/3000], runtime:  9.23s, train err: 1.1721e-03 (best:  1.1779e-03/ 9.7444e-04)
>> epoch [ 331/3000], runtime:  10.25s, train err: 1.1610e-03 (best:  1.1779e-03/ 9.7444e-04)
>> epoch [ 332/3000], runtime: 9.23s, train err: 1.1766e-03, valid err: 9.7231e-04 , test err: 9.8486e-04
>> epoch [ 333/3000], runtime:  9.96s, train err: 1.2071e-03 (best:  1.1766e-03/ 9.7231e-04)
>> epoch [ 334/3000], runtime:  9.04s, train err: 1.2397e-03 (best:  1.1766e-03/ 9.7231e-04)
>> epoch [ 335/3000], runtime:  10.55s, train err: 1.1486e-03 (best:  1.1766e-03/ 9.7231e-04)
>> epoch [ 336/3000], runtime:  10.04s, train err: 1.1581e-03 (best:  1.1766e-03/ 9.7231e-04)
>> epoch [ 337/3000], runtime:  9.56s, train err: 1.1796e-03 (best:  1.1766e-03/ 9.7231e-04)
>> epoch [ 338/3000], runtime:  9.79s, train err: 1.1534e-03 (best:  1.1766e-03/ 9.7231e-04)
>> epoch [ 339/3000], runtime:  9.75s, train err: 1.1843e-03 (best:  1.1766e-03/ 9.7231e-04)
>> epoch [ 340/3000], runtime:  10.53s, train err: 1.1863e-03 (best:  1.1766e-03/ 9.7231e-04)
>> epoch [ 341/3000], runtime:  10.07s, train err: 1.1624e-03 (best:  1.1766e-03/ 9.7231e-04)
>> epoch [ 342/3000], runtime: 9.47s, train err: 1.1524e-03, valid err: 9.6273e-04 , test err: 9.8443e-04
>> epoch [ 343/3000], runtime:  9.35s, train err: 1.1537e-03 (best:  1.1524e-03/ 9.6273e-04)
>> epoch [ 344/3000], runtime:  9.78s, train err: 1.1458e-03 (best:  1.1524e-03/ 9.6273e-04)
>> epoch [ 345/3000], runtime: 10.53s, train err: 1.1391e-03, valid err: 9.5346e-04 , test err: 9.6899e-04
>> epoch [ 346/3000], runtime:  10.11s, train err: 1.1518e-03 (best:  1.1391e-03/ 9.5346e-04)
>> epoch [ 347/3000], runtime:  10.12s, train err: 1.2028e-03 (best:  1.1391e-03/ 9.5346e-04)
>> epoch [ 348/3000], runtime:  8.90s, train err: 1.2342e-03 (best:  1.1391e-03/ 9.5346e-04)
>> epoch [ 349/3000], runtime:  9.14s, train err: 1.1676e-03 (best:  1.1391e-03/ 9.5346e-04)
>> epoch [ 350/3000], runtime:  9.57s, train err: 1.1417e-03 (best:  1.1391e-03/ 9.5346e-04)
>> epoch [ 351/3000], runtime:  8.35s, train err: 1.1320e-03 (best:  1.1391e-03/ 9.5346e-04)
>> epoch [ 352/3000], runtime:  9.08s, train err: 1.1455e-03 (best:  1.1391e-03/ 9.5346e-04)
>> epoch [ 353/3000], runtime:  9.54s, train err: 1.1632e-03 (best:  1.1391e-03/ 9.5346e-04)
>> epoch [ 354/3000], runtime:  8.35s, train err: 1.1238e-03 (best:  1.1391e-03/ 9.5346e-04)
>> epoch [ 355/3000], runtime: 8.26s, train err: 1.1277e-03, valid err: 9.3329e-04 , test err: 9.6098e-04
>> epoch [ 356/3000], runtime:  9.44s, train err: 1.1378e-03 (best:  1.1277e-03/ 9.3329e-04)
>> epoch [ 357/3000], runtime:  9.51s, train err: 1.1300e-03 (best:  1.1277e-03/ 9.3329e-04)
>> epoch [ 358/3000], runtime:  10.68s, train err: 1.1183e-03 (best:  1.1277e-03/ 9.3329e-04)
>> epoch [ 359/3000], runtime:  8.12s, train err: 1.1257e-03 (best:  1.1277e-03/ 9.3329e-04)
>> epoch [ 360/3000], runtime:  9.85s, train err: 1.1775e-03 (best:  1.1277e-03/ 9.3329e-04)
>> epoch [ 361/3000], runtime:  9.89s, train err: 1.2016e-03 (best:  1.1277e-03/ 9.3329e-04)
>> epoch [ 362/3000], runtime:  9.53s, train err: 1.1585e-03 (best:  1.1277e-03/ 9.3329e-04)
>> epoch [ 363/3000], runtime:  10.20s, train err: 1.1242e-03 (best:  1.1277e-03/ 9.3329e-04)
>> epoch [ 364/3000], runtime: 8.31s, train err: 1.1262e-03, valid err: 9.3090e-04 , test err: 9.5067e-04
>> epoch [ 365/3000], runtime:  9.03s, train err: 1.1290e-03 (best:  1.1262e-03/ 9.3090e-04)
>> epoch [ 366/3000], runtime:  9.48s, train err: 1.1139e-03 (best:  1.1262e-03/ 9.3090e-04)
>> epoch [ 367/3000], runtime:  8.72s, train err: 1.1199e-03 (best:  1.1262e-03/ 9.3090e-04)
>> epoch [ 368/3000], runtime:  9.34s, train err: 1.1253e-03 (best:  1.1262e-03/ 9.3090e-04)
>> epoch [ 369/3000], runtime:  8.74s, train err: 1.1114e-03 (best:  1.1262e-03/ 9.3090e-04)
>> epoch [ 370/3000], runtime:  9.24s, train err: 1.1204e-03 (best:  1.1262e-03/ 9.3090e-04)
>> epoch [ 371/3000], runtime:  9.66s, train err: 1.1467e-03 (best:  1.1262e-03/ 9.3090e-04)
>> epoch [ 372/3000], runtime:  8.21s, train err: 1.1459e-03 (best:  1.1262e-03/ 9.3090e-04)
>> epoch [ 373/3000], runtime:  9.74s, train err: 1.1007e-03 (best:  1.1262e-03/ 9.3090e-04)
>> epoch [ 374/3000], runtime:  8.53s, train err: 1.1158e-03 (best:  1.1262e-03/ 9.3090e-04)
>> epoch [ 375/3000], runtime:  8.98s, train err: 1.1302e-03 (best:  1.1262e-03/ 9.3090e-04)
>> epoch [ 376/3000], runtime:  8.52s, train err: 1.1063e-03 (best:  1.1262e-03/ 9.3090e-04)
>> epoch [ 377/3000], runtime: 9.17s, train err: 1.0990e-03, valid err: 9.2382e-04 , test err: 9.3606e-04
>> epoch [ 378/3000], runtime:  9.35s, train err: 1.1150e-03 (best:  1.0990e-03/ 9.2382e-04)
>> epoch [ 379/3000], runtime:  9.65s, train err: 1.0935e-03 (best:  1.0990e-03/ 9.2382e-04)
>> epoch [ 380/3000], runtime:  9.42s, train err: 1.1057e-03 (best:  1.0990e-03/ 9.2382e-04)
>> epoch [ 381/3000], runtime:  7.88s, train err: 1.1190e-03 (best:  1.0990e-03/ 9.2382e-04)
>> epoch [ 382/3000], runtime:  9.19s, train err: 1.0931e-03 (best:  1.0990e-03/ 9.2382e-04)
>> epoch [ 383/3000], runtime:  8.06s, train err: 1.1086e-03 (best:  1.0990e-03/ 9.2382e-04)
>> epoch [ 384/3000], runtime:  7.28s, train err: 1.1045e-03 (best:  1.0990e-03/ 9.2382e-04)
>> epoch [ 385/3000], runtime:  10.43s, train err: 1.0855e-03 (best:  1.0990e-03/ 9.2382e-04)
>> epoch [ 386/3000], runtime: 9.72s, train err: 1.0913e-03, valid err: 9.2148e-04 , test err: 9.5186e-04
>> epoch [ 387/3000], runtime: 9.80s, train err: 1.0873e-03, valid err: 9.2014e-04 , test err: 9.3362e-04
>> epoch [ 388/3000], runtime:  9.78s, train err: 1.1158e-03 (best:  1.0873e-03/ 9.2014e-04)
>> epoch [ 389/3000], runtime:  8.26s, train err: 1.1115e-03 (best:  1.0873e-03/ 9.2014e-04)
>> epoch [ 390/3000], runtime:  10.17s, train err: 1.0990e-03 (best:  1.0873e-03/ 9.2014e-04)
>> epoch [ 391/3000], runtime:  8.44s, train err: 1.0972e-03 (best:  1.0873e-03/ 9.2014e-04)
>> epoch [ 392/3000], runtime:  7.34s, train err: 1.0880e-03 (best:  1.0873e-03/ 9.2014e-04)
>> epoch [ 393/3000], runtime:  8.73s, train err: 1.0832e-03 (best:  1.0873e-03/ 9.2014e-04)
>> epoch [ 394/3000], runtime:  10.26s, train err: 1.0964e-03 (best:  1.0873e-03/ 9.2014e-04)
>> epoch [ 395/3000], runtime:  9.08s, train err: 1.1069e-03 (best:  1.0873e-03/ 9.2014e-04)
>> epoch [ 396/3000], runtime:  9.70s, train err: 1.1081e-03 (best:  1.0873e-03/ 9.2014e-04)
>> epoch [ 397/3000], runtime:  8.25s, train err: 1.0813e-03 (best:  1.0873e-03/ 9.2014e-04)
>> epoch [ 398/3000], runtime:  7.60s, train err: 1.1241e-03 (best:  1.0873e-03/ 9.2014e-04)
>> epoch [ 399/3000], runtime:  9.50s, train err: 1.0827e-03 (best:  1.0873e-03/ 9.2014e-04)
>> epoch [ 400/3000], runtime:  8.64s, train err: 1.0955e-03 (best:  1.0873e-03/ 9.2014e-04)
>> epoch [ 401/3000], runtime:  8.99s, train err: 1.0908e-03 (best:  1.0873e-03/ 9.2014e-04)
>> epoch [ 402/3000], runtime:  8.26s, train err: 1.0805e-03 (best:  1.0873e-03/ 9.2014e-04)
>> epoch [ 403/3000], runtime:  7.70s, train err: 1.0922e-03 (best:  1.0873e-03/ 9.2014e-04)
>> epoch [ 404/3000], runtime:  9.78s, train err: 1.0907e-03 (best:  1.0873e-03/ 9.2014e-04)
>> epoch [ 405/3000], runtime: 9.85s, train err: 1.0759e-03, valid err: 9.1703e-04 , test err: 9.2750e-04
>> epoch [ 406/3000], runtime:  9.35s, train err: 1.1047e-03 (best:  1.0759e-03/ 9.1703e-04)
>> epoch [ 407/3000], runtime: 8.72s, train err: 1.0685e-03, valid err: 9.1298e-04 , test err: 9.4678e-04
>> epoch [ 408/3000], runtime:  8.30s, train err: 1.0807e-03 (best:  1.0685e-03/ 9.1298e-04)
>> epoch [ 409/3000], runtime:  9.17s, train err: 1.1174e-03 (best:  1.0685e-03/ 9.1298e-04)
>> epoch [ 410/3000], runtime:  7.24s, train err: 1.0695e-03 (best:  1.0685e-03/ 9.1298e-04)
>> epoch [ 411/3000], runtime: 7.43s, train err: 1.0667e-03, valid err: 8.9333e-04 , test err: 9.1137e-04
>> epoch [ 412/3000], runtime:  7.60s, train err: 1.0796e-03 (best:  1.0667e-03/ 8.9333e-04)
>> epoch [ 413/3000], runtime:  8.94s, train err: 1.0751e-03 (best:  1.0667e-03/ 8.9333e-04)
>> epoch [ 414/3000], runtime:  8.68s, train err: 1.0822e-03 (best:  1.0667e-03/ 8.9333e-04)
>> epoch [ 415/3000], runtime:  9.39s, train err: 1.0621e-03 (best:  1.0667e-03/ 8.9333e-04)
>> epoch [ 416/3000], runtime:  9.99s, train err: 1.0608e-03 (best:  1.0667e-03/ 8.9333e-04)
>> epoch [ 417/3000], runtime:  9.73s, train err: 1.0809e-03 (best:  1.0667e-03/ 8.9333e-04)
>> epoch [ 418/3000], runtime:  7.93s, train err: 1.0717e-03 (best:  1.0667e-03/ 8.9333e-04)
>> epoch [ 419/3000], runtime:  9.80s, train err: 1.0842e-03 (best:  1.0667e-03/ 8.9333e-04)
>> epoch [ 420/3000], runtime: 9.62s, train err: 1.0591e-03, valid err: 8.8502e-04 , test err: 9.0293e-04
>> epoch [ 421/3000], runtime:  9.45s, train err: 1.0868e-03 (best:  1.0591e-03/ 8.8502e-04)
>> epoch [ 422/3000], runtime:  9.75s, train err: 1.0719e-03 (best:  1.0591e-03/ 8.8502e-04)
>> epoch [ 423/3000], runtime:  9.10s, train err: 1.0687e-03 (best:  1.0591e-03/ 8.8502e-04)
>> epoch [ 424/3000], runtime:  10.67s, train err: 1.0816e-03 (best:  1.0591e-03/ 8.8502e-04)
>> epoch [ 425/3000], runtime:  9.56s, train err: 1.0708e-03 (best:  1.0591e-03/ 8.8502e-04)
>> epoch [ 426/3000], runtime:  9.41s, train err: 1.0682e-03 (best:  1.0591e-03/ 8.8502e-04)
>> epoch [ 427/3000], runtime:  9.88s, train err: 1.0826e-03 (best:  1.0591e-03/ 8.8502e-04)
>> epoch [ 428/3000], runtime:  9.81s, train err: 1.0713e-03 (best:  1.0591e-03/ 8.8502e-04)
>> epoch [ 429/3000], runtime:  10.68s, train err: 1.0621e-03 (best:  1.0591e-03/ 8.8502e-04)
>> epoch [ 430/3000], runtime:  9.01s, train err: 1.0708e-03 (best:  1.0591e-03/ 8.8502e-04)
>> epoch [ 431/3000], runtime:  9.37s, train err: 1.0550e-03 (best:  1.0591e-03/ 8.8502e-04)
>> epoch [ 432/3000], runtime:  9.56s, train err: 1.0718e-03 (best:  1.0591e-03/ 8.8502e-04)
>> epoch [ 433/3000], runtime:  10.01s, train err: 1.0701e-03 (best:  1.0591e-03/ 8.8502e-04)
>> epoch [ 434/3000], runtime:  10.67s, train err: 1.0543e-03 (best:  1.0591e-03/ 8.8502e-04)
>> epoch [ 435/3000], runtime:  9.89s, train err: 1.0567e-03 (best:  1.0591e-03/ 8.8502e-04)
>> epoch [ 436/3000], runtime:  9.51s, train err: 1.0517e-03 (best:  1.0591e-03/ 8.8502e-04)
>> epoch [ 437/3000], runtime:  10.14s, train err: 1.0491e-03 (best:  1.0591e-03/ 8.8502e-04)
>> epoch [ 438/3000], runtime:  8.88s, train err: 1.0530e-03 (best:  1.0591e-03/ 8.8502e-04)
>> epoch [ 439/3000], runtime:  9.43s, train err: 1.0556e-03 (best:  1.0591e-03/ 8.8502e-04)
>> epoch [ 440/3000], runtime:  10.07s, train err: 1.0548e-03 (best:  1.0591e-03/ 8.8502e-04)
>> epoch [ 441/3000], runtime:  10.67s, train err: 1.0878e-03 (best:  1.0591e-03/ 8.8502e-04)
>> epoch [ 442/3000], runtime:  9.34s, train err: 1.0765e-03 (best:  1.0591e-03/ 8.8502e-04)
>> epoch [ 443/3000], runtime:  9.81s, train err: 1.0615e-03 (best:  1.0591e-03/ 8.8502e-04)
>> epoch [ 444/3000], runtime:  9.66s, train err: 1.0501e-03 (best:  1.0591e-03/ 8.8502e-04)
>> epoch [ 445/3000], runtime: 9.07s, train err: 1.0432e-03, valid err: 8.8481e-04 , test err: 9.1083e-04
>> epoch [ 446/3000], runtime:  9.65s, train err: 1.0459e-03 (best:  1.0432e-03/ 8.8481e-04)
>> epoch [ 447/3000], runtime:  9.19s, train err: 1.0457e-03 (best:  1.0432e-03/ 8.8481e-04)
>> epoch [ 448/3000], runtime:  10.25s, train err: 1.0505e-03 (best:  1.0432e-03/ 8.8481e-04)
>> epoch [ 449/3000], runtime:  9.87s, train err: 1.0486e-03 (best:  1.0432e-03/ 8.8481e-04)
>> epoch [ 450/3000], runtime:  9.67s, train err: 1.0437e-03 (best:  1.0432e-03/ 8.8481e-04)
>> epoch [ 451/3000], runtime:  9.52s, train err: 1.0466e-03 (best:  1.0432e-03/ 8.8481e-04)
>> epoch [ 452/3000], runtime:  8.35s, train err: 1.0485e-03 (best:  1.0432e-03/ 8.8481e-04)
>> epoch [ 453/3000], runtime:  9.26s, train err: 1.0465e-03 (best:  1.0432e-03/ 8.8481e-04)
>> epoch [ 454/3000], runtime:  9.39s, train err: 1.0415e-03 (best:  1.0432e-03/ 8.8481e-04)
>> epoch [ 455/3000], runtime:  8.93s, train err: 1.0577e-03 (best:  1.0432e-03/ 8.8481e-04)
>> epoch [ 456/3000], runtime:  9.60s, train err: 1.0486e-03 (best:  1.0432e-03/ 8.8481e-04)
>> epoch [ 457/3000], runtime:  9.38s, train err: 1.0553e-03 (best:  1.0432e-03/ 8.8481e-04)
>> epoch [ 458/3000], runtime:  8.97s, train err: 1.0418e-03 (best:  1.0432e-03/ 8.8481e-04)
>> epoch [ 459/3000], runtime:  9.43s, train err: 1.0443e-03 (best:  1.0432e-03/ 8.8481e-04)
>> epoch [ 460/3000], runtime:  8.26s, train err: 1.0457e-03 (best:  1.0432e-03/ 8.8481e-04)
>> epoch [ 461/3000], runtime:  9.42s, train err: 1.0410e-03 (best:  1.0432e-03/ 8.8481e-04)
>> epoch [ 462/3000], runtime: 9.26s, train err: 1.0388e-03, valid err: 8.7833e-04 , test err: 9.0091e-04
>> epoch [ 463/3000], runtime: 9.28s, train err: 1.0380e-03, valid err: 8.7494e-04 , test err: 8.9755e-04
>> epoch [ 464/3000], runtime:  8.81s, train err: 1.0415e-03 (best:  1.0380e-03/ 8.7494e-04)
>> epoch [ 465/3000], runtime:  8.31s, train err: 1.0310e-03 (best:  1.0380e-03/ 8.7494e-04)
>> epoch [ 466/3000], runtime:  9.36s, train err: 1.0445e-03 (best:  1.0380e-03/ 8.7494e-04)
>> epoch [ 467/3000], runtime:  9.40s, train err: 1.0450e-03 (best:  1.0380e-03/ 8.7494e-04)
>> epoch [ 468/3000], runtime:  8.93s, train err: 1.0380e-03 (best:  1.0380e-03/ 8.7494e-04)
>> epoch [ 469/3000], runtime:  9.41s, train err: 1.0391e-03 (best:  1.0380e-03/ 8.7494e-04)
>> epoch [ 470/3000], runtime: 10.05s, train err: 1.0367e-03, valid err: 8.7434e-04 , test err: 8.9104e-04
>> epoch [ 471/3000], runtime:  9.12s, train err: 1.0370e-03 (best:  1.0367e-03/ 8.7434e-04)
>> epoch [ 472/3000], runtime:  9.17s, train err: 1.0333e-03 (best:  1.0367e-03/ 8.7434e-04)
>> epoch [ 473/3000], runtime: 9.56s, train err: 1.0351e-03, valid err: 8.7298e-04 , test err: 8.9802e-04
>> epoch [ 474/3000], runtime:  7.79s, train err: 1.0377e-03 (best:  1.0351e-03/ 8.7298e-04)
>> epoch [ 475/3000], runtime:  9.82s, train err: 1.0356e-03 (best:  1.0351e-03/ 8.7298e-04)
>> epoch [ 476/3000], runtime:  8.62s, train err: 1.0359e-03 (best:  1.0351e-03/ 8.7298e-04)
>> epoch [ 477/3000], runtime:  9.47s, train err: 1.0284e-03 (best:  1.0351e-03/ 8.7298e-04)
>> epoch [ 478/3000], runtime:  9.00s, train err: 1.0283e-03 (best:  1.0351e-03/ 8.7298e-04)
>> epoch [ 479/3000], runtime:  9.87s, train err: 1.0419e-03 (best:  1.0351e-03/ 8.7298e-04)
>> epoch [ 480/3000], runtime:  10.45s, train err: 1.0324e-03 (best:  1.0351e-03/ 8.7298e-04)
>> epoch [ 481/3000], runtime: 8.71s, train err: 1.0308e-03, valid err: 8.6949e-04 , test err: 8.8546e-04
>> epoch [ 482/3000], runtime:  8.51s, train err: 1.0406e-03 (best:  1.0308e-03/ 8.6949e-04)
>> epoch [ 483/3000], runtime:  8.22s, train err: 1.0346e-03 (best:  1.0308e-03/ 8.6949e-04)
>> epoch [ 484/3000], runtime:  8.91s, train err: 1.0372e-03 (best:  1.0308e-03/ 8.6949e-04)
>> epoch [ 485/3000], runtime:  8.84s, train err: 1.0295e-03 (best:  1.0308e-03/ 8.6949e-04)
>> epoch [ 486/3000], runtime:  9.23s, train err: 1.0306e-03 (best:  1.0308e-03/ 8.6949e-04)
>> epoch [ 487/3000], runtime:  9.56s, train err: 1.0321e-03 (best:  1.0308e-03/ 8.6949e-04)
>> epoch [ 488/3000], runtime:  8.58s, train err: 1.0314e-03 (best:  1.0308e-03/ 8.6949e-04)
>> epoch [ 489/3000], runtime:  9.51s, train err: 1.0307e-03 (best:  1.0308e-03/ 8.6949e-04)
>> epoch [ 490/3000], runtime:  8.72s, train err: 1.0278e-03 (best:  1.0308e-03/ 8.6949e-04)
>> epoch [ 491/3000], runtime: 10.24s, train err: 1.0297e-03, valid err: 8.6613e-04 , test err: 8.8470e-04
>> epoch [ 492/3000], runtime:  7.45s, train err: 1.0253e-03 (best:  1.0297e-03/ 8.6613e-04)
>> epoch [ 493/3000], runtime: 8.41s, train err: 1.0269e-03, valid err: 8.6478e-04 , test err: 8.8186e-04
>> epoch [ 494/3000], runtime:  9.07s, train err: 1.0247e-03 (best:  1.0269e-03/ 8.6478e-04)
>> epoch [ 495/3000], runtime:  9.89s, train err: 1.0317e-03 (best:  1.0269e-03/ 8.6478e-04)
>> epoch [ 496/3000], runtime:  9.07s, train err: 1.0224e-03 (best:  1.0269e-03/ 8.6478e-04)
>> epoch [ 497/3000], runtime:  7.75s, train err: 1.0247e-03 (best:  1.0269e-03/ 8.6478e-04)
>> epoch [ 498/3000], runtime:  8.51s, train err: 1.0214e-03 (best:  1.0269e-03/ 8.6478e-04)
>> epoch [ 499/3000], runtime:  9.71s, train err: 1.0242e-03 (best:  1.0269e-03/ 8.6478e-04)
>> epoch [ 500/3000], runtime:  9.13s, train err: 1.0292e-03 (best:  1.0269e-03/ 8.6478e-04)
>> epoch [ 501/3000], runtime:  7.59s, train err: 1.0365e-03 (best:  1.0269e-03/ 8.6478e-04)
>> epoch [ 502/3000], runtime:  7.90s, train err: 1.0275e-03 (best:  1.0269e-03/ 8.6478e-04)
>> epoch [ 503/3000], runtime:  9.88s, train err: 1.0213e-03 (best:  1.0269e-03/ 8.6478e-04)
>> epoch [ 504/3000], runtime:  8.79s, train err: 1.0234e-03 (best:  1.0269e-03/ 8.6478e-04)
>> epoch [ 505/3000], runtime:  8.67s, train err: 1.0185e-03 (best:  1.0269e-03/ 8.6478e-04)
>> epoch [ 506/3000], runtime:  10.06s, train err: 1.0272e-03 (best:  1.0269e-03/ 8.6478e-04)
>> epoch [ 507/3000], runtime:  8.94s, train err: 1.0209e-03 (best:  1.0269e-03/ 8.6478e-04)
>> epoch [ 508/3000], runtime:  7.74s, train err: 1.0255e-03 (best:  1.0269e-03/ 8.6478e-04)
>> epoch [ 509/3000], runtime:  9.22s, train err: 1.0308e-03 (best:  1.0269e-03/ 8.6478e-04)
>> epoch [ 510/3000], runtime:  8.46s, train err: 1.0184e-03 (best:  1.0269e-03/ 8.6478e-04)
>> epoch [ 511/3000], runtime:  8.10s, train err: 1.0234e-03 (best:  1.0269e-03/ 8.6478e-04)
>> epoch [ 512/3000], runtime: 8.25s, train err: 1.0162e-03, valid err: 8.6266e-04 , test err: 8.7922e-04
>> epoch [ 513/3000], runtime:  9.29s, train err: 1.0221e-03 (best:  1.0162e-03/ 8.6266e-04)
>> epoch [ 514/3000], runtime:  9.11s, train err: 1.0211e-03 (best:  1.0162e-03/ 8.6266e-04)
>> epoch [ 515/3000], runtime:  9.20s, train err: 1.0157e-03 (best:  1.0162e-03/ 8.6266e-04)
>> epoch [ 516/3000], runtime:  9.96s, train err: 1.0219e-03 (best:  1.0162e-03/ 8.6266e-04)
>> epoch [ 517/3000], runtime:  7.74s, train err: 1.0151e-03 (best:  1.0162e-03/ 8.6266e-04)
>> epoch [ 518/3000], runtime:  9.92s, train err: 1.0165e-03 (best:  1.0162e-03/ 8.6266e-04)
>> epoch [ 519/3000], runtime:  9.52s, train err: 1.0172e-03 (best:  1.0162e-03/ 8.6266e-04)
>> epoch [ 520/3000], runtime: 10.57s, train err: 1.0152e-03, valid err: 8.6169e-04 , test err: 8.8194e-04
>> epoch [ 521/3000], runtime:  9.71s, train err: 1.0194e-03 (best:  1.0152e-03/ 8.6169e-04)
>> epoch [ 522/3000], runtime:  9.57s, train err: 1.0174e-03 (best:  1.0152e-03/ 8.6169e-04)
>> epoch [ 523/3000], runtime:  9.50s, train err: 1.0168e-03 (best:  1.0152e-03/ 8.6169e-04)
>> epoch [ 524/3000], runtime:  10.16s, train err: 1.0163e-03 (best:  1.0152e-03/ 8.6169e-04)
>> epoch [ 525/3000], runtime:  10.05s, train err: 1.0188e-03 (best:  1.0152e-03/ 8.6169e-04)
>> epoch [ 526/3000], runtime:  9.21s, train err: 1.0206e-03 (best:  1.0152e-03/ 8.6169e-04)
>> epoch [ 527/3000], runtime:  8.08s, train err: 1.0163e-03 (best:  1.0152e-03/ 8.6169e-04)
>> epoch [ 528/3000], runtime:  10.05s, train err: 1.0164e-03 (best:  1.0152e-03/ 8.6169e-04)
>> epoch [ 529/3000], runtime:  9.21s, train err: 1.0171e-03 (best:  1.0152e-03/ 8.6169e-04)
>> epoch [ 530/3000], runtime:  8.72s, train err: 1.0166e-03 (best:  1.0152e-03/ 8.6169e-04)
>> epoch [ 531/3000], runtime:  8.37s, train err: 1.0176e-03 (best:  1.0152e-03/ 8.6169e-04)
>> epoch [ 532/3000], runtime:  8.76s, train err: 1.0146e-03 (best:  1.0152e-03/ 8.6169e-04)
>> epoch [ 533/3000], runtime:  9.82s, train err: 1.0130e-03 (best:  1.0152e-03/ 8.6169e-04)
>> epoch [ 534/3000], runtime:  8.92s, train err: 1.0150e-03 (best:  1.0152e-03/ 8.6169e-04)
>> epoch [ 535/3000], runtime:  9.00s, train err: 1.0150e-03 (best:  1.0152e-03/ 8.6169e-04)
>> epoch [ 536/3000], runtime:  9.92s, train err: 1.0197e-03 (best:  1.0152e-03/ 8.6169e-04)
>> epoch [ 537/3000], runtime:  9.68s, train err: 1.0129e-03 (best:  1.0152e-03/ 8.6169e-04)
>> epoch [ 538/3000], runtime:  10.28s, train err: 1.0111e-03 (best:  1.0152e-03/ 8.6169e-04)
>> epoch [ 539/3000], runtime:  8.92s, train err: 1.0148e-03 (best:  1.0152e-03/ 8.6169e-04)
>> epoch [ 540/3000], runtime:  10.24s, train err: 1.0238e-03 (best:  1.0152e-03/ 8.6169e-04)
>> epoch [ 541/3000], runtime:  10.01s, train err: 1.0113e-03 (best:  1.0152e-03/ 8.6169e-04)
>> epoch [ 542/3000], runtime: 9.46s, train err: 1.0115e-03, valid err: 8.5750e-04 , test err: 8.7782e-04
>> epoch [ 543/3000], runtime:  8.81s, train err: 1.0147e-03 (best:  1.0115e-03/ 8.5750e-04)
>> epoch [ 544/3000], runtime:  9.24s, train err: 1.0096e-03 (best:  1.0115e-03/ 8.5750e-04)
>> epoch [ 545/3000], runtime:  8.51s, train err: 1.0112e-03 (best:  1.0115e-03/ 8.5750e-04)
>> epoch [ 546/3000], runtime:  8.53s, train err: 1.0133e-03 (best:  1.0115e-03/ 8.5750e-04)
>> epoch [ 547/3000], runtime:  9.56s, train err: 1.0115e-03 (best:  1.0115e-03/ 8.5750e-04)
>> epoch [ 548/3000], runtime:  9.15s, train err: 1.0105e-03 (best:  1.0115e-03/ 8.5750e-04)
>> epoch [ 549/3000], runtime:  9.26s, train err: 1.0128e-03 (best:  1.0115e-03/ 8.5750e-04)
>> epoch [ 550/3000], runtime:  9.56s, train err: 1.0075e-03 (best:  1.0115e-03/ 8.5750e-04)
>> epoch [ 551/3000], runtime:  9.58s, train err: 1.0102e-03 (best:  1.0115e-03/ 8.5750e-04)
>> epoch [ 552/3000], runtime:  8.87s, train err: 1.0107e-03 (best:  1.0115e-03/ 8.5750e-04)
>> epoch [ 553/3000], runtime:  9.36s, train err: 1.0148e-03 (best:  1.0115e-03/ 8.5750e-04)
>> epoch [ 554/3000], runtime:  8.65s, train err: 1.0093e-03 (best:  1.0115e-03/ 8.5750e-04)
>> epoch [ 555/3000], runtime: 7.00s, train err: 1.0082e-03, valid err: 8.5496e-04 , test err: 8.7556e-04
>> epoch [ 556/3000], runtime:  8.11s, train err: 1.0065e-03 (best:  1.0082e-03/ 8.5496e-04)
>> epoch [ 557/3000], runtime:  8.53s, train err: 1.0066e-03 (best:  1.0082e-03/ 8.5496e-04)
>> epoch [ 558/3000], runtime:  8.78s, train err: 1.0092e-03 (best:  1.0082e-03/ 8.5496e-04)
>> epoch [ 559/3000], runtime:  7.78s, train err: 1.0080e-03 (best:  1.0082e-03/ 8.5496e-04)
>> epoch [ 560/3000], runtime:  7.75s, train err: 1.0115e-03 (best:  1.0082e-03/ 8.5496e-04)
>> epoch [ 561/3000], runtime: 8.00s, train err: 1.0073e-03, valid err: 8.5344e-04 , test err: 8.7368e-04
>> epoch [ 562/3000], runtime:  6.71s, train err: 1.0058e-03 (best:  1.0073e-03/ 8.5344e-04)
>> epoch [ 563/3000], runtime:  9.10s, train err: 1.0110e-03 (best:  1.0073e-03/ 8.5344e-04)
>> epoch [ 564/3000], runtime:  8.28s, train err: 1.0096e-03 (best:  1.0073e-03/ 8.5344e-04)
>> epoch [ 565/3000], runtime:  8.10s, train err: 1.0099e-03 (best:  1.0073e-03/ 8.5344e-04)
>> epoch [ 566/3000], runtime: 7.78s, train err: 1.0049e-03, valid err: 8.5315e-04 , test err: 8.7162e-04
>> epoch [ 567/3000], runtime:  7.26s, train err: 1.0057e-03 (best:  1.0049e-03/ 8.5315e-04)
>> epoch [ 568/3000], runtime:  7.93s, train err: 1.0048e-03 (best:  1.0049e-03/ 8.5315e-04)
>> epoch [ 569/3000], runtime:  9.02s, train err: 1.0086e-03 (best:  1.0049e-03/ 8.5315e-04)
>> epoch [ 570/3000], runtime:  9.19s, train err: 1.0079e-03 (best:  1.0049e-03/ 8.5315e-04)
>> epoch [ 571/3000], runtime:  7.48s, train err: 1.0117e-03 (best:  1.0049e-03/ 8.5315e-04)
>> epoch [ 572/3000], runtime:  8.16s, train err: 1.0141e-03 (best:  1.0049e-03/ 8.5315e-04)
>> epoch [ 573/3000], runtime:  7.34s, train err: 1.0062e-03 (best:  1.0049e-03/ 8.5315e-04)
>> epoch [ 574/3000], runtime:  8.24s, train err: 1.0088e-03 (best:  1.0049e-03/ 8.5315e-04)
>> epoch [ 575/3000], runtime:  8.19s, train err: 1.0058e-03 (best:  1.0049e-03/ 8.5315e-04)
>> epoch [ 576/3000], runtime:  9.14s, train err: 1.0057e-03 (best:  1.0049e-03/ 8.5315e-04)
>> epoch [ 577/3000], runtime:  7.74s, train err: 1.0030e-03 (best:  1.0049e-03/ 8.5315e-04)
>> epoch [ 578/3000], runtime: 7.76s, train err: 1.0019e-03, valid err: 8.5313e-04 , test err: 8.7397e-04
>> epoch [ 579/3000], runtime:  7.77s, train err: 1.0047e-03 (best:  1.0019e-03/ 8.5313e-04)
>> epoch [ 580/3000], runtime:  8.85s, train err: 1.0017e-03 (best:  1.0019e-03/ 8.5313e-04)
>> epoch [ 581/3000], runtime:  8.87s, train err: 1.0053e-03 (best:  1.0019e-03/ 8.5313e-04)
>> epoch [ 582/3000], runtime:  8.44s, train err: 1.0073e-03 (best:  1.0019e-03/ 8.5313e-04)
>> epoch [ 583/3000], runtime:  6.83s, train err: 1.0081e-03 (best:  1.0019e-03/ 8.5313e-04)
>> epoch [ 584/3000], runtime:  7.55s, train err: 1.0024e-03 (best:  1.0019e-03/ 8.5313e-04)
>> epoch [ 585/3000], runtime:  8.42s, train err: 1.0021e-03 (best:  1.0019e-03/ 8.5313e-04)
>> epoch [ 586/3000], runtime:  7.04s, train err: 1.0030e-03 (best:  1.0019e-03/ 8.5313e-04)
>> epoch [ 587/3000], runtime:  9.12s, train err: 1.0044e-03 (best:  1.0019e-03/ 8.5313e-04)
>> epoch [ 588/3000], runtime:  7.66s, train err: 1.0045e-03 (best:  1.0019e-03/ 8.5313e-04)
>> epoch [ 589/3000], runtime:  8.67s, train err: 1.0012e-03 (best:  1.0019e-03/ 8.5313e-04)
>> epoch [ 590/3000], runtime:  7.68s, train err: 1.0034e-03 (best:  1.0019e-03/ 8.5313e-04)
>> epoch [ 591/3000], runtime:  7.48s, train err: 1.0011e-03 (best:  1.0019e-03/ 8.5313e-04)
>> epoch [ 592/3000], runtime:  8.81s, train err: 1.0037e-03 (best:  1.0019e-03/ 8.5313e-04)
>> epoch [ 593/3000], runtime:  7.77s, train err: 1.0024e-03 (best:  1.0019e-03/ 8.5313e-04)
>> epoch [ 594/3000], runtime:  7.88s, train err: 1.0029e-03 (best:  1.0019e-03/ 8.5313e-04)
>> epoch [ 595/3000], runtime: 8.20s, train err: 1.0018e-03, valid err: 8.4921e-04 , test err: 8.6710e-04
>> epoch [ 596/3000], runtime:  7.47s, train err: 1.0013e-03 (best:  1.0018e-03/ 8.4921e-04)
>> epoch [ 597/3000], runtime: 7.13s, train err: 1.0012e-03, valid err: 8.4833e-04 , test err: 8.6840e-04
>> epoch [ 598/3000], runtime:  8.30s, train err: 9.9935e-04 (best:  1.0012e-03/ 8.4833e-04)
>> epoch [ 599/3000], runtime:  7.92s, train err: 9.9975e-04 (best:  1.0012e-03/ 8.4833e-04)
>> epoch [ 600/3000], runtime:  8.71s, train err: 1.0007e-03 (best:  1.0012e-03/ 8.4833e-04)
>> epoch [ 601/3000], runtime:  7.69s, train err: 1.0005e-03 (best:  1.0012e-03/ 8.4833e-04)
>> epoch [ 602/3000], runtime:  8.41s, train err: 1.0033e-03 (best:  1.0012e-03/ 8.4833e-04)
>> epoch [ 603/3000], runtime:  8.17s, train err: 1.0028e-03 (best:  1.0012e-03/ 8.4833e-04)
>> epoch [ 604/3000], runtime:  7.96s, train err: 9.9965e-04 (best:  1.0012e-03/ 8.4833e-04)
>> epoch [ 605/3000], runtime:  7.30s, train err: 9.9960e-04 (best:  1.0012e-03/ 8.4833e-04)
>> epoch [ 606/3000], runtime:  8.54s, train err: 1.0015e-03 (best:  1.0012e-03/ 8.4833e-04)
>> epoch [ 607/3000], runtime:  8.81s, train err: 9.9964e-04 (best:  1.0012e-03/ 8.4833e-04)
>> epoch [ 608/3000], runtime:  8.36s, train err: 9.9994e-04 (best:  1.0012e-03/ 8.4833e-04)
>> epoch [ 609/3000], runtime:  8.64s, train err: 9.9965e-04 (best:  1.0012e-03/ 8.4833e-04)
>> epoch [ 610/3000], runtime:  9.02s, train err: 9.9894e-04 (best:  1.0012e-03/ 8.4833e-04)
>> epoch [ 611/3000], runtime:  8.57s, train err: 9.9920e-04 (best:  1.0012e-03/ 8.4833e-04)
>> epoch [ 612/3000], runtime:  9.02s, train err: 1.0016e-03 (best:  1.0012e-03/ 8.4833e-04)
>> epoch [ 613/3000], runtime:  7.76s, train err: 1.0011e-03 (best:  1.0012e-03/ 8.4833e-04)
>> epoch [ 614/3000], runtime: 7.52s, train err: 9.9918e-04, valid err: 8.4814e-04 , test err: 8.6760e-04
>> epoch [ 615/3000], runtime:  7.33s, train err: 9.9925e-04 (best:  9.9918e-04/ 8.4814e-04)
>> epoch [ 616/3000], runtime:  8.95s, train err: 9.9801e-04 (best:  9.9918e-04/ 8.4814e-04)
>> epoch [ 617/3000], runtime:  8.89s, train err: 9.9947e-04 (best:  9.9918e-04/ 8.4814e-04)
>> epoch [ 618/3000], runtime:  7.74s, train err: 1.0062e-03 (best:  9.9918e-04/ 8.4814e-04)
>> epoch [ 619/3000], runtime:  9.17s, train err: 9.9977e-04 (best:  9.9918e-04/ 8.4814e-04)
>> epoch [ 620/3000], runtime:  6.83s, train err: 9.9802e-04 (best:  9.9918e-04/ 8.4814e-04)
>> epoch [ 621/3000], runtime:  7.97s, train err: 9.9768e-04 (best:  9.9918e-04/ 8.4814e-04)
>> epoch [ 622/3000], runtime:  6.68s, train err: 9.9911e-04 (best:  9.9918e-04/ 8.4814e-04)
>> epoch [ 623/3000], runtime:  7.55s, train err: 1.0003e-03 (best:  9.9918e-04/ 8.4814e-04)
>> epoch [ 624/3000], runtime:  8.77s, train err: 9.9914e-04 (best:  9.9918e-04/ 8.4814e-04)
>> epoch [ 625/3000], runtime:  9.19s, train err: 9.9810e-04 (best:  9.9918e-04/ 8.4814e-04)
>> epoch [ 626/3000], runtime:  7.53s, train err: 9.9878e-04 (best:  9.9918e-04/ 8.4814e-04)
>> epoch [ 627/3000], runtime:  7.64s, train err: 9.9606e-04 (best:  9.9918e-04/ 8.4814e-04)
>> epoch [ 628/3000], runtime:  7.43s, train err: 9.9595e-04 (best:  9.9918e-04/ 8.4814e-04)
>> epoch [ 629/3000], runtime:  8.52s, train err: 9.9949e-04 (best:  9.9918e-04/ 8.4814e-04)
>> epoch [ 630/3000], runtime:  8.21s, train err: 9.9743e-04 (best:  9.9918e-04/ 8.4814e-04)
>> epoch [ 631/3000], runtime:  7.65s, train err: 9.9673e-04 (best:  9.9918e-04/ 8.4814e-04)
>> epoch [ 632/3000], runtime:  7.59s, train err: 9.9687e-04 (best:  9.9918e-04/ 8.4814e-04)
>> epoch [ 633/3000], runtime: 8.46s, train err: 9.9684e-04, valid err: 8.4794e-04 , test err: 8.6626e-04
>> epoch [ 634/3000], runtime:  8.55s, train err: 9.9614e-04 (best:  9.9684e-04/ 8.4794e-04)
>> epoch [ 635/3000], runtime:  8.05s, train err: 9.9602e-04 (best:  9.9684e-04/ 8.4794e-04)
>> epoch [ 636/3000], runtime:  7.18s, train err: 9.9699e-04 (best:  9.9684e-04/ 8.4794e-04)
>> epoch [ 637/3000], runtime:  7.69s, train err: 9.9668e-04 (best:  9.9684e-04/ 8.4794e-04)
>> epoch [ 638/3000], runtime: 7.98s, train err: 9.9562e-04, valid err: 8.4687e-04 , test err: 8.6572e-04
>> epoch [ 639/3000], runtime:  7.55s, train err: 9.9512e-04 (best:  9.9562e-04/ 8.4687e-04)
>> epoch [ 640/3000], runtime:  6.98s, train err: 9.9577e-04 (best:  9.9562e-04/ 8.4687e-04)
>> epoch [ 641/3000], runtime:  6.84s, train err: 9.9573e-04 (best:  9.9562e-04/ 8.4687e-04)
>> epoch [ 642/3000], runtime:  6.52s, train err: 9.9518e-04 (best:  9.9562e-04/ 8.4687e-04)
>> epoch [ 643/3000], runtime:  7.11s, train err: 9.9659e-04 (best:  9.9562e-04/ 8.4687e-04)
>> epoch [ 644/3000], runtime:  6.53s, train err: 9.9827e-04 (best:  9.9562e-04/ 8.4687e-04)
>> epoch [ 645/3000], runtime:  6.92s, train err: 9.9433e-04 (best:  9.9562e-04/ 8.4687e-04)
>> epoch [ 646/3000], runtime:  6.10s, train err: 9.9459e-04 (best:  9.9562e-04/ 8.4687e-04)
>> epoch [ 647/3000], runtime:  6.70s, train err: 9.9574e-04 (best:  9.9562e-04/ 8.4687e-04)
>> epoch [ 648/3000], runtime:  5.90s, train err: 9.9420e-04 (best:  9.9562e-04/ 8.4687e-04)
>> epoch [ 649/3000], runtime:  6.72s, train err: 9.9425e-04 (best:  9.9562e-04/ 8.4687e-04)
>> epoch [ 650/3000], runtime:  7.05s, train err: 9.9499e-04 (best:  9.9562e-04/ 8.4687e-04)
>> epoch [ 651/3000], runtime: 6.41s, train err: 9.9487e-04, valid err: 8.4514e-04 , test err: 8.6418e-04
>> epoch [ 652/3000], runtime:  7.20s, train err: 9.9601e-04 (best:  9.9487e-04/ 8.4514e-04)
>> epoch [ 653/3000], runtime:  6.24s, train err: 9.9467e-04 (best:  9.9487e-04/ 8.4514e-04)
>> epoch [ 654/3000], runtime:  7.14s, train err: 9.9582e-04 (best:  9.9487e-04/ 8.4514e-04)
>> epoch [ 655/3000], runtime:  6.47s, train err: 9.9530e-04 (best:  9.9487e-04/ 8.4514e-04)
>> epoch [ 656/3000], runtime:  6.45s, train err: 9.9393e-04 (best:  9.9487e-04/ 8.4514e-04)
>> epoch [ 657/3000], runtime:  7.04s, train err: 9.9338e-04 (best:  9.9487e-04/ 8.4514e-04)
>> epoch [ 658/3000], runtime:  6.30s, train err: 9.9419e-04 (best:  9.9487e-04/ 8.4514e-04)
>> epoch [ 659/3000], runtime:  5.55s, train err: 9.9487e-04 (best:  9.9487e-04/ 8.4514e-04)
>> epoch [ 660/3000], runtime:  6.30s, train err: 9.9466e-04 (best:  9.9487e-04/ 8.4514e-04)
>> epoch [ 661/3000], runtime:  7.07s, train err: 9.9511e-04 (best:  9.9487e-04/ 8.4514e-04)
>> epoch [ 662/3000], runtime:  5.94s, train err: 9.9610e-04 (best:  9.9487e-04/ 8.4514e-04)
>> epoch [ 663/3000], runtime:  6.08s, train err: 9.9541e-04 (best:  9.9487e-04/ 8.4514e-04)
>> epoch [ 664/3000], runtime:  7.09s, train err: 9.9616e-04 (best:  9.9487e-04/ 8.4514e-04)
>> epoch [ 665/3000], runtime:  6.55s, train err: 9.9367e-04 (best:  9.9487e-04/ 8.4514e-04)
>> epoch [ 666/3000], runtime:  5.88s, train err: 9.9311e-04 (best:  9.9487e-04/ 8.4514e-04)
>> epoch [ 667/3000], runtime:  6.40s, train err: 9.9422e-04 (best:  9.9487e-04/ 8.4514e-04)
>> epoch [ 668/3000], runtime:  6.34s, train err: 9.9337e-04 (best:  9.9487e-04/ 8.4514e-04)
>> epoch [ 669/3000], runtime:  5.37s, train err: 9.9283e-04 (best:  9.9487e-04/ 8.4514e-04)
>> epoch [ 670/3000], runtime:  6.05s, train err: 9.9291e-04 (best:  9.9487e-04/ 8.4514e-04)
>> epoch [ 671/3000], runtime:  6.63s, train err: 9.9334e-04 (best:  9.9487e-04/ 8.4514e-04)
>> epoch [ 672/3000], runtime:  6.46s, train err: 9.9293e-04 (best:  9.9487e-04/ 8.4514e-04)
>> epoch [ 673/3000], runtime:  6.72s, train err: 9.9361e-04 (best:  9.9487e-04/ 8.4514e-04)
>> epoch [ 674/3000], runtime:  7.06s, train err: 9.9376e-04 (best:  9.9487e-04/ 8.4514e-04)
>> epoch [ 675/3000], runtime:  5.94s, train err: 9.9184e-04 (best:  9.9487e-04/ 8.4514e-04)
>> epoch [ 676/3000], runtime:  7.16s, train err: 9.9399e-04 (best:  9.9487e-04/ 8.4514e-04)
>> epoch [ 677/3000], runtime:  7.14s, train err: 9.9293e-04 (best:  9.9487e-04/ 8.4514e-04)
>> epoch [ 678/3000], runtime:  6.00s, train err: 9.9438e-04 (best:  9.9487e-04/ 8.4514e-04)
>> epoch [ 679/3000], runtime:  5.78s, train err: 9.9225e-04 (best:  9.9487e-04/ 8.4514e-04)
>> epoch [ 680/3000], runtime:  6.17s, train err: 9.9244e-04 (best:  9.9487e-04/ 8.4514e-04)
>> epoch [ 681/3000], runtime:  6.21s, train err: 9.9255e-04 (best:  9.9487e-04/ 8.4514e-04)
>> epoch [ 682/3000], runtime:  7.11s, train err: 9.9244e-04 (best:  9.9487e-04/ 8.4514e-04)
>> epoch [ 683/3000], runtime: 6.85s, train err: 9.9358e-04, valid err: 8.4498e-04 , test err: 8.6465e-04
>> epoch [ 684/3000], runtime:  6.22s, train err: 9.9241e-04 (best:  9.9358e-04/ 8.4498e-04)
>> epoch [ 685/3000], runtime:  6.49s, train err: 9.9201e-04 (best:  9.9358e-04/ 8.4498e-04)
>> epoch [ 686/3000], runtime:  6.00s, train err: 9.9409e-04 (best:  9.9358e-04/ 8.4498e-04)
>> epoch [ 687/3000], runtime:  6.67s, train err: 9.9177e-04 (best:  9.9358e-04/ 8.4498e-04)
>> epoch [ 688/3000], runtime:  6.52s, train err: 9.9332e-04 (best:  9.9358e-04/ 8.4498e-04)
>> epoch [ 689/3000], runtime:  5.81s, train err: 9.9160e-04 (best:  9.9358e-04/ 8.4498e-04)
>> epoch [ 690/3000], runtime:  5.39s, train err: 9.9224e-04 (best:  9.9358e-04/ 8.4498e-04)
>> epoch [ 691/3000], runtime: 6.08s, train err: 9.9220e-04, valid err: 8.4422e-04 , test err: 8.6342e-04
>> epoch [ 692/3000], runtime:  5.53s, train err: 9.9265e-04 (best:  9.9220e-04/ 8.4422e-04)
>> epoch [ 693/3000], runtime:  6.68s, train err: 9.9231e-04 (best:  9.9220e-04/ 8.4422e-04)
>> epoch [ 694/3000], runtime:  5.71s, train err: 9.9138e-04 (best:  9.9220e-04/ 8.4422e-04)
>> epoch [ 695/3000], runtime:  7.10s, train err: 9.9155e-04 (best:  9.9220e-04/ 8.4422e-04)
>> epoch [ 696/3000], runtime:  6.67s, train err: 9.9098e-04 (best:  9.9220e-04/ 8.4422e-04)
>> epoch [ 697/3000], runtime:  6.66s, train err: 9.9149e-04 (best:  9.9220e-04/ 8.4422e-04)
>> epoch [ 698/3000], runtime:  5.72s, train err: 9.9144e-04 (best:  9.9220e-04/ 8.4422e-04)
>> epoch [ 699/3000], runtime:  7.21s, train err: 9.9113e-04 (best:  9.9220e-04/ 8.4422e-04)
>> epoch [ 700/3000], runtime:  6.39s, train err: 9.9218e-04 (best:  9.9220e-04/ 8.4422e-04)
>> epoch [ 701/3000], runtime:  6.33s, train err: 9.9185e-04 (best:  9.9220e-04/ 8.4422e-04)
>> epoch [ 702/3000], runtime:  6.51s, train err: 9.9125e-04 (best:  9.9220e-04/ 8.4422e-04)
>> epoch [ 703/3000], runtime:  6.99s, train err: 9.9075e-04 (best:  9.9220e-04/ 8.4422e-04)
>> epoch [ 704/3000], runtime:  6.86s, train err: 9.9124e-04 (best:  9.9220e-04/ 8.4422e-04)
>> epoch [ 705/3000], runtime: 6.76s, train err: 9.9176e-04, valid err: 8.4360e-04 , test err: 8.6283e-04
>> epoch [ 706/3000], runtime:  6.73s, train err: 9.9260e-04 (best:  9.9176e-04/ 8.4360e-04)
>> epoch [ 707/3000], runtime:  6.95s, train err: 9.9095e-04 (best:  9.9176e-04/ 8.4360e-04)
>> epoch [ 708/3000], runtime:  6.94s, train err: 9.9317e-04 (best:  9.9176e-04/ 8.4360e-04)
>> epoch [ 709/3000], runtime:  7.20s, train err: 9.9054e-04 (best:  9.9176e-04/ 8.4360e-04)
>> epoch [ 710/3000], runtime:  5.88s, train err: 9.9194e-04 (best:  9.9176e-04/ 8.4360e-04)
>> epoch [ 711/3000], runtime:  6.93s, train err: 9.9104e-04 (best:  9.9176e-04/ 8.4360e-04)
>> epoch [ 712/3000], runtime:  6.77s, train err: 9.9053e-04 (best:  9.9176e-04/ 8.4360e-04)
>> epoch [ 713/3000], runtime:  6.61s, train err: 9.9144e-04 (best:  9.9176e-04/ 8.4360e-04)
>> epoch [ 714/3000], runtime:  6.84s, train err: 9.9137e-04 (best:  9.9176e-04/ 8.4360e-04)
>> epoch [ 715/3000], runtime:  7.09s, train err: 9.9011e-04 (best:  9.9176e-04/ 8.4360e-04)
>> epoch [ 716/3000], runtime:  6.00s, train err: 9.9016e-04 (best:  9.9176e-04/ 8.4360e-04)
>> epoch [ 717/3000], runtime:  6.76s, train err: 9.9032e-04 (best:  9.9176e-04/ 8.4360e-04)
>> epoch [ 718/3000], runtime:  6.46s, train err: 9.9046e-04 (best:  9.9176e-04/ 8.4360e-04)
>> epoch [ 719/3000], runtime:  6.13s, train err: 9.9058e-04 (best:  9.9176e-04/ 8.4360e-04)
>> epoch [ 720/3000], runtime:  5.55s, train err: 9.9019e-04 (best:  9.9176e-04/ 8.4360e-04)
>> epoch [ 721/3000], runtime:  6.85s, train err: 9.9045e-04 (best:  9.9176e-04/ 8.4360e-04)
>> epoch [ 722/3000], runtime:  6.15s, train err: 9.9032e-04 (best:  9.9176e-04/ 8.4360e-04)
>> epoch [ 723/3000], runtime:  6.46s, train err: 9.9311e-04 (best:  9.9176e-04/ 8.4360e-04)
>> epoch [ 724/3000], runtime:  6.85s, train err: 9.9025e-04 (best:  9.9176e-04/ 8.4360e-04)
>> epoch [ 725/3000], runtime:  6.66s, train err: 9.9047e-04 (best:  9.9176e-04/ 8.4360e-04)
>> epoch [ 726/3000], runtime:  5.22s, train err: 9.9018e-04 (best:  9.9176e-04/ 8.4360e-04)
>> epoch [ 727/3000], runtime:  5.69s, train err: 9.9092e-04 (best:  9.9176e-04/ 8.4360e-04)
>> epoch [ 728/3000], runtime:  6.12s, train err: 9.9013e-04 (best:  9.9176e-04/ 8.4360e-04)
>> epoch [ 729/3000], runtime:  7.19s, train err: 9.8978e-04 (best:  9.9176e-04/ 8.4360e-04)
>> epoch [ 730/3000], runtime:  5.60s, train err: 9.9005e-04 (best:  9.9176e-04/ 8.4360e-04)
>> epoch [ 731/3000], runtime:  6.23s, train err: 9.8972e-04 (best:  9.9176e-04/ 8.4360e-04)
>> epoch [ 732/3000], runtime:  7.03s, train err: 9.8979e-04 (best:  9.9176e-04/ 8.4360e-04)
>> epoch [ 733/3000], runtime: 6.86s, train err: 9.9071e-04, valid err: 8.4340e-04 , test err: 8.6205e-04
>> epoch [ 734/3000], runtime:  6.42s, train err: 9.9046e-04 (best:  9.9071e-04/ 8.4340e-04)
>> epoch [ 735/3000], runtime:  5.70s, train err: 9.8995e-04 (best:  9.9071e-04/ 8.4340e-04)
>> epoch [ 736/3000], runtime:  6.43s, train err: 9.8965e-04 (best:  9.9071e-04/ 8.4340e-04)
>> epoch [ 737/3000], runtime:  6.31s, train err: 9.8990e-04 (best:  9.9071e-04/ 8.4340e-04)
>> epoch [ 738/3000], runtime:  5.40s, train err: 9.8949e-04 (best:  9.9071e-04/ 8.4340e-04)
>> epoch [ 739/3000], runtime:  5.88s, train err: 9.9009e-04 (best:  9.9071e-04/ 8.4340e-04)
>> epoch [ 740/3000], runtime:  7.07s, train err: 9.8977e-04 (best:  9.9071e-04/ 8.4340e-04)
>> epoch [ 741/3000], runtime:  6.07s, train err: 9.8989e-04 (best:  9.9071e-04/ 8.4340e-04)
>> epoch [ 742/3000], runtime: 7.06s, train err: 9.8965e-04, valid err: 8.4317e-04 , test err: 8.6174e-04
>> epoch [ 743/3000], runtime:  6.03s, train err: 9.8894e-04 (best:  9.8965e-04/ 8.4317e-04)
>> epoch [ 744/3000], runtime:  6.91s, train err: 9.8955e-04 (best:  9.8965e-04/ 8.4317e-04)
>> epoch [ 745/3000], runtime:  5.20s, train err: 9.8956e-04 (best:  9.8965e-04/ 8.4317e-04)
>> epoch [ 746/3000], runtime:  5.63s, train err: 9.9003e-04 (best:  9.8965e-04/ 8.4317e-04)
>> epoch [ 747/3000], runtime:  5.83s, train err: 9.8982e-04 (best:  9.8965e-04/ 8.4317e-04)
>> epoch [ 748/3000], runtime:  5.32s, train err: 9.8923e-04 (best:  9.8965e-04/ 8.4317e-04)
>> epoch [ 749/3000], runtime:  6.52s, train err: 9.8966e-04 (best:  9.8965e-04/ 8.4317e-04)
>> epoch [ 750/3000], runtime:  5.74s, train err: 9.9011e-04 (best:  9.8965e-04/ 8.4317e-04)
>> epoch [ 751/3000], runtime:  6.25s, train err: 9.8900e-04 (best:  9.8965e-04/ 8.4317e-04)
>> epoch [ 752/3000], runtime:  6.68s, train err: 9.9108e-04 (best:  9.8965e-04/ 8.4317e-04)
>> epoch [ 753/3000], runtime:  6.76s, train err: 9.8968e-04 (best:  9.8965e-04/ 8.4317e-04)
>> epoch [ 754/3000], runtime:  6.78s, train err: 9.8965e-04 (best:  9.8965e-04/ 8.4317e-04)
>> epoch [ 755/3000], runtime:  7.19s, train err: 9.8888e-04 (best:  9.8965e-04/ 8.4317e-04)
>> epoch [ 756/3000], runtime:  7.12s, train err: 9.8886e-04 (best:  9.8965e-04/ 8.4317e-04)
>> epoch [ 757/3000], runtime:  6.44s, train err: 9.8875e-04 (best:  9.8965e-04/ 8.4317e-04)
>> epoch [ 758/3000], runtime:  5.85s, train err: 9.8893e-04 (best:  9.8965e-04/ 8.4317e-04)
>> epoch [ 759/3000], runtime:  5.89s, train err: 9.8924e-04 (best:  9.8965e-04/ 8.4317e-04)
>> epoch [ 760/3000], runtime:  6.44s, train err: 9.8990e-04 (best:  9.8965e-04/ 8.4317e-04)
>> epoch [ 761/3000], runtime:  6.90s, train err: 9.8864e-04 (best:  9.8965e-04/ 8.4317e-04)
>> epoch [ 762/3000], runtime:  6.86s, train err: 9.8916e-04 (best:  9.8965e-04/ 8.4317e-04)
>> epoch [ 763/3000], runtime:  6.57s, train err: 9.8862e-04 (best:  9.8965e-04/ 8.4317e-04)
>> epoch [ 764/3000], runtime:  6.22s, train err: 9.8887e-04 (best:  9.8965e-04/ 8.4317e-04)
>> epoch [ 765/3000], runtime:  6.62s, train err: 9.8887e-04 (best:  9.8965e-04/ 8.4317e-04)
>> epoch [ 766/3000], runtime:  5.27s, train err: 9.8869e-04 (best:  9.8965e-04/ 8.4317e-04)
>> epoch [ 767/3000], runtime:  6.56s, train err: 9.8883e-04 (best:  9.8965e-04/ 8.4317e-04)
>> epoch [ 768/3000], runtime:  6.26s, train err: 9.8960e-04 (best:  9.8965e-04/ 8.4317e-04)
>> epoch [ 769/3000], runtime: 7.20s, train err: 9.8898e-04, valid err: 8.4287e-04 , test err: 8.6181e-04
>> epoch [ 770/3000], runtime:  5.61s, train err: 9.8933e-04 (best:  9.8898e-04/ 8.4287e-04)
>> epoch [ 771/3000], runtime:  6.49s, train err: 9.8864e-04 (best:  9.8898e-04/ 8.4287e-04)
>> epoch [ 772/3000], runtime:  6.35s, train err: 9.8859e-04 (best:  9.8898e-04/ 8.4287e-04)
>> epoch [ 773/3000], runtime:  6.53s, train err: 9.8839e-04 (best:  9.8898e-04/ 8.4287e-04)
>> epoch [ 774/3000], runtime:  6.05s, train err: 9.8816e-04 (best:  9.8898e-04/ 8.4287e-04)
>> epoch [ 775/3000], runtime:  7.11s, train err: 9.8841e-04 (best:  9.8898e-04/ 8.4287e-04)
>> epoch [ 776/3000], runtime:  6.45s, train err: 9.8881e-04 (best:  9.8898e-04/ 8.4287e-04)
>> epoch [ 777/3000], runtime:  6.33s, train err: 9.8848e-04 (best:  9.8898e-04/ 8.4287e-04)
>> epoch [ 778/3000], runtime:  6.94s, train err: 9.8840e-04 (best:  9.8898e-04/ 8.4287e-04)
>> epoch [ 779/3000], runtime:  7.14s, train err: 9.8836e-04 (best:  9.8898e-04/ 8.4287e-04)
>> epoch [ 780/3000], runtime:  6.85s, train err: 9.8843e-04 (best:  9.8898e-04/ 8.4287e-04)
>> epoch [ 781/3000], runtime:  6.74s, train err: 9.8877e-04 (best:  9.8898e-04/ 8.4287e-04)
>> epoch [ 782/3000], runtime:  6.44s, train err: 9.9001e-04 (best:  9.8898e-04/ 8.4287e-04)
>> epoch [ 783/3000], runtime:  5.89s, train err: 9.8902e-04 (best:  9.8898e-04/ 8.4287e-04)
>> epoch [ 784/3000], runtime: 6.91s, train err: 9.8848e-04, valid err: 8.4275e-04 , test err: 8.6199e-04
>> epoch [ 785/3000], runtime:  6.11s, train err: 9.8862e-04 (best:  9.8848e-04/ 8.4275e-04)
>> epoch [ 786/3000], runtime:  5.56s, train err: 9.8861e-04 (best:  9.8848e-04/ 8.4275e-04)
>> epoch [ 787/3000], runtime:  5.89s, train err: 9.8830e-04 (best:  9.8848e-04/ 8.4275e-04)
>> epoch [ 788/3000], runtime:  5.96s, train err: 9.8810e-04 (best:  9.8848e-04/ 8.4275e-04)
>> epoch [ 789/3000], runtime:  5.29s, train err: 9.8837e-04 (best:  9.8848e-04/ 8.4275e-04)
>> epoch [ 790/3000], runtime:  6.93s, train err: 9.8823e-04 (best:  9.8848e-04/ 8.4275e-04)
>> epoch [ 791/3000], runtime:  6.82s, train err: 9.8796e-04 (best:  9.8848e-04/ 8.4275e-04)
>> epoch [ 792/3000], runtime:  6.82s, train err: 9.8812e-04 (best:  9.8848e-04/ 8.4275e-04)
>> epoch [ 793/3000], runtime:  6.18s, train err: 9.8850e-04 (best:  9.8848e-04/ 8.4275e-04)
>> epoch [ 794/3000], runtime:  6.63s, train err: 9.8828e-04 (best:  9.8848e-04/ 8.4275e-04)
>> epoch [ 795/3000], runtime:  5.36s, train err: 9.8917e-04 (best:  9.8848e-04/ 8.4275e-04)
>> epoch [ 796/3000], runtime:  5.57s, train err: 9.8961e-04 (best:  9.8848e-04/ 8.4275e-04)
>> epoch [ 797/3000], runtime:  5.53s, train err: 9.8881e-04 (best:  9.8848e-04/ 8.4275e-04)
>> epoch [ 798/3000], runtime:  7.16s, train err: 9.8804e-04 (best:  9.8848e-04/ 8.4275e-04)
>> epoch [ 799/3000], runtime:  6.47s, train err: 9.8830e-04 (best:  9.8848e-04/ 8.4275e-04)
>> epoch [ 800/3000], runtime:  5.72s, train err: 9.8800e-04 (best:  9.8848e-04/ 8.4275e-04)
>> epoch [ 801/3000], runtime:  5.92s, train err: 9.8819e-04 (best:  9.8848e-04/ 8.4275e-04)
>> epoch [ 802/3000], runtime:  6.55s, train err: 9.8803e-04 (best:  9.8848e-04/ 8.4275e-04)
>> epoch [ 803/3000], runtime:  6.60s, train err: 9.8803e-04 (best:  9.8848e-04/ 8.4275e-04)
>> epoch [ 804/3000], runtime:  7.08s, train err: 9.8799e-04 (best:  9.8848e-04/ 8.4275e-04)
>> epoch [ 805/3000], runtime:  6.96s, train err: 9.8848e-04 (best:  9.8848e-04/ 8.4275e-04)
>> epoch [ 806/3000], runtime: 5.92s, train err: 9.8840e-04, valid err: 8.4233e-04 , test err: 8.6096e-04
>> epoch [ 807/3000], runtime:  5.91s, train err: 9.8781e-04 (best:  9.8840e-04/ 8.4233e-04)
>> epoch [ 808/3000], runtime:  6.67s, train err: 9.8788e-04 (best:  9.8840e-04/ 8.4233e-04)
>> epoch [ 809/3000], runtime:  6.80s, train err: 9.8831e-04 (best:  9.8840e-04/ 8.4233e-04)
>> epoch [ 810/3000], runtime:  5.64s, train err: 9.8796e-04 (best:  9.8840e-04/ 8.4233e-04)
>> epoch [ 811/3000], runtime:  5.98s, train err: 9.8869e-04 (best:  9.8840e-04/ 8.4233e-04)
>> epoch [ 812/3000], runtime:  6.89s, train err: 9.8788e-04 (best:  9.8840e-04/ 8.4233e-04)
>> epoch [ 813/3000], runtime:  6.65s, train err: 9.8813e-04 (best:  9.8840e-04/ 8.4233e-04)
>> epoch [ 814/3000], runtime:  5.73s, train err: 9.8773e-04 (best:  9.8840e-04/ 8.4233e-04)
>> epoch [ 815/3000], runtime:  7.20s, train err: 9.8807e-04 (best:  9.8840e-04/ 8.4233e-04)
>> epoch [ 816/3000], runtime:  6.11s, train err: 9.8770e-04 (best:  9.8840e-04/ 8.4233e-04)
>> epoch [ 817/3000], runtime:  6.52s, train err: 9.8756e-04 (best:  9.8840e-04/ 8.4233e-04)
>> epoch [ 818/3000], runtime:  6.44s, train err: 9.8784e-04 (best:  9.8840e-04/ 8.4233e-04)
>> epoch [ 819/3000], runtime:  6.54s, train err: 9.8756e-04 (best:  9.8840e-04/ 8.4233e-04)
>> epoch [ 820/3000], runtime:  6.79s, train err: 9.8778e-04 (best:  9.8840e-04/ 8.4233e-04)
>> epoch [ 821/3000], runtime:  6.38s, train err: 9.8802e-04 (best:  9.8840e-04/ 8.4233e-04)
>> epoch [ 822/3000], runtime:  6.76s, train err: 9.8745e-04 (best:  9.8840e-04/ 8.4233e-04)
>> epoch [ 823/3000], runtime:  6.73s, train err: 9.8761e-04 (best:  9.8840e-04/ 8.4233e-04)
>> epoch [ 824/3000], runtime:  6.67s, train err: 9.8781e-04 (best:  9.8840e-04/ 8.4233e-04)
>> epoch [ 825/3000], runtime:  6.57s, train err: 9.8785e-04 (best:  9.8840e-04/ 8.4233e-04)
>> epoch [ 826/3000], runtime:  6.12s, train err: 9.8736e-04 (best:  9.8840e-04/ 8.4233e-04)
>> epoch [ 827/3000], runtime:  6.54s, train err: 9.8772e-04 (best:  9.8840e-04/ 8.4233e-04)
>> epoch [ 828/3000], runtime:  6.87s, train err: 9.8786e-04 (best:  9.8840e-04/ 8.4233e-04)
>> epoch [ 829/3000], runtime:  6.64s, train err: 9.8752e-04 (best:  9.8840e-04/ 8.4233e-04)
>> epoch [ 830/3000], runtime:  6.29s, train err: 9.8794e-04 (best:  9.8840e-04/ 8.4233e-04)
>> epoch [ 831/3000], runtime:  5.73s, train err: 9.8729e-04 (best:  9.8840e-04/ 8.4233e-04)
>> epoch [ 832/3000], runtime:  6.41s, train err: 9.8750e-04 (best:  9.8840e-04/ 8.4233e-04)
>> epoch [ 833/3000], runtime:  6.37s, train err: 9.8752e-04 (best:  9.8840e-04/ 8.4233e-04)
>> epoch [ 834/3000], runtime:  7.20s, train err: 9.8759e-04 (best:  9.8840e-04/ 8.4233e-04)
>> epoch [ 835/3000], runtime:  6.66s, train err: 9.8747e-04 (best:  9.8840e-04/ 8.4233e-04)
>> epoch [ 836/3000], runtime:  6.25s, train err: 9.8733e-04 (best:  9.8840e-04/ 8.4233e-04)
>> epoch [ 837/3000], runtime:  5.41s, train err: 9.8743e-04 (best:  9.8840e-04/ 8.4233e-04)
>> epoch [ 838/3000], runtime:  6.78s, train err: 9.8722e-04 (best:  9.8840e-04/ 8.4233e-04)
>> epoch [ 839/3000], runtime:  5.80s, train err: 9.8742e-04 (best:  9.8840e-04/ 8.4233e-04)
>> epoch [ 840/3000], runtime:  6.26s, train err: 9.8729e-04 (best:  9.8840e-04/ 8.4233e-04)
>> epoch [ 841/3000], runtime:  6.47s, train err: 9.8797e-04 (best:  9.8840e-04/ 8.4233e-04)
>> epoch [ 842/3000], runtime:  5.81s, train err: 9.8757e-04 (best:  9.8840e-04/ 8.4233e-04)
>> epoch [ 843/3000], runtime:  6.91s, train err: 9.8737e-04 (best:  9.8840e-04/ 8.4233e-04)
>> epoch [ 844/3000], runtime:  6.34s, train err: 9.8716e-04 (best:  9.8840e-04/ 8.4233e-04)
>> epoch [ 845/3000], runtime:  6.37s, train err: 9.8723e-04 (best:  9.8840e-04/ 8.4233e-04)
>> epoch [ 846/3000], runtime:  7.07s, train err: 9.8729e-04 (best:  9.8840e-04/ 8.4233e-04)
>> epoch [ 847/3000], runtime:  6.75s, train err: 9.8722e-04 (best:  9.8840e-04/ 8.4233e-04)
>> epoch [ 848/3000], runtime:  6.67s, train err: 9.8735e-04 (best:  9.8840e-04/ 8.4233e-04)
>> epoch [ 849/3000], runtime:  6.53s, train err: 9.8729e-04 (best:  9.8840e-04/ 8.4233e-04)
>> epoch [ 850/3000], runtime:  7.10s, train err: 9.8734e-04 (best:  9.8840e-04/ 8.4233e-04)
>> epoch [ 851/3000], runtime:  6.55s, train err: 9.8727e-04 (best:  9.8840e-04/ 8.4233e-04)
>> epoch [ 852/3000], runtime:  6.83s, train err: 9.8739e-04 (best:  9.8840e-04/ 8.4233e-04)
>> epoch [ 853/3000], runtime:  7.05s, train err: 9.8728e-04 (best:  9.8840e-04/ 8.4233e-04)
>> epoch [ 854/3000], runtime:  6.58s, train err: 9.8713e-04 (best:  9.8840e-04/ 8.4233e-04)
>> epoch [ 855/3000], runtime:  6.56s, train err: 9.8718e-04 (best:  9.8840e-04/ 8.4233e-04)
>> epoch [ 856/3000], runtime:  7.17s, train err: 9.8706e-04 (best:  9.8840e-04/ 8.4233e-04)
>> epoch [ 857/3000], runtime:  7.10s, train err: 9.8727e-04 (best:  9.8840e-04/ 8.4233e-04)
----------------------------------------------------------------------------------------------------
----------------------------------------------------------------------------------------------------
>> 20_4, ReLU, ntrain: 300, lr: 0.01, gamma: 0.6, w_d: 0.0
>> Best train error:  9.8840e-04
>> Best valid error:  8.4233e-04
>> Best test error:  8.6096e-04
>> Best epoch: 805
----------------------------------------------------------------------------------------------------
----------------------------------------------------------------------------------------------------
>> Training Completed!!
