PID: 93903
>> Device being used: cuda (NVIDIA GeForce RTX 4090)
Number of parameters for MGN: 833
Total number of parameters: 199235
>> Preprocessing completed, time elapsed:  0.60s
>> ntrain: 200, lr: 0.001, gamma: 0.5, w_d: 0.0
>> epoch [   1/1000], runtime: 1.30s, train loss: 12.4720, train err: 1.0000, valid err:  1.0000,test err: 1.0000, best
>> epoch [   2/1000], runtime:  1.01s, train loss: 10.3452, train err:  1.0000, valid err:  1.0000
>> epoch [   3/1000], runtime: 1.04s, train loss: 10.2910, train err: 1.0000, valid err:  1.0000,test err: 1.0000, best
>> epoch [   4/1000], runtime:  1.04s, train loss: 10.0263, train err:  1.0000, valid err:  1.0000
>> epoch [   5/1000], runtime:  1.92s, train loss: 10.0322, train err:  1.0001, valid err:  1.0001
>> epoch [   6/1000], runtime:  1.77s, train loss: 10.0122, train err:  1.0001, valid err:  1.0001
>> epoch [   7/1000], runtime:  2.32s, train loss: 10.0090, train err:  1.0001, valid err:  1.0000
>> epoch [   8/1000], runtime:  2.91s, train loss: 10.0062, train err:  1.0000, valid err:  1.0000
>> epoch [   9/1000], runtime:  2.77s, train loss: 10.0063, train err:  1.0000, valid err:  1.0000
>> epoch [  10/1000], runtime:  3.19s, train loss: 10.0090, train err:  1.0000, valid err:  1.0000
>> epoch [  11/1000], runtime:  3.05s, train loss: 10.0055, train err:  1.0000, valid err:  1.0000
>> epoch [  12/1000], runtime: 3.40s, train loss: 10.0091, train err: 1.0000, valid err:  1.0000,test err: 1.0000, best
>> epoch [  13/1000], runtime:  3.69s, train loss: 10.0089, train err:  1.0000, valid err:  1.0000
>> epoch [  14/1000], runtime: 3.74s, train loss: 10.0074, train err: 1.0000, valid err:  1.0000,test err: 1.0000, best
>> epoch [  15/1000], runtime: 3.56s, train loss: 10.0052, train err: 1.0000, valid err:  1.0000,test err: 1.0000, best
>> epoch [  16/1000], runtime:  3.25s, train err:  1.0000 (best:  1.0000/ 1.0000)
>> epoch [  17/1000], runtime:  3.38s, train err:  1.0000 (best:  1.0000/ 1.0000)
>> epoch [  18/1000], runtime:  3.28s, train err:  1.0000 (best:  1.0000/ 1.0000)
>> epoch [  19/1000], runtime:  3.47s, train err:  1.0000 (best:  1.0000/ 1.0000)
>> epoch [  20/1000], runtime:  3.16s, train err:  1.0000 (best:  1.0000/ 1.0000)
>> epoch [  21/1000], runtime:  3.55s, train err:  1.0001 (best:  1.0000/ 1.0000)
>> epoch [  22/1000], runtime:  3.18s, train err:  1.0000 (best:  1.0000/ 1.0000)
>> epoch [  23/1000], runtime:  2.98s, train err:  0.9999 (best:  1.0000/ 1.0000)
>> epoch [  24/1000], runtime:  3.40s, train err:  0.9998 (best:  1.0000/ 1.0000)
>> epoch [  25/1000], runtime: 2.99s, train loss: 10.0032, train err: 0.9997, valid err:  0.9996,test err: 0.9996, best
>> epoch [  26/1000], runtime: 2.92s, train loss: 9.9961, train err: 0.9994, valid err:  0.9989,test err: 0.9989, best
>> epoch [  27/1000], runtime: 3.46s, train loss: 9.9761, train err: 0.9982, valid err:  0.9967,test err: 0.9967, best
>> epoch [  28/1000], runtime: 3.22s, train loss: 9.8439, train err: 0.9917, valid err:  0.9717,test err: 0.9714, best
>> epoch [  29/1000], runtime: 3.33s, train loss: 5.0626, train err: 0.5758, valid err:  0.1902,test err: 0.1745, best
>> epoch [  30/1000], runtime: 3.35s, train loss: 1.5076, train err: 0.1952, valid err:  0.1571,test err: 0.1442, best
>> epoch [  31/1000], runtime:  3.30s, train loss: 1.2994, train err:  0.1714, valid err:  0.1597
>> epoch [  32/1000], runtime: 3.21s, train loss: 1.2237, train err: 0.1713, valid err:  0.1553,test err: 0.1417, best
>> epoch [  33/1000], runtime:  3.39s, train loss: 1.1611, train err:  0.1691, valid err:  0.1577
>> epoch [  34/1000], runtime:  3.06s, train loss: 1.1193, train err:  0.1748, valid err:  0.1717
>> epoch [  35/1000], runtime:  2.77s, train loss: 1.0602, train err:  0.1702, valid err:  0.1665
>> epoch [  36/1000], runtime:  2.88s, train loss: 1.0152, train err:  0.1720, valid err:  0.1635
>> epoch [  37/1000], runtime:  3.07s, train loss: 0.9754, train err:  0.1764, valid err:  0.1601
>> epoch [  38/1000], runtime:  3.59s, train loss: 0.9140, train err:  0.1714, valid err:  0.1573
>> epoch [  39/1000], runtime:  3.76s, train loss: 0.7600, train err:  0.1762, valid err:  0.1572
>> epoch [  40/1000], runtime:  3.71s, train loss: 0.7141, train err:  0.1744, valid err:  0.1611
>> epoch [  41/1000], runtime:  3.48s, train loss: 0.6459, train err:  0.1706, valid err:  0.1603
>> epoch [  42/1000], runtime:  3.46s, train loss: 0.6320, train err:  0.1705, valid err:  0.1699
>> epoch [  43/1000], runtime:  3.36s, train loss: 0.6033, train err:  0.1689, valid err:  0.1587
>> epoch [  44/1000], runtime:  3.12s, train loss: 0.5849, train err:  0.1673, valid err:  0.1571
>> epoch [  45/1000], runtime:  2.88s, train loss: 0.5680, train err:  0.1668, valid err:  0.1579
>> epoch [  46/1000], runtime:  3.04s, train loss: 0.5564, train err:  0.1672, valid err:  0.1613
>> epoch [  47/1000], runtime:  3.11s, train loss: 0.5407, train err:  0.1662, valid err:  0.1587
>> epoch [  48/1000], runtime:  3.19s, train loss: 0.5425, train err:  0.1695, valid err:  0.1642
>> epoch [  49/1000], runtime:  3.24s, train loss: 0.5445, train err:  0.1724, valid err:  0.1795
>> epoch [  50/1000], runtime: 3.37s, train loss: 0.5256, train err: 0.1651, valid err:  0.1550,test err: 0.1453, best
>> epoch [  51/1000], runtime:  2.99s, train loss: 0.5138, train err:  0.1674, valid err:  0.1798
>> epoch [  52/1000], runtime:  3.06s, train loss: 0.4931, train err:  0.1637, valid err:  0.1604
>> epoch [  53/1000], runtime:  3.21s, train loss: 0.4934, train err:  0.1654, valid err:  0.1566
>> epoch [  54/1000], runtime:  3.48s, train loss: 0.4786, train err:  0.1637, valid err:  0.1571
>> epoch [  55/1000], runtime:  3.23s, train loss: 0.4911, train err:  0.1674, valid err:  0.1650
>> epoch [  56/1000], runtime:  3.10s, train loss: 0.4921, train err:  0.1676, valid err:  0.1600
>> epoch [  57/1000], runtime:  3.03s, train loss: 0.4603, train err:  0.1618, valid err:  0.1550
>> epoch [  58/1000], runtime:  3.44s, train loss: 0.4758, train err:  0.1680, valid err:  0.1580
>> epoch [  59/1000], runtime:  2.99s, train loss: 0.4502, train err:  0.1621, valid err:  0.1606
>> epoch [  60/1000], runtime:  2.92s, train loss: 0.4548, train err:  0.1635, valid err:  0.1691
>> epoch [  61/1000], runtime: 3.24s, train loss: 0.4375, train err: 0.1595, valid err:  0.1520,test err: 0.1450, best
>> epoch [  62/1000], runtime:  3.39s, train loss: 0.4273, train err:  0.1569, valid err:  0.1535
>> epoch [  63/1000], runtime:  3.46s, train loss: 0.4111, train err:  0.1548, valid err:  0.1604
>> epoch [  64/1000], runtime: 3.39s, train loss: 0.4032, train err: 0.1526, valid err:  0.1497,test err: 0.1430, best
>> epoch [  65/1000], runtime:  3.10s, train err:  0.1606 (best:  0.1526/ 0.1497)
>> epoch [  66/1000], runtime:  2.87s, train err:  0.1605 (best:  0.1526/ 0.1497)
>> epoch [  67/1000], runtime:  3.35s, train err:  0.1616 (best:  0.1526/ 0.1497)
>> epoch [  68/1000], runtime:  2.73s, train err:  0.1558 (best:  0.1526/ 0.1497)
>> epoch [  69/1000], runtime:  3.61s, train loss: 0.3918, train err:  0.1541, valid err:  0.1600
>> epoch [  70/1000], runtime:  2.90s, train loss: 0.3971, train err:  0.1516, valid err:  0.1513
>> epoch [  71/1000], runtime:  3.11s, train loss: 0.3800, train err:  0.1504, valid err:  0.1501
>> epoch [  72/1000], runtime:  3.60s, train loss: 0.3847, train err:  0.1490, valid err:  0.1498
>> epoch [  73/1000], runtime: 3.51s, train loss: 0.3747, train err: 0.1493, valid err:  0.1495,test err: 0.1468, best
>> epoch [  74/1000], runtime: 3.40s, train loss: 0.3724, train err: 0.1483, valid err:  0.1448,test err: 0.1435, best
>> epoch [  75/1000], runtime: 3.41s, train loss: 0.3651, train err: 0.1462, valid err:  0.1420,test err: 0.1393, best
>> epoch [  76/1000], runtime: 3.33s, train loss: 0.3593, train err: 0.1445, valid err:  0.1396,test err: 0.1375, best
>> epoch [  77/1000], runtime:  3.23s, train loss: 0.3484, train err:  0.1379, valid err:  0.1400
>> epoch [  78/1000], runtime:  3.68s, train err:  0.1478 (best:  0.1445/ 0.1396)
>> epoch [  79/1000], runtime: 3.22s, train loss: 0.3488, train err: 0.1426, valid err:  0.1387,test err: 0.1376, best
>> epoch [  80/1000], runtime: 3.44s, train loss: 0.3364, train err: 0.1367, valid err:  0.1342,test err: 0.1330, best
>> epoch [  81/1000], runtime:  3.32s, train err:  0.1519 (best:  0.1367/ 0.1342)
>> epoch [  82/1000], runtime:  3.22s, train err:  0.1495 (best:  0.1367/ 0.1342)
>> epoch [  83/1000], runtime:  3.46s, train err:  0.1376 (best:  0.1367/ 0.1342)
>> epoch [  84/1000], runtime:  3.14s, train err:  0.1408 (best:  0.1367/ 0.1342)
>> epoch [  85/1000], runtime:  3.37s, train err:  0.1418 (best:  0.1367/ 0.1342)
>> epoch [  86/1000], runtime:  3.08s, train err:  0.1503 (best:  0.1367/ 0.1342)
>> epoch [  87/1000], runtime:  3.81s, train loss: 0.3340, train err:  0.1407, valid err:  0.1448
>> epoch [  88/1000], runtime:  3.61s, train loss: 0.3364, train err:  0.1399, valid err:  0.1376
>> epoch [  89/1000], runtime:  2.95s, train err:  0.1518 (best:  0.1367/ 0.1342)
>> epoch [  90/1000], runtime: 2.96s, train loss: 0.3125, train err: 0.1355, valid err:  0.1275,test err: 0.1262, best
>> epoch [  91/1000], runtime:  3.21s, train err:  0.1406 (best:  0.1355/ 0.1275)
>> epoch [  92/1000], runtime:  3.25s, train err:  0.1425 (best:  0.1355/ 0.1275)
>> epoch [  93/1000], runtime:  2.85s, train loss: 0.3103, train err:  0.1362, valid err:  0.1343
>> epoch [  94/1000], runtime:  3.38s, train loss: 0.3083, train err:  0.1336, valid err:  0.1363
>> epoch [  95/1000], runtime: 3.34s, train loss: 0.3034, train err: 0.1326, valid err:  0.1270,test err: 0.1264, best
>> epoch [  96/1000], runtime:  3.20s, train loss: 0.2907, train err:  0.1265, valid err:  0.1309
>> epoch [  97/1000], runtime:  3.38s, train loss: 0.2949, train err:  0.1304, valid err:  0.1335
>> epoch [  98/1000], runtime:  2.91s, train loss: 0.2986, train err:  0.1291, valid err:  0.1350
>> epoch [  99/1000], runtime: 3.24s, train loss: 0.3017, train err: 0.1331, valid err:  0.1249,test err: 0.1252, best
>> epoch [ 100/1000], runtime: 3.09s, train loss: 0.2922, train err: 0.1292, valid err:  0.1228,test err: 0.1226, best
>> epoch [ 101/1000], runtime:  3.39s, train loss: 0.2915, train err:  0.1268, valid err:  0.1263
>> epoch [ 102/1000], runtime:  3.47s, train loss: 0.2818, train err:  0.1242, valid err:  0.1273
>> epoch [ 103/1000], runtime:  3.05s, train loss: 0.2777, train err:  0.1243, valid err:  0.1268
>> epoch [ 104/1000], runtime:  3.37s, train loss: 0.2759, train err:  0.1248, valid err:  0.1263
>> epoch [ 105/1000], runtime: 3.29s, train loss: 0.2764, train err: 0.1218, valid err:  0.1213,test err: 0.1215, best
>> epoch [ 106/1000], runtime:  3.12s, train loss: 0.2734, train err:  0.1247, valid err:  0.1249
>> epoch [ 107/1000], runtime:  3.03s, train loss: 0.2728, train err:  0.1223, valid err:  0.1254
>> epoch [ 108/1000], runtime: 3.30s, train loss: 0.2737, train err: 0.1234, valid err:  0.1203,test err: 0.1203, best
>> epoch [ 109/1000], runtime:  2.91s, train err:  0.1243 (best:  0.1234/ 0.1203)
>> epoch [ 110/1000], runtime:  3.06s, train loss: 0.2695, train err:  0.1216, valid err:  0.1223
>> epoch [ 111/1000], runtime:  2.61s, train err:  0.1292 (best:  0.1234/ 0.1203)
>> epoch [ 112/1000], runtime:  3.29s, train err:  0.1294 (best:  0.1234/ 0.1203)
>> epoch [ 113/1000], runtime:  2.84s, train loss: 0.2679, train err:  0.1236, valid err:  0.1266
>> epoch [ 114/1000], runtime:  3.12s, train loss: 0.2685, train err:  0.1228, valid err:  0.1304
>> epoch [ 115/1000], runtime:  2.74s, train loss: 0.2712, train err:  0.1243, valid err:  0.1223
>> epoch [ 116/1000], runtime:  2.76s, train loss: 0.2718, train err:  0.1254, valid err:  0.1206
>> epoch [ 117/1000], runtime:  2.65s, train loss: 0.2624, train err:  0.1224, valid err:  0.1233
>> epoch [ 118/1000], runtime:  2.89s, train err:  0.1254 (best:  0.1234/ 0.1203)
>> epoch [ 119/1000], runtime:  3.26s, train loss: 0.2682, train err:  0.1247, valid err:  0.1411
>> epoch [ 120/1000], runtime:  2.77s, train err:  0.1315 (best:  0.1234/ 0.1203)
>> epoch [ 121/1000], runtime:  3.29s, train err:  0.1304 (best:  0.1234/ 0.1203)
>> epoch [ 122/1000], runtime:  2.85s, train loss: 0.2733, train err:  0.1286, valid err:  0.1253
>> epoch [ 123/1000], runtime:  3.26s, train loss: 0.2596, train err:  0.1204, valid err:  0.1326
>> epoch [ 124/1000], runtime:  3.35s, train loss: 0.2617, train err:  0.1230, valid err:  0.1215
>> epoch [ 125/1000], runtime:  3.23s, train loss: 0.2523, train err:  0.1203, valid err:  0.1283
>> epoch [ 126/1000], runtime:  3.06s, train loss: 0.2513, train err:  0.1205, valid err:  0.1204
>> epoch [ 127/1000], runtime:  2.76s, train loss: 0.2469, train err:  0.1191, valid err:  0.1233
>> epoch [ 128/1000], runtime:  3.42s, train loss: 0.2506, train err:  0.1223, valid err:  0.1274
>> epoch [ 129/1000], runtime: 2.66s, train loss: 0.2575, train err: 0.1196, valid err:  0.1161,test err: 0.1163, best
>> epoch [ 130/1000], runtime:  2.75s, train loss: 0.2392, train err:  0.1178, valid err:  0.1327
>> epoch [ 131/1000], runtime:  3.15s, train loss: 0.2507, train err:  0.1233, valid err:  0.1187
>> epoch [ 132/1000], runtime:  3.13s, train loss: 0.2425, train err:  0.1181, valid err:  0.1217
>> epoch [ 133/1000], runtime:  3.43s, train loss: 0.2360, train err:  0.1170, valid err:  0.1200
>> epoch [ 134/1000], runtime: 3.23s, train loss: 0.2327, train err: 0.1159, valid err:  0.1141,test err: 0.1143, best
>> epoch [ 135/1000], runtime:  3.03s, train err:  0.1196 (best:  0.1159/ 0.1141)
>> epoch [ 136/1000], runtime:  3.22s, train loss: 0.2304, train err:  0.1180, valid err:  0.1188
>> epoch [ 137/1000], runtime:  2.99s, train err:  0.1183 (best:  0.1159/ 0.1141)
>> epoch [ 138/1000], runtime:  3.59s, train loss: 0.2262, train err:  0.1156, valid err:  0.1151
>> epoch [ 139/1000], runtime:  3.57s, train err:  0.1190 (best:  0.1159/ 0.1141)
>> epoch [ 140/1000], runtime:  3.15s, train err:  0.1192 (best:  0.1159/ 0.1141)
>> epoch [ 141/1000], runtime:  3.70s, train loss: 0.2206, train err:  0.1147, valid err:  0.1153
>> epoch [ 142/1000], runtime: 3.65s, train loss: 0.2173, train err: 0.1135, valid err:  0.1125,test err: 0.1135, best
>> epoch [ 143/1000], runtime:  3.39s, train err:  0.1198 (best:  0.1135/ 0.1125)
>> epoch [ 144/1000], runtime:  3.27s, train err:  0.1197 (best:  0.1135/ 0.1125)
>> epoch [ 145/1000], runtime:  3.40s, train loss: 0.2154, train err:  0.1115, valid err:  0.1405
>> epoch [ 146/1000], runtime:  2.70s, train err:  0.1206 (best:  0.1135/ 0.1125)
>> epoch [ 147/1000], runtime:  3.36s, train loss: 0.2113, train err:  0.1122, valid err:  0.1131
>> epoch [ 148/1000], runtime:  3.69s, train loss: 0.2131, train err:  0.1107, valid err:  0.1139
>> epoch [ 149/1000], runtime:  2.87s, train loss: 0.2169, train err:  0.1148, valid err:  0.1256
>> epoch [ 150/1000], runtime:  2.92s, train loss: 0.2166, train err:  0.1117, valid err:  0.1210
>> epoch [ 151/1000], runtime:  2.86s, train loss: 0.2129, train err:  0.1150, valid err:  0.1138
>> epoch [ 152/1000], runtime: 2.75s, train loss: 0.2103, train err: 0.1119, valid err:  0.1067,test err: 0.1081, best
>> epoch [ 153/1000], runtime:  3.38s, train loss: 0.2031, train err:  0.1071, valid err:  0.1191
>> epoch [ 154/1000], runtime:  3.57s, train loss: 0.2046, train err:  0.1112, valid err:  0.1072
>> epoch [ 155/1000], runtime:  3.38s, train loss: 0.2102, train err:  0.1125, valid err:  0.1092
>> epoch [ 156/1000], runtime:  3.21s, train loss: 0.2024, train err:  0.1074, valid err:  0.1080
>> epoch [ 157/1000], runtime:  2.92s, train loss: 0.2082, train err:  0.1102, valid err:  0.1250
>> epoch [ 158/1000], runtime:  2.82s, train loss: 0.1974, train err:  0.1095, valid err:  0.1079
>> epoch [ 159/1000], runtime:  3.20s, train loss: 0.1952, train err:  0.1057, valid err:  0.1082
>> epoch [ 160/1000], runtime:  3.19s, train loss: 0.1928, train err:  0.1052, valid err:  0.1078
>> epoch [ 161/1000], runtime:  3.44s, train loss: 0.1942, train err:  0.1079, valid err:  0.1116
>> epoch [ 162/1000], runtime:  3.68s, train loss: 0.1965, train err:  0.1050, valid err:  0.1067
>> epoch [ 163/1000], runtime:  3.41s, train loss: 0.1895, train err:  0.1037, valid err:  0.1230
>> epoch [ 164/1000], runtime:  3.38s, train loss: 0.2032, train err:  0.1113, valid err:  0.1202
>> epoch [ 165/1000], runtime: 3.28s, train loss: 0.1934, train err: 0.1054, valid err:  0.1057,test err: 0.1082, best
>> epoch [ 166/1000], runtime: 3.09s, train loss: 0.1832, train err: 0.1016, valid err:  0.1054,test err: 0.1088, best
>> epoch [ 167/1000], runtime:  3.29s, train err:  0.1081 (best:  0.1016/ 0.1054)
>> epoch [ 168/1000], runtime:  3.27s, train err:  0.1068 (best:  0.1016/ 0.1054)
>> epoch [ 169/1000], runtime:  3.08s, train err:  0.1048 (best:  0.1016/ 0.1054)
>> epoch [ 170/1000], runtime:  3.59s, train err:  0.1045 (best:  0.1016/ 0.1054)
>> epoch [ 171/1000], runtime: 2.64s, train loss: 0.1820, train err: 0.1020, valid err:  0.1051,test err: 0.1091, best
>> epoch [ 172/1000], runtime:  3.08s, train err:  0.1043 (best:  0.1020/ 0.1051)
>> epoch [ 173/1000], runtime:  3.67s, train err:  0.1049 (best:  0.1020/ 0.1051)
>> epoch [ 174/1000], runtime:  2.82s, train err:  0.1036 (best:  0.1020/ 0.1051)
>> epoch [ 175/1000], runtime:  3.65s, train err:  0.1051 (best:  0.1020/ 0.1051)
>> epoch [ 176/1000], runtime:  2.53s, train loss: 0.1813, train err:  0.1032, valid err:  0.1056
>> epoch [ 177/1000], runtime: 2.92s, train loss: 0.1775, train err: 0.1006, valid err:  0.0998,test err: 0.1030, best
>> epoch [ 178/1000], runtime:  3.13s, train err:  0.1026 (best:  0.1006/ 0.0998)
>> epoch [ 179/1000], runtime:  3.22s, train loss: 0.1758, train err:  0.1010, valid err:  0.1014
>> epoch [ 180/1000], runtime:  3.35s, train loss: 0.1732, train err:  0.1010, valid err:  0.1048
>> epoch [ 181/1000], runtime:  3.08s, train err:  0.1069 (best:  0.1006/ 0.0998)
>> epoch [ 182/1000], runtime:  3.22s, train err:  0.1067 (best:  0.1006/ 0.0998)
>> epoch [ 183/1000], runtime: 3.37s, train loss: 0.1762, train err: 0.1007, valid err:  0.0976,test err: 0.1005, best
>> epoch [ 184/1000], runtime:  3.43s, train loss: 0.1678, train err:  0.0980, valid err:  0.1007
>> epoch [ 185/1000], runtime:  3.39s, train loss: 0.1700, train err:  0.1000, valid err:  0.1008
>> epoch [ 186/1000], runtime:  3.13s, train loss: 0.1691, train err:  0.1000, valid err:  0.1020
>> epoch [ 187/1000], runtime:  3.61s, train loss: 0.1691, train err:  0.0976, valid err:  0.1056
>> epoch [ 188/1000], runtime:  3.59s, train loss: 0.1659, train err:  0.0981, valid err:  0.1032
>> epoch [ 189/1000], runtime:  3.37s, train loss: 0.1690, train err:  0.0986, valid err:  0.1045
>> epoch [ 190/1000], runtime:  3.36s, train err:  0.1059 (best:  0.1007/ 0.0976)
>> epoch [ 191/1000], runtime:  3.20s, train loss: 0.1725, train err:  0.1015, valid err:  0.1104
>> epoch [ 192/1000], runtime:  2.90s, train loss: 0.1600, train err:  0.0973, valid err:  0.0991
>> epoch [ 193/1000], runtime:  3.16s, train loss: 0.1628, train err:  0.0975, valid err:  0.0992
>> epoch [ 194/1000], runtime:  3.70s, train loss: 0.1642, train err:  0.0988, valid err:  0.0993
>> epoch [ 195/1000], runtime:  3.30s, train loss: 0.1634, train err:  0.0984, valid err:  0.0996
>> epoch [ 196/1000], runtime:  3.32s, train loss: 0.1607, train err:  0.0977, valid err:  0.0978
>> epoch [ 197/1000], runtime:  2.77s, train loss: 0.1748, train err:  0.1032, valid err:  0.0994
>> epoch [ 198/1000], runtime:  2.75s, train err:  0.1071 (best:  0.1007/ 0.0976)
>> epoch [ 199/1000], runtime: 3.47s, train loss: 0.1671, train err: 0.1004, valid err:  0.0957,test err: 0.0989, best
>> epoch [ 200/1000], runtime:  3.24s, train loss: 0.1592, train err:  0.0978, valid err:  0.0990
>> epoch [ 201/1000], runtime:  3.42s, train loss: 0.1585, train err:  0.0965, valid err:  0.0998
>> epoch [ 202/1000], runtime:  3.25s, train loss: 0.1556, train err:  0.0959, valid err:  0.1012
>> epoch [ 203/1000], runtime:  3.41s, train loss: 0.1567, train err:  0.0960, valid err:  0.0983
>> epoch [ 204/1000], runtime:  2.85s, train loss: 0.1571, train err:  0.0956, valid err:  0.0960
>> epoch [ 205/1000], runtime:  2.71s, train loss: 0.1520, train err:  0.0940, valid err:  0.0971
>> epoch [ 206/1000], runtime:  3.21s, train loss: 0.1523, train err:  0.0939, valid err:  0.1003
>> epoch [ 207/1000], runtime:  3.39s, train loss: 0.1599, train err:  0.0978, valid err:  0.0990
>> epoch [ 208/1000], runtime: 3.81s, train loss: 0.1518, train err: 0.0949, valid err:  0.0953,test err: 0.0993, best
>> epoch [ 209/1000], runtime: 3.34s, train loss: 0.1498, train err: 0.0933, valid err:  0.0948,test err: 0.0986, best
>> epoch [ 210/1000], runtime:  3.19s, train err:  0.0937 (best:  0.0933/ 0.0948)
>> epoch [ 211/1000], runtime:  2.94s, train err:  0.0940 (best:  0.0933/ 0.0948)
>> epoch [ 212/1000], runtime:  3.00s, train loss: 0.1497, train err:  0.0929, valid err:  0.0951
>> epoch [ 213/1000], runtime:  3.14s, train err:  0.0933 (best:  0.0933/ 0.0948)
>> epoch [ 214/1000], runtime:  3.11s, train err:  0.0931 (best:  0.0933/ 0.0948)
>> epoch [ 215/1000], runtime:  3.40s, train err:  0.0938 (best:  0.0933/ 0.0948)
>> epoch [ 216/1000], runtime:  2.95s, train err:  0.0964 (best:  0.0933/ 0.0948)
>> epoch [ 217/1000], runtime: 3.62s, train loss: 0.1481, train err: 0.0936, valid err:  0.0945,test err: 0.0985, best
>> epoch [ 218/1000], runtime:  2.75s, train err:  0.0936 (best:  0.0936/ 0.0945)
>> epoch [ 219/1000], runtime:  3.12s, train err:  0.0949 (best:  0.0936/ 0.0945)
>> epoch [ 220/1000], runtime: 3.15s, train loss: 0.1469, train err: 0.0926, valid err:  0.0937,test err: 0.0976, best
>> epoch [ 221/1000], runtime:  3.42s, train err:  0.0933 (best:  0.0926/ 0.0937)
>> epoch [ 222/1000], runtime:  2.97s, train err:  0.0958 (best:  0.0926/ 0.0937)
>> epoch [ 223/1000], runtime: 3.20s, train loss: 0.1463, train err: 0.0928, valid err:  0.0934,test err: 0.0975, best
>> epoch [ 224/1000], runtime:  3.49s, train err:  0.0935 (best:  0.0928/ 0.0934)
>> epoch [ 225/1000], runtime:  3.23s, train err:  0.0931 (best:  0.0928/ 0.0934)
>> epoch [ 226/1000], runtime:  3.51s, train err:  0.0929 (best:  0.0928/ 0.0934)
>> epoch [ 227/1000], runtime:  3.29s, train err:  0.0926 (best:  0.0928/ 0.0934)
>> epoch [ 228/1000], runtime:  3.62s, train err:  0.0949 (best:  0.0928/ 0.0934)
>> epoch [ 229/1000], runtime:  2.70s, train err:  0.0926 (best:  0.0928/ 0.0934)
>> epoch [ 230/1000], runtime:  3.63s, train loss: 0.1458, train err:  0.0924, valid err:  0.0942
>> epoch [ 231/1000], runtime:  3.13s, train loss: 0.1461, train err:  0.0928, valid err:  0.1021
>> epoch [ 232/1000], runtime:  3.39s, train err:  0.0968 (best:  0.0928/ 0.0934)
>> epoch [ 233/1000], runtime: 3.26s, train loss: 0.1438, train err: 0.0915, valid err:  0.0930,test err: 0.0971, best
>> epoch [ 234/1000], runtime:  3.35s, train err:  0.0940 (best:  0.0915/ 0.0930)
>> epoch [ 235/1000], runtime:  2.98s, train err:  0.0919 (best:  0.0915/ 0.0930)
>> epoch [ 236/1000], runtime:  3.57s, train err:  0.0931 (best:  0.0915/ 0.0930)
>> epoch [ 237/1000], runtime:  3.47s, train loss: 0.1422, train err:  0.0914, valid err:  0.0931
>> epoch [ 238/1000], runtime:  3.27s, train err:  0.0934 (best:  0.0915/ 0.0930)
>> epoch [ 239/1000], runtime:  3.74s, train err:  0.0918 (best:  0.0915/ 0.0930)
>> epoch [ 240/1000], runtime:  3.39s, train loss: 0.1425, train err:  0.0914, valid err:  0.0932
>> epoch [ 241/1000], runtime: 3.27s, train loss: 0.1413, train err: 0.0902, valid err:  0.0927,test err: 0.0972, best
>> epoch [ 242/1000], runtime:  3.44s, train err:  0.0927 (best:  0.0902/ 0.0927)
>> epoch [ 243/1000], runtime:  3.77s, train err:  0.0917 (best:  0.0902/ 0.0927)
>> epoch [ 244/1000], runtime:  3.35s, train loss: 0.1400, train err:  0.0912, valid err:  0.0935
>> epoch [ 245/1000], runtime:  3.54s, train loss: 0.1411, train err:  0.0903, valid err:  0.0974
>> epoch [ 246/1000], runtime:  3.04s, train err:  0.0927 (best:  0.0902/ 0.0927)
>> epoch [ 247/1000], runtime:  3.07s, train loss: 0.1407, train err:  0.0922, valid err:  0.0931
>> epoch [ 248/1000], runtime:  3.67s, train err:  0.0909 (best:  0.0902/ 0.0927)
>> epoch [ 249/1000], runtime:  3.59s, train loss: 0.1411, train err:  0.0903, valid err:  0.0949
>> epoch [ 250/1000], runtime:  3.40s, train err:  0.0991 (best:  0.0902/ 0.0927)
>> epoch [ 251/1000], runtime:  3.04s, train err:  0.0949 (best:  0.0902/ 0.0927)
>> epoch [ 252/1000], runtime:  3.01s, train err:  0.0933 (best:  0.0902/ 0.0927)
>> epoch [ 253/1000], runtime:  3.08s, train loss: 0.1400, train err:  0.0919, valid err:  0.0952
>> epoch [ 254/1000], runtime:  3.00s, train loss: 0.1397, train err:  0.0914, valid err:  0.0979
>> epoch [ 255/1000], runtime:  3.09s, train err:  0.0937 (best:  0.0902/ 0.0927)
>> epoch [ 256/1000], runtime:  3.13s, train loss: 0.1388, train err:  0.0923, valid err:  0.0948
>> epoch [ 257/1000], runtime: 2.49s, train loss: 0.1402, train err: 0.0900, valid err:  0.0919,test err: 0.0959, best
>> epoch [ 258/1000], runtime:  3.51s, train err:  0.0973 (best:  0.0900/ 0.0919)
>> epoch [ 259/1000], runtime:  3.54s, train err:  0.0929 (best:  0.0900/ 0.0919)
>> epoch [ 260/1000], runtime:  3.74s, train err:  0.0906 (best:  0.0900/ 0.0919)
>> epoch [ 261/1000], runtime:  3.34s, train err:  0.0914 (best:  0.0900/ 0.0919)
>> epoch [ 262/1000], runtime:  3.13s, train loss: 0.1373, train err:  0.0910, valid err:  0.0940
>> epoch [ 263/1000], runtime:  3.23s, train loss: 0.1362, train err:  0.0905, valid err:  0.0925
>> epoch [ 264/1000], runtime:  3.51s, train loss: 0.1388, train err:  0.0905, valid err:  0.0940
>> epoch [ 265/1000], runtime:  3.55s, train loss: 0.1381, train err:  0.0913, valid err:  0.1004
>> epoch [ 266/1000], runtime: 3.41s, train loss: 0.1391, train err: 0.0912, valid err:  0.0912,test err: 0.0957, best
>> epoch [ 267/1000], runtime:  3.68s, train loss: 0.1334, train err:  0.0895, valid err:  0.0958
>> epoch [ 268/1000], runtime: 3.40s, train loss: 0.1384, train err: 0.0913, valid err:  0.0905,test err: 0.0943, best
>> epoch [ 269/1000], runtime:  3.19s, train loss: 0.1336, train err:  0.0895, valid err:  0.0921
>> epoch [ 270/1000], runtime: 3.14s, train loss: 0.1361, train err: 0.0903, valid err:  0.0900,test err: 0.0941, best
>> epoch [ 271/1000], runtime:  3.38s, train loss: 0.1321, train err:  0.0890, valid err:  0.0913
>> epoch [ 272/1000], runtime:  3.42s, train loss: 0.1346, train err:  0.0893, valid err:  0.0956
>> epoch [ 273/1000], runtime:  3.40s, train err:  0.0929 (best:  0.0903/ 0.0900)
>> epoch [ 274/1000], runtime:  3.17s, train err:  0.0976 (best:  0.0903/ 0.0900)
>> epoch [ 275/1000], runtime:  3.67s, train err:  0.0935 (best:  0.0903/ 0.0900)
>> epoch [ 276/1000], runtime:  3.43s, train err:  0.0910 (best:  0.0903/ 0.0900)
>> epoch [ 277/1000], runtime:  3.54s, train loss: 0.1329, train err:  0.0903, valid err:  0.0900
>> epoch [ 278/1000], runtime:  3.20s, train loss: 0.1303, train err:  0.0879, valid err:  0.0912
>> epoch [ 279/1000], runtime:  3.03s, train loss: 0.1344, train err:  0.0906, valid err:  0.0911
>> epoch [ 280/1000], runtime: 3.48s, train loss: 0.1329, train err: 0.0903, valid err:  0.0897,test err: 0.0941, best
>> epoch [ 281/1000], runtime:  3.32s, train loss: 0.1323, train err:  0.0889, valid err:  0.0902
>> epoch [ 282/1000], runtime:  3.36s, train loss: 0.1291, train err:  0.0877, valid err:  0.0899
>> epoch [ 283/1000], runtime: 3.65s, train loss: 0.1318, train err: 0.0877, valid err:  0.0895,test err: 0.0941, best
>> epoch [ 284/1000], runtime:  3.77s, train loss: 0.1307, train err:  0.0881, valid err:  0.0922
>> epoch [ 285/1000], runtime:  3.47s, train loss: 0.1304, train err:  0.0878, valid err:  0.0911
>> epoch [ 286/1000], runtime:  3.51s, train loss: 0.1315, train err:  0.0885, valid err:  0.0898
>> epoch [ 287/1000], runtime:  3.69s, train loss: 0.1284, train err:  0.0882, valid err:  0.0931
>> epoch [ 288/1000], runtime:  3.84s, train loss: 0.1288, train err:  0.0878, valid err:  0.0898
>> epoch [ 289/1000], runtime:  3.80s, train loss: 0.1308, train err:  0.0898, valid err:  0.0943
>> epoch [ 290/1000], runtime:  3.16s, train loss: 0.1295, train err:  0.0884, valid err:  0.0914
>> epoch [ 291/1000], runtime:  3.33s, train loss: 0.1300, train err:  0.0885, valid err:  0.0917
>> epoch [ 292/1000], runtime: 3.10s, train loss: 0.1301, train err: 0.0890, valid err:  0.0887,test err: 0.0932, best
>> epoch [ 293/1000], runtime:  2.73s, train loss: 0.1272, train err:  0.0881, valid err:  0.0893
>> epoch [ 294/1000], runtime:  2.79s, train err:  0.0891 (best:  0.0890/ 0.0887)
>> epoch [ 295/1000], runtime:  3.09s, train loss: 0.1293, train err:  0.0873, valid err:  0.0915
>> epoch [ 296/1000], runtime:  3.38s, train err:  0.0889 (best:  0.0890/ 0.0887)
>> epoch [ 297/1000], runtime:  3.21s, train loss: 0.1268, train err:  0.0887, valid err:  0.0890
>> epoch [ 298/1000], runtime: 3.18s, train loss: 0.1268, train err: 0.0866, valid err:  0.0879,test err: 0.0925, best
>> epoch [ 299/1000], runtime:  2.77s, train loss: 0.1263, train err:  0.0865, valid err:  0.0965
>> epoch [ 300/1000], runtime:  2.96s, train err:  0.0882 (best:  0.0866/ 0.0879)
>> epoch [ 301/1000], runtime:  3.50s, train err:  0.0898 (best:  0.0866/ 0.0879)
>> epoch [ 302/1000], runtime:  3.12s, train err:  0.0891 (best:  0.0866/ 0.0879)
>> epoch [ 303/1000], runtime:  3.69s, train err:  0.0885 (best:  0.0866/ 0.0879)
>> epoch [ 304/1000], runtime:  3.01s, train err:  0.0871 (best:  0.0866/ 0.0879)
>> epoch [ 305/1000], runtime:  3.54s, train loss: 0.1261, train err:  0.0869, valid err:  0.0897
>> epoch [ 306/1000], runtime:  3.35s, train err:  0.0890 (best:  0.0866/ 0.0879)
>> epoch [ 307/1000], runtime:  3.07s, train loss: 0.1259, train err:  0.0875, valid err:  0.0899
>> epoch [ 308/1000], runtime:  2.77s, train loss: 0.1241, train err:  0.0867, valid err:  0.0889
>> epoch [ 309/1000], runtime:  3.18s, train loss: 0.1224, train err:  0.0854, valid err:  0.0888
>> epoch [ 310/1000], runtime:  2.85s, train loss: 0.1252, train err:  0.0867, valid err:  0.0916
>> epoch [ 311/1000], runtime:  3.24s, train loss: 0.1251, train err:  0.0882, valid err:  0.0885
>> epoch [ 312/1000], runtime:  3.73s, train loss: 0.1263, train err:  0.0869, valid err:  0.0941
>> epoch [ 313/1000], runtime:  3.23s, train err:  0.0910 (best:  0.0866/ 0.0879)
>> epoch [ 314/1000], runtime:  3.45s, train loss: 0.1237, train err:  0.0867, valid err:  0.0903
>> epoch [ 315/1000], runtime:  3.32s, train loss: 0.1245, train err:  0.0878, valid err:  0.0879
>> epoch [ 316/1000], runtime:  2.89s, train err:  0.0872 (best:  0.0866/ 0.0879)
>> epoch [ 317/1000], runtime:  3.34s, train loss: 0.1222, train err:  0.0867, valid err:  0.0912
>> epoch [ 318/1000], runtime:  3.37s, train loss: 0.1214, train err:  0.0864, valid err:  0.0906
>> epoch [ 319/1000], runtime: 3.31s, train loss: 0.1223, train err: 0.0850, valid err:  0.0875,test err: 0.0923, best
>> epoch [ 320/1000], runtime:  3.20s, train err:  0.0858 (best:  0.0850/ 0.0875)
>> epoch [ 321/1000], runtime:  2.97s, train loss: 0.1204, train err:  0.0861, valid err:  0.0908
>> epoch [ 322/1000], runtime:  2.65s, train loss: 0.1211, train err:  0.0861, valid err:  0.0880
>> epoch [ 323/1000], runtime: 3.82s, train loss: 0.1197, train err: 0.0862, valid err:  0.0871,test err: 0.0913, best
>> epoch [ 324/1000], runtime:  3.35s, train err:  0.0872 (best:  0.0862/ 0.0871)
>> epoch [ 325/1000], runtime:  3.45s, train err:  0.0860 (best:  0.0862/ 0.0871)
>> epoch [ 326/1000], runtime:  2.86s, train err:  0.0858 (best:  0.0862/ 0.0871)
>> epoch [ 327/1000], runtime:  3.36s, train err:  0.0878 (best:  0.0862/ 0.0871)
>> epoch [ 328/1000], runtime:  3.98s, train err:  0.0904 (best:  0.0862/ 0.0871)
>> epoch [ 329/1000], runtime: 3.21s, train loss: 0.1191, train err: 0.0853, valid err:  0.0867,test err: 0.0910, best
>> epoch [ 330/1000], runtime:  3.52s, train loss: 0.1187, train err:  0.0851, valid err:  0.0890
>> epoch [ 331/1000], runtime:  3.29s, train err:  0.0857 (best:  0.0853/ 0.0867)
>> epoch [ 332/1000], runtime:  3.43s, train err:  0.0869 (best:  0.0853/ 0.0867)
>> epoch [ 333/1000], runtime:  3.25s, train loss: 0.1179, train err:  0.0854, valid err:  0.0873
>> epoch [ 334/1000], runtime:  3.34s, train err:  0.0859 (best:  0.0853/ 0.0867)
>> epoch [ 335/1000], runtime:  3.31s, train loss: 0.1178, train err:  0.0850, valid err:  0.0870
>> epoch [ 336/1000], runtime:  3.52s, train err:  0.0854 (best:  0.0853/ 0.0867)
>> epoch [ 337/1000], runtime: 3.35s, train loss: 0.1190, train err: 0.0859, valid err:  0.0866,test err: 0.0912, best
>> epoch [ 338/1000], runtime:  3.51s, train loss: 0.1187, train err:  0.0846, valid err:  0.0868
>> epoch [ 339/1000], runtime:  3.34s, train err:  0.0853 (best:  0.0859/ 0.0866)
>> epoch [ 340/1000], runtime: 3.54s, train loss: 0.1186, train err: 0.0859, valid err:  0.0865,test err: 0.0909, best
>> epoch [ 341/1000], runtime:  3.41s, train err:  0.0875 (best:  0.0859/ 0.0865)
>> epoch [ 342/1000], runtime:  2.80s, train err:  0.0890 (best:  0.0859/ 0.0865)
>> epoch [ 343/1000], runtime:  3.41s, train loss: 0.1174, train err:  0.0850, valid err:  0.0873
>> epoch [ 344/1000], runtime:  3.46s, train loss: 0.1157, train err:  0.0851, valid err:  0.0889
>> epoch [ 345/1000], runtime: 2.95s, train loss: 0.1175, train err: 0.0857, valid err:  0.0861,test err: 0.0901, best
>> epoch [ 346/1000], runtime:  3.17s, train loss: 0.1162, train err:  0.0847, valid err:  0.0871
>> epoch [ 347/1000], runtime:  3.55s, train err:  0.0849 (best:  0.0857/ 0.0861)
>> epoch [ 348/1000], runtime:  3.60s, train loss: 0.1154, train err:  0.0853, valid err:  0.0873
>> epoch [ 349/1000], runtime:  3.36s, train loss: 0.1145, train err:  0.0846, valid err:  0.0883
>> epoch [ 350/1000], runtime: 3.23s, train loss: 0.1158, train err: 0.0846, valid err:  0.0860,test err: 0.0902, best
>> epoch [ 351/1000], runtime:  3.07s, train loss: 0.1155, train err:  0.0848, valid err:  0.0864
>> epoch [ 352/1000], runtime:  2.81s, train loss: 0.1145, train err:  0.0843, valid err:  0.0864
>> epoch [ 353/1000], runtime:  3.53s, train loss: 0.1148, train err:  0.0858, valid err:  0.0904
>> epoch [ 354/1000], runtime: 3.45s, train loss: 0.1147, train err: 0.0843, valid err:  0.0858,test err: 0.0899, best
>> epoch [ 355/1000], runtime:  3.44s, train err:  0.0844 (best:  0.0843/ 0.0858)
>> epoch [ 356/1000], runtime:  2.69s, train loss: 0.1136, train err:  0.0838, valid err:  0.0860
>> epoch [ 357/1000], runtime: 2.77s, train loss: 0.1123, train err: 0.0836, valid err:  0.0854,test err: 0.0898, best
>> epoch [ 358/1000], runtime:  3.31s, train err:  0.0846 (best:  0.0836/ 0.0854)
>> epoch [ 359/1000], runtime:  3.44s, train err:  0.0840 (best:  0.0836/ 0.0854)
>> epoch [ 360/1000], runtime:  3.16s, train err:  0.0847 (best:  0.0836/ 0.0854)
>> epoch [ 361/1000], runtime:  3.24s, train err:  0.0867 (best:  0.0836/ 0.0854)
>> epoch [ 362/1000], runtime:  3.50s, train err:  0.0869 (best:  0.0836/ 0.0854)
>> epoch [ 363/1000], runtime:  3.91s, train loss: 0.1116, train err:  0.0836, valid err:  0.0869
>> epoch [ 364/1000], runtime:  3.38s, train err:  0.0851 (best:  0.0836/ 0.0854)
>> epoch [ 365/1000], runtime:  3.65s, train err:  0.0862 (best:  0.0836/ 0.0854)
>> epoch [ 366/1000], runtime:  3.32s, train err:  0.0841 (best:  0.0836/ 0.0854)
>> epoch [ 367/1000], runtime:  3.40s, train err:  0.0875 (best:  0.0836/ 0.0854)
>> epoch [ 368/1000], runtime:  3.30s, train err:  0.0906 (best:  0.0836/ 0.0854)
>> epoch [ 369/1000], runtime:  3.47s, train err:  0.0874 (best:  0.0836/ 0.0854)
>> epoch [ 370/1000], runtime:  3.22s, train err:  0.0845 (best:  0.0836/ 0.0854)
>> epoch [ 371/1000], runtime:  3.39s, train loss: 0.1118, train err:  0.0840, valid err:  0.0876
>> epoch [ 372/1000], runtime:  3.56s, train loss: 0.1101, train err:  0.0829, valid err:  0.0874
>> epoch [ 373/1000], runtime:  3.12s, train loss: 0.1110, train err:  0.0834, valid err:  0.0858
>> epoch [ 374/1000], runtime:  3.50s, train loss: 0.1097, train err:  0.0837, valid err:  0.0893
>> epoch [ 375/1000], runtime:  3.42s, train err:  0.0858 (best:  0.0836/ 0.0854)
>> epoch [ 376/1000], runtime:  3.58s, train err:  0.0846 (best:  0.0836/ 0.0854)
>> epoch [ 377/1000], runtime:  3.17s, train err:  0.0855 (best:  0.0836/ 0.0854)
>> epoch [ 378/1000], runtime: 3.41s, train loss: 0.1109, train err: 0.0825, valid err:  0.0849,test err: 0.0894, best
>> epoch [ 379/1000], runtime:  3.33s, train err:  0.0840 (best:  0.0825/ 0.0849)
>> epoch [ 380/1000], runtime: 3.18s, train loss: 0.1102, train err: 0.0824, valid err:  0.0843,test err: 0.0887, best
>> epoch [ 381/1000], runtime:  3.45s, train loss: 0.1097, train err:  0.0829, valid err:  0.0847
>> epoch [ 382/1000], runtime:  3.55s, train err:  0.0839 (best:  0.0824/ 0.0843)
>> epoch [ 383/1000], runtime:  3.10s, train err:  0.0853 (best:  0.0824/ 0.0843)
>> epoch [ 384/1000], runtime:  3.08s, train err:  0.0855 (best:  0.0824/ 0.0843)
>> epoch [ 385/1000], runtime:  3.05s, train err:  0.0847 (best:  0.0824/ 0.0843)
>> epoch [ 386/1000], runtime:  3.01s, train err:  0.0876 (best:  0.0824/ 0.0843)
>> epoch [ 387/1000], runtime:  3.26s, train loss: 0.1083, train err:  0.0819, valid err:  0.0852
>> epoch [ 388/1000], runtime:  3.28s, train loss: 0.1086, train err:  0.0827, valid err:  0.0881
>> epoch [ 389/1000], runtime:  3.20s, train loss: 0.1092, train err:  0.0832, valid err:  0.0873
>> epoch [ 390/1000], runtime:  3.26s, train err:  0.0842 (best:  0.0824/ 0.0843)
>> epoch [ 391/1000], runtime:  3.46s, train err:  0.0852 (best:  0.0824/ 0.0843)
>> epoch [ 392/1000], runtime:  3.36s, train loss: 0.1101, train err:  0.0832, valid err:  0.0853
>> epoch [ 393/1000], runtime:  3.30s, train err:  0.0852 (best:  0.0824/ 0.0843)
>> epoch [ 394/1000], runtime:  3.03s, train loss: 0.1095, train err:  0.0837, valid err:  0.0855
>> epoch [ 395/1000], runtime:  2.97s, train loss: 0.1070, train err:  0.0830, valid err:  0.0869
>> epoch [ 396/1000], runtime:  3.15s, train loss: 0.1088, train err:  0.0826, valid err:  0.0857
>> epoch [ 397/1000], runtime:  3.21s, train err:  0.0862 (best:  0.0824/ 0.0843)
>> epoch [ 398/1000], runtime:  3.30s, train err:  0.0847 (best:  0.0824/ 0.0843)
>> epoch [ 399/1000], runtime:  3.16s, train err:  0.0836 (best:  0.0824/ 0.0843)
>> epoch [ 400/1000], runtime:  3.08s, train loss: 0.1071, train err:  0.0835, valid err:  0.0854
>> epoch [ 401/1000], runtime:  2.94s, train loss: 0.1093, train err:  0.0831, valid err:  0.0851
>> epoch [ 402/1000], runtime: 3.12s, train loss: 0.1075, train err: 0.0826, valid err:  0.0839,test err: 0.0881, best
>> epoch [ 403/1000], runtime:  3.48s, train err:  0.0824 (best:  0.0826/ 0.0839)
>> epoch [ 404/1000], runtime:  3.22s, train err:  0.0827 (best:  0.0826/ 0.0839)
>> epoch [ 405/1000], runtime:  2.91s, train loss: 0.1058, train err:  0.0824, valid err:  0.0839
>> epoch [ 406/1000], runtime:  2.96s, train err:  0.0832 (best:  0.0826/ 0.0839)
>> epoch [ 407/1000], runtime:  3.28s, train loss: 0.1066, train err:  0.0821, valid err:  0.0841
>> epoch [ 408/1000], runtime:  3.62s, train err:  0.0821 (best:  0.0826/ 0.0839)
>> epoch [ 409/1000], runtime:  2.93s, train err:  0.0818 (best:  0.0826/ 0.0839)
>> epoch [ 410/1000], runtime:  3.49s, train loss: 0.1055, train err:  0.0827, valid err:  0.0872
>> epoch [ 411/1000], runtime:  3.27s, train err:  0.0831 (best:  0.0826/ 0.0839)
>> epoch [ 412/1000], runtime:  3.54s, train loss: 0.1057, train err:  0.0826, valid err:  0.0849
>> epoch [ 413/1000], runtime:  3.56s, train err:  0.0824 (best:  0.0826/ 0.0839)
>> epoch [ 414/1000], runtime:  3.21s, train loss: 0.1050, train err:  0.0813, valid err:  0.0840
>> epoch [ 415/1000], runtime:  3.22s, train loss: 0.1067, train err:  0.0830, valid err:  0.0843
>> epoch [ 416/1000], runtime:  2.99s, train err:  0.0838 (best:  0.0826/ 0.0839)
>> epoch [ 417/1000], runtime:  3.23s, train loss: 0.1047, train err:  0.0817, valid err:  0.0843
>> epoch [ 418/1000], runtime:  2.67s, train err:  0.0818 (best:  0.0826/ 0.0839)
>> epoch [ 419/1000], runtime: 3.34s, train loss: 0.1060, train err: 0.0816, valid err:  0.0839,test err: 0.0886, best
>> epoch [ 420/1000], runtime:  3.33s, train err:  0.0820 (best:  0.0816/ 0.0839)
>> epoch [ 421/1000], runtime:  2.74s, train loss: 0.1059, train err:  0.0831, valid err:  0.0843
>> epoch [ 422/1000], runtime:  2.86s, train err:  0.0818 (best:  0.0816/ 0.0839)
>> epoch [ 423/1000], runtime:  3.07s, train err:  0.0817 (best:  0.0816/ 0.0839)
>> epoch [ 424/1000], runtime: 3.24s, train loss: 0.1060, train err: 0.0821, valid err:  0.0835,test err: 0.0879, best
>> epoch [ 425/1000], runtime:  3.40s, train err:  0.0822 (best:  0.0821/ 0.0835)
>> epoch [ 426/1000], runtime:  3.03s, train loss: 0.1052, train err:  0.0813, valid err:  0.0844
>> epoch [ 427/1000], runtime:  3.05s, train loss: 0.1041, train err:  0.0818, valid err:  0.0858
>> epoch [ 428/1000], runtime:  3.60s, train loss: 0.1034, train err:  0.0810, valid err:  0.0861
>> epoch [ 429/1000], runtime:  3.25s, train err:  0.0825 (best:  0.0821/ 0.0835)
>> epoch [ 430/1000], runtime:  3.66s, train err:  0.0831 (best:  0.0821/ 0.0835)
>> epoch [ 431/1000], runtime:  3.80s, train loss: 0.1051, train err:  0.0820, valid err:  0.0859
>> epoch [ 432/1000], runtime:  3.46s, train err:  0.0824 (best:  0.0821/ 0.0835)
>> epoch [ 433/1000], runtime: 3.41s, train loss: 0.1057, train err: 0.0823, valid err:  0.0834,test err: 0.0876, best
>> epoch [ 434/1000], runtime:  3.31s, train err:  0.0824 (best:  0.0823/ 0.0834)
>> epoch [ 435/1000], runtime:  3.51s, train loss: 0.1050, train err:  0.0817, valid err:  0.0834
>> epoch [ 436/1000], runtime:  3.49s, train loss: 0.1040, train err:  0.0815, valid err:  0.0838
>> epoch [ 437/1000], runtime:  2.96s, train loss: 0.1052, train err:  0.0824, valid err:  0.0840
>> epoch [ 438/1000], runtime: 3.38s, train loss: 0.1041, train err: 0.0814, valid err:  0.0834,test err: 0.0881, best
>> epoch [ 439/1000], runtime:  3.67s, train err:  0.0821 (best:  0.0814/ 0.0834)
>> epoch [ 440/1000], runtime:  3.16s, train loss: 0.1039, train err:  0.0815, valid err:  0.0844
>> epoch [ 441/1000], runtime:  3.10s, train err:  0.0815 (best:  0.0814/ 0.0834)
>> epoch [ 442/1000], runtime:  3.62s, train err:  0.0825 (best:  0.0814/ 0.0834)
>> epoch [ 443/1000], runtime:  3.78s, train err:  0.0828 (best:  0.0814/ 0.0834)
>> epoch [ 444/1000], runtime:  3.41s, train err:  0.0824 (best:  0.0814/ 0.0834)
>> epoch [ 445/1000], runtime: 3.16s, train loss: 0.1035, train err: 0.0814, valid err:  0.0830,test err: 0.0875, best
>> epoch [ 446/1000], runtime:  3.49s, train loss: 0.1028, train err:  0.0811, valid err:  0.0837
>> epoch [ 447/1000], runtime:  3.45s, train loss: 0.1027, train err:  0.0814, valid err:  0.0843
>> epoch [ 448/1000], runtime:  3.33s, train err:  0.0814 (best:  0.0814/ 0.0830)
>> epoch [ 449/1000], runtime:  3.11s, train err:  0.0812 (best:  0.0814/ 0.0830)
>> epoch [ 450/1000], runtime:  2.97s, train err:  0.0823 (best:  0.0814/ 0.0830)
>> epoch [ 451/1000], runtime:  3.44s, train err:  0.0817 (best:  0.0814/ 0.0830)
>> epoch [ 452/1000], runtime:  3.33s, train loss: 0.1031, train err:  0.0812, valid err:  0.0831
>> epoch [ 453/1000], runtime:  3.04s, train err:  0.0814 (best:  0.0814/ 0.0830)
>> epoch [ 454/1000], runtime:  3.19s, train err:  0.0821 (best:  0.0814/ 0.0830)
>> epoch [ 455/1000], runtime:  3.26s, train loss: 0.1031, train err:  0.0824, valid err:  0.0836
>> epoch [ 456/1000], runtime:  2.93s, train loss: 0.1031, train err:  0.0813, valid err:  0.0836
>> epoch [ 457/1000], runtime:  2.92s, train err:  0.0822 (best:  0.0814/ 0.0830)
>> epoch [ 458/1000], runtime:  3.49s, train err:  0.0821 (best:  0.0814/ 0.0830)
>> epoch [ 459/1000], runtime:  3.35s, train loss: 0.1024, train err:  0.0813, valid err:  0.0843
>> epoch [ 460/1000], runtime: 2.96s, train loss: 0.1032, train err: 0.0811, valid err:  0.0829,test err: 0.0872, best
>> epoch [ 461/1000], runtime:  3.38s, train err:  0.0809 (best:  0.0811/ 0.0829)
>> epoch [ 462/1000], runtime:  3.16s, train loss: 0.1021, train err:  0.0814, valid err:  0.0856
>> epoch [ 463/1000], runtime:  3.66s, train err:  0.0833 (best:  0.0811/ 0.0829)
>> epoch [ 464/1000], runtime:  3.42s, train err:  0.0821 (best:  0.0811/ 0.0829)
>> epoch [ 465/1000], runtime:  3.61s, train loss: 0.1024, train err:  0.0819, valid err:  0.0857
>> epoch [ 466/1000], runtime: 3.57s, train loss: 0.1029, train err: 0.0811, valid err:  0.0827,test err: 0.0868, best
>> epoch [ 467/1000], runtime:  3.39s, train loss: 0.1025, train err:  0.0813, valid err:  0.0833
>> epoch [ 468/1000], runtime:  3.01s, train err:  0.0810 (best:  0.0811/ 0.0827)
>> epoch [ 469/1000], runtime:  3.31s, train err:  0.0813 (best:  0.0811/ 0.0827)
>> epoch [ 470/1000], runtime:  2.88s, train err:  0.0817 (best:  0.0811/ 0.0827)
>> epoch [ 471/1000], runtime: 3.75s, train loss: 0.1027, train err: 0.0808, valid err:  0.0826,test err: 0.0869, best
>> epoch [ 472/1000], runtime:  3.34s, train loss: 0.1017, train err:  0.0808, valid err:  0.0831
>> epoch [ 473/1000], runtime:  2.78s, train err:  0.0814 (best:  0.0808/ 0.0826)
>> epoch [ 474/1000], runtime:  3.35s, train err:  0.0820 (best:  0.0808/ 0.0826)
>> epoch [ 475/1000], runtime:  3.53s, train err:  0.0835 (best:  0.0808/ 0.0826)
>> epoch [ 476/1000], runtime:  3.49s, train err:  0.0821 (best:  0.0808/ 0.0826)
>> epoch [ 477/1000], runtime:  3.42s, train err:  0.0814 (best:  0.0808/ 0.0826)
>> epoch [ 478/1000], runtime: 3.40s, train loss: 0.1013, train err: 0.0811, valid err:  0.0826,test err: 0.0871, best
>> epoch [ 479/1000], runtime:  3.41s, train err:  0.0822 (best:  0.0811/ 0.0826)
>> epoch [ 480/1000], runtime:  3.38s, train err:  0.0819 (best:  0.0811/ 0.0826)
>> epoch [ 481/1000], runtime:  3.54s, train err:  0.0840 (best:  0.0811/ 0.0826)
>> epoch [ 482/1000], runtime:  3.92s, train err:  0.0812 (best:  0.0811/ 0.0826)
>> epoch [ 483/1000], runtime:  3.47s, train err:  0.0810 (best:  0.0811/ 0.0826)
>> epoch [ 484/1000], runtime: 3.66s, train loss: 0.1010, train err: 0.0806, valid err:  0.0825,test err: 0.0871, best
>> epoch [ 485/1000], runtime:  3.81s, train err:  0.0809 (best:  0.0806/ 0.0825)
>> epoch [ 486/1000], runtime:  3.55s, train err:  0.0810 (best:  0.0806/ 0.0825)
>> epoch [ 487/1000], runtime:  3.27s, train err:  0.0812 (best:  0.0806/ 0.0825)
>> epoch [ 488/1000], runtime:  3.86s, train err:  0.0812 (best:  0.0806/ 0.0825)
>> epoch [ 489/1000], runtime:  3.39s, train err:  0.0817 (best:  0.0806/ 0.0825)
>> epoch [ 490/1000], runtime:  3.68s, train loss: 0.1007, train err:  0.0811, valid err:  0.0833
>> epoch [ 491/1000], runtime:  3.30s, train loss: 0.1008, train err:  0.0807, valid err:  0.0831
>> epoch [ 492/1000], runtime:  3.07s, train err:  0.0815 (best:  0.0806/ 0.0825)
>> epoch [ 493/1000], runtime:  3.66s, train loss: 0.1005, train err:  0.0804, valid err:  0.0826
>> epoch [ 494/1000], runtime:  3.29s, train err:  0.0816 (best:  0.0806/ 0.0825)
>> epoch [ 495/1000], runtime:  3.38s, train err:  0.0809 (best:  0.0806/ 0.0825)
>> epoch [ 496/1000], runtime:  3.64s, train err:  0.0812 (best:  0.0806/ 0.0825)
>> epoch [ 497/1000], runtime:  3.41s, train err:  0.0808 (best:  0.0806/ 0.0825)
>> epoch [ 498/1000], runtime:  3.06s, train err:  0.0809 (best:  0.0806/ 0.0825)
>> epoch [ 499/1000], runtime:  3.58s, train err:  0.0804 (best:  0.0806/ 0.0825)
>> epoch [ 500/1000], runtime:  3.58s, train err:  0.0814 (best:  0.0806/ 0.0825)
>> epoch [ 501/1000], runtime:  3.72s, train err:  0.0810 (best:  0.0806/ 0.0825)
>> epoch [ 502/1000], runtime: 3.90s, train loss: 0.1000, train err: 0.0803, valid err:  0.0822,test err: 0.0865, best
>> epoch [ 503/1000], runtime:  3.48s, train err:  0.0805 (best:  0.0803/ 0.0822)
>> epoch [ 504/1000], runtime:  3.35s, train err:  0.0806 (best:  0.0803/ 0.0822)
>> epoch [ 505/1000], runtime:  3.65s, train err:  0.0803 (best:  0.0803/ 0.0822)
>> epoch [ 506/1000], runtime:  3.29s, train err:  0.0807 (best:  0.0803/ 0.0822)
>> epoch [ 507/1000], runtime:  3.68s, train err:  0.0812 (best:  0.0803/ 0.0822)
>> epoch [ 508/1000], runtime:  3.18s, train err:  0.0806 (best:  0.0803/ 0.0822)
>> epoch [ 509/1000], runtime:  3.18s, train err:  0.0804 (best:  0.0803/ 0.0822)
>> epoch [ 510/1000], runtime:  3.04s, train loss: 0.0999, train err:  0.0817, valid err:  0.0840
>> epoch [ 511/1000], runtime:  3.82s, train loss: 0.0999, train err:  0.0805, valid err:  0.0825
>> epoch [ 512/1000], runtime:  3.60s, train err:  0.0806 (best:  0.0803/ 0.0822)
>> epoch [ 513/1000], runtime:  3.56s, train err:  0.0805 (best:  0.0803/ 0.0822)
>> epoch [ 514/1000], runtime:  3.11s, train loss: 0.0989, train err:  0.0808, valid err:  0.0825
>> epoch [ 515/1000], runtime:  3.81s, train loss: 0.0988, train err:  0.0801, valid err:  0.0822
>> epoch [ 516/1000], runtime:  3.29s, train err:  0.0803 (best:  0.0803/ 0.0822)
>> epoch [ 517/1000], runtime:  3.63s, train err:  0.0803 (best:  0.0803/ 0.0822)
>> epoch [ 518/1000], runtime:  3.72s, train err:  0.0801 (best:  0.0803/ 0.0822)
>> epoch [ 519/1000], runtime:  3.94s, train loss: 0.0997, train err:  0.0804, valid err:  0.0824
>> epoch [ 520/1000], runtime: 3.62s, train loss: 0.0990, train err: 0.0800, valid err:  0.0821,test err: 0.0864, best
>> epoch [ 521/1000], runtime:  3.60s, train err:  0.0804 (best:  0.0800/ 0.0821)
>> epoch [ 522/1000], runtime:  3.26s, train loss: 0.0989, train err:  0.0806, valid err:  0.0821
>> epoch [ 523/1000], runtime:  3.87s, train err:  0.0803 (best:  0.0800/ 0.0821)
>> epoch [ 524/1000], runtime:  3.32s, train err:  0.0806 (best:  0.0800/ 0.0821)
>> epoch [ 525/1000], runtime:  3.47s, train err:  0.0806 (best:  0.0800/ 0.0821)
>> epoch [ 526/1000], runtime:  3.63s, train err:  0.0810 (best:  0.0800/ 0.0821)
>> epoch [ 527/1000], runtime:  3.29s, train err:  0.0806 (best:  0.0800/ 0.0821)
>> epoch [ 528/1000], runtime:  3.63s, train err:  0.0807 (best:  0.0800/ 0.0821)
>> epoch [ 529/1000], runtime:  2.77s, train err:  0.0799 (best:  0.0800/ 0.0821)
>> epoch [ 530/1000], runtime:  3.77s, train err:  0.0804 (best:  0.0800/ 0.0821)
>> epoch [ 531/1000], runtime:  3.33s, train err:  0.0804 (best:  0.0800/ 0.0821)
>> epoch [ 532/1000], runtime:  2.92s, train loss: 0.0990, train err:  0.0804, valid err:  0.0829
>> epoch [ 533/1000], runtime:  3.40s, train err:  0.0804 (best:  0.0800/ 0.0821)
>> epoch [ 534/1000], runtime:  3.70s, train err:  0.0803 (best:  0.0800/ 0.0821)
>> epoch [ 535/1000], runtime:  3.48s, train err:  0.0806 (best:  0.0800/ 0.0821)
>> epoch [ 536/1000], runtime:  3.40s, train err:  0.0812 (best:  0.0800/ 0.0821)
>> epoch [ 537/1000], runtime:  3.68s, train err:  0.0803 (best:  0.0800/ 0.0821)
>> epoch [ 538/1000], runtime:  3.49s, train err:  0.0803 (best:  0.0800/ 0.0821)
>> epoch [ 539/1000], runtime: 3.54s, train loss: 0.0977, train err: 0.0798, valid err:  0.0819,test err: 0.0863, best
>> epoch [ 540/1000], runtime:  3.20s, train err:  0.0802 (best:  0.0798/ 0.0819)
>> epoch [ 541/1000], runtime:  3.27s, train err:  0.0803 (best:  0.0798/ 0.0819)
>> epoch [ 542/1000], runtime:  3.49s, train err:  0.0804 (best:  0.0798/ 0.0819)
>> epoch [ 543/1000], runtime:  3.49s, train err:  0.0800 (best:  0.0798/ 0.0819)
>> epoch [ 544/1000], runtime:  3.32s, train err:  0.0804 (best:  0.0798/ 0.0819)
>> epoch [ 545/1000], runtime:  3.32s, train err:  0.0801 (best:  0.0798/ 0.0819)
>> epoch [ 546/1000], runtime:  3.71s, train err:  0.0803 (best:  0.0798/ 0.0819)
>> epoch [ 547/1000], runtime:  3.57s, train err:  0.0801 (best:  0.0798/ 0.0819)
>> epoch [ 548/1000], runtime:  3.79s, train err:  0.0802 (best:  0.0798/ 0.0819)
>> epoch [ 549/1000], runtime:  3.28s, train err:  0.0806 (best:  0.0798/ 0.0819)
>> epoch [ 550/1000], runtime:  3.81s, train err:  0.0798 (best:  0.0798/ 0.0819)
>> epoch [ 551/1000], runtime:  3.35s, train err:  0.0802 (best:  0.0798/ 0.0819)
>> epoch [ 552/1000], runtime:  3.64s, train err:  0.0804 (best:  0.0798/ 0.0819)
>> epoch [ 553/1000], runtime:  3.60s, train err:  0.0808 (best:  0.0798/ 0.0819)
>> epoch [ 554/1000], runtime:  3.32s, train err:  0.0801 (best:  0.0798/ 0.0819)
>> epoch [ 555/1000], runtime:  3.46s, train err:  0.0802 (best:  0.0798/ 0.0819)
>> epoch [ 556/1000], runtime:  3.33s, train err:  0.0803 (best:  0.0798/ 0.0819)
>> epoch [ 557/1000], runtime:  2.95s, train err:  0.0805 (best:  0.0798/ 0.0819)
>> epoch [ 558/1000], runtime:  2.73s, train err:  0.0801 (best:  0.0798/ 0.0819)
>> epoch [ 559/1000], runtime:  3.54s, train err:  0.0806 (best:  0.0798/ 0.0819)
>> epoch [ 560/1000], runtime: 2.75s, train loss: 0.0975, train err: 0.0797, valid err:  0.0818,test err: 0.0861, best
>> epoch [ 561/1000], runtime:  2.54s, train err:  0.0797 (best:  0.0797/ 0.0818)
>> epoch [ 562/1000], runtime:  3.91s, train err:  0.0802 (best:  0.0797/ 0.0818)
>> epoch [ 563/1000], runtime:  3.72s, train err:  0.0807 (best:  0.0797/ 0.0818)
>> epoch [ 564/1000], runtime:  2.82s, train err:  0.0800 (best:  0.0797/ 0.0818)
>> epoch [ 565/1000], runtime:  3.67s, train err:  0.0810 (best:  0.0797/ 0.0818)
>> epoch [ 566/1000], runtime:  2.97s, train err:  0.0802 (best:  0.0797/ 0.0818)
>> epoch [ 567/1000], runtime:  3.56s, train err:  0.0805 (best:  0.0797/ 0.0818)
>> epoch [ 568/1000], runtime:  3.19s, train err:  0.0802 (best:  0.0797/ 0.0818)
>> epoch [ 569/1000], runtime:  3.59s, train err:  0.0802 (best:  0.0797/ 0.0818)
>> epoch [ 570/1000], runtime:  3.33s, train err:  0.0801 (best:  0.0797/ 0.0818)
>> epoch [ 571/1000], runtime:  3.81s, train err:  0.0800 (best:  0.0797/ 0.0818)
>> epoch [ 572/1000], runtime:  3.50s, train err:  0.0800 (best:  0.0797/ 0.0818)
>> epoch [ 573/1000], runtime:  3.50s, train err:  0.0807 (best:  0.0797/ 0.0818)
>> epoch [ 574/1000], runtime:  3.08s, train loss: 0.0974, train err:  0.0798, valid err:  0.0830
>> epoch [ 575/1000], runtime:  3.07s, train err:  0.0806 (best:  0.0797/ 0.0818)
>> epoch [ 576/1000], runtime:  3.75s, train err:  0.0794 (best:  0.0797/ 0.0818)
>> epoch [ 577/1000], runtime:  3.34s, train err:  0.0808 (best:  0.0797/ 0.0818)
>> epoch [ 578/1000], runtime:  3.44s, train err:  0.0803 (best:  0.0797/ 0.0818)
>> epoch [ 579/1000], runtime:  3.82s, train err:  0.0803 (best:  0.0797/ 0.0818)
>> epoch [ 580/1000], runtime:  3.43s, train err:  0.0796 (best:  0.0797/ 0.0818)
>> epoch [ 581/1000], runtime:  3.40s, train loss: 0.0972, train err:  0.0808, valid err:  0.0824
>> epoch [ 582/1000], runtime:  3.56s, train err:  0.0797 (best:  0.0797/ 0.0818)
>> epoch [ 583/1000], runtime:  3.38s, train err:  0.0812 (best:  0.0797/ 0.0818)
>> epoch [ 584/1000], runtime:  3.21s, train err:  0.0808 (best:  0.0797/ 0.0818)
>> epoch [ 585/1000], runtime:  3.47s, train err:  0.0799 (best:  0.0797/ 0.0818)
>> epoch [ 586/1000], runtime:  3.24s, train err:  0.0800 (best:  0.0797/ 0.0818)
>> epoch [ 587/1000], runtime:  3.30s, train err:  0.0799 (best:  0.0797/ 0.0818)
>> epoch [ 588/1000], runtime:  3.24s, train err:  0.0807 (best:  0.0797/ 0.0818)
>> epoch [ 589/1000], runtime:  3.38s, train err:  0.0799 (best:  0.0797/ 0.0818)
>> epoch [ 590/1000], runtime:  3.50s, train err:  0.0803 (best:  0.0797/ 0.0818)
>> epoch [ 591/1000], runtime:  3.71s, train err:  0.0801 (best:  0.0797/ 0.0818)
>> epoch [ 592/1000], runtime:  3.03s, train err:  0.0799 (best:  0.0797/ 0.0818)
>> epoch [ 593/1000], runtime:  3.23s, train loss: 0.0974, train err:  0.0804, valid err:  0.0824
>> epoch [ 594/1000], runtime:  3.51s, train err:  0.0805 (best:  0.0797/ 0.0818)
>> epoch [ 595/1000], runtime: 3.58s, train loss: 0.0972, train err: 0.0794, valid err:  0.0816,test err: 0.0860, best
>> epoch [ 596/1000], runtime:  3.44s, train err:  0.0793 (best:  0.0794/ 0.0816)
>> epoch [ 597/1000], runtime:  3.51s, train err:  0.0805 (best:  0.0794/ 0.0816)
>> epoch [ 598/1000], runtime:  3.73s, train err:  0.0801 (best:  0.0794/ 0.0816)
>> epoch [ 599/1000], runtime: 3.69s, train loss: 0.0972, train err: 0.0792, valid err:  0.0815,test err: 0.0858, best
>> epoch [ 600/1000], runtime:  3.61s, train err:  0.0803 (best:  0.0792/ 0.0815)
>> epoch [ 601/1000], runtime:  3.42s, train loss: 0.0966, train err:  0.0808, valid err:  0.0819
>> epoch [ 602/1000], runtime:  3.74s, train err:  0.0792 (best:  0.0792/ 0.0815)
>> epoch [ 603/1000], runtime:  2.99s, train err:  0.0799 (best:  0.0792/ 0.0815)
>> epoch [ 604/1000], runtime:  3.87s, train err:  0.0795 (best:  0.0792/ 0.0815)
>> epoch [ 605/1000], runtime:  3.52s, train err:  0.0809 (best:  0.0792/ 0.0815)
>> epoch [ 606/1000], runtime:  3.42s, train err:  0.0796 (best:  0.0792/ 0.0815)
>> epoch [ 607/1000], runtime:  3.18s, train err:  0.0794 (best:  0.0792/ 0.0815)
>> epoch [ 608/1000], runtime:  3.68s, train err:  0.0803 (best:  0.0792/ 0.0815)
>> epoch [ 609/1000], runtime:  3.55s, train loss: 0.0970, train err:  0.0795, valid err:  0.0817
>> epoch [ 610/1000], runtime:  3.78s, train err:  0.0807 (best:  0.0792/ 0.0815)
>> epoch [ 611/1000], runtime: 3.42s, train loss: 0.0970, train err: 0.0796, valid err:  0.0814,test err: 0.0857, best
>> epoch [ 612/1000], runtime:  3.43s, train err:  0.0803 (best:  0.0796/ 0.0814)
>> epoch [ 613/1000], runtime:  3.44s, train err:  0.0794 (best:  0.0796/ 0.0814)
>> epoch [ 614/1000], runtime:  3.30s, train err:  0.0803 (best:  0.0796/ 0.0814)
>> epoch [ 615/1000], runtime:  3.53s, train loss: 0.0961, train err:  0.0799, valid err:  0.0815
>> epoch [ 616/1000], runtime: 3.57s, train loss: 0.0966, train err: 0.0795, valid err:  0.0813,test err: 0.0857, best
>> epoch [ 617/1000], runtime:  3.31s, train err:  0.0792 (best:  0.0795/ 0.0813)
>> epoch [ 618/1000], runtime:  3.54s, train loss: 0.0958, train err:  0.0802, valid err:  0.0814
>> epoch [ 619/1000], runtime:  3.13s, train err:  0.0794 (best:  0.0795/ 0.0813)
>> epoch [ 620/1000], runtime:  3.35s, train err:  0.0792 (best:  0.0795/ 0.0813)
>> epoch [ 621/1000], runtime:  3.52s, train err:  0.0802 (best:  0.0795/ 0.0813)
>> epoch [ 622/1000], runtime:  3.31s, train loss: 0.0965, train err:  0.0793, valid err:  0.0814
>> epoch [ 623/1000], runtime:  3.35s, train loss: 0.0966, train err:  0.0799, valid err:  0.0814
>> epoch [ 624/1000], runtime:  3.66s, train err:  0.0796 (best:  0.0795/ 0.0813)
>> epoch [ 625/1000], runtime:  3.07s, train err:  0.0794 (best:  0.0795/ 0.0813)
>> epoch [ 626/1000], runtime:  3.58s, train err:  0.0798 (best:  0.0795/ 0.0813)
>> epoch [ 627/1000], runtime:  3.53s, train err:  0.0803 (best:  0.0795/ 0.0813)
>> epoch [ 628/1000], runtime:  3.73s, train err:  0.0792 (best:  0.0795/ 0.0813)
>> epoch [ 629/1000], runtime:  3.51s, train err:  0.0797 (best:  0.0795/ 0.0813)
>> epoch [ 630/1000], runtime:  3.28s, train err:  0.0802 (best:  0.0795/ 0.0813)
>> epoch [ 631/1000], runtime:  3.16s, train err:  0.0794 (best:  0.0795/ 0.0813)
>> epoch [ 632/1000], runtime: 3.61s, train loss: 0.0963, train err: 0.0797, valid err:  0.0813,test err: 0.0858, best
>> epoch [ 633/1000], runtime:  3.34s, train err:  0.0797 (best:  0.0797/ 0.0813)
>> epoch [ 634/1000], runtime:  3.32s, train loss: 0.0959, train err:  0.0793, valid err:  0.0814
>> epoch [ 635/1000], runtime:  3.38s, train err:  0.0797 (best:  0.0797/ 0.0813)
>> epoch [ 636/1000], runtime:  3.81s, train err:  0.0795 (best:  0.0797/ 0.0813)
>> epoch [ 637/1000], runtime:  3.38s, train err:  0.0805 (best:  0.0797/ 0.0813)
>> epoch [ 638/1000], runtime:  3.69s, train err:  0.0795 (best:  0.0797/ 0.0813)
>> epoch [ 639/1000], runtime:  3.40s, train loss: 0.0957, train err:  0.0792, valid err:  0.0813
>> epoch [ 640/1000], runtime:  3.36s, train err:  0.0799 (best:  0.0797/ 0.0813)
>> epoch [ 641/1000], runtime:  3.44s, train err:  0.0794 (best:  0.0797/ 0.0813)
>> epoch [ 642/1000], runtime:  3.35s, train err:  0.0800 (best:  0.0797/ 0.0813)
>> epoch [ 643/1000], runtime:  3.48s, train err:  0.0792 (best:  0.0797/ 0.0813)
>> epoch [ 644/1000], runtime: 3.21s, train loss: 0.0960, train err: 0.0798, valid err:  0.0813,test err: 0.0857, best
>> epoch [ 645/1000], runtime:  3.26s, train err:  0.0792 (best:  0.0798/ 0.0813)
>> epoch [ 646/1000], runtime:  3.76s, train err:  0.0799 (best:  0.0798/ 0.0813)
>> epoch [ 647/1000], runtime:  3.57s, train err:  0.0795 (best:  0.0798/ 0.0813)
>> epoch [ 648/1000], runtime:  3.73s, train err:  0.0810 (best:  0.0798/ 0.0813)
>> epoch [ 649/1000], runtime:  3.14s, train err:  0.0792 (best:  0.0798/ 0.0813)
>> epoch [ 650/1000], runtime:  3.88s, train err:  0.0800 (best:  0.0798/ 0.0813)
>> epoch [ 651/1000], runtime:  3.49s, train err:  0.0796 (best:  0.0798/ 0.0813)
>> epoch [ 652/1000], runtime:  3.69s, train err:  0.0791 (best:  0.0798/ 0.0813)
>> epoch [ 653/1000], runtime:  3.09s, train err:  0.0802 (best:  0.0798/ 0.0813)
>> epoch [ 654/1000], runtime:  3.49s, train err:  0.0794 (best:  0.0798/ 0.0813)
>> epoch [ 655/1000], runtime:  3.53s, train err:  0.0797 (best:  0.0798/ 0.0813)
>> epoch [ 656/1000], runtime:  3.59s, train err:  0.0796 (best:  0.0798/ 0.0813)
>> epoch [ 657/1000], runtime:  3.57s, train err:  0.0795 (best:  0.0798/ 0.0813)
>> epoch [ 658/1000], runtime: 3.94s, train loss: 0.0958, train err: 0.0798, valid err:  0.0812,test err: 0.0855, best
>> epoch [ 659/1000], runtime:  3.49s, train loss: 0.0956, train err:  0.0794, valid err:  0.0813
>> epoch [ 660/1000], runtime:  3.66s, train err:  0.0799 (best:  0.0798/ 0.0812)
>> epoch [ 661/1000], runtime:  3.43s, train err:  0.0796 (best:  0.0798/ 0.0812)
>> epoch [ 662/1000], runtime:  3.73s, train err:  0.0796 (best:  0.0798/ 0.0812)
>> epoch [ 663/1000], runtime:  3.53s, train err:  0.0791 (best:  0.0798/ 0.0812)
>> epoch [ 664/1000], runtime:  3.57s, train loss: 0.0956, train err:  0.0802, valid err:  0.0812
>> epoch [ 665/1000], runtime:  3.61s, train err:  0.0791 (best:  0.0798/ 0.0812)
>> epoch [ 666/1000], runtime:  3.33s, train err:  0.0801 (best:  0.0798/ 0.0812)
>> epoch [ 667/1000], runtime:  3.72s, train err:  0.0793 (best:  0.0798/ 0.0812)
>> epoch [ 668/1000], runtime:  3.39s, train err:  0.0800 (best:  0.0798/ 0.0812)
>> epoch [ 669/1000], runtime:  3.88s, train err:  0.0795 (best:  0.0798/ 0.0812)
>> epoch [ 670/1000], runtime:  3.46s, train err:  0.0793 (best:  0.0798/ 0.0812)
>> epoch [ 671/1000], runtime:  3.58s, train err:  0.0806 (best:  0.0798/ 0.0812)
>> epoch [ 672/1000], runtime:  3.50s, train err:  0.0792 (best:  0.0798/ 0.0812)
>> epoch [ 673/1000], runtime:  3.73s, train err:  0.0795 (best:  0.0798/ 0.0812)
>> epoch [ 674/1000], runtime:  3.36s, train loss: 0.0956, train err:  0.0792, valid err:  0.0813
>> epoch [ 675/1000], runtime: 3.57s, train loss: 0.0948, train err: 0.0799, valid err:  0.0811,test err: 0.0856, best
>> epoch [ 676/1000], runtime:  3.89s, train err:  0.0794 (best:  0.0799/ 0.0811)
>> epoch [ 677/1000], runtime:  3.43s, train err:  0.0793 (best:  0.0799/ 0.0811)
>> epoch [ 678/1000], runtime:  3.66s, train err:  0.0796 (best:  0.0799/ 0.0811)
>> epoch [ 679/1000], runtime:  3.89s, train err:  0.0807 (best:  0.0799/ 0.0811)
>> epoch [ 680/1000], runtime:  3.71s, train err:  0.0791 (best:  0.0799/ 0.0811)
>> epoch [ 681/1000], runtime:  3.92s, train err:  0.0794 (best:  0.0799/ 0.0811)
>> epoch [ 682/1000], runtime:  3.74s, train err:  0.0799 (best:  0.0799/ 0.0811)
>> epoch [ 683/1000], runtime:  3.61s, train err:  0.0792 (best:  0.0799/ 0.0811)
>> epoch [ 684/1000], runtime:  3.74s, train err:  0.0793 (best:  0.0799/ 0.0811)
>> epoch [ 685/1000], runtime:  3.89s, train err:  0.0795 (best:  0.0799/ 0.0811)
>> epoch [ 686/1000], runtime:  3.73s, train err:  0.0796 (best:  0.0799/ 0.0811)
>> epoch [ 687/1000], runtime:  3.65s, train err:  0.0791 (best:  0.0799/ 0.0811)
>> epoch [ 688/1000], runtime:  3.32s, train err:  0.0801 (best:  0.0799/ 0.0811)
>> epoch [ 689/1000], runtime:  3.46s, train err:  0.0793 (best:  0.0799/ 0.0811)
>> epoch [ 690/1000], runtime:  3.51s, train err:  0.0797 (best:  0.0799/ 0.0811)
>> epoch [ 691/1000], runtime:  3.08s, train err:  0.0795 (best:  0.0799/ 0.0811)
>> epoch [ 692/1000], runtime:  3.77s, train err:  0.0792 (best:  0.0799/ 0.0811)
>> epoch [ 693/1000], runtime:  3.34s, train err:  0.0796 (best:  0.0799/ 0.0811)
>> epoch [ 694/1000], runtime:  3.51s, train err:  0.0793 (best:  0.0799/ 0.0811)
>> epoch [ 695/1000], runtime:  3.50s, train err:  0.0797 (best:  0.0799/ 0.0811)
>> epoch [ 696/1000], runtime:  3.71s, train err:  0.0794 (best:  0.0799/ 0.0811)
>> epoch [ 697/1000], runtime:  3.65s, train err:  0.0795 (best:  0.0799/ 0.0811)
>> epoch [ 698/1000], runtime:  3.67s, train err:  0.0793 (best:  0.0799/ 0.0811)
>> epoch [ 699/1000], runtime:  3.55s, train err:  0.0796 (best:  0.0799/ 0.0811)
>> epoch [ 700/1000], runtime:  3.80s, train err:  0.0794 (best:  0.0799/ 0.0811)
>> epoch [ 701/1000], runtime:  3.19s, train err:  0.0794 (best:  0.0799/ 0.0811)
>> epoch [ 702/1000], runtime:  3.69s, train err:  0.0794 (best:  0.0799/ 0.0811)
>> epoch [ 703/1000], runtime:  3.48s, train err:  0.0792 (best:  0.0799/ 0.0811)
>> epoch [ 704/1000], runtime:  3.13s, train err:  0.0794 (best:  0.0799/ 0.0811)
>> epoch [ 705/1000], runtime:  3.93s, train err:  0.0794 (best:  0.0799/ 0.0811)
>> epoch [ 706/1000], runtime:  3.38s, train err:  0.0795 (best:  0.0799/ 0.0811)
>> epoch [ 707/1000], runtime:  3.71s, train err:  0.0791 (best:  0.0799/ 0.0811)
>> epoch [ 708/1000], runtime:  3.27s, train err:  0.0795 (best:  0.0799/ 0.0811)
>> epoch [ 709/1000], runtime:  3.51s, train err:  0.0793 (best:  0.0799/ 0.0811)
>> epoch [ 710/1000], runtime:  3.10s, train err:  0.0792 (best:  0.0799/ 0.0811)
>> epoch [ 711/1000], runtime:  3.56s, train err:  0.0795 (best:  0.0799/ 0.0811)
>> epoch [ 712/1000], runtime:  3.47s, train err:  0.0791 (best:  0.0799/ 0.0811)
>> epoch [ 713/1000], runtime:  3.76s, train err:  0.0797 (best:  0.0799/ 0.0811)
>> epoch [ 714/1000], runtime:  3.75s, train err:  0.0794 (best:  0.0799/ 0.0811)
>> epoch [ 715/1000], runtime:  3.83s, train err:  0.0794 (best:  0.0799/ 0.0811)
>> epoch [ 716/1000], runtime:  3.48s, train err:  0.0791 (best:  0.0799/ 0.0811)
>> epoch [ 717/1000], runtime:  3.48s, train err:  0.0792 (best:  0.0799/ 0.0811)
>> epoch [ 718/1000], runtime:  3.85s, train err:  0.0797 (best:  0.0799/ 0.0811)
>> epoch [ 719/1000], runtime:  3.17s, train err:  0.0792 (best:  0.0799/ 0.0811)
>> epoch [ 720/1000], runtime:  3.39s, train err:  0.0792 (best:  0.0799/ 0.0811)
>> epoch [ 721/1000], runtime:  3.53s, train err:  0.0796 (best:  0.0799/ 0.0811)
>> epoch [ 722/1000], runtime:  3.57s, train err:  0.0792 (best:  0.0799/ 0.0811)
>> epoch [ 723/1000], runtime:  3.36s, train err:  0.0793 (best:  0.0799/ 0.0811)
>> epoch [ 724/1000], runtime:  3.54s, train err:  0.0794 (best:  0.0799/ 0.0811)
>> epoch [ 725/1000], runtime:  3.94s, train err:  0.0793 (best:  0.0799/ 0.0811)
>> epoch [ 726/1000], runtime:  3.72s, train err:  0.0792 (best:  0.0799/ 0.0811)
----------------------------------------------------------------------------------------------------
----------------------------------------------------------------------------------------------------
>> ntrain: 200, lr: 0.001, gamma: 0.5, w_d: 0.0
>> Best train loss:  0.0948
>> Best train error:  0.0799
>> Best valid error:  0.0811
>> Best test error:  0.0856
>> Best epoch: 674
----------------------------------------------------------------------------------------------------
----------------------------------------------------------------------------------------------------
>> Training Completed!!
