PID: 37309
>> Device being used: cuda (NVIDIA GeForce RTX 4090)
Number of parameters for MGN: 833
Total number of parameters: 50883
>> Preprocessing completed, time elapsed:  0.77s
>> ntrain: 200, lr: 0.001, gamma: 0.5, w_d: 0.0
>> epoch [   1/1000], runtime: 6.19s, train loss: 53.7509, train err: 1.0000, valid err:  0.9999,test err: 0.9999, best
>> epoch [   2/1000], runtime: 6.48s, train loss: 50.0024, train err: 0.9990, valid err:  0.9964,test err: 0.9964, best
>> epoch [   3/1000], runtime: 6.12s, train loss: 31.5509, train err: 0.6696, valid err:  0.1734,test err: 0.1588, best
>> epoch [   4/1000], runtime: 6.17s, train loss: 6.3312, train err: 0.1881, valid err:  0.1606,test err: 0.1467, best
>> epoch [   5/1000], runtime:  6.33s, train loss: 5.4217, train err:  0.1814, valid err:  0.1735
>> epoch [   6/1000], runtime:  6.33s, train loss: 4.0597, train err:  0.1807, valid err:  0.1608
>> epoch [   7/1000], runtime:  6.06s, train loss: 3.3915, train err:  0.1751, valid err:  0.1711
>> epoch [   8/1000], runtime:  6.06s, train loss: 3.3633, train err:  0.1776, valid err:  0.1666
>> epoch [   9/1000], runtime:  6.41s, train loss: 3.0721, train err:  0.1777, valid err:  0.1721
>> epoch [  10/1000], runtime:  6.24s, train loss: 2.9400, train err:  0.1756, valid err:  0.1736
>> epoch [  11/1000], runtime:  6.44s, train loss: 2.8163, train err:  0.1755, valid err:  0.1919
>> epoch [  12/1000], runtime: 6.47s, train loss: 2.9535, train err: 0.1795, valid err:  0.1592,test err: 0.1506, best
>> epoch [  13/1000], runtime:  6.39s, train loss: 2.8128, train err:  0.1731, valid err:  0.1701
>> epoch [  14/1000], runtime: 6.20s, train loss: 2.7636, train err: 0.1810, valid err:  0.1561,test err: 0.1489, best
>> epoch [  15/1000], runtime:  6.50s, train loss: 2.4171, train err:  0.1692, valid err:  0.1640
>> epoch [  16/1000], runtime:  6.33s, train loss: 2.3153, train err:  0.1688, valid err:  0.1611
>> epoch [  17/1000], runtime:  6.42s, train loss: 2.2662, train err:  0.1688, valid err:  0.1752
>> epoch [  18/1000], runtime:  6.48s, train loss: 2.2393, train err:  0.1677, valid err:  0.1652
>> epoch [  19/1000], runtime:  6.63s, train loss: 2.2189, train err:  0.1701, valid err:  0.1696
>> epoch [  20/1000], runtime:  6.36s, train loss: 2.1235, train err:  0.1652, valid err:  0.1821
>> epoch [  21/1000], runtime:  6.94s, train loss: 2.1601, train err:  0.1688, valid err:  0.1624
>> epoch [  22/1000], runtime:  6.63s, train loss: 2.2315, train err:  0.1654, valid err:  0.1751
>> epoch [  23/1000], runtime:  6.73s, train loss: 2.2464, train err:  0.1710, valid err:  0.1632
>> epoch [  24/1000], runtime: 6.53s, train loss: 2.0353, train err: 0.1647, valid err:  0.1553,test err: 0.1505, best
>> epoch [  25/1000], runtime: 6.53s, train loss: 1.9587, train err: 0.1599, valid err:  0.1537,test err: 0.1507, best
>> epoch [  26/1000], runtime: 6.45s, train loss: 1.8644, train err: 0.1591, valid err:  0.1440,test err: 0.1406, best
>> epoch [  27/1000], runtime:  6.46s, train err:  0.1603 (best:  0.1591/ 0.1440)
>> epoch [  28/1000], runtime:  6.33s, train err:  0.1573 (best:  0.1591/ 0.1440)
>> epoch [  29/1000], runtime:  6.57s, train err:  0.1538 (best:  0.1591/ 0.1440)
>> epoch [  30/1000], runtime:  6.41s, train loss: 1.7868, train err:  0.1504, valid err:  0.1494
>> epoch [  31/1000], runtime:  6.24s, train loss: 1.8099, train err:  0.1522, valid err:  0.1624
>> epoch [  32/1000], runtime: 6.54s, train loss: 1.8452, train err: 0.1556, valid err:  0.1300,test err: 0.1248, best
>> epoch [  33/1000], runtime:  6.15s, train loss: 1.7109, train err:  0.1506, valid err:  0.1307
>> epoch [  34/1000], runtime:  6.36s, train loss: 1.6253, train err:  0.1444, valid err:  0.1394
>> epoch [  35/1000], runtime:  6.45s, train loss: 1.6152, train err:  0.1447, valid err:  0.1594
>> epoch [  36/1000], runtime:  6.83s, train loss: 1.7979, train err:  0.1501, valid err:  0.1493
>> epoch [  37/1000], runtime:  6.55s, train loss: 1.8266, train err:  0.1578, valid err:  0.1558
>> epoch [  38/1000], runtime:  6.35s, train loss: 1.5523, train err:  0.1453, valid err:  0.1481
>> epoch [  39/1000], runtime:  6.33s, train loss: 1.4431, train err:  0.1410, valid err:  0.1398
>> epoch [  40/1000], runtime:  6.65s, train loss: 1.3986, train err:  0.1367, valid err:  0.1454
>> epoch [  41/1000], runtime:  6.40s, train loss: 1.3752, train err:  0.1368, valid err:  0.1429
>> epoch [  42/1000], runtime:  6.53s, train loss: 1.3117, train err:  0.1342, valid err:  0.1355
>> epoch [  43/1000], runtime: 6.57s, train loss: 1.2349, train err: 0.1304, valid err:  0.1260,test err: 0.1236, best
>> epoch [  44/1000], runtime:  6.84s, train err:  0.1358 (best:  0.1304/ 0.1260)
>> epoch [  45/1000], runtime:  6.72s, train err:  0.1326 (best:  0.1304/ 0.1260)
>> epoch [  46/1000], runtime: 6.69s, train loss: 1.2236, train err: 0.1308, valid err:  0.1206,test err: 0.1181, best
>> epoch [  47/1000], runtime:  6.34s, train err:  0.1326 (best:  0.1308/ 0.1206)
>> epoch [  48/1000], runtime:  6.70s, train err:  0.1375 (best:  0.1308/ 0.1206)
>> epoch [  49/1000], runtime:  6.60s, train err:  0.1413 (best:  0.1308/ 0.1206)
>> epoch [  50/1000], runtime: 6.68s, train loss: 1.1236, train err: 0.1271, valid err:  0.1075,test err: 0.1053, best
>> epoch [  51/1000], runtime:  6.68s, train err:  0.1263 (best:  0.1271/ 0.1075)
>> epoch [  52/1000], runtime:  6.68s, train loss: 1.1002, train err:  0.1249, valid err:  0.1245
>> epoch [  53/1000], runtime:  6.70s, train err:  0.1273 (best:  0.1271/ 0.1075)
>> epoch [  54/1000], runtime:  6.57s, train loss: 1.0767, train err:  0.1224, valid err:  0.1276
>> epoch [  55/1000], runtime:  6.90s, train loss: 1.0903, train err:  0.1239, valid err:  0.1168
>> epoch [  56/1000], runtime:  6.74s, train loss: 0.9784, train err:  0.1155, valid err:  0.1428
>> epoch [  57/1000], runtime:  6.58s, train loss: 1.0069, train err:  0.1167, valid err:  0.1216
>> epoch [  58/1000], runtime: 6.94s, train loss: 0.9696, train err: 0.1152, valid err:  0.1029,test err: 0.1042, best
>> epoch [  59/1000], runtime:  6.70s, train loss: 0.9562, train err:  0.1145, valid err:  0.1133
>> epoch [  60/1000], runtime:  6.19s, train loss: 0.9379, train err:  0.1143, valid err:  0.1268
>> epoch [  61/1000], runtime:  6.51s, train err:  0.1198 (best:  0.1152/ 0.1029)
>> epoch [  62/1000], runtime:  6.54s, train loss: 0.8880, train err:  0.1106, valid err:  0.1187
>> epoch [  63/1000], runtime:  6.45s, train loss: 0.8924, train err:  0.1101, valid err:  0.1363
>> epoch [  64/1000], runtime:  6.72s, train loss: 0.8756, train err:  0.1097, valid err:  0.1188
>> epoch [  65/1000], runtime:  6.64s, train loss: 0.8573, train err:  0.1088, valid err:  0.1043
>> epoch [  66/1000], runtime: 6.80s, train loss: 0.8235, train err: 0.1053, valid err:  0.0979,test err: 0.0994, best
>> epoch [  67/1000], runtime:  7.08s, train err:  0.1051 (best:  0.1053/ 0.0979)
>> epoch [  68/1000], runtime:  6.59s, train err:  0.1058 (best:  0.1053/ 0.0979)
>> epoch [  69/1000], runtime:  6.61s, train err:  0.1061 (best:  0.1053/ 0.0979)
>> epoch [  70/1000], runtime:  6.82s, train loss: 0.7976, train err:  0.1068, valid err:  0.1086
>> epoch [  71/1000], runtime:  6.70s, train loss: 0.7700, train err:  0.1024, valid err:  0.1035
>> epoch [  72/1000], runtime: 6.77s, train loss: 0.7717, train err: 0.1037, valid err:  0.0931,test err: 0.0956, best
>> epoch [  73/1000], runtime:  6.71s, train loss: 0.7712, train err:  0.1032, valid err:  0.1076
>> epoch [  74/1000], runtime:  6.80s, train loss: 0.7592, train err:  0.1027, valid err:  0.0957
>> epoch [  75/1000], runtime:  6.88s, train loss: 0.7693, train err:  0.1019, valid err:  0.1019
>> epoch [  76/1000], runtime:  6.84s, train loss: 0.7349, train err:  0.1026, valid err:  0.0970
>> epoch [  77/1000], runtime:  6.85s, train loss: 0.7132, train err:  0.1008, valid err:  0.0966
>> epoch [  78/1000], runtime:  6.51s, train loss: 0.7286, train err:  0.1015, valid err:  0.0992
>> epoch [  79/1000], runtime:  5.98s, train loss: 0.6868, train err:  0.0974, valid err:  0.0995
>> epoch [  80/1000], runtime:  6.35s, train loss: 0.6770, train err:  0.0990, valid err:  0.0969
>> epoch [  81/1000], runtime:  5.89s, train loss: 0.6707, train err:  0.0961, valid err:  0.1067
>> epoch [  82/1000], runtime:  5.28s, train loss: 0.6249, train err:  0.0931, valid err:  0.1010
>> epoch [  83/1000], runtime: 5.47s, train loss: 0.6583, train err: 0.0972, valid err:  0.0902,test err: 0.0930, best
>> epoch [  84/1000], runtime:  5.48s, train loss: 0.6582, train err:  0.0951, valid err:  0.1244
>> epoch [  85/1000], runtime: 5.01s, train loss: 0.6124, train err: 0.0923, valid err:  0.0899,test err: 0.0912, best
>> epoch [  86/1000], runtime:  5.15s, train loss: 0.6053, train err:  0.0924, valid err:  0.0968
>> epoch [  87/1000], runtime:  5.41s, train loss: 0.6079, train err:  0.0929, valid err:  0.0947
>> epoch [  88/1000], runtime: 5.15s, train loss: 0.5980, train err: 0.0924, valid err:  0.0858,test err: 0.0910, best
>> epoch [  89/1000], runtime:  5.23s, train err:  0.0912 (best:  0.0924/ 0.0858)
>> epoch [  90/1000], runtime:  5.14s, train err:  0.0939 (best:  0.0924/ 0.0858)
>> epoch [  91/1000], runtime:  4.74s, train err:  0.0942 (best:  0.0924/ 0.0858)
>> epoch [  92/1000], runtime:  4.51s, train err:  0.0948 (best:  0.0924/ 0.0858)
>> epoch [  93/1000], runtime:  4.79s, train err:  0.0914 (best:  0.0924/ 0.0858)
>> epoch [  94/1000], runtime:  4.68s, train err:  0.0981 (best:  0.0924/ 0.0858)
>> epoch [  95/1000], runtime:  4.36s, train err:  0.0954 (best:  0.0924/ 0.0858)
>> epoch [  96/1000], runtime:  4.67s, train err:  0.1316 (best:  0.0924/ 0.0858)
>> epoch [  97/1000], runtime:  4.64s, train err:  0.1025 (best:  0.0924/ 0.0858)
>> epoch [  98/1000], runtime:  4.58s, train err:  0.0981 (best:  0.0924/ 0.0858)
>> epoch [  99/1000], runtime:  4.49s, train loss: 0.5622, train err:  0.0910, valid err:  0.1111
>> epoch [ 100/1000], runtime:  4.43s, train loss: 0.5852, train err:  0.0926, valid err:  0.0973
>> epoch [ 101/1000], runtime:  4.07s, train loss: 0.5127, train err:  0.0857, valid err:  0.0898
>> epoch [ 102/1000], runtime: 4.11s, train loss: 0.5145, train err: 0.0847, valid err:  0.0840,test err: 0.0877, best
>> epoch [ 103/1000], runtime:  4.18s, train loss: 0.5024, train err:  0.0834, valid err:  0.0859
>> epoch [ 104/1000], runtime:  4.04s, train loss: 0.4879, train err:  0.0827, valid err:  0.0860
>> epoch [ 105/1000], runtime:  3.98s, train loss: 0.4809, train err:  0.0821, valid err:  0.0860
>> epoch [ 106/1000], runtime:  4.27s, train loss: 0.5138, train err:  0.0837, valid err:  0.0930
>> epoch [ 107/1000], runtime:  4.15s, train err:  0.0893 (best:  0.0847/ 0.0840)
>> epoch [ 108/1000], runtime:  4.02s, train err:  0.0886 (best:  0.0847/ 0.0840)
>> epoch [ 109/1000], runtime: 3.88s, train loss: 0.4976, train err: 0.0849, valid err:  0.0802,test err: 0.0822, best
>> epoch [ 110/1000], runtime:  4.17s, train loss: 0.4889, train err:  0.0822, valid err:  0.0858
>> epoch [ 111/1000], runtime:  4.43s, train err:  0.0834 (best:  0.0849/ 0.0802)
>> epoch [ 112/1000], runtime:  3.94s, train err:  0.0858 (best:  0.0849/ 0.0802)
>> epoch [ 113/1000], runtime:  4.15s, train err:  0.0843 (best:  0.0849/ 0.0802)
>> epoch [ 114/1000], runtime:  4.00s, train loss: 0.4923, train err:  0.0830, valid err:  0.0815
>> epoch [ 115/1000], runtime:  3.90s, train loss: 0.4792, train err:  0.0819, valid err:  0.0864
>> epoch [ 116/1000], runtime:  3.66s, train err:  0.0862 (best:  0.0849/ 0.0802)
>> epoch [ 117/1000], runtime:  4.17s, train err:  0.0864 (best:  0.0849/ 0.0802)
>> epoch [ 118/1000], runtime:  4.21s, train err:  0.0870 (best:  0.0849/ 0.0802)
>> epoch [ 119/1000], runtime: 4.28s, train loss: 0.4811, train err: 0.0829, valid err:  0.0790,test err: 0.0825, best
>> epoch [ 120/1000], runtime:  4.32s, train loss: 0.4745, train err:  0.0813, valid err:  0.0842
>> epoch [ 121/1000], runtime:  3.92s, train err:  0.0824 (best:  0.0829/ 0.0790)
>> epoch [ 122/1000], runtime: 4.11s, train loss: 0.4700, train err: 0.0818, valid err:  0.0788,test err: 0.0825, best
>> epoch [ 123/1000], runtime:  4.02s, train err:  0.0857 (best:  0.0818/ 0.0788)
>> epoch [ 124/1000], runtime:  4.09s, train loss: 0.4516, train err:  0.0798, valid err:  0.0958
>> epoch [ 125/1000], runtime:  4.37s, train err:  0.0824 (best:  0.0818/ 0.0788)
>> epoch [ 126/1000], runtime:  4.44s, train loss: 0.4658, train err:  0.0818, valid err:  0.0809
>> epoch [ 127/1000], runtime:  4.34s, train loss: 0.4571, train err:  0.0798, valid err:  0.0923
>> epoch [ 128/1000], runtime:  4.35s, train err:  0.0874 (best:  0.0818/ 0.0788)
>> epoch [ 129/1000], runtime:  4.03s, train err:  0.0822 (best:  0.0818/ 0.0788)
>> epoch [ 130/1000], runtime:  3.48s, train err:  0.0829 (best:  0.0818/ 0.0788)
>> epoch [ 131/1000], runtime:  3.92s, train loss: 0.4655, train err:  0.0811, valid err:  0.0809
>> epoch [ 132/1000], runtime:  3.81s, train err:  0.0812 (best:  0.0818/ 0.0788)
>> epoch [ 133/1000], runtime:  3.89s, train err:  0.0824 (best:  0.0818/ 0.0788)
>> epoch [ 134/1000], runtime:  3.78s, train loss: 0.4489, train err:  0.0793, valid err:  0.0825
>> epoch [ 135/1000], runtime:  3.72s, train err:  0.0869 (best:  0.0818/ 0.0788)
>> epoch [ 136/1000], runtime:  3.26s, train loss: 0.4678, train err:  0.0825, valid err:  0.0801
>> epoch [ 137/1000], runtime:  3.39s, train err:  0.0824 (best:  0.0818/ 0.0788)
>> epoch [ 138/1000], runtime:  3.55s, train loss: 0.4540, train err:  0.0801, valid err:  0.0978
>> epoch [ 139/1000], runtime:  3.22s, train err:  0.0932 (best:  0.0818/ 0.0788)
>> epoch [ 140/1000], runtime:  3.13s, train loss: 0.4595, train err:  0.0818, valid err:  0.0834
>> epoch [ 141/1000], runtime:  3.39s, train err:  0.0830 (best:  0.0818/ 0.0788)
>> epoch [ 142/1000], runtime:  3.50s, train loss: 0.4423, train err:  0.0782, valid err:  0.0803
>> epoch [ 143/1000], runtime:  3.45s, train err:  0.0824 (best:  0.0818/ 0.0788)
>> epoch [ 144/1000], runtime:  3.29s, train err:  0.0822 (best:  0.0818/ 0.0788)
>> epoch [ 145/1000], runtime:  3.32s, train err:  0.0858 (best:  0.0818/ 0.0788)
>> epoch [ 146/1000], runtime:  3.37s, train loss: 0.4534, train err:  0.0807, valid err:  0.0857
>> epoch [ 147/1000], runtime:  3.29s, train loss: 0.4623, train err:  0.0807, valid err:  0.0826
>> epoch [ 148/1000], runtime:  3.37s, train loss: 0.4464, train err:  0.0795, valid err:  0.0820
>> epoch [ 149/1000], runtime:  3.39s, train err:  0.0857 (best:  0.0818/ 0.0788)
>> epoch [ 150/1000], runtime:  3.23s, train loss: 0.4431, train err:  0.0786, valid err:  0.0803
>> epoch [ 151/1000], runtime:  3.37s, train loss: 0.4395, train err:  0.0788, valid err:  0.0803
>> epoch [ 152/1000], runtime:  3.41s, train loss: 0.4431, train err:  0.0796, valid err:  0.1075
>> epoch [ 153/1000], runtime:  3.27s, train loss: 0.4635, train err:  0.0832, valid err:  0.0838
>> epoch [ 154/1000], runtime: 3.10s, train loss: 0.4416, train err: 0.0801, valid err:  0.0778,test err: 0.0807, best
>> epoch [ 155/1000], runtime:  3.00s, train err:  0.0828 (best:  0.0801/ 0.0778)
>> epoch [ 156/1000], runtime:  3.34s, train loss: 0.4366, train err:  0.0783, valid err:  0.0843
>> epoch [ 157/1000], runtime:  3.15s, train err:  0.0841 (best:  0.0801/ 0.0778)
>> epoch [ 158/1000], runtime: 2.97s, train loss: 0.4400, train err: 0.0808, valid err:  0.0755,test err: 0.0791, best
>> epoch [ 159/1000], runtime:  3.09s, train err:  0.0807 (best:  0.0808/ 0.0755)
>> epoch [ 160/1000], runtime:  3.22s, train err:  0.0810 (best:  0.0808/ 0.0755)
>> epoch [ 161/1000], runtime:  3.13s, train err:  0.0833 (best:  0.0808/ 0.0755)
>> epoch [ 162/1000], runtime:  3.33s, train err:  0.0812 (best:  0.0808/ 0.0755)
>> epoch [ 163/1000], runtime:  3.37s, train err:  0.0822 (best:  0.0808/ 0.0755)
>> epoch [ 164/1000], runtime:  3.43s, train err:  0.0809 (best:  0.0808/ 0.0755)
>> epoch [ 165/1000], runtime:  3.37s, train err:  0.0810 (best:  0.0808/ 0.0755)
>> epoch [ 166/1000], runtime:  3.30s, train err:  0.0833 (best:  0.0808/ 0.0755)
>> epoch [ 167/1000], runtime:  3.34s, train err:  0.0822 (best:  0.0808/ 0.0755)
>> epoch [ 168/1000], runtime:  3.51s, train err:  0.0866 (best:  0.0808/ 0.0755)
>> epoch [ 169/1000], runtime:  3.35s, train err:  0.0850 (best:  0.0808/ 0.0755)
>> epoch [ 170/1000], runtime:  3.24s, train err:  0.0812 (best:  0.0808/ 0.0755)
>> epoch [ 171/1000], runtime:  3.23s, train loss: 0.4347, train err:  0.0796, valid err:  0.0769
>> epoch [ 172/1000], runtime:  3.03s, train err:  0.0798 (best:  0.0808/ 0.0755)
>> epoch [ 173/1000], runtime:  3.52s, train loss: 0.4239, train err:  0.0776, valid err:  0.0837
>> epoch [ 174/1000], runtime:  3.38s, train loss: 0.4093, train err:  0.0760, valid err:  0.0824
>> epoch [ 175/1000], runtime:  3.27s, train err:  0.0802 (best:  0.0808/ 0.0755)
>> epoch [ 176/1000], runtime:  3.28s, train loss: 0.4287, train err:  0.0782, valid err:  0.0786
>> epoch [ 177/1000], runtime:  3.24s, train loss: 0.4254, train err:  0.0772, valid err:  0.0903
>> epoch [ 178/1000], runtime:  3.33s, train err:  0.0834 (best:  0.0808/ 0.0755)
>> epoch [ 179/1000], runtime:  3.21s, train loss: 0.4391, train err:  0.0801, valid err:  0.0827
>> epoch [ 180/1000], runtime:  3.53s, train loss: 0.4216, train err:  0.0778, valid err:  0.0915
>> epoch [ 181/1000], runtime:  3.35s, train err:  0.0802 (best:  0.0808/ 0.0755)
>> epoch [ 182/1000], runtime:  3.35s, train loss: 0.4202, train err:  0.0772, valid err:  0.0761
>> epoch [ 183/1000], runtime:  3.18s, train loss: 0.4310, train err:  0.0788, valid err:  0.0770
>> epoch [ 184/1000], runtime:  3.26s, train loss: 0.4298, train err:  0.0780, valid err:  0.0777
>> epoch [ 185/1000], runtime:  3.19s, train err:  0.0857 (best:  0.0808/ 0.0755)
>> epoch [ 186/1000], runtime:  3.30s, train err:  0.0810 (best:  0.0808/ 0.0755)
>> epoch [ 187/1000], runtime:  3.37s, train err:  0.0827 (best:  0.0808/ 0.0755)
>> epoch [ 188/1000], runtime:  3.43s, train err:  0.0812 (best:  0.0808/ 0.0755)
>> epoch [ 189/1000], runtime:  3.47s, train err:  0.0829 (best:  0.0808/ 0.0755)
>> epoch [ 190/1000], runtime:  3.50s, train err:  0.0806 (best:  0.0808/ 0.0755)
>> epoch [ 191/1000], runtime: 3.36s, train loss: 0.4239, train err: 0.0772, valid err:  0.0750,test err: 0.0797, best
>> epoch [ 192/1000], runtime:  3.42s, train err:  0.0790 (best:  0.0772/ 0.0750)
>> epoch [ 193/1000], runtime:  3.29s, train err:  0.0814 (best:  0.0772/ 0.0750)
>> epoch [ 194/1000], runtime:  3.46s, train loss: 0.4148, train err:  0.0767, valid err:  0.0789
>> epoch [ 195/1000], runtime:  3.36s, train err:  0.0773 (best:  0.0772/ 0.0750)
>> epoch [ 196/1000], runtime:  3.30s, train loss: 0.4123, train err:  0.0764, valid err:  0.0754
>> epoch [ 197/1000], runtime:  3.30s, train err:  0.0787 (best:  0.0772/ 0.0750)
>> epoch [ 198/1000], runtime:  3.43s, train err:  0.0817 (best:  0.0772/ 0.0750)
>> epoch [ 199/1000], runtime: 3.21s, train loss: 0.4237, train err: 0.0782, valid err:  0.0747,test err: 0.0789, best
>> epoch [ 200/1000], runtime:  3.20s, train loss: 0.4066, train err:  0.0761, valid err:  0.0842
>> epoch [ 201/1000], runtime:  3.42s, train loss: 0.3892, train err:  0.0745, valid err:  0.0750
>> epoch [ 202/1000], runtime:  3.34s, train loss: 0.4015, train err:  0.0747, valid err:  0.0875
>> epoch [ 203/1000], runtime:  3.36s, train loss: 0.4089, train err:  0.0756, valid err:  0.0772
>> epoch [ 204/1000], runtime:  3.39s, train loss: 0.4054, train err:  0.0752, valid err:  0.0806
>> epoch [ 205/1000], runtime:  3.24s, train loss: 0.3947, train err:  0.0747, valid err:  0.0755
>> epoch [ 206/1000], runtime:  3.28s, train loss: 0.4019, train err:  0.0744, valid err:  0.0783
>> epoch [ 207/1000], runtime: 3.17s, train loss: 0.3952, train err: 0.0746, valid err:  0.0733,test err: 0.0774, best
>> epoch [ 208/1000], runtime:  3.49s, train err:  0.0750 (best:  0.0746/ 0.0733)
>> epoch [ 209/1000], runtime:  3.49s, train err:  0.0757 (best:  0.0746/ 0.0733)
>> epoch [ 210/1000], runtime:  3.42s, train loss: 0.3759, train err:  0.0732, valid err:  0.0759
>> epoch [ 211/1000], runtime:  3.48s, train loss: 0.3945, train err:  0.0751, valid err:  0.0946
>> epoch [ 212/1000], runtime:  3.47s, train err:  0.0741 (best:  0.0746/ 0.0733)
>> epoch [ 213/1000], runtime:  3.42s, train err:  0.0748 (best:  0.0746/ 0.0733)
>> epoch [ 214/1000], runtime:  3.18s, train err:  0.0744 (best:  0.0746/ 0.0733)
>> epoch [ 215/1000], runtime:  3.23s, train loss: 0.3948, train err:  0.0741, valid err:  0.0780
>> epoch [ 216/1000], runtime:  3.22s, train err:  0.0785 (best:  0.0746/ 0.0733)
>> epoch [ 217/1000], runtime:  3.26s, train err:  0.0772 (best:  0.0746/ 0.0733)
>> epoch [ 218/1000], runtime:  3.47s, train err:  0.0776 (best:  0.0746/ 0.0733)
>> epoch [ 219/1000], runtime:  3.48s, train err:  0.0747 (best:  0.0746/ 0.0733)
>> epoch [ 220/1000], runtime:  3.41s, train err:  0.0760 (best:  0.0746/ 0.0733)
>> epoch [ 221/1000], runtime:  3.62s, train err:  0.0747 (best:  0.0746/ 0.0733)
>> epoch [ 222/1000], runtime:  3.40s, train err:  0.0750 (best:  0.0746/ 0.0733)
>> epoch [ 223/1000], runtime:  3.50s, train err:  0.0779 (best:  0.0746/ 0.0733)
>> epoch [ 224/1000], runtime:  3.23s, train err:  0.0773 (best:  0.0746/ 0.0733)
>> epoch [ 225/1000], runtime:  3.43s, train err:  0.0765 (best:  0.0746/ 0.0733)
>> epoch [ 226/1000], runtime:  3.41s, train loss: 0.3944, train err:  0.0748, valid err:  0.0777
>> epoch [ 227/1000], runtime:  3.27s, train err:  0.0752 (best:  0.0746/ 0.0733)
>> epoch [ 228/1000], runtime:  3.29s, train err:  0.0748 (best:  0.0746/ 0.0733)
>> epoch [ 229/1000], runtime:  3.45s, train err:  0.0755 (best:  0.0746/ 0.0733)
>> epoch [ 230/1000], runtime:  3.41s, train loss: 0.3951, train err:  0.0739, valid err:  0.0772
>> epoch [ 231/1000], runtime:  3.01s, train err:  0.0753 (best:  0.0746/ 0.0733)
>> epoch [ 232/1000], runtime:  3.04s, train err:  0.0754 (best:  0.0746/ 0.0733)
>> epoch [ 233/1000], runtime:  3.07s, train err:  0.0743 (best:  0.0746/ 0.0733)
>> epoch [ 234/1000], runtime:  3.42s, train err:  0.0765 (best:  0.0746/ 0.0733)
>> epoch [ 235/1000], runtime:  3.58s, train err:  0.0763 (best:  0.0746/ 0.0733)
>> epoch [ 236/1000], runtime:  3.37s, train err:  0.0749 (best:  0.0746/ 0.0733)
>> epoch [ 237/1000], runtime: 3.31s, train loss: 0.3945, train err: 0.0747, valid err:  0.0732,test err: 0.0778, best
>> epoch [ 238/1000], runtime:  2.96s, train loss: 0.3939, train err:  0.0742, valid err:  0.0743
>> epoch [ 239/1000], runtime:  2.64s, train loss: 0.3928, train err:  0.0747, valid err:  0.0817
>> epoch [ 240/1000], runtime:  2.71s, train loss: 0.3944, train err:  0.0752, valid err:  0.0795
>> epoch [ 241/1000], runtime:  2.76s, train loss: 0.3878, train err:  0.0746, valid err:  0.0744
>> epoch [ 242/1000], runtime:  2.83s, train err:  0.0751 (best:  0.0747/ 0.0732)
>> epoch [ 243/1000], runtime:  2.77s, train loss: 0.3853, train err:  0.0746, valid err:  0.0812
>> epoch [ 244/1000], runtime:  2.80s, train err:  0.0742 (best:  0.0747/ 0.0732)
>> epoch [ 245/1000], runtime:  2.71s, train loss: 0.3912, train err:  0.0739, valid err:  0.0740
>> epoch [ 246/1000], runtime:  2.68s, train loss: 0.3909, train err:  0.0736, valid err:  0.0778
>> epoch [ 247/1000], runtime:  2.34s, train err:  0.0754 (best:  0.0747/ 0.0732)
>> epoch [ 248/1000], runtime:  2.28s, train loss: 0.3932, train err:  0.0750, valid err:  0.0791
>> epoch [ 249/1000], runtime:  2.39s, train loss: 0.3913, train err:  0.0741, valid err:  0.0734
>> epoch [ 250/1000], runtime:  2.32s, train err:  0.0764 (best:  0.0747/ 0.0732)
>> epoch [ 251/1000], runtime:  2.38s, train err:  0.0743 (best:  0.0747/ 0.0732)
>> epoch [ 252/1000], runtime:  2.35s, train err:  0.0765 (best:  0.0747/ 0.0732)
>> epoch [ 253/1000], runtime:  2.37s, train err:  0.0776 (best:  0.0747/ 0.0732)
>> epoch [ 254/1000], runtime:  2.33s, train err:  0.0764 (best:  0.0747/ 0.0732)
>> epoch [ 255/1000], runtime:  2.32s, train err:  0.0755 (best:  0.0747/ 0.0732)
>> epoch [ 256/1000], runtime: 2.38s, train loss: 0.3873, train err: 0.0752, valid err:  0.0726,test err: 0.0773, best
>> epoch [ 257/1000], runtime:  2.32s, train err:  0.0741 (best:  0.0752/ 0.0726)
>> epoch [ 258/1000], runtime:  2.36s, train err:  0.0778 (best:  0.0752/ 0.0726)
>> epoch [ 259/1000], runtime:  2.37s, train err:  0.0745 (best:  0.0752/ 0.0726)
>> epoch [ 260/1000], runtime:  2.30s, train err:  0.0775 (best:  0.0752/ 0.0726)
>> epoch [ 261/1000], runtime:  2.40s, train err:  0.0748 (best:  0.0752/ 0.0726)
>> epoch [ 262/1000], runtime:  2.21s, train loss: 0.3804, train err:  0.0729, valid err:  0.0737
>> epoch [ 263/1000], runtime:  2.27s, train err:  0.0747 (best:  0.0752/ 0.0726)
>> epoch [ 264/1000], runtime:  2.27s, train err:  0.0755 (best:  0.0752/ 0.0726)
>> epoch [ 265/1000], runtime:  2.25s, train err:  0.0776 (best:  0.0752/ 0.0726)
>> epoch [ 266/1000], runtime:  2.17s, train loss: 0.3845, train err:  0.0747, valid err:  0.0752
>> epoch [ 267/1000], runtime:  2.05s, train loss: 0.3827, train err:  0.0734, valid err:  0.0741
>> epoch [ 268/1000], runtime:  2.26s, train loss: 0.3849, train err:  0.0735, valid err:  0.0753
>> epoch [ 269/1000], runtime:  2.34s, train err:  0.0770 (best:  0.0752/ 0.0726)
>> epoch [ 270/1000], runtime:  2.32s, train loss: 0.3843, train err:  0.0732, valid err:  0.0731
>> epoch [ 271/1000], runtime:  2.36s, train err:  0.0745 (best:  0.0752/ 0.0726)
>> epoch [ 272/1000], runtime:  2.40s, train err:  0.0762 (best:  0.0752/ 0.0726)
>> epoch [ 273/1000], runtime:  2.29s, train err:  0.0746 (best:  0.0752/ 0.0726)
>> epoch [ 274/1000], runtime:  2.26s, train err:  0.0750 (best:  0.0752/ 0.0726)
>> epoch [ 275/1000], runtime:  1.96s, train err:  0.0730 (best:  0.0752/ 0.0726)
>> epoch [ 276/1000], runtime:  2.29s, train err:  0.0763 (best:  0.0752/ 0.0726)
>> epoch [ 277/1000], runtime:  2.28s, train err:  0.0745 (best:  0.0752/ 0.0726)
>> epoch [ 278/1000], runtime:  2.12s, train err:  0.0738 (best:  0.0752/ 0.0726)
>> epoch [ 279/1000], runtime:  1.71s, train loss: 0.3840, train err:  0.0745, valid err:  0.0744
>> epoch [ 280/1000], runtime:  1.80s, train loss: 0.3864, train err:  0.0739, valid err:  0.0798
>> epoch [ 281/1000], runtime:  2.07s, train err:  0.0752 (best:  0.0752/ 0.0726)
>> epoch [ 282/1000], runtime:  2.03s, train err:  0.0758 (best:  0.0752/ 0.0726)
>> epoch [ 283/1000], runtime:  1.99s, train err:  0.0758 (best:  0.0752/ 0.0726)
>> epoch [ 284/1000], runtime:  1.94s, train err:  0.0739 (best:  0.0752/ 0.0726)
>> epoch [ 285/1000], runtime:  2.05s, train loss: 0.3867, train err:  0.0736, valid err:  0.0764
>> epoch [ 286/1000], runtime:  2.04s, train err:  0.0752 (best:  0.0752/ 0.0726)
>> epoch [ 287/1000], runtime:  2.10s, train err:  0.0737 (best:  0.0752/ 0.0726)
>> epoch [ 288/1000], runtime:  2.04s, train err:  0.0744 (best:  0.0752/ 0.0726)
>> epoch [ 289/1000], runtime:  2.05s, train err:  0.0748 (best:  0.0752/ 0.0726)
>> epoch [ 290/1000], runtime:  2.07s, train err:  0.0749 (best:  0.0752/ 0.0726)
>> epoch [ 291/1000], runtime:  2.06s, train err:  0.0745 (best:  0.0752/ 0.0726)
>> epoch [ 292/1000], runtime:  2.06s, train err:  0.0827 (best:  0.0752/ 0.0726)
>> epoch [ 293/1000], runtime:  2.04s, train err:  0.0800 (best:  0.0752/ 0.0726)
>> epoch [ 294/1000], runtime:  2.04s, train err:  0.0762 (best:  0.0752/ 0.0726)
>> epoch [ 295/1000], runtime:  2.04s, train err:  0.0755 (best:  0.0752/ 0.0726)
>> epoch [ 296/1000], runtime:  2.04s, train loss: 0.3827, train err:  0.0729, valid err:  0.0764
>> epoch [ 297/1000], runtime:  2.12s, train loss: 0.3824, train err:  0.0744, valid err:  0.0815
>> epoch [ 298/1000], runtime:  2.09s, train err:  0.0738 (best:  0.0752/ 0.0726)
>> epoch [ 299/1000], runtime:  2.04s, train err:  0.0774 (best:  0.0752/ 0.0726)
>> epoch [ 300/1000], runtime:  2.05s, train loss: 0.3866, train err:  0.0727, valid err:  0.0770
>> epoch [ 301/1000], runtime:  2.05s, train loss: 0.3739, train err:  0.0729, valid err:  0.0731
>> epoch [ 302/1000], runtime:  2.02s, train loss: 0.3861, train err:  0.0734, valid err:  0.0730
>> epoch [ 303/1000], runtime:  1.99s, train loss: 0.3832, train err:  0.0738, valid err:  0.0729
>> epoch [ 304/1000], runtime: 1.99s, train loss: 0.3811, train err: 0.0730, valid err:  0.0726,test err: 0.0763, best
>> epoch [ 305/1000], runtime:  1.99s, train loss: 0.3766, train err:  0.0719, valid err:  0.0738
>> epoch [ 306/1000], runtime: 1.99s, train loss: 0.3741, train err: 0.0727, valid err:  0.0724,test err: 0.0767, best
>> epoch [ 307/1000], runtime:  1.93s, train err:  0.0728 (best:  0.0727/ 0.0724)
>> epoch [ 308/1000], runtime:  1.77s, train err:  0.0731 (best:  0.0727/ 0.0724)
>> epoch [ 309/1000], runtime:  1.89s, train err:  0.0731 (best:  0.0727/ 0.0724)
>> epoch [ 310/1000], runtime:  2.06s, train err:  0.0739 (best:  0.0727/ 0.0724)
>> epoch [ 311/1000], runtime:  2.09s, train err:  0.0729 (best:  0.0727/ 0.0724)
>> epoch [ 312/1000], runtime:  1.83s, train loss: 0.3737, train err:  0.0718, valid err:  0.0764
>> epoch [ 313/1000], runtime:  1.79s, train err:  0.0726 (best:  0.0727/ 0.0724)
>> epoch [ 314/1000], runtime:  1.76s, train err:  0.0728 (best:  0.0727/ 0.0724)
>> epoch [ 315/1000], runtime:  1.84s, train err:  0.0729 (best:  0.0727/ 0.0724)
>> epoch [ 316/1000], runtime:  1.79s, train err:  0.0727 (best:  0.0727/ 0.0724)
>> epoch [ 317/1000], runtime:  1.82s, train err:  0.0732 (best:  0.0727/ 0.0724)
>> epoch [ 318/1000], runtime:  1.77s, train err:  0.0727 (best:  0.0727/ 0.0724)
>> epoch [ 319/1000], runtime:  1.63s, train err:  0.0727 (best:  0.0727/ 0.0724)
>> epoch [ 320/1000], runtime:  1.58s, train err:  0.0731 (best:  0.0727/ 0.0724)
>> epoch [ 321/1000], runtime:  1.82s, train err:  0.0714 (best:  0.0727/ 0.0724)
>> epoch [ 322/1000], runtime:  1.85s, train err:  0.0750 (best:  0.0727/ 0.0724)
>> epoch [ 323/1000], runtime:  1.82s, train err:  0.0731 (best:  0.0727/ 0.0724)
>> epoch [ 324/1000], runtime:  1.81s, train err:  0.0738 (best:  0.0727/ 0.0724)
>> epoch [ 325/1000], runtime:  1.83s, train loss: 0.3731, train err:  0.0727, valid err:  0.0766
>> epoch [ 326/1000], runtime:  1.85s, train err:  0.0737 (best:  0.0727/ 0.0724)
>> epoch [ 327/1000], runtime:  1.82s, train err:  0.0742 (best:  0.0727/ 0.0724)
>> epoch [ 328/1000], runtime:  1.81s, train loss: 0.3654, train err:  0.0719, valid err:  0.0728
>> epoch [ 329/1000], runtime:  1.77s, train err:  0.0733 (best:  0.0727/ 0.0724)
>> epoch [ 330/1000], runtime:  1.76s, train err:  0.0728 (best:  0.0727/ 0.0724)
>> epoch [ 331/1000], runtime:  1.81s, train err:  0.0733 (best:  0.0727/ 0.0724)
>> epoch [ 332/1000], runtime:  1.79s, train err:  0.0722 (best:  0.0727/ 0.0724)
>> epoch [ 333/1000], runtime:  1.71s, train loss: 0.3718, train err:  0.0723, valid err:  0.0728
>> epoch [ 334/1000], runtime:  1.65s, train err:  0.0738 (best:  0.0727/ 0.0724)
>> epoch [ 335/1000], runtime:  1.78s, train loss: 0.3703, train err:  0.0718, valid err:  0.0726
>> epoch [ 336/1000], runtime:  1.66s, train err:  0.0722 (best:  0.0727/ 0.0724)
>> epoch [ 337/1000], runtime:  1.80s, train err:  0.0732 (best:  0.0727/ 0.0724)
>> epoch [ 338/1000], runtime:  1.80s, train loss: 0.3697, train err:  0.0719, valid err:  0.0734
>> epoch [ 339/1000], runtime:  1.83s, train loss: 0.3711, train err:  0.0719, valid err:  0.0738
>> epoch [ 340/1000], runtime:  1.82s, train err:  0.0733 (best:  0.0727/ 0.0724)
>> epoch [ 341/1000], runtime:  1.81s, train err:  0.0721 (best:  0.0727/ 0.0724)
>> epoch [ 342/1000], runtime:  1.82s, train err:  0.0731 (best:  0.0727/ 0.0724)
>> epoch [ 343/1000], runtime:  1.83s, train err:  0.0729 (best:  0.0727/ 0.0724)
>> epoch [ 344/1000], runtime:  1.82s, train err:  0.0738 (best:  0.0727/ 0.0724)
>> epoch [ 345/1000], runtime:  1.84s, train err:  0.0737 (best:  0.0727/ 0.0724)
>> epoch [ 346/1000], runtime:  1.68s, train err:  0.0741 (best:  0.0727/ 0.0724)
>> epoch [ 347/1000], runtime:  1.78s, train err:  0.0714 (best:  0.0727/ 0.0724)
>> epoch [ 348/1000], runtime:  1.83s, train err:  0.0722 (best:  0.0727/ 0.0724)
>> epoch [ 349/1000], runtime:  1.77s, train err:  0.0725 (best:  0.0727/ 0.0724)
>> epoch [ 350/1000], runtime:  1.71s, train err:  0.0727 (best:  0.0727/ 0.0724)
>> epoch [ 351/1000], runtime:  1.73s, train err:  0.0716 (best:  0.0727/ 0.0724)
>> epoch [ 352/1000], runtime:  1.74s, train err:  0.0739 (best:  0.0727/ 0.0724)
>> epoch [ 353/1000], runtime:  1.72s, train loss: 0.3708, train err:  0.0724, valid err:  0.0735
>> epoch [ 354/1000], runtime:  1.72s, train loss: 0.3729, train err:  0.0719, valid err:  0.0843
>> epoch [ 355/1000], runtime:  1.74s, train loss: 0.3731, train err:  0.0727, valid err:  0.0734
>> epoch [ 356/1000], runtime:  1.72s, train loss: 0.3691, train err:  0.0713, valid err:  0.0814
>> epoch [ 357/1000], runtime:  1.77s, train err:  0.0740 (best:  0.0727/ 0.0724)
----------------------------------------------------------------------------------------------------
----------------------------------------------------------------------------------------------------
>> ntrain: 200, lr: 0.001, gamma: 0.5, w_d: 0.0
>> Best train loss:  0.3741
>> Best train error:  0.0727
>> Best valid error:  0.0724
>> Best test error:  0.0767
>> Best epoch: 305
----------------------------------------------------------------------------------------------------
----------------------------------------------------------------------------------------------------
>> Training Completed!!
