PID: 37440
>> Device being used: cuda (NVIDIA GeForce RTX 4090)
Number of parameters for MGN: 1793
Total number of parameters: 200195
>> Preprocessing completed, time elapsed:  0.82s
>> ntrain: 200, lr: 0.001, gamma: 0.5, w_d: 0.0
>> epoch [   1/1000], runtime: 6.52s, train loss: 50.2439, train err: 1.0006, valid err:  0.9994,test err: 0.9994, best
>> epoch [   2/1000], runtime: 6.12s, train loss: 42.7866, train err: 0.8700, valid err:  0.2513,test err: 0.2511, best
>> epoch [   3/1000], runtime: 6.04s, train loss: 8.8762, train err: 0.2482, valid err:  0.1842,test err: 0.1770, best
>> epoch [   4/1000], runtime: 6.03s, train loss: 6.4740, train err: 0.2268, valid err:  0.1825,test err: 0.1768, best
>> epoch [   5/1000], runtime: 6.20s, train loss: 6.0958, train err: 0.2417, valid err:  0.1797,test err: 0.1722, best
>> epoch [   6/1000], runtime:  5.93s, train loss: 5.4510, train err:  0.2333, valid err:  0.1994
>> epoch [   7/1000], runtime:  6.05s, train loss: 4.5877, train err:  0.2179, valid err:  0.1901
>> epoch [   8/1000], runtime:  6.08s, train loss: 4.2333, train err:  0.2161, valid err:  0.1858
>> epoch [   9/1000], runtime: 6.32s, train loss: 4.7679, train err: 0.2390, valid err:  0.1760,test err: 0.1682, best
>> epoch [  10/1000], runtime: 6.18s, train loss: 3.7734, train err: 0.2079, valid err:  0.1754,test err: 0.1672, best
>> epoch [  11/1000], runtime:  6.18s, train loss: 3.3957, train err:  0.2056, valid err:  0.1914
>> epoch [  12/1000], runtime:  6.31s, train err:  0.2328 (best:  0.2079/ 0.1754)
>> epoch [  13/1000], runtime:  6.17s, train loss: 3.4801, train err:  0.2091, valid err:  0.1785
>> epoch [  14/1000], runtime: 6.07s, train loss: 3.0336, train err: 0.1995, valid err:  0.1692,test err: 0.1612, best
>> epoch [  15/1000], runtime:  6.13s, train err:  0.2083 (best:  0.1995/ 0.1692)
>> epoch [  16/1000], runtime:  6.25s, train err:  0.2090 (best:  0.1995/ 0.1692)
>> epoch [  17/1000], runtime:  5.95s, train err:  0.2074 (best:  0.1995/ 0.1692)
>> epoch [  18/1000], runtime:  6.34s, train loss: 2.8542, train err:  0.1988, valid err:  0.1767
>> epoch [  19/1000], runtime:  6.24s, train loss: 2.7545, train err:  0.1971, valid err:  0.2064
>> epoch [  20/1000], runtime:  6.38s, train loss: 2.6389, train err:  0.1910, valid err:  0.1764
>> epoch [  21/1000], runtime: 6.37s, train loss: 2.4369, train err: 0.1854, valid err:  0.1662,test err: 0.1640, best
>> epoch [  22/1000], runtime: 6.59s, train loss: 2.3526, train err: 0.1828, valid err:  0.1531,test err: 0.1472, best
>> epoch [  23/1000], runtime: 6.35s, train loss: 2.3235, train err: 0.1807, valid err:  0.1519,test err: 0.1451, best
>> epoch [  24/1000], runtime:  6.17s, train loss: 2.0695, train err:  0.1722, valid err:  0.2008
>> epoch [  25/1000], runtime:  5.86s, train loss: 2.2483, train err:  0.1794, valid err:  0.1524
>> epoch [  26/1000], runtime:  6.07s, train loss: 2.1734, train err:  0.1741, valid err:  0.1626
>> epoch [  27/1000], runtime: 5.99s, train loss: 1.7596, train err: 0.1583, valid err:  0.1372,test err: 0.1320, best
>> epoch [  28/1000], runtime:  6.19s, train err:  0.1632 (best:  0.1583/ 0.1372)
>> epoch [  29/1000], runtime:  6.07s, train loss: 1.5960, train err:  0.1532, valid err:  0.1779
>> epoch [  30/1000], runtime:  6.43s, train err:  0.1642 (best:  0.1583/ 0.1372)
>> epoch [  31/1000], runtime: 6.11s, train loss: 1.4333, train err: 0.1420, valid err:  0.1298,test err: 0.1217, best
>> epoch [  32/1000], runtime: 5.85s, train loss: 1.3659, train err: 0.1391, valid err:  0.1166,test err: 0.1126, best
>> epoch [  33/1000], runtime:  6.36s, train loss: 1.2664, train err:  0.1353, valid err:  0.1897
>> epoch [  34/1000], runtime: 6.13s, train loss: 1.2857, train err: 0.1382, valid err:  0.1161,test err: 0.1177, best
>> epoch [  35/1000], runtime:  6.39s, train loss: 1.2207, train err:  0.1319, valid err:  0.1201
>> epoch [  36/1000], runtime:  6.50s, train err:  0.1343 (best:  0.1382/ 0.1161)
>> epoch [  37/1000], runtime:  6.16s, train loss: 1.1801, train err:  0.1305, valid err:  0.1230
>> epoch [  38/1000], runtime: 6.26s, train loss: 1.0715, train err: 0.1234, valid err:  0.1087,test err: 0.1014, best
>> epoch [  39/1000], runtime:  6.04s, train err:  0.1342 (best:  0.1234/ 0.1087)
>> epoch [  40/1000], runtime:  6.21s, train loss: 1.0029, train err:  0.1193, valid err:  0.1472
>> epoch [  41/1000], runtime:  6.31s, train loss: 0.9814, train err:  0.1174, valid err:  0.1143
>> epoch [  42/1000], runtime: 6.23s, train loss: 0.9184, train err: 0.1151, valid err:  0.1048,test err: 0.1076, best
>> epoch [  43/1000], runtime:  6.18s, train err:  0.1173 (best:  0.1151/ 0.1048)
>> epoch [  44/1000], runtime: 6.46s, train loss: 0.8814, train err: 0.1124, valid err:  0.1016,test err: 0.0972, best
>> epoch [  45/1000], runtime:  6.25s, train err:  0.1197 (best:  0.1124/ 0.1016)
>> epoch [  46/1000], runtime:  6.18s, train err:  0.1228 (best:  0.1124/ 0.1016)
>> epoch [  47/1000], runtime:  6.35s, train err:  0.1147 (best:  0.1124/ 0.1016)
>> epoch [  48/1000], runtime:  6.53s, train err:  0.1197 (best:  0.1124/ 0.1016)
>> epoch [  49/1000], runtime:  6.35s, train err:  0.1173 (best:  0.1124/ 0.1016)
>> epoch [  50/1000], runtime:  6.31s, train err:  0.1174 (best:  0.1124/ 0.1016)
>> epoch [  51/1000], runtime: 6.13s, train loss: 0.8748, train err: 0.1101, valid err:  0.0992,test err: 0.1041, best
>> epoch [  52/1000], runtime:  6.60s, train loss: 0.8217, train err:  0.1077, valid err:  0.1126
>> epoch [  53/1000], runtime:  6.23s, train err:  0.1125 (best:  0.1101/ 0.0992)
>> epoch [  54/1000], runtime: 6.25s, train loss: 0.8651, train err: 0.1092, valid err:  0.0981,test err: 0.0936, best
>> epoch [  55/1000], runtime:  6.42s, train loss: 0.8530, train err:  0.1068, valid err:  0.0987
>> epoch [  56/1000], runtime: 6.34s, train loss: 0.7969, train err: 0.1059, valid err:  0.0940,test err: 0.0918, best
>> epoch [  57/1000], runtime:  6.33s, train err:  0.1084 (best:  0.1059/ 0.0940)
>> epoch [  58/1000], runtime:  6.36s, train err:  0.1129 (best:  0.1059/ 0.0940)
>> epoch [  59/1000], runtime:  6.41s, train err:  0.1382 (best:  0.1059/ 0.0940)
>> epoch [  60/1000], runtime:  6.49s, train err:  0.1064 (best:  0.1059/ 0.0940)
>> epoch [  61/1000], runtime: 6.20s, train loss: 0.7196, train err: 0.0999, valid err:  0.0923,test err: 0.0897, best
>> epoch [  62/1000], runtime:  6.18s, train err:  0.1011 (best:  0.0999/ 0.0923)
>> epoch [  63/1000], runtime:  6.41s, train err:  0.1013 (best:  0.0999/ 0.0923)
>> epoch [  64/1000], runtime:  6.40s, train err:  0.1036 (best:  0.0999/ 0.0923)
>> epoch [  65/1000], runtime: 6.05s, train loss: 0.6631, train err: 0.0965, valid err:  0.0875,test err: 0.0910, best
>> epoch [  66/1000], runtime:  6.14s, train err:  0.1013 (best:  0.0965/ 0.0875)
>> epoch [  67/1000], runtime:  6.55s, train err:  0.0951 (best:  0.0965/ 0.0875)
>> epoch [  68/1000], runtime: 6.13s, train loss: 0.6124, train err: 0.0926, valid err:  0.0861,test err: 0.0855, best
>> epoch [  69/1000], runtime: 6.07s, train loss: 0.5955, train err: 0.0905, valid err:  0.0856,test err: 0.0853, best
>> epoch [  70/1000], runtime:  6.23s, train loss: 0.5940, train err:  0.0909, valid err:  0.0884
>> epoch [  71/1000], runtime:  6.31s, train err:  0.1028 (best:  0.0905/ 0.0856)
>> epoch [  72/1000], runtime:  6.15s, train err:  0.0934 (best:  0.0905/ 0.0856)
>> epoch [  73/1000], runtime:  6.57s, train err:  0.0976 (best:  0.0905/ 0.0856)
>> epoch [  74/1000], runtime:  6.40s, train err:  0.0928 (best:  0.0905/ 0.0856)
>> epoch [  75/1000], runtime: 6.41s, train loss: 0.5738, train err: 0.0894, valid err:  0.0854,test err: 0.0930, best
>> epoch [  76/1000], runtime:  6.29s, train err:  0.0899 (best:  0.0894/ 0.0854)
>> epoch [  77/1000], runtime:  6.20s, train err:  0.0910 (best:  0.0894/ 0.0854)
>> epoch [  78/1000], runtime:  6.69s, train err:  0.0918 (best:  0.0894/ 0.0854)
>> epoch [  79/1000], runtime: 6.91s, train loss: 0.5551, train err: 0.0881, valid err:  0.0806,test err: 0.0868, best
>> epoch [  80/1000], runtime:  6.60s, train err:  0.0948 (best:  0.0881/ 0.0806)
>> epoch [  81/1000], runtime:  6.54s, train loss: 0.5374, train err:  0.0860, valid err:  0.0865
>> epoch [  82/1000], runtime:  6.49s, train err:  0.0894 (best:  0.0881/ 0.0806)
>> epoch [  83/1000], runtime:  6.38s, train err:  0.1035 (best:  0.0881/ 0.0806)
>> epoch [  84/1000], runtime:  6.77s, train err:  0.0919 (best:  0.0881/ 0.0806)
>> epoch [  85/1000], runtime:  6.37s, train loss: 0.5536, train err:  0.0880, valid err:  0.0927
>> epoch [  86/1000], runtime:  6.25s, train err:  0.0904 (best:  0.0881/ 0.0806)
>> epoch [  87/1000], runtime:  5.82s, train loss: 0.5125, train err:  0.0854, valid err:  0.0878
>> epoch [  88/1000], runtime:  6.02s, train err:  0.0891 (best:  0.0881/ 0.0806)
>> epoch [  89/1000], runtime:  5.94s, train loss: 0.5106, train err:  0.0847, valid err:  0.0935
>> epoch [  90/1000], runtime: 5.76s, train loss: 0.5034, train err: 0.0840, valid err:  0.0776,test err: 0.0784, best
>> epoch [  91/1000], runtime:  5.18s, train err:  0.0884 (best:  0.0840/ 0.0776)
>> epoch [  92/1000], runtime: 5.28s, train loss: 0.4916, train err: 0.0831, valid err:  0.0768,test err: 0.0781, best
>> epoch [  93/1000], runtime: 5.19s, train loss: 0.4659, train err: 0.0817, valid err:  0.0757,test err: 0.0792, best
>> epoch [  94/1000], runtime:  4.59s, train err:  0.0843 (best:  0.0817/ 0.0757)
>> epoch [  95/1000], runtime:  4.59s, train err:  0.0911 (best:  0.0817/ 0.0757)
>> epoch [  96/1000], runtime:  4.70s, train err:  0.0841 (best:  0.0817/ 0.0757)
>> epoch [  97/1000], runtime:  4.75s, train err:  0.0857 (best:  0.0817/ 0.0757)
>> epoch [  98/1000], runtime:  4.49s, train err:  0.0846 (best:  0.0817/ 0.0757)
>> epoch [  99/1000], runtime:  4.84s, train err:  0.0850 (best:  0.0817/ 0.0757)
>> epoch [ 100/1000], runtime:  4.76s, train err:  0.0823 (best:  0.0817/ 0.0757)
>> epoch [ 101/1000], runtime: 4.68s, train loss: 0.4479, train err: 0.0792, valid err:  0.0739,test err: 0.0783, best
>> epoch [ 102/1000], runtime: 4.10s, train loss: 0.4397, train err: 0.0785, valid err:  0.0738,test err: 0.0762, best
>> epoch [ 103/1000], runtime:  4.04s, train err:  0.0790 (best:  0.0785/ 0.0738)
>> epoch [ 104/1000], runtime:  4.03s, train loss: 0.4184, train err:  0.0769, valid err:  0.0777
>> epoch [ 105/1000], runtime:  4.14s, train loss: 0.4327, train err:  0.0780, valid err:  0.0765
>> epoch [ 106/1000], runtime:  3.90s, train err:  0.0781 (best:  0.0785/ 0.0738)
>> epoch [ 107/1000], runtime: 4.17s, train loss: 0.4275, train err: 0.0774, valid err:  0.0732,test err: 0.0771, best
>> epoch [ 108/1000], runtime:  4.37s, train err:  0.0780 (best:  0.0774/ 0.0732)
>> epoch [ 109/1000], runtime:  4.02s, train loss: 0.4139, train err:  0.0759, valid err:  0.0750
>> epoch [ 110/1000], runtime:  3.90s, train err:  0.0790 (best:  0.0774/ 0.0732)
>> epoch [ 111/1000], runtime:  3.79s, train err:  0.0783 (best:  0.0774/ 0.0732)
>> epoch [ 112/1000], runtime:  3.52s, train loss: 0.4135, train err:  0.0757, valid err:  0.0739
>> epoch [ 113/1000], runtime:  3.70s, train loss: 0.4126, train err:  0.0761, valid err:  0.0832
>> epoch [ 114/1000], runtime:  3.65s, train loss: 0.4210, train err:  0.0767, valid err:  0.0805
>> epoch [ 115/1000], runtime:  3.65s, train loss: 0.4060, train err:  0.0762, valid err:  0.0750
>> epoch [ 116/1000], runtime:  3.67s, train loss: 0.4202, train err:  0.0765, valid err:  0.0743
>> epoch [ 117/1000], runtime:  3.51s, train loss: 0.3996, train err:  0.0749, valid err:  0.0800
>> epoch [ 118/1000], runtime:  3.83s, train err:  0.0796 (best:  0.0774/ 0.0732)
>> epoch [ 119/1000], runtime:  3.51s, train err:  0.0813 (best:  0.0774/ 0.0732)
>> epoch [ 120/1000], runtime:  3.73s, train err:  0.0780 (best:  0.0774/ 0.0732)
>> epoch [ 121/1000], runtime:  3.44s, train loss: 0.4239, train err:  0.0778, valid err:  0.0812
>> epoch [ 122/1000], runtime:  3.57s, train loss: 0.3915, train err:  0.0754, valid err:  0.0738
>> epoch [ 123/1000], runtime:  3.39s, train err:  0.0787 (best:  0.0774/ 0.0732)
>> epoch [ 124/1000], runtime:  3.88s, train loss: 0.4040, train err:  0.0752, valid err:  0.0984
>> epoch [ 125/1000], runtime:  3.96s, train err:  0.0793 (best:  0.0774/ 0.0732)
>> epoch [ 126/1000], runtime:  3.75s, train loss: 0.4102, train err:  0.0766, valid err:  0.0763
>> epoch [ 127/1000], runtime:  3.55s, train loss: 0.4174, train err:  0.0758, valid err:  0.0789
>> epoch [ 128/1000], runtime: 3.59s, train loss: 0.4182, train err: 0.0775, valid err:  0.0728,test err: 0.0773, best
>> epoch [ 129/1000], runtime:  3.46s, train loss: 0.4001, train err:  0.0745, valid err:  0.0754
>> epoch [ 130/1000], runtime:  3.50s, train err:  0.0779 (best:  0.0775/ 0.0728)
>> epoch [ 131/1000], runtime:  3.54s, train err:  0.0779 (best:  0.0775/ 0.0728)
>> epoch [ 132/1000], runtime:  3.75s, train err:  0.0773 (best:  0.0775/ 0.0728)
>> epoch [ 133/1000], runtime:  3.49s, train err:  0.0830 (best:  0.0775/ 0.0728)
>> epoch [ 134/1000], runtime:  3.71s, train loss: 0.4151, train err:  0.0760, valid err:  0.0793
>> epoch [ 135/1000], runtime: 3.48s, train loss: 0.3979, train err: 0.0749, valid err:  0.0721,test err: 0.0768, best
>> epoch [ 136/1000], runtime:  3.72s, train err:  0.0746 (best:  0.0749/ 0.0721)
>> epoch [ 137/1000], runtime:  3.32s, train loss: 0.3978, train err:  0.0751, valid err:  0.0803
>> epoch [ 138/1000], runtime:  3.72s, train err:  0.0751 (best:  0.0749/ 0.0721)
>> epoch [ 139/1000], runtime:  3.62s, train err:  0.0777 (best:  0.0749/ 0.0721)
>> epoch [ 140/1000], runtime:  3.64s, train err:  0.0758 (best:  0.0749/ 0.0721)
>> epoch [ 141/1000], runtime:  3.65s, train err:  0.0776 (best:  0.0749/ 0.0721)
>> epoch [ 142/1000], runtime:  3.74s, train err:  0.0751 (best:  0.0749/ 0.0721)
>> epoch [ 143/1000], runtime:  3.77s, train err:  0.0772 (best:  0.0749/ 0.0721)
>> epoch [ 144/1000], runtime:  3.51s, train err:  0.0772 (best:  0.0749/ 0.0721)
>> epoch [ 145/1000], runtime:  3.68s, train err:  0.0789 (best:  0.0749/ 0.0721)
>> epoch [ 146/1000], runtime:  3.55s, train err:  0.0763 (best:  0.0749/ 0.0721)
>> epoch [ 147/1000], runtime:  3.49s, train err:  0.0762 (best:  0.0749/ 0.0721)
>> epoch [ 148/1000], runtime:  3.16s, train err:  0.0760 (best:  0.0749/ 0.0721)
>> epoch [ 149/1000], runtime:  3.33s, train err:  0.0772 (best:  0.0749/ 0.0721)
>> epoch [ 150/1000], runtime:  3.08s, train err:  0.0762 (best:  0.0749/ 0.0721)
>> epoch [ 151/1000], runtime:  3.26s, train loss: 0.3878, train err:  0.0750, valid err:  0.0787
>> epoch [ 152/1000], runtime:  3.20s, train err:  0.0777 (best:  0.0749/ 0.0721)
>> epoch [ 153/1000], runtime:  2.69s, train loss: 0.3957, train err:  0.0741, valid err:  0.0881
>> epoch [ 154/1000], runtime:  2.52s, train err:  0.0748 (best:  0.0749/ 0.0721)
>> epoch [ 155/1000], runtime:  2.68s, train err:  0.0793 (best:  0.0749/ 0.0721)
>> epoch [ 156/1000], runtime:  2.67s, train err:  0.0763 (best:  0.0749/ 0.0721)
>> epoch [ 157/1000], runtime:  2.64s, train loss: 0.3869, train err:  0.0742, valid err:  0.0734
>> epoch [ 158/1000], runtime: 2.59s, train loss: 0.3963, train err: 0.0746, valid err:  0.0716,test err: 0.0752, best
>> epoch [ 159/1000], runtime:  2.47s, train err:  0.0761 (best:  0.0746/ 0.0716)
>> epoch [ 160/1000], runtime:  2.74s, train err:  0.0762 (best:  0.0746/ 0.0716)
>> epoch [ 161/1000], runtime:  2.82s, train err:  0.0771 (best:  0.0746/ 0.0716)
>> epoch [ 162/1000], runtime:  2.53s, train err:  0.0737 (best:  0.0746/ 0.0716)
>> epoch [ 163/1000], runtime:  2.68s, train loss: 0.3903, train err:  0.0739, valid err:  0.0810
>> epoch [ 164/1000], runtime:  2.82s, train err:  0.0784 (best:  0.0746/ 0.0716)
>> epoch [ 165/1000], runtime:  2.77s, train loss: 0.3938, train err:  0.0741, valid err:  0.0718
>> epoch [ 166/1000], runtime:  2.71s, train loss: 0.3912, train err:  0.0745, valid err:  0.0729
>> epoch [ 167/1000], runtime:  2.81s, train err:  0.0756 (best:  0.0746/ 0.0716)
>> epoch [ 168/1000], runtime:  2.56s, train loss: 0.3900, train err:  0.0731, valid err:  0.0744
>> epoch [ 169/1000], runtime:  2.57s, train err:  0.0798 (best:  0.0746/ 0.0716)
>> epoch [ 170/1000], runtime:  2.60s, train err:  0.0780 (best:  0.0746/ 0.0716)
>> epoch [ 171/1000], runtime:  2.83s, train loss: 0.3910, train err:  0.0751, valid err:  0.0843
>> epoch [ 172/1000], runtime:  2.56s, train err:  0.0821 (best:  0.0746/ 0.0716)
>> epoch [ 173/1000], runtime:  2.62s, train err:  0.0774 (best:  0.0746/ 0.0716)
>> epoch [ 174/1000], runtime:  2.80s, train err:  0.0768 (best:  0.0746/ 0.0716)
>> epoch [ 175/1000], runtime:  2.70s, train err:  0.0754 (best:  0.0746/ 0.0716)
>> epoch [ 176/1000], runtime:  2.57s, train loss: 0.3927, train err:  0.0738, valid err:  0.0718
>> epoch [ 177/1000], runtime:  2.73s, train err:  0.0761 (best:  0.0746/ 0.0716)
>> epoch [ 178/1000], runtime:  2.52s, train err:  0.0753 (best:  0.0746/ 0.0716)
>> epoch [ 179/1000], runtime:  2.62s, train err:  0.0772 (best:  0.0746/ 0.0716)
>> epoch [ 180/1000], runtime:  2.64s, train loss: 0.3894, train err:  0.0743, valid err:  0.0738
>> epoch [ 181/1000], runtime:  2.82s, train loss: 0.3804, train err:  0.0729, valid err:  0.0724
>> epoch [ 182/1000], runtime:  2.61s, train err:  0.0755 (best:  0.0746/ 0.0716)
>> epoch [ 183/1000], runtime:  2.71s, train err:  0.0762 (best:  0.0746/ 0.0716)
>> epoch [ 184/1000], runtime:  2.53s, train err:  0.0765 (best:  0.0746/ 0.0716)
>> epoch [ 185/1000], runtime:  2.70s, train loss: 0.3799, train err:  0.0728, valid err:  0.0740
>> epoch [ 186/1000], runtime: 2.67s, train loss: 0.3859, train err: 0.0732, valid err:  0.0709,test err: 0.0758, best
>> epoch [ 187/1000], runtime:  2.75s, train err:  0.0776 (best:  0.0732/ 0.0709)
>> epoch [ 188/1000], runtime:  2.72s, train err:  0.0765 (best:  0.0732/ 0.0709)
>> epoch [ 189/1000], runtime:  2.75s, train err:  0.0741 (best:  0.0732/ 0.0709)
>> epoch [ 190/1000], runtime:  2.73s, train err:  0.0753 (best:  0.0732/ 0.0709)
>> epoch [ 191/1000], runtime:  2.80s, train err:  0.0761 (best:  0.0732/ 0.0709)
>> epoch [ 192/1000], runtime:  2.78s, train err:  0.0738 (best:  0.0732/ 0.0709)
>> epoch [ 193/1000], runtime:  2.89s, train err:  0.0744 (best:  0.0732/ 0.0709)
>> epoch [ 194/1000], runtime:  2.65s, train err:  0.0746 (best:  0.0732/ 0.0709)
>> epoch [ 195/1000], runtime:  2.63s, train err:  0.0761 (best:  0.0732/ 0.0709)
>> epoch [ 196/1000], runtime:  2.70s, train err:  0.0769 (best:  0.0732/ 0.0709)
>> epoch [ 197/1000], runtime:  2.72s, train err:  0.0757 (best:  0.0732/ 0.0709)
>> epoch [ 198/1000], runtime:  2.59s, train loss: 0.3841, train err:  0.0747, valid err:  0.0740
>> epoch [ 199/1000], runtime:  2.62s, train err:  0.0746 (best:  0.0732/ 0.0709)
>> epoch [ 200/1000], runtime:  2.80s, train err:  0.0771 (best:  0.0732/ 0.0709)
>> epoch [ 201/1000], runtime:  2.69s, train loss: 0.3785, train err:  0.0733, valid err:  0.0730
>> epoch [ 202/1000], runtime:  2.72s, train loss: 0.3736, train err:  0.0720, valid err:  0.0709
>> epoch [ 203/1000], runtime:  2.71s, train loss: 0.3670, train err:  0.0722, valid err:  0.0717
>> epoch [ 204/1000], runtime: 2.66s, train loss: 0.3695, train err: 0.0719, valid err:  0.0701,test err: 0.0738, best
>> epoch [ 205/1000], runtime:  2.57s, train err:  0.0734 (best:  0.0719/ 0.0701)
>> epoch [ 206/1000], runtime:  2.71s, train err:  0.0740 (best:  0.0719/ 0.0701)
>> epoch [ 207/1000], runtime:  2.76s, train err:  0.0736 (best:  0.0719/ 0.0701)
>> epoch [ 208/1000], runtime:  2.69s, train err:  0.0724 (best:  0.0719/ 0.0701)
>> epoch [ 209/1000], runtime:  2.89s, train err:  0.0721 (best:  0.0719/ 0.0701)
>> epoch [ 210/1000], runtime:  2.61s, train err:  0.0716 (best:  0.0719/ 0.0701)
>> epoch [ 211/1000], runtime:  2.58s, train err:  0.0718 (best:  0.0719/ 0.0701)
>> epoch [ 212/1000], runtime:  2.64s, train err:  0.0728 (best:  0.0719/ 0.0701)
>> epoch [ 213/1000], runtime:  2.77s, train loss: 0.3687, train err:  0.0712, valid err:  0.0775
>> epoch [ 214/1000], runtime:  2.78s, train err:  0.0730 (best:  0.0719/ 0.0701)
>> epoch [ 215/1000], runtime:  2.63s, train err:  0.0725 (best:  0.0719/ 0.0701)
>> epoch [ 216/1000], runtime:  2.64s, train err:  0.0716 (best:  0.0719/ 0.0701)
>> epoch [ 217/1000], runtime:  2.72s, train err:  0.0741 (best:  0.0719/ 0.0701)
>> epoch [ 218/1000], runtime:  2.63s, train err:  0.0720 (best:  0.0719/ 0.0701)
>> epoch [ 219/1000], runtime:  2.56s, train err:  0.0737 (best:  0.0719/ 0.0701)
>> epoch [ 220/1000], runtime:  2.78s, train err:  0.0748 (best:  0.0719/ 0.0701)
>> epoch [ 221/1000], runtime:  2.83s, train err:  0.0728 (best:  0.0719/ 0.0701)
>> epoch [ 222/1000], runtime:  2.64s, train err:  0.0745 (best:  0.0719/ 0.0701)
>> epoch [ 223/1000], runtime:  2.52s, train err:  0.0737 (best:  0.0719/ 0.0701)
>> epoch [ 224/1000], runtime:  2.85s, train err:  0.0732 (best:  0.0719/ 0.0701)
>> epoch [ 225/1000], runtime:  2.70s, train err:  0.0742 (best:  0.0719/ 0.0701)
>> epoch [ 226/1000], runtime:  2.73s, train loss: 0.3670, train err:  0.0719, valid err:  0.0709
>> epoch [ 227/1000], runtime:  2.82s, train err:  0.0725 (best:  0.0719/ 0.0701)
>> epoch [ 228/1000], runtime:  2.79s, train err:  0.0716 (best:  0.0719/ 0.0701)
>> epoch [ 229/1000], runtime:  2.82s, train loss: 0.3695, train err:  0.0719, valid err:  0.0704
>> epoch [ 230/1000], runtime:  2.76s, train loss: 0.3648, train err:  0.0717, valid err:  0.0720
>> epoch [ 231/1000], runtime:  2.80s, train err:  0.0730 (best:  0.0719/ 0.0701)
>> epoch [ 232/1000], runtime:  2.59s, train err:  0.0724 (best:  0.0719/ 0.0701)
>> epoch [ 233/1000], runtime: 2.81s, train loss: 0.3666, train err: 0.0718, valid err:  0.0700,test err: 0.0743, best
>> epoch [ 234/1000], runtime:  2.77s, train err:  0.0730 (best:  0.0718/ 0.0700)
>> epoch [ 235/1000], runtime:  2.28s, train err:  0.0720 (best:  0.0718/ 0.0700)
>> epoch [ 236/1000], runtime:  2.51s, train err:  0.0734 (best:  0.0718/ 0.0700)
>> epoch [ 237/1000], runtime:  2.84s, train err:  0.0724 (best:  0.0718/ 0.0700)
>> epoch [ 238/1000], runtime:  2.77s, train loss: 0.3594, train err:  0.0707, valid err:  0.0711
>> epoch [ 239/1000], runtime:  2.72s, train loss: 0.3653, train err:  0.0721, valid err:  0.0711
>> epoch [ 240/1000], runtime:  2.74s, train err:  0.0719 (best:  0.0718/ 0.0700)
>> epoch [ 241/1000], runtime:  2.75s, train err:  0.0727 (best:  0.0718/ 0.0700)
>> epoch [ 242/1000], runtime:  2.68s, train loss: 0.3659, train err:  0.0715, valid err:  0.0752
>> epoch [ 243/1000], runtime:  2.56s, train err:  0.0735 (best:  0.0718/ 0.0700)
>> epoch [ 244/1000], runtime:  2.71s, train err:  0.0723 (best:  0.0718/ 0.0700)
>> epoch [ 245/1000], runtime:  2.50s, train err:  0.0718 (best:  0.0718/ 0.0700)
>> epoch [ 246/1000], runtime:  2.64s, train err:  0.0732 (best:  0.0718/ 0.0700)
>> epoch [ 247/1000], runtime:  2.81s, train err:  0.0717 (best:  0.0718/ 0.0700)
>> epoch [ 248/1000], runtime:  2.85s, train err:  0.0726 (best:  0.0718/ 0.0700)
>> epoch [ 249/1000], runtime:  2.73s, train err:  0.0736 (best:  0.0718/ 0.0700)
>> epoch [ 250/1000], runtime:  2.58s, train err:  0.0725 (best:  0.0718/ 0.0700)
>> epoch [ 251/1000], runtime:  2.67s, train err:  0.0727 (best:  0.0718/ 0.0700)
>> epoch [ 252/1000], runtime:  2.73s, train err:  0.0720 (best:  0.0718/ 0.0700)
>> epoch [ 253/1000], runtime:  2.76s, train err:  0.0716 (best:  0.0718/ 0.0700)
>> epoch [ 254/1000], runtime:  2.78s, train err:  0.0736 (best:  0.0718/ 0.0700)
>> epoch [ 255/1000], runtime:  2.59s, train err:  0.0723 (best:  0.0718/ 0.0700)
>> epoch [ 256/1000], runtime:  2.54s, train loss: 0.3552, train err:  0.0706, valid err:  0.0705
>> epoch [ 257/1000], runtime:  2.81s, train loss: 0.3581, train err:  0.0711, valid err:  0.0701
>> epoch [ 258/1000], runtime:  2.92s, train err:  0.0713 (best:  0.0718/ 0.0700)
>> epoch [ 259/1000], runtime:  2.76s, train err:  0.0725 (best:  0.0718/ 0.0700)
>> epoch [ 260/1000], runtime:  2.84s, train err:  0.0725 (best:  0.0718/ 0.0700)
>> epoch [ 261/1000], runtime:  2.79s, train err:  0.0722 (best:  0.0718/ 0.0700)
>> epoch [ 262/1000], runtime:  2.84s, train err:  0.0728 (best:  0.0718/ 0.0700)
>> epoch [ 263/1000], runtime:  2.79s, train err:  0.0755 (best:  0.0718/ 0.0700)
>> epoch [ 264/1000], runtime:  2.79s, train err:  0.0723 (best:  0.0718/ 0.0700)
>> epoch [ 265/1000], runtime:  2.76s, train err:  0.0726 (best:  0.0718/ 0.0700)
>> epoch [ 266/1000], runtime:  2.73s, train err:  0.0721 (best:  0.0718/ 0.0700)
>> epoch [ 267/1000], runtime:  2.59s, train err:  0.0717 (best:  0.0718/ 0.0700)
>> epoch [ 268/1000], runtime:  2.73s, train loss: 0.3617, train err:  0.0711, valid err:  0.0714
>> epoch [ 269/1000], runtime:  2.74s, train err:  0.0721 (best:  0.0718/ 0.0700)
>> epoch [ 270/1000], runtime:  2.75s, train err:  0.0725 (best:  0.0718/ 0.0700)
>> epoch [ 271/1000], runtime:  2.50s, train err:  0.0727 (best:  0.0718/ 0.0700)
>> epoch [ 272/1000], runtime:  2.75s, train err:  0.0727 (best:  0.0718/ 0.0700)
>> epoch [ 273/1000], runtime:  2.61s, train err:  0.0733 (best:  0.0718/ 0.0700)
>> epoch [ 274/1000], runtime:  2.88s, train err:  0.0730 (best:  0.0718/ 0.0700)
>> epoch [ 275/1000], runtime:  2.79s, train err:  0.0733 (best:  0.0718/ 0.0700)
>> epoch [ 276/1000], runtime:  2.63s, train err:  0.0726 (best:  0.0718/ 0.0700)
>> epoch [ 277/1000], runtime:  2.80s, train err:  0.0747 (best:  0.0718/ 0.0700)
>> epoch [ 278/1000], runtime:  2.97s, train err:  0.0739 (best:  0.0718/ 0.0700)
>> epoch [ 279/1000], runtime:  2.89s, train err:  0.0729 (best:  0.0718/ 0.0700)
>> epoch [ 280/1000], runtime:  2.89s, train err:  0.0731 (best:  0.0718/ 0.0700)
>> epoch [ 281/1000], runtime:  2.73s, train err:  0.0722 (best:  0.0718/ 0.0700)
>> epoch [ 282/1000], runtime:  2.79s, train loss: 0.3657, train err:  0.0714, valid err:  0.0717
>> epoch [ 283/1000], runtime:  2.68s, train err:  0.0742 (best:  0.0718/ 0.0700)
>> epoch [ 284/1000], runtime:  2.63s, train err:  0.0720 (best:  0.0718/ 0.0700)
----------------------------------------------------------------------------------------------------
----------------------------------------------------------------------------------------------------
>> ntrain: 200, lr: 0.001, gamma: 0.5, w_d: 0.0
>> Best train loss:  0.3666
>> Best train error:  0.0718
>> Best valid error:  0.0700
>> Best test error:  0.0743
>> Best epoch: 232
----------------------------------------------------------------------------------------------------
----------------------------------------------------------------------------------------------------
>> Training Completed!!
