Total number of parameters: 66433
/root/autodl-tmp/project/MPNO_final/ex35_plot_u_comparsion/MLP/plot_u_MGN_MLP_ICNN.py:40: FutureWarning: You are using `torch.load` with `weights_only=False` (the current default value), which uses the default pickle module implicitly. It is possible to construct malicious pickle data which will execute arbitrary code during unpickling (See https://github.com/pytorch/pytorch/blob/main/SECURITY.md#untrusted-models for more details). In a future release, the default value for `weights_only` will be flipped to `True`. This limits the functions that could be executed during unpickling. Arbitrary objects will no longer be allowed to be loaded via this mode unless they are explicitly allowlisted by the user via `torch.serialization.add_safe_globals`. We recommend you start setting `weights_only=True` for any use case where you don't have full control of the loaded file. Please open an issue on GitHub for any issues related to this experimental feature.
  model_NN.load_state_dict(torch.load(model_path))
Total number of parameters: 1153
/root/autodl-tmp/project/MPNO_final/ex35_plot_u_comparsion/MLP/plot_u_MGN_MLP_ICNN.py:51: FutureWarning: You are using `torch.load` with `weights_only=False` (the current default value), which uses the default pickle module implicitly. It is possible to construct malicious pickle data which will execute arbitrary code during unpickling (See https://github.com/pytorch/pytorch/blob/main/SECURITY.md#untrusted-models for more details). In a future release, the default value for `weights_only` will be flipped to `True`. This limits the functions that could be executed during unpickling. Arbitrary objects will no longer be allowed to be loaded via this mode unless they are explicitly allowlisted by the user via `torch.serialization.add_safe_globals`. We recommend you start setting `weights_only=True` for any use case where you don't have full control of the loaded file. Please open an issue on GitHub for any issues related to this experimental feature.
  model_MGN.load_state_dict(torch.load(model_path))
ICNN Total number of parameters: 66433
/root/autodl-tmp/project/MPNO_final/ex35_plot_u_comparsion/MLP/plot_u_MGN_MLP_ICNN.py:61: FutureWarning: You are using `torch.load` with `weights_only=False` (the current default value), which uses the default pickle module implicitly. It is possible to construct malicious pickle data which will execute arbitrary code during unpickling (See https://github.com/pytorch/pytorch/blob/main/SECURITY.md#untrusted-models for more details). In a future release, the default value for `weights_only` will be flipped to `True`. This limits the functions that could be executed during unpickling. Arbitrary objects will no longer be allowed to be loaded via this mode unless they are explicitly allowlisted by the user via `torch.serialization.add_safe_globals`. We recommend you start setting `weights_only=True` for any use case where you don't have full control of the loaded file. Please open an issue on GitHub for any issues related to this experimental feature.
  model_ICNN.load_state_dict(torch.load(model_path))
NN linear solver for sample 1: error=4.52e-02
NN nonlinear solver for sample 1: error=4.04e-02
MGN linear solver for sample 1: error=1.00e-06
MGN nonlinear solver for sample 1: error=8.81e-07
ICNN linear solver for sample 1: error=8.11e-07
ICNN nonlinear solver for sample 1: error=5.95e-07
NN linear solver for sample 3: error=2.91e-02
NN nonlinear solver for sample 3: error=2.91e-02
MGN linear solver for sample 3: error=6.99e-07
MGN nonlinear solver for sample 3: error=6.31e-07
ICNN linear solver for sample 3: error=8.37e-07
ICNN nonlinear solver for sample 3: error=6.45e-07
