>> Device being used: cuda (NVIDIA GeForce RTX 4090)
Total number of parameters: 332547
>> Training Mesh resolution: 129x129
/root/autodl-tmp/project/MPNO_final/BlatzKo_1d/PNO_MGN_ex35_k1k2_cMGN/PNO_BB.py:136: UserWarning: torch.range is deprecated and will be removed in a future release because its behavior is inconsistent with Python's range builtin. Instead, use torch.arange, which produces values in [start, end).
  ksi_range = torch.range(-m_fact, m_fact).int()
tensor(0.8283)
tensor(3.3409)
>> Preprocessing completed, time elapsed:  0.33s
>> ntrain: 300, lr: 0.005, gamma: 0.6
>> epoch [   1/3000], runtime: 12.47s, train err *1e8: 5712.3210, valid err*1e8: 4269.6488 , test err*1e8: 4620.9977
>> epoch [   2/3000], runtime: 12.30s, train err *1e8: 3933.9752, valid err*1e8: 3744.3897 , test err*1e8: 4023.1860
>> epoch [   5/3000], runtime:  12.29s, train err*1e8:  3893.1231 (best*1e8:  3933.9752/ 3744.3897)
>> epoch [   7/3000], runtime: 12.30s, train err *1e8: 3896.4730, valid err*1e8: 3725.2361 , test err*1e8: 4000.4987
>> epoch [  14/3000], runtime:  12.31s, train err*1e8:  3889.6023 (best*1e8:  3896.4730/ 3725.2361)
>> epoch [  18/3000], runtime: 12.25s, train err *1e8: 3892.5416, valid err*1e8: 3705.3534 , test err*1e8: 3990.9353
>> epoch [  21/3000], runtime:  12.29s, train err*1e8:  3889.4623 (best*1e8:  3892.5416/ 3705.3534)
>> epoch [  25/3000], runtime: 12.20s, train err *1e8: 3876.4550, valid err*1e8: 3692.7646 , test err*1e8: 3978.6378
>> epoch [  26/3000], runtime:  12.21s, train err*1e8:  3867.3730 (best*1e8:  3876.4550/ 3692.7646)
>> epoch [  27/3000], runtime:  12.18s, train err*1e8:  3873.4913 (best*1e8:  3876.4550/ 3692.7646)
>> epoch [  29/3000], runtime: 12.20s, train err *1e8: 3835.3381, valid err*1e8: 3662.9463 , test err*1e8: 3950.2097
>> epoch [  30/3000], runtime: 12.29s, train err *1e8: 3829.3749, valid err*1e8: 3640.7698 , test err*1e8: 3927.5397
>> epoch [  31/3000], runtime: 12.27s, train err *1e8: 3777.4059, valid err*1e8: 3601.7399 , test err*1e8: 3874.1477
>> epoch [  32/3000], runtime: 12.28s, train err *1e8: 3704.7189, valid err*1e8: 3488.4854 , test err*1e8: 3716.7525
>> epoch [  33/3000], runtime: 12.28s, train err *1e8: 3568.8143, valid err*1e8: 3461.4867 , test err*1e8: 3642.5940
>> epoch [  34/3000], runtime: 12.20s, train err *1e8: 3500.2692, valid err*1e8: 3287.2304 , test err*1e8: 3405.6170
>> epoch [  35/3000], runtime: 12.19s, train err *1e8: 3370.8556, valid err*1e8: 3268.9245 , test err*1e8: 3339.8772
>> epoch [  36/3000], runtime: 12.27s, train err *1e8: 3307.3687, valid err*1e8: 3236.6652 , test err*1e8: 3268.6713
>> epoch [  37/3000], runtime: 12.30s, train err *1e8: 3280.8866, valid err*1e8: 3187.5577 , test err*1e8: 3171.1551
>> epoch [  38/3000], runtime:  12.30s, train err*1e8:  3227.9583 (best*1e8:  3280.8866/ 3187.5577)
>> epoch [  39/3000], runtime: 12.29s, train err *1e8: 3140.0617, valid err*1e8: 3169.0094 , test err*1e8: 3121.0910
>> epoch [  41/3000], runtime: 12.29s, train err *1e8: 3133.1131, valid err*1e8: 3124.5691 , test err*1e8: 3038.4425
>> epoch [  42/3000], runtime:  12.24s, train err*1e8:  3086.5589 (best*1e8:  3133.1131/ 3124.5691)
>> epoch [  43/3000], runtime: 12.19s, train err *1e8: 3119.2424, valid err*1e8: 3093.1483 , test err*1e8: 2995.5355
>> epoch [  45/3000], runtime:  12.21s, train err*1e8:  3069.9679 (best*1e8:  3119.2424/ 3093.1483)
>> epoch [  46/3000], runtime:  12.33s, train err*1e8:  3064.2830 (best*1e8:  3119.2424/ 3093.1483)
>> epoch [  47/3000], runtime:  12.29s, train err*1e8:  3092.4116 (best*1e8:  3119.2424/ 3093.1483)
>> epoch [  48/3000], runtime: 12.22s, train err *1e8: 3043.0414, valid err*1e8: 3070.6150 , test err*1e8: 2995.2502
>> epoch [  50/3000], runtime:  12.27s, train err*1e8:  3031.1994 (best*1e8:  3043.0414/ 3070.6150)
>> epoch [  51/3000], runtime: 12.29s, train err *1e8: 3031.8401, valid err*1e8: 3060.1943 , test err*1e8: 2910.5684
>> epoch [  52/3000], runtime: 12.26s, train err *1e8: 2996.1698, valid err*1e8: 3051.5698 , test err*1e8: 2897.6588
>> epoch [  55/3000], runtime:  12.28s, train err*1e8:  2994.0168 (best*1e8:  2996.1698/ 3051.5698)
>> epoch [  56/3000], runtime: 12.29s, train err *1e8: 2990.7410, valid err*1e8: 3040.6543 , test err*1e8: 2888.3417
>> epoch [  60/3000], runtime:  12.26s, train err*1e8:  2948.3386 (best*1e8:  2990.7410/ 3040.6543)
>> epoch [  62/3000], runtime:  12.27s, train err*1e8:  2973.5836 (best*1e8:  2990.7410/ 3040.6543)
>> epoch [  64/3000], runtime: 12.27s, train err *1e8: 2990.6256, valid err*1e8: 3028.3876 , test err*1e8: 2874.8615
>> epoch [  65/3000], runtime:  12.28s, train err*1e8:  2981.4685 (best*1e8:  2990.6256/ 3028.3876)
>> epoch [  66/3000], runtime:  12.24s, train err*1e8:  2975.5170 (best*1e8:  2990.6256/ 3028.3876)
>> epoch [  67/3000], runtime:  12.32s, train err*1e8:  2960.7643 (best*1e8:  2990.6256/ 3028.3876)
>> epoch [  68/3000], runtime: 12.26s, train err *1e8: 2958.1586, valid err*1e8: 3019.0027 , test err*1e8: 2851.2278
>> epoch [  73/3000], runtime: 12.28s, train err *1e8: 2953.4316, valid err*1e8: 2998.7069 , test err*1e8: 2849.6520
>> epoch [  77/3000], runtime:  12.29s, train err*1e8:  2951.4836 (best*1e8:  2953.4316/ 2998.7069)
>> epoch [  82/3000], runtime: 12.28s, train err *1e8: 2948.0507, valid err*1e8: 2997.2984 , test err*1e8: 2843.4663
>> epoch [  89/3000], runtime: 12.13s, train err *1e8: 2946.9299, valid err*1e8: 2983.8771 , test err*1e8: 2839.1952
>> epoch [  92/3000], runtime:  12.28s, train err*1e8:  2944.3132 (best*1e8:  2946.9299/ 2983.8771)
>> epoch [  96/3000], runtime:  12.30s, train err*1e8:  2943.1766 (best*1e8:  2946.9299/ 2983.8771)
>> epoch [ 101/3000], runtime: 12.23s, train err *1e8: 2946.2103, valid err*1e8: 2967.6160 , test err*1e8: 2837.1398
>> epoch [ 103/3000], runtime:  12.29s, train err*1e8:  2936.0022 (best*1e8:  2946.2103/ 2967.6160)
>> epoch [ 105/3000], runtime: 12.27s, train err *1e8: 2945.1898, valid err*1e8: 2965.2458 , test err*1e8: 2834.7434
>> epoch [ 106/3000], runtime:  12.22s, train err*1e8:  2942.7805 (best*1e8:  2945.1898/ 2965.2458)
>> epoch [ 107/3000], runtime:  12.21s, train err*1e8:  2934.4400 (best*1e8:  2945.1898/ 2965.2458)
>> epoch [ 109/3000], runtime:  12.22s, train err*1e8:  2939.9118 (best*1e8:  2945.1898/ 2965.2458)
>> epoch [ 110/3000], runtime:  12.19s, train err*1e8:  2940.8891 (best*1e8:  2945.1898/ 2965.2458)
>> epoch [ 111/3000], runtime:  12.27s, train err*1e8:  2935.0496 (best*1e8:  2945.1898/ 2965.2458)
>> epoch [ 112/3000], runtime:  12.30s, train err*1e8:  2929.2363 (best*1e8:  2945.1898/ 2965.2458)
>> epoch [ 113/3000], runtime:  12.32s, train err*1e8:  2945.1743 (best*1e8:  2945.1898/ 2965.2458)
>> epoch [ 114/3000], runtime:  12.21s, train err*1e8:  2937.9437 (best*1e8:  2945.1898/ 2965.2458)
>> epoch [ 115/3000], runtime:  12.20s, train err*1e8:  2929.5699 (best*1e8:  2945.1898/ 2965.2458)
>> epoch [ 116/3000], runtime:  12.29s, train err*1e8:  2933.1772 (best*1e8:  2945.1898/ 2965.2458)
>> epoch [ 117/3000], runtime:  12.29s, train err*1e8:  2936.9328 (best*1e8:  2945.1898/ 2965.2458)
>> epoch [ 118/3000], runtime:  12.20s, train err*1e8:  2929.2141 (best*1e8:  2945.1898/ 2965.2458)
>> epoch [ 119/3000], runtime:  12.19s, train err*1e8:  2932.1399 (best*1e8:  2945.1898/ 2965.2458)
>> epoch [ 120/3000], runtime:  12.22s, train err*1e8:  2929.2976 (best*1e8:  2945.1898/ 2965.2458)
>> epoch [ 121/3000], runtime:  12.26s, train err*1e8:  2924.2784 (best*1e8:  2945.1898/ 2965.2458)
>> epoch [ 122/3000], runtime:  12.28s, train err*1e8:  2934.8718 (best*1e8:  2945.1898/ 2965.2458)
>> epoch [ 123/3000], runtime: 12.19s, train err *1e8: 2934.5747, valid err*1e8: 2954.0940 , test err*1e8: 2829.3683
>> epoch [ 125/3000], runtime:  12.17s, train err*1e8:  2921.6063 (best*1e8:  2934.5747/ 2954.0940)
>> epoch [ 127/3000], runtime:  12.25s, train err*1e8:  2925.6455 (best*1e8:  2934.5747/ 2954.0940)
>> epoch [ 128/3000], runtime:  12.23s, train err*1e8:  2918.2468 (best*1e8:  2934.5747/ 2954.0940)
>> epoch [ 129/3000], runtime:  12.27s, train err*1e8:  2919.1444 (best*1e8:  2934.5747/ 2954.0940)
>> epoch [ 130/3000], runtime:  12.19s, train err*1e8:  2933.7021 (best*1e8:  2934.5747/ 2954.0940)
>> epoch [ 132/3000], runtime:  12.33s, train err*1e8:  2922.1393 (best*1e8:  2934.5747/ 2954.0940)
>> epoch [ 133/3000], runtime:  12.29s, train err*1e8:  2921.8163 (best*1e8:  2934.5747/ 2954.0940)
>> epoch [ 134/3000], runtime:  12.29s, train err*1e8:  2921.3013 (best*1e8:  2934.5747/ 2954.0940)
>> epoch [ 135/3000], runtime:  12.30s, train err*1e8:  2922.1271 (best*1e8:  2934.5747/ 2954.0940)
>> epoch [ 136/3000], runtime:  12.30s, train err*1e8:  2910.5053 (best*1e8:  2934.5747/ 2954.0940)
>> epoch [ 138/3000], runtime:  12.32s, train err*1e8:  2924.0769 (best*1e8:  2934.5747/ 2954.0940)
>> epoch [ 139/3000], runtime:  12.25s, train err*1e8:  2922.1786 (best*1e8:  2934.5747/ 2954.0940)
>> epoch [ 140/3000], runtime:  12.29s, train err*1e8:  2919.3714 (best*1e8:  2934.5747/ 2954.0940)
>> epoch [ 141/3000], runtime:  12.30s, train err*1e8:  2912.0757 (best*1e8:  2934.5747/ 2954.0940)
>> epoch [ 142/3000], runtime:  12.27s, train err*1e8:  2917.2224 (best*1e8:  2934.5747/ 2954.0940)
>> epoch [ 143/3000], runtime:  12.30s, train err*1e8:  2922.6671 (best*1e8:  2934.5747/ 2954.0940)
>> epoch [ 144/3000], runtime:  12.28s, train err*1e8:  2920.4613 (best*1e8:  2934.5747/ 2954.0940)
>> epoch [ 145/3000], runtime:  12.28s, train err*1e8:  2919.7010 (best*1e8:  2934.5747/ 2954.0940)
>> epoch [ 146/3000], runtime: 12.26s, train err *1e8: 2919.7856, valid err*1e8: 2952.8373 , test err*1e8: 2828.8534
>> epoch [ 147/3000], runtime:  12.29s, train err*1e8:  2913.1450 (best*1e8:  2919.7856/ 2952.8373)
>> epoch [ 148/3000], runtime: 12.19s, train err *1e8: 2914.7271, valid err*1e8: 2939.0383 , test err*1e8: 2825.5391
>> epoch [ 149/3000], runtime:  12.19s, train err*1e8:  2905.4196 (best*1e8:  2914.7271/ 2939.0383)
>> epoch [ 150/3000], runtime:  12.25s, train err*1e8:  2911.7277 (best*1e8:  2914.7271/ 2939.0383)
>> epoch [ 151/3000], runtime:  12.30s, train err*1e8:  2908.8594 (best*1e8:  2914.7271/ 2939.0383)
>> epoch [ 153/3000], runtime:  12.26s, train err*1e8:  2903.5920 (best*1e8:  2914.7271/ 2939.0383)
>> epoch [ 154/3000], runtime:  12.28s, train err*1e8:  2902.1949 (best*1e8:  2914.7271/ 2939.0383)
>> epoch [ 155/3000], runtime:  12.19s, train err*1e8:  2910.4546 (best*1e8:  2914.7271/ 2939.0383)
>> epoch [ 156/3000], runtime:  12.20s, train err*1e8:  2912.6488 (best*1e8:  2914.7271/ 2939.0383)
>> epoch [ 157/3000], runtime:  12.29s, train err*1e8:  2911.2774 (best*1e8:  2914.7271/ 2939.0383)
>> epoch [ 158/3000], runtime:  12.27s, train err*1e8:  2906.1177 (best*1e8:  2914.7271/ 2939.0383)
>> epoch [ 159/3000], runtime:  12.31s, train err*1e8:  2912.7064 (best*1e8:  2914.7271/ 2939.0383)
>> epoch [ 160/3000], runtime:  12.32s, train err*1e8:  2907.4150 (best*1e8:  2914.7271/ 2939.0383)
>> epoch [ 161/3000], runtime:  12.25s, train err*1e8:  2906.8379 (best*1e8:  2914.7271/ 2939.0383)
>> epoch [ 162/3000], runtime:  12.22s, train err*1e8:  2902.2916 (best*1e8:  2914.7271/ 2939.0383)
>> epoch [ 163/3000], runtime:  12.23s, train err*1e8:  2905.8252 (best*1e8:  2914.7271/ 2939.0383)
>> epoch [ 164/3000], runtime:  12.21s, train err*1e8:  2910.5007 (best*1e8:  2914.7271/ 2939.0383)
>> epoch [ 165/3000], runtime:  12.25s, train err*1e8:  2896.5311 (best*1e8:  2914.7271/ 2939.0383)
>> epoch [ 166/3000], runtime:  12.29s, train err*1e8:  2895.3392 (best*1e8:  2914.7271/ 2939.0383)
>> epoch [ 167/3000], runtime:  12.31s, train err*1e8:  2902.2144 (best*1e8:  2914.7271/ 2939.0383)
>> epoch [ 168/3000], runtime:  12.29s, train err*1e8:  2902.3973 (best*1e8:  2914.7271/ 2939.0383)
>> epoch [ 169/3000], runtime:  12.30s, train err*1e8:  2896.1670 (best*1e8:  2914.7271/ 2939.0383)
>> epoch [ 170/3000], runtime:  12.29s, train err*1e8:  2896.3052 (best*1e8:  2914.7271/ 2939.0383)
>> epoch [ 171/3000], runtime:  12.29s, train err*1e8:  2900.7375 (best*1e8:  2914.7271/ 2939.0383)
>> epoch [ 172/3000], runtime:  12.31s, train err*1e8:  2909.8493 (best*1e8:  2914.7271/ 2939.0383)
>> epoch [ 173/3000], runtime:  12.27s, train err*1e8:  2897.5595 (best*1e8:  2914.7271/ 2939.0383)
>> epoch [ 174/3000], runtime:  12.21s, train err*1e8:  2898.6984 (best*1e8:  2914.7271/ 2939.0383)
>> epoch [ 175/3000], runtime:  12.29s, train err*1e8:  2896.9820 (best*1e8:  2914.7271/ 2939.0383)
>> epoch [ 176/3000], runtime:  12.32s, train err*1e8:  2893.6766 (best*1e8:  2914.7271/ 2939.0383)
>> epoch [ 177/3000], runtime:  12.18s, train err*1e8:  2895.2282 (best*1e8:  2914.7271/ 2939.0383)
>> epoch [ 178/3000], runtime:  12.21s, train err*1e8:  2896.2629 (best*1e8:  2914.7271/ 2939.0383)
>> epoch [ 179/3000], runtime:  12.30s, train err*1e8:  2894.6963 (best*1e8:  2914.7271/ 2939.0383)
>> epoch [ 180/3000], runtime:  12.30s, train err*1e8:  2896.2303 (best*1e8:  2914.7271/ 2939.0383)
>> epoch [ 181/3000], runtime:  12.29s, train err*1e8:  2894.6205 (best*1e8:  2914.7271/ 2939.0383)
>> epoch [ 182/3000], runtime:  12.22s, train err*1e8:  2899.8085 (best*1e8:  2914.7271/ 2939.0383)
>> epoch [ 183/3000], runtime:  12.28s, train err*1e8:  2906.3123 (best*1e8:  2914.7271/ 2939.0383)
>> epoch [ 184/3000], runtime:  12.28s, train err*1e8:  2896.7609 (best*1e8:  2914.7271/ 2939.0383)
>> epoch [ 185/3000], runtime:  12.28s, train err*1e8:  2888.0931 (best*1e8:  2914.7271/ 2939.0383)
>> epoch [ 186/3000], runtime:  12.18s, train err*1e8:  2903.3985 (best*1e8:  2914.7271/ 2939.0383)
>> epoch [ 187/3000], runtime: 12.31s, train err *1e8: 2889.6583, valid err*1e8: 2937.0425 , test err*1e8: 2826.5355
>> epoch [ 195/3000], runtime:  12.27s, train err*1e8:  2888.9331 (best*1e8:  2889.6583/ 2937.0425)
>> epoch [ 198/3000], runtime:  12.28s, train err*1e8:  2882.9203 (best*1e8:  2889.6583/ 2937.0425)
>> epoch [ 199/3000], runtime:  12.28s, train err*1e8:  2887.9375 (best*1e8:  2889.6583/ 2937.0425)
>> epoch [ 201/3000], runtime:  12.29s, train err*1e8:  2885.2555 (best*1e8:  2889.6583/ 2937.0425)
>> epoch [ 202/3000], runtime:  12.26s, train err*1e8:  2884.1300 (best*1e8:  2889.6583/ 2937.0425)
>> epoch [ 203/3000], runtime:  12.28s, train err*1e8:  2883.8718 (best*1e8:  2889.6583/ 2937.0425)
>> epoch [ 204/3000], runtime:  12.24s, train err*1e8:  2881.5967 (best*1e8:  2889.6583/ 2937.0425)
>> epoch [ 205/3000], runtime:  12.22s, train err*1e8:  2889.1376 (best*1e8:  2889.6583/ 2937.0425)
>> epoch [ 206/3000], runtime:  12.19s, train err*1e8:  2880.8922 (best*1e8:  2889.6583/ 2937.0425)
>> epoch [ 207/3000], runtime:  12.28s, train err*1e8:  2883.4209 (best*1e8:  2889.6583/ 2937.0425)
>> epoch [ 208/3000], runtime:  12.30s, train err*1e8:  2883.0608 (best*1e8:  2889.6583/ 2937.0425)
>> epoch [ 209/3000], runtime:  12.31s, train err*1e8:  2883.7402 (best*1e8:  2889.6583/ 2937.0425)
>> epoch [ 210/3000], runtime:  12.32s, train err*1e8:  2878.6289 (best*1e8:  2889.6583/ 2937.0425)
>> epoch [ 211/3000], runtime: 12.29s, train err *1e8: 2887.1812, valid err*1e8: 2934.4506 , test err*1e8: 2819.2884
>> epoch [ 212/3000], runtime:  12.32s, train err*1e8:  2880.5472 (best*1e8:  2887.1812/ 2934.4506)
>> epoch [ 213/3000], runtime:  12.26s, train err*1e8:  2885.9318 (best*1e8:  2887.1812/ 2934.4506)
>> epoch [ 214/3000], runtime:  12.28s, train err*1e8:  2883.7652 (best*1e8:  2887.1812/ 2934.4506)
>> epoch [ 215/3000], runtime:  12.23s, train err*1e8:  2882.3012 (best*1e8:  2887.1812/ 2934.4506)
>> epoch [ 216/3000], runtime:  12.16s, train err*1e8:  2876.6808 (best*1e8:  2887.1812/ 2934.4506)
>> epoch [ 217/3000], runtime:  12.20s, train err*1e8:  2882.8102 (best*1e8:  2887.1812/ 2934.4506)
>> epoch [ 218/3000], runtime:  12.22s, train err*1e8:  2878.1564 (best*1e8:  2887.1812/ 2934.4506)
>> epoch [ 219/3000], runtime:  12.30s, train err*1e8:  2884.0733 (best*1e8:  2887.1812/ 2934.4506)
>> epoch [ 220/3000], runtime:  12.31s, train err*1e8:  2884.4296 (best*1e8:  2887.1812/ 2934.4506)
>> epoch [ 221/3000], runtime:  12.32s, train err*1e8:  2878.4203 (best*1e8:  2887.1812/ 2934.4506)
>> epoch [ 222/3000], runtime:  12.33s, train err*1e8:  2878.0361 (best*1e8:  2887.1812/ 2934.4506)
>> epoch [ 223/3000], runtime:  12.32s, train err*1e8:  2883.3717 (best*1e8:  2887.1812/ 2934.4506)
>> epoch [ 224/3000], runtime:  12.28s, train err*1e8:  2871.3471 (best*1e8:  2887.1812/ 2934.4506)
>> epoch [ 225/3000], runtime:  12.27s, train err*1e8:  2877.3936 (best*1e8:  2887.1812/ 2934.4506)
>> epoch [ 226/3000], runtime:  12.28s, train err*1e8:  2879.8100 (best*1e8:  2887.1812/ 2934.4506)
>> epoch [ 227/3000], runtime:  12.22s, train err*1e8:  2877.0071 (best*1e8:  2887.1812/ 2934.4506)
>> epoch [ 228/3000], runtime:  12.29s, train err*1e8:  2873.8781 (best*1e8:  2887.1812/ 2934.4506)
>> epoch [ 229/3000], runtime:  12.28s, train err*1e8:  2879.8819 (best*1e8:  2887.1812/ 2934.4506)
>> epoch [ 230/3000], runtime:  12.30s, train err*1e8:  2881.5215 (best*1e8:  2887.1812/ 2934.4506)
>> epoch [ 231/3000], runtime:  12.23s, train err*1e8:  2880.5393 (best*1e8:  2887.1812/ 2934.4506)
>> epoch [ 232/3000], runtime:  12.24s, train err*1e8:  2878.2826 (best*1e8:  2887.1812/ 2934.4506)
>> epoch [ 233/3000], runtime:  12.18s, train err*1e8:  2873.8679 (best*1e8:  2887.1812/ 2934.4506)
>> epoch [ 234/3000], runtime:  12.30s, train err*1e8:  2879.3616 (best*1e8:  2887.1812/ 2934.4506)
>> epoch [ 235/3000], runtime:  12.28s, train err*1e8:  2874.6934 (best*1e8:  2887.1812/ 2934.4506)
>> epoch [ 236/3000], runtime:  12.28s, train err*1e8:  2880.8316 (best*1e8:  2887.1812/ 2934.4506)
>> epoch [ 237/3000], runtime:  12.31s, train err*1e8:  2871.6449 (best*1e8:  2887.1812/ 2934.4506)
>> epoch [ 238/3000], runtime:  12.30s, train err*1e8:  2871.5876 (best*1e8:  2887.1812/ 2934.4506)
>> epoch [ 239/3000], runtime:  12.29s, train err*1e8:  2877.6713 (best*1e8:  2887.1812/ 2934.4506)
>> epoch [ 240/3000], runtime:  12.30s, train err*1e8:  2871.0454 (best*1e8:  2887.1812/ 2934.4506)
>> epoch [ 241/3000], runtime:  12.24s, train err*1e8:  2881.0599 (best*1e8:  2887.1812/ 2934.4506)
>> epoch [ 242/3000], runtime:  12.28s, train err*1e8:  2882.0234 (best*1e8:  2887.1812/ 2934.4506)
>> epoch [ 243/3000], runtime:  12.14s, train err*1e8:  2880.5569 (best*1e8:  2887.1812/ 2934.4506)
>> epoch [ 244/3000], runtime:  12.29s, train err*1e8:  2876.1607 (best*1e8:  2887.1812/ 2934.4506)
>> epoch [ 245/3000], runtime:  12.29s, train err*1e8:  2870.9518 (best*1e8:  2887.1812/ 2934.4506)
>> epoch [ 246/3000], runtime:  12.30s, train err*1e8:  2877.9870 (best*1e8:  2887.1812/ 2934.4506)
>> epoch [ 247/3000], runtime:  12.30s, train err*1e8:  2886.5237 (best*1e8:  2887.1812/ 2934.4506)
>> epoch [ 248/3000], runtime:  12.28s, train err*1e8:  2876.9898 (best*1e8:  2887.1812/ 2934.4506)
>> epoch [ 249/3000], runtime:  12.29s, train err*1e8:  2874.5924 (best*1e8:  2887.1812/ 2934.4506)
>> epoch [ 250/3000], runtime:  12.30s, train err*1e8:  2876.6816 (best*1e8:  2887.1812/ 2934.4506)
>> epoch [ 251/3000], runtime:  12.30s, train err*1e8:  2874.7740 (best*1e8:  2887.1812/ 2934.4506)
>> epoch [ 252/3000], runtime:  12.30s, train err*1e8:  2881.7500 (best*1e8:  2887.1812/ 2934.4506)
>> epoch [ 253/3000], runtime:  12.30s, train err*1e8:  2879.2249 (best*1e8:  2887.1812/ 2934.4506)
>> epoch [ 254/3000], runtime:  12.29s, train err*1e8:  2870.1921 (best*1e8:  2887.1812/ 2934.4506)
>> epoch [ 255/3000], runtime:  12.30s, train err*1e8:  2872.2613 (best*1e8:  2887.1812/ 2934.4506)
>> epoch [ 256/3000], runtime:  12.32s, train err*1e8:  2869.2552 (best*1e8:  2887.1812/ 2934.4506)
>> epoch [ 257/3000], runtime:  12.29s, train err*1e8:  2872.3349 (best*1e8:  2887.1812/ 2934.4506)
>> epoch [ 258/3000], runtime:  12.20s, train err*1e8:  2871.8691 (best*1e8:  2887.1812/ 2934.4506)
>> epoch [ 259/3000], runtime:  12.31s, train err*1e8:  2872.9907 (best*1e8:  2887.1812/ 2934.4506)
>> epoch [ 260/3000], runtime:  12.31s, train err*1e8:  2869.5534 (best*1e8:  2887.1812/ 2934.4506)
>> epoch [ 261/3000], runtime:  12.31s, train err*1e8:  2870.9740 (best*1e8:  2887.1812/ 2934.4506)
>> epoch [ 262/3000], runtime:  12.29s, train err*1e8:  2868.7084 (best*1e8:  2887.1812/ 2934.4506)
>> epoch [ 263/3000], runtime:  12.31s, train err*1e8:  2872.8419 (best*1e8:  2887.1812/ 2934.4506)
>> epoch [ 264/3000], runtime:  12.28s, train err*1e8:  2870.2948 (best*1e8:  2887.1812/ 2934.4506)
>> epoch [ 265/3000], runtime:  12.26s, train err*1e8:  2870.6178 (best*1e8:  2887.1812/ 2934.4506)
>> epoch [ 266/3000], runtime:  12.28s, train err*1e8:  2867.5360 (best*1e8:  2887.1812/ 2934.4506)
>> epoch [ 267/3000], runtime:  12.29s, train err*1e8:  2867.2576 (best*1e8:  2887.1812/ 2934.4506)
>> epoch [ 268/3000], runtime:  12.19s, train err*1e8:  2872.4473 (best*1e8:  2887.1812/ 2934.4506)
>> epoch [ 269/3000], runtime:  12.27s, train err*1e8:  2873.5642 (best*1e8:  2887.1812/ 2934.4506)
>> epoch [ 270/3000], runtime:  12.19s, train err*1e8:  2876.8834 (best*1e8:  2887.1812/ 2934.4506)
>> epoch [ 271/3000], runtime:  12.27s, train err*1e8:  2867.4652 (best*1e8:  2887.1812/ 2934.4506)
>> epoch [ 272/3000], runtime:  12.27s, train err*1e8:  2867.8796 (best*1e8:  2887.1812/ 2934.4506)
>> epoch [ 273/3000], runtime:  12.28s, train err*1e8:  2870.1810 (best*1e8:  2887.1812/ 2934.4506)
>> epoch [ 274/3000], runtime:  12.30s, train err*1e8:  2870.2383 (best*1e8:  2887.1812/ 2934.4506)
>> epoch [ 275/3000], runtime:  12.32s, train err*1e8:  2875.2385 (best*1e8:  2887.1812/ 2934.4506)
>> epoch [ 276/3000], runtime:  12.32s, train err*1e8:  2872.1684 (best*1e8:  2887.1812/ 2934.4506)
>> epoch [ 277/3000], runtime:  12.30s, train err*1e8:  2873.0854 (best*1e8:  2887.1812/ 2934.4506)
>> epoch [ 278/3000], runtime:  12.32s, train err*1e8:  2867.7447 (best*1e8:  2887.1812/ 2934.4506)
>> epoch [ 279/3000], runtime:  12.29s, train err*1e8:  2868.1004 (best*1e8:  2887.1812/ 2934.4506)
>> epoch [ 280/3000], runtime:  12.30s, train err*1e8:  2871.2799 (best*1e8:  2887.1812/ 2934.4506)
>> epoch [ 281/3000], runtime:  12.28s, train err*1e8:  2863.8066 (best*1e8:  2887.1812/ 2934.4506)
>> epoch [ 282/3000], runtime:  12.26s, train err*1e8:  2867.2887 (best*1e8:  2887.1812/ 2934.4506)
>> epoch [ 283/3000], runtime:  12.33s, train err*1e8:  2872.8146 (best*1e8:  2887.1812/ 2934.4506)
>> epoch [ 284/3000], runtime:  12.24s, train err*1e8:  2871.1349 (best*1e8:  2887.1812/ 2934.4506)
>> epoch [ 285/3000], runtime:  12.23s, train err*1e8:  2863.3436 (best*1e8:  2887.1812/ 2934.4506)
>> epoch [ 286/3000], runtime:  12.21s, train err*1e8:  2865.5186 (best*1e8:  2887.1812/ 2934.4506)
>> epoch [ 287/3000], runtime:  12.16s, train err*1e8:  2863.9980 (best*1e8:  2887.1812/ 2934.4506)
>> epoch [ 288/3000], runtime:  12.17s, train err*1e8:  2865.0247 (best*1e8:  2887.1812/ 2934.4506)
>> epoch [ 289/3000], runtime:  12.30s, train err*1e8:  2867.3730 (best*1e8:  2887.1812/ 2934.4506)
>> epoch [ 290/3000], runtime:  12.31s, train err*1e8:  2867.3339 (best*1e8:  2887.1812/ 2934.4506)
>> epoch [ 291/3000], runtime:  12.28s, train err*1e8:  2870.1138 (best*1e8:  2887.1812/ 2934.4506)
>> epoch [ 292/3000], runtime:  12.21s, train err*1e8:  2864.4163 (best*1e8:  2887.1812/ 2934.4506)
>> epoch [ 293/3000], runtime:  12.22s, train err*1e8:  2864.4206 (best*1e8:  2887.1812/ 2934.4506)
>> epoch [ 294/3000], runtime:  12.32s, train err*1e8:  2864.9723 (best*1e8:  2887.1812/ 2934.4506)
>> epoch [ 295/3000], runtime:  12.22s, train err*1e8:  2863.6261 (best*1e8:  2887.1812/ 2934.4506)
>> epoch [ 296/3000], runtime:  12.30s, train err*1e8:  2867.0174 (best*1e8:  2887.1812/ 2934.4506)
>> epoch [ 297/3000], runtime:  12.29s, train err*1e8:  2862.2176 (best*1e8:  2887.1812/ 2934.4506)
>> epoch [ 298/3000], runtime:  12.30s, train err*1e8:  2862.6927 (best*1e8:  2887.1812/ 2934.4506)
>> epoch [ 299/3000], runtime:  12.30s, train err*1e8:  2865.4242 (best*1e8:  2887.1812/ 2934.4506)
>> epoch [ 300/3000], runtime:  12.29s, train err*1e8:  2863.9973 (best*1e8:  2887.1812/ 2934.4506)
>> epoch [ 301/3000], runtime:  12.32s, train err*1e8:  2866.3115 (best*1e8:  2887.1812/ 2934.4506)
>> epoch [ 302/3000], runtime:  12.29s, train err*1e8:  2867.9066 (best*1e8:  2887.1812/ 2934.4506)
>> epoch [ 303/3000], runtime:  12.28s, train err*1e8:  2866.2391 (best*1e8:  2887.1812/ 2934.4506)
>> epoch [ 304/3000], runtime:  12.29s, train err*1e8:  2863.7756 (best*1e8:  2887.1812/ 2934.4506)
>> epoch [ 305/3000], runtime:  12.31s, train err*1e8:  2861.3411 (best*1e8:  2887.1812/ 2934.4506)
>> epoch [ 306/3000], runtime:  12.28s, train err*1e8:  2862.3445 (best*1e8:  2887.1812/ 2934.4506)
>> epoch [ 307/3000], runtime:  12.31s, train err*1e8:  2862.5908 (best*1e8:  2887.1812/ 2934.4506)
>> epoch [ 308/3000], runtime:  12.29s, train err*1e8:  2861.8203 (best*1e8:  2887.1812/ 2934.4506)
>> epoch [ 309/3000], runtime:  12.25s, train err*1e8:  2866.0220 (best*1e8:  2887.1812/ 2934.4506)
>> epoch [ 310/3000], runtime:  12.28s, train err*1e8:  2865.0395 (best*1e8:  2887.1812/ 2934.4506)
>> epoch [ 311/3000], runtime:  12.29s, train err*1e8:  2861.1999 (best*1e8:  2887.1812/ 2934.4506)
>> epoch [ 312/3000], runtime:  12.29s, train err*1e8:  2861.7130 (best*1e8:  2887.1812/ 2934.4506)
----------------------------------------------------------------------------------------------------
----------------------------------------------------------------------------------------------------
>> ntrain: 300, lr: 0.005, gamma: 0.6, w_d: 0.0
>> Best train error*1e8:  2887.1812
>> Best valid error*1e8:  2934.4506
>> Best test error*1e8:  2819.2884
>> Best epoch: 210
----------------------------------------------------------------------------------------------------
----------------------------------------------------------------------------------------------------
>> Training Completed!!
