>> Device being used: cuda (NVIDIA GeForce RTX 4090)
Total number of parameters: 1153
>> Training Mesh resolution: 257x257
tensor(0.8109)
tensor(3.3456)
>> Preprocessing completed, time elapsed:  0.31s
>> ntrain: 300, lr: 0.01, gamma: 0.6, w_d: 0.0
----------------------------------------------------------------------------------------------------
>> epoch [   1/3000], runtime: 4.36s, train loss: 8.6816e-05, valid loss: 1.4016e-05 , test loss: 2.5042e-03
>> epoch [   2/3000], runtime: 4.12s, train loss: 6.0928e-05, valid loss: 9.0250e-06 , test loss: 1.7415e-03
>> epoch [   3/3000], runtime: 4.09s, train loss: 3.8853e-05, valid loss: 6.8911e-06 , test loss: 1.0559e-03
>> epoch [   4/3000], runtime: 4.11s, train loss: 2.7468e-05, valid loss: 4.3720e-06 , test loss: 8.2869e-04
>> epoch [   5/3000], runtime: 4.12s, train loss: 2.2447e-05, valid loss: 4.3662e-06 , test loss: 7.1024e-04
>> epoch [   6/3000], runtime: 4.11s, train loss: 2.0709e-05, valid loss: 3.8748e-06 , test loss: 7.5572e-04
>> epoch [   7/3000], runtime:  4.10s, train loss: 2.2781e-05 (best: 2.0709e-05/3.8748e-06)
>> epoch [   8/3000], runtime:  4.11s, train loss: 1.8539e-05 (best: 2.0709e-05/3.8748e-06)
>> epoch [   9/3000], runtime: 4.09s, train loss: 1.8345e-05, valid loss: 3.6135e-06 , test loss: 6.3470e-04
>> epoch [  10/3000], runtime:  4.12s, train loss: 1.9791e-05 (best: 1.8345e-05/3.6135e-06)
>> epoch [  11/3000], runtime:  4.13s, train loss: 1.8675e-05 (best: 1.8345e-05/3.6135e-06)
>> epoch [  12/3000], runtime:  4.12s, train loss: 1.8117e-05 (best: 1.8345e-05/3.6135e-06)
>> epoch [  13/3000], runtime: 4.13s, train loss: 1.7261e-05, valid loss: 2.7741e-06 , test loss: 5.6802e-04
>> epoch [  14/3000], runtime:  4.18s, train loss: 1.7311e-05 (best: 1.7261e-05/2.7741e-06)
>> epoch [  15/3000], runtime:  4.15s, train loss: 1.7716e-05 (best: 1.7261e-05/2.7741e-06)
>> epoch [  16/3000], runtime:  4.14s, train loss: 1.5899e-05 (best: 1.7261e-05/2.7741e-06)
>> epoch [  17/3000], runtime: 4.12s, train loss: 1.5324e-05, valid loss: 2.4009e-06 , test loss: 5.0509e-04
>> epoch [  18/3000], runtime:  4.12s, train loss: 1.4374e-05 (best: 1.5324e-05/2.4009e-06)
>> epoch [  19/3000], runtime:  7.90s, train loss: 1.5600e-05 (best: 1.5324e-05/2.4009e-06)
>> epoch [  20/3000], runtime:  7.41s, train loss: 1.2768e-05 (best: 1.5324e-05/2.4009e-06)
>> epoch [  21/3000], runtime:  7.87s, train loss: 1.4384e-05 (best: 1.5324e-05/2.4009e-06)
>> epoch [  22/3000], runtime: 7.48s, train loss: 1.3658e-05, valid loss: 2.1602e-06 , test loss: 4.3431e-04
>> epoch [  23/3000], runtime: 7.38s, train loss: 1.1630e-05, valid loss: 2.1164e-06 , test loss: 3.9985e-04
>> epoch [  24/3000], runtime:  7.86s, train loss: 1.1805e-05 (best: 1.1630e-05/2.1164e-06)
>> epoch [  25/3000], runtime:  7.40s, train loss: 1.1421e-05 (best: 1.1630e-05/2.1164e-06)
>> epoch [  26/3000], runtime:  7.86s, train loss: 1.4170e-05 (best: 1.1630e-05/2.1164e-06)
>> epoch [  27/3000], runtime:  7.55s, train loss: 1.4082e-05 (best: 1.1630e-05/2.1164e-06)
>> epoch [  28/3000], runtime:  7.78s, train loss: 1.1960e-05 (best: 1.1630e-05/2.1164e-06)
>> epoch [  29/3000], runtime: 7.63s, train loss: 1.0092e-05, valid loss: 1.7812e-06 , test loss: 3.5112e-04
>> epoch [  30/3000], runtime:  7.45s, train loss: 1.0784e-05 (best: 1.0092e-05/1.7812e-06)
>> epoch [  31/3000], runtime:  7.90s, train loss: 9.4900e-06 (best: 1.0092e-05/1.7812e-06)
>> epoch [  32/3000], runtime:  7.40s, train loss: 1.1948e-05 (best: 1.0092e-05/1.7812e-06)
>> epoch [  33/3000], runtime:  7.82s, train loss: 1.1666e-05 (best: 1.0092e-05/1.7812e-06)
>> epoch [  34/3000], runtime:  7.44s, train loss: 1.1696e-05 (best: 1.0092e-05/1.7812e-06)
>> epoch [  35/3000], runtime:  7.86s, train loss: 1.0305e-05 (best: 1.0092e-05/1.7812e-06)
>> epoch [  36/3000], runtime: 7.38s, train loss: 9.4781e-06, valid loss: 1.5749e-06 , test loss: 3.1333e-04
>> epoch [  37/3000], runtime:  7.48s, train loss: 9.0387e-06 (best: 9.4781e-06/1.5749e-06)
>> epoch [  38/3000], runtime:  7.90s, train loss: 8.4445e-06 (best: 9.4781e-06/1.5749e-06)
>> epoch [  39/3000], runtime:  7.44s, train loss: 1.0054e-05 (best: 9.4781e-06/1.5749e-06)
>> epoch [  40/3000], runtime:  7.86s, train loss: 8.5553e-06 (best: 9.4781e-06/1.5749e-06)
>> epoch [  41/3000], runtime:  7.87s, train loss: 7.8602e-06 (best: 9.4781e-06/1.5749e-06)
>> epoch [  42/3000], runtime:  7.37s, train loss: 1.1933e-05 (best: 9.4781e-06/1.5749e-06)
>> epoch [  43/3000], runtime:  7.84s, train loss: 8.8513e-06 (best: 9.4781e-06/1.5749e-06)
>> epoch [  44/3000], runtime:  7.88s, train loss: 8.9976e-06 (best: 9.4781e-06/1.5749e-06)
>> epoch [  45/3000], runtime:  7.39s, train loss: 9.9806e-06 (best: 9.4781e-06/1.5749e-06)
>> epoch [  46/3000], runtime:  7.87s, train loss: 9.8847e-06 (best: 9.4781e-06/1.5749e-06)
>> epoch [  47/3000], runtime: 7.94s, train loss: 7.4019e-06, valid loss: 1.3424e-06 , test loss: 2.4751e-04
>> epoch [  48/3000], runtime: 7.89s, train loss: 6.9805e-06, valid loss: 1.1027e-06 , test loss: 2.4002e-04
>> epoch [  49/3000], runtime:  7.59s, train loss: 6.4377e-06 (best: 6.9805e-06/1.1027e-06)
>> epoch [  50/3000], runtime:  7.90s, train loss: 6.6393e-06 (best: 6.9805e-06/1.1027e-06)
>> epoch [  51/3000], runtime:  7.40s, train loss: 7.1242e-06 (best: 6.9805e-06/1.1027e-06)
>> epoch [  52/3000], runtime:  7.83s, train loss: 7.5802e-06 (best: 6.9805e-06/1.1027e-06)
>> epoch [  53/3000], runtime:  7.36s, train loss: 8.5377e-06 (best: 6.9805e-06/1.1027e-06)
>> epoch [  54/3000], runtime:  7.86s, train loss: 8.3996e-06 (best: 6.9805e-06/1.1027e-06)
>> epoch [  55/3000], runtime:  7.92s, train loss: 8.1709e-06 (best: 6.9805e-06/1.1027e-06)
>> epoch [  56/3000], runtime:  7.40s, train loss: 9.2755e-06 (best: 6.9805e-06/1.1027e-06)
>> epoch [  57/3000], runtime:  7.90s, train loss: 1.0549e-05 (best: 6.9805e-06/1.1027e-06)
>> epoch [  58/3000], runtime:  7.36s, train loss: 8.3543e-06 (best: 6.9805e-06/1.1027e-06)
>> epoch [  59/3000], runtime:  7.83s, train loss: 7.5945e-06 (best: 6.9805e-06/1.1027e-06)
>> epoch [  60/3000], runtime:  7.42s, train loss: 7.2862e-06 (best: 6.9805e-06/1.1027e-06)
>> epoch [  61/3000], runtime:  7.90s, train loss: 7.8722e-06 (best: 6.9805e-06/1.1027e-06)
>> epoch [  62/3000], runtime:  7.36s, train loss: 9.6027e-06 (best: 6.9805e-06/1.1027e-06)
>> epoch [  63/3000], runtime:  7.81s, train loss: 6.9307e-06 (best: 6.9805e-06/1.1027e-06)
>> epoch [  64/3000], runtime:  7.43s, train loss: 5.9191e-06 (best: 6.9805e-06/1.1027e-06)
>> epoch [  65/3000], runtime:  7.90s, train loss: 7.8654e-06 (best: 6.9805e-06/1.1027e-06)
>> epoch [  66/3000], runtime:  7.93s, train loss: 8.3277e-06 (best: 6.9805e-06/1.1027e-06)
>> epoch [  67/3000], runtime:  7.45s, train loss: 8.5902e-06 (best: 6.9805e-06/1.1027e-06)
>> epoch [  68/3000], runtime:  7.86s, train loss: 7.6888e-06 (best: 6.9805e-06/1.1027e-06)
>> epoch [  69/3000], runtime:  7.81s, train loss: 9.7728e-06 (best: 6.9805e-06/1.1027e-06)
>> epoch [  70/3000], runtime:  7.82s, train loss: 1.2170e-05 (best: 6.9805e-06/1.1027e-06)
>> epoch [  71/3000], runtime: 7.87s, train loss: 6.3725e-06, valid loss: 8.7985e-07 , test loss: 1.8449e-04
>> epoch [  72/3000], runtime:  7.38s, train loss: 6.9538e-06 (best: 6.3725e-06/8.7985e-07)
>> epoch [  73/3000], runtime:  7.87s, train loss: 6.7605e-06 (best: 6.3725e-06/8.7985e-07)
>> epoch [  74/3000], runtime:  7.40s, train loss: 6.5544e-06 (best: 6.3725e-06/8.7985e-07)
>> epoch [  75/3000], runtime:  7.85s, train loss: 5.9272e-06 (best: 6.3725e-06/8.7985e-07)
>> epoch [  76/3000], runtime:  7.85s, train loss: 6.0537e-06 (best: 6.3725e-06/8.7985e-07)
>> epoch [  77/3000], runtime:  7.87s, train loss: 7.0158e-06 (best: 6.3725e-06/8.7985e-07)
>> epoch [  78/3000], runtime:  7.88s, train loss: 6.1208e-06 (best: 6.3725e-06/8.7985e-07)
>> epoch [  79/3000], runtime: 7.82s, train loss: 6.2192e-06, valid loss: 7.5869e-07 , test loss: 1.6196e-04
>> epoch [  80/3000], runtime:  7.87s, train loss: 5.9292e-06 (best: 6.2192e-06/7.5869e-07)
>> epoch [  81/3000], runtime:  7.96s, train loss: 5.7639e-06 (best: 6.2192e-06/7.5869e-07)
>> epoch [  82/3000], runtime:  7.41s, train loss: 5.7794e-06 (best: 6.2192e-06/7.5869e-07)
>> epoch [  83/3000], runtime:  7.86s, train loss: 5.9315e-06 (best: 6.2192e-06/7.5869e-07)
>> epoch [  84/3000], runtime:  7.64s, train loss: 6.7674e-06 (best: 6.2192e-06/7.5869e-07)
>> epoch [  85/3000], runtime:  7.87s, train loss: 6.4792e-06 (best: 6.2192e-06/7.5869e-07)
>> epoch [  86/3000], runtime:  7.88s, train loss: 5.6276e-06 (best: 6.2192e-06/7.5869e-07)
>> epoch [  87/3000], runtime:  7.44s, train loss: 7.5185e-06 (best: 6.2192e-06/7.5869e-07)
>> epoch [  88/3000], runtime:  7.88s, train loss: 6.2451e-06 (best: 6.2192e-06/7.5869e-07)
>> epoch [  89/3000], runtime:  7.36s, train loss: 4.7470e-06 (best: 6.2192e-06/7.5869e-07)
>> epoch [  90/3000], runtime:  7.35s, train loss: 5.8095e-06 (best: 6.2192e-06/7.5869e-07)
>> epoch [  91/3000], runtime:  7.83s, train loss: 5.8754e-06 (best: 6.2192e-06/7.5869e-07)
>> epoch [  92/3000], runtime:  7.87s, train loss: 5.0344e-06 (best: 6.2192e-06/7.5869e-07)
>> epoch [  93/3000], runtime:  7.35s, train loss: 7.4546e-06 (best: 6.2192e-06/7.5869e-07)
>> epoch [  94/3000], runtime:  7.89s, train loss: 9.3605e-06 (best: 6.2192e-06/7.5869e-07)
>> epoch [  95/3000], runtime:  7.43s, train loss: 5.9019e-06 (best: 6.2192e-06/7.5869e-07)
>> epoch [  96/3000], runtime:  7.86s, train loss: 6.8789e-06 (best: 6.2192e-06/7.5869e-07)
>> epoch [  97/3000], runtime:  7.90s, train loss: 7.5466e-06 (best: 6.2192e-06/7.5869e-07)
>> epoch [  98/3000], runtime:  7.87s, train loss: 6.0558e-06 (best: 6.2192e-06/7.5869e-07)
>> epoch [  99/3000], runtime:  7.48s, train loss: 6.9382e-06 (best: 6.2192e-06/7.5869e-07)
>> epoch [ 100/3000], runtime:  7.72s, train loss: 5.9838e-06 (best: 6.2192e-06/7.5869e-07)
>> epoch [ 101/3000], runtime:  7.83s, train loss: 5.7786e-06 (best: 6.2192e-06/7.5869e-07)
>> epoch [ 102/3000], runtime:  7.83s, train loss: 6.7782e-06 (best: 6.2192e-06/7.5869e-07)
>> epoch [ 103/3000], runtime:  7.88s, train loss: 7.0264e-06 (best: 6.2192e-06/7.5869e-07)
>> epoch [ 104/3000], runtime:  7.86s, train loss: 7.6253e-06 (best: 6.2192e-06/7.5869e-07)
>> epoch [ 105/3000], runtime:  7.61s, train loss: 6.2643e-06 (best: 6.2192e-06/7.5869e-07)
>> epoch [ 106/3000], runtime:  7.62s, train loss: 6.2895e-06 (best: 6.2192e-06/7.5869e-07)
>> epoch [ 107/3000], runtime: 7.89s, train loss: 5.7412e-06, valid loss: 7.4265e-07 , test loss: 1.5137e-04
>> epoch [ 108/3000], runtime:  7.90s, train loss: 5.3489e-06 (best: 5.7412e-06/7.4265e-07)
>> epoch [ 109/3000], runtime:  7.83s, train loss: 5.1320e-06 (best: 5.7412e-06/7.4265e-07)
>> epoch [ 110/3000], runtime:  7.91s, train loss: 5.7479e-06 (best: 5.7412e-06/7.4265e-07)
>> epoch [ 111/3000], runtime:  7.38s, train loss: 4.6290e-06 (best: 5.7412e-06/7.4265e-07)
>> epoch [ 112/3000], runtime: 7.85s, train loss: 5.3376e-06, valid loss: 6.8976e-07 , test loss: 1.4414e-04
>> epoch [ 113/3000], runtime:  7.84s, train loss: 4.2867e-06 (best: 5.3376e-06/6.8976e-07)
>> epoch [ 114/3000], runtime:  7.39s, train loss: 4.8217e-06 (best: 5.3376e-06/6.8976e-07)
>> epoch [ 115/3000], runtime:  7.84s, train loss: 5.5164e-06 (best: 5.3376e-06/6.8976e-07)
>> epoch [ 116/3000], runtime:  7.93s, train loss: 5.5331e-06 (best: 5.3376e-06/6.8976e-07)
>> epoch [ 117/3000], runtime:  7.84s, train loss: 6.1186e-06 (best: 5.3376e-06/6.8976e-07)
>> epoch [ 118/3000], runtime:  7.86s, train loss: 6.6390e-06 (best: 5.3376e-06/6.8976e-07)
>> epoch [ 119/3000], runtime: 7.90s, train loss: 4.2768e-06, valid loss: 6.7470e-07 , test loss: 1.3886e-04
>> epoch [ 120/3000], runtime:  7.35s, train loss: 3.9880e-06 (best: 4.2768e-06/6.7470e-07)
>> epoch [ 121/3000], runtime:  7.67s, train loss: 4.1164e-06 (best: 4.2768e-06/6.7470e-07)
>> epoch [ 122/3000], runtime:  7.86s, train loss: 5.4821e-06 (best: 4.2768e-06/6.7470e-07)
>> epoch [ 123/3000], runtime:  7.38s, train loss: 4.8407e-06 (best: 4.2768e-06/6.7470e-07)
>> epoch [ 124/3000], runtime:  7.87s, train loss: 4.1972e-06 (best: 4.2768e-06/6.7470e-07)
>> epoch [ 125/3000], runtime:  7.84s, train loss: 4.1407e-06 (best: 4.2768e-06/6.7470e-07)
>> epoch [ 126/3000], runtime:  7.89s, train loss: 4.6734e-06 (best: 4.2768e-06/6.7470e-07)
>> epoch [ 127/3000], runtime:  7.88s, train loss: 4.4695e-06 (best: 4.2768e-06/6.7470e-07)
>> epoch [ 128/3000], runtime:  7.82s, train loss: 4.6137e-06 (best: 4.2768e-06/6.7470e-07)
>> epoch [ 129/3000], runtime:  7.86s, train loss: 5.4986e-06 (best: 4.2768e-06/6.7470e-07)
>> epoch [ 130/3000], runtime:  7.80s, train loss: 6.5921e-06 (best: 4.2768e-06/6.7470e-07)
>> epoch [ 131/3000], runtime:  7.87s, train loss: 7.5113e-06 (best: 4.2768e-06/6.7470e-07)
>> epoch [ 132/3000], runtime:  7.31s, train loss: 5.3500e-06 (best: 4.2768e-06/6.7470e-07)
>> epoch [ 133/3000], runtime:  7.86s, train loss: 5.1746e-06 (best: 4.2768e-06/6.7470e-07)
>> epoch [ 134/3000], runtime:  7.86s, train loss: 4.0000e-06 (best: 4.2768e-06/6.7470e-07)
>> epoch [ 135/3000], runtime:  7.89s, train loss: 4.7595e-06 (best: 4.2768e-06/6.7470e-07)
>> epoch [ 136/3000], runtime:  7.83s, train loss: 4.3900e-06 (best: 4.2768e-06/6.7470e-07)
>> epoch [ 137/3000], runtime:  7.86s, train loss: 4.4883e-06 (best: 4.2768e-06/6.7470e-07)
>> epoch [ 138/3000], runtime:  7.85s, train loss: 4.9376e-06 (best: 4.2768e-06/6.7470e-07)
>> epoch [ 139/3000], runtime:  7.84s, train loss: 6.0421e-06 (best: 4.2768e-06/6.7470e-07)
>> epoch [ 140/3000], runtime:  7.83s, train loss: 5.0613e-06 (best: 4.2768e-06/6.7470e-07)
>> epoch [ 141/3000], runtime:  7.80s, train loss: 5.7838e-06 (best: 4.2768e-06/6.7470e-07)
>> epoch [ 142/3000], runtime:  7.86s, train loss: 4.5035e-06 (best: 4.2768e-06/6.7470e-07)
>> epoch [ 143/3000], runtime:  7.93s, train loss: 4.4970e-06 (best: 4.2768e-06/6.7470e-07)
>> epoch [ 144/3000], runtime:  7.86s, train loss: 5.2688e-06 (best: 4.2768e-06/6.7470e-07)
>> epoch [ 145/3000], runtime: 7.84s, train loss: 3.9972e-06, valid loss: 5.7784e-07 , test loss: 1.2902e-04
>> epoch [ 146/3000], runtime:  7.89s, train loss: 5.0121e-06 (best: 3.9972e-06/5.7784e-07)
>> epoch [ 147/3000], runtime:  7.86s, train loss: 3.9098e-06 (best: 3.9972e-06/5.7784e-07)
>> epoch [ 148/3000], runtime:  7.87s, train loss: 3.8709e-06 (best: 3.9972e-06/5.7784e-07)
>> epoch [ 149/3000], runtime: 7.84s, train loss: 3.9023e-06, valid loss: 4.7102e-07 , test loss: 1.1854e-04
>> epoch [ 150/3000], runtime:  7.91s, train loss: 4.2210e-06 (best: 3.9023e-06/4.7102e-07)
>> epoch [ 151/3000], runtime:  7.86s, train loss: 5.0521e-06 (best: 3.9023e-06/4.7102e-07)
>> epoch [ 152/3000], runtime:  7.86s, train loss: 3.9421e-06 (best: 3.9023e-06/4.7102e-07)
>> epoch [ 153/3000], runtime:  7.38s, train loss: 4.1472e-06 (best: 3.9023e-06/4.7102e-07)
>> epoch [ 154/3000], runtime:  7.78s, train loss: 3.1844e-06 (best: 3.9023e-06/4.7102e-07)
>> epoch [ 155/3000], runtime:  7.43s, train loss: 4.2880e-06 (best: 3.9023e-06/4.7102e-07)
>> epoch [ 156/3000], runtime:  7.84s, train loss: 3.5965e-06 (best: 3.9023e-06/4.7102e-07)
>> epoch [ 157/3000], runtime:  7.88s, train loss: 4.1611e-06 (best: 3.9023e-06/4.7102e-07)
>> epoch [ 158/3000], runtime:  7.86s, train loss: 3.8417e-06 (best: 3.9023e-06/4.7102e-07)
>> epoch [ 159/3000], runtime:  7.85s, train loss: 4.9068e-06 (best: 3.9023e-06/4.7102e-07)
>> epoch [ 160/3000], runtime:  7.89s, train loss: 4.8304e-06 (best: 3.9023e-06/4.7102e-07)
>> epoch [ 161/3000], runtime:  7.87s, train loss: 4.5860e-06 (best: 3.9023e-06/4.7102e-07)
>> epoch [ 162/3000], runtime:  7.86s, train loss: 5.3615e-06 (best: 3.9023e-06/4.7102e-07)
>> epoch [ 163/3000], runtime:  7.81s, train loss: 4.2794e-06 (best: 3.9023e-06/4.7102e-07)
>> epoch [ 164/3000], runtime:  7.85s, train loss: 3.6435e-06 (best: 3.9023e-06/4.7102e-07)
>> epoch [ 165/3000], runtime: 7.89s, train loss: 3.3489e-06, valid loss: 4.3320e-07 , test loss: 1.1129e-04
>> epoch [ 166/3000], runtime:  7.88s, train loss: 4.1761e-06 (best: 3.3489e-06/4.3320e-07)
>> epoch [ 167/3000], runtime:  7.91s, train loss: 4.0087e-06 (best: 3.3489e-06/4.3320e-07)
>> epoch [ 168/3000], runtime:  7.84s, train loss: 4.2493e-06 (best: 3.3489e-06/4.3320e-07)
>> epoch [ 169/3000], runtime:  7.84s, train loss: 3.6069e-06 (best: 3.3489e-06/4.3320e-07)
>> epoch [ 170/3000], runtime:  7.81s, train loss: 3.5663e-06 (best: 3.3489e-06/4.3320e-07)
>> epoch [ 171/3000], runtime:  7.85s, train loss: 3.0987e-06 (best: 3.3489e-06/4.3320e-07)
>> epoch [ 172/3000], runtime:  7.85s, train loss: 3.9192e-06 (best: 3.3489e-06/4.3320e-07)
>> epoch [ 173/3000], runtime:  7.81s, train loss: 3.3194e-06 (best: 3.3489e-06/4.3320e-07)
>> epoch [ 174/3000], runtime:  7.60s, train loss: 4.8983e-06 (best: 3.3489e-06/4.3320e-07)
>> epoch [ 175/3000], runtime:  7.58s, train loss: 4.3946e-06 (best: 3.3489e-06/4.3320e-07)
>> epoch [ 176/3000], runtime:  7.67s, train loss: 3.4657e-06 (best: 3.3489e-06/4.3320e-07)
>> epoch [ 177/3000], runtime:  7.84s, train loss: 3.7289e-06 (best: 3.3489e-06/4.3320e-07)
>> epoch [ 178/3000], runtime:  7.90s, train loss: 3.2860e-06 (best: 3.3489e-06/4.3320e-07)
>> epoch [ 179/3000], runtime:  7.83s, train loss: 3.3502e-06 (best: 3.3489e-06/4.3320e-07)
>> epoch [ 180/3000], runtime:  7.37s, train loss: 3.8269e-06 (best: 3.3489e-06/4.3320e-07)
>> epoch [ 181/3000], runtime:  7.89s, train loss: 4.9467e-06 (best: 3.3489e-06/4.3320e-07)
>> epoch [ 182/3000], runtime:  7.33s, train loss: 4.4009e-06 (best: 3.3489e-06/4.3320e-07)
>> epoch [ 183/3000], runtime: 7.86s, train loss: 3.0851e-06, valid loss: 4.2674e-07 , test loss: 1.0863e-04
>> epoch [ 184/3000], runtime:  7.87s, train loss: 3.4542e-06 (best: 3.0851e-06/4.2674e-07)
>> epoch [ 185/3000], runtime:  7.88s, train loss: 3.8005e-06 (best: 3.0851e-06/4.2674e-07)
>> epoch [ 186/3000], runtime:  7.91s, train loss: 3.5739e-06 (best: 3.0851e-06/4.2674e-07)
>> epoch [ 187/3000], runtime:  7.87s, train loss: 3.1089e-06 (best: 3.0851e-06/4.2674e-07)
>> epoch [ 188/3000], runtime:  7.72s, train loss: 3.4435e-06 (best: 3.0851e-06/4.2674e-07)
>> epoch [ 189/3000], runtime:  7.54s, train loss: 3.6164e-06 (best: 3.0851e-06/4.2674e-07)
>> epoch [ 190/3000], runtime:  7.85s, train loss: 3.0582e-06 (best: 3.0851e-06/4.2674e-07)
>> epoch [ 191/3000], runtime:  7.85s, train loss: 2.7694e-06 (best: 3.0851e-06/4.2674e-07)
>> epoch [ 192/3000], runtime:  7.85s, train loss: 3.1199e-06 (best: 3.0851e-06/4.2674e-07)
>> epoch [ 193/3000], runtime:  7.40s, train loss: 3.6621e-06 (best: 3.0851e-06/4.2674e-07)
>> epoch [ 194/3000], runtime:  7.80s, train loss: 4.2746e-06 (best: 3.0851e-06/4.2674e-07)
>> epoch [ 195/3000], runtime:  7.34s, train loss: 2.5860e-06 (best: 3.0851e-06/4.2674e-07)
>> epoch [ 196/3000], runtime:  7.81s, train loss: 3.4485e-06 (best: 3.0851e-06/4.2674e-07)
>> epoch [ 197/3000], runtime:  7.84s, train loss: 3.0188e-06 (best: 3.0851e-06/4.2674e-07)
>> epoch [ 198/3000], runtime:  7.86s, train loss: 2.9980e-06 (best: 3.0851e-06/4.2674e-07)
>> epoch [ 199/3000], runtime:  7.37s, train loss: 3.2164e-06 (best: 3.0851e-06/4.2674e-07)
>> epoch [ 200/3000], runtime:  7.86s, train loss: 3.0430e-06 (best: 3.0851e-06/4.2674e-07)
>> epoch [ 201/3000], runtime:  7.39s, train loss: 2.8972e-06 (best: 3.0851e-06/4.2674e-07)
>> epoch [ 202/3000], runtime:  7.88s, train loss: 3.7052e-06 (best: 3.0851e-06/4.2674e-07)
>> epoch [ 203/3000], runtime:  7.80s, train loss: 3.1360e-06 (best: 3.0851e-06/4.2674e-07)
>> epoch [ 204/3000], runtime:  7.35s, train loss: 3.0693e-06 (best: 3.0851e-06/4.2674e-07)
>> epoch [ 205/3000], runtime:  7.84s, train loss: 3.2074e-06 (best: 3.0851e-06/4.2674e-07)
>> epoch [ 206/3000], runtime:  7.44s, train loss: 3.5238e-06 (best: 3.0851e-06/4.2674e-07)
>> epoch [ 207/3000], runtime:  7.87s, train loss: 5.3136e-06 (best: 3.0851e-06/4.2674e-07)
>> epoch [ 208/3000], runtime:  7.38s, train loss: 4.1050e-06 (best: 3.0851e-06/4.2674e-07)
>> epoch [ 209/3000], runtime:  7.85s, train loss: 2.9494e-06 (best: 3.0851e-06/4.2674e-07)
>> epoch [ 210/3000], runtime:  7.89s, train loss: 3.8216e-06 (best: 3.0851e-06/4.2674e-07)
>> epoch [ 211/3000], runtime:  7.90s, train loss: 3.9149e-06 (best: 3.0851e-06/4.2674e-07)
>> epoch [ 212/3000], runtime:  7.70s, train loss: 2.8222e-06 (best: 3.0851e-06/4.2674e-07)
>> epoch [ 213/3000], runtime:  7.86s, train loss: 4.1564e-06 (best: 3.0851e-06/4.2674e-07)
>> epoch [ 214/3000], runtime:  7.84s, train loss: 3.5676e-06 (best: 3.0851e-06/4.2674e-07)
>> epoch [ 215/3000], runtime:  7.83s, train loss: 3.0843e-06 (best: 3.0851e-06/4.2674e-07)
>> epoch [ 216/3000], runtime: 7.79s, train loss: 2.3945e-06, valid loss: 3.9239e-07 , test loss: 9.9700e-05
>> epoch [ 217/3000], runtime:  7.34s, train loss: 2.9201e-06 (best: 2.3945e-06/3.9239e-07)
>> epoch [ 218/3000], runtime:  7.85s, train loss: 3.6676e-06 (best: 2.3945e-06/3.9239e-07)
>> epoch [ 219/3000], runtime:  7.37s, train loss: 3.5333e-06 (best: 2.3945e-06/3.9239e-07)
>> epoch [ 220/3000], runtime:  7.88s, train loss: 3.8696e-06 (best: 2.3945e-06/3.9239e-07)
>> epoch [ 221/3000], runtime:  7.96s, train loss: 5.1277e-06 (best: 2.3945e-06/3.9239e-07)
>> epoch [ 222/3000], runtime:  7.84s, train loss: 3.2407e-06 (best: 2.3945e-06/3.9239e-07)
>> epoch [ 223/3000], runtime:  7.83s, train loss: 3.2655e-06 (best: 2.3945e-06/3.9239e-07)
>> epoch [ 224/3000], runtime:  7.87s, train loss: 2.4083e-06 (best: 2.3945e-06/3.9239e-07)
>> epoch [ 225/3000], runtime:  7.77s, train loss: 2.7703e-06 (best: 2.3945e-06/3.9239e-07)
>> epoch [ 226/3000], runtime:  7.40s, train loss: 3.4405e-06 (best: 2.3945e-06/3.9239e-07)
>> epoch [ 227/3000], runtime:  7.82s, train loss: 2.6705e-06 (best: 2.3945e-06/3.9239e-07)
>> epoch [ 228/3000], runtime:  7.41s, train loss: 2.5640e-06 (best: 2.3945e-06/3.9239e-07)
>> epoch [ 229/3000], runtime:  8.11s, train loss: 2.7928e-06 (best: 2.3945e-06/3.9239e-07)
>> epoch [ 230/3000], runtime:  7.66s, train loss: 2.5651e-06 (best: 2.3945e-06/3.9239e-07)
>> epoch [ 231/3000], runtime:  8.11s, train loss: 3.6366e-06 (best: 2.3945e-06/3.9239e-07)
>> epoch [ 232/3000], runtime:  7.71s, train loss: 3.6885e-06 (best: 2.3945e-06/3.9239e-07)
>> epoch [ 233/3000], runtime:  8.14s, train loss: 3.7368e-06 (best: 2.3945e-06/3.9239e-07)
>> epoch [ 234/3000], runtime:  8.10s, train loss: 2.8782e-06 (best: 2.3945e-06/3.9239e-07)
>> epoch [ 235/3000], runtime:  8.17s, train loss: 3.4032e-06 (best: 2.3945e-06/3.9239e-07)
>> epoch [ 236/3000], runtime:  8.15s, train loss: 3.2547e-06 (best: 2.3945e-06/3.9239e-07)
>> epoch [ 237/3000], runtime:  8.16s, train loss: 2.6093e-06 (best: 2.3945e-06/3.9239e-07)
>> epoch [ 238/3000], runtime:  8.09s, train loss: 2.3834e-06 (best: 2.3945e-06/3.9239e-07)
>> epoch [ 239/3000], runtime:  8.00s, train loss: 3.4815e-06 (best: 2.3945e-06/3.9239e-07)
>> epoch [ 240/3000], runtime:  7.87s, train loss: 2.4850e-06 (best: 2.3945e-06/3.9239e-07)
>> epoch [ 241/3000], runtime:  8.02s, train loss: 3.0389e-06 (best: 2.3945e-06/3.9239e-07)
>> epoch [ 242/3000], runtime:  7.96s, train loss: 2.5132e-06 (best: 2.3945e-06/3.9239e-07)
>> epoch [ 243/3000], runtime:  7.54s, train loss: 3.4497e-06 (best: 2.3945e-06/3.9239e-07)
>> epoch [ 244/3000], runtime:  7.94s, train loss: 3.2684e-06 (best: 2.3945e-06/3.9239e-07)
>> epoch [ 245/3000], runtime:  8.00s, train loss: 4.3438e-06 (best: 2.3945e-06/3.9239e-07)
>> epoch [ 246/3000], runtime:  8.02s, train loss: 2.7664e-06 (best: 2.3945e-06/3.9239e-07)
>> epoch [ 247/3000], runtime:  8.03s, train loss: 2.7567e-06 (best: 2.3945e-06/3.9239e-07)
>> epoch [ 248/3000], runtime:  7.97s, train loss: 3.1566e-06 (best: 2.3945e-06/3.9239e-07)
>> epoch [ 249/3000], runtime:  8.00s, train loss: 2.3604e-06 (best: 2.3945e-06/3.9239e-07)
>> epoch [ 250/3000], runtime:  8.03s, train loss: 2.5307e-06 (best: 2.3945e-06/3.9239e-07)
>> epoch [ 251/3000], runtime:  7.97s, train loss: 2.9088e-06 (best: 2.3945e-06/3.9239e-07)
>> epoch [ 252/3000], runtime:  8.05s, train loss: 3.1335e-06 (best: 2.3945e-06/3.9239e-07)
>> epoch [ 253/3000], runtime:  7.93s, train loss: 2.8651e-06 (best: 2.3945e-06/3.9239e-07)
>> epoch [ 254/3000], runtime: 7.51s, train loss: 2.1987e-06, valid loss: 3.5507e-07 , test loss: 9.3261e-05
>> epoch [ 255/3000], runtime:  8.01s, train loss: 2.5505e-06 (best: 2.1987e-06/3.5507e-07)
>> epoch [ 256/3000], runtime:  7.99s, train loss: 2.7388e-06 (best: 2.1987e-06/3.5507e-07)
>> epoch [ 257/3000], runtime:  8.05s, train loss: 2.1806e-06 (best: 2.1987e-06/3.5507e-07)
>> epoch [ 258/3000], runtime:  7.54s, train loss: 2.8330e-06 (best: 2.1987e-06/3.5507e-07)
>> epoch [ 259/3000], runtime:  7.99s, train loss: 2.9895e-06 (best: 2.1987e-06/3.5507e-07)
>> epoch [ 260/3000], runtime:  7.98s, train loss: 3.3199e-06 (best: 2.1987e-06/3.5507e-07)
>> epoch [ 261/3000], runtime:  7.95s, train loss: 3.0517e-06 (best: 2.1987e-06/3.5507e-07)
>> epoch [ 262/3000], runtime:  7.52s, train loss: 3.1729e-06 (best: 2.1987e-06/3.5507e-07)
>> epoch [ 263/3000], runtime:  7.97s, train loss: 2.7394e-06 (best: 2.1987e-06/3.5507e-07)
>> epoch [ 264/3000], runtime:  7.46s, train loss: 2.9908e-06 (best: 2.1987e-06/3.5507e-07)
>> epoch [ 265/3000], runtime:  7.97s, train loss: 2.2528e-06 (best: 2.1987e-06/3.5507e-07)
>> epoch [ 266/3000], runtime:  7.97s, train loss: 2.9003e-06 (best: 2.1987e-06/3.5507e-07)
>> epoch [ 267/3000], runtime:  7.55s, train loss: 2.9590e-06 (best: 2.1987e-06/3.5507e-07)
>> epoch [ 268/3000], runtime:  7.96s, train loss: 2.3811e-06 (best: 2.1987e-06/3.5507e-07)
>> epoch [ 269/3000], runtime:  7.49s, train loss: 3.1563e-06 (best: 2.1987e-06/3.5507e-07)
>> epoch [ 270/3000], runtime:  7.93s, train loss: 2.4495e-06 (best: 2.1987e-06/3.5507e-07)
>> epoch [ 271/3000], runtime:  8.00s, train loss: 2.2365e-06 (best: 2.1987e-06/3.5507e-07)
>> epoch [ 272/3000], runtime:  8.03s, train loss: 2.5158e-06 (best: 2.1987e-06/3.5507e-07)
>> epoch [ 273/3000], runtime:  8.03s, train loss: 2.2118e-06 (best: 2.1987e-06/3.5507e-07)
>> epoch [ 274/3000], runtime:  7.54s, train loss: 2.9216e-06 (best: 2.1987e-06/3.5507e-07)
>> epoch [ 275/3000], runtime:  7.98s, train loss: 2.2348e-06 (best: 2.1987e-06/3.5507e-07)
>> epoch [ 276/3000], runtime:  7.51s, train loss: 2.0653e-06 (best: 2.1987e-06/3.5507e-07)
>> epoch [ 277/3000], runtime: 7.93s, train loss: 2.1560e-06, valid loss: 3.3543e-07 , test loss: 9.1989e-05
>> epoch [ 278/3000], runtime:  8.03s, train loss: 1.9274e-06 (best: 2.1560e-06/3.3543e-07)
>> epoch [ 279/3000], runtime:  8.02s, train loss: 1.9983e-06 (best: 2.1560e-06/3.3543e-07)
>> epoch [ 280/3000], runtime:  8.04s, train loss: 3.5872e-06 (best: 2.1560e-06/3.3543e-07)
>> epoch [ 281/3000], runtime:  8.05s, train loss: 4.7917e-06 (best: 2.1560e-06/3.3543e-07)
>> epoch [ 282/3000], runtime:  7.50s, train loss: 4.6953e-06 (best: 2.1560e-06/3.3543e-07)
>> epoch [ 283/3000], runtime:  7.96s, train loss: 2.6317e-06 (best: 2.1560e-06/3.3543e-07)
>> epoch [ 284/3000], runtime:  7.99s, train loss: 3.0333e-06 (best: 2.1560e-06/3.3543e-07)
>> epoch [ 285/3000], runtime:  7.49s, train loss: 3.1678e-06 (best: 2.1560e-06/3.3543e-07)
>> epoch [ 286/3000], runtime:  7.99s, train loss: 2.7991e-06 (best: 2.1560e-06/3.3543e-07)
>> epoch [ 287/3000], runtime:  7.50s, train loss: 3.0911e-06 (best: 2.1560e-06/3.3543e-07)
>> epoch [ 288/3000], runtime:  8.00s, train loss: 3.2377e-06 (best: 2.1560e-06/3.3543e-07)
>> epoch [ 289/3000], runtime:  7.45s, train loss: 2.1396e-06 (best: 2.1560e-06/3.3543e-07)
>> epoch [ 290/3000], runtime:  8.02s, train loss: 2.3187e-06 (best: 2.1560e-06/3.3543e-07)
>> epoch [ 291/3000], runtime:  7.54s, train loss: 2.3974e-06 (best: 2.1560e-06/3.3543e-07)
>> epoch [ 292/3000], runtime:  7.94s, train loss: 2.2648e-06 (best: 2.1560e-06/3.3543e-07)
>> epoch [ 293/3000], runtime:  7.56s, train loss: 2.8013e-06 (best: 2.1560e-06/3.3543e-07)
>> epoch [ 294/3000], runtime:  7.98s, train loss: 2.8874e-06 (best: 2.1560e-06/3.3543e-07)
>> epoch [ 295/3000], runtime:  7.51s, train loss: 2.6898e-06 (best: 2.1560e-06/3.3543e-07)
>> epoch [ 296/3000], runtime:  8.01s, train loss: 2.2017e-06 (best: 2.1560e-06/3.3543e-07)
>> epoch [ 297/3000], runtime:  7.54s, train loss: 2.4475e-06 (best: 2.1560e-06/3.3543e-07)
>> epoch [ 298/3000], runtime:  8.02s, train loss: 2.5527e-06 (best: 2.1560e-06/3.3543e-07)
>> epoch [ 299/3000], runtime:  7.59s, train loss: 2.3110e-06 (best: 2.1560e-06/3.3543e-07)
>> epoch [ 300/3000], runtime: 8.00s, train loss: 1.9307e-06, valid loss: 3.3489e-07 , test loss: 9.1815e-05
>> epoch [ 301/3000], runtime:  8.04s, train loss: 2.1812e-06 (best: 1.9307e-06/3.3489e-07)
>> epoch [ 302/3000], runtime:  7.54s, train loss: 2.5358e-06 (best: 1.9307e-06/3.3489e-07)
>> epoch [ 303/3000], runtime:  8.05s, train loss: 2.7471e-06 (best: 1.9307e-06/3.3489e-07)
>> epoch [ 304/3000], runtime:  7.56s, train loss: 2.0806e-06 (best: 1.9307e-06/3.3489e-07)
>> epoch [ 305/3000], runtime:  8.01s, train loss: 2.2349e-06 (best: 1.9307e-06/3.3489e-07)
>> epoch [ 306/3000], runtime:  7.51s, train loss: 1.9299e-06 (best: 1.9307e-06/3.3489e-07)
>> epoch [ 307/3000], runtime:  8.01s, train loss: 2.5284e-06 (best: 1.9307e-06/3.3489e-07)
>> epoch [ 308/3000], runtime:  7.97s, train loss: 2.1825e-06 (best: 1.9307e-06/3.3489e-07)
>> epoch [ 309/3000], runtime:  7.70s, train loss: 2.1454e-06 (best: 1.9307e-06/3.3489e-07)
>> epoch [ 310/3000], runtime:  7.78s, train loss: 1.9086e-06 (best: 1.9307e-06/3.3489e-07)
>> epoch [ 311/3000], runtime:  7.55s, train loss: 2.2830e-06 (best: 1.9307e-06/3.3489e-07)
>> epoch [ 312/3000], runtime:  7.96s, train loss: 2.0804e-06 (best: 1.9307e-06/3.3489e-07)
>> epoch [ 313/3000], runtime:  7.52s, train loss: 2.2810e-06 (best: 1.9307e-06/3.3489e-07)
>> epoch [ 314/3000], runtime:  7.91s, train loss: 2.0433e-06 (best: 1.9307e-06/3.3489e-07)
>> epoch [ 315/3000], runtime:  8.03s, train loss: 2.2122e-06 (best: 1.9307e-06/3.3489e-07)
>> epoch [ 316/3000], runtime:  7.96s, train loss: 2.1986e-06 (best: 1.9307e-06/3.3489e-07)
>> epoch [ 317/3000], runtime:  7.52s, train loss: 2.0937e-06 (best: 1.9307e-06/3.3489e-07)
>> epoch [ 318/3000], runtime:  7.98s, train loss: 2.4809e-06 (best: 1.9307e-06/3.3489e-07)
>> epoch [ 319/3000], runtime:  7.49s, train loss: 2.3769e-06 (best: 1.9307e-06/3.3489e-07)
>> epoch [ 320/3000], runtime:  8.00s, train loss: 2.3756e-06 (best: 1.9307e-06/3.3489e-07)
>> epoch [ 321/3000], runtime: 7.42s, train loss: 1.7290e-06, valid loss: 2.8940e-07 , test loss: 8.7404e-05
>> epoch [ 322/3000], runtime:  8.02s, train loss: 1.8894e-06 (best: 1.7290e-06/2.8940e-07)
>> epoch [ 323/3000], runtime:  8.03s, train loss: 2.3728e-06 (best: 1.7290e-06/2.8940e-07)
>> epoch [ 324/3000], runtime:  8.02s, train loss: 2.2237e-06 (best: 1.7290e-06/2.8940e-07)
>> epoch [ 325/3000], runtime:  7.61s, train loss: 2.2417e-06 (best: 1.7290e-06/2.8940e-07)
>> epoch [ 326/3000], runtime:  7.90s, train loss: 2.3258e-06 (best: 1.7290e-06/2.8940e-07)
>> epoch [ 327/3000], runtime:  7.57s, train loss: 2.7151e-06 (best: 1.7290e-06/2.8940e-07)
>> epoch [ 328/3000], runtime:  7.92s, train loss: 2.5783e-06 (best: 1.7290e-06/2.8940e-07)
>> epoch [ 329/3000], runtime:  7.52s, train loss: 2.4093e-06 (best: 1.7290e-06/2.8940e-07)
>> epoch [ 330/3000], runtime:  7.93s, train loss: 2.1690e-06 (best: 1.7290e-06/2.8940e-07)
>> epoch [ 331/3000], runtime:  7.52s, train loss: 2.3780e-06 (best: 1.7290e-06/2.8940e-07)
>> epoch [ 332/3000], runtime:  7.96s, train loss: 2.4516e-06 (best: 1.7290e-06/2.8940e-07)
>> epoch [ 333/3000], runtime:  7.99s, train loss: 2.1271e-06 (best: 1.7290e-06/2.8940e-07)
>> epoch [ 334/3000], runtime:  8.00s, train loss: 2.2908e-06 (best: 1.7290e-06/2.8940e-07)
>> epoch [ 335/3000], runtime:  7.51s, train loss: 2.4080e-06 (best: 1.7290e-06/2.8940e-07)
>> epoch [ 336/3000], runtime:  7.95s, train loss: 2.6234e-06 (best: 1.7290e-06/2.8940e-07)
>> epoch [ 337/3000], runtime:  7.52s, train loss: 1.8807e-06 (best: 1.7290e-06/2.8940e-07)
>> epoch [ 338/3000], runtime:  7.96s, train loss: 2.0618e-06 (best: 1.7290e-06/2.8940e-07)
>> epoch [ 339/3000], runtime:  7.47s, train loss: 1.9555e-06 (best: 1.7290e-06/2.8940e-07)
>> epoch [ 340/3000], runtime:  8.00s, train loss: 2.0435e-06 (best: 1.7290e-06/2.8940e-07)
>> epoch [ 341/3000], runtime:  7.97s, train loss: 1.8136e-06 (best: 1.7290e-06/2.8940e-07)
>> epoch [ 342/3000], runtime:  8.03s, train loss: 2.0862e-06 (best: 1.7290e-06/2.8940e-07)
>> epoch [ 343/3000], runtime:  8.02s, train loss: 2.3659e-06 (best: 1.7290e-06/2.8940e-07)
>> epoch [ 344/3000], runtime:  6.11s, train loss: 1.9329e-06 (best: 1.7290e-06/2.8940e-07)
>> epoch [ 345/3000], runtime: 4.27s, train loss: 1.6339e-06, valid loss: 2.5682e-07 , test loss: 8.5238e-05
>> epoch [ 346/3000], runtime:  4.23s, train loss: 1.7024e-06 (best: 1.6339e-06/2.5682e-07)
>> epoch [ 347/3000], runtime:  4.26s, train loss: 2.3537e-06 (best: 1.6339e-06/2.5682e-07)
>> epoch [ 348/3000], runtime:  4.27s, train loss: 1.7397e-06 (best: 1.6339e-06/2.5682e-07)
>> epoch [ 349/3000], runtime:  4.25s, train loss: 1.7074e-06 (best: 1.6339e-06/2.5682e-07)
>> epoch [ 350/3000], runtime:  4.26s, train loss: 1.9773e-06 (best: 1.6339e-06/2.5682e-07)
>> epoch [ 351/3000], runtime:  4.27s, train loss: 2.0047e-06 (best: 1.6339e-06/2.5682e-07)
>> epoch [ 352/3000], runtime:  4.24s, train loss: 2.0875e-06 (best: 1.6339e-06/2.5682e-07)
>> epoch [ 353/3000], runtime:  4.35s, train loss: 1.8312e-06 (best: 1.6339e-06/2.5682e-07)
>> epoch [ 354/3000], runtime:  4.41s, train loss: 1.6924e-06 (best: 1.6339e-06/2.5682e-07)
>> epoch [ 355/3000], runtime:  4.41s, train loss: 1.9313e-06 (best: 1.6339e-06/2.5682e-07)
>> epoch [ 356/3000], runtime:  4.39s, train loss: 2.1319e-06 (best: 1.6339e-06/2.5682e-07)
>> epoch [ 357/3000], runtime:  4.42s, train loss: 1.8963e-06 (best: 1.6339e-06/2.5682e-07)
>> epoch [ 358/3000], runtime:  4.42s, train loss: 1.9408e-06 (best: 1.6339e-06/2.5682e-07)
>> epoch [ 359/3000], runtime:  4.42s, train loss: 1.8149e-06 (best: 1.6339e-06/2.5682e-07)
>> epoch [ 360/3000], runtime:  4.41s, train loss: 2.1990e-06 (best: 1.6339e-06/2.5682e-07)
>> epoch [ 361/3000], runtime:  4.43s, train loss: 2.2721e-06 (best: 1.6339e-06/2.5682e-07)
>> epoch [ 362/3000], runtime:  4.40s, train loss: 2.3505e-06 (best: 1.6339e-06/2.5682e-07)
>> epoch [ 363/3000], runtime:  4.36s, train loss: 1.7472e-06 (best: 1.6339e-06/2.5682e-07)
>> epoch [ 364/3000], runtime:  4.39s, train loss: 2.5737e-06 (best: 1.6339e-06/2.5682e-07)
>> epoch [ 365/3000], runtime:  4.44s, train loss: 1.9349e-06 (best: 1.6339e-06/2.5682e-07)
>> epoch [ 366/3000], runtime:  4.42s, train loss: 1.7914e-06 (best: 1.6339e-06/2.5682e-07)
>> epoch [ 367/3000], runtime:  4.42s, train loss: 1.7183e-06 (best: 1.6339e-06/2.5682e-07)
>> epoch [ 368/3000], runtime:  4.39s, train loss: 1.8492e-06 (best: 1.6339e-06/2.5682e-07)
>> epoch [ 369/3000], runtime:  4.43s, train loss: 1.8292e-06 (best: 1.6339e-06/2.5682e-07)
>> epoch [ 370/3000], runtime:  4.37s, train loss: 1.6458e-06 (best: 1.6339e-06/2.5682e-07)
>> epoch [ 371/3000], runtime:  4.41s, train loss: 1.5947e-06 (best: 1.6339e-06/2.5682e-07)
>> epoch [ 372/3000], runtime:  4.40s, train loss: 1.5798e-06 (best: 1.6339e-06/2.5682e-07)
>> epoch [ 373/3000], runtime:  4.39s, train loss: 2.1247e-06 (best: 1.6339e-06/2.5682e-07)
>> epoch [ 374/3000], runtime:  4.44s, train loss: 1.9304e-06 (best: 1.6339e-06/2.5682e-07)
>> epoch [ 375/3000], runtime:  4.42s, train loss: 1.8414e-06 (best: 1.6339e-06/2.5682e-07)
>> epoch [ 376/3000], runtime:  4.40s, train loss: 2.1986e-06 (best: 1.6339e-06/2.5682e-07)
>> epoch [ 377/3000], runtime:  4.41s, train loss: 1.8707e-06 (best: 1.6339e-06/2.5682e-07)
>> epoch [ 378/3000], runtime:  4.38s, train loss: 1.6310e-06 (best: 1.6339e-06/2.5682e-07)
>> epoch [ 379/3000], runtime:  4.36s, train loss: 1.6253e-06 (best: 1.6339e-06/2.5682e-07)
>> epoch [ 380/3000], runtime:  4.37s, train loss: 1.6216e-06 (best: 1.6339e-06/2.5682e-07)
>> epoch [ 381/3000], runtime:  4.42s, train loss: 1.8200e-06 (best: 1.6339e-06/2.5682e-07)
>> epoch [ 382/3000], runtime:  4.38s, train loss: 1.7999e-06 (best: 1.6339e-06/2.5682e-07)
>> epoch [ 383/3000], runtime:  4.41s, train loss: 2.0081e-06 (best: 1.6339e-06/2.5682e-07)
>> epoch [ 384/3000], runtime:  4.40s, train loss: 1.8116e-06 (best: 1.6339e-06/2.5682e-07)
>> epoch [ 385/3000], runtime:  4.39s, train loss: 1.8466e-06 (best: 1.6339e-06/2.5682e-07)
>> epoch [ 386/3000], runtime:  4.38s, train loss: 2.1029e-06 (best: 1.6339e-06/2.5682e-07)
>> epoch [ 387/3000], runtime:  4.36s, train loss: 1.9529e-06 (best: 1.6339e-06/2.5682e-07)
>> epoch [ 388/3000], runtime:  4.39s, train loss: 1.9512e-06 (best: 1.6339e-06/2.5682e-07)
>> epoch [ 389/3000], runtime:  4.39s, train loss: 1.7941e-06 (best: 1.6339e-06/2.5682e-07)
>> epoch [ 390/3000], runtime:  4.36s, train loss: 1.7180e-06 (best: 1.6339e-06/2.5682e-07)
>> epoch [ 391/3000], runtime:  4.38s, train loss: 1.9507e-06 (best: 1.6339e-06/2.5682e-07)
>> epoch [ 392/3000], runtime:  4.36s, train loss: 1.9172e-06 (best: 1.6339e-06/2.5682e-07)
>> epoch [ 393/3000], runtime:  4.35s, train loss: 1.9776e-06 (best: 1.6339e-06/2.5682e-07)
>> epoch [ 394/3000], runtime:  4.38s, train loss: 1.7621e-06 (best: 1.6339e-06/2.5682e-07)
>> epoch [ 395/3000], runtime:  4.36s, train loss: 1.6211e-06 (best: 1.6339e-06/2.5682e-07)
>> epoch [ 396/3000], runtime:  4.38s, train loss: 1.7364e-06 (best: 1.6339e-06/2.5682e-07)
----------------------------------------------------------------------------------------------------
----------------------------------------------------------------------------------------------------
>> ntrain: 300, lr: 0.01, gamma: 0.6, w_d: 0.0
>> Best train loss: 1.6339e-06
>> Best valid loss: 2.5682e-07
>> Best test loss: 8.5238e-05
>> Best epoch: 344
----------------------------------------------------------------------------------------------------
----------------------------------------------------------------------------------------------------
>> Training Completed!!
