>> Device being used: cuda (NVIDIA GeForce RTX 4090)
Total number of parameters: 66433
>> Training Mesh resolution: 257x257
/root/autodl-tmp/project/MPNO_final/BlatzKo_1d/ex35/MLP/PNO_BB.py:140: UserWarning: torch.range is deprecated and will be removed in a future release because its behavior is inconsistent with Python's range builtin. Instead, use torch.arange, which produces values in [start, end).
  ksi_range = torch.range(-m_fact, m_fact).int()
tensor(0.8109)
tensor(3.3456)
>> Preprocessing completed, time elapsed:  0.40s
>> ntrain: 300, lr: 0.01, gamma: 0.6, w_d: 0.0
----------------------------------------------------------------------------------------------------
>> epoch [   1/3000], runtime: 20.63s, train loss: 2.3921e-04, valid loss: 1.2055e-04 , test loss: 4.0250e-03
>> epoch [   2/3000], runtime: 24.48s, train loss: 9.7758e-05, valid loss: 1.0743e-04 , test loss: 1.5067e-03
>> epoch [   3/3000], runtime: 25.72s, train loss: 9.5405e-05, valid loss: 7.4631e-05 , test loss: 8.2508e-04
>> epoch [   4/3000], runtime: 25.83s, train loss: 7.8736e-05, valid loss: 4.9660e-05 , test loss: 1.3930e-03
>> epoch [   5/3000], runtime:  26.46s, train loss: 5.4367e-05 (best: 7.8736e-05/4.9660e-05)
>> epoch [   6/3000], runtime:  26.89s, train loss: 7.9624e-05 (best: 7.8736e-05/4.9660e-05)
>> epoch [   7/3000], runtime:  26.42s, train loss: 4.0048e-05 (best: 7.8736e-05/4.9660e-05)
>> epoch [   8/3000], runtime:  26.32s, train loss: 9.4252e-05 (best: 7.8736e-05/4.9660e-05)
>> epoch [   9/3000], runtime: 25.46s, train loss: 3.9216e-05, valid loss: 2.6319e-05 , test loss: 3.4204e-04
>> epoch [  10/3000], runtime:  26.84s, train loss: 3.7532e-05 (best: 3.9216e-05/2.6319e-05)
>> epoch [  11/3000], runtime:  26.50s, train loss: 5.5000e-05 (best: 3.9216e-05/2.6319e-05)
>> epoch [  12/3000], runtime:  26.33s, train loss: 4.6799e-05 (best: 3.9216e-05/2.6319e-05)
>> epoch [  13/3000], runtime:  26.31s, train loss: 5.9109e-05 (best: 3.9216e-05/2.6319e-05)
>> epoch [  14/3000], runtime:  27.24s, train loss: 2.9055e-05 (best: 3.9216e-05/2.6319e-05)
>> epoch [  15/3000], runtime: 27.27s, train loss: 3.5896e-05, valid loss: 2.0868e-05 , test loss: 5.0812e-04
>> epoch [  16/3000], runtime:  26.89s, train loss: 4.3112e-05 (best: 3.5896e-05/2.0868e-05)
>> epoch [  17/3000], runtime:  26.50s, train loss: 3.7167e-05 (best: 3.5896e-05/2.0868e-05)
>> epoch [  18/3000], runtime:  26.40s, train loss: 3.7342e-05 (best: 3.5896e-05/2.0868e-05)
>> epoch [  19/3000], runtime:  26.69s, train loss: 4.2599e-05 (best: 3.5896e-05/2.0868e-05)
>> epoch [  20/3000], runtime:  26.73s, train loss: 4.2008e-05 (best: 3.5896e-05/2.0868e-05)
>> epoch [  21/3000], runtime:  26.73s, train loss: 3.0944e-05 (best: 3.5896e-05/2.0868e-05)
>> epoch [  22/3000], runtime:  26.75s, train loss: 3.2665e-05 (best: 3.5896e-05/2.0868e-05)
>> epoch [  23/3000], runtime:  25.79s, train loss: 4.4919e-05 (best: 3.5896e-05/2.0868e-05)
>> epoch [  24/3000], runtime: 25.96s, train loss: 2.4657e-05, valid loss: 1.7330e-05 , test loss: 2.9444e-04
>> epoch [  25/3000], runtime:  25.27s, train loss: 2.8225e-05 (best: 2.4657e-05/1.7330e-05)
>> epoch [  26/3000], runtime:  25.62s, train loss: 1.7283e-05 (best: 2.4657e-05/1.7330e-05)
>> epoch [  27/3000], runtime:  26.08s, train loss: 2.5939e-05 (best: 2.4657e-05/1.7330e-05)
>> epoch [  28/3000], runtime:  25.76s, train loss: 2.3535e-05 (best: 2.4657e-05/1.7330e-05)
>> epoch [  29/3000], runtime:  25.42s, train loss: 2.8150e-05 (best: 2.4657e-05/1.7330e-05)
>> epoch [  30/3000], runtime:  25.31s, train loss: 1.7579e-05 (best: 2.4657e-05/1.7330e-05)
>> epoch [  31/3000], runtime:  26.73s, train loss: 3.5880e-05 (best: 2.4657e-05/1.7330e-05)
>> epoch [  32/3000], runtime:  26.52s, train loss: 3.1779e-05 (best: 2.4657e-05/1.7330e-05)
>> epoch [  33/3000], runtime:  25.76s, train loss: 3.2085e-05 (best: 2.4657e-05/1.7330e-05)
>> epoch [  34/3000], runtime:  26.50s, train loss: 1.6452e-05 (best: 2.4657e-05/1.7330e-05)
>> epoch [  35/3000], runtime:  26.57s, train loss: 2.1663e-05 (best: 2.4657e-05/1.7330e-05)
>> epoch [  36/3000], runtime:  26.64s, train loss: 1.8195e-05 (best: 2.4657e-05/1.7330e-05)
>> epoch [  37/3000], runtime:  26.00s, train loss: 1.7411e-05 (best: 2.4657e-05/1.7330e-05)
>> epoch [  38/3000], runtime:  26.03s, train loss: 3.4441e-05 (best: 2.4657e-05/1.7330e-05)
>> epoch [  39/3000], runtime:  26.04s, train loss: 2.1941e-05 (best: 2.4657e-05/1.7330e-05)
>> epoch [  40/3000], runtime: 25.76s, train loss: 2.2932e-05, valid loss: 1.5159e-05 , test loss: 2.9643e-04
>> epoch [  41/3000], runtime:  26.98s, train loss: 2.1600e-05 (best: 2.2932e-05/1.5159e-05)
>> epoch [  42/3000], runtime:  26.05s, train loss: 2.2385e-05 (best: 2.2932e-05/1.5159e-05)
>> epoch [  43/3000], runtime:  26.91s, train loss: 3.5898e-05 (best: 2.2932e-05/1.5159e-05)
>> epoch [  44/3000], runtime:  25.33s, train loss: 2.4435e-05 (best: 2.2932e-05/1.5159e-05)
>> epoch [  45/3000], runtime:  26.21s, train loss: 2.2486e-05 (best: 2.2932e-05/1.5159e-05)
>> epoch [  46/3000], runtime:  26.98s, train loss: 2.8820e-05 (best: 2.2932e-05/1.5159e-05)
>> epoch [  47/3000], runtime:  26.97s, train loss: 2.0295e-05 (best: 2.2932e-05/1.5159e-05)
>> epoch [  48/3000], runtime: 26.94s, train loss: 1.3963e-05, valid loss: 1.3514e-05 , test loss: 2.0614e-04
>> epoch [  49/3000], runtime:  26.66s, train loss: 2.6099e-05 (best: 1.3963e-05/1.3514e-05)
>> epoch [  50/3000], runtime:  25.19s, train loss: 2.1932e-05 (best: 1.3963e-05/1.3514e-05)
>> epoch [  51/3000], runtime:  25.66s, train loss: 2.9820e-05 (best: 1.3963e-05/1.3514e-05)
>> epoch [  52/3000], runtime:  26.56s, train loss: 1.8054e-05 (best: 1.3963e-05/1.3514e-05)
>> epoch [  53/3000], runtime:  25.14s, train loss: 1.7830e-05 (best: 1.3963e-05/1.3514e-05)
>> epoch [  54/3000], runtime:  24.77s, train loss: 2.8814e-05 (best: 1.3963e-05/1.3514e-05)
>> epoch [  55/3000], runtime:  26.20s, train loss: 2.7752e-05 (best: 1.3963e-05/1.3514e-05)
>> epoch [  56/3000], runtime:  25.38s, train loss: 2.2909e-05 (best: 1.3963e-05/1.3514e-05)
>> epoch [  57/3000], runtime:  25.76s, train loss: 3.2373e-05 (best: 1.3963e-05/1.3514e-05)
>> epoch [  58/3000], runtime:  25.56s, train loss: 2.9169e-05 (best: 1.3963e-05/1.3514e-05)
>> epoch [  59/3000], runtime:  26.42s, train loss: 1.8653e-05 (best: 1.3963e-05/1.3514e-05)
>> epoch [  60/3000], runtime: 26.51s, train loss: 1.1945e-05, valid loss: 1.2494e-05 , test loss: 2.1521e-04
>> epoch [  61/3000], runtime:  26.53s, train loss: 1.6867e-05 (best: 1.1945e-05/1.2494e-05)
>> epoch [  62/3000], runtime:  27.00s, train loss: 2.1503e-05 (best: 1.1945e-05/1.2494e-05)
>> epoch [  63/3000], runtime:  26.51s, train loss: 2.4245e-05 (best: 1.1945e-05/1.2494e-05)
>> epoch [  64/3000], runtime:  21.88s, train loss: 2.4700e-05 (best: 1.1945e-05/1.2494e-05)
>> epoch [  65/3000], runtime:  19.93s, train loss: 2.1579e-05 (best: 1.1945e-05/1.2494e-05)
>> epoch [  66/3000], runtime:  19.37s, train loss: 2.0269e-05 (best: 1.1945e-05/1.2494e-05)
>> epoch [  67/3000], runtime:  19.89s, train loss: 1.2851e-05 (best: 1.1945e-05/1.2494e-05)
>> epoch [  68/3000], runtime:  19.46s, train loss: 1.7330e-05 (best: 1.1945e-05/1.2494e-05)
>> epoch [  69/3000], runtime:  19.93s, train loss: 1.6718e-05 (best: 1.1945e-05/1.2494e-05)
>> epoch [  70/3000], runtime:  19.96s, train loss: 1.3302e-05 (best: 1.1945e-05/1.2494e-05)
>> epoch [  71/3000], runtime:  19.44s, train loss: 1.5398e-05 (best: 1.1945e-05/1.2494e-05)
>> epoch [  72/3000], runtime:  19.50s, train loss: 1.6444e-05 (best: 1.1945e-05/1.2494e-05)
>> epoch [  73/3000], runtime:  19.50s, train loss: 1.2259e-05 (best: 1.1945e-05/1.2494e-05)
>> epoch [  74/3000], runtime:  19.39s, train loss: 1.6228e-05 (best: 1.1945e-05/1.2494e-05)
>> epoch [  75/3000], runtime:  19.45s, train loss: 1.9725e-05 (best: 1.1945e-05/1.2494e-05)
>> epoch [  76/3000], runtime:  18.95s, train loss: 1.3668e-05 (best: 1.1945e-05/1.2494e-05)
>> epoch [  77/3000], runtime:  19.96s, train loss: 1.5565e-05 (best: 1.1945e-05/1.2494e-05)
>> epoch [  78/3000], runtime:  19.50s, train loss: 2.7580e-05 (best: 1.1945e-05/1.2494e-05)
>> epoch [  79/3000], runtime:  19.93s, train loss: 1.7139e-05 (best: 1.1945e-05/1.2494e-05)
>> epoch [  80/3000], runtime:  19.36s, train loss: 1.3954e-05 (best: 1.1945e-05/1.2494e-05)
>> epoch [  81/3000], runtime: 19.50s, train loss: 1.1466e-05, valid loss: 1.0415e-05 , test loss: 2.0172e-04
>> epoch [  82/3000], runtime:  19.45s, train loss: 1.2480e-05 (best: 1.1466e-05/1.0415e-05)
>> epoch [  83/3000], runtime:  19.46s, train loss: 1.2873e-05 (best: 1.1466e-05/1.0415e-05)
>> epoch [  84/3000], runtime:  19.92s, train loss: 1.4200e-05 (best: 1.1466e-05/1.0415e-05)
>> epoch [  85/3000], runtime:  19.85s, train loss: 1.2899e-05 (best: 1.1466e-05/1.0415e-05)
>> epoch [  86/3000], runtime:  19.94s, train loss: 1.7360e-05 (best: 1.1466e-05/1.0415e-05)
>> epoch [  87/3000], runtime:  19.95s, train loss: 2.5360e-05 (best: 1.1466e-05/1.0415e-05)
>> epoch [  88/3000], runtime:  19.87s, train loss: 1.9676e-05 (best: 1.1466e-05/1.0415e-05)
>> epoch [  89/3000], runtime:  19.94s, train loss: 8.7961e-06 (best: 1.1466e-05/1.0415e-05)
>> epoch [  90/3000], runtime:  19.88s, train loss: 1.4085e-05 (best: 1.1466e-05/1.0415e-05)
>> epoch [  91/3000], runtime:  19.83s, train loss: 2.5535e-05 (best: 1.1466e-05/1.0415e-05)
>> epoch [  92/3000], runtime:  19.44s, train loss: 1.8720e-05 (best: 1.1466e-05/1.0415e-05)
>> epoch [  93/3000], runtime:  19.80s, train loss: 1.3459e-05 (best: 1.1466e-05/1.0415e-05)
>> epoch [  94/3000], runtime:  19.92s, train loss: 1.3264e-05 (best: 1.1466e-05/1.0415e-05)
>> epoch [  95/3000], runtime:  19.86s, train loss: 1.3140e-05 (best: 1.1466e-05/1.0415e-05)
>> epoch [  96/3000], runtime:  19.45s, train loss: 1.1106e-05 (best: 1.1466e-05/1.0415e-05)
>> epoch [  97/3000], runtime:  19.90s, train loss: 1.7844e-05 (best: 1.1466e-05/1.0415e-05)
>> epoch [  98/3000], runtime:  19.45s, train loss: 1.6449e-05 (best: 1.1466e-05/1.0415e-05)
>> epoch [  99/3000], runtime:  19.47s, train loss: 1.7368e-05 (best: 1.1466e-05/1.0415e-05)
>> epoch [ 100/3000], runtime:  19.90s, train loss: 1.7301e-05 (best: 1.1466e-05/1.0415e-05)
>> epoch [ 101/3000], runtime:  19.94s, train loss: 8.5017e-06 (best: 1.1466e-05/1.0415e-05)
>> epoch [ 102/3000], runtime:  19.84s, train loss: 1.3916e-05 (best: 1.1466e-05/1.0415e-05)
>> epoch [ 103/3000], runtime:  19.92s, train loss: 1.0928e-05 (best: 1.1466e-05/1.0415e-05)
>> epoch [ 104/3000], runtime:  19.93s, train loss: 1.3018e-05 (best: 1.1466e-05/1.0415e-05)
>> epoch [ 105/3000], runtime:  19.87s, train loss: 1.0136e-05 (best: 1.1466e-05/1.0415e-05)
>> epoch [ 106/3000], runtime:  19.53s, train loss: 1.7185e-05 (best: 1.1466e-05/1.0415e-05)
>> epoch [ 107/3000], runtime:  19.24s, train loss: 1.3614e-05 (best: 1.1466e-05/1.0415e-05)
>> epoch [ 108/3000], runtime:  19.05s, train loss: 8.8105e-06 (best: 1.1466e-05/1.0415e-05)
>> epoch [ 109/3000], runtime:  19.90s, train loss: 1.0406e-05 (best: 1.1466e-05/1.0415e-05)
>> epoch [ 110/3000], runtime:  19.91s, train loss: 1.6247e-05 (best: 1.1466e-05/1.0415e-05)
>> epoch [ 111/3000], runtime:  19.94s, train loss: 1.9406e-05 (best: 1.1466e-05/1.0415e-05)
>> epoch [ 112/3000], runtime:  19.36s, train loss: 1.9867e-05 (best: 1.1466e-05/1.0415e-05)
>> epoch [ 113/3000], runtime:  19.94s, train loss: 9.2571e-06 (best: 1.1466e-05/1.0415e-05)
>> epoch [ 114/3000], runtime: 19.90s, train loss: 9.7331e-06, valid loss: 5.2143e-06 , test loss: 1.4926e-04
>> epoch [ 115/3000], runtime:  19.79s, train loss: 9.8660e-06 (best: 9.7331e-06/5.2143e-06)
>> epoch [ 116/3000], runtime:  19.47s, train loss: 9.1510e-06 (best: 9.7331e-06/5.2143e-06)
>> epoch [ 117/3000], runtime:  19.83s, train loss: 9.7170e-06 (best: 9.7331e-06/5.2143e-06)
>> epoch [ 118/3000], runtime:  19.39s, train loss: 1.4941e-05 (best: 9.7331e-06/5.2143e-06)
>> epoch [ 119/3000], runtime:  19.95s, train loss: 1.1300e-05 (best: 9.7331e-06/5.2143e-06)
>> epoch [ 120/3000], runtime:  19.43s, train loss: 9.9381e-06 (best: 9.7331e-06/5.2143e-06)
>> epoch [ 121/3000], runtime:  19.95s, train loss: 1.1053e-05 (best: 9.7331e-06/5.2143e-06)
>> epoch [ 122/3000], runtime:  19.80s, train loss: 1.7620e-05 (best: 9.7331e-06/5.2143e-06)
>> epoch [ 123/3000], runtime:  19.94s, train loss: 1.3751e-05 (best: 9.7331e-06/5.2143e-06)
>> epoch [ 124/3000], runtime:  19.43s, train loss: 1.3360e-05 (best: 9.7331e-06/5.2143e-06)
>> epoch [ 125/3000], runtime:  19.89s, train loss: 1.2467e-05 (best: 9.7331e-06/5.2143e-06)
>> epoch [ 126/3000], runtime:  19.92s, train loss: 1.3797e-05 (best: 9.7331e-06/5.2143e-06)
>> epoch [ 127/3000], runtime:  19.94s, train loss: 1.2769e-05 (best: 9.7331e-06/5.2143e-06)
>> epoch [ 128/3000], runtime:  19.93s, train loss: 1.0481e-05 (best: 9.7331e-06/5.2143e-06)
>> epoch [ 129/3000], runtime:  19.81s, train loss: 8.1721e-06 (best: 9.7331e-06/5.2143e-06)
>> epoch [ 130/3000], runtime:  19.95s, train loss: 8.1177e-06 (best: 9.7331e-06/5.2143e-06)
>> epoch [ 131/3000], runtime: 19.82s, train loss: 7.8555e-06, valid loss: 3.5199e-06 , test loss: 1.1454e-04
>> epoch [ 132/3000], runtime:  19.96s, train loss: 1.0905e-05 (best: 7.8555e-06/3.5199e-06)
>> epoch [ 133/3000], runtime:  19.41s, train loss: 1.6168e-05 (best: 7.8555e-06/3.5199e-06)
>> epoch [ 134/3000], runtime:  19.91s, train loss: 1.5567e-05 (best: 7.8555e-06/3.5199e-06)
>> epoch [ 135/3000], runtime:  19.87s, train loss: 9.8249e-06 (best: 7.8555e-06/3.5199e-06)
>> epoch [ 136/3000], runtime:  19.96s, train loss: 1.3159e-05 (best: 7.8555e-06/3.5199e-06)
>> epoch [ 137/3000], runtime:  19.94s, train loss: 9.2490e-06 (best: 7.8555e-06/3.5199e-06)
>> epoch [ 138/3000], runtime:  19.93s, train loss: 1.0074e-05 (best: 7.8555e-06/3.5199e-06)
>> epoch [ 139/3000], runtime:  19.84s, train loss: 7.1004e-06 (best: 7.8555e-06/3.5199e-06)
>> epoch [ 140/3000], runtime:  19.97s, train loss: 8.3671e-06 (best: 7.8555e-06/3.5199e-06)
>> epoch [ 141/3000], runtime:  19.95s, train loss: 1.4504e-05 (best: 7.8555e-06/3.5199e-06)
>> epoch [ 142/3000], runtime:  19.94s, train loss: 1.4338e-05 (best: 7.8555e-06/3.5199e-06)
>> epoch [ 143/3000], runtime:  19.93s, train loss: 9.5648e-06 (best: 7.8555e-06/3.5199e-06)
>> epoch [ 144/3000], runtime:  18.98s, train loss: 1.3077e-05 (best: 7.8555e-06/3.5199e-06)
>> epoch [ 145/3000], runtime:  19.92s, train loss: 9.7588e-06 (best: 7.8555e-06/3.5199e-06)
>> epoch [ 146/3000], runtime:  19.93s, train loss: 1.0200e-05 (best: 7.8555e-06/3.5199e-06)
>> epoch [ 147/3000], runtime:  18.96s, train loss: 1.0466e-05 (best: 7.8555e-06/3.5199e-06)
>> epoch [ 148/3000], runtime:  19.36s, train loss: 8.9019e-06 (best: 7.8555e-06/3.5199e-06)
>> epoch [ 149/3000], runtime:  19.84s, train loss: 7.3742e-06 (best: 7.8555e-06/3.5199e-06)
>> epoch [ 150/3000], runtime:  19.89s, train loss: 1.2587e-05 (best: 7.8555e-06/3.5199e-06)
>> epoch [ 151/3000], runtime:  19.93s, train loss: 7.9163e-06 (best: 7.8555e-06/3.5199e-06)
>> epoch [ 152/3000], runtime:  19.93s, train loss: 5.7349e-06 (best: 7.8555e-06/3.5199e-06)
>> epoch [ 153/3000], runtime:  19.88s, train loss: 9.3871e-06 (best: 7.8555e-06/3.5199e-06)
>> epoch [ 154/3000], runtime:  15.03s, train loss: 1.6458e-05 (best: 7.8555e-06/3.5199e-06)
>> epoch [ 155/3000], runtime:  9.48s, train loss: 7.3962e-06 (best: 7.8555e-06/3.5199e-06)
>> epoch [ 156/3000], runtime:  9.48s, train loss: 9.9624e-06 (best: 7.8555e-06/3.5199e-06)
>> epoch [ 157/3000], runtime:  9.48s, train loss: 1.0730e-05 (best: 7.8555e-06/3.5199e-06)
>> epoch [ 158/3000], runtime:  9.46s, train loss: 1.2034e-05 (best: 7.8555e-06/3.5199e-06)
>> epoch [ 159/3000], runtime:  9.48s, train loss: 8.3322e-06 (best: 7.8555e-06/3.5199e-06)
>> epoch [ 160/3000], runtime:  9.49s, train loss: 1.3060e-05 (best: 7.8555e-06/3.5199e-06)
>> epoch [ 161/3000], runtime:  9.44s, train loss: 8.9200e-06 (best: 7.8555e-06/3.5199e-06)
>> epoch [ 162/3000], runtime:  9.43s, train loss: 6.2332e-06 (best: 7.8555e-06/3.5199e-06)
>> epoch [ 163/3000], runtime:  9.45s, train loss: 7.8480e-06 (best: 7.8555e-06/3.5199e-06)
>> epoch [ 164/3000], runtime:  9.44s, train loss: 1.0489e-05 (best: 7.8555e-06/3.5199e-06)
>> epoch [ 165/3000], runtime:  9.45s, train loss: 8.0544e-06 (best: 7.8555e-06/3.5199e-06)
>> epoch [ 166/3000], runtime:  9.44s, train loss: 7.1049e-06 (best: 7.8555e-06/3.5199e-06)
>> epoch [ 167/3000], runtime:  9.43s, train loss: 7.4659e-06 (best: 7.8555e-06/3.5199e-06)
>> epoch [ 168/3000], runtime:  9.45s, train loss: 8.7839e-06 (best: 7.8555e-06/3.5199e-06)
>> epoch [ 169/3000], runtime:  9.43s, train loss: 1.0023e-05 (best: 7.8555e-06/3.5199e-06)
>> epoch [ 170/3000], runtime:  9.45s, train loss: 1.1390e-05 (best: 7.8555e-06/3.5199e-06)
>> epoch [ 171/3000], runtime:  9.44s, train loss: 1.2329e-05 (best: 7.8555e-06/3.5199e-06)
>> epoch [ 172/3000], runtime:  9.47s, train loss: 1.0948e-05 (best: 7.8555e-06/3.5199e-06)
>> epoch [ 173/3000], runtime:  9.43s, train loss: 2.4502e-05 (best: 7.8555e-06/3.5199e-06)
>> epoch [ 174/3000], runtime:  9.45s, train loss: 1.5806e-05 (best: 7.8555e-06/3.5199e-06)
>> epoch [ 175/3000], runtime:  9.47s, train loss: 7.8819e-06 (best: 7.8555e-06/3.5199e-06)
>> epoch [ 176/3000], runtime:  9.49s, train loss: 9.5043e-06 (best: 7.8555e-06/3.5199e-06)
>> epoch [ 177/3000], runtime:  9.45s, train loss: 8.8102e-06 (best: 7.8555e-06/3.5199e-06)
>> epoch [ 178/3000], runtime:  9.45s, train loss: 5.6273e-06 (best: 7.8555e-06/3.5199e-06)
>> epoch [ 179/3000], runtime:  9.44s, train loss: 9.6702e-06 (best: 7.8555e-06/3.5199e-06)
>> epoch [ 180/3000], runtime:  9.45s, train loss: 9.5411e-06 (best: 7.8555e-06/3.5199e-06)
>> epoch [ 181/3000], runtime:  9.43s, train loss: 6.5061e-06 (best: 7.8555e-06/3.5199e-06)
>> epoch [ 182/3000], runtime:  9.44s, train loss: 8.1768e-06 (best: 7.8555e-06/3.5199e-06)
----------------------------------------------------------------------------------------------------
----------------------------------------------------------------------------------------------------
>> ntrain: 300, layer_info: 128_5, act_xi: Softplus, lr: 0.01, gamma: 0.6, w_d: 0.0
>> Best train loss: 7.8555e-06
>> Best valid loss: 3.5199e-06
>> Best test loss: 1.1454e-04
>> Best epoch: 130
----------------------------------------------------------------------------------------------------
----------------------------------------------------------------------------------------------------
>> Training Completed!!
