/home/u2025010169/PROJECT/BlatzKo_2d/generate_data/analytical_u/ex2_batch.py:177: IntegrationWarning: The algorithm does not converge.  Roundoff error is detected
  in the extrapolation table.  It is assumed that the requested tolerance
  cannot be achieved, and that the returned result (if full_output = 1) is 
  the best which can be obtained.
  I_1[k], err1 = integrate.quad(fk_1, 0, delta, epsabs=1e-10, epsrel=1e-10)
PID: 16714
PID: 16714
8 6.168874263763428
9 12.338696479797363
10 18.51148772239685
11 24.677837133407593
12 30.867961168289185
13 37.05096244812012
14 43.22868824005127
15 49.41303300857544
16 89.849773645401
17 156.8351719379425
18 242.47031331062317
19 345.97530603408813
20 463.21089243888855
21 576.0281283855438
22 721.0938336849213
23 866.8207583427429
24 1020.1241557598114
25 1167.9941730499268
26 1298.098114490509
27 1412.7929315567017
28 1509.111921787262
29 1597.2662479877472
30 1666.253097295761
31 1716.636670589447
32 1722.8150985240936
33 1728.9979376792908
34 1735.183711051941
35 1741.3696339130402
36 1747.554566860199
37 1753.739441394806
38 1759.9288756847382
39 1766.1162602901459
40 1772.2974712848663
0: err_max: 9.99973577970066e-11, time: 1772.31 s
8 6.183326959609985
9 12.3670175075531
10 18.55664873123169
11 24.73568820953369
12 30.929363012313843
13 37.11986017227173
14 43.31328773498535
15 49.503315448760986
16 90.00844430923462
17 157.1722538471222
18 243.22346186637878
19 346.86371302604675
20 464.4938929080963
21 577.6762444972992
22 723.5666971206665
23 871.2026343345642
24 1025.2016470432281
25 1172.910926580429
26 1303.5513310432434
27 1418.8681416511536
28 1515.5297691822052
29 1603.8921883106232
30 1673.0057003498077
31 1723.58775639534
32 1729.788701057434
33 1735.9913744926453
34 1742.1979095935822
35 1748.3947973251343
36 1754.600410938263
37 1760.8037734031677
38 1767.0111193656921
39 1773.2136528491974
40 1779.4166731834412
1: err_max: 3.941015902508838e-09, time: 1779.42 s
8 6.159759998321533
9 12.327284574508667
10 18.49355125427246
11 24.65821361541748
12 30.84530735015869
13 37.046133518218994
14 43.24253273010254
15 49.43682599067688
16 89.82206201553345
17 156.91055846214294
18 242.60844326019287
19 346.09734630584717
20 463.6820137500763
21 576.9098827838898
22 721.6239149570465
23 869.2477405071259
24 1023.4352159500122
25 1171.8019316196442
26 1302.591744184494
27 1417.9178533554077
28 1513.9430108070374
29 1602.443930864334
30 1671.8880813121796
31 1722.4452784061432
32 1728.6642796993256
33 1734.8771758079529
34 1741.089436531067
35 1747.297875881195
36 1753.5223450660706
37 1759.738469362259
38 1765.9525344371796
39 1772.1673409938812
40 1778.3778095245361
2: err_max: 9.999990938391449e-11, time: 1778.38 s
8 6.182500123977661
9 12.365053653717041
10 18.54665517807007
11 24.741639614105225
12 30.929216384887695
13 37.11411142349243
14 43.29898118972778
15 49.49088430404663
16 89.91268563270569
17 156.967267036438
18 242.518652677536
19 345.2243800163269
20 461.6731469631195
21 573.4742593765259
22 717.9882192611694
23 865.2038085460663
24 1018.6651096343994
25 1166.698860168457
26 1297.2797467708588
27 1412.489166021347
28 1509.0704929828644
29 1597.4029450416565
30 1666.2301723957062
31 1716.327490568161
32 1722.5244665145874
33 1728.7201867103577
34 1734.9186675548553
35 1741.1226267814636
36 1747.3201673030853
37 1753.5179510116577
38 1759.7104399204254
39 1765.9100847244263
40 1772.1073172092438
3: err_max: 9.998607398234427e-11, time: 1772.12 s
8 6.172686815261841
9 12.348833560943604
10 18.528536796569824
11 24.700929641723633
12 30.879276752471924
13 37.06911039352417
14 43.25797891616821
15 49.43749809265137
16 89.79555487632751
17 156.94547724723816
18 242.47564029693604
19 345.9167551994324
20 463.2844309806824
21 575.8560864925385
22 720.1343998908997
23 866.7835590839386
24 1020.3069522380829
25 1168.447684288025
26 1299.0094351768494
27 1414.2072269916534
28 1510.7677912712097
29 1599.2316873073578
30 1667.383633852005
31 1718.0800521373749
32 1724.2822806835175
33 1730.4955041408539
34 1736.6963105201721
35 1742.902910709381
36 1749.1108648777008
37 1755.314478635788
38 1761.5166945457458
39 1767.7169573307037
40 1773.916012763977
4: err_max: 9.9998837775597e-11, time: 1773.92 s
8 6.188979387283325
9 12.383151292800903
10 18.573638200759888
11 24.757410287857056
12 30.955573797225952
13 37.147995948791504
14 43.347283601760864
15 49.536893367767334
16 90.03276133537292
17 157.18660187721252
18 242.97344851493835
19 346.6636440753937
20 465.1320035457611
21 578.3480579853058
22 723.9816315174103
23 871.1807677745819
24 1025.3682398796082
25 1173.684977054596
26 1304.3079636096954
27 1419.7815058231354
28 1516.8532264232635
29 1605.4719860553741
30 1674.9577581882477
31 1725.4863541126251
32 1731.7106173038483
33 1737.9246640205383
34 1744.1457688808441
35 1750.3662955760956
36 1756.6018209457397
37 1762.8162486553192
38 1769.0402135849
39 1775.2625954151154
40 1781.487416267395
5: err_max: 4.4312744446051155e-10, time: 1781.49 s
8 6.210242033004761
9 12.42261004447937
10 18.63867425918579
11 24.85897946357727
12 31.081958770751953
13 37.30104899406433
14 43.521260499954224
15 49.7459499835968
16 89.39968347549438
17 156.15521955490112
18 241.5966715812683
19 344.32278990745544
20 461.50326895713806
21 574.1940197944641
22 719.7868926525116
23 867.9814455509186
24 1022.6984374523163
25 1171.6552639007568
26 1303.198040008545
27 1418.6797020435333
28 1516.0867683887482
29 1604.975368976593
30 1674.3705966472626
31 1725.191234111786
32 1731.423047542572
33 1737.6527297496796
34 1743.8908050060272
35 1750.1262111663818
36 1756.3697698116302
37 1762.6097548007965
38 1768.8505764007568
39 1775.078135728836
40 1781.3074882030487
6: err_max: 9.999591364458587e-11, time: 1781.32 s
8 6.183387756347656
9 12.377745151519775
10 18.56929326057434
11 24.761350870132446
12 30.96211338043213
13 37.16734504699707
14 43.35954022407532
15 49.548492431640625
16 90.025155544281
17 156.61727380752563
18 241.56635308265686
19 345.3429207801819
20 462.91646361351013
21 575.9192669391632
22 722.0504496097565
23 869.7800459861755
24 1023.9094128608704
25 1172.4640493392944
26 1303.1767539978027
27 1418.2410304546356
28 1515.1982927322388
29 1603.8387587070465
30 1673.0732696056366
31 1723.3420810699463
32 1729.5467224121094
33 1735.7632219791412
34 1741.9675047397614
35 1748.1748912334442
36 1754.391227722168
37 1760.6056475639343
38 1766.8216109275818
39 1773.0382788181305
40 1779.2519249916077
7: err_max: 9.999684066896997e-11, time: 1779.26 s
8 6.178508520126343
9 12.364444255828857
10 18.546483516693115
11 24.74302625656128
12 30.932204008102417
13 37.13395810127258
14 43.32911801338196
15 49.52393555641174
16 89.87274098396301
17 156.73072242736816
18 242.13220834732056
19 345.4988303184509
20 462.891282081604
21 575.5876562595367
22 720.7098436355591
23 867.6202716827393
24 1020.5644550323486
25 1168.1005589962006
26 1298.2526257038116
27 1412.845219373703
28 1509.282246351242
29 1597.32621717453
30 1665.925460577011
31 1716.4540593624115
32 1722.6457426548004
33 1728.829431295395
34 1735.0094525814056
35 1741.20210146904
36 1747.398541212082
37 1753.5866770744324
38 1759.7716364860535
39 1765.9510152339935
40 1772.1418533325195
8: err_max: 3.885210063392375e-09, time: 1772.14 s
8 6.1526641845703125
9 12.309880495071411
10 18.469043016433716
11 24.631691694259644
12 30.79503035545349
13 36.95805096626282
14 43.12091088294983
15 49.29531192779541
16 89.57780933380127
17 156.4649257659912
18 241.91770815849304
19 345.27607464790344
20 462.7606589794159
21 575.3174073696136
22 720.3560333251953
23 867.5400454998016
24 1020.5762174129486
25 1168.2189486026764
26 1298.0818507671356
27 1412.9904992580414
28 1509.3389015197754
29 1597.461495399475
30 1666.4455687999725
31 1716.9078223705292
32 1723.0870730876923
33 1729.2627093791962
34 1735.4484837055206
35 1741.6272232532501
36 1747.803626537323
37 1753.9856894016266
38 1760.1752989292145
39 1766.354344367981
40 1772.5292687416077
9: err_max: 9.99991511060773e-11, time: 1772.88 s
3.941015902508838e-09
