PID: 31682
PID: 31682
8 18.052024841308594
9 36.25509595870972
10 54.46982502937317
11 72.53580641746521
12 90.46596384048462
13 108.66011118888855
14 126.71726584434509
15 144.37998366355896
16 195.40233397483826
17 272.74654364585876
18 368.27458214759827
19 480.77278757095337
20 607.563818693161
21 729.4076218605042
22 884.3571059703827
23 1040.4071259498596
24 1201.7456908226013
25 1358.3274652957916
26 1497.1346366405487
27 1621.3964948654175
28 1728.0419292449951
29 1826.5622584819794
30 1905.350191116333
31 1966.1667065620422
32 1983.8380990028381
33 2001.7287237644196
34 2019.491649389267
35 2037.009971857071
36 2054.748824119568
37 2072.8328187465668
38 2090.9282643795013
39 2108.8998770713806
40 2126.7385108470917
0: err_max: 8.404015275353949e-09, time: 2126.76 s
8 18.249595165252686
9 36.40802454948425
10 54.29290199279785
11 72.27750563621521
12 90.32834911346436
13 108.29604148864746
14 126.01794672012329
15 143.9169054031372
16 193.82408475875854
17 271.0950973033905
18 366.5028283596039
19 479.9259440898895
20 606.9019212722778
21 727.6503355503082
22 882.249706029892
23 1038.3403236865997
24 1200.542590379715
25 1357.5076832771301
26 1497.0248527526855
27 1621.9259974956512
28 1728.6461284160614
29 1828.0237312316895
30 1906.0462183952332
31 1967.4189505577087
32 1985.6982161998749
33 2004.0391883850098
34 2022.2011818885803
35 2040.429622888565
36 2058.762451171875
37 2077.111522912979
38 2095.203289270401
39 2113.447544813156
40 2131.8740735054016
1: err_max: 1.0926153037882358e-10, time: 2131.88 s
8 17.34299945831299
9 35.02715611457825
10 52.77839946746826
11 70.26319098472595
12 87.7511727809906
13 105.59553551673889
14 123.28685784339905
15 140.85953283309937
16 191.45278882980347
17 268.3144414424896
18 363.0581238269806
19 475.34695625305176
20 601.0013556480408
21 722.1632227897644
22 875.8712468147278
23 1031.2879667282104
24 1192.0046365261078
25 1347.9477422237396
26 1486.5680630207062
27 1611.5171027183533
28 1717.0313062667847
29 1814.6919860839844
30 1893.205694437027
31 1954.051787853241
32 1971.2711679935455
33 1988.6415457725525
34 2006.4875202178955
35 2024.1741952896118
36 2041.644152879715
37 2059.2282354831696
38 2076.943798303604
39 2094.5056326389313
40 2111.9491713047028
2: err_max: 4.533329923256391e-09, time: 2112.32 s
8 17.98530149459839
9 35.9937539100647
10 53.97664451599121
11 71.8001184463501
12 89.83377575874329
13 108.053635597229
14 126.16366720199585
15 143.93735432624817
16 194.72943878173828
17 271.43140482902527
18 366.5496280193329
19 479.30903029441833
20 604.8606195449829
21 726.4149596691132
22 881.0932514667511
23 1036.4715073108673
24 1197.688337802887
25 1353.8660445213318
26 1492.390469789505
27 1617.155867099762
28 1723.249836921692
29 1821.7582211494446
30 1900.5905339717865
31 1960.7509233951569
32 1977.5899276733398
33 1994.876225233078
34 2012.1700809001923
35 2029.4095163345337
36 2046.1269328594208
37 2062.306726694107
38 2079.290757417679
39 2095.992993593216
40 2112.596081018448
3: err_max: 9.168772800022262e-09, time: 2112.60 s
8 18.114644527435303
9 36.32977652549744
10 54.6090202331543
11 72.766193151474
12 90.98932766914368
13 109.34861516952515
14 127.6792540550232
15 145.940655708313
16 197.34040474891663
17 274.80267667770386
18 369.80177640914917
19 482.59171772003174
20 609.0226294994354
21 730.0868096351624
22 884.307835817337
23 1040.5547902584076
24 1202.3787951469421
25 1358.8964445590973
26 1497.3600289821625
27 1622.1301324367523
28 1728.250164270401
29 1826.5438854694366
30 1904.6665179729462
31 1965.2067487239838
32 1983.0896301269531
33 2001.3277049064636
34 2019.5555503368378
35 2037.579047203064
36 2055.71604180336
37 2073.992739915848
38 2092.280163526535
39 2110.46107506752
40 2128.5748341083527
4: err_max: 1.0958342870279192e-10, time: 2128.89 s
8 17.518522024154663
9 34.926189661026
10 52.079577922821045
11 69.48658919334412
12 87.09564924240112
13 103.98324251174927
14 120.88398957252502
15 138.22345066070557
16 188.66193532943726
17 264.8866832256317
18 359.17325162887573
19 471.90612030029297
20 598.5256485939026
21 719.6741371154785
22 873.6094732284546
23 1028.2500586509705
24 1189.8441188335419
25 1346.5187809467316
26 1484.9790630340576
27 1608.8498644828796
28 1715.08748960495
29 1812.9665687084198
30 1892.0958178043365
31 1953.1281139850616
32 1970.9839913845062
33 1988.944578886032
34 2006.6968412399292
35 2024.364064693451
36 2042.2597954273224
37 2060.095435857773
38 2077.893049955368
39 2095.749592781067
40 2113.7828590869904
5: err_max: 9.999936095870477e-11, time: 2113.95 s
8 17.5107204914093
9 35.21648073196411
10 52.93488907814026
11 70.30010557174683
12 87.90719985961914
13 105.34270167350769
14 122.94963145256042
15 140.64312148094177
16 191.37537622451782
17 268.19349670410156
18 363.2757828235626
19 476.16464948654175
20 602.7495505809784
21 724.4249851703644
22 878.8139157295227
23 1034.9938929080963
24 1197.2615747451782
25 1354.6232154369354
26 1494.2917456626892
27 1619.1387479305267
28 1725.9019634723663
29 1825.1138870716095
30 1904.9675397872925
31 1966.7286760807037
32 1984.6312205791473
33 2002.3772921562195
34 2020.4329659938812
35 2038.4638576507568
36 2056.399965763092
37 2074.009662628174
38 2091.541688680649
39 2109.368164539337
40 2127.227578639984
6: err_max: 8.119458584643358e-09, time: 2127.70 s
8 17.765473127365112
9 35.612775564193726
10 53.65493130683899
11 71.53444361686707
12 89.26756119728088
13 107.12272047996521
14 125.1862645149231
15 143.1665916442871
16 194.59910655021667
17 271.9788889884949
18 367.4238338470459
19 480.42588901519775
20 607.2546558380127
21 729.7929141521454
22 885.1741323471069
23 1041.5627913475037
24 1203.5028111934662
25 1360.0789420604706
26 1498.650723695755
27 1623.181715965271
28 1729.8246343135834
29 1828.5971245765686
30 1906.7461261749268
31 1968.0034351348877
32 1986.1594648361206
33 2004.3344616889954
34 2022.482204914093
35 2040.5976021289825
36 2058.6891300678253
37 2076.697909116745
38 2094.766012430191
39 2112.8911230564117
40 2130.8905296325684
7: err_max: 9.99923284646477e-11, time: 2131.04 s
8 17.019065141677856
9 34.308979511260986
10 51.57628870010376
11 68.55094957351685
12 85.51772379875183
13 102.74751496315002
14 120.38810610771179
15 137.57498693466187
16 188.03458666801453
17 264.66102957725525
18 359.6102466583252
19 472.3320372104645
20 598.9080531597137
21 720.1406590938568
22 874.4342517852783
23 1029.8951120376587
24 1189.7738409042358
25 1346.2399427890778
26 1485.1866014003754
27 1610.4641408920288
28 1716.784009218216
29 1815.0528264045715
30 1894.1142189502716
31 1955.0334396362305
32 1972.9105217456818
33 1990.8018736839294
34 2008.1084880828857
35 2025.374758720398
36 2042.8107306957245
37 2060.0830795764923
38 2077.344934463501
39 2094.701883792877
40 2111.6811571121216
8: err_max: 3.780615232332196e-09, time: 2112.18 s
8 15.036274194717407
9 30.047001123428345
10 45.18618679046631
11 60.67016625404358
12 77.52824401855469
13 94.23105931282043
14 110.5210382938385
15 126.265300989151
16 175.94778537750244
17 252.2564570903778
18 345.9120509624481
19 458.3977258205414
20 584.5637412071228
21 705.438535451889
22 859.159866809845
23 1014.181263923645
24 1175.675198316574
25 1331.9685354232788
26 1470.8818385601044
27 1594.9381396770477
28 1701.2005836963654
29 1799.6188521385193
30 1877.513615846634
31 1938.9015414714813
32 1956.9871413707733
33 1974.7722136974335
34 1992.2609493732452
35 2010.184823513031
36 2027.8485944271088
37 2045.2860782146454
38 2062.8836357593536
39 2080.5586721897125
40 2098.3093917369843
9: err_max: 8.735922176622557e-09, time: 2098.32 s
9.168772800022262e-09
