/home/u2025010169/PROJECT/BlatzKo_2d/generate_data/analytical_u/ex2_batch.py:177: IntegrationWarning: The algorithm does not converge.  Roundoff error is detected
  in the extrapolation table.  It is assumed that the requested tolerance
  cannot be achieved, and that the returned result (if full_output = 1) is 
  the best which can be obtained.
  I_1[k], err1 = integrate.quad(fk_1, 0, delta, epsabs=1e-10, epsrel=1e-10)
PID: 19698
PID: 19698
8 6.20573878288269
9 12.402926683425903
10 18.608510732650757
11 24.827716827392578
12 31.03927755355835
13 37.25713801383972
14 43.48051309585571
15 49.726425647735596
16 90.54443621635437
17 158.23832058906555
18 244.8996822834015
19 349.5553047657013
20 467.2108337879181
21 580.9608747959137
22 728.2432155609131
23 877.1703624725342
24 1032.563405752182
25 1181.4141790866852
26 1312.842384815216
27 1428.6013672351837
28 1526.0770165920258
29 1615.071240901947
30 1684.6673543453217
31 1735.3008377552032
32 1741.504831314087
33 1747.7141835689545
34 1753.9427382946014
35 1760.1683387756348
36 1766.3956308364868
37 1772.6201951503754
38 1778.84193277359
39 1785.0652096271515
40 1791.2689237594604
0: err_max: 9.999740574199793e-11, time: 1791.27 s
8 6.182115316390991
9 12.376899719238281
10 18.567155361175537
11 24.768425703048706
12 30.97390079498291
13 37.17688846588135
14 43.39454936981201
15 49.61479449272156
16 90.2651538848877
17 157.70168566703796
18 243.87586617469788
19 348.07930088043213
20 466.21385073661804
21 579.8897066116333
22 726.0108323097229
23 873.9421353340149
24 1028.4506182670593
25 1177.1096110343933
26 1308.3249950408936
27 1423.5948462486267
28 1521.4258925914764
29 1609.108402967453
30 1678.6717655658722
31 1729.5897867679596
32 1735.8219511508942
33 1742.051530122757
34 1748.2783348560333
35 1754.4872574806213
36 1760.7005834579468
37 1766.9211931228638
38 1773.1447732448578
39 1779.3745985031128
40 1785.5872666835785
1: err_max: 9.999308954270775e-11, time: 1785.59 s
8 6.194096803665161
9 12.399368047714233
10 18.60514736175537
11 24.806543111801147
12 31.013989210128784
13 37.20593190193176
14 43.39801216125488
15 49.5980920791626
16 90.06422758102417
17 157.1650586128235
18 242.84203433990479
19 346.5960454940796
20 464.0828061103821
21 577.4488472938538
22 723.2091698646545
23 871.031170129776
24 1024.9978668689728
25 1173.3684656620026
26 1303.9078550338745
27 1418.9797177314758
28 1515.6161308288574
29 1604.2115397453308
30 1673.482956647873
31 1724.186585187912
32 1730.386203289032
33 1736.590567111969
34 1742.7971336841583
35 1749.00368475914
36 1755.209080696106
37 1761.4112493991852
38 1767.6132428646088
39 1773.816307067871
40 1780.0124912261963
2: err_max: 9.999709663209585e-11, time: 1780.02 s
8 6.177720069885254
9 12.348691701889038
10 18.518192052841187
11 24.69562292098999
12 30.869765281677246
13 37.04851412773132
14 43.23213195800781
15 49.414836406707764
16 89.87365460395813
17 156.98357582092285
18 242.7638087272644
19 346.42798233032227
20 464.1838209629059
21 577.2656495571136
22 722.7592852115631
23 870.2042338848114
24 1023.9499280452728
25 1172.1022763252258
26 1302.750937461853
27 1417.2388005256653
28 1514.0585539340973
29 1602.494571685791
30 1671.639524936676
31 1722.1059257984161
32 1728.307445049286
33 1734.486073732376
34 1740.663997888565
35 1746.8475272655487
36 1753.0432350635529
37 1759.2294700145721
38 1765.4136135578156
39 1771.5895092487335
40 1777.774127483368
3: err_max: 9.999637352393016e-11, time: 1778.07 s
8 6.163259506225586
9 12.324286937713623
10 18.484442234039307
11 24.64809250831604
12 30.815004348754883
13 36.98737573623657
14 43.157004833221436
15 49.319010734558105
16 89.6671826839447
17 156.64240980148315
18 242.11107206344604
19 345.5511727333069
20 462.8487091064453
21 575.7231011390686
22 721.1407978534698
23 868.7244002819061
24 1022.0568163394928
25 1170.3500635623932
26 1301.1165792942047
27 1416.692927122116
28 1513.5183413028717
29 1602.056386232376
30 1671.1793582439423
31 1721.8667886257172
32 1728.0611112117767
33 1734.2690980434418
34 1740.4665429592133
35 1746.6601650714874
36 1752.8579807281494
37 1759.0606479644775
38 1765.2622623443604
39 1771.457026720047
40 1777.6421387195587
4: err_max: 6.812082946339171e-09, time: 1777.65 s
8 6.183272361755371
9 12.375036478042603
10 18.562031030654907
11 24.75102710723877
12 30.95988154411316
13 37.16135787963867
14 43.347668170928955
15 49.54605841636658
16 90.08677315711975
17 157.4340784549713
18 243.44723272323608
19 347.7132635116577
20 465.7512114048004
21 578.3435573577881
22 724.31702876091
23 872.3858807086945
24 1026.3340318202972
25 1175.0122575759888
26 1306.0283148288727
27 1421.065723657608
28 1517.6223514080048
29 1605.6859107017517
30 1674.9650371074677
31 1725.808914899826
32 1732.024750471115
33 1738.2399077415466
34 1744.4587397575378
35 1750.6758613586426
36 1756.89444231987
37 1763.1098737716675
38 1769.328818321228
39 1775.5492732524872
40 1781.7664723396301
5: err_max: 9.999819201855775e-11, time: 1781.77 s
8 6.181157350540161
9 12.357837915420532
10 18.545132160186768
11 24.734276294708252
12 30.929596185684204
13 37.13363718986511
14 43.33949542045593
15 49.54753303527832
16 89.89799451828003
17 156.5421826839447
18 241.72181844711304
19 345.46896958351135
20 463.3919770717621
21 576.3503510951996
22 722.4727253913879
23 870.4540162086487
24 1024.7996139526367
25 1173.3351638317108
26 1303.8465168476105
27 1419.1598100662231
28 1516.0944111347198
29 1605.4711451530457
30 1674.74227809906
31 1725.1888608932495
32 1731.3971018791199
33 1737.6102902889252
34 1743.818895816803
35 1750.024361371994
36 1756.220564365387
37 1762.4198191165924
38 1768.6138179302216
39 1774.8221487998962
40 1781.0277106761932
6: err_max: 9.999972501398709e-11, time: 1781.13 s
8 6.174746513366699
9 12.345242738723755
10 18.522610187530518
11 24.701035022735596
12 30.894060611724854
13 37.082316875457764
14 43.270925998687744
15 49.463436126708984
16 89.7505202293396
17 156.48494338989258
18 241.33648562431335
19 345.04797434806824
20 462.78842878341675
21 575.7587153911591
22 721.8179886341095
23 869.5762188434601
24 1023.9297893047333
25 1172.3195443153381
26 1302.9848954677582
27 1417.860868215561
28 1514.838075876236
29 1603.4789462089539
30 1672.1466746330261
31 1722.638344526291
32 1728.8426730632782
33 1735.0458660125732
34 1741.2435402870178
35 1747.4454843997955
36 1753.6549315452576
37 1759.857173204422
38 1766.0600097179413
39 1772.2566032409668
40 1778.4608407020569
7: err_max: 9.999674976071763e-11, time: 1778.59 s
8 6.1680567264556885
9 12.333609819412231
10 18.486708641052246
11 24.648619413375854
12 30.808725595474243
13 36.97819447517395
14 43.14533305168152
15 49.329182863235474
16 89.67734122276306
17 156.80997133255005
18 242.55316305160522
19 346.765625
20 464.32081747055054
21 577.3228318691254
22 723.0575249195099
23 870.4944851398468
24 1023.8634626865387
25 1172.103465795517
26 1302.8544266223907
27 1418.4059717655182
28 1514.654159784317
29 1603.2017080783844
30 1672.4999766349792
31 1723.2433578968048
32 1729.4268114566803
33 1735.6217226982117
34 1741.8162405490875
35 1748.0151116847992
36 1754.2171483039856
37 1760.4171335697174
38 1766.6158809661865
39 1772.800167798996
40 1778.9949162006378
8: err_max: 9.999994801729695e-11, time: 1779.00 s
8 6.180216073989868
9 12.357106924057007
10 18.533475160598755
11 24.708611965179443
12 30.89197874069214
13 37.07896113395691
14 43.26659440994263
15 49.46855854988098
16 88.97267508506775
17 156.1287021636963
18 242.01982617378235
19 345.67463636398315
20 463.9441947937012
21 577.4521656036377
22 723.1082108020782
23 870.8214612007141
24 1024.4266920089722
25 1172.8298535346985
26 1303.0346167087555
27 1417.8821759223938
28 1514.6653249263763
29 1603.1560635566711
30 1672.4565119743347
31 1722.9197173118591
32 1729.1140501499176
33 1735.311505317688
34 1741.490693807602
35 1747.6815400123596
36 1753.877745628357
37 1760.0748829841614
38 1766.2721772193909
39 1772.4543623924255
40 1778.646029472351
9: err_max: 9.997797283645736e-11, time: 1778.66 s
6.812082946339171e-09
