/home/u2025010169/PROJECT/BlatzKo_2d/generate_data/analytical_u/ex2_batch.py:177: IntegrationWarning: The algorithm does not converge.  Roundoff error is detected
  in the extrapolation table.  It is assumed that the requested tolerance
  cannot be achieved, and that the returned result (if full_output = 1) is 
  the best which can be obtained.
  I_1[k], err1 = integrate.quad(fk_1, 0, delta, epsabs=1e-10, epsrel=1e-10)
PID: 7193
PID: 7193
8 6.225515842437744
9 12.43098521232605
10 18.640831470489502
11 24.856668710708618
12 31.08208155632019
13 37.31367802619934
14 43.54870057106018
15 49.788737297058105
16 90.22227215766907
17 157.2246174812317
18 242.36178135871887
19 345.43904995918274
20 462.1114196777344
21 574.5357294082642
22 720.3322672843933
23 868.1705219745636
24 1022.3957438468933
25 1171.082323551178
26 1302.284722328186
27 1417.588599205017
28 1515.8721361160278
29 1604.798957824707
30 1674.091338634491
31 1724.5772876739502
32 1730.7926025390625
33 1737.0171625614166
34 1743.2415099143982
35 1749.4659247398376
36 1755.6891832351685
37 1761.9192242622375
38 1768.148955821991
39 1774.3712422847748
40 1780.5932388305664
0: err_max: 9.999538138543345e-11, time: 1780.60 s
8 6.198942184448242
9 12.398273468017578
10 18.600323915481567
11 24.808574438095093
12 31.011732578277588
13 37.22249889373779
14 43.43251132965088
15 49.645400524139404
16 90.04040193557739
17 157.2227818965912
18 243.090815782547
19 347.0403699874878
20 464.4772436618805
21 577.0723171234131
22 722.3886721134186
23 869.664116859436
24 1022.7144193649292
25 1170.7099413871765
26 1301.6297736167908
27 1417.040552854538
28 1513.8865554332733
29 1602.563726425171
30 1672.2213020324707
31 1723.1189651489258
32 1729.336121082306
33 1735.5442967414856
34 1741.7559554576874
35 1747.9665312767029
36 1754.1789045333862
37 1760.3828220367432
38 1766.5858714580536
39 1772.7947406768799
40 1779.0018627643585
1: err_max: 9.999246322493612e-11, time: 1779.00 s
8 6.181316137313843
9 12.369762659072876
10 18.55989098548889
11 24.75663447380066
12 30.949575901031494
13 37.14447021484375
14 43.34754824638367
15 49.55723524093628
16 89.78615236282349
17 156.1947147846222
18 241.992107629776
19 345.4642639160156
20 462.87894439697266
21 574.8245785236359
22 719.5742514133453
23 865.9969410896301
24 1019.4380083084106
25 1167.25524020195
26 1297.6769797801971
27 1412.4326395988464
28 1509.3950004577637
29 1597.7523357868195
30 1666.649729013443
31 1716.6623530387878
32 1722.8505418300629
33 1729.0401377677917
34 1735.2298345565796
35 1741.4172790050507
36 1747.6067616939545
37 1753.7947578430176
38 1760.0013763904572
39 1766.1947934627533
40 1772.3856315612793
2: err_max: 9.99993872430327e-11, time: 1772.39 s
8 6.16672682762146
9 12.325857162475586
10 18.495031595230103
11 24.657406330108643
12 30.82479166984558
13 36.99165964126587
14 43.15688228607178
15 49.32851815223694
16 89.65587282180786
17 156.52135634422302
18 241.79704022407532
19 344.95361375808716
20 461.8433938026428
21 574.1908371448517
22 719.0572419166565
23 866.1606407165527
24 1019.5421693325043
25 1167.3069462776184
26 1297.5898547172546
27 1412.5109705924988
28 1508.9570951461792
29 1597.1482276916504
30 1666.2903878688812
31 1716.7964639663696
32 1722.9756932258606
33 1729.1551702022552
34 1735.3336880207062
35 1741.509118795395
36 1747.691123008728
37 1753.8682458400726
38 1760.0463016033173
39 1766.2189733982086
40 1772.3906967639923
3: err_max: 9.999983878247402e-11, time: 1772.64 s
8 6.159484148025513
9 12.32247281074524
10 18.491920948028564
11 24.662360668182373
12 30.838356256484985
13 37.02637267112732
14 43.21067810058594
15 49.399221897125244
16 89.52156066894531
17 156.21193623542786
18 241.39120769500732
19 342.98511695861816
20 459.7360243797302
21 572.3635227680206
22 717.272872209549
23 864.2606689929962
24 1017.7200720310211
25 1165.6529569625854
26 1295.4474384784698
27 1410.942433834076
28 1507.2712535858154
29 1595.6608109474182
30 1664.8081533908844
31 1715.4057457447052
32 1721.590457201004
33 1727.7891187667847
34 1733.9738969802856
35 1740.157357931137
36 1746.349718093872
37 1752.5491247177124
38 1758.7351126670837
39 1764.925632238388
40 1771.115257024765
4: err_max: 9.081628081497595e-09, time: 1771.12 s
8 6.17120623588562
9 12.350215435028076
10 18.529128789901733
11 24.701507091522217
12 30.881253004074097
13 37.05879330635071
14 43.247644901275635
15 49.43742346763611
16 88.91089630126953
17 156.01006388664246
18 241.7299349308014
19 345.266074180603
20 463.25291991233826
21 576.0733559131622
22 721.7969546318054
23 868.6866536140442
24 1022.9601256847382
25 1171.1218440532684
26 1301.7474303245544
27 1416.87895321846
28 1513.6806347370148
29 1602.1728146076202
30 1671.3428163528442
31 1721.8461890220642
32 1728.0547778606415
33 1734.2541553974152
34 1740.4496920108795
35 1746.641682624817
36 1752.8492538928986
37 1759.0529820919037
38 1765.256454706192
39 1771.4640786647797
40 1777.676854133606
5: err_max: 9.999335776741663e-11, time: 1777.68 s
8 6.169953107833862
9 12.338199138641357
10 18.510419130325317
11 24.69318199157715
12 30.8752338886261
13 37.05892992019653
14 43.246227741241455
15 49.44276285171509
16 88.75267767906189
17 154.3727674484253
18 239.92234587669373
19 343.50354075431824
20 460.7723984718323
21 573.726758480072
22 719.4266674518585
23 867.2892265319824
24 1021.3295514583588
25 1169.8285613059998
26 1300.515768289566
27 1415.6243410110474
28 1512.0468754768372
29 1600.9746763706207
30 1670.1973655223846
31 1720.728306055069
32 1726.9309756755829
33 1733.1384167671204
34 1739.3437695503235
35 1745.5486118793488
36 1751.757056236267
37 1757.9580268859863
38 1764.1619341373444
39 1770.3715989589691
40 1776.5728681087494
6: err_max: 9.999955210741198e-11, time: 1776.73 s
8 6.171862602233887
9 12.346460103988647
10 18.519909620285034
11 24.69390559196472
12 30.87281346321106
13 37.05939269065857
14 43.24399447441101
15 49.42663240432739
16 89.83310389518738
17 154.49788212776184
18 240.1009726524353
19 343.5781764984131
20 460.94009590148926
21 573.7685024738312
22 719.4498479366302
23 866.7263872623444
24 1020.0795722007751
25 1168.1069505214691
26 1298.7308719158173
27 1413.5046916007996
28 1510.1931529045105
29 1598.573183298111
30 1667.2572922706604
31 1717.758371591568
32 1723.9575917720795
33 1730.169296503067
34 1736.373575925827
35 1742.5756103992462
36 1748.7772166728973
37 1754.9830102920532
38 1761.1885135173798
39 1767.4083240032196
40 1773.6088259220123
7: err_max: 9.999865527753359e-11, time: 1773.73 s
8 6.159636497497559
9 12.30866289138794
10 18.469974994659424
11 24.63948655128479
12 30.81097149848938
13 36.98564910888672
14 43.16524338722229
15 49.34375214576721
16 89.77597880363464
17 156.75898957252502
18 242.43891525268555
19 345.7435851097107
20 463.4579105377197
21 576.5241148471832
22 722.1800138950348
23 869.5016832351685
24 1023.1977996826172
25 1171.0206263065338
26 1301.4163677692413
27 1416.2367622852325
28 1512.8542697429657
29 1601.1170303821564
30 1670.1761150360107
31 1720.5775179862976
32 1726.7636289596558
33 1732.9469754695892
34 1739.1304461956024
35 1745.3125584125519
36 1751.499855041504
37 1757.6808824539185
38 1763.8585410118103
39 1770.0400755405426
40 1776.2224888801575
8: err_max: 9.999535839384141e-11, time: 1776.23 s
8 6.1747214794158936
9 12.343185424804688
10 18.51176929473877
11 24.68252730369568
12 30.858347415924072
13 37.03955602645874
14 43.228825092315674
15 49.41903519630432
16 89.80158567428589
17 156.79664778709412
18 242.5445647239685
19 345.9009783267975
20 463.876184463501
21 576.4148006439209
22 722.134872674942
23 869.1807143688202
24 1022.7798414230347
25 1170.0624651908875
26 1300.7115166187286
27 1415.5438809394836
28 1512.3811078071594
29 1600.7463810443878
30 1669.564472436905
31 1720.0356812477112
32 1726.2177798748016
33 1732.4000432491302
34 1738.5872972011566
35 1744.76518368721
36 1750.9515590667725
37 1757.1391353607178
38 1763.3241312503815
39 1769.5074310302734
40 1775.6928222179413
9: err_max: 9.999296314993899e-11, time: 1775.98 s
9.081628081497595e-09
