/home/u2025010169/PROJECT/BlatzKo_2d/generate_data/analytical_u/ex2_batch.py:177: IntegrationWarning: The algorithm does not converge.  Roundoff error is detected
  in the extrapolation table.  It is assumed that the requested tolerance
  cannot be achieved, and that the returned result (if full_output = 1) is 
  the best which can be obtained.
  I_1[k], err1 = integrate.quad(fk_1, 0, delta, epsabs=1e-10, epsrel=1e-10)
PID: 9754
PID: 9754
8 6.105328559875488
9 12.21217155456543
10 18.30481743812561
11 24.396461009979248
12 30.496458530426025
13 36.6039662361145
14 42.71138381958008
15 48.82495951652527
16 88.68898320198059
17 154.84467935562134
18 239.242121219635
19 341.4108431339264
20 457.35569500923157
21 568.9088673591614
22 712.6644694805145
23 858.2556700706482
24 1010.3400592803955
25 1156.2850749492645
26 1285.0964143276215
27 1398.7059750556946
28 1494.2677915096283
29 1581.7123279571533
30 1649.7523617744446
31 1699.448269367218
32 1705.5568678379059
33 1711.6676352024078
34 1717.7727706432343
35 1723.8809297084808
36 1729.9949147701263
37 1736.1065096855164
38 1742.2184088230133
39 1748.330162525177
40 1754.4430811405182
0: err_max: 9.999682613514278e-11, time: 1754.45 s
8 6.102526426315308
9 12.206369161605835
10 18.300095796585083
11 24.400001764297485
12 30.506710052490234
13 36.62282133102417
14 42.74137997627258
15 48.86847734451294
16 88.67332673072815
17 154.715567111969
18 239.15946435928345
19 341.04606080055237
20 457.06718397140503
21 568.7205617427826
22 712.3427972793579
23 858.0112478733063
24 1010.1396856307983
25 1156.583467245102
26 1285.1972987651825
27 1398.994785308838
28 1494.1607203483582
29 1581.2544407844543
30 1649.420283794403
31 1699.4349746704102
32 1705.5594539642334
33 1711.685343503952
34 1717.811330318451
35 1723.9377551078796
36 1730.06086063385
37 1736.1865966320038
38 1742.3140316009521
39 1748.4418487548828
40 1754.562402009964
1: err_max: 9.461431301621692e-09, time: 1754.57 s
8 6.084257364273071
9 12.166768074035645
10 18.244986057281494
11 24.315946578979492
12 30.40824556350708
13 36.51031303405762
14 42.60556650161743
15 48.70486521720886
16 88.2163953781128
17 154.25676441192627
18 238.56211280822754
19 340.67772126197815
20 456.00088453292847
21 565.7527565956116
22 707.5941643714905
23 852.3438277244568
24 1003.6042122840881
25 1149.3239161968231
26 1277.2814676761627
27 1390.1652722358704
28 1485.369360923767
29 1572.2738511562347
30 1640.1649000644684
31 1689.6583421230316
32 1695.7634236812592
33 1701.863024711609
34 1707.958782196045
35 1714.0477225780487
36 1720.1427989006042
37 1726.2277436256409
38 1732.3202123641968
39 1738.4130637645721
40 1744.5070078372955
2: err_max: 9.999965959461843e-11, time: 1744.51 s
8 6.057409286499023
9 12.119378328323364
10 18.18508005142212
11 24.247812271118164
12 30.310524940490723
13 36.384212493896484
14 42.460773229599
15 48.541000843048096
16 88.24091291427612
17 154.1251938343048
18 237.52158451080322
19 339.066113948822
20 454.49134945869446
21 565.169718503952
22 708.0734243392944
23 852.9888491630554
24 1004.1349468231201
25 1149.5818405151367
26 1277.9228827953339
27 1390.936395406723
28 1485.9287297725677
29 1572.706748008728
30 1640.4983322620392
31 1690.2306804656982
32 1696.313242673874
33 1702.3954710960388
34 1708.4801931381226
35 1714.5608909130096
36 1720.647198677063
37 1726.7267310619354
38 1732.804392337799
39 1738.889586687088
40 1744.9652712345123
3: err_max: 9.998681922677235e-11, time: 1744.98 s
8 6.0485851764678955
9 12.099691152572632
10 18.156140327453613
11 24.209227085113525
12 30.262797117233276
13 36.31869053840637
14 42.38140845298767
15 48.44220972061157
16 87.98324632644653
17 153.60442209243774
18 237.58422684669495
19 339.06207633018494
20 454.1395614147186
21 565.0490036010742
22 707.7808291912079
23 852.5964307785034
24 1002.4243869781494
25 1147.9323694705963
26 1275.5899729728699
27 1388.9290890693665
28 1483.8624548912048
29 1570.655535697937
30 1638.2722766399384
31 1688.028686285019
32 1694.111695766449
33 1700.1985778808594
34 1706.2875673770905
35 1712.3727328777313
36 1718.457720041275
37 1724.538527727127
38 1730.6218814849854
39 1736.7048771381378
40 1742.7904660701752
4: err_max: 8.073830097543588e-09, time: 1742.79 s
8 6.065378904342651
9 12.134439945220947
10 18.199669361114502
11 24.276264429092407
12 30.356213092803955
13 36.44330978393555
14 42.525662660598755
15 48.60701632499695
16 88.25292563438416
17 154.14887261390686
18 238.26404643058777
19 340.02029943466187
20 455.54510855674744
21 566.70347905159
22 709.8679056167603
23 854.8116011619568
24 1005.8310513496399
25 1151.274748325348
26 1279.5800414085388
27 1392.6858885288239
28 1487.7344081401825
29 1574.6702358722687
30 1642.7149548530579
31 1692.3424098491669
32 1698.4344265460968
33 1704.5253548622131
34 1710.616673707962
35 1716.712901353836
36 1722.809680223465
37 1728.9014720916748
38 1734.994036912918
39 1741.0898180007935
40 1747.1858949661255
5: err_max: 9.999026606699601e-11, time: 1747.19 s
8 6.0904381275177
9 12.177027702331543
10 18.261815071105957
11 24.348415851593018
12 30.43804669380188
13 36.53248643875122
14 42.62897753715515
15 48.7292263507843
16 87.5345311164856
17 152.81014251708984
18 237.14142870903015
19 339.2066376209259
20 454.8479177951813
21 565.6522123813629
22 708.9733731746674
23 854.5606625080109
24 1006.2346711158752
25 1152.2704403400421
26 1281.0784850120544
27 1394.469310283661
28 1489.253931760788
29 1576.9990606307983
30 1645.3195712566376
31 1695.2185544967651
32 1701.3312120437622
33 1707.4530138969421
34 1713.5676810741425
35 1719.6875851154327
36 1725.80859375
37 1731.923891544342
38 1738.0337843894958
39 1744.1483926773071
40 1750.2647874355316
6: err_max: 9.99949486734005e-11, time: 1750.27 s
8 6.087660074234009
9 12.165292739868164
10 18.245232582092285
11 24.327333450317383
12 30.41290545463562
13 36.50002121925354
14 42.58439540863037
15 48.678651332855225
16 88.46443319320679
17 154.49471950531006
18 238.80062174797058
19 340.7760281562805
20 456.44424414634705
21 567.3940095901489
22 710.7103683948517
23 855.6288709640503
24 1007.171404838562
25 1152.9984924793243
26 1281.6600461006165
27 1394.809091091156
28 1490.1261155605316
29 1577.2216033935547
30 1645.1073153018951
31 1694.7773413658142
32 1700.884006023407
33 1706.9911272525787
34 1713.1035578250885
35 1719.2179872989655
36 1725.3271009922028
37 1731.4379227161407
38 1737.5501720905304
39 1743.6619930267334
40 1749.765827178955
7: err_max: 9.998934431078537e-11, time: 1749.87 s
8 6.061142444610596
9 12.125019073486328
10 18.197155952453613
11 24.2718563079834
12 30.346693515777588
13 36.41997504234314
14 42.49864315986633
15 48.58058261871338
16 88.1670913696289
17 153.94974756240845
18 237.8000476360321
19 339.45774245262146
20 454.586811542511
21 565.9656600952148
22 709.2825677394867
23 854.5295629501343
24 1005.9001655578613
25 1151.764193058014
26 1280.371043920517
27 1393.1650817394257
28 1487.8666005134583
29 1574.518636226654
30 1642.6949379444122
31 1692.3411974906921
32 1698.4412534236908
33 1704.543514251709
34 1710.648750782013
35 1716.7572240829468
36 1722.8689665794373
37 1728.9777886867523
38 1735.0863890647888
39 1741.191841840744
40 1747.2967112064362
8: err_max: 4.568480871380842e-09, time: 1747.30 s
8 6.0876336097717285
9 12.168945550918579
10 18.25478219985962
11 24.344454050064087
12 30.436052799224854
13 36.53227710723877
14 42.634047746658325
15 48.7344229221344
16 87.46549725532532
17 153.31336855888367
18 237.46749138832092
19 339.193776845932
20 454.9073021411896
21 566.1519975662231
22 709.6343860626221
23 854.9586665630341
24 1006.6003184318542
25 1152.4493029117584
26 1281.2400467395782
27 1394.16135263443
28 1489.5301864147186
29 1576.6798708438873
30 1644.8286447525024
31 1694.6279509067535
32 1700.7410969734192
33 1706.850804567337
34 1712.9549489021301
35 1719.0686657428741
36 1725.1786863803864
37 1731.2852323055267
38 1737.393013715744
39 1743.5064787864685
40 1749.6179857254028
9: err_max: 9.999705360627664e-11, time: 1749.90 s
9.461431301621692e-09
