/home/u2025010169/PROJECT/BlatzKo_2d/generate_data/analytical_u/ex2_batch.py:177: IntegrationWarning: The algorithm does not converge.  Roundoff error is detected
  in the extrapolation table.  It is assumed that the requested tolerance
  cannot be achieved, and that the returned result (if full_output = 1) is 
  the best which can be obtained.
  I_1[k], err1 = integrate.quad(fk_1, 0, delta, epsabs=1e-10, epsrel=1e-10)
PID: 19725
PID: 19725
8 6.177373647689819
9 12.35968804359436
10 18.54337239265442
11 24.72326421737671
12 30.907042741775513
13 37.092562437057495
14 43.28094029426575
15 49.4773371219635
16 89.97710347175598
17 157.10444855690002
18 242.74041652679443
19 345.71796321868896
20 463.39369797706604
21 576.6978461742401
22 722.6031818389893
23 869.945300579071
24 1023.668562412262
25 1171.5113909244537
26 1301.3175356388092
27 1415.4971196651459
28 1511.8338332176208
29 1599.7867329120636
30 1668.6429197788239
31 1718.545218706131
32 1724.7120425701141
33 1730.8786866664886
34 1737.0473239421844
35 1743.209342956543
36 1749.3751735687256
37 1755.5514314174652
38 1761.7186453342438
39 1767.8918368816376
40 1774.056093454361
0: err_max: 7.96389210827586e-09, time: 1774.06 s
8 6.162348508834839
9 12.326048612594604
10 18.488209009170532
11 24.650409936904907
12 30.81720733642578
13 36.991591691970825
14 43.166693925857544
15 49.34346103668213
16 89.52635622024536
17 156.2389850616455
18 241.54277992248535
19 344.54645252227783
20 461.6305456161499
21 574.3934383392334
22 719.6118648052216
23 867.0004050731659
24 1020.5663948059082
25 1168.4624843597412
26 1298.7482163906097
27 1413.666123867035
28 1510.1922824382782
29 1598.5719561576843
30 1667.629965543747
31 1718.2600073814392
32 1724.4418323040009
33 1730.6677374839783
34 1736.8590817451477
35 1743.0416119098663
36 1749.235758304596
37 1755.4238317012787
38 1761.6123597621918
39 1767.8008065223694
40 1773.987694978714
1: err_max: 9.57873565188283e-09, time: 1773.99 s
8 6.156932830810547
9 12.312605142593384
10 18.468844652175903
11 24.629623889923096
12 30.794269800186157
13 36.96243977546692
14 43.13364291191101
15 49.30933213233948
16 88.65939331054688
17 155.34373998641968
18 239.71075177192688
19 342.98818802833557
20 461.25195384025574
21 574.1719326972961
22 719.573091506958
23 866.7355356216431
24 1019.7991435527802
25 1167.5258967876434
26 1297.8986885547638
27 1412.8610060214996
28 1509.4226877689362
29 1597.735940694809
30 1666.6053929328918
31 1716.8550083637238
32 1723.0271005630493
33 1729.1943497657776
34 1735.3643777370453
35 1741.5357518196106
36 1747.7086753845215
37 1753.8793880939484
38 1760.0539140701294
39 1766.2330284118652
40 1772.412346124649
2: err_max: 9.999850704579343e-11, time: 1772.42 s
8 6.140356540679932
9 12.277924060821533
10 18.419013023376465
11 24.555506944656372
12 30.69928789138794
13 36.84769892692566
14 43.00071620941162
15 49.154680013656616
16 88.2748429775238
17 153.995507478714
18 237.70796394348145
19 340.0397126674652
20 456.78295397758484
21 568.7309691905975
22 712.5146472454071
23 859.1130044460297
24 1012.3649246692657
25 1160.4795780181885
26 1290.570309638977
27 1405.185881614685
28 1500.8523564338684
29 1588.8375043869019
30 1657.4754292964935
31 1707.865654706955
32 1714.0275115966797
33 1720.183184146881
34 1726.3404395580292
35 1732.4925825595856
36 1738.645451784134
37 1744.8008110523224
38 1750.9612259864807
39 1757.1192202568054
40 1763.273376941681
3: err_max: 9.999167466245851e-11, time: 1763.52 s
8 6.131016254425049
9 12.268492221832275
10 18.40219783782959
11 24.5387601852417
12 30.674371480941772
13 36.8219108581543
14 42.9741895198822
15 49.127281665802
16 89.34140849113464
17 156.04333019256592
18 240.93146800994873
19 343.20306181907654
20 460.1728434562683
21 572.554850101471
22 717.5169982910156
23 864.1985545158386
24 1017.1087799072266
25 1164.3238596916199
26 1294.1684403419495
27 1408.1657779216766
28 1504.2128965854645
29 1592.1664381027222
30 1660.8205037117004
31 1710.9610908031464
32 1717.121957063675
33 1723.2801597118378
34 1729.4382128715515
35 1735.5999155044556
36 1741.7620947360992
37 1747.920725107193
38 1754.0874705314636
39 1760.248018026352
40 1766.4071428775787
4: err_max: 9.999633924615388e-11, time: 1766.41 s
8 6.143945693969727
9 12.290225744247437
10 18.43153715133667
11 24.579508781433105
12 30.72962474822998
13 36.88432788848877
14 43.04145622253418
15 49.20367693901062
16 89.48350548744202
17 156.27419233322144
18 241.5089054107666
19 344.6806004047394
20 462.71414947509766
21 575.2520589828491
22 720.1631717681885
23 867.2287130355835
24 1020.3574604988098
25 1167.991497516632
26 1297.7837839126587
27 1412.0193421840668
28 1508.4846272468567
29 1596.6585023403168
30 1665.7246916294098
31 1716.0213615894318
32 1722.1941545009613
33 1728.370677947998
34 1734.5463116168976
35 1740.7189745903015
36 1746.8910410404205
37 1753.0600328445435
38 1759.2337024211884
39 1765.406135559082
40 1771.5740535259247
5: err_max: 9.999598046296632e-11, time: 1771.58 s
8 6.153779745101929
9 12.308277606964111
10 18.46116828918457
11 24.61580514907837
12 30.773495197296143
13 36.93718934059143
14 43.10184049606323
15 49.263065338134766
16 89.49400019645691
17 156.13194370269775
18 241.186026096344
19 344.2911145687103
20 461.177609205246
21 573.7575516700745
22 719.258505821228
23 866.399263381958
24 1019.998277425766
25 1167.382997751236
26 1297.7459774017334
27 1412.3597416877747
28 1508.79811835289
29 1596.9360625743866
30 1665.8401205539703
31 1716.1209642887115
32 1722.2889122962952
33 1728.4596254825592
34 1734.6360077857971
35 1740.803753376007
36 1746.973830461502
37 1753.1424641609192
38 1759.3148300647736
39 1765.4867882728577
40 1771.660101890564
6: err_max: 9.99999809635552e-11, time: 1772.08 s
8 6.144920587539673
9 12.289847612380981
10 18.435814142227173
11 24.581777572631836
12 30.73136019706726
13 36.88881707191467
14 43.043004751205444
15 49.200828552246094
16 89.33944439888
17 155.96921515464783
18 241.17048835754395
19 344.13964438438416
20 461.1827988624573
21 573.542154788971
22 718.2151787281036
23 864.9470851421356
24 1018.2701034545898
25 1165.761349439621
26 1296.047616481781
27 1410.8588194847107
28 1507.1619505882263
29 1595.2588987350464
30 1663.8436193466187
31 1713.958265542984
32 1720.1272706985474
33 1726.3008325099945
34 1732.476009607315
35 1738.6511549949646
36 1744.8266730308533
37 1750.9987390041351
38 1757.167718410492
39 1763.3371670246124
40 1769.5099506378174
7: err_max: 9.999966306406538e-11, time: 1769.51 s
8 6.131409168243408
9 12.26355504989624
10 18.399280071258545
11 24.539921522140503
12 30.681270360946655
13 36.82346749305725
14 42.96297073364258
15 49.10477662086487
16 89.29343914985657
17 155.943500995636
18 241.058926820755
19 343.97014904022217
20 461.6399595737457
21 573.8784766197205
22 718.3546795845032
23 865.0567507743835
24 1017.9518904685974
25 1165.0876882076263
26 1295.1309690475464
27 1409.628172159195
28 1505.8747136592865
29 1593.9288325309753
30 1662.7717170715332
31 1712.9843277931213
32 1719.1423885822296
33 1725.3036570549011
34 1731.46785902977
35 1737.6336886882782
36 1743.798082113266
37 1749.9617943763733
38 1756.1257333755493
39 1762.2885794639587
40 1768.4505977630615
8: err_max: 9.999459333470684e-11, time: 1768.45 s
8 6.132116794586182
9 12.265148162841797
10 18.405608892440796
11 24.548410177230835
12 30.695541620254517
13 36.84159994125366
14 42.99242949485779
15 49.14402985572815
16 89.24757313728333
17 155.92319107055664
18 241.08678340911865
19 344.08901810646057
20 461.010621547699
21 573.2717776298523
22 718.0284671783447
23 864.9274961948395
24 1017.8820824623108
25 1165.132393836975
26 1294.9766721725464
27 1409.5805399417877
28 1505.9433069229126
29 1594.0724008083344
30 1663.1317212581635
31 1713.4109559059143
32 1719.5784676074982
33 1725.7425684928894
34 1731.904679775238
35 1738.0708854198456
36 1744.2347395420074
37 1750.3994438648224
38 1756.5679800510406
39 1762.7289199829102
40 1768.8919920921326
9: err_max: 9.999165621847622e-11, time: 1769.02 s
9.57873565188283e-09
