/home/u2025010169/PROJECT/BlatzKo_2d/generate_data/analytical_u/ex2_batch.py:177: IntegrationWarning: The algorithm does not converge.  Roundoff error is detected
  in the extrapolation table.  It is assumed that the requested tolerance
  cannot be achieved, and that the returned result (if full_output = 1) is 
  the best which can be obtained.
  I_1[k], err1 = integrate.quad(fk_1, 0, delta, epsabs=1e-10, epsrel=1e-10)
PID: 17592
PID: 17592
8 6.0625786781311035
9 12.115490674972534
10 18.165236711502075
11 24.221338272094727
12 30.27570939064026
13 36.327019929885864
14 42.38412880897522
15 48.454521894454956
16 88.11825489997864
17 153.4802987575531
18 237.6987235546112
19 339.3859701156616
20 454.7249641418457
21 565.39550948143
22 708.4450113773346
23 853.2495858669281
24 1004.0413353443146
25 1148.941618680954
26 1276.7129068374634
27 1389.2008769512177
28 1483.8230805397034
29 1570.4593331813812
30 1638.1583786010742
31 1687.5258309841156
32 1693.5938839912415
33 1699.6620693206787
34 1705.734349489212
35 1711.8056399822235
36 1717.876977443695
37 1723.9501399993896
38 1730.025603055954
39 1736.098942041397
40 1742.1658532619476
0: err_max: 9.999468055877161e-11, time: 1742.17 s
8 6.0426740646362305
9 12.088353872299194
10 18.14106774330139
11 24.193280696868896
12 30.25214958190918
13 36.315837144851685
14 42.386093854904175
15 48.452219009399414
16 87.06850099563599
17 151.98420929908752
18 235.42415356636047
19 337.13861298561096
20 452.75408387184143
21 563.7159471511841
22 706.6102275848389
23 851.2890152931213
24 1002.5943155288696
25 1148.2784328460693
26 1276.6393671035767
27 1389.6995494365692
28 1484.5774688720703
29 1571.5731756687164
30 1639.330468416214
31 1689.0786776542664
32 1695.1615462303162
33 1701.2545239925385
34 1707.3368906974792
35 1713.415848493576
36 1719.50728058815
37 1725.5972292423248
38 1731.6822209358215
39 1737.7633700370789
40 1743.8472673892975
1: err_max: 9.999718278775753e-11, time: 1743.85 s
8 6.0525782108306885
9 12.092402458190918
10 18.133418083190918
11 24.182977437973022
12 30.235466480255127
13 36.288888931274414
14 42.3581817150116
15 48.42679309844971
16 86.87656426429749
17 152.39276576042175
18 236.40401101112366
19 337.9917845726013
20 453.4641206264496
21 564.4942619800568
22 706.1100745201111
23 850.8677043914795
24 1001.5722076892853
25 1146.7141752243042
26 1275.073807001114
27 1387.7668590545654
28 1482.467393875122
29 1569.095113992691
30 1636.629997253418
31 1686.1496231555939
32 1692.2336869239807
33 1698.3173298835754
34 1704.4019412994385
35 1710.4853661060333
36 1716.566713809967
37 1722.6519553661346
38 1728.7366919517517
39 1734.8169162273407
40 1740.903580904007
2: err_max: 9.999853028963557e-11, time: 1740.91 s
8 6.0428853034973145
9 12.092231273651123
10 18.138051986694336
11 24.194136381149292
12 30.252243518829346
13 36.30829167366028
14 42.3617045879364
15 48.42158913612366
16 87.9921805858612
17 153.58065605163574
18 237.23206853866577
19 338.4787037372589
20 453.5985782146454
21 564.0691480636597
22 706.6417646408081
23 850.5669465065002
24 1000.924427986145
25 1146.1252148151398
26 1274.2504456043243
27 1386.869164466858
28 1481.6825170516968
29 1568.3675911426544
30 1636.020539522171
31 1685.5738859176636
32 1691.6493842601776
33 1697.727207660675
34 1703.8053221702576
35 1709.8868520259857
36 1715.965435743332
37 1722.0459117889404
38 1728.120670557022
39 1734.1987590789795
40 1740.2762303352356
3: err_max: 9.999759082894288e-11, time: 1740.38 s
8 6.047789573669434
9 12.078917026519775
10 18.11049747467041
11 24.14982557296753
12 30.202374935150146
13 36.24843716621399
14 42.3021354675293
15 48.3490788936615
16 87.89184856414795
17 153.4268343448639
18 237.20917654037476
19 338.68445324897766
20 453.7088544368744
21 564.4255847930908
22 705.945707321167
23 850.591406583786
24 1000.765930891037
25 1145.6143820285797
26 1273.0508377552032
27 1385.900281906128
28 1480.433879852295
29 1566.8154458999634
30 1634.820629119873
31 1684.4221286773682
32 1690.4791934490204
33 1696.5336554050446
34 1702.5897753238678
35 1708.651750087738
36 1714.7263729572296
37 1720.7894990444183
38 1726.8533036708832
39 1732.9207255840302
40 1738.9875705242157
4: err_max: 9.999864131193803e-11, time: 1738.99 s
8 6.043031215667725
9 12.089534282684326
10 18.132777452468872
11 24.188607215881348
12 30.24591636657715
13 36.30879783630371
14 42.376381397247314
15 48.4436821937561
16 88.07821130752563
17 153.86797285079956
18 237.9433569908142
19 339.65261936187744
20 454.0460305213928
21 564.8681771755219
22 707.7926132678986
23 852.5520112514496
24 1003.4937155246735
25 1148.6618378162384
26 1276.7914736270905
27 1389.5967800617218
28 1484.392166376114
29 1571.0929136276245
30 1639.0185360908508
31 1688.7508656978607
32 1694.81991648674
33 1700.8985323905945
34 1706.9700915813446
35 1713.053352355957
36 1719.1216399669647
37 1725.1897327899933
38 1731.2605679035187
39 1737.3308990001678
40 1743.401760339737
5: err_max: 9.999941695017223e-11, time: 1743.47 s
8 6.0581488609313965
9 12.120600461959839
10 18.19093680381775
11 24.255556106567383
12 30.323365926742554
13 36.398510456085205
14 42.47933292388916
15 48.5483980178833
16 88.27991604804993
17 154.29588866233826
18 238.4944145679474
19 340.0673942565918
20 455.6396737098694
21 566.6904449462891
22 710.0490686893463
23 855.0084302425385
24 1006.3396105766296
25 1151.8928043842316
26 1280.558040857315
27 1393.6570897102356
28 1488.9998490810394
29 1575.8626852035522
30 1643.9967992305756
31 1693.789029121399
32 1699.8782904148102
33 1705.9750390052795
34 1712.0773746967316
35 1718.1725862026215
36 1724.268709897995
37 1730.3599662780762
38 1736.462955713272
39 1742.5587513446808
40 1748.6472828388214
6: err_max: 9.999876015084665e-11, time: 1748.77 s
8 6.033207416534424
9 12.070981740951538
10 18.103903770446777
11 24.135189056396484
12 30.179274082183838
13 36.22580289840698
14 42.2712721824646
15 48.32518434524536
16 87.91765069961548
17 153.64124703407288
18 237.74555444717407
19 339.1659605503082
20 454.3583707809448
21 564.9568855762482
22 707.5893034934998
23 852.0818562507629
24 1002.6810803413391
25 1147.5535159111023
26 1275.2015330791473
27 1386.6881897449493
28 1481.0756742954254
29 1567.523470878601
30 1634.7134835720062
31 1684.1909432411194
32 1690.242444038391
33 1696.3023612499237
34 1702.3606889247894
35 1708.4315311908722
36 1714.506246805191
37 1720.5709567070007
38 1726.6267478466034
39 1732.689374923706
40 1738.7457168102264
7: err_max: 9.999944059105002e-11, time: 1738.77 s
8 6.04779839515686
9 12.077855110168457
10 18.111578226089478
11 24.142087936401367
12 30.187723875045776
13 36.23072576522827
14 42.277830362319946
15 48.33091497421265
16 88.02304983139038
17 153.6777744293213
18 237.41187262535095
19 338.17669892311096
20 453.34817266464233
21 563.8986461162567
22 706.3164196014404
23 850.0850253105164
24 1000.3302090167999
25 1145.2257447242737
26 1273.1102724075317
27 1385.7044939994812
28 1479.6898872852325
29 1566.258829832077
30 1634.172500371933
31 1683.591992855072
32 1689.658507823944
33 1695.723203420639
34 1701.7900350093842
35 1707.8606491088867
36 1713.928704738617
37 1719.988802433014
38 1726.049218416214
39 1732.112463235855
40 1738.1750433444977
8: err_max: 9.999498451485067e-11, time: 1738.22 s
8 6.028072118759155
9 12.058738946914673
10 18.088424682617188
11 24.127716064453125
12 30.161603450775146
13 36.19965362548828
14 42.244792461395264
15 48.3004629611969
16 87.75368642807007
17 153.25540256500244
18 237.0013861656189
19 336.1573119163513
20 451.3388361930847
21 561.8142898082733
22 704.407880783081
23 848.9747338294983
24 999.6492238044739
25 1144.6485867500305
26 1272.291993379593
27 1384.6969766616821
28 1478.4673235416412
29 1564.3206322193146
30 1631.2527692317963
31 1680.5778346061707
32 1686.6209211349487
33 1692.6625790596008
34 1698.7181150913239
35 1704.765921831131
36 1710.8160302639008
37 1716.8685808181763
38 1722.9278972148895
39 1728.975828886032
40 1735.0227310657501
9: err_max: 4.557422321471716e-09, time: 1735.21 s
4.557422321471716e-09
