PID: 49654
PID: 49654
8 18.077658653259277
9 36.265060901641846
10 54.54534029960632
11 72.74660444259644
12 90.7575535774231
13 109.00627613067627
14 127.05796432495117
15 144.91544699668884
16 195.20569229125977
17 272.61218523979187
18 368.01857018470764
19 481.07209944725037
20 607.7451174259186
21 728.6392548084259
22 882.6825592517853
23 1038.3533594608307
24 1199.3005542755127
25 1355.1799535751343
26 1492.5442152023315
27 1615.7100355625153
28 1721.5840637683868
29 1819.1621990203857
30 1896.6116149425507
31 1956.2481944561005
32 1972.9868376255035
33 1989.84508395195
34 2006.4051585197449
35 2022.6333541870117
36 2039.3290538787842
37 2056.2054958343506
38 2073.2593455314636
39 2090.2296674251556
40 2107.089858531952
0: err_max: 7.588215007736654e-09, time: 2107.16 s
8 17.87159037590027
9 35.54663014411926
10 52.99931240081787
11 70.50640511512756
12 88.24203300476074
13 106.03220415115356
14 123.69445538520813
15 141.30852246284485
16 192.48488473892212
17 269.9334075450897
18 364.893518447876
19 477.8441524505615
20 604.6887979507446
21 726.6880152225494
22 880.1356952190399
23 1035.9138219356537
24 1197.4286584854126
25 1353.9127218723297
26 1492.9316339492798
27 1617.5253355503082
28 1723.842833518982
29 1822.6816329956055
30 1901.8723323345184
31 1963.2550945281982
32 1981.275817155838
33 1999.2576832771301
34 2017.4644207954407
35 2035.7451846599579
36 2053.9159409999847
37 2071.9895651340485
38 2090.2470002174377
39 2108.4332280158997
40 2126.5346133708954
1: err_max: 1.1639645302284618e-10, time: 2126.56 s
8 17.16800808906555
9 34.310683488845825
10 51.57127118110657
11 68.8106861114502
12 85.84670948982239
13 103.41233992576599
14 121.3824577331543
15 139.1418342590332
16 190.241943359375
17 267.11752223968506
18 361.01204442977905
19 472.4075605869293
20 598.969943523407
21 720.922758102417
22 875.3707523345947
23 1030.872942686081
24 1192.7926952838898
25 1349.7337346076965
26 1488.9416320323944
27 1613.5774013996124
28 1720.0158410072327
29 1818.2276861667633
30 1897.109088897705
31 1958.408706188202
32 1976.4252345561981
33 1994.377554655075
34 2012.3032319545746
35 2030.3193929195404
36 2048.4441249370575
37 2066.4374220371246
38 2084.280644416809
39 2102.1354200839996
40 2120.1823332309723
2: err_max: 1.0459707459973405e-10, time: 2120.66 s
8 16.90959119796753
9 34.50422930717468
10 52.38366413116455
11 70.28160977363586
12 88.04134464263916
13 105.30902624130249
14 122.96459126472473
15 141.09544682502747
16 192.3590795993805
17 269.5055274963379
18 364.3828036785126
19 477.35860109329224
20 604.0786957740784
21 724.6880023479462
22 879.0696752071381
23 1034.7161457538605
24 1195.6434724330902
25 1352.6742267608643
26 1491.860496044159
27 1617.234474182129
28 1723.5813040733337
29 1822.3326816558838
30 1901.5804703235626
31 1963.2560863494873
32 1981.3526229858398
33 1999.1029305458069
34 2016.703886270523
35 2034.48890042305
36 2052.1138961315155
37 2069.4339423179626
38 2086.713011264801
39 2104.1387927532196
40 2121.6498889923096
3: err_max: 1.3845321156918944e-10, time: 2121.66 s
8 15.956080198287964
9 31.553889274597168
10 47.37812376022339
11 63.52723693847656
12 80.17485880851746
13 97.05151128768921
14 113.88238906860352
15 130.975355386734
16 181.67227292060852
17 258.71110916137695
18 353.515962600708
19 465.21410036087036
20 591.6453008651733
21 713.3511478900909
22 868.7016406059265
23 1024.691386938095
24 1186.7060680389404
25 1343.729116678238
26 1482.7206773757935
27 1606.8420898914337
28 1713.1523509025574
29 1811.515231847763
30 1890.2586634159088
31 1951.6889288425446
32 1969.9786911010742
33 1988.1982917785645
34 2006.5525600910187
35 2024.7744586467743
36 2042.9107706546783
37 2060.957446575165
38 2079.141279220581
39 2097.341605901718
40 2115.632964849472
4: err_max: 3.352732888192711e-09, time: 2115.66 s
8 18.101346969604492
9 36.050071239471436
10 54.04102921485901
11 71.73766565322876
12 89.78154945373535
13 108.02944374084473
14 126.14663600921631
15 144.23772716522217
16 195.52010917663574
17 272.8627383708954
18 368.1679935455322
19 481.1899833679199
20 607.5938429832458
21 729.0130910873413
22 882.3674058914185
23 1037.3216745853424
24 1197.771109342575
25 1354.3585143089294
26 1492.934300661087
27 1617.8615441322327
28 1724.1660447120667
29 1822.8580241203308
30 1902.2124710083008
31 1963.5037984848022
32 1981.651227235794
33 1999.7746670246124
34 2017.9517140388489
35 2036.0776760578156
36 2054.247885465622
37 2072.3701691627502
38 2090.619394302368
39 2108.836564064026
40 2126.909256696701
5: err_max: 7.718993173810862e-09, time: 2127.05 s
8 15.745596885681152
9 31.343077421188354
10 47.101383447647095
11 63.13482165336609
12 78.97195744514465
13 95.4837384223938
14 112.32315349578857
15 129.33723258972168
16 179.0639226436615
17 255.29158353805542
18 349.168080329895
19 461.5397078990936
20 588.0186929702759
21 709.0586335659027
22 862.5584964752197
23 1017.9129569530487
24 1178.9860558509827
25 1335.8749618530273
26 1474.4083263874054
27 1599.1931796073914
28 1705.3626260757446
29 1804.2495126724243
30 1883.543488740921
31 1944.8973445892334
32 1962.8357770442963
33 1980.811687707901
34 1998.7326459884644
35 2016.4909536838531
36 2034.6479580402374
37 2052.6869990825653
38 2070.6117317676544
39 2088.541966676712
40 2106.7442429065704
6: err_max: 3.961290139659068e-09, time: 2106.77 s
8 17.44044041633606
9 34.735355377197266
10 51.35210585594177
11 67.56682181358337
12 84.66252493858337
13 102.27807807922363
14 119.63284587860107
15 136.7191128730774
16 187.10648250579834
17 263.6394968032837
18 357.9523091316223
19 469.9811234474182
20 595.9259569644928
21 716.6253006458282
22 870.7663118839264
23 1025.633908033371
24 1187.4921889305115
25 1344.7642993927002
26 1483.7351622581482
27 1608.2610876560211
28 1714.4405810832977
29 1812.5822608470917
30 1891.3318934440613
31 1952.5406186580658
32 1970.689428806305
33 1988.8870882987976
34 2006.8637976646423
35 2024.8406488895416
36 2042.9716796875
37 2060.7293705940247
38 2078.5040352344513
39 2096.5057497024536
40 2114.6006603240967
7: err_max: 3.0718168304161297e-09, time: 2114.64 s
8 18.003434658050537
9 36.015960931777954
10 53.89611053466797
11 71.89444994926453
12 89.86602735519409
13 107.48878645896912
14 125.0794608592987
15 142.85715198516846
16 193.7530324459076
17 270.4776017665863
18 365.3544821739197
19 477.89330196380615
20 604.1836607456207
21 725.4899153709412
22 879.7128839492798
23 1034.7570745944977
24 1195.961170911789
25 1351.9145019054413
26 1490.4130201339722
27 1615.4485092163086
28 1721.7049112319946
29 1819.520558834076
30 1898.051523923874
31 1959.2321619987488
32 1977.1642932891846
33 1994.700308084488
34 2012.2615592479706
35 2029.985488653183
36 2047.4541289806366
37 2064.896695137024
38 2082.325672864914
39 2099.7527923583984
40 2117.2691423892975
8: err_max: 9.074055413310633e-09, time: 2117.31 s
8 17.3730890750885
9 34.73191690444946
10 52.36119723320007
11 69.548171043396
12 86.80553126335144
13 104.48039269447327
14 122.70679640769958
15 140.33074927330017
16 191.1594488620758
17 268.082674741745
18 362.5936050415039
19 475.20046639442444
20 601.4126353263855
21 722.336088180542
22 876.8297064304352
23 1032.1957831382751
24 1193.0092494487762
25 1349.0249831676483
26 1487.4611277580261
27 1610.9678926467896
28 1716.02286362648
29 1813.3966152668
30 1891.4438359737396
31 1951.6900987625122
32 1968.8628158569336
33 1986.2441914081573
34 2003.9080533981323
35 2021.3572916984558
36 2038.4888265132904
37 2055.9734904766083
38 2073.7169060707092
39 2091.190151453018
40 2108.5550405979156
9: err_max: 1.0734938372253255e-10, time: 2108.56 s
9.074055413310633e-09
