/home/u2025010169/PROJECT/BlatzKo_2d/generate_data/analytical_u/ex2_batch.py:177: IntegrationWarning: The algorithm does not converge.  Roundoff error is detected
  in the extrapolation table.  It is assumed that the requested tolerance
  cannot be achieved, and that the returned result (if full_output = 1) is 
  the best which can be obtained.
  I_1[k], err1 = integrate.quad(fk_1, 0, delta, epsabs=1e-10, epsrel=1e-10)
PID: 48648
PID: 48648
8 6.06679892539978
9 12.132465124130249
10 18.203704833984375
11 24.27839946746826
12 30.35512614250183
13 36.43463492393494
14 42.52418351173401
15 48.61986541748047
16 88.43599081039429
17 154.54667115211487
18 238.94114136695862
19 340.98717737197876
20 456.87706899642944
21 568.1910722255707
22 711.4090323448181
23 856.8155708312988
24 1008.5890209674835
25 1154.5820248126984
26 1283.36363697052
27 1396.8711278438568
28 1492.258088350296
29 1579.42968916893
30 1647.6302495002747
31 1697.4214911460876
32 1703.5159962177277
33 1709.6117162704468
34 1715.7174546718597
35 1721.8217828273773
36 1727.9304485321045
37 1734.0393171310425
38 1740.1435577869415
39 1746.241708278656
40 1752.3415913581848
0: err_max: 9.999583134606755e-11, time: 1752.35 s
8 6.085158109664917
9 12.182831764221191
10 18.27275061607361
11 24.355493545532227
12 30.45458436012268
13 36.56160545349121
14 42.67024850845337
15 48.77745008468628
16 88.63699412345886
17 154.84465622901917
18 239.45323991775513
19 341.9296410083771
20 458.0950059890747
21 568.4485974311829
22 712.3947489261627
23 858.237464427948
24 1010.1268200874329
25 1156.49884557724
26 1285.7780730724335
27 1399.5604586601257
28 1494.974491596222
29 1582.181167602539
30 1649.9740223884583
31 1699.550098657608
32 1705.6613669395447
33 1711.7721292972565
34 1717.8811202049255
35 1723.9915313720703
36 1730.100525379181
37 1736.2040703296661
38 1742.3084914684296
39 1748.4104306697845
40 1754.5160200595856
1: err_max: 9.999955958567329e-11, time: 1754.52 s
8 6.0586323738098145
9 12.120041847229004
10 18.18767237663269
11 24.26417851448059
12 30.336904525756836
13 36.4134840965271
14 42.48848581314087
15 48.56967639923096
16 88.35658979415894
17 154.38132095336914
18 238.82679986953735
19 340.8616359233856
20 456.5821838378906
21 567.7248895168304
22 710.6831414699554
23 855.8592820167542
24 1006.9298026561737
25 1152.6961705684662
26 1281.278633594513
27 1394.7793862819672
28 1489.9718327522278
29 1576.556697845459
30 1644.7646872997284
31 1694.6653590202332
32 1700.7578449249268
33 1706.8508632183075
34 1712.9384469985962
35 1719.0331676006317
36 1725.1268677711487
37 1731.2136640548706
38 1737.314370393753
39 1743.4053676128387
40 1749.4980854988098
2: err_max: 9.999341994235029e-11, time: 1749.50 s
8 6.059982061386108
9 12.122789859771729
10 18.186525344848633
11 24.251407146453857
12 30.318089962005615
13 36.38442802429199
14 42.457823514938354
15 48.53516411781311
16 88.18902921676636
17 153.9658670425415
18 237.9862985610962
19 339.57688188552856
20 455.0046148300171
21 566.1282744407654
22 709.3373446464539
23 854.3436677455902
24 1005.0080108642578
25 1150.5734493732452
26 1278.731275320053
27 1392.028016090393
28 1487.1023497581482
29 1573.967078447342
30 1641.9973592758179
31 1691.7106184959412
32 1697.802363872528
33 1703.885933637619
34 1709.9780457019806
35 1716.0632827281952
36 1722.1433951854706
37 1728.2287695407867
38 1734.3159594535828
39 1740.4043083190918
40 1746.5713548660278
3: err_max: 9.99958624280004e-11, time: 1746.62 s
8 6.04114031791687
9 12.097819089889526
10 18.14982533454895
11 24.197880029678345
12 30.25773024559021
13 36.32588267326355
14 42.38665294647217
15 48.457074880599976
16 88.17046594619751
17 154.09579944610596
18 238.20763683319092
19 340.05037546157837
20 455.55914068222046
21 566.7466883659363
22 708.9557616710663
23 853.8769724369049
24 1005.02086353302
25 1150.703183889389
26 1279.084686756134
27 1392.1210651397705
28 1487.2115893363953
29 1574.193664073944
30 1642.3024792671204
31 1692.0487611293793
32 1698.1433055400848
33 1704.2547717094421
34 1710.341204404831
35 1716.4294648170471
36 1722.5177626609802
37 1728.6059391498566
38 1734.6919422149658
39 1740.7752139568329
40 1746.8526108264923
4: err_max: 9.999483532863174e-11, time: 1746.86 s
8 6.050746917724609
9 12.101551532745361
10 18.16028594970703
11 24.215294361114502
12 30.286134719848633
13 36.357808351516724
14 42.4223415851593
15 48.49267578125
16 88.02145218849182
17 153.96279573440552
18 238.33908414840698
19 340.27939772605896
20 456.1609899997711
21 567.5837330818176
22 711.0884280204773
23 856.313187122345
24 1007.6633877754211
25 1153.210905790329
26 1281.770087480545
27 1394.7872865200043
28 1489.946849346161
29 1576.930599451065
30 1644.8664774894714
31 1693.9579105377197
32 1700.043926000595
33 1706.1304898262024
34 1712.210124015808
35 1718.2931699752808
36 1724.3854086399078
37 1730.4654080867767
38 1736.5424687862396
39 1742.6250114440918
40 1748.719530582428
5: err_max: 9.999990759601271e-11, time: 1748.72 s
8 6.071816444396973
9 12.14523983001709
10 18.226061582565308
11 24.305867910385132
12 30.387548208236694
13 36.476879358291626
14 42.563732385635376
15 48.656614542007446
16 88.39679002761841
17 154.43878293037415
18 238.93251180648804
19 341.0759937763214
20 457.0703296661377
21 568.7109062671661
22 712.5445053577423
23 858.3212985992432
24 1010.138117313385
25 1156.290734052658
26 1285.568157672882
27 1398.9462411403656
28 1494.0430934429169
29 1580.8578855991364
30 1648.933006286621
31 1698.8086297512054
32 1704.9035756587982
33 1710.9908154010773
34 1717.0786867141724
35 1723.1698524951935
36 1729.258423089981
37 1735.3388640880585
38 1741.423552274704
39 1747.5129854679108
40 1753.595204114914
6: err_max: 9.970537107745203e-09, time: 1753.61 s
8 6.031989336013794
9 12.070210933685303
10 18.10826539993286
11 24.152262926101685
12 30.20370888710022
13 36.261488914489746
14 42.31340193748474
15 48.366539478302
16 86.80176997184753
17 152.61237597465515
18 236.7328360080719
19 338.3091404438019
20 453.69317531585693
21 564.4769055843353
22 707.0738813877106
23 851.7051129341125
24 1002.5207967758179
25 1147.9083337783813
26 1275.6856663227081
27 1388.1956341266632
28 1483.1340782642365
29 1569.8693442344666
30 1637.9582254886627
31 1687.1409406661987
32 1693.2113771438599
33 1699.2816507816315
34 1705.3566434383392
35 1711.439410686493
36 1717.517557144165
37 1723.582377910614
38 1729.652922153473
39 1735.7313778400421
40 1741.8095149993896
7: err_max: 9.999582759046e-11, time: 1741.81 s
8 6.015899896621704
9 12.038902044296265
10 18.07510542869568
11 24.110680103302002
12 30.150033473968506
13 36.187939405441284
14 42.22839951515198
15 48.26629424095154
16 86.85573482513428
17 152.22918105125427
18 235.81159663200378
19 337.05056595802307
20 451.8970057964325
21 562.2289786338806
22 703.5670187473297
23 847.863617181778
24 998.3419904708862
25 1143.2820537090302
26 1270.8009777069092
27 1384.1129195690155
28 1478.9806632995605
29 1565.5922145843506
30 1633.7928924560547
31 1683.2871618270874
32 1689.333770275116
33 1695.3813321590424
34 1701.4283378124237
35 1707.473497390747
36 1713.5194237232208
37 1719.566478252411
38 1725.6083812713623
39 1731.6471767425537
40 1737.6906130313873
8: err_max: 8.231006050352097e-09, time: 1737.69 s
8 6.019208669662476
9 12.030401229858398
10 18.045761823654175
11 24.066903352737427
12 30.096853494644165
13 36.12465310096741
14 42.15391945838928
15 48.19103670120239
16 87.43361449241638
17 152.65683913230896
18 235.86512541770935
19 336.52237915992737
20 451.1944260597229
21 561.3663737773895
22 702.2773630619049
23 846.496514081955
24 996.6868484020233
25 1141.3710796833038
26 1268.8291828632355
27 1381.1995282173157
28 1475.6417112350464
29 1561.9603600502014
30 1629.4383599758148
31 1678.9273591041565
32 1684.9588193893433
33 1690.9903321266174
34 1697.0292267799377
35 1703.0712540149689
36 1709.1075689792633
37 1715.1433320045471
38 1721.1792058944702
39 1727.2135498523712
40 1733.2451756000519
9: err_max: 9.99977548682418e-11, time: 1733.46 s
9.970537107745203e-09
