/home/u2025010169/PROJECT/BlatzKo_2d/generate_data/analytical_u/ex2_batch.py:177: IntegrationWarning: The algorithm does not converge.  Roundoff error is detected
  in the extrapolation table.  It is assumed that the requested tolerance
  cannot be achieved, and that the returned result (if full_output = 1) is 
  the best which can be obtained.
  I_1[k], err1 = integrate.quad(fk_1, 0, delta, epsabs=1e-10, epsrel=1e-10)
PID: 47506
PID: 47506
8 6.00104022026062
9 12.000722169876099
10 18.00006413459778
11 24.007845163345337
12 30.02342963218689
13 36.04108119010925
14 42.06359338760376
15 48.08441734313965
16 87.37865018844604
17 152.57045340538025
18 235.73530554771423
19 336.57542657852173
20 450.8486280441284
21 560.588870048523
22 701.2679748535156
23 843.9439895153046
24 993.1705632209778
25 1136.8255727291107
26 1263.7429101467133
27 1375.4205877780914
28 1469.346079826355
29 1555.2400975227356
30 1622.4501504898071
31 1671.1889617443085
32 1677.2002470493317
33 1683.2146711349487
34 1689.2310605049133
35 1695.2434933185577
36 1701.2648293972015
37 1707.2815668582916
38 1713.2914304733276
39 1719.3017609119415
40 1725.3136668205261
0: err_max: 9.999960358668566e-11, time: 1725.32 s
8 6.011774301528931
9 12.02375841140747
10 18.035300731658936
11 24.051857233047485
12 30.079623699188232
13 36.09757328033447
14 42.1233286857605
15 48.15778064727783
16 87.50759387016296
17 152.8582124710083
18 236.31244611740112
19 337.4184968471527
20 452.241845369339
21 562.852219581604
22 705.0480623245239
23 848.982738494873
24 999.1145303249359
25 1143.49281001091
26 1270.889476299286
27 1383.4228765964508
28 1477.9419927597046
29 1564.2311737537384
30 1631.6164484024048
31 1680.8433256149292
32 1686.8808302879333
33 1692.9309782981873
34 1698.9770691394806
35 1705.0320842266083
36 1711.0780184268951
37 1717.1174721717834
38 1723.161693572998
39 1729.2083287239075
40 1735.2533118724823
1: err_max: 9.999397924259634e-11, time: 1735.26 s
8 6.005953311920166
9 12.00452709197998
10 18.01073169708252
11 24.021983861923218
12 30.042086601257324
13 36.06409549713135
14 42.07998585700989
15 48.097973346710205
16 85.6102819442749
17 150.1883430480957
18 233.3434488773346
19 333.80003929138184
20 447.66293931007385
21 555.8437240123749
22 696.7325367927551
23 839.3525359630585
24 988.56667137146
25 1132.2946825027466
26 1259.0205554962158
27 1371.0873339176178
28 1464.9639010429382
29 1550.8651592731476
30 1618.1060795783997
31 1667.2782981395721
32 1673.2873899936676
33 1679.2969708442688
34 1685.307418346405
35 1691.319709777832
36 1697.3371913433075
37 1703.3525397777557
38 1709.3618743419647
39 1715.3689413070679
40 1721.3782012462616
2: err_max: 9.999900487262174e-11, time: 1721.38 s
8 5.9793736934661865
9 11.958765268325806
10 17.93164896965027
11 23.90914535522461
12 29.891148805618286
13 35.877079248428345
14 41.86506509780884
15 47.85874056816101
16 86.87359714508057
17 151.60624146461487
18 234.39197325706482
19 334.5932478904724
20 448.8197112083435
21 558.5667855739594
22 699.8932595252991
23 842.7675130367279
24 991.7891118526459
25 1134.3180992603302
26 1260.5957825183868
27 1372.222319841385
28 1465.739552974701
29 1551.3077743053436
30 1618.1013000011444
31 1667.1004605293274
32 1673.0874304771423
33 1679.0841422080994
34 1685.0734708309174
35 1691.0633308887482
36 1697.053789138794
37 1703.0416417121887
38 1709.0281972885132
39 1715.0187063217163
40 1721.0068757534027
3: err_max: 9.052081181848415e-09, time: 1721.04 s
8 5.964598178863525
9 11.931738376617432
10 17.90555691719055
11 23.881409883499146
12 29.864844799041748
13 35.84926390647888
14 41.834808349609375
15 47.82159876823425
16 86.89577579498291
17 151.7256543636322
18 234.4468686580658
19 334.60390162467957
20 448.3049085140228
21 558.0463869571686
22 697.8911724090576
23 840.7416942119598
24 990.3411436080933
25 1133.5563621520996
26 1259.9285943508148
27 1371.479329109192
28 1464.952785730362
29 1550.4274661540985
30 1617.180388212204
31 1666.1952912807465
32 1672.1871054172516
33 1678.1846528053284
34 1684.1683492660522
35 1690.1576461791992
36 1696.149474620819
37 1702.1295535564423
38 1708.118124961853
39 1714.1021947860718
40 1720.0843334197998
4: err_max: 9.999747366883785e-11, time: 1720.09 s
8 5.968658208847046
9 11.932391881942749
10 17.897080659866333
11 23.879520416259766
12 29.856855154037476
13 35.84233021736145
14 41.82464337348938
15 47.815749406814575
16 86.93458652496338
17 151.7515163421631
18 234.62118554115295
19 334.909969329834
20 448.34678959846497
21 557.7030229568481
22 698.3964779376984
23 841.2811615467072
24 989.8648998737335
25 1133.313069820404
26 1259.304761648178
27 1370.576539516449
28 1464.1957771778107
29 1549.8020224571228
30 1616.431521654129
31 1665.4657661914825
32 1671.4590077400208
33 1677.452996969223
34 1683.4534051418304
35 1689.4490129947662
36 1695.445544242859
37 1701.4392116069794
38 1707.4421002864838
39 1713.4372050762177
40 1719.4326117038727
5: err_max: 9.999951561256992e-11, time: 1719.58 s
8 5.983529329299927
9 11.974040269851685
10 17.964470863342285
11 23.961347341537476
12 29.960309982299805
13 35.963149309158325
14 41.966121673583984
15 47.97079539299011
16 87.16986680030823
17 152.10637521743774
18 235.20930099487305
19 335.6626420021057
20 449.63104009628296
21 559.1860265731812
22 700.6352891921997
23 843.7777829170227
24 993.1260743141174
25 1136.8973596096039
26 1263.4714632034302
27 1374.8915765285492
28 1468.9465851783752
29 1554.7306849956512
30 1621.341016292572
31 1670.1698079109192
32 1676.1905386447906
33 1682.21173453331
34 1688.2352120876312
35 1694.252578496933
36 1700.278531551361
37 1706.2995970249176
38 1712.3204936981201
39 1718.341092824936
40 1724.3579812049866
6: err_max: 9.999799685094781e-11, time: 1724.37 s
8 5.977888345718384
9 11.958778381347656
10 17.931706190109253
11 23.9151668548584
12 29.904247760772705
13 35.89891266822815
14 41.89569616317749
15 47.897132873535156
16 86.16950702667236
17 150.48186874389648
18 232.1520881652832
19 332.4883096218109
20 446.2239797115326
21 556.3076071739197
22 697.2216851711273
23 840.1827607154846
24 989.1651892662048
25 1132.4776587486267
26 1258.6997239589691
27 1370.1054360866547
28 1463.193034172058
29 1548.3647329807281
30 1614.9507405757904
31 1663.4074726104736
32 1669.4095673561096
33 1675.4091131687164
34 1681.40642952919
35 1687.40754032135
36 1693.4045314788818
37 1699.392733335495
38 1705.38445353508
39 1711.388137102127
40 1717.3877725601196
7: err_max: 9.210026324923959e-09, time: 1717.43 s
8 5.967539548873901
9 11.937220811843872
10 17.90841054916382
11 23.876505136489868
12 29.85694169998169
13 35.838019132614136
14 41.82042717933655
15 47.801247119903564
16 86.12071681022644
17 150.1058645248413
18 232.93235087394714
19 333.1286082267761
20 446.73451042175293
21 556.050448179245
22 696.9487788677216
23 838.1753387451172
24 986.6876060962677
25 1130.0838627815247
26 1256.5709874629974
27 1367.8564381599426
28 1461.3158655166626
29 1546.8339674472809
30 1613.9490854740143
31 1662.8836064338684
32 1668.8781490325928
33 1674.8690767288208
34 1680.8702759742737
35 1686.8713035583496
36 1692.8737580776215
37 1698.8700399398804
38 1704.8667252063751
39 1710.8637309074402
40 1716.8555362224579
8: err_max: 9.999221589618301e-11, time: 1716.93 s
8 5.963662385940552
9 11.934028625488281
10 17.898850202560425
11 23.869373083114624
12 29.842292070388794
13 35.81986355781555
14 41.80093789100647
15 47.78686594963074
16 86.91709661483765
17 151.8808650970459
18 234.79062247276306
19 334.98285365104675
20 448.72998237609863
21 557.7801582813263
22 698.5606260299683
23 841.1184890270233
24 989.7476387023926
25 1132.962266921997
26 1258.9262001514435
27 1369.8284685611725
28 1463.5054318904877
29 1549.0024771690369
30 1615.6319742202759
31 1664.226179599762
32 1670.226006269455
33 1676.2200422286987
34 1682.2064139842987
35 1688.2001671791077
36 1694.1955482959747
37 1700.1848227977753
38 1706.1688935756683
39 1712.1548657417297
40 1718.1377437114716
9: err_max: 9.998729882249036e-11, time: 1718.28 s
9.210026324923959e-09
