PID: 25634
PID: 25634
8 18.303637266159058
9 36.74774169921875
10 55.217039823532104
11 73.51648545265198
12 91.69339418411255
13 110.15184926986694
14 128.47948098182678
15 146.39275240898132
16 198.11057901382446
17 276.4482741355896
18 373.1333875656128
19 487.0775625705719
20 615.7504439353943
21 739.2489705085754
22 896.021858215332
23 1053.3431992530823
24 1216.2119660377502
25 1374.2075386047363
26 1514.121145248413
27 1639.4205422401428
28 1747.153418302536
29 1846.6317660808563
30 1926.327837228775
31 1987.8183422088623
32 2005.6970391273499
33 2023.7984800338745
34 2041.7620964050293
35 2059.46529006958
36 2077.382645845413
37 2095.6778807640076
38 2113.979849100113
39 2132.1511404514313
40 2150.1668972969055
0: err_max: 8.404015275353949e-09, time: 2150.22 s
8 18.426878213882446
9 36.769150495529175
10 54.83424925804138
11 73.00778698921204
12 91.24262499809265
13 109.4076657295227
14 127.29095840454102
15 145.35563015937805
16 195.71107721328735
17 273.6293897628784
18 369.7646222114563
19 484.01536417007446
20 612.005373954773
21 733.6443319320679
22 889.3936460018158
23 1046.7392852306366
24 1210.3024780750275
25 1368.701868057251
26 1509.5847878456116
27 1635.4640696048737
28 1743.222065448761
29 1843.626915216446
30 1922.3750340938568
31 1984.251193523407
32 2002.7429287433624
33 2021.3217816352844
34 2039.692904472351
35 2058.1075353622437
36 2076.632596731186
37 2095.1622421741486
38 2113.4822838306427
39 2131.9197766780853
40 2150.539789199829
1: err_max: 1.0926153037882358e-10, time: 2150.55 s
8 17.566304206848145
9 35.47068929672241
10 53.44980788230896
11 71.16034173965454
12 88.85362648963928
13 106.92143321037292
14 124.84010744094849
15 142.64676594734192
16 193.8315851688385
17 271.46381664276123
18 367.21535062789917
19 480.7231192588806
20 607.7655091285706
21 730.2589130401611
22 885.6158428192139
23 1042.7309401035309
24 1205.1662065982819
25 1362.7017939090729
26 1502.6617593765259
27 1628.8499825000763
28 1735.514770269394
29 1834.020072221756
30 1913.2880599498749
31 1974.763666152954
32 1992.2117569446564
33 2009.8227987289429
34 2027.8847007751465
35 2045.8011741638184
36 2063.492066860199
37 2081.2898705005646
38 2099.242456436157
39 2117.0213663578033
40 2134.71999168396
2: err_max: 4.533329923256391e-09, time: 2134.75 s
8 18.22710108757019
9 36.44077730178833
10 54.65306091308594
11 72.69178700447083
12 90.92970013618469
13 109.35996532440186
14 127.69256114959717
15 145.6788604259491
16 196.99954462051392
17 274.47643280029297
18 370.6894443035126
19 484.6825330257416
20 611.6797871589661
21 734.5131950378418
22 890.8230173587799
23 1047.9387409687042
24 1210.8031075000763
25 1368.4364941120148
26 1508.268396615982
27 1634.322050333023
28 1741.551727771759
29 1840.7233753204346
30 1920.4041962623596
31 1981.1790993213654
32 1998.2198586463928
33 2015.7311007976532
34 2033.2413725852966
35 2050.703679561615
36 2067.6489491462708
37 2084.019809484482
38 2101.2129805088043
39 2118.126258134842
40 2134.9415197372437
3: err_max: 9.168772800022262e-09, time: 2134.95 s
8 18.39341974258423
9 36.87330913543701
10 55.418092012405396
11 73.80540084838867
12 92.26897835731506
13 110.88667631149292
14 129.47565722465515
15 148.03655886650085
16 200.15010833740234
17 278.6372866630554
18 374.8882188796997
19 489.22045731544495
20 617.6102845668793
21 740.3678667545319
22 896.3475728034973
23 1054.1193323135376
24 1217.1116690635681
25 1375.3171150684357
26 1515.383633852005
27 1641.6419112682343
28 1749.2262592315674
29 1848.7227149009705
30 1927.7700929641724
31 1989.1173672676086
32 2007.2686862945557
33 2025.7681517601013
34 2044.2396602630615
35 2062.4918954372406
36 2080.877872467041
37 2099.4215528964996
38 2117.974180698395
39 2136.419929742813
40 2154.7957406044006
4: err_max: 1.0958342870279192e-10, time: 2154.82 s
8 17.753405809402466
9 35.38182711601257
10 52.78212094306946
11 70.40288162231445
12 88.25516843795776
13 105.37559533119202
14 122.49579000473022
15 140.04810976982117
16 190.9775412082672
17 267.9430456161499
18 363.3471517562866
19 477.28879261016846
20 605.181126832962
21 727.7721512317657
22 883.5237679481506
23 1040.0442295074463
24 1203.2857728004456
25 1361.6508190631866
26 1501.6532204151154
27 1626.9041657447815
28 1734.4136278629303
29 1833.094924211502
30 1913.0279228687286
31 1974.7103877067566
32 1992.8033027648926
33 2011.0001232624054
34 2029.0025918483734
35 2046.8965871334076
36 2065.0220091342926
37 2083.109619140625
38 2101.1548359394073
39 2119.2349565029144
40 2137.5099668502808
5: err_max: 9.999936095870477e-11, time: 2137.57 s
8 17.71661901473999
9 35.63121771812439
10 53.54742407798767
11 71.09510970115662
12 88.9215931892395
13 106.57219529151917
14 124.38303709030151
15 142.30100417137146
16 193.61768460273743
17 271.1905903816223
18 367.23529720306396
19 481.1693444252014
20 608.991720199585
21 731.8972098827362
22 887.6471343040466
23 1045.0770626068115
24 1208.7376782894135
25 1367.6322712898254
26 1508.7058262825012
27 1634.7409229278564
28 1742.8772275447845
29 1842.495201587677
30 1923.0676729679108
31 1985.3887407779694
32 2003.4881539344788
33 2021.403339624405
34 2039.642772436142
35 2057.8672609329224
36 2076.0036714076996
37 2093.8150041103363
38 2111.557127714157
39 2129.5983226299286
40 2147.649887084961
6: err_max: 8.119458584643358e-09, time: 2147.76 s
8 17.952680110931396
9 35.999451875686646
10 54.26604437828064
11 72.39177322387695
12 90.38904523849487
13 108.44648599624634
14 126.71993017196655
15 144.89573168754578
16 196.8609299659729
17 275.01965260505676
18 371.5021312236786
19 485.6662223339081
20 613.8663930892944
21 737.4015307426453
22 894.1917085647583
23 1052.0268268585205
24 1215.479044675827
25 1373.3784692287445
26 1513.0860333442688
27 1638.7380907535553
28 1746.399403810501
29 1845.6636717319489
30 1924.5545995235443
31 1986.401540517807
32 2004.7626197338104
33 2023.135248184204
34 2041.472761631012
35 2059.7788994312286
36 2078.078134059906
37 2096.282411813736
38 2114.5660202503204
39 2132.875629425049
40 2151.090392112732
7: err_max: 9.99923284646477e-11, time: 2151.16 s
8 17.2068772315979
9 34.68256449699402
10 52.139968395233154
11 69.30594253540039
12 86.45932674407959
13 103.89130067825317
14 121.73816394805908
15 139.14834833145142
16 190.18024253845215
17 267.58598232269287
18 363.49581384658813
19 477.3359715938568
20 605.0573391914368
21 727.4944624900818
22 883.1005878448486
23 1039.8886473178864
24 1201.3405961990356
25 1359.2500567436218
26 1499.5360569953918
27 1626.1983923912048
28 1733.7968022823334
29 1833.1248824596405
30 1912.9419507980347
31 1974.5930626392365
32 1992.6989872455597
33 2010.7931056022644
34 2028.3208756446838
35 2045.8015928268433
36 2063.4670701026917
37 2080.9596223831177
38 2098.418069601059
39 2115.9701039791107
40 2133.1324129104614
8: err_max: 3.780615232332196e-09, time: 2133.20 s
8 15.22160029411316
9 30.417236804962158
10 45.748016595840454
11 61.41067147254944
12 78.50110697746277
13 95.43913340568542
14 111.95173764228821
15 127.87575960159302
16 178.10288071632385
17 255.27251982688904
18 349.8444037437439
19 463.2689173221588
20 590.5461592674255
21 712.5533623695374
22 867.8941369056702
23 1024.387743473053
24 1187.31978058815
25 1344.9969165325165
26 1485.3307971954346
27 1610.46794962883
28 1717.8478317260742
29 1816.8646302223206
30 1895.5487966537476
31 1957.5333933830261
32 1975.8262140750885
33 1993.8198742866516
34 2011.5248198509216
35 2029.6454019546509
36 2047.517837047577
37 2065.1614389419556
38 2082.9773964881897
39 2100.850187063217
40 2118.8273618221283
9: err_max: 8.735922176622557e-09, time: 2118.83 s
9.168772800022262e-09
