PID: 11707
8 6.091045618057251
9 12.171254873275757
10 18.249960899353027
11 24.33365273475647
12 30.415483951568604
13 36.50460124015808
14 42.59718894958496
15 48.69500184059143
16 88.45281744003296
17 154.49795246124268
18 237.96864461898804
19 340.14090752601624
20 455.94294714927673
21 567.1452238559723
22 710.9445176124573
23 856.2148690223694
24 1007.4461574554443
25 1153.2952072620392
26 1282.1581356525421
27 1395.3484649658203
28 1490.9421074390411
29 1577.7449984550476
30 1645.4893727302551
31 1694.6175360679626
32 1700.7195720672607
33 1706.8282833099365
34 1712.9367728233337
35 1719.0383412837982
36 1725.1482682228088
37 1731.2539429664612
38 1737.3586630821228
39 1743.4631097316742
40 1749.5640976428986
0: err_max: 9.999213668760919e-11, time: 1749.59 s
8 6.088603258132935
9 12.172776937484741
10 18.259073734283447
11 24.352713346481323
12 30.44605541229248
13 36.540457010269165
14 42.63509440422058
15 48.73097109794617
16 88.56293225288391
17 154.718416929245
18 239.18135261535645
19 340.7240700721741
20 455.8945791721344
21 567.3542866706848
22 710.9833481311798
23 856.6943192481995
24 1008.4506704807281
25 1154.683409690857
26 1283.4260640144348
27 1396.4445223808289
28 1492.351723432541
29 1579.9727396965027
30 1648.6261887550354
31 1698.6669523715973
32 1704.8099641799927
33 1710.9553153514862
34 1717.0962953567505
35 1723.236668586731
36 1729.3812863826752
37 1735.5171701908112
38 1741.6584305763245
39 1747.8069896697998
40 1753.9484539031982
1: err_max: 9.999705077923995e-11, time: 1753.95 s
9.999705077923995e-11
