PID: 22275
8 17.232162714004517
9 34.85149574279785
10 52.75656867027283
11 70.3999273777008
12 87.83455538749695
13 105.40967965126038
14 123.39152097702026
15 141.2239191532135
16 192.8163251876831
17 270.4507303237915
18 366.6563515663147
19 480.81888723373413
20 609.446284532547
21 732.3387854099274
22 889.1180982589722
23 1046.9750061035156
24 1210.6386959552765
25 1368.9700243473053
26 1508.9879438877106
27 1634.4990227222443
28 1741.7490348815918
29 1840.620682477951
30 1919.11692070961
31 1979.8659036159515
32 1996.883593082428
33 2014.0693666934967
34 2031.091581106186
35 2047.446988105774
36 2063.309878587723
37 2079.3375470638275
38 2095.2297945022583
39 2111.144029855728
40 2126.9326424598694
0: err_max: 9.999996837539715e-11, time: 2126.95 s
8 18.027902603149414
9 36.01533508300781
10 54.110236406326294
11 71.99114084243774
12 89.99009346961975
13 108.2475368976593
14 126.12837076187134
15 144.1634202003479
16 195.81432008743286
17 273.8604600429535
18 369.94419264793396
/home/u2025010169/PROJECT/BlatzKo_2d/generate_data/analytical_u/ex1.py:161: IntegrationWarning: The algorithm does not converge.  Roundoff error is detected
  in the extrapolation table.  It is assumed that the requested tolerance
  cannot be achieved, and that the returned result (if full_output = 1) is 
  the best which can be obtained.
  I_2[k], err2 = integrate.quad(fk_2, 0, delta, epsabs=1e-10, epsrel=1e-10)
19 483.37146639823914
20 611.3692553043365
21 735.0185084342957
22 891.3251619338989
23 1048.0549747943878
24 1210.901342868805
25 1368.6622340679169
26 1508.976090669632
/home/u2025010169/PROJECT/BlatzKo_2d/generate_data/analytical_u/ex1.py:159: IntegrationWarning: The algorithm does not converge.  Roundoff error is detected
  in the extrapolation table.  It is assumed that the requested tolerance
  cannot be achieved, and that the returned result (if full_output = 1) is 
  the best which can be obtained.
  I_1[k], err1 = integrate.quad(fk_1, 0, delta, epsabs=1e-10, epsrel=1e-10)
27 1634.001698255539
28 1741.0023410320282
29 1839.3154990673065
30 1918.675006866455
31 1980.0196087360382
32 1997.5033912658691
33 2014.6320860385895
34 2031.8165156841278
35 2049.3177840709686
36 2066.666759252548
37 2084.2998566627502
38 2102.032377243042
39 2119.611539363861
40 2137.07999587059
1: err_max: 3.6171184797373357e-10, time: 2137.09 s
3.6171184797373357e-10
