PID: 37246
>> Device being used: cuda (NVIDIA GeForce RTX 4090)
Number of parameters for MGN: 833
Total number of parameters: 199235
>> Preprocessing completed, time elapsed:  0.71s
>> ntrain: 200, lr: 0.001, gamma: 0.5, w_d: 0.0
>> epoch [   1/1000], runtime: 4.86s, train loss: 53.8596, train err: 1.0000, valid err:  1.0002,test err: 1.0002, best
>> epoch [   2/1000], runtime: 5.75s, train loss: 50.1348, train err: 1.0002, valid err:  1.0001,test err: 1.0001, best
>> epoch [   3/1000], runtime:  6.21s, train err:  1.0000 (best:  1.0002/ 1.0001)
>> epoch [   4/1000], runtime: 6.05s, train loss: 33.9680, train err: 0.7002, valid err:  0.1758,test err: 0.1607, best
>> epoch [   5/1000], runtime:  5.85s, train loss: 7.3595, train err:  0.1814, valid err:  0.1818
>> epoch [   6/1000], runtime:  5.92s, train loss: 6.4053, train err:  0.1840, valid err:  0.1809
>> epoch [   7/1000], runtime:  6.01s, train loss: 5.4083, train err:  0.1872, valid err:  0.1775
>> epoch [   8/1000], runtime: 5.86s, train loss: 3.7630, train err: 0.1788, valid err:  0.1588,test err: 0.1465, best
>> epoch [   9/1000], runtime:  5.99s, train loss: 3.5573, train err:  0.1800, valid err:  0.1646
>> epoch [  10/1000], runtime:  6.00s, train loss: 3.2913, train err:  0.1789, valid err:  0.1623
>> epoch [  11/1000], runtime:  6.53s, train loss: 2.9746, train err:  0.1731, valid err:  0.1853
>> epoch [  12/1000], runtime:  6.17s, train loss: 3.1331, train err:  0.1847, valid err:  0.1652
>> epoch [  13/1000], runtime:  6.06s, train loss: 2.8695, train err:  0.1768, valid err:  0.1787
>> epoch [  14/1000], runtime:  6.51s, train loss: 2.9288, train err:  0.1810, valid err:  0.1766
>> epoch [  15/1000], runtime:  6.38s, train loss: 2.7012, train err:  0.1765, valid err:  0.2006
>> epoch [  16/1000], runtime:  6.16s, train loss: 2.5363, train err:  0.1735, valid err:  0.1611
>> epoch [  17/1000], runtime:  6.43s, train loss: 2.4886, train err:  0.1759, valid err:  0.1765
>> epoch [  18/1000], runtime:  6.40s, train loss: 2.5208, train err:  0.1771, valid err:  0.1840
>> epoch [  19/1000], runtime:  6.21s, train loss: 2.3856, train err:  0.1733, valid err:  0.1859
>> epoch [  20/1000], runtime: 6.56s, train loss: 2.4237, train err: 0.1706, valid err:  0.1576,test err: 0.1492, best
>> epoch [  21/1000], runtime:  6.23s, train loss: 2.2429, train err:  0.1714, valid err:  0.1636
>> epoch [  22/1000], runtime:  6.19s, train err:  0.1879 (best:  0.1706/ 0.1576)
>> epoch [  23/1000], runtime:  6.28s, train loss: 2.2020, train err:  0.1708, valid err:  0.1835
>> epoch [  24/1000], runtime:  6.22s, train loss: 2.1420, train err:  0.1666, valid err:  0.1707
>> epoch [  25/1000], runtime:  6.06s, train loss: 2.1852, train err:  0.1682, valid err:  0.1616
>> epoch [  26/1000], runtime:  6.20s, train loss: 2.0298, train err:  0.1651, valid err:  0.1959
>> epoch [  27/1000], runtime:  6.18s, train loss: 2.0545, train err:  0.1660, valid err:  0.1614
>> epoch [  28/1000], runtime:  6.34s, train loss: 1.9188, train err:  0.1593, valid err:  0.1726
>> epoch [  29/1000], runtime: 6.29s, train loss: 1.9211, train err: 0.1620, valid err:  0.1407,test err: 0.1373, best
>> epoch [  30/1000], runtime:  6.47s, train loss: 1.8326, train err:  0.1545, valid err:  0.1507
>> epoch [  31/1000], runtime:  6.42s, train loss: 1.8662, train err:  0.1564, valid err:  0.1735
>> epoch [  32/1000], runtime:  6.40s, train loss: 1.9068, train err:  0.1623, valid err:  0.1493
>> epoch [  33/1000], runtime: 6.55s, train loss: 1.7683, train err: 0.1537, valid err:  0.1398,test err: 0.1355, best
>> epoch [  34/1000], runtime: 6.43s, train loss: 1.6959, train err: 0.1515, valid err:  0.1357,test err: 0.1337, best
>> epoch [  35/1000], runtime:  6.47s, train loss: 1.6547, train err:  0.1496, valid err:  0.1641
>> epoch [  36/1000], runtime:  6.15s, train err:  0.1656 (best:  0.1515/ 0.1357)
>> epoch [  37/1000], runtime:  6.51s, train loss: 1.6176, train err:  0.1454, valid err:  0.1398
>> epoch [  38/1000], runtime:  6.24s, train loss: 1.5179, train err:  0.1426, valid err:  0.1412
>> epoch [  39/1000], runtime:  6.25s, train loss: 1.4521, train err:  0.1415, valid err:  0.1553
>> epoch [  40/1000], runtime: 6.32s, train loss: 1.4743, train err: 0.1443, valid err:  0.1269,test err: 0.1250, best
>> epoch [  41/1000], runtime:  6.19s, train loss: 1.4139, train err:  0.1397, valid err:  0.1331
>> epoch [  42/1000], runtime:  6.46s, train loss: 1.3031, train err:  0.1323, valid err:  0.1291
>> epoch [  43/1000], runtime:  6.81s, train loss: 1.2307, train err:  0.1267, valid err:  0.1382
>> epoch [  44/1000], runtime:  6.58s, train loss: 1.2473, train err:  0.1283, valid err:  0.1285
>> epoch [  45/1000], runtime:  6.53s, train loss: 1.2908, train err:  0.1322, valid err:  0.1386
>> epoch [  46/1000], runtime:  6.59s, train loss: 1.3000, train err:  0.1294, valid err:  0.1420
>> epoch [  47/1000], runtime: 6.63s, train loss: 1.2452, train err: 0.1285, valid err:  0.1207,test err: 0.1213, best
>> epoch [  48/1000], runtime: 6.43s, train loss: 1.0884, train err: 0.1168, valid err:  0.1142,test err: 0.1149, best
>> epoch [  49/1000], runtime: 6.81s, train loss: 1.0591, train err: 0.1162, valid err:  0.1111,test err: 0.1110, best
>> epoch [  50/1000], runtime:  6.36s, train loss: 1.0011, train err:  0.1124, valid err:  0.1131
>> epoch [  51/1000], runtime: 6.40s, train loss: 1.0032, train err: 0.1120, valid err:  0.1078,test err: 0.1072, best
>> epoch [  52/1000], runtime:  6.55s, train err:  0.1153 (best:  0.1120/ 0.1078)
>> epoch [  53/1000], runtime:  6.50s, train err:  0.1176 (best:  0.1120/ 0.1078)
>> epoch [  54/1000], runtime:  6.50s, train loss: 0.9438, train err:  0.1105, valid err:  0.1160
>> epoch [  55/1000], runtime:  6.48s, train loss: 0.9803, train err:  0.1157, valid err:  0.1215
>> epoch [  56/1000], runtime:  6.52s, train err:  0.1175 (best:  0.1120/ 0.1078)
>> epoch [  57/1000], runtime:  6.53s, train loss: 0.8964, train err:  0.1068, valid err:  0.1084
>> epoch [  58/1000], runtime:  6.32s, train loss: 0.8765, train err:  0.1081, valid err:  0.1099
>> epoch [  59/1000], runtime:  6.51s, train loss: 0.9440, train err:  0.1101, valid err:  0.1131
>> epoch [  60/1000], runtime:  6.62s, train loss: 0.9040, train err:  0.1104, valid err:  0.1084
>> epoch [  61/1000], runtime:  6.47s, train loss: 0.9026, train err:  0.1091, valid err:  0.1097
>> epoch [  62/1000], runtime: 6.58s, train loss: 0.9245, train err: 0.1141, valid err:  0.1031,test err: 0.1047, best
>> epoch [  63/1000], runtime:  6.40s, train loss: 0.8460, train err:  0.1075, valid err:  0.1059
>> epoch [  64/1000], runtime: 6.46s, train loss: 0.7927, train err: 0.1018, valid err:  0.1005,test err: 0.1015, best
>> epoch [  65/1000], runtime:  6.44s, train err:  0.1041 (best:  0.1018/ 0.1005)
>> epoch [  66/1000], runtime: 6.46s, train loss: 0.7825, train err: 0.1033, valid err:  0.0993,test err: 0.0977, best
>> epoch [  67/1000], runtime:  6.65s, train err:  0.1136 (best:  0.1033/ 0.0993)
>> epoch [  68/1000], runtime:  6.96s, train loss: 0.7770, train err:  0.1024, valid err:  0.1029
>> epoch [  69/1000], runtime:  6.59s, train err:  0.1074 (best:  0.1033/ 0.0993)
>> epoch [  70/1000], runtime:  6.24s, train err:  0.1087 (best:  0.1033/ 0.0993)
>> epoch [  71/1000], runtime:  6.55s, train err:  0.1054 (best:  0.1033/ 0.0993)
>> epoch [  72/1000], runtime:  6.83s, train err:  0.1072 (best:  0.1033/ 0.0993)
>> epoch [  73/1000], runtime:  6.75s, train err:  0.1050 (best:  0.1033/ 0.0993)
>> epoch [  74/1000], runtime: 6.37s, train loss: 0.7243, train err: 0.0970, valid err:  0.0927,test err: 0.0948, best
>> epoch [  75/1000], runtime:  6.65s, train err:  0.0986 (best:  0.0970/ 0.0927)
>> epoch [  76/1000], runtime:  6.84s, train err:  0.1003 (best:  0.0970/ 0.0927)
>> epoch [  77/1000], runtime:  7.22s, train err:  0.1050 (best:  0.0970/ 0.0927)
>> epoch [  78/1000], runtime:  6.48s, train err:  0.1052 (best:  0.0970/ 0.0927)
>> epoch [  79/1000], runtime:  6.64s, train err:  0.1017 (best:  0.0970/ 0.0927)
>> epoch [  80/1000], runtime:  6.67s, train err:  0.1046 (best:  0.0970/ 0.0927)
>> epoch [  81/1000], runtime:  6.47s, train err:  0.1010 (best:  0.0970/ 0.0927)
>> epoch [  82/1000], runtime:  5.60s, train loss: 0.7065, train err:  0.1002, valid err:  0.1206
>> epoch [  83/1000], runtime:  6.14s, train loss: 0.7068, train err:  0.1003, valid err:  0.0993
>> epoch [  84/1000], runtime: 5.85s, train loss: 0.6821, train err: 0.0975, valid err:  0.0919,test err: 0.0928, best
>> epoch [  85/1000], runtime:  5.11s, train loss: 0.6614, train err:  0.0959, valid err:  0.0982
>> epoch [  86/1000], runtime:  5.11s, train loss: 0.6438, train err:  0.0942, valid err:  0.1000
>> epoch [  87/1000], runtime:  4.94s, train loss: 0.6705, train err:  0.0983, valid err:  0.0922
>> epoch [  88/1000], runtime: 4.83s, train loss: 0.6357, train err: 0.0948, valid err:  0.0906,test err: 0.0920, best
>> epoch [  89/1000], runtime:  4.72s, train err:  0.1056 (best:  0.0948/ 0.0906)
>> epoch [  90/1000], runtime:  4.81s, train err:  0.0983 (best:  0.0948/ 0.0906)
>> epoch [  91/1000], runtime:  5.20s, train err:  0.1009 (best:  0.0948/ 0.0906)
>> epoch [  92/1000], runtime:  5.00s, train err:  0.1033 (best:  0.0948/ 0.0906)
>> epoch [  93/1000], runtime:  5.03s, train err:  0.1055 (best:  0.0948/ 0.0906)
>> epoch [  94/1000], runtime:  5.18s, train err:  0.1075 (best:  0.0948/ 0.0906)
>> epoch [  95/1000], runtime:  4.74s, train loss: 0.6147, train err:  0.0952, valid err:  0.1179
>> epoch [  96/1000], runtime:  4.62s, train err:  0.0998 (best:  0.0948/ 0.0906)
>> epoch [  97/1000], runtime:  4.69s, train loss: 0.6063, train err:  0.0948, valid err:  0.0926
>> epoch [  98/1000], runtime:  4.44s, train err:  0.0974 (best:  0.0948/ 0.0906)
>> epoch [  99/1000], runtime:  4.51s, train loss: 0.5631, train err:  0.0915, valid err:  0.1167
>> epoch [ 100/1000], runtime:  4.65s, train loss: 0.5962, train err:  0.0957, valid err:  0.1078
>> epoch [ 101/1000], runtime:  4.63s, train loss: 0.5392, train err:  0.0885, valid err:  0.0920
>> epoch [ 102/1000], runtime:  4.44s, train loss: 0.5082, train err:  0.0847, valid err:  0.0966
>> epoch [ 103/1000], runtime: 4.46s, train loss: 0.5257, train err: 0.0867, valid err:  0.0859,test err: 0.0895, best
>> epoch [ 104/1000], runtime:  4.13s, train err:  0.0866 (best:  0.0867/ 0.0859)
>> epoch [ 105/1000], runtime:  4.00s, train loss: 0.5016, train err:  0.0835, valid err:  0.0941
>> epoch [ 106/1000], runtime:  4.12s, train err:  0.0928 (best:  0.0867/ 0.0859)
>> epoch [ 107/1000], runtime:  3.97s, train err:  0.0879 (best:  0.0867/ 0.0859)
>> epoch [ 108/1000], runtime: 3.97s, train loss: 0.5183, train err: 0.0863, valid err:  0.0853,test err: 0.0886, best
>> epoch [ 109/1000], runtime:  4.07s, train loss: 0.5025, train err:  0.0845, valid err:  0.0934
>> epoch [ 110/1000], runtime:  4.17s, train err:  0.0905 (best:  0.0863/ 0.0853)
>> epoch [ 111/1000], runtime:  3.96s, train err:  0.0873 (best:  0.0863/ 0.0853)
>> epoch [ 112/1000], runtime: 4.32s, train loss: 0.4817, train err: 0.0821, valid err:  0.0842,test err: 0.0874, best
>> epoch [ 113/1000], runtime:  4.17s, train err:  0.0834 (best:  0.0821/ 0.0842)
>> epoch [ 114/1000], runtime:  3.95s, train err:  0.0836 (best:  0.0821/ 0.0842)
>> epoch [ 115/1000], runtime:  4.08s, train err:  0.0841 (best:  0.0821/ 0.0842)
>> epoch [ 116/1000], runtime:  3.91s, train err:  0.0835 (best:  0.0821/ 0.0842)
>> epoch [ 117/1000], runtime:  4.21s, train err:  0.0862 (best:  0.0821/ 0.0842)
>> epoch [ 118/1000], runtime:  4.16s, train err:  0.0844 (best:  0.0821/ 0.0842)
>> epoch [ 119/1000], runtime:  3.90s, train err:  0.0856 (best:  0.0821/ 0.0842)
>> epoch [ 120/1000], runtime:  3.91s, train err:  0.0849 (best:  0.0821/ 0.0842)
>> epoch [ 121/1000], runtime:  3.97s, train err:  0.0862 (best:  0.0821/ 0.0842)
>> epoch [ 122/1000], runtime:  4.04s, train loss: 0.4749, train err:  0.0828, valid err:  0.0848
>> epoch [ 123/1000], runtime:  3.95s, train loss: 0.4801, train err:  0.0825, valid err:  0.0897
>> epoch [ 124/1000], runtime:  4.26s, train err:  0.0834 (best:  0.0821/ 0.0842)
>> epoch [ 125/1000], runtime:  4.07s, train err:  0.0822 (best:  0.0821/ 0.0842)
>> epoch [ 126/1000], runtime: 3.86s, train loss: 0.4769, train err: 0.0815, valid err:  0.0836,test err: 0.0886, best
>> epoch [ 127/1000], runtime:  3.96s, train err:  0.0871 (best:  0.0815/ 0.0836)
>> epoch [ 128/1000], runtime:  4.04s, train loss: 0.4705, train err:  0.0813, valid err:  0.0850
>> epoch [ 129/1000], runtime:  4.12s, train err:  0.0923 (best:  0.0815/ 0.0836)
>> epoch [ 130/1000], runtime:  4.33s, train err:  0.0898 (best:  0.0815/ 0.0836)
>> epoch [ 131/1000], runtime:  3.99s, train err:  0.0873 (best:  0.0815/ 0.0836)
>> epoch [ 132/1000], runtime:  4.21s, train err:  0.0835 (best:  0.0815/ 0.0836)
>> epoch [ 133/1000], runtime:  4.19s, train err:  0.0866 (best:  0.0815/ 0.0836)
>> epoch [ 134/1000], runtime: 4.27s, train loss: 0.4640, train err: 0.0815, valid err:  0.0827,test err: 0.0853, best
>> epoch [ 135/1000], runtime:  4.20s, train loss: 0.4586, train err:  0.0805, valid err:  0.0933
>> epoch [ 136/1000], runtime:  4.32s, train err:  0.0832 (best:  0.0815/ 0.0827)
>> epoch [ 137/1000], runtime:  3.74s, train err:  0.0869 (best:  0.0815/ 0.0827)
>> epoch [ 138/1000], runtime:  3.81s, train err:  0.0850 (best:  0.0815/ 0.0827)
>> epoch [ 139/1000], runtime: 3.78s, train loss: 0.4598, train err: 0.0813, valid err:  0.0802,test err: 0.0834, best
>> epoch [ 140/1000], runtime:  3.77s, train err:  0.0829 (best:  0.0813/ 0.0802)
>> epoch [ 141/1000], runtime:  3.64s, train err:  0.0838 (best:  0.0813/ 0.0802)
>> epoch [ 142/1000], runtime:  3.35s, train err:  0.0861 (best:  0.0813/ 0.0802)
>> epoch [ 143/1000], runtime:  3.34s, train err:  0.0855 (best:  0.0813/ 0.0802)
>> epoch [ 144/1000], runtime:  3.60s, train err:  0.0843 (best:  0.0813/ 0.0802)
>> epoch [ 145/1000], runtime:  3.23s, train err:  0.0806 (best:  0.0813/ 0.0802)
>> epoch [ 146/1000], runtime:  3.11s, train loss: 0.4388, train err:  0.0792, valid err:  0.0901
>> epoch [ 147/1000], runtime:  2.96s, train err:  0.0810 (best:  0.0813/ 0.0802)
>> epoch [ 148/1000], runtime:  3.22s, train err:  0.0823 (best:  0.0813/ 0.0802)
>> epoch [ 149/1000], runtime:  3.42s, train loss: 0.4521, train err:  0.0803, valid err:  0.0845
>> epoch [ 150/1000], runtime:  3.37s, train err:  0.0847 (best:  0.0813/ 0.0802)
>> epoch [ 151/1000], runtime:  3.36s, train loss: 0.4522, train err:  0.0812, valid err:  0.1004
>> epoch [ 152/1000], runtime:  3.30s, train err:  0.0840 (best:  0.0813/ 0.0802)
>> epoch [ 153/1000], runtime:  3.40s, train err:  0.0820 (best:  0.0813/ 0.0802)
>> epoch [ 154/1000], runtime:  3.25s, train err:  0.0827 (best:  0.0813/ 0.0802)
>> epoch [ 155/1000], runtime:  3.32s, train err:  0.0815 (best:  0.0813/ 0.0802)
>> epoch [ 156/1000], runtime:  3.37s, train err:  0.0837 (best:  0.0813/ 0.0802)
>> epoch [ 157/1000], runtime: 3.28s, train loss: 0.4431, train err: 0.0795, valid err:  0.0801,test err: 0.0848, best
>> epoch [ 158/1000], runtime:  3.31s, train err:  0.0816 (best:  0.0795/ 0.0801)
>> epoch [ 159/1000], runtime:  3.41s, train err:  0.0833 (best:  0.0795/ 0.0801)
>> epoch [ 160/1000], runtime:  3.32s, train err:  0.0852 (best:  0.0795/ 0.0801)
>> epoch [ 161/1000], runtime:  3.27s, train err:  0.0820 (best:  0.0795/ 0.0801)
>> epoch [ 162/1000], runtime:  3.34s, train loss: 0.4390, train err:  0.0802, valid err:  0.0899
>> epoch [ 163/1000], runtime:  3.28s, train err:  0.0803 (best:  0.0795/ 0.0801)
>> epoch [ 164/1000], runtime:  3.39s, train err:  0.0825 (best:  0.0795/ 0.0801)
>> epoch [ 165/1000], runtime:  3.22s, train loss: 0.4419, train err:  0.0799, valid err:  0.0831
>> epoch [ 166/1000], runtime:  3.35s, train err:  0.0804 (best:  0.0795/ 0.0801)
>> epoch [ 167/1000], runtime:  3.56s, train err:  0.0790 (best:  0.0795/ 0.0801)
>> epoch [ 168/1000], runtime:  3.44s, train err:  0.0915 (best:  0.0795/ 0.0801)
>> epoch [ 169/1000], runtime:  3.44s, train err:  0.0900 (best:  0.0795/ 0.0801)
>> epoch [ 170/1000], runtime:  3.34s, train err:  0.0849 (best:  0.0795/ 0.0801)
>> epoch [ 171/1000], runtime:  3.38s, train err:  0.0820 (best:  0.0795/ 0.0801)
>> epoch [ 172/1000], runtime:  3.39s, train err:  0.0803 (best:  0.0795/ 0.0801)
>> epoch [ 173/1000], runtime:  3.37s, train loss: 0.4380, train err:  0.0795, valid err:  0.0805
>> epoch [ 174/1000], runtime:  3.36s, train err:  0.0810 (best:  0.0795/ 0.0801)
>> epoch [ 175/1000], runtime:  3.49s, train err:  0.0843 (best:  0.0795/ 0.0801)
>> epoch [ 176/1000], runtime:  3.31s, train loss: 0.4308, train err:  0.0790, valid err:  0.0826
>> epoch [ 177/1000], runtime:  3.39s, train loss: 0.4118, train err:  0.0774, valid err:  0.0832
>> epoch [ 178/1000], runtime: 3.27s, train loss: 0.4290, train err: 0.0775, valid err:  0.0794,test err: 0.0812, best
>> epoch [ 179/1000], runtime:  3.42s, train err:  0.0831 (best:  0.0775/ 0.0794)
>> epoch [ 180/1000], runtime:  3.29s, train err:  0.0810 (best:  0.0775/ 0.0794)
>> epoch [ 181/1000], runtime:  3.23s, train err:  0.0799 (best:  0.0775/ 0.0794)
>> epoch [ 182/1000], runtime:  3.33s, train err:  0.0800 (best:  0.0775/ 0.0794)
>> epoch [ 183/1000], runtime:  3.35s, train err:  0.0815 (best:  0.0775/ 0.0794)
>> epoch [ 184/1000], runtime: 3.39s, train loss: 0.4217, train err: 0.0783, valid err:  0.0789,test err: 0.0844, best
>> epoch [ 185/1000], runtime:  3.34s, train err:  0.0779 (best:  0.0783/ 0.0789)
>> epoch [ 186/1000], runtime:  3.43s, train err:  0.0799 (best:  0.0783/ 0.0789)
>> epoch [ 187/1000], runtime:  3.36s, train err:  0.0800 (best:  0.0783/ 0.0789)
>> epoch [ 188/1000], runtime:  3.33s, train err:  0.0821 (best:  0.0783/ 0.0789)
>> epoch [ 189/1000], runtime:  3.44s, train err:  0.0796 (best:  0.0783/ 0.0789)
>> epoch [ 190/1000], runtime:  3.36s, train err:  0.0790 (best:  0.0783/ 0.0789)
>> epoch [ 191/1000], runtime:  3.30s, train err:  0.0831 (best:  0.0783/ 0.0789)
>> epoch [ 192/1000], runtime:  3.26s, train err:  0.0810 (best:  0.0783/ 0.0789)
>> epoch [ 193/1000], runtime:  3.44s, train err:  0.0823 (best:  0.0783/ 0.0789)
>> epoch [ 194/1000], runtime:  3.38s, train loss: 0.4140, train err:  0.0781, valid err:  0.0798
>> epoch [ 195/1000], runtime:  3.25s, train err:  0.0793 (best:  0.0783/ 0.0789)
>> epoch [ 196/1000], runtime:  3.45s, train err:  0.0806 (best:  0.0783/ 0.0789)
>> epoch [ 197/1000], runtime:  3.51s, train err:  0.0854 (best:  0.0783/ 0.0789)
>> epoch [ 198/1000], runtime:  3.35s, train err:  0.0795 (best:  0.0783/ 0.0789)
>> epoch [ 199/1000], runtime:  3.29s, train err:  0.0810 (best:  0.0783/ 0.0789)
>> epoch [ 200/1000], runtime:  3.33s, train err:  0.0812 (best:  0.0783/ 0.0789)
>> epoch [ 201/1000], runtime: 3.43s, train loss: 0.4030, train err: 0.0760, valid err:  0.0747,test err: 0.0779, best
>> epoch [ 202/1000], runtime:  3.42s, train err:  0.0762 (best:  0.0760/ 0.0747)
>> epoch [ 203/1000], runtime:  3.40s, train err:  0.0764 (best:  0.0760/ 0.0747)
>> epoch [ 204/1000], runtime:  3.40s, train err:  0.0761 (best:  0.0760/ 0.0747)
>> epoch [ 205/1000], runtime:  3.23s, train err:  0.0770 (best:  0.0760/ 0.0747)
>> epoch [ 206/1000], runtime:  3.42s, train loss: 0.3988, train err:  0.0748, valid err:  0.0768
>> epoch [ 207/1000], runtime: 3.49s, train loss: 0.3923, train err: 0.0753, valid err:  0.0742,test err: 0.0784, best
>> epoch [ 208/1000], runtime:  3.22s, train loss: 0.3905, train err:  0.0748, valid err:  0.0762
>> epoch [ 209/1000], runtime:  3.41s, train err:  0.0759 (best:  0.0753/ 0.0742)
>> epoch [ 210/1000], runtime:  3.37s, train err:  0.0765 (best:  0.0753/ 0.0742)
>> epoch [ 211/1000], runtime:  3.18s, train err:  0.0794 (best:  0.0753/ 0.0742)
>> epoch [ 212/1000], runtime:  3.37s, train err:  0.0758 (best:  0.0753/ 0.0742)
>> epoch [ 213/1000], runtime:  3.21s, train err:  0.0762 (best:  0.0753/ 0.0742)
>> epoch [ 214/1000], runtime:  3.14s, train err:  0.0757 (best:  0.0753/ 0.0742)
>> epoch [ 215/1000], runtime:  3.24s, train err:  0.0764 (best:  0.0753/ 0.0742)
>> epoch [ 216/1000], runtime:  3.26s, train err:  0.0761 (best:  0.0753/ 0.0742)
>> epoch [ 217/1000], runtime:  3.21s, train err:  0.0760 (best:  0.0753/ 0.0742)
>> epoch [ 218/1000], runtime:  3.30s, train err:  0.0770 (best:  0.0753/ 0.0742)
>> epoch [ 219/1000], runtime:  3.52s, train err:  0.0783 (best:  0.0753/ 0.0742)
>> epoch [ 220/1000], runtime:  3.37s, train err:  0.0779 (best:  0.0753/ 0.0742)
>> epoch [ 221/1000], runtime:  3.36s, train err:  0.0763 (best:  0.0753/ 0.0742)
>> epoch [ 222/1000], runtime:  3.42s, train err:  0.0765 (best:  0.0753/ 0.0742)
>> epoch [ 223/1000], runtime:  3.36s, train err:  0.0763 (best:  0.0753/ 0.0742)
>> epoch [ 224/1000], runtime:  3.42s, train err:  0.0759 (best:  0.0753/ 0.0742)
>> epoch [ 225/1000], runtime:  3.30s, train loss: 0.3840, train err:  0.0745, valid err:  0.0793
>> epoch [ 226/1000], runtime:  3.37s, train err:  0.0765 (best:  0.0753/ 0.0742)
>> epoch [ 227/1000], runtime:  3.10s, train err:  0.0778 (best:  0.0753/ 0.0742)
>> epoch [ 228/1000], runtime:  3.29s, train err:  0.0754 (best:  0.0753/ 0.0742)
>> epoch [ 229/1000], runtime:  3.39s, train err:  0.0770 (best:  0.0753/ 0.0742)
>> epoch [ 230/1000], runtime:  3.54s, train err:  0.0792 (best:  0.0753/ 0.0742)
>> epoch [ 231/1000], runtime:  3.39s, train err:  0.0772 (best:  0.0753/ 0.0742)
>> epoch [ 232/1000], runtime:  3.38s, train err:  0.0761 (best:  0.0753/ 0.0742)
>> epoch [ 233/1000], runtime:  3.41s, train err:  0.0750 (best:  0.0753/ 0.0742)
>> epoch [ 234/1000], runtime:  3.41s, train err:  0.0761 (best:  0.0753/ 0.0742)
>> epoch [ 235/1000], runtime:  3.53s, train err:  0.0741 (best:  0.0753/ 0.0742)
>> epoch [ 236/1000], runtime:  3.40s, train err:  0.0753 (best:  0.0753/ 0.0742)
>> epoch [ 237/1000], runtime:  3.40s, train err:  0.0761 (best:  0.0753/ 0.0742)
>> epoch [ 238/1000], runtime:  3.24s, train loss: 0.3905, train err:  0.0741, valid err:  0.0743
>> epoch [ 239/1000], runtime:  3.36s, train loss: 0.3894, train err:  0.0747, valid err:  0.0748
>> epoch [ 240/1000], runtime:  3.50s, train err:  0.0747 (best:  0.0753/ 0.0742)
>> epoch [ 241/1000], runtime:  3.52s, train err:  0.0789 (best:  0.0753/ 0.0742)
>> epoch [ 242/1000], runtime:  3.15s, train err:  0.0771 (best:  0.0753/ 0.0742)
>> epoch [ 243/1000], runtime:  3.25s, train err:  0.0780 (best:  0.0753/ 0.0742)
>> epoch [ 244/1000], runtime:  3.12s, train err:  0.0768 (best:  0.0753/ 0.0742)
>> epoch [ 245/1000], runtime:  3.31s, train err:  0.0769 (best:  0.0753/ 0.0742)
>> epoch [ 246/1000], runtime:  3.42s, train err:  0.0790 (best:  0.0753/ 0.0742)
>> epoch [ 247/1000], runtime:  3.64s, train err:  0.0769 (best:  0.0753/ 0.0742)
>> epoch [ 248/1000], runtime:  3.33s, train err:  0.0749 (best:  0.0753/ 0.0742)
>> epoch [ 249/1000], runtime:  3.30s, train err:  0.0758 (best:  0.0753/ 0.0742)
>> epoch [ 250/1000], runtime:  2.87s, train loss: 0.3876, train err:  0.0748, valid err:  0.0779
>> epoch [ 251/1000], runtime:  2.91s, train err:  0.0786 (best:  0.0753/ 0.0742)
>> epoch [ 252/1000], runtime:  2.64s, train err:  0.0764 (best:  0.0753/ 0.0742)
>> epoch [ 253/1000], runtime:  2.82s, train err:  0.0757 (best:  0.0753/ 0.0742)
>> epoch [ 254/1000], runtime:  2.96s, train err:  0.0770 (best:  0.0753/ 0.0742)
>> epoch [ 255/1000], runtime:  2.85s, train err:  0.0749 (best:  0.0753/ 0.0742)
>> epoch [ 256/1000], runtime:  2.87s, train err:  0.0751 (best:  0.0753/ 0.0742)
>> epoch [ 257/1000], runtime:  2.78s, train err:  0.0741 (best:  0.0753/ 0.0742)
>> epoch [ 258/1000], runtime:  2.82s, train err:  0.0750 (best:  0.0753/ 0.0742)
----------------------------------------------------------------------------------------------------
----------------------------------------------------------------------------------------------------
>> ntrain: 200, lr: 0.001, gamma: 0.5, w_d: 0.0
>> Best train loss:  0.3923
>> Best train error:  0.0753
>> Best valid error:  0.0742
>> Best test error:  0.0784
>> Best epoch: 206
----------------------------------------------------------------------------------------------------
----------------------------------------------------------------------------------------------------
>> Training Completed!!
