PID: 37135
>> Device being used: cuda (NVIDIA GeForce RTX 4090)
Number of parameters for MGN: 1793
Total number of parameters: 200195
>> Preprocessing completed, time elapsed:  0.62s
>> ntrain: 200, lr: 0.001, gamma: 0.5, w_d: 0.0
>> epoch [   1/1000], runtime: 3.42s, train loss: 10.1952, train err: 0.9982, valid err:  0.9955,test err: 0.9954, best
>> epoch [   2/1000], runtime: 3.90s, train loss: 8.5124, train err: 0.8372, valid err:  0.1885,test err: 0.1808, best
>> epoch [   3/1000], runtime:  4.88s, train loss: 2.0347, train err:  0.2549, valid err:  0.2113
>> epoch [   4/1000], runtime: 6.02s, train loss: 1.0119, train err: 0.2329, valid err:  0.1807,test err: 0.1726, best
>> epoch [   5/1000], runtime:  6.25s, train loss: 0.9463, train err:  0.2471, valid err:  0.1851
>> epoch [   6/1000], runtime:  6.05s, train loss: 0.9374, train err:  0.2492, valid err:  0.2476
>> epoch [   7/1000], runtime:  5.98s, train loss: 0.7071, train err:  0.2126, valid err:  0.1948
>> epoch [   8/1000], runtime:  6.06s, train loss: 0.7087, train err:  0.2165, valid err:  0.1825
>> epoch [   9/1000], runtime: 5.90s, train loss: 0.8168, train err: 0.2305, valid err:  0.1738,test err: 0.1649, best
>> epoch [  10/1000], runtime: 6.05s, train loss: 0.6685, train err: 0.2054, valid err:  0.1733,test err: 0.1659, best
>> epoch [  11/1000], runtime:  5.93s, train loss: 0.6103, train err:  0.2005, valid err:  0.1919
>> epoch [  12/1000], runtime:  6.23s, train err:  0.2277 (best:  0.2054/ 0.1733)
>> epoch [  13/1000], runtime:  6.16s, train loss: 0.6614, train err:  0.2053, valid err:  0.1835
>> epoch [  14/1000], runtime: 6.14s, train loss: 0.5781, train err: 0.1957, valid err:  0.1646,test err: 0.1560, best
>> epoch [  15/1000], runtime:  6.13s, train loss: 0.5774, train err:  0.1948, valid err:  0.1653
>> epoch [  16/1000], runtime:  6.22s, train err:  0.1976 (best:  0.1957/ 0.1646)
>> epoch [  17/1000], runtime:  6.16s, train loss: 0.5298, train err:  0.1861, valid err:  0.1867
>> epoch [  18/1000], runtime:  6.00s, train loss: 0.5554, train err:  0.1932, valid err:  0.2054
>> epoch [  19/1000], runtime:  6.25s, train loss: 0.5171, train err:  0.1836, valid err:  0.1716
>> epoch [  20/1000], runtime:  6.32s, train loss: 0.4629, train err:  0.1751, valid err:  0.1708
>> epoch [  21/1000], runtime: 6.06s, train loss: 0.4421, train err: 0.1693, valid err:  0.1449,test err: 0.1422, best
>> epoch [  22/1000], runtime:  6.02s, train loss: 0.4338, train err:  0.1697, valid err:  0.1468
>> epoch [  23/1000], runtime:  5.98s, train loss: 0.3886, train err:  0.1592, valid err:  0.1724
>> epoch [  24/1000], runtime: 5.85s, train loss: 0.3638, train err: 0.1545, valid err:  0.1358,test err: 0.1291, best
>> epoch [  25/1000], runtime:  6.17s, train err:  0.1566 (best:  0.1545/ 0.1358)
>> epoch [  26/1000], runtime: 6.43s, train loss: 0.3027, train err: 0.1384, valid err:  0.1227,test err: 0.1235, best
>> epoch [  27/1000], runtime: 6.36s, train loss: 0.2880, train err: 0.1348, valid err:  0.1208,test err: 0.1113, best
>> epoch [  28/1000], runtime:  6.02s, train err:  0.1535 (best:  0.1348/ 0.1208)
>> epoch [  29/1000], runtime:  5.95s, train err:  0.2216 (best:  0.1348/ 0.1208)
>> epoch [  30/1000], runtime:  5.83s, train err:  0.1972 (best:  0.1348/ 0.1208)
>> epoch [  31/1000], runtime:  6.23s, train err:  0.1701 (best:  0.1348/ 0.1208)
>> epoch [  32/1000], runtime:  6.17s, train err:  0.1719 (best:  0.1348/ 0.1208)
>> epoch [  33/1000], runtime:  6.16s, train err:  0.1627 (best:  0.1348/ 0.1208)
>> epoch [  34/1000], runtime:  6.49s, train err:  0.1643 (best:  0.1348/ 0.1208)
>> epoch [  35/1000], runtime:  6.24s, train err:  0.1673 (best:  0.1348/ 0.1208)
>> epoch [  36/1000], runtime:  6.12s, train err:  0.1513 (best:  0.1348/ 0.1208)
>> epoch [  37/1000], runtime:  6.16s, train err:  0.1501 (best:  0.1348/ 0.1208)
>> epoch [  38/1000], runtime:  6.33s, train err:  0.1381 (best:  0.1348/ 0.1208)
>> epoch [  39/1000], runtime:  6.12s, train loss: 0.2674, train err:  0.1264, valid err:  0.1217
>> epoch [  40/1000], runtime: 6.25s, train loss: 0.2866, train err: 0.1322, valid err:  0.1178,test err: 0.1210, best
>> epoch [  41/1000], runtime:  6.22s, train loss: 0.2449, train err:  0.1217, valid err:  0.1360
>> epoch [  42/1000], runtime:  6.17s, train err:  0.1370 (best:  0.1322/ 0.1178)
>> epoch [  43/1000], runtime: 6.41s, train loss: 0.2352, train err: 0.1193, valid err:  0.1099,test err: 0.1047, best
>> epoch [  44/1000], runtime:  6.30s, train loss: 0.2143, train err:  0.1108, valid err:  0.1221
>> epoch [  45/1000], runtime: 6.08s, train loss: 0.2168, train err: 0.1134, valid err:  0.0974,test err: 0.0966, best
>> epoch [  46/1000], runtime: 6.18s, train loss: 0.1839, train err: 0.1010, valid err:  0.0947,test err: 0.0924, best
>> epoch [  47/1000], runtime:  6.34s, train err:  0.1062 (best:  0.1010/ 0.0947)
>> epoch [  48/1000], runtime:  6.15s, train err:  0.1027 (best:  0.1010/ 0.0947)
>> epoch [  49/1000], runtime:  6.24s, train err:  0.1301 (best:  0.1010/ 0.0947)
>> epoch [  50/1000], runtime:  6.48s, train err:  0.1145 (best:  0.1010/ 0.0947)
>> epoch [  51/1000], runtime: 6.21s, train loss: 0.1815, train err: 0.0986, valid err:  0.0879,test err: 0.0910, best
>> epoch [  52/1000], runtime:  6.38s, train loss: 0.1741, train err:  0.0984, valid err:  0.1071
>> epoch [  53/1000], runtime:  6.41s, train loss: 0.1637, train err:  0.0929, valid err:  0.1018
>> epoch [  54/1000], runtime:  6.46s, train loss: 0.1640, train err:  0.0922, valid err:  0.0906
>> epoch [  55/1000], runtime: 6.07s, train loss: 0.1658, train err: 0.0929, valid err:  0.0801,test err: 0.0813, best
>> epoch [  56/1000], runtime:  6.51s, train err:  0.1003 (best:  0.0929/ 0.0801)
>> epoch [  57/1000], runtime:  5.93s, train err:  0.0989 (best:  0.0929/ 0.0801)
>> epoch [  58/1000], runtime:  6.63s, train err:  0.0978 (best:  0.0929/ 0.0801)
>> epoch [  59/1000], runtime:  6.26s, train loss: 0.1439, train err:  0.0868, valid err:  0.0813
>> epoch [  60/1000], runtime:  6.26s, train loss: 0.1537, train err:  0.0876, valid err:  0.0828
>> epoch [  61/1000], runtime:  6.55s, train loss: 0.1469, train err:  0.0851, valid err:  0.0882
>> epoch [  62/1000], runtime:  6.20s, train loss: 0.1472, train err:  0.0861, valid err:  0.1001
>> epoch [  63/1000], runtime:  6.46s, train err:  0.0942 (best:  0.0929/ 0.0801)
>> epoch [  64/1000], runtime:  6.34s, train loss: 0.1502, train err:  0.0887, valid err:  0.1397
>> epoch [  65/1000], runtime: 6.39s, train loss: 0.1427, train err: 0.0870, valid err:  0.0782,test err: 0.0832, best
>> epoch [  66/1000], runtime:  6.43s, train err:  0.0872 (best:  0.0870/ 0.0782)
>> epoch [  67/1000], runtime:  6.41s, train err:  0.0860 (best:  0.0870/ 0.0782)
>> epoch [  68/1000], runtime:  6.47s, train loss: 0.1348, train err:  0.0852, valid err:  0.0806
>> epoch [  69/1000], runtime: 6.02s, train loss: 0.1396, train err: 0.0820, valid err:  0.0738,test err: 0.0772, best
>> epoch [  70/1000], runtime:  6.27s, train loss: 0.1354, train err:  0.0830, valid err:  0.0935
>> epoch [  71/1000], runtime:  5.97s, train err:  0.0876 (best:  0.0820/ 0.0738)
>> epoch [  72/1000], runtime:  6.14s, train loss: 0.1365, train err:  0.0846, valid err:  0.0761
>> epoch [  73/1000], runtime:  6.39s, train err:  0.0941 (best:  0.0820/ 0.0738)
>> epoch [  74/1000], runtime:  6.17s, train err:  0.0889 (best:  0.0820/ 0.0738)
>> epoch [  75/1000], runtime:  6.32s, train err:  0.0873 (best:  0.0820/ 0.0738)
>> epoch [  76/1000], runtime:  6.35s, train loss: 0.1316, train err:  0.0816, valid err:  0.0773
>> epoch [  77/1000], runtime:  6.79s, train loss: 0.1391, train err:  0.0851, valid err:  0.0755
>> epoch [  78/1000], runtime:  6.62s, train loss: 0.1253, train err:  0.0823, valid err:  0.0929
>> epoch [  79/1000], runtime: 6.32s, train loss: 0.1269, train err: 0.0797, valid err:  0.0731,test err: 0.0757, best
>> epoch [  80/1000], runtime:  6.19s, train err:  0.0844 (best:  0.0797/ 0.0731)
>> epoch [  81/1000], runtime:  6.37s, train err:  0.0825 (best:  0.0797/ 0.0731)
>> epoch [  82/1000], runtime:  6.34s, train err:  0.0859 (best:  0.0797/ 0.0731)
>> epoch [  83/1000], runtime:  6.51s, train loss: 0.1230, train err:  0.0778, valid err:  0.0910
>> epoch [  84/1000], runtime:  6.54s, train err:  0.0881 (best:  0.0797/ 0.0731)
>> epoch [  85/1000], runtime:  6.35s, train err:  0.0854 (best:  0.0797/ 0.0731)
>> epoch [  86/1000], runtime:  6.49s, train err:  0.0849 (best:  0.0797/ 0.0731)
>> epoch [  87/1000], runtime:  6.39s, train err:  0.0866 (best:  0.0797/ 0.0731)
>> epoch [  88/1000], runtime:  6.27s, train err:  0.0826 (best:  0.0797/ 0.0731)
>> epoch [  89/1000], runtime:  6.13s, train err:  0.0843 (best:  0.0797/ 0.0731)
>> epoch [  90/1000], runtime:  6.11s, train err:  0.0858 (best:  0.0797/ 0.0731)
>> epoch [  91/1000], runtime:  5.38s, train err:  0.0876 (best:  0.0797/ 0.0731)
>> epoch [  92/1000], runtime:  5.73s, train err:  0.0956 (best:  0.0797/ 0.0731)
>> epoch [  93/1000], runtime:  5.93s, train err:  0.0848 (best:  0.0797/ 0.0731)
>> epoch [  94/1000], runtime:  5.47s, train err:  0.0803 (best:  0.0797/ 0.0731)
>> epoch [  95/1000], runtime:  5.06s, train loss: 0.1223, train err:  0.0802, valid err:  0.0756
>> epoch [  96/1000], runtime:  4.89s, train err:  0.0840 (best:  0.0797/ 0.0731)
>> epoch [  97/1000], runtime:  5.01s, train err:  0.0844 (best:  0.0797/ 0.0731)
>> epoch [  98/1000], runtime:  4.98s, train err:  0.0886 (best:  0.0797/ 0.0731)
>> epoch [  99/1000], runtime:  4.34s, train err:  0.0858 (best:  0.0797/ 0.0731)
>> epoch [ 100/1000], runtime:  4.56s, train loss: 0.1230, train err:  0.0811, valid err:  0.0888
>> epoch [ 101/1000], runtime: 4.68s, train loss: 0.1195, train err: 0.0779, valid err:  0.0731,test err: 0.0776, best
>> epoch [ 102/1000], runtime:  4.82s, train loss: 0.1135, train err:  0.0761, valid err:  0.0752
>> epoch [ 103/1000], runtime:  4.77s, train loss: 0.1165, train err:  0.0763, valid err:  0.0900
>> epoch [ 104/1000], runtime:  4.89s, train loss: 0.1119, train err:  0.0752, valid err:  0.0759
>> epoch [ 105/1000], runtime:  4.66s, train loss: 0.1150, train err:  0.0749, valid err:  0.0732
>> epoch [ 106/1000], runtime:  4.13s, train err:  0.0753 (best:  0.0779/ 0.0731)
>> epoch [ 107/1000], runtime:  4.03s, train loss: 0.1191, train err:  0.0759, valid err:  0.0733
>> epoch [ 108/1000], runtime:  4.11s, train loss: 0.1122, train err:  0.0764, valid err:  0.0801
>> epoch [ 109/1000], runtime: 3.99s, train loss: 0.1124, train err: 0.0743, valid err:  0.0699,test err: 0.0736, best
>> epoch [ 110/1000], runtime:  3.92s, train err:  0.0750 (best:  0.0743/ 0.0699)
>> epoch [ 111/1000], runtime:  4.06s, train err:  0.0746 (best:  0.0743/ 0.0699)
>> epoch [ 112/1000], runtime:  4.20s, train err:  0.0764 (best:  0.0743/ 0.0699)
>> epoch [ 113/1000], runtime:  3.96s, train err:  0.0749 (best:  0.0743/ 0.0699)
>> epoch [ 114/1000], runtime:  3.97s, train err:  0.0761 (best:  0.0743/ 0.0699)
>> epoch [ 115/1000], runtime:  3.93s, train err:  0.0799 (best:  0.0743/ 0.0699)
>> epoch [ 116/1000], runtime:  3.29s, train err:  0.0755 (best:  0.0743/ 0.0699)
>> epoch [ 117/1000], runtime:  3.67s, train loss: 0.1065, train err:  0.0744, valid err:  0.0708
>> epoch [ 118/1000], runtime:  3.42s, train err:  0.0744 (best:  0.0743/ 0.0699)
>> epoch [ 119/1000], runtime:  3.48s, train err:  0.0766 (best:  0.0743/ 0.0699)
>> epoch [ 120/1000], runtime:  3.66s, train loss: 0.1110, train err:  0.0743, valid err:  0.0747
>> epoch [ 121/1000], runtime:  3.39s, train err:  0.0755 (best:  0.0743/ 0.0699)
>> epoch [ 122/1000], runtime:  3.30s, train err:  0.0781 (best:  0.0743/ 0.0699)
>> epoch [ 123/1000], runtime:  3.33s, train err:  0.0781 (best:  0.0743/ 0.0699)
>> epoch [ 124/1000], runtime:  3.54s, train err:  0.0754 (best:  0.0743/ 0.0699)
>> epoch [ 125/1000], runtime:  3.67s, train loss: 0.1089, train err:  0.0745, valid err:  0.0706
>> epoch [ 126/1000], runtime:  3.51s, train loss: 0.1097, train err:  0.0757, valid err:  0.0818
>> epoch [ 127/1000], runtime:  3.54s, train err:  0.0741 (best:  0.0743/ 0.0699)
>> epoch [ 128/1000], runtime:  3.42s, train err:  0.0780 (best:  0.0743/ 0.0699)
>> epoch [ 129/1000], runtime:  3.60s, train err:  0.0751 (best:  0.0743/ 0.0699)
>> epoch [ 130/1000], runtime:  3.47s, train err:  0.0761 (best:  0.0743/ 0.0699)
>> epoch [ 131/1000], runtime:  3.46s, train err:  0.0771 (best:  0.0743/ 0.0699)
>> epoch [ 132/1000], runtime:  3.74s, train err:  0.0746 (best:  0.0743/ 0.0699)
>> epoch [ 133/1000], runtime:  3.47s, train err:  0.0740 (best:  0.0743/ 0.0699)
>> epoch [ 134/1000], runtime:  3.42s, train err:  0.0771 (best:  0.0743/ 0.0699)
>> epoch [ 135/1000], runtime:  3.46s, train err:  0.0805 (best:  0.0743/ 0.0699)
>> epoch [ 136/1000], runtime:  3.33s, train loss: 0.1094, train err:  0.0745, valid err:  0.0707
>> epoch [ 137/1000], runtime:  3.36s, train err:  0.0752 (best:  0.0743/ 0.0699)
>> epoch [ 138/1000], runtime:  3.36s, train err:  0.0764 (best:  0.0743/ 0.0699)
>> epoch [ 139/1000], runtime:  3.52s, train err:  0.0757 (best:  0.0743/ 0.0699)
>> epoch [ 140/1000], runtime:  3.36s, train err:  0.0816 (best:  0.0743/ 0.0699)
>> epoch [ 141/1000], runtime:  3.41s, train err:  0.0747 (best:  0.0743/ 0.0699)
>> epoch [ 142/1000], runtime:  3.64s, train err:  0.0777 (best:  0.0743/ 0.0699)
>> epoch [ 143/1000], runtime:  3.27s, train loss: 0.1123, train err:  0.0737, valid err:  0.0719
>> epoch [ 144/1000], runtime:  3.25s, train err:  0.0737 (best:  0.0743/ 0.0699)
>> epoch [ 145/1000], runtime:  3.59s, train loss: 0.1101, train err:  0.0750, valid err:  0.0759
>> epoch [ 146/1000], runtime:  3.32s, train err:  0.0751 (best:  0.0743/ 0.0699)
>> epoch [ 147/1000], runtime:  3.63s, train err:  0.0799 (best:  0.0743/ 0.0699)
>> epoch [ 148/1000], runtime:  3.66s, train err:  0.0742 (best:  0.0743/ 0.0699)
>> epoch [ 149/1000], runtime:  3.53s, train err:  0.0771 (best:  0.0743/ 0.0699)
>> epoch [ 150/1000], runtime:  3.62s, train err:  0.0748 (best:  0.0743/ 0.0699)
>> epoch [ 151/1000], runtime:  3.64s, train err:  0.0756 (best:  0.0743/ 0.0699)
>> epoch [ 152/1000], runtime:  3.67s, train err:  0.0764 (best:  0.0743/ 0.0699)
>> epoch [ 153/1000], runtime:  3.57s, train loss: 0.1112, train err:  0.0780, valid err:  0.0798
>> epoch [ 154/1000], runtime:  3.57s, train loss: 0.1124, train err:  0.0762, valid err:  0.0823
>> epoch [ 155/1000], runtime:  3.66s, train err:  0.0761 (best:  0.0743/ 0.0699)
>> epoch [ 156/1000], runtime:  3.18s, train loss: 0.1119, train err:  0.0734, valid err:  0.0845
>> epoch [ 157/1000], runtime:  3.35s, train err:  0.0769 (best:  0.0743/ 0.0699)
>> epoch [ 158/1000], runtime:  3.02s, train err:  0.0781 (best:  0.0743/ 0.0699)
>> epoch [ 159/1000], runtime:  3.23s, train err:  0.0828 (best:  0.0743/ 0.0699)
>> epoch [ 160/1000], runtime:  3.07s, train err:  0.0771 (best:  0.0743/ 0.0699)
----------------------------------------------------------------------------------------------------
----------------------------------------------------------------------------------------------------
>> ntrain: 200, lr: 0.001, gamma: 0.5, w_d: 0.0
>> Best train loss:  0.1124
>> Best train error:  0.0743
>> Best valid error:  0.0699
>> Best test error:  0.0736
>> Best epoch: 108
----------------------------------------------------------------------------------------------------
----------------------------------------------------------------------------------------------------
>> Training Completed!!
