PID: 114770
>> Device being used: cuda (NVIDIA GeForce RTX 4090)
Number of parameters for MGN: 1601
Total number of parameters: 200003
>> Preprocessing completed, time elapsed:  0.58s
>> ntrain: 200, lr: 0.001, gamma: 0.5, w_d: 0.0
>> epoch [   1/1000], runtime: 1.46s, train loss: 56.3948, train err: 1.0000, valid err:  1.0004,test err: 1.0004, best
>> epoch [   2/1000], runtime: 1.15s, train loss: 50.5509, train err: 1.0007, valid err:  1.0002,test err: 1.0003, best
>> epoch [   3/1000], runtime: 1.13s, train loss: 45.0784, train err: 0.9450, valid err:  0.6818,test err: 0.6951, best
>> epoch [   4/1000], runtime: 1.11s, train loss: 22.2029, train err: 0.6197, valid err:  0.6196,test err: 0.6152, best
>> epoch [   5/1000], runtime: 1.16s, train loss: 17.1271, train err: 0.5412, valid err:  0.5185,test err: 0.5345, best
>> epoch [   6/1000], runtime: 1.17s, train loss: 15.0343, train err: 0.5023, valid err:  0.4979,test err: 0.5121, best
>> epoch [   7/1000], runtime: 1.15s, train loss: 14.5734, train err: 0.4972, valid err:  0.4866,test err: 0.5013, best
>> epoch [   8/1000], runtime:  1.13s, train err:  0.5007 (best:  0.4972/ 0.4866)
>> epoch [   9/1000], runtime: 1.08s, train loss: 14.1895, train err: 0.4902, valid err:  0.4735,test err: 0.4871, best
>> epoch [  10/1000], runtime:  1.15s, train loss: 13.9859, train err:  0.4838, valid err:  0.4762
>> epoch [  11/1000], runtime:  1.22s, train loss: 13.9551, train err:  0.4847, valid err:  0.4827
>> epoch [  12/1000], runtime:  1.25s, train err:  0.4863 (best:  0.4902/ 0.4735)
>> epoch [  13/1000], runtime:  1.26s, train err:  0.4962 (best:  0.4902/ 0.4735)
>> epoch [  14/1000], runtime:  1.06s, train err:  0.4981 (best:  0.4902/ 0.4735)
>> epoch [  15/1000], runtime: 1.27s, train loss: 12.9357, train err: 0.4629, valid err:  0.4600,test err: 0.4742, best
>> epoch [  16/1000], runtime:  1.33s, train err:  0.4667 (best:  0.4629/ 0.4600)
>> epoch [  17/1000], runtime: 1.09s, train loss: 12.7334, train err: 0.4544, valid err:  0.4433,test err: 0.4556, best
>> epoch [  18/1000], runtime:  1.15s, train loss: 12.5190, train err:  0.4521, valid err:  0.4587
>> epoch [  19/1000], runtime: 1.15s, train loss: 12.5071, train err: 0.4501, valid err:  0.4316,test err: 0.4439, best
>> epoch [  20/1000], runtime:  1.16s, train loss: 11.9427, train err:  0.4352, valid err:  0.4569
>> epoch [  21/1000], runtime:  1.17s, train loss: 11.9253, train err:  0.4400, valid err:  0.4723
>> epoch [  22/1000], runtime: 1.15s, train loss: 11.3941, train err: 0.4269, valid err:  0.4274,test err: 0.4386, best
>> epoch [  23/1000], runtime: 1.18s, train loss: 10.7855, train err: 0.4128, valid err:  0.4062,test err: 0.4183, best
>> epoch [  24/1000], runtime: 1.35s, train loss: 10.3479, train err: 0.4019, valid err:  0.3886,test err: 0.3963, best
>> epoch [  25/1000], runtime: 1.31s, train loss: 9.8076, train err: 0.3907, valid err:  0.3775,test err: 0.3860, best
>> epoch [  26/1000], runtime: 1.34s, train loss: 9.5836, train err: 0.3804, valid err:  0.3642,test err: 0.3704, best
>> epoch [  27/1000], runtime: 1.31s, train loss: 8.7867, train err: 0.3609, valid err:  0.3639,test err: 0.3736, best
>> epoch [  28/1000], runtime: 1.38s, train loss: 8.4472, train err: 0.3527, valid err:  0.3516,test err: 0.3606, best
>> epoch [  29/1000], runtime: 1.36s, train loss: 7.9079, train err: 0.3352, valid err:  0.3378,test err: 0.3451, best
>> epoch [  30/1000], runtime: 1.37s, train loss: 7.5542, train err: 0.3253, valid err:  0.3114,test err: 0.3116, best
>> epoch [  31/1000], runtime: 1.36s, train loss: 7.1159, train err: 0.3132, valid err:  0.3034,test err: 0.3056, best
>> epoch [  32/1000], runtime: 1.37s, train loss: 6.6325, train err: 0.2956, valid err:  0.2890,test err: 0.2893, best
>> epoch [  33/1000], runtime: 1.38s, train loss: 6.2683, train err: 0.2835, valid err:  0.2755,test err: 0.2722, best
>> epoch [  34/1000], runtime: 1.13s, train loss: 5.9461, train err: 0.2727, valid err:  0.2607,test err: 0.2571, best
>> epoch [  35/1000], runtime: 1.17s, train loss: 5.6223, train err: 0.2591, valid err:  0.2490,test err: 0.2441, best
>> epoch [  36/1000], runtime: 1.17s, train loss: 5.4592, train err: 0.2522, valid err:  0.2487,test err: 0.2354, best
>> epoch [  37/1000], runtime: 1.16s, train loss: 5.1996, train err: 0.2395, valid err:  0.2319,test err: 0.2263, best
>> epoch [  38/1000], runtime: 1.13s, train loss: 5.0083, train err: 0.2319, valid err:  0.2252,test err: 0.2196, best
>> epoch [  39/1000], runtime: 1.10s, train loss: 4.9091, train err: 0.2264, valid err:  0.2186,test err: 0.2120, best
>> epoch [  40/1000], runtime: 1.16s, train loss: 4.7891, train err: 0.2192, valid err:  0.2143,test err: 0.2078, best
>> epoch [  41/1000], runtime: 1.15s, train loss: 4.7061, train err: 0.2146, valid err:  0.2142,test err: 0.2015, best
>> epoch [  42/1000], runtime: 1.22s, train loss: 4.6508, train err: 0.2103, valid err:  0.2050,test err: 0.1985, best
>> epoch [  43/1000], runtime: 1.29s, train loss: 4.5779, train err: 0.2067, valid err:  0.2020,test err: 0.1936, best
>> epoch [  44/1000], runtime: 1.31s, train loss: 4.5542, train err: 0.2040, valid err:  0.2010,test err: 0.1936, best
>> epoch [  45/1000], runtime:  1.31s, train err:  0.2038 (best:  0.2040/ 0.2010)
>> epoch [  46/1000], runtime: 1.06s, train loss: 4.5467, train err: 0.2020, valid err:  0.1971,test err: 0.1931, best
>> epoch [  47/1000], runtime: 1.16s, train loss: 4.5013, train err: 0.1993, valid err:  0.1920,test err: 0.1836, best
>> epoch [  48/1000], runtime:  1.15s, train err:  0.1999 (best:  0.1993/ 0.1920)
>> epoch [  49/1000], runtime: 1.24s, train loss: 4.4694, train err: 0.1951, valid err:  0.1911,test err: 0.1815, best
>> epoch [  50/1000], runtime:  1.26s, train loss: 4.4535, train err:  0.1950, valid err:  0.1955
>> epoch [  51/1000], runtime:  1.31s, train err:  0.1999 (best:  0.1951/ 0.1911)
>> epoch [  52/1000], runtime:  1.23s, train err:  0.2020 (best:  0.1951/ 0.1911)
>> epoch [  53/1000], runtime:  1.14s, train err:  0.1963 (best:  0.1951/ 0.1911)
>> epoch [  54/1000], runtime: 1.29s, train loss: 4.3610, train err: 0.1895, valid err:  0.1892,test err: 0.1787, best
>> epoch [  55/1000], runtime:  1.29s, train err:  0.1904 (best:  0.1895/ 0.1892)
>> epoch [  56/1000], runtime:  1.22s, train err:  0.1896 (best:  0.1895/ 0.1892)
>> epoch [  57/1000], runtime: 1.13s, train loss: 4.3479, train err: 0.1888, valid err:  0.1886,test err: 0.1773, best
>> epoch [  58/1000], runtime: 1.14s, train loss: 4.3339, train err: 0.1883, valid err:  0.1864,test err: 0.1758, best
>> epoch [  59/1000], runtime: 1.13s, train loss: 4.3338, train err: 0.1876, valid err:  0.1826,test err: 0.1726, best
>> epoch [  60/1000], runtime: 1.14s, train loss: 4.3298, train err: 0.1876, valid err:  0.1801,test err: 0.1730, best
>> epoch [  61/1000], runtime:  1.13s, train loss: 4.3001, train err:  0.1874, valid err:  0.1837
>> epoch [  62/1000], runtime: 1.18s, train loss: 4.3076, train err: 0.1869, valid err:  0.1798,test err: 0.1725, best
>> epoch [  63/1000], runtime: 1.15s, train loss: 4.2974, train err: 0.1869, valid err:  0.1798,test err: 0.1705, best
>> epoch [  64/1000], runtime:  1.15s, train loss: 4.2677, train err:  0.1859, valid err:  0.1806
>> epoch [  65/1000], runtime:  1.13s, train loss: 4.2890, train err:  0.1871, valid err:  0.1860
>> epoch [  66/1000], runtime:  1.12s, train err:  0.1878 (best:  0.1869/ 0.1798)
>> epoch [  67/1000], runtime:  1.23s, train loss: 4.2599, train err:  0.1847, valid err:  0.1942
>> epoch [  68/1000], runtime:  1.27s, train err:  0.1881 (best:  0.1869/ 0.1798)
>> epoch [  69/1000], runtime: 1.28s, train loss: 4.2246, train err: 0.1847, valid err:  0.1790,test err: 0.1702, best
>> epoch [  70/1000], runtime:  1.30s, train err:  0.1889 (best:  0.1847/ 0.1790)
>> epoch [  71/1000], runtime:  1.38s, train err:  0.1899 (best:  0.1847/ 0.1790)
>> epoch [  72/1000], runtime: 1.16s, train loss: 4.1791, train err: 0.1825, valid err:  0.1761,test err: 0.1685, best
>> epoch [  73/1000], runtime:  1.17s, train err:  0.1840 (best:  0.1825/ 0.1761)
>> epoch [  74/1000], runtime:  1.22s, train err:  0.1870 (best:  0.1825/ 0.1761)
>> epoch [  75/1000], runtime:  1.36s, train loss: 4.1667, train err:  0.1837, valid err:  0.1810
>> epoch [  76/1000], runtime:  1.36s, train err:  0.1850 (best:  0.1825/ 0.1761)
>> epoch [  77/1000], runtime:  1.38s, train loss: 4.1634, train err:  0.1832, valid err:  0.1969
>> epoch [  78/1000], runtime:  1.34s, train err:  0.1836 (best:  0.1825/ 0.1761)
>> epoch [  79/1000], runtime:  1.39s, train loss: 4.0970, train err:  0.1804, valid err:  0.1901
>> epoch [  80/1000], runtime:  1.17s, train err:  0.1867 (best:  0.1825/ 0.1761)
>> epoch [  81/1000], runtime: 1.34s, train loss: 4.1254, train err: 0.1817, valid err:  0.1734,test err: 0.1669, best
>> epoch [  82/1000], runtime:  1.34s, train loss: 4.0957, train err:  0.1810, valid err:  0.1756
>> epoch [  83/1000], runtime:  1.33s, train loss: 4.0776, train err:  0.1801, valid err:  0.1872
>> epoch [  84/1000], runtime: 1.31s, train loss: 4.1083, train err: 0.1806, valid err:  0.1721,test err: 0.1652, best
>> epoch [  85/1000], runtime:  1.34s, train loss: 4.0711, train err:  0.1805, valid err:  0.1721
>> epoch [  86/1000], runtime:  1.33s, train err:  0.1819 (best:  0.1806/ 0.1721)
>> epoch [  87/1000], runtime:  1.11s, train loss: 4.0921, train err:  0.1816, valid err:  0.1804
>> epoch [  88/1000], runtime:  1.15s, train err:  0.1865 (best:  0.1806/ 0.1721)
>> epoch [  89/1000], runtime: 1.19s, train loss: 4.0012, train err: 0.1776, valid err:  0.1710,test err: 0.1641, best
>> epoch [  90/1000], runtime:  1.22s, train err:  0.1787 (best:  0.1776/ 0.1710)
>> epoch [  91/1000], runtime:  1.34s, train loss: 3.9863, train err:  0.1765, valid err:  0.1758
>> epoch [  92/1000], runtime:  1.35s, train err:  0.1771 (best:  0.1776/ 0.1710)
>> epoch [  93/1000], runtime:  1.35s, train err:  0.1773 (best:  0.1776/ 0.1710)
>> epoch [  94/1000], runtime: 1.10s, train loss: 3.9795, train err: 0.1757, valid err:  0.1702,test err: 0.1640, best
>> epoch [  95/1000], runtime:  1.03s, train loss: 3.9450, train err:  0.1750, valid err:  0.1720
>> epoch [  96/1000], runtime: 1.14s, train loss: 3.9771, train err: 0.1780, valid err:  0.1694,test err: 0.1618, best
>> epoch [  97/1000], runtime:  1.10s, train err:  0.1785 (best:  0.1780/ 0.1694)
>> epoch [  98/1000], runtime:  1.25s, train err:  0.1779 (best:  0.1780/ 0.1694)
>> epoch [  99/1000], runtime: 1.23s, train loss: 3.8545, train err: 0.1717, valid err:  0.1693,test err: 0.1617, best
>> epoch [ 100/1000], runtime: 1.25s, train loss: 3.8451, train err: 0.1709, valid err:  0.1654,test err: 0.1591, best
>> epoch [ 101/1000], runtime: 1.28s, train loss: 3.8328, train err: 0.1705, valid err:  0.1652,test err: 0.1596, best
>> epoch [ 102/1000], runtime:  1.30s, train err:  0.1701 (best:  0.1705/ 0.1652)
>> epoch [ 103/1000], runtime:  1.12s, train loss: 3.7991, train err:  0.1691, valid err:  0.1654
>> epoch [ 104/1000], runtime:  1.17s, train loss: 3.8129, train err:  0.1696, valid err:  0.1657
>> epoch [ 105/1000], runtime: 1.12s, train loss: 3.7838, train err: 0.1684, valid err:  0.1643,test err: 0.1580, best
>> epoch [ 106/1000], runtime:  1.16s, train err:  0.1702 (best:  0.1684/ 0.1643)
>> epoch [ 107/1000], runtime:  1.16s, train err:  0.1688 (best:  0.1684/ 0.1643)
>> epoch [ 108/1000], runtime:  1.35s, train err:  0.1694 (best:  0.1684/ 0.1643)
>> epoch [ 109/1000], runtime: 1.14s, train loss: 3.7652, train err: 0.1672, valid err:  0.1619,test err: 0.1566, best
>> epoch [ 110/1000], runtime:  1.13s, train err:  0.1685 (best:  0.1672/ 0.1619)
>> epoch [ 111/1000], runtime:  1.35s, train err:  0.1674 (best:  0.1672/ 0.1619)
>> epoch [ 112/1000], runtime:  1.18s, train err:  0.1683 (best:  0.1672/ 0.1619)
>> epoch [ 113/1000], runtime: 1.35s, train loss: 3.7478, train err: 0.1664, valid err:  0.1614,test err: 0.1572, best
>> epoch [ 114/1000], runtime:  1.37s, train loss: 3.7443, train err:  0.1663, valid err:  0.1629
>> epoch [ 115/1000], runtime:  1.38s, train loss: 3.7061, train err:  0.1644, valid err:  0.1619
>> epoch [ 116/1000], runtime: 1.31s, train loss: 3.7013, train err: 0.1633, valid err:  0.1604,test err: 0.1557, best
>> epoch [ 117/1000], runtime:  1.31s, train err:  0.1657 (best:  0.1633/ 0.1604)
>> epoch [ 118/1000], runtime: 1.14s, train loss: 3.6832, train err: 0.1627, valid err:  0.1594,test err: 0.1560, best
>> epoch [ 119/1000], runtime:  1.23s, train err:  0.1633 (best:  0.1627/ 0.1594)
>> epoch [ 120/1000], runtime: 1.13s, train loss: 3.6701, train err: 0.1620, valid err:  0.1589,test err: 0.1545, best
>> epoch [ 121/1000], runtime:  1.14s, train err:  0.1628 (best:  0.1620/ 0.1589)
>> epoch [ 122/1000], runtime:  1.13s, train err:  0.1639 (best:  0.1620/ 0.1589)
>> epoch [ 123/1000], runtime:  1.28s, train err:  0.1659 (best:  0.1620/ 0.1589)
>> epoch [ 124/1000], runtime: 1.16s, train loss: 3.6625, train err: 0.1625, valid err:  0.1586,test err: 0.1565, best
>> epoch [ 125/1000], runtime:  1.37s, train err:  0.1621 (best:  0.1625/ 0.1586)
>> epoch [ 126/1000], runtime: 1.22s, train loss: 3.6448, train err: 0.1608, valid err:  0.1560,test err: 0.1510, best
>> epoch [ 127/1000], runtime: 1.29s, train loss: 3.6005, train err: 0.1576, valid err:  0.1554,test err: 0.1515, best
>> epoch [ 128/1000], runtime:  1.37s, train err:  0.1603 (best:  0.1576/ 0.1554)
>> epoch [ 129/1000], runtime:  1.34s, train err:  0.1586 (best:  0.1576/ 0.1554)
>> epoch [ 130/1000], runtime:  1.19s, train err:  0.1627 (best:  0.1576/ 0.1554)
>> epoch [ 131/1000], runtime:  1.38s, train err:  0.1580 (best:  0.1576/ 0.1554)
>> epoch [ 132/1000], runtime:  1.15s, train err:  0.1591 (best:  0.1576/ 0.1554)
>> epoch [ 133/1000], runtime:  1.35s, train err:  0.1636 (best:  0.1576/ 0.1554)
>> epoch [ 134/1000], runtime:  1.23s, train err:  0.1632 (best:  0.1576/ 0.1554)
>> epoch [ 135/1000], runtime:  1.14s, train err:  0.1616 (best:  0.1576/ 0.1554)
>> epoch [ 136/1000], runtime:  1.34s, train loss: 3.6001, train err:  0.1582, valid err:  0.1585
>> epoch [ 137/1000], runtime: 1.29s, train loss: 3.5975, train err: 0.1583, valid err:  0.1509,test err: 0.1478, best
>> epoch [ 138/1000], runtime:  1.30s, train err:  0.1570 (best:  0.1583/ 0.1509)
>> epoch [ 139/1000], runtime:  1.20s, train loss: 3.5080, train err:  0.1522, valid err:  0.1537
>> epoch [ 140/1000], runtime:  1.21s, train loss: 3.5517, train err:  0.1557, valid err:  0.1631
>> epoch [ 141/1000], runtime:  1.19s, train loss: 3.5874, train err:  0.1560, valid err:  0.1575
>> epoch [ 142/1000], runtime:  1.23s, train loss: 3.5285, train err:  0.1541, valid err:  0.1659
>> epoch [ 143/1000], runtime:  1.22s, train loss: 3.5536, train err:  0.1544, valid err:  0.1517
>> epoch [ 144/1000], runtime: 1.25s, train loss: 3.4962, train err: 0.1520, valid err:  0.1493,test err: 0.1458, best
>> epoch [ 145/1000], runtime:  1.30s, train err:  0.1523 (best:  0.1520/ 0.1493)
>> epoch [ 146/1000], runtime:  1.16s, train err:  0.1549 (best:  0.1520/ 0.1493)
>> epoch [ 147/1000], runtime:  1.20s, train loss: 3.4728, train err:  0.1495, valid err:  0.1499
>> epoch [ 148/1000], runtime: 1.23s, train loss: 3.4721, train err: 0.1495, valid err:  0.1460,test err: 0.1439, best
>> epoch [ 149/1000], runtime: 1.39s, train loss: 3.4580, train err: 0.1488, valid err:  0.1451,test err: 0.1431, best
>> epoch [ 150/1000], runtime:  1.17s, train err:  0.1526 (best:  0.1488/ 0.1451)
>> epoch [ 151/1000], runtime:  1.17s, train err:  0.1501 (best:  0.1488/ 0.1451)
>> epoch [ 152/1000], runtime: 1.34s, train loss: 3.4374, train err: 0.1470, valid err:  0.1450,test err: 0.1433, best
>> epoch [ 153/1000], runtime:  1.33s, train loss: 3.4337, train err:  0.1478, valid err:  0.1575
>> epoch [ 154/1000], runtime:  1.37s, train err:  0.1500 (best:  0.1470/ 0.1450)
>> epoch [ 155/1000], runtime:  1.12s, train loss: 3.3996, train err:  0.1458, valid err:  0.1451
>> epoch [ 156/1000], runtime: 1.13s, train loss: 3.4088, train err: 0.1467, valid err:  0.1431,test err: 0.1406, best
>> epoch [ 157/1000], runtime:  1.13s, train loss: 3.3628, train err:  0.1450, valid err:  0.1450
>> epoch [ 158/1000], runtime: 1.16s, train loss: 3.3568, train err: 0.1448, valid err:  0.1404,test err: 0.1386, best
>> epoch [ 159/1000], runtime: 1.13s, train loss: 3.2921, train err: 0.1422, valid err:  0.1373,test err: 0.1387, best
>> epoch [ 160/1000], runtime:  1.10s, train err:  0.1494 (best:  0.1422/ 0.1373)
>> epoch [ 161/1000], runtime:  1.17s, train err:  0.1439 (best:  0.1422/ 0.1373)
>> epoch [ 162/1000], runtime:  1.34s, train err:  0.1454 (best:  0.1422/ 0.1373)
>> epoch [ 163/1000], runtime:  1.37s, train err:  0.1429 (best:  0.1422/ 0.1373)
>> epoch [ 164/1000], runtime:  1.38s, train err:  0.1415 (best:  0.1422/ 0.1373)
>> epoch [ 165/1000], runtime:  1.37s, train err:  0.1429 (best:  0.1422/ 0.1373)
>> epoch [ 166/1000], runtime:  1.37s, train err:  0.1417 (best:  0.1422/ 0.1373)
>> epoch [ 167/1000], runtime:  1.39s, train err:  0.1480 (best:  0.1422/ 0.1373)
>> epoch [ 168/1000], runtime:  1.37s, train loss: 3.2797, train err:  0.1440, valid err:  0.1456
>> epoch [ 169/1000], runtime:  1.37s, train loss: 3.1608, train err:  0.1367, valid err:  0.1434
>> epoch [ 170/1000], runtime: 1.34s, train loss: 3.1808, train err: 0.1400, valid err:  0.1338,test err: 0.1319, best
>> epoch [ 171/1000], runtime: 1.35s, train loss: 3.0518, train err: 0.1332, valid err:  0.1312,test err: 0.1313, best
>> epoch [ 172/1000], runtime: 1.37s, train loss: 3.0107, train err: 0.1334, valid err:  0.1275,test err: 0.1266, best
>> epoch [ 173/1000], runtime: 1.38s, train loss: 2.8811, train err: 0.1295, valid err:  0.1237,test err: 0.1223, best
>> epoch [ 174/1000], runtime:  1.37s, train loss: 2.7175, train err:  0.1285, valid err:  0.1300
>> epoch [ 175/1000], runtime: 1.35s, train loss: 2.3521, train err: 0.1200, valid err:  0.1085,test err: 0.1050, best
>> epoch [ 176/1000], runtime:  1.15s, train loss: 2.3451, train err:  0.1289, valid err:  0.1680
>> epoch [ 177/1000], runtime:  1.12s, train loss: 2.2713, train err:  0.1210, valid err:  0.1187
>> epoch [ 178/1000], runtime:  1.14s, train loss: 2.1425, train err:  0.1165, valid err:  0.1130
>> epoch [ 179/1000], runtime:  1.12s, train loss: 2.1209, train err:  0.1176, valid err:  0.1268
>> epoch [ 180/1000], runtime:  1.14s, train loss: 2.1287, train err:  0.1179, valid err:  0.1130
>> epoch [ 181/1000], runtime:  1.15s, train loss: 2.0950, train err:  0.1165, valid err:  0.1169
>> epoch [ 182/1000], runtime:  1.22s, train loss: 2.0723, train err:  0.1151, valid err:  0.1106
>> epoch [ 183/1000], runtime:  1.33s, train loss: 2.0470, train err:  0.1132, valid err:  0.1119
>> epoch [ 184/1000], runtime:  1.05s, train loss: 2.0358, train err:  0.1124, valid err:  0.1136
>> epoch [ 185/1000], runtime:  1.14s, train loss: 2.0488, train err:  0.1145, valid err:  0.1110
>> epoch [ 186/1000], runtime:  1.34s, train loss: 2.0500, train err:  0.1137, valid err:  0.1132
>> epoch [ 187/1000], runtime:  1.14s, train loss: 2.0341, train err:  0.1131, valid err:  0.1100
>> epoch [ 188/1000], runtime:  1.13s, train loss: 2.0167, train err:  0.1131, valid err:  0.1104
>> epoch [ 189/1000], runtime:  1.06s, train loss: 2.0285, train err:  0.1124, valid err:  0.1108
>> epoch [ 190/1000], runtime:  1.09s, train loss: 2.0140, train err:  0.1127, valid err:  0.1089
>> epoch [ 191/1000], runtime:  1.16s, train loss: 2.0136, train err:  0.1122, valid err:  0.1181
>> epoch [ 192/1000], runtime:  1.24s, train loss: 2.0178, train err:  0.1130, valid err:  0.1091
>> epoch [ 193/1000], runtime:  1.33s, train loss: 2.0489, train err:  0.1146, valid err:  0.1095
>> epoch [ 194/1000], runtime:  1.33s, train loss: 2.0851, train err:  0.1178, valid err:  0.1095
>> epoch [ 195/1000], runtime:  1.34s, train loss: 2.0702, train err:  0.1178, valid err:  0.1101
>> epoch [ 196/1000], runtime:  1.31s, train loss: 2.0112, train err:  0.1131, valid err:  0.1154
>> epoch [ 197/1000], runtime:  1.32s, train loss: 2.0139, train err:  0.1136, valid err:  0.1134
>> epoch [ 198/1000], runtime:  1.32s, train loss: 2.0548, train err:  0.1163, valid err:  0.1284
>> epoch [ 199/1000], runtime:  1.26s, train loss: 2.0126, train err:  0.1149, valid err:  0.1098
>> epoch [ 200/1000], runtime: 1.37s, train loss: 1.9814, train err: 0.1107, valid err:  0.1069,test err: 0.1069, best
>> epoch [ 201/1000], runtime:  1.36s, train err:  0.1127 (best:  0.1107/ 0.1069)
>> epoch [ 202/1000], runtime:  1.02s, train loss: 1.9540, train err:  0.1098, valid err:  0.1072
>> epoch [ 203/1000], runtime:  1.10s, train loss: 1.9273, train err:  0.1079, valid err:  0.1106
>> epoch [ 204/1000], runtime:  1.13s, train loss: 1.9453, train err:  0.1079, valid err:  0.1092
>> epoch [ 205/1000], runtime:  1.34s, train loss: 1.9114, train err:  0.1064, valid err:  0.1074
>> epoch [ 206/1000], runtime: 1.38s, train loss: 1.9263, train err: 0.1078, valid err:  0.1066,test err: 0.1074, best
>> epoch [ 207/1000], runtime:  1.26s, train loss: 1.9236, train err:  0.1074, valid err:  0.1077
>> epoch [ 208/1000], runtime:  1.29s, train loss: 1.9095, train err:  0.1064, valid err:  0.1082
>> epoch [ 209/1000], runtime:  1.27s, train loss: 1.9031, train err:  0.1056, valid err:  0.1089
>> epoch [ 210/1000], runtime:  1.20s, train loss: 1.9148, train err:  0.1068, valid err:  0.1078
>> epoch [ 211/1000], runtime:  1.36s, train err:  0.1074 (best:  0.1078/ 0.1066)
>> epoch [ 212/1000], runtime:  1.20s, train loss: 1.9027, train err:  0.1064, valid err:  0.1066
>> epoch [ 213/1000], runtime:  1.40s, train loss: 1.8998, train err:  0.1060, valid err:  0.1110
>> epoch [ 214/1000], runtime: 1.13s, train loss: 1.8960, train err: 0.1047, valid err:  0.1051,test err: 0.1061, best
>> epoch [ 215/1000], runtime:  1.15s, train err:  0.1064 (best:  0.1047/ 0.1051)
>> epoch [ 216/1000], runtime:  1.22s, train err:  0.1143 (best:  0.1047/ 0.1051)
>> epoch [ 217/1000], runtime:  1.30s, train err:  0.1055 (best:  0.1047/ 0.1051)
>> epoch [ 218/1000], runtime:  1.17s, train err:  0.1072 (best:  0.1047/ 0.1051)
>> epoch [ 219/1000], runtime:  1.19s, train err:  0.1113 (best:  0.1047/ 0.1051)
>> epoch [ 220/1000], runtime:  1.30s, train err:  0.1082 (best:  0.1047/ 0.1051)
>> epoch [ 221/1000], runtime:  1.13s, train err:  0.1103 (best:  0.1047/ 0.1051)
>> epoch [ 222/1000], runtime:  1.20s, train err:  0.1062 (best:  0.1047/ 0.1051)
>> epoch [ 223/1000], runtime:  1.31s, train loss: 1.8697, train err:  0.1045, valid err:  0.1086
>> epoch [ 224/1000], runtime:  1.30s, train err:  0.1098 (best:  0.1047/ 0.1051)
>> epoch [ 225/1000], runtime: 1.17s, train loss: 1.8729, train err: 0.1045, valid err:  0.1047,test err: 0.1058, best
>> epoch [ 226/1000], runtime:  1.17s, train loss: 1.8703, train err:  0.1039, valid err:  0.1056
>> epoch [ 227/1000], runtime:  1.17s, train loss: 1.8700, train err:  0.1049, valid err:  0.1058
>> epoch [ 228/1000], runtime:  1.16s, train err:  0.1086 (best:  0.1045/ 0.1047)
>> epoch [ 229/1000], runtime:  1.18s, train err:  0.1115 (best:  0.1045/ 0.1047)
>> epoch [ 230/1000], runtime: 1.34s, train loss: 1.8678, train err: 0.1049, valid err:  0.1043,test err: 0.1059, best
>> epoch [ 231/1000], runtime:  1.31s, train loss: 1.8554, train err:  0.1036, valid err:  0.1051
>> epoch [ 232/1000], runtime: 1.31s, train loss: 1.8559, train err: 0.1036, valid err:  0.1037,test err: 0.1049, best
>> epoch [ 233/1000], runtime:  1.35s, train loss: 1.8503, train err:  0.1030, valid err:  0.1088
>> epoch [ 234/1000], runtime:  1.36s, train err:  0.1081 (best:  0.1036/ 0.1037)
>> epoch [ 235/1000], runtime:  1.12s, train loss: 1.8540, train err:  0.1045, valid err:  0.1060
>> epoch [ 236/1000], runtime:  1.11s, train loss: 1.8375, train err:  0.1029, valid err:  0.1038
>> epoch [ 237/1000], runtime: 1.14s, train loss: 1.8447, train err: 0.1032, valid err:  0.1037,test err: 0.1055, best
>> epoch [ 238/1000], runtime:  1.14s, train err:  0.1050 (best:  0.1032/ 0.1037)
>> epoch [ 239/1000], runtime:  1.17s, train err:  0.1044 (best:  0.1032/ 0.1037)
>> epoch [ 240/1000], runtime:  1.32s, train loss: 1.8429, train err:  0.1038, valid err:  0.1038
>> epoch [ 241/1000], runtime:  1.34s, train err:  0.1051 (best:  0.1032/ 0.1037)
>> epoch [ 242/1000], runtime:  1.37s, train err:  0.1035 (best:  0.1032/ 0.1037)
>> epoch [ 243/1000], runtime:  1.13s, train err:  0.1051 (best:  0.1032/ 0.1037)
>> epoch [ 244/1000], runtime:  1.17s, train loss: 1.8291, train err:  0.1028, valid err:  0.1104
>> epoch [ 245/1000], runtime:  1.17s, train err:  0.1063 (best:  0.1032/ 0.1037)
>> epoch [ 246/1000], runtime:  1.38s, train err:  0.1047 (best:  0.1032/ 0.1037)
>> epoch [ 247/1000], runtime: 1.14s, train loss: 1.8310, train err: 0.1033, valid err:  0.1035,test err: 0.1052, best
>> epoch [ 248/1000], runtime:  1.16s, train err:  0.1043 (best:  0.1033/ 0.1035)
>> epoch [ 249/1000], runtime:  1.14s, train err:  0.1051 (best:  0.1033/ 0.1035)
>> epoch [ 250/1000], runtime:  1.36s, train err:  0.1048 (best:  0.1033/ 0.1035)
>> epoch [ 251/1000], runtime:  1.08s, train err:  0.1034 (best:  0.1033/ 0.1035)
>> epoch [ 252/1000], runtime:  1.13s, train err:  0.1050 (best:  0.1033/ 0.1035)
>> epoch [ 253/1000], runtime:  1.22s, train loss: 1.8285, train err:  0.1040, valid err:  0.1059
>> epoch [ 254/1000], runtime:  1.22s, train err:  0.1062 (best:  0.1033/ 0.1035)
>> epoch [ 255/1000], runtime:  1.03s, train err:  0.1054 (best:  0.1033/ 0.1035)
>> epoch [ 256/1000], runtime:  1.33s, train err:  0.1083 (best:  0.1033/ 0.1035)
>> epoch [ 257/1000], runtime:  1.17s, train err:  0.1076 (best:  0.1033/ 0.1035)
>> epoch [ 258/1000], runtime:  1.37s, train loss: 1.7936, train err:  0.1023, valid err:  0.1045
>> epoch [ 259/1000], runtime: 1.15s, train loss: 1.8055, train err: 0.1035, valid err:  0.1027,test err: 0.1047, best
>> epoch [ 260/1000], runtime:  1.11s, train err:  0.1033 (best:  0.1035/ 0.1027)
>> epoch [ 261/1000], runtime:  1.36s, train loss: 1.7975, train err:  0.1026, valid err:  0.1110
>> epoch [ 262/1000], runtime:  1.35s, train loss: 1.7982, train err:  0.1028, valid err:  0.1033
>> epoch [ 263/1000], runtime:  1.15s, train loss: 1.7995, train err:  0.1032, valid err:  0.1133
>> epoch [ 264/1000], runtime:  1.15s, train err:  0.1059 (best:  0.1035/ 0.1027)
>> epoch [ 265/1000], runtime:  1.36s, train err:  0.1060 (best:  0.1035/ 0.1027)
>> epoch [ 266/1000], runtime:  1.16s, train err:  0.1070 (best:  0.1035/ 0.1027)
>> epoch [ 267/1000], runtime:  1.07s, train err:  0.1052 (best:  0.1035/ 0.1027)
>> epoch [ 268/1000], runtime: 1.29s, train loss: 1.7859, train err: 0.1026, valid err:  0.1027,test err: 0.1050, best
>> epoch [ 269/1000], runtime:  1.15s, train err:  0.1024 (best:  0.1026/ 0.1027)
>> epoch [ 270/1000], runtime:  1.34s, train err:  0.1030 (best:  0.1026/ 0.1027)
>> epoch [ 271/1000], runtime:  1.16s, train err:  0.1030 (best:  0.1026/ 0.1027)
>> epoch [ 272/1000], runtime:  1.36s, train err:  0.1038 (best:  0.1026/ 0.1027)
>> epoch [ 273/1000], runtime:  1.15s, train err:  0.1058 (best:  0.1026/ 0.1027)
>> epoch [ 274/1000], runtime:  1.37s, train err:  0.1043 (best:  0.1026/ 0.1027)
>> epoch [ 275/1000], runtime:  1.15s, train err:  0.1026 (best:  0.1026/ 0.1027)
>> epoch [ 276/1000], runtime:  1.15s, train loss: 1.7813, train err:  0.1022, valid err:  0.1038
>> epoch [ 277/1000], runtime:  1.16s, train loss: 1.7616, train err:  0.1016, valid err:  0.1029
>> epoch [ 278/1000], runtime:  1.17s, train loss: 1.7687, train err:  0.1014, valid err:  0.1090
>> epoch [ 279/1000], runtime:  1.16s, train loss: 1.7661, train err:  0.1030, valid err:  0.1027
>> epoch [ 280/1000], runtime:  1.11s, train loss: 1.7771, train err:  0.1026, valid err:  0.1081
>> epoch [ 281/1000], runtime:  1.12s, train loss: 1.7715, train err:  0.1023, valid err:  0.1067
>> epoch [ 282/1000], runtime:  1.22s, train err:  0.1079 (best:  0.1026/ 0.1027)
>> epoch [ 283/1000], runtime:  1.21s, train loss: 1.7804, train err:  0.1038, valid err:  0.1036
>> epoch [ 284/1000], runtime:  1.13s, train err:  0.1064 (best:  0.1026/ 0.1027)
>> epoch [ 285/1000], runtime:  1.18s, train err:  0.1048 (best:  0.1026/ 0.1027)
>> epoch [ 286/1000], runtime:  1.34s, train loss: 1.7738, train err:  0.1029, valid err:  0.1032
>> epoch [ 287/1000], runtime:  1.37s, train loss: 1.7605, train err:  0.1029, valid err:  0.1059
>> epoch [ 288/1000], runtime:  1.38s, train loss: 1.7805, train err:  0.1048, valid err:  0.1079
>> epoch [ 289/1000], runtime:  1.37s, train loss: 1.7715, train err:  0.1043, valid err:  0.1056
>> epoch [ 290/1000], runtime: 1.38s, train loss: 1.7658, train err: 0.1035, valid err:  0.1012,test err: 0.1031, best
>> epoch [ 291/1000], runtime:  1.37s, train loss: 1.7468, train err:  0.1020, valid err:  0.1038
>> epoch [ 292/1000], runtime:  1.16s, train err:  0.1112 (best:  0.1035/ 0.1012)
>> epoch [ 293/1000], runtime:  1.11s, train err:  0.1078 (best:  0.1035/ 0.1012)
>> epoch [ 294/1000], runtime:  1.35s, train loss: 1.7463, train err:  0.1020, valid err:  0.1051
>> epoch [ 295/1000], runtime:  1.38s, train loss: 1.7427, train err:  0.1025, valid err:  0.1017
>> epoch [ 296/1000], runtime:  1.38s, train err:  0.1047 (best:  0.1035/ 0.1012)
>> epoch [ 297/1000], runtime:  1.13s, train loss: 1.7316, train err:  0.1009, valid err:  0.1023
>> epoch [ 298/1000], runtime:  1.13s, train loss: 1.7463, train err:  0.1031, valid err:  0.1022
>> epoch [ 299/1000], runtime:  1.13s, train loss: 1.7353, train err:  0.1026, valid err:  0.1023
>> epoch [ 300/1000], runtime: 1.13s, train loss: 1.7251, train err: 0.1005, valid err:  0.1011,test err: 0.1034, best
>> epoch [ 301/1000], runtime:  1.13s, train loss: 1.7250, train err:  0.1010, valid err:  0.1020
>> epoch [ 302/1000], runtime:  1.14s, train err:  0.1029 (best:  0.1005/ 0.1011)
>> epoch [ 303/1000], runtime:  1.15s, train err:  0.1017 (best:  0.1005/ 0.1011)
>> epoch [ 304/1000], runtime:  1.34s, train loss: 1.7195, train err:  0.1011, valid err:  0.1035
>> epoch [ 305/1000], runtime:  1.34s, train err:  0.1012 (best:  0.1005/ 0.1011)
>> epoch [ 306/1000], runtime:  1.36s, train loss: 1.7155, train err:  0.1005, valid err:  0.1017
>> epoch [ 307/1000], runtime:  1.20s, train err:  0.1020 (best:  0.1005/ 0.1011)
>> epoch [ 308/1000], runtime:  1.35s, train loss: 1.7153, train err:  0.1014, valid err:  0.1046
>> epoch [ 309/1000], runtime:  1.35s, train err:  0.1036 (best:  0.1005/ 0.1011)
>> epoch [ 310/1000], runtime:  1.16s, train err:  0.1038 (best:  0.1005/ 0.1011)
>> epoch [ 311/1000], runtime:  1.17s, train err:  0.1018 (best:  0.1005/ 0.1011)
>> epoch [ 312/1000], runtime:  1.35s, train loss: 1.7129, train err:  0.1004, valid err:  0.1016
>> epoch [ 313/1000], runtime: 1.39s, train loss: 1.7209, train err: 0.1016, valid err:  0.1007,test err: 0.1034, best
>> epoch [ 314/1000], runtime:  1.37s, train loss: 1.6992, train err:  0.0997, valid err:  0.1039
>> epoch [ 315/1000], runtime:  1.36s, train loss: 1.6941, train err:  0.0999, valid err:  0.1017
>> epoch [ 316/1000], runtime:  1.37s, train err:  0.1026 (best:  0.1016/ 0.1007)
>> epoch [ 317/1000], runtime:  1.15s, train loss: 1.7072, train err:  0.1008, valid err:  0.1008
>> epoch [ 318/1000], runtime:  1.15s, train loss: 1.7066, train err:  0.1006, valid err:  0.1017
>> epoch [ 319/1000], runtime:  1.19s, train loss: 1.7107, train err:  0.1010, valid err:  0.1008
>> epoch [ 320/1000], runtime:  1.18s, train loss: 1.7154, train err:  0.1012, valid err:  0.1023
>> epoch [ 321/1000], runtime:  1.15s, train loss: 1.7074, train err:  0.1007, valid err:  0.1011
>> epoch [ 322/1000], runtime:  1.18s, train loss: 1.6965, train err:  0.1000, valid err:  0.1009
>> epoch [ 323/1000], runtime:  1.20s, train loss: 1.7012, train err:  0.1005, valid err:  0.1018
>> epoch [ 324/1000], runtime: 1.18s, train loss: 1.7066, train err: 0.1005, valid err:  0.1006,test err: 0.1037, best
>> epoch [ 325/1000], runtime:  1.21s, train loss: 1.6998, train err:  0.1010, valid err:  0.1008
>> epoch [ 326/1000], runtime:  1.18s, train err:  0.1019 (best:  0.1005/ 0.1006)
>> epoch [ 327/1000], runtime:  1.15s, train err:  0.1024 (best:  0.1005/ 0.1006)
>> epoch [ 328/1000], runtime:  1.32s, train err:  0.1023 (best:  0.1005/ 0.1006)
>> epoch [ 329/1000], runtime:  1.21s, train err:  0.1011 (best:  0.1005/ 0.1006)
>> epoch [ 330/1000], runtime:  1.14s, train loss: 1.7000, train err:  0.1008, valid err:  0.1012
>> epoch [ 331/1000], runtime:  1.17s, train loss: 1.6938, train err:  0.1007, valid err:  0.1007
>> epoch [ 332/1000], runtime:  1.37s, train loss: 1.6819, train err:  0.0997, valid err:  0.1014
>> epoch [ 333/1000], runtime:  1.34s, train loss: 1.7039, train err:  0.1013, valid err:  0.1009
>> epoch [ 334/1000], runtime:  1.35s, train loss: 1.6900, train err:  0.1002, valid err:  0.1008
>> epoch [ 335/1000], runtime: 1.31s, train loss: 1.6888, train err: 0.1000, valid err:  0.1005,test err: 0.1034, best
>> epoch [ 336/1000], runtime:  1.33s, train loss: 1.6840, train err:  0.1001, valid err:  0.1009
>> epoch [ 337/1000], runtime:  1.35s, train loss: 1.6866, train err:  0.1002, valid err:  0.1041
>> epoch [ 338/1000], runtime:  1.27s, train err:  0.1014 (best:  0.1000/ 0.1005)
>> epoch [ 339/1000], runtime:  1.36s, train err:  0.1008 (best:  0.1000/ 0.1005)
>> epoch [ 340/1000], runtime: 1.37s, train loss: 1.6792, train err: 0.1005, valid err:  0.1001,test err: 0.1032, best
>> epoch [ 341/1000], runtime:  1.33s, train loss: 1.6775, train err:  0.0995, valid err:  0.1031
>> epoch [ 342/1000], runtime:  1.33s, train err:  0.1006 (best:  0.1005/ 0.1001)
>> epoch [ 343/1000], runtime:  1.13s, train err:  0.0999 (best:  0.1005/ 0.1001)
>> epoch [ 344/1000], runtime:  1.38s, train err:  0.1002 (best:  0.1005/ 0.1001)
>> epoch [ 345/1000], runtime:  1.20s, train loss: 1.6701, train err:  0.0996, valid err:  0.1036
>> epoch [ 346/1000], runtime: 1.21s, train loss: 1.6735, train err: 0.0993, valid err:  0.0999,test err: 0.1027, best
>> epoch [ 347/1000], runtime:  1.24s, train loss: 1.6720, train err:  0.0997, valid err:  0.1018
>> epoch [ 348/1000], runtime:  1.26s, train err:  0.0993 (best:  0.0993/ 0.0999)
>> epoch [ 349/1000], runtime:  1.30s, train err:  0.0998 (best:  0.0993/ 0.0999)
>> epoch [ 350/1000], runtime:  1.15s, train err:  0.1001 (best:  0.0993/ 0.0999)
>> epoch [ 351/1000], runtime:  1.21s, train err:  0.1001 (best:  0.0993/ 0.0999)
>> epoch [ 352/1000], runtime:  1.24s, train loss: 1.6726, train err:  0.0996, valid err:  0.1005
>> epoch [ 353/1000], runtime:  1.24s, train err:  0.0998 (best:  0.0993/ 0.0999)
>> epoch [ 354/1000], runtime:  1.14s, train err:  0.1000 (best:  0.0993/ 0.0999)
>> epoch [ 355/1000], runtime:  1.27s, train err:  0.1006 (best:  0.0993/ 0.0999)
>> epoch [ 356/1000], runtime:  1.26s, train loss: 1.6602, train err:  0.0987, valid err:  0.1007
>> epoch [ 357/1000], runtime:  1.20s, train err:  0.1004 (best:  0.0993/ 0.0999)
>> epoch [ 358/1000], runtime:  1.36s, train loss: 1.6712, train err:  0.0999, valid err:  0.1032
>> epoch [ 359/1000], runtime:  1.29s, train err:  0.1012 (best:  0.0993/ 0.0999)
>> epoch [ 360/1000], runtime:  1.21s, train loss: 1.6715, train err:  0.0996, valid err:  0.1005
>> epoch [ 361/1000], runtime:  1.20s, train loss: 1.6670, train err:  0.1000, valid err:  0.1034
>> epoch [ 362/1000], runtime:  1.19s, train loss: 1.6728, train err:  0.1013, valid err:  0.1010
>> epoch [ 363/1000], runtime:  1.22s, train loss: 1.6678, train err:  0.1002, valid err:  0.1010
>> epoch [ 364/1000], runtime: 1.17s, train loss: 1.6590, train err: 0.0995, valid err:  0.0999,test err: 0.1032, best
>> epoch [ 365/1000], runtime:  1.14s, train loss: 1.6571, train err:  0.0991, valid err:  0.1003
>> epoch [ 366/1000], runtime:  1.15s, train err:  0.1002 (best:  0.0995/ 0.0999)
>> epoch [ 367/1000], runtime:  1.27s, train err:  0.1005 (best:  0.0995/ 0.0999)
>> epoch [ 368/1000], runtime:  1.22s, train err:  0.0991 (best:  0.0995/ 0.0999)
>> epoch [ 369/1000], runtime:  1.37s, train err:  0.1001 (best:  0.0995/ 0.0999)
>> epoch [ 370/1000], runtime:  1.13s, train err:  0.1003 (best:  0.0995/ 0.0999)
>> epoch [ 371/1000], runtime:  1.28s, train loss: 1.6497, train err:  0.0991, valid err:  0.1010
>> epoch [ 372/1000], runtime:  1.29s, train err:  0.0997 (best:  0.0995/ 0.0999)
>> epoch [ 373/1000], runtime:  1.16s, train err:  0.1009 (best:  0.0995/ 0.0999)
>> epoch [ 374/1000], runtime: 1.38s, train loss: 1.6473, train err: 0.0991, valid err:  0.0996,test err: 0.1028, best
>> epoch [ 375/1000], runtime:  1.17s, train err:  0.1002 (best:  0.0991/ 0.0996)
>> epoch [ 376/1000], runtime:  1.37s, train err:  0.1004 (best:  0.0991/ 0.0996)
>> epoch [ 377/1000], runtime:  1.37s, train err:  0.1006 (best:  0.0991/ 0.0996)
>> epoch [ 378/1000], runtime:  1.37s, train err:  0.1009 (best:  0.0991/ 0.0996)
>> epoch [ 379/1000], runtime:  1.11s, train err:  0.1016 (best:  0.0991/ 0.0996)
>> epoch [ 380/1000], runtime:  1.35s, train err:  0.1014 (best:  0.0991/ 0.0996)
>> epoch [ 381/1000], runtime:  1.18s, train err:  0.1006 (best:  0.0991/ 0.0996)
>> epoch [ 382/1000], runtime:  1.17s, train err:  0.0998 (best:  0.0991/ 0.0996)
>> epoch [ 383/1000], runtime:  1.36s, train loss: 1.6394, train err:  0.0995, valid err:  0.1007
>> epoch [ 384/1000], runtime:  1.04s, train err:  0.0999 (best:  0.0991/ 0.0996)
>> epoch [ 385/1000], runtime:  1.32s, train err:  0.1001 (best:  0.0991/ 0.0996)
>> epoch [ 386/1000], runtime:  1.13s, train err:  0.1001 (best:  0.0991/ 0.0996)
>> epoch [ 387/1000], runtime:  1.09s, train loss: 1.6435, train err:  0.0997, valid err:  0.1006
>> epoch [ 388/1000], runtime:  1.34s, train err:  0.1002 (best:  0.0991/ 0.0996)
>> epoch [ 389/1000], runtime:  1.13s, train loss: 1.6333, train err:  0.0991, valid err:  0.1023
>> epoch [ 390/1000], runtime:  1.32s, train loss: 1.6433, train err:  0.1000, valid err:  0.1019
>> epoch [ 391/1000], runtime:  1.14s, train loss: 1.6356, train err:  0.0992, valid err:  0.1017
>> epoch [ 392/1000], runtime:  1.13s, train loss: 1.6309, train err:  0.0991, valid err:  0.0998
>> epoch [ 393/1000], runtime: 1.38s, train loss: 1.6247, train err: 0.0987, valid err:  0.0992,test err: 0.1028, best
>> epoch [ 394/1000], runtime:  1.40s, train err:  0.0982 (best:  0.0987/ 0.0992)
>> epoch [ 395/1000], runtime:  1.38s, train err:  0.0998 (best:  0.0987/ 0.0992)
>> epoch [ 396/1000], runtime:  1.35s, train err:  0.0986 (best:  0.0987/ 0.0992)
>> epoch [ 397/1000], runtime:  1.20s, train err:  0.0989 (best:  0.0987/ 0.0992)
>> epoch [ 398/1000], runtime:  1.34s, train err:  0.0996 (best:  0.0987/ 0.0992)
>> epoch [ 399/1000], runtime:  1.09s, train err:  0.0994 (best:  0.0987/ 0.0992)
>> epoch [ 400/1000], runtime:  1.38s, train loss: 1.6229, train err:  0.0986, valid err:  0.1005
>> epoch [ 401/1000], runtime:  1.34s, train loss: 1.6205, train err:  0.0988, valid err:  0.1000
>> epoch [ 402/1000], runtime:  1.38s, train loss: 1.6223, train err:  0.0988, valid err:  0.0997
>> epoch [ 403/1000], runtime:  1.37s, train err:  0.0990 (best:  0.0987/ 0.0992)
>> epoch [ 404/1000], runtime:  1.14s, train err:  0.0989 (best:  0.0987/ 0.0992)
>> epoch [ 405/1000], runtime:  1.36s, train err:  0.0994 (best:  0.0987/ 0.0992)
>> epoch [ 406/1000], runtime:  1.18s, train loss: 1.6205, train err:  0.0986, valid err:  0.1011
>> epoch [ 407/1000], runtime:  1.19s, train err:  0.0990 (best:  0.0987/ 0.0992)
>> epoch [ 408/1000], runtime:  1.37s, train loss: 1.6180, train err:  0.0988, valid err:  0.1003
>> epoch [ 409/1000], runtime:  1.34s, train loss: 1.6127, train err:  0.0982, valid err:  0.0998
>> epoch [ 410/1000], runtime:  1.35s, train loss: 1.6199, train err:  0.0987, valid err:  0.1002
>> epoch [ 411/1000], runtime:  1.35s, train loss: 1.6175, train err:  0.0990, valid err:  0.0996
>> epoch [ 412/1000], runtime:  1.36s, train loss: 1.6178, train err:  0.0981, valid err:  0.0996
>> epoch [ 413/1000], runtime: 1.14s, train loss: 1.6230, train err: 0.0986, valid err:  0.0987,test err: 0.1023, best
>> epoch [ 414/1000], runtime:  1.08s, train err:  0.0994 (best:  0.0986/ 0.0987)
>> epoch [ 415/1000], runtime:  1.33s, train err:  0.0997 (best:  0.0986/ 0.0987)
>> epoch [ 416/1000], runtime:  1.13s, train loss: 1.6173, train err:  0.0989, valid err:  0.0993
>> epoch [ 417/1000], runtime: 1.10s, train loss: 1.6143, train err: 0.0985, valid err:  0.0985,test err: 0.1021, best
>> epoch [ 418/1000], runtime:  1.13s, train err:  0.0983 (best:  0.0985/ 0.0985)
>> epoch [ 419/1000], runtime:  1.16s, train loss: 1.6089, train err:  0.0982, valid err:  0.0988
>> epoch [ 420/1000], runtime:  1.19s, train err:  0.0994 (best:  0.0985/ 0.0985)
>> epoch [ 421/1000], runtime:  1.29s, train loss: 1.6114, train err:  0.0982, valid err:  0.0990
>> epoch [ 422/1000], runtime:  1.35s, train err:  0.1005 (best:  0.0985/ 0.0985)
>> epoch [ 423/1000], runtime:  1.18s, train err:  0.1003 (best:  0.0985/ 0.0985)
>> epoch [ 424/1000], runtime:  1.27s, train loss: 1.6095, train err:  0.0982, valid err:  0.1003
>> epoch [ 425/1000], runtime:  1.16s, train loss: 1.6082, train err:  0.0983, valid err:  0.0991
>> epoch [ 426/1000], runtime:  1.34s, train err:  0.0996 (best:  0.0985/ 0.0985)
>> epoch [ 427/1000], runtime:  1.23s, train err:  0.0990 (best:  0.0985/ 0.0985)
>> epoch [ 428/1000], runtime:  1.21s, train loss: 1.6050, train err:  0.0980, valid err:  0.0992
>> epoch [ 429/1000], runtime:  1.27s, train loss: 1.6087, train err:  0.0989, valid err:  0.0987
>> epoch [ 430/1000], runtime:  1.17s, train loss: 1.6076, train err:  0.0983, valid err:  0.0992
>> epoch [ 431/1000], runtime:  1.14s, train loss: 1.6138, train err:  0.0990, valid err:  0.0988
>> epoch [ 432/1000], runtime: 1.10s, train loss: 1.6125, train err: 0.0984, valid err:  0.0985,test err: 0.1022, best
>> epoch [ 433/1000], runtime:  1.38s, train loss: 1.5992, train err:  0.0977, valid err:  0.0989
>> epoch [ 434/1000], runtime:  1.38s, train err:  0.0994 (best:  0.0984/ 0.0985)
>> epoch [ 435/1000], runtime: 1.37s, train loss: 1.6005, train err: 0.0980, valid err:  0.0982,test err: 0.1018, best
>> epoch [ 436/1000], runtime:  1.39s, train err:  0.0983 (best:  0.0980/ 0.0982)
>> epoch [ 437/1000], runtime:  1.39s, train err:  0.0985 (best:  0.0980/ 0.0982)
>> epoch [ 438/1000], runtime:  1.15s, train err:  0.0981 (best:  0.0980/ 0.0982)
>> epoch [ 439/1000], runtime:  1.36s, train err:  0.0988 (best:  0.0980/ 0.0982)
>> epoch [ 440/1000], runtime:  1.35s, train err:  0.0996 (best:  0.0980/ 0.0982)
>> epoch [ 441/1000], runtime:  1.20s, train err:  0.0983 (best:  0.0980/ 0.0982)
>> epoch [ 442/1000], runtime:  1.16s, train err:  0.0981 (best:  0.0980/ 0.0982)
>> epoch [ 443/1000], runtime:  1.36s, train loss: 1.5948, train err:  0.0982, valid err:  0.0999
>> epoch [ 444/1000], runtime:  1.17s, train loss: 1.5992, train err:  0.0978, valid err:  0.0984
>> epoch [ 445/1000], runtime:  1.36s, train loss: 1.5955, train err:  0.0974, valid err:  0.1013
>> epoch [ 446/1000], runtime:  1.36s, train err:  0.0995 (best:  0.0980/ 0.0982)
>> epoch [ 447/1000], runtime:  1.18s, train loss: 1.5925, train err:  0.0974, valid err:  0.0991
>> epoch [ 448/1000], runtime:  1.37s, train err:  0.0993 (best:  0.0980/ 0.0982)
>> epoch [ 449/1000], runtime:  1.17s, train err:  0.0988 (best:  0.0980/ 0.0982)
>> epoch [ 450/1000], runtime: 1.34s, train loss: 1.5974, train err: 0.0978, valid err:  0.0982,test err: 0.1019, best
>> epoch [ 451/1000], runtime:  1.37s, train err:  0.0991 (best:  0.0978/ 0.0982)
>> epoch [ 452/1000], runtime:  1.38s, train err:  0.0983 (best:  0.0978/ 0.0982)
>> epoch [ 453/1000], runtime:  1.38s, train loss: 1.5933, train err:  0.0976, valid err:  0.0987
>> epoch [ 454/1000], runtime:  1.34s, train loss: 1.5941, train err:  0.0978, valid err:  0.1001
>> epoch [ 455/1000], runtime:  1.20s, train loss: 1.5970, train err:  0.0982, valid err:  0.0986
>> epoch [ 456/1000], runtime: 1.24s, train loss: 1.5892, train err: 0.0974, valid err:  0.0982,test err: 0.1018, best
>> epoch [ 457/1000], runtime:  1.37s, train err:  0.0987 (best:  0.0974/ 0.0982)
>> epoch [ 458/1000], runtime:  1.16s, train err:  0.0980 (best:  0.0974/ 0.0982)
>> epoch [ 459/1000], runtime:  1.34s, train err:  0.0978 (best:  0.0974/ 0.0982)
>> epoch [ 460/1000], runtime:  1.14s, train err:  0.0978 (best:  0.0974/ 0.0982)
>> epoch [ 461/1000], runtime:  1.37s, train err:  0.0984 (best:  0.0974/ 0.0982)
>> epoch [ 462/1000], runtime:  1.12s, train err:  0.0980 (best:  0.0974/ 0.0982)
>> epoch [ 463/1000], runtime:  1.32s, train err:  0.0989 (best:  0.0974/ 0.0982)
>> epoch [ 464/1000], runtime:  1.04s, train err:  0.0985 (best:  0.0974/ 0.0982)
>> epoch [ 465/1000], runtime:  1.19s, train loss: 1.5868, train err:  0.0974, valid err:  0.0982
>> epoch [ 466/1000], runtime:  1.27s, train loss: 1.5838, train err:  0.0978, valid err:  0.0993
>> epoch [ 467/1000], runtime:  1.27s, train err:  0.1000 (best:  0.0974/ 0.0982)
>> epoch [ 468/1000], runtime:  1.17s, train err:  0.1004 (best:  0.0974/ 0.0982)
>> epoch [ 469/1000], runtime:  1.07s, train err:  0.1004 (best:  0.0974/ 0.0982)
>> epoch [ 470/1000], runtime:  1.34s, train err:  0.0980 (best:  0.0974/ 0.0982)
>> epoch [ 471/1000], runtime:  1.05s, train loss: 1.5873, train err:  0.0983, valid err:  0.0983
>> epoch [ 472/1000], runtime:  1.36s, train loss: 1.5798, train err:  0.0978, valid err:  0.0985
>> epoch [ 473/1000], runtime:  1.35s, train loss: 1.5827, train err:  0.0974, valid err:  0.0999
>> epoch [ 474/1000], runtime: 1.17s, train loss: 1.5844, train err: 0.0977, valid err:  0.0981,test err: 0.1021, best
>> epoch [ 475/1000], runtime:  1.16s, train err:  0.0977 (best:  0.0977/ 0.0981)
>> epoch [ 476/1000], runtime:  1.20s, train loss: 1.5819, train err:  0.0975, valid err:  0.0987
>> epoch [ 477/1000], runtime:  1.28s, train loss: 1.5797, train err:  0.0976, valid err:  0.0981
>> epoch [ 478/1000], runtime:  1.35s, train err:  0.0977 (best:  0.0977/ 0.0981)
>> epoch [ 479/1000], runtime:  1.32s, train err:  0.0981 (best:  0.0977/ 0.0981)
>> epoch [ 480/1000], runtime:  1.06s, train loss: 1.5787, train err:  0.0977, valid err:  0.0981
>> epoch [ 481/1000], runtime:  1.02s, train loss: 1.5772, train err:  0.0972, valid err:  0.0990
>> epoch [ 482/1000], runtime:  1.01s, train loss: 1.5812, train err:  0.0980, valid err:  0.0990
>> epoch [ 483/1000], runtime: 1.32s, train loss: 1.5835, train err: 0.0978, valid err:  0.0979,test err: 0.1016, best
>> epoch [ 484/1000], runtime:  1.04s, train err:  0.0984 (best:  0.0978/ 0.0979)
>> epoch [ 485/1000], runtime:  1.16s, train err:  0.0987 (best:  0.0978/ 0.0979)
>> epoch [ 486/1000], runtime:  1.27s, train loss: 1.5800, train err:  0.0979, valid err:  0.0982
>> epoch [ 487/1000], runtime:  1.28s, train loss: 1.5716, train err:  0.0972, valid err:  0.0981
>> epoch [ 488/1000], runtime:  1.28s, train loss: 1.5779, train err:  0.0975, valid err:  0.0982
>> epoch [ 489/1000], runtime: 1.30s, train loss: 1.5710, train err: 0.0977, valid err:  0.0978,test err: 0.1017, best
>> epoch [ 490/1000], runtime:  1.34s, train err:  0.0980 (best:  0.0977/ 0.0978)
>> epoch [ 491/1000], runtime:  1.11s, train err:  0.0972 (best:  0.0977/ 0.0978)
>> epoch [ 492/1000], runtime:  1.19s, train err:  0.0981 (best:  0.0977/ 0.0978)
>> epoch [ 493/1000], runtime:  1.34s, train err:  0.0977 (best:  0.0977/ 0.0978)
>> epoch [ 494/1000], runtime:  1.14s, train err:  0.0975 (best:  0.0977/ 0.0978)
>> epoch [ 495/1000], runtime:  1.17s, train err:  0.0972 (best:  0.0977/ 0.0978)
>> epoch [ 496/1000], runtime:  1.34s, train loss: 1.5693, train err:  0.0974, valid err:  0.0982
>> epoch [ 497/1000], runtime:  1.35s, train err:  0.0975 (best:  0.0977/ 0.0978)
>> epoch [ 498/1000], runtime:  1.36s, train err:  0.0979 (best:  0.0977/ 0.0978)
>> epoch [ 499/1000], runtime:  1.36s, train err:  0.0980 (best:  0.0977/ 0.0978)
>> epoch [ 500/1000], runtime:  1.12s, train loss: 1.5709, train err:  0.0972, valid err:  0.0986
>> epoch [ 501/1000], runtime:  1.36s, train loss: 1.5702, train err:  0.0971, valid err:  0.0981
>> epoch [ 502/1000], runtime: 1.36s, train loss: 1.5684, train err: 0.0969, valid err:  0.0977,test err: 0.1017, best
>> epoch [ 503/1000], runtime:  1.05s, train err:  0.0972 (best:  0.0969/ 0.0977)
>> epoch [ 504/1000], runtime:  1.22s, train loss: 1.5671, train err:  0.0973, valid err:  0.0979
>> epoch [ 505/1000], runtime:  1.35s, train err:  0.0975 (best:  0.0969/ 0.0977)
>> epoch [ 506/1000], runtime:  1.38s, train err:  0.0974 (best:  0.0969/ 0.0977)
>> epoch [ 507/1000], runtime:  1.26s, train err:  0.0971 (best:  0.0969/ 0.0977)
>> epoch [ 508/1000], runtime:  1.26s, train loss: 1.5632, train err:  0.0971, valid err:  0.0980
>> epoch [ 509/1000], runtime:  1.27s, train err:  0.0975 (best:  0.0969/ 0.0977)
>> epoch [ 510/1000], runtime:  1.15s, train err:  0.0974 (best:  0.0969/ 0.0977)
>> epoch [ 511/1000], runtime:  1.24s, train loss: 1.5675, train err:  0.0971, valid err:  0.0984
>> epoch [ 512/1000], runtime:  1.38s, train loss: 1.5621, train err:  0.0972, valid err:  0.0982
>> epoch [ 513/1000], runtime:  1.36s, train loss: 1.5652, train err:  0.0970, valid err:  0.0978
>> epoch [ 514/1000], runtime:  1.24s, train err:  0.0973 (best:  0.0969/ 0.0977)
>> epoch [ 515/1000], runtime:  1.18s, train err:  0.0975 (best:  0.0969/ 0.0977)
>> epoch [ 516/1000], runtime:  1.37s, train err:  0.0977 (best:  0.0969/ 0.0977)
>> epoch [ 517/1000], runtime: 1.25s, train loss: 1.5628, train err: 0.0969, valid err:  0.0976,test err: 0.1014, best
>> epoch [ 518/1000], runtime:  1.31s, train err:  0.0979 (best:  0.0969/ 0.0976)
>> epoch [ 519/1000], runtime:  1.17s, train err:  0.0975 (best:  0.0969/ 0.0976)
>> epoch [ 520/1000], runtime:  1.15s, train loss: 1.5596, train err:  0.0969, valid err:  0.0976
>> epoch [ 521/1000], runtime:  1.13s, train loss: 1.5558, train err:  0.0972, valid err:  0.0983
>> epoch [ 522/1000], runtime:  1.14s, train err:  0.0976 (best:  0.0969/ 0.0976)
>> epoch [ 523/1000], runtime:  1.24s, train err:  0.0970 (best:  0.0969/ 0.0976)
>> epoch [ 524/1000], runtime:  1.23s, train err:  0.0974 (best:  0.0969/ 0.0976)
>> epoch [ 525/1000], runtime:  1.36s, train loss: 1.5613, train err:  0.0976, valid err:  0.1011
>> epoch [ 526/1000], runtime:  1.35s, train err:  0.0974 (best:  0.0969/ 0.0976)
>> epoch [ 527/1000], runtime:  1.18s, train loss: 1.5609, train err:  0.0968, valid err:  0.0977
>> epoch [ 528/1000], runtime: 1.27s, train loss: 1.5591, train err: 0.0971, valid err:  0.0976,test err: 0.1017, best
>> epoch [ 529/1000], runtime:  1.34s, train err:  0.0972 (best:  0.0971/ 0.0976)
>> epoch [ 530/1000], runtime:  1.24s, train err:  0.0976 (best:  0.0971/ 0.0976)
>> epoch [ 531/1000], runtime:  1.11s, train err:  0.0974 (best:  0.0971/ 0.0976)
>> epoch [ 532/1000], runtime:  1.14s, train err:  0.0976 (best:  0.0971/ 0.0976)
>> epoch [ 533/1000], runtime:  1.35s, train loss: 1.5566, train err:  0.0971, valid err:  0.0981
>> epoch [ 534/1000], runtime:  1.37s, train err:  0.0970 (best:  0.0971/ 0.0976)
>> epoch [ 535/1000], runtime:  1.39s, train err:  0.0970 (best:  0.0971/ 0.0976)
>> epoch [ 536/1000], runtime:  1.38s, train err:  0.0970 (best:  0.0971/ 0.0976)
>> epoch [ 537/1000], runtime:  1.38s, train err:  0.0979 (best:  0.0971/ 0.0976)
>> epoch [ 538/1000], runtime:  1.17s, train err:  0.0967 (best:  0.0971/ 0.0976)
>> epoch [ 539/1000], runtime:  1.37s, train err:  0.0976 (best:  0.0971/ 0.0976)
>> epoch [ 540/1000], runtime:  1.12s, train loss: 1.5568, train err:  0.0968, valid err:  0.0976
>> epoch [ 541/1000], runtime:  1.13s, train loss: 1.5588, train err:  0.0970, valid err:  0.0980
>> epoch [ 542/1000], runtime:  1.09s, train loss: 1.5555, train err:  0.0969, valid err:  0.0977
>> epoch [ 543/1000], runtime: 1.13s, train loss: 1.5569, train err: 0.0967, valid err:  0.0975,test err: 0.1017, best
>> epoch [ 544/1000], runtime:  1.38s, train err:  0.0971 (best:  0.0967/ 0.0975)
>> epoch [ 545/1000], runtime:  1.36s, train err:  0.0967 (best:  0.0967/ 0.0975)
>> epoch [ 546/1000], runtime:  1.36s, train loss: 1.5526, train err:  0.0968, valid err:  0.0977
>> epoch [ 547/1000], runtime:  1.37s, train err:  0.0967 (best:  0.0967/ 0.0975)
>> epoch [ 548/1000], runtime:  1.37s, train err:  0.0974 (best:  0.0967/ 0.0975)
>> epoch [ 549/1000], runtime: 1.13s, train loss: 1.5566, train err: 0.0966, valid err:  0.0975,test err: 0.1016, best
>> epoch [ 550/1000], runtime:  1.14s, train err:  0.0975 (best:  0.0966/ 0.0975)
>> epoch [ 551/1000], runtime:  1.18s, train err:  0.0975 (best:  0.0966/ 0.0975)
>> epoch [ 552/1000], runtime:  1.31s, train err:  0.0973 (best:  0.0966/ 0.0975)
>> epoch [ 553/1000], runtime:  1.14s, train err:  0.0972 (best:  0.0966/ 0.0975)
>> epoch [ 554/1000], runtime:  1.37s, train loss: 1.5558, train err:  0.0970, valid err:  0.0976
>> epoch [ 555/1000], runtime: 1.34s, train loss: 1.5510, train err: 0.0966, valid err:  0.0973,test err: 0.1014, best
>> epoch [ 556/1000], runtime:  1.35s, train err:  0.0977 (best:  0.0966/ 0.0973)
>> epoch [ 557/1000], runtime:  1.23s, train err:  0.0969 (best:  0.0966/ 0.0973)
>> epoch [ 558/1000], runtime:  1.18s, train err:  0.0969 (best:  0.0966/ 0.0973)
>> epoch [ 559/1000], runtime:  1.37s, train err:  0.0972 (best:  0.0966/ 0.0973)
>> epoch [ 560/1000], runtime:  1.36s, train loss: 1.5501, train err:  0.0964, valid err:  0.0975
>> epoch [ 561/1000], runtime:  1.30s, train err:  0.0971 (best:  0.0966/ 0.0973)
>> epoch [ 562/1000], runtime:  1.22s, train err:  0.0969 (best:  0.0966/ 0.0973)
>> epoch [ 563/1000], runtime:  1.13s, train err:  0.0985 (best:  0.0966/ 0.0973)
>> epoch [ 564/1000], runtime:  1.38s, train err:  0.0977 (best:  0.0966/ 0.0973)
>> epoch [ 565/1000], runtime:  1.31s, train err:  0.0974 (best:  0.0966/ 0.0973)
>> epoch [ 566/1000], runtime:  1.23s, train err:  0.0969 (best:  0.0966/ 0.0973)
>> epoch [ 567/1000], runtime:  1.10s, train err:  0.0968 (best:  0.0966/ 0.0973)
>> epoch [ 568/1000], runtime:  1.31s, train loss: 1.5468, train err:  0.0967, valid err:  0.0974
>> epoch [ 569/1000], runtime:  1.33s, train loss: 1.5495, train err:  0.0969, valid err:  0.0991
>> epoch [ 570/1000], runtime:  1.34s, train err:  0.0968 (best:  0.0966/ 0.0973)
>> epoch [ 571/1000], runtime:  1.08s, train err:  0.0968 (best:  0.0966/ 0.0973)
>> epoch [ 572/1000], runtime:  1.15s, train err:  0.0969 (best:  0.0966/ 0.0973)
>> epoch [ 573/1000], runtime:  1.26s, train err:  0.0967 (best:  0.0966/ 0.0973)
>> epoch [ 574/1000], runtime:  1.13s, train err:  0.0977 (best:  0.0966/ 0.0973)
>> epoch [ 575/1000], runtime: 1.24s, train loss: 1.5503, train err: 0.0970, valid err:  0.0973,test err: 0.1014, best
>> epoch [ 576/1000], runtime:  1.26s, train err:  0.0970 (best:  0.0970/ 0.0973)
>> epoch [ 577/1000], runtime:  1.26s, train err:  0.0970 (best:  0.0970/ 0.0973)
>> epoch [ 578/1000], runtime: 1.37s, train loss: 1.5493, train err: 0.0968, valid err:  0.0973,test err: 0.1015, best
>> epoch [ 579/1000], runtime:  1.24s, train loss: 1.5469, train err:  0.0965, valid err:  0.0977
>> epoch [ 580/1000], runtime:  1.27s, train loss: 1.5466, train err:  0.0967, valid err:  0.0976
>> epoch [ 581/1000], runtime:  1.24s, train err:  0.0974 (best:  0.0968/ 0.0973)
>> epoch [ 582/1000], runtime:  1.17s, train err:  0.0970 (best:  0.0968/ 0.0973)
>> epoch [ 583/1000], runtime:  1.27s, train err:  0.0965 (best:  0.0968/ 0.0973)
>> epoch [ 584/1000], runtime:  1.28s, train loss: 1.5480, train err:  0.0968, valid err:  0.0979
>> epoch [ 585/1000], runtime:  1.26s, train loss: 1.5484, train err:  0.0969, valid err:  0.0978
>> epoch [ 586/1000], runtime:  1.30s, train loss: 1.5449, train err:  0.0964, valid err:  0.0974
>> epoch [ 587/1000], runtime:  1.31s, train err:  0.0976 (best:  0.0968/ 0.0973)
>> epoch [ 588/1000], runtime:  1.12s, train err:  0.0969 (best:  0.0968/ 0.0973)
>> epoch [ 589/1000], runtime:  1.18s, train loss: 1.5457, train err:  0.0967, valid err:  0.0979
>> epoch [ 590/1000], runtime:  1.14s, train err:  0.0968 (best:  0.0968/ 0.0973)
>> epoch [ 591/1000], runtime:  1.31s, train err:  0.0980 (best:  0.0968/ 0.0973)
>> epoch [ 592/1000], runtime:  1.19s, train loss: 1.5483, train err:  0.0970, valid err:  0.0984
>> epoch [ 593/1000], runtime: 1.20s, train loss: 1.5479, train err: 0.0969, valid err:  0.0972,test err: 0.1015, best
>> epoch [ 594/1000], runtime: 1.24s, train loss: 1.5413, train err: 0.0968, valid err:  0.0971,test err: 0.1014, best
>> epoch [ 595/1000], runtime:  1.31s, train err:  0.0967 (best:  0.0968/ 0.0971)
>> epoch [ 596/1000], runtime:  1.13s, train err:  0.0967 (best:  0.0968/ 0.0971)
>> epoch [ 597/1000], runtime:  1.19s, train err:  0.0976 (best:  0.0968/ 0.0971)
>> epoch [ 598/1000], runtime:  1.31s, train err:  0.0968 (best:  0.0968/ 0.0971)
>> epoch [ 599/1000], runtime:  1.15s, train err:  0.0972 (best:  0.0968/ 0.0971)
>> epoch [ 600/1000], runtime:  1.11s, train err:  0.0981 (best:  0.0968/ 0.0971)
>> epoch [ 601/1000], runtime:  1.38s, train err:  0.0969 (best:  0.0968/ 0.0971)
>> epoch [ 602/1000], runtime:  1.14s, train err:  0.0967 (best:  0.0968/ 0.0971)
>> epoch [ 603/1000], runtime:  1.15s, train err:  0.0964 (best:  0.0968/ 0.0971)
>> epoch [ 604/1000], runtime: 1.34s, train loss: 1.5353, train err: 0.0963, valid err:  0.0971,test err: 0.1012, best
>> epoch [ 605/1000], runtime:  1.32s, train err:  0.0966 (best:  0.0963/ 0.0971)
>> epoch [ 606/1000], runtime:  1.15s, train err:  0.0965 (best:  0.0963/ 0.0971)
>> epoch [ 607/1000], runtime:  1.15s, train err:  0.0964 (best:  0.0963/ 0.0971)
>> epoch [ 608/1000], runtime:  1.30s, train err:  0.0966 (best:  0.0963/ 0.0971)
>> epoch [ 609/1000], runtime:  1.19s, train err:  0.0965 (best:  0.0963/ 0.0971)
>> epoch [ 610/1000], runtime:  1.17s, train err:  0.0964 (best:  0.0963/ 0.0971)
>> epoch [ 611/1000], runtime:  1.28s, train err:  0.0968 (best:  0.0963/ 0.0971)
>> epoch [ 612/1000], runtime:  1.17s, train err:  0.0966 (best:  0.0963/ 0.0971)
>> epoch [ 613/1000], runtime:  1.03s, train err:  0.0965 (best:  0.0963/ 0.0971)
>> epoch [ 614/1000], runtime:  1.34s, train err:  0.0966 (best:  0.0963/ 0.0971)
>> epoch [ 615/1000], runtime:  1.06s, train err:  0.0964 (best:  0.0963/ 0.0971)
>> epoch [ 616/1000], runtime:  1.13s, train err:  0.0964 (best:  0.0963/ 0.0971)
>> epoch [ 617/1000], runtime:  1.26s, train err:  0.0966 (best:  0.0963/ 0.0971)
>> epoch [ 618/1000], runtime:  1.13s, train err:  0.0966 (best:  0.0963/ 0.0971)
>> epoch [ 619/1000], runtime:  1.20s, train err:  0.0965 (best:  0.0963/ 0.0971)
>> epoch [ 620/1000], runtime:  1.26s, train err:  0.0964 (best:  0.0963/ 0.0971)
>> epoch [ 621/1000], runtime:  1.13s, train err:  0.0964 (best:  0.0963/ 0.0971)
>> epoch [ 622/1000], runtime:  1.23s, train err:  0.0965 (best:  0.0963/ 0.0971)
>> epoch [ 623/1000], runtime:  1.25s, train err:  0.0964 (best:  0.0963/ 0.0971)
>> epoch [ 624/1000], runtime:  1.17s, train err:  0.0966 (best:  0.0963/ 0.0971)
>> epoch [ 625/1000], runtime:  1.22s, train err:  0.0965 (best:  0.0963/ 0.0971)
>> epoch [ 626/1000], runtime:  1.30s, train err:  0.0963 (best:  0.0963/ 0.0971)
>> epoch [ 627/1000], runtime:  1.14s, train err:  0.0965 (best:  0.0963/ 0.0971)
>> epoch [ 628/1000], runtime:  1.21s, train err:  0.0963 (best:  0.0963/ 0.0971)
>> epoch [ 629/1000], runtime:  1.33s, train err:  0.0966 (best:  0.0963/ 0.0971)
>> epoch [ 630/1000], runtime:  1.12s, train err:  0.0964 (best:  0.0963/ 0.0971)
>> epoch [ 631/1000], runtime: 1.23s, train loss: 1.5336, train err: 0.0964, valid err:  0.0970,test err: 0.1013, best
>> epoch [ 632/1000], runtime:  1.24s, train err:  0.0964 (best:  0.0964/ 0.0970)
>> epoch [ 633/1000], runtime:  1.30s, train err:  0.0964 (best:  0.0964/ 0.0970)
>> epoch [ 634/1000], runtime:  1.15s, train err:  0.0962 (best:  0.0964/ 0.0970)
>> epoch [ 635/1000], runtime:  1.22s, train err:  0.0966 (best:  0.0964/ 0.0970)
>> epoch [ 636/1000], runtime:  1.28s, train err:  0.0976 (best:  0.0964/ 0.0970)
>> epoch [ 637/1000], runtime:  1.13s, train err:  0.0970 (best:  0.0964/ 0.0970)
>> epoch [ 638/1000], runtime:  1.23s, train err:  0.0966 (best:  0.0964/ 0.0970)
>> epoch [ 639/1000], runtime:  1.30s, train err:  0.0964 (best:  0.0964/ 0.0970)
>> epoch [ 640/1000], runtime:  1.11s, train err:  0.0966 (best:  0.0964/ 0.0970)
>> epoch [ 641/1000], runtime:  1.24s, train err:  0.0964 (best:  0.0964/ 0.0970)
>> epoch [ 642/1000], runtime:  1.30s, train err:  0.0964 (best:  0.0964/ 0.0970)
>> epoch [ 643/1000], runtime:  1.16s, train err:  0.0967 (best:  0.0964/ 0.0970)
>> epoch [ 644/1000], runtime:  1.18s, train err:  0.0962 (best:  0.0964/ 0.0970)
>> epoch [ 645/1000], runtime:  1.27s, train err:  0.0966 (best:  0.0964/ 0.0970)
>> epoch [ 646/1000], runtime:  0.86s, train err:  0.0967 (best:  0.0964/ 0.0970)
>> epoch [ 647/1000], runtime:  0.72s, train err:  0.0963 (best:  0.0964/ 0.0970)
>> epoch [ 648/1000], runtime:  0.72s, train err:  0.0965 (best:  0.0964/ 0.0970)
>> epoch [ 649/1000], runtime:  0.72s, train err:  0.0963 (best:  0.0964/ 0.0970)
>> epoch [ 650/1000], runtime:  0.72s, train err:  0.0965 (best:  0.0964/ 0.0970)
>> epoch [ 651/1000], runtime:  0.75s, train err:  0.0962 (best:  0.0964/ 0.0970)
>> epoch [ 652/1000], runtime:  0.74s, train err:  0.0965 (best:  0.0964/ 0.0970)
>> epoch [ 653/1000], runtime:  0.76s, train err:  0.0969 (best:  0.0964/ 0.0970)
>> epoch [ 654/1000], runtime:  0.74s, train err:  0.0968 (best:  0.0964/ 0.0970)
>> epoch [ 655/1000], runtime:  0.75s, train err:  0.0965 (best:  0.0964/ 0.0970)
>> epoch [ 656/1000], runtime:  0.76s, train err:  0.0970 (best:  0.0964/ 0.0970)
>> epoch [ 657/1000], runtime:  0.75s, train err:  0.0963 (best:  0.0964/ 0.0970)
>> epoch [ 658/1000], runtime:  0.75s, train err:  0.0963 (best:  0.0964/ 0.0970)
>> epoch [ 659/1000], runtime:  0.75s, train err:  0.0964 (best:  0.0964/ 0.0970)
>> epoch [ 660/1000], runtime:  0.75s, train loss: 1.5323, train err:  0.0963, valid err:  0.0971
>> epoch [ 661/1000], runtime:  0.77s, train err:  0.0965 (best:  0.0964/ 0.0970)
>> epoch [ 662/1000], runtime:  0.79s, train err:  0.0963 (best:  0.0964/ 0.0970)
>> epoch [ 663/1000], runtime:  0.78s, train loss: 1.5336, train err:  0.0964, valid err:  0.0971
>> epoch [ 664/1000], runtime:  0.78s, train err:  0.0963 (best:  0.0964/ 0.0970)
>> epoch [ 665/1000], runtime:  0.77s, train loss: 1.5298, train err:  0.0962, valid err:  0.0971
>> epoch [ 666/1000], runtime:  0.78s, train err:  0.0964 (best:  0.0964/ 0.0970)
>> epoch [ 667/1000], runtime:  0.77s, train err:  0.0964 (best:  0.0964/ 0.0970)
>> epoch [ 668/1000], runtime:  0.78s, train err:  0.0963 (best:  0.0964/ 0.0970)
>> epoch [ 669/1000], runtime:  0.78s, train err:  0.0964 (best:  0.0964/ 0.0970)
>> epoch [ 670/1000], runtime:  0.78s, train loss: 1.5331, train err:  0.0967, valid err:  0.0971
>> epoch [ 671/1000], runtime:  0.78s, train loss: 1.5301, train err:  0.0964, valid err:  0.0975
>> epoch [ 672/1000], runtime: 0.78s, train loss: 1.5280, train err: 0.0960, valid err:  0.0969,test err: 0.1012, best
>> epoch [ 673/1000], runtime:  0.78s, train err:  0.0964 (best:  0.0960/ 0.0969)
>> epoch [ 674/1000], runtime:  0.78s, train err:  0.0963 (best:  0.0960/ 0.0969)
>> epoch [ 675/1000], runtime:  0.78s, train err:  0.0967 (best:  0.0960/ 0.0969)
>> epoch [ 676/1000], runtime:  0.74s, train err:  0.0962 (best:  0.0960/ 0.0969)
>> epoch [ 677/1000], runtime:  0.77s, train err:  0.0964 (best:  0.0960/ 0.0969)
>> epoch [ 678/1000], runtime:  0.75s, train err:  0.0964 (best:  0.0960/ 0.0969)
>> epoch [ 679/1000], runtime:  0.77s, train err:  0.0964 (best:  0.0960/ 0.0969)
>> epoch [ 680/1000], runtime:  0.77s, train err:  0.0961 (best:  0.0960/ 0.0969)
>> epoch [ 681/1000], runtime:  0.77s, train err:  0.0966 (best:  0.0960/ 0.0969)
>> epoch [ 682/1000], runtime:  0.74s, train err:  0.0962 (best:  0.0960/ 0.0969)
>> epoch [ 683/1000], runtime:  0.75s, train err:  0.0963 (best:  0.0960/ 0.0969)
>> epoch [ 684/1000], runtime:  0.74s, train err:  0.0966 (best:  0.0960/ 0.0969)
>> epoch [ 685/1000], runtime:  0.74s, train err:  0.0974 (best:  0.0960/ 0.0969)
>> epoch [ 686/1000], runtime:  0.75s, train err:  0.0962 (best:  0.0960/ 0.0969)
>> epoch [ 687/1000], runtime:  0.74s, train err:  0.0976 (best:  0.0960/ 0.0969)
>> epoch [ 688/1000], runtime:  0.75s, train err:  0.0966 (best:  0.0960/ 0.0969)
>> epoch [ 689/1000], runtime:  0.77s, train err:  0.0969 (best:  0.0960/ 0.0969)
>> epoch [ 690/1000], runtime:  0.79s, train err:  0.0966 (best:  0.0960/ 0.0969)
>> epoch [ 691/1000], runtime:  0.78s, train err:  0.0963 (best:  0.0960/ 0.0969)
>> epoch [ 692/1000], runtime:  0.78s, train err:  0.0966 (best:  0.0960/ 0.0969)
>> epoch [ 693/1000], runtime:  0.79s, train err:  0.0969 (best:  0.0960/ 0.0969)
>> epoch [ 694/1000], runtime:  0.78s, train err:  0.0965 (best:  0.0960/ 0.0969)
>> epoch [ 695/1000], runtime:  0.79s, train loss: 1.5266, train err:  0.0963, valid err:  0.0971
>> epoch [ 696/1000], runtime:  0.78s, train err:  0.0968 (best:  0.0960/ 0.0969)
>> epoch [ 697/1000], runtime:  0.78s, train err:  0.0965 (best:  0.0960/ 0.0969)
>> epoch [ 698/1000], runtime:  0.77s, train err:  0.0966 (best:  0.0960/ 0.0969)
>> epoch [ 699/1000], runtime:  0.79s, train err:  0.0962 (best:  0.0960/ 0.0969)
>> epoch [ 700/1000], runtime:  0.79s, train err:  0.0964 (best:  0.0960/ 0.0969)
>> epoch [ 701/1000], runtime:  0.79s, train err:  0.0961 (best:  0.0960/ 0.0969)
>> epoch [ 702/1000], runtime:  0.74s, train loss: 1.5275, train err:  0.0962, valid err:  0.0971
>> epoch [ 703/1000], runtime:  0.74s, train err:  0.0961 (best:  0.0960/ 0.0969)
>> epoch [ 704/1000], runtime:  0.74s, train err:  0.0962 (best:  0.0960/ 0.0969)
>> epoch [ 705/1000], runtime:  0.74s, train err:  0.0962 (best:  0.0960/ 0.0969)
>> epoch [ 706/1000], runtime:  0.74s, train loss: 1.5265, train err:  0.0962, valid err:  0.0970
>> epoch [ 707/1000], runtime:  0.73s, train err:  0.0961 (best:  0.0960/ 0.0969)
>> epoch [ 708/1000], runtime:  0.74s, train loss: 1.5266, train err:  0.0962, valid err:  0.0972
>> epoch [ 709/1000], runtime:  0.74s, train err:  0.0961 (best:  0.0960/ 0.0969)
>> epoch [ 710/1000], runtime:  0.73s, train loss: 1.5280, train err:  0.0962, valid err:  0.0969
>> epoch [ 711/1000], runtime:  0.74s, train loss: 1.5274, train err:  0.0961, valid err:  0.0970
>> epoch [ 712/1000], runtime:  0.74s, train err:  0.0962 (best:  0.0960/ 0.0969)
>> epoch [ 713/1000], runtime:  0.74s, train loss: 1.5276, train err:  0.0963, valid err:  0.0971
>> epoch [ 714/1000], runtime: 0.74s, train loss: 1.5278, train err: 0.0962, valid err:  0.0969,test err: 0.1012, best
>> epoch [ 715/1000], runtime:  0.74s, train loss: 1.5252, train err:  0.0961, valid err:  0.0971
>> epoch [ 716/1000], runtime:  0.73s, train err:  0.0962 (best:  0.0962/ 0.0969)
>> epoch [ 717/1000], runtime:  0.76s, train err:  0.0962 (best:  0.0962/ 0.0969)
>> epoch [ 718/1000], runtime:  0.77s, train err:  0.0961 (best:  0.0962/ 0.0969)
>> epoch [ 719/1000], runtime:  0.78s, train err:  0.0961 (best:  0.0962/ 0.0969)
>> epoch [ 720/1000], runtime:  0.79s, train err:  0.0961 (best:  0.0962/ 0.0969)
>> epoch [ 721/1000], runtime:  0.78s, train loss: 1.5260, train err:  0.0962, valid err:  0.0970
>> epoch [ 722/1000], runtime:  0.79s, train loss: 1.5276, train err:  0.0961, valid err:  0.0971
>> epoch [ 723/1000], runtime:  0.78s, train loss: 1.5248, train err:  0.0962, valid err:  0.0969
>> epoch [ 724/1000], runtime:  0.79s, train err:  0.0963 (best:  0.0962/ 0.0969)
>> epoch [ 725/1000], runtime:  0.78s, train loss: 1.5266, train err:  0.0962, valid err:  0.0969
>> epoch [ 726/1000], runtime:  0.78s, train err:  0.0964 (best:  0.0962/ 0.0969)
>> epoch [ 727/1000], runtime:  0.78s, train err:  0.0961 (best:  0.0962/ 0.0969)
>> epoch [ 728/1000], runtime: 0.76s, train loss: 1.5273, train err: 0.0962, valid err:  0.0968,test err: 0.1012, best
>> epoch [ 729/1000], runtime:  0.79s, train err:  0.0962 (best:  0.0962/ 0.0968)
>> epoch [ 730/1000], runtime:  0.79s, train loss: 1.5257, train err:  0.0961, valid err:  0.0971
>> epoch [ 731/1000], runtime:  0.79s, train err:  0.0962 (best:  0.0962/ 0.0968)
>> epoch [ 732/1000], runtime:  0.78s, train err:  0.0962 (best:  0.0962/ 0.0968)
>> epoch [ 733/1000], runtime:  0.79s, train err:  0.0961 (best:  0.0962/ 0.0968)
>> epoch [ 734/1000], runtime:  0.79s, train loss: 1.5264, train err:  0.0962, valid err:  0.0970
>> epoch [ 735/1000], runtime:  0.79s, train loss: 1.5268, train err:  0.0961, valid err:  0.0971
>> epoch [ 736/1000], runtime:  0.78s, train loss: 1.5270, train err:  0.0962, valid err:  0.0969
>> epoch [ 737/1000], runtime:  0.79s, train loss: 1.5241, train err:  0.0961, valid err:  0.0970
>> epoch [ 738/1000], runtime:  0.79s, train err:  0.0961 (best:  0.0962/ 0.0968)
>> epoch [ 739/1000], runtime:  0.79s, train err:  0.0962 (best:  0.0962/ 0.0968)
>> epoch [ 740/1000], runtime:  0.79s, train loss: 1.5263, train err:  0.0961, valid err:  0.0971
>> epoch [ 741/1000], runtime:  0.78s, train err:  0.0962 (best:  0.0962/ 0.0968)
>> epoch [ 742/1000], runtime:  0.83s, train loss: 1.5272, train err:  0.0961, valid err:  0.0969
>> epoch [ 743/1000], runtime:  0.78s, train loss: 1.5250, train err:  0.0961, valid err:  0.0970
>> epoch [ 744/1000], runtime:  0.80s, train loss: 1.5258, train err:  0.0961, valid err:  0.0970
>> epoch [ 745/1000], runtime:  0.78s, train err:  0.0961 (best:  0.0962/ 0.0968)
>> epoch [ 746/1000], runtime:  0.79s, train loss: 1.5257, train err:  0.0961, valid err:  0.0972
>> epoch [ 747/1000], runtime:  0.79s, train loss: 1.5232, train err:  0.0963, valid err:  0.0970
>> epoch [ 748/1000], runtime: 0.79s, train loss: 1.5247, train err: 0.0962, valid err:  0.0968,test err: 0.1012, best
>> epoch [ 749/1000], runtime:  0.78s, train err:  0.0962 (best:  0.0962/ 0.0968)
>> epoch [ 750/1000], runtime:  0.78s, train err:  0.0963 (best:  0.0962/ 0.0968)
>> epoch [ 751/1000], runtime:  0.79s, train err:  0.0962 (best:  0.0962/ 0.0968)
>> epoch [ 752/1000], runtime:  0.79s, train loss: 1.5235, train err:  0.0962, valid err:  0.0970
>> epoch [ 753/1000], runtime:  0.82s, train err:  0.0962 (best:  0.0962/ 0.0968)
>> epoch [ 754/1000], runtime:  0.78s, train loss: 1.5229, train err:  0.0960, valid err:  0.0970
>> epoch [ 755/1000], runtime:  0.78s, train err:  0.0960 (best:  0.0962/ 0.0968)
>> epoch [ 756/1000], runtime:  0.80s, train loss: 1.5233, train err:  0.0962, valid err:  0.0970
>> epoch [ 757/1000], runtime:  0.80s, train loss: 1.5236, train err:  0.0961, valid err:  0.0969
>> epoch [ 758/1000], runtime:  0.79s, train loss: 1.5237, train err:  0.0961, valid err:  0.0970
>> epoch [ 759/1000], runtime:  0.80s, train loss: 1.5237, train err:  0.0961, valid err:  0.0969
>> epoch [ 760/1000], runtime:  0.79s, train loss: 1.5222, train err:  0.0961, valid err:  0.0969
>> epoch [ 761/1000], runtime:  0.79s, train err:  0.0962 (best:  0.0962/ 0.0968)
>> epoch [ 762/1000], runtime:  0.78s, train err:  0.0962 (best:  0.0962/ 0.0968)
>> epoch [ 763/1000], runtime:  0.79s, train err:  0.0962 (best:  0.0962/ 0.0968)
>> epoch [ 764/1000], runtime:  0.81s, train loss: 1.5230, train err:  0.0961, valid err:  0.0969
>> epoch [ 765/1000], runtime:  0.78s, train err:  0.0962 (best:  0.0962/ 0.0968)
>> epoch [ 766/1000], runtime:  0.79s, train err:  0.0961 (best:  0.0962/ 0.0968)
>> epoch [ 767/1000], runtime:  0.79s, train err:  0.0962 (best:  0.0962/ 0.0968)
>> epoch [ 768/1000], runtime:  0.79s, train loss: 1.5190, train err:  0.0961, valid err:  0.0969
>> epoch [ 769/1000], runtime:  0.80s, train err:  0.0961 (best:  0.0962/ 0.0968)
>> epoch [ 770/1000], runtime:  0.81s, train loss: 1.5227, train err:  0.0960, valid err:  0.0969
>> epoch [ 771/1000], runtime: 0.78s, train loss: 1.5234, train err: 0.0962, valid err:  0.0968,test err: 0.1012, best
>> epoch [ 772/1000], runtime:  0.79s, train err:  0.0961 (best:  0.0962/ 0.0968)
>> epoch [ 773/1000], runtime:  0.77s, train err:  0.0960 (best:  0.0962/ 0.0968)
>> epoch [ 774/1000], runtime:  0.78s, train err:  0.0963 (best:  0.0962/ 0.0968)
>> epoch [ 775/1000], runtime:  0.78s, train loss: 1.5231, train err:  0.0961, valid err:  0.0972
>> epoch [ 776/1000], runtime: 0.78s, train loss: 1.5229, train err: 0.0959, valid err:  0.0968,test err: 0.1012, best
>> epoch [ 777/1000], runtime:  0.79s, train err:  0.0965 (best:  0.0959/ 0.0968)
>> epoch [ 778/1000], runtime:  0.77s, train err:  0.0960 (best:  0.0959/ 0.0968)
>> epoch [ 779/1000], runtime:  0.78s, train err:  0.0964 (best:  0.0959/ 0.0968)
>> epoch [ 780/1000], runtime:  0.78s, train err:  0.0961 (best:  0.0959/ 0.0968)
>> epoch [ 781/1000], runtime:  0.79s, train err:  0.0961 (best:  0.0959/ 0.0968)
>> epoch [ 782/1000], runtime:  0.78s, train err:  0.0963 (best:  0.0959/ 0.0968)
>> epoch [ 783/1000], runtime:  0.78s, train loss: 1.5218, train err:  0.0960, valid err:  0.0968
>> epoch [ 784/1000], runtime:  0.78s, train err:  0.0962 (best:  0.0959/ 0.0968)
>> epoch [ 785/1000], runtime:  0.75s, train err:  0.0962 (best:  0.0959/ 0.0968)
>> epoch [ 786/1000], runtime:  0.74s, train loss: 1.5206, train err:  0.0961, valid err:  0.0971
>> epoch [ 787/1000], runtime:  0.77s, train err:  0.0960 (best:  0.0959/ 0.0968)
>> epoch [ 788/1000], runtime:  0.78s, train err:  0.0962 (best:  0.0959/ 0.0968)
>> epoch [ 789/1000], runtime:  0.79s, train err:  0.0962 (best:  0.0959/ 0.0968)
>> epoch [ 790/1000], runtime:  0.80s, train loss: 1.5209, train err:  0.0961, valid err:  0.0969
>> epoch [ 791/1000], runtime:  0.79s, train loss: 1.5225, train err:  0.0960, valid err:  0.0969
>> epoch [ 792/1000], runtime:  0.79s, train err:  0.0961 (best:  0.0959/ 0.0968)
>> epoch [ 793/1000], runtime:  0.79s, train err:  0.0962 (best:  0.0959/ 0.0968)
>> epoch [ 794/1000], runtime:  0.79s, train loss: 1.5221, train err:  0.0960, valid err:  0.0970
>> epoch [ 795/1000], runtime:  0.78s, train err:  0.0960 (best:  0.0959/ 0.0968)
>> epoch [ 796/1000], runtime:  0.77s, train loss: 1.5221, train err:  0.0960, valid err:  0.0968
>> epoch [ 797/1000], runtime:  0.80s, train err:  0.0961 (best:  0.0959/ 0.0968)
>> epoch [ 798/1000], runtime:  0.79s, train err:  0.0961 (best:  0.0959/ 0.0968)
>> epoch [ 799/1000], runtime:  0.79s, train err:  0.0963 (best:  0.0959/ 0.0968)
>> epoch [ 800/1000], runtime:  0.79s, train err:  0.0961 (best:  0.0959/ 0.0968)
>> epoch [ 801/1000], runtime:  0.78s, train err:  0.0960 (best:  0.0959/ 0.0968)
>> epoch [ 802/1000], runtime:  0.79s, train loss: 1.5217, train err:  0.0960, valid err:  0.0968
>> epoch [ 803/1000], runtime:  0.79s, train err:  0.0960 (best:  0.0959/ 0.0968)
>> epoch [ 804/1000], runtime:  0.78s, train loss: 1.5204, train err:  0.0961, valid err:  0.0968
>> epoch [ 805/1000], runtime:  0.77s, train loss: 1.5185, train err:  0.0960, valid err:  0.0970
>> epoch [ 806/1000], runtime:  0.77s, train loss: 1.5224, train err:  0.0960, valid err:  0.0970
>> epoch [ 807/1000], runtime: 0.77s, train loss: 1.5202, train err: 0.0961, valid err:  0.0967,test err: 0.1012, best
>> epoch [ 808/1000], runtime:  0.78s, train loss: 1.5159, train err:  0.0960, valid err:  0.0969
>> epoch [ 809/1000], runtime:  0.77s, train err:  0.0960 (best:  0.0961/ 0.0967)
>> epoch [ 810/1000], runtime:  0.77s, train err:  0.0960 (best:  0.0961/ 0.0967)
>> epoch [ 811/1000], runtime:  0.77s, train loss: 1.5190, train err:  0.0961, valid err:  0.0969
>> epoch [ 812/1000], runtime:  0.77s, train err:  0.0960 (best:  0.0961/ 0.0967)
>> epoch [ 813/1000], runtime:  0.78s, train err:  0.0960 (best:  0.0961/ 0.0967)
>> epoch [ 814/1000], runtime:  0.77s, train err:  0.0960 (best:  0.0961/ 0.0967)
>> epoch [ 815/1000], runtime:  0.77s, train err:  0.0960 (best:  0.0961/ 0.0967)
>> epoch [ 816/1000], runtime:  0.81s, train err:  0.0960 (best:  0.0961/ 0.0967)
>> epoch [ 817/1000], runtime:  0.78s, train err:  0.0961 (best:  0.0961/ 0.0967)
>> epoch [ 818/1000], runtime:  0.79s, train err:  0.0960 (best:  0.0961/ 0.0967)
>> epoch [ 819/1000], runtime:  0.78s, train loss: 1.5166, train err:  0.0959, valid err:  0.0969
>> epoch [ 820/1000], runtime:  0.79s, train err:  0.0960 (best:  0.0961/ 0.0967)
>> epoch [ 821/1000], runtime:  0.79s, train err:  0.0960 (best:  0.0961/ 0.0967)
>> epoch [ 822/1000], runtime:  0.79s, train err:  0.0960 (best:  0.0961/ 0.0967)
>> epoch [ 823/1000], runtime:  0.79s, train err:  0.0961 (best:  0.0961/ 0.0967)
>> epoch [ 824/1000], runtime:  0.79s, train err:  0.0962 (best:  0.0961/ 0.0967)
>> epoch [ 825/1000], runtime:  0.78s, train err:  0.0960 (best:  0.0961/ 0.0967)
>> epoch [ 826/1000], runtime:  0.79s, train loss: 1.5186, train err:  0.0960, valid err:  0.0969
>> epoch [ 827/1000], runtime:  0.79s, train loss: 1.5192, train err:  0.0959, valid err:  0.0969
>> epoch [ 828/1000], runtime:  0.78s, train err:  0.0959 (best:  0.0961/ 0.0967)
>> epoch [ 829/1000], runtime:  0.79s, train err:  0.0960 (best:  0.0961/ 0.0967)
>> epoch [ 830/1000], runtime:  0.78s, train loss: 1.5180, train err:  0.0960, valid err:  0.0968
>> epoch [ 831/1000], runtime:  0.79s, train loss: 1.5200, train err:  0.0960, valid err:  0.0969
>> epoch [ 832/1000], runtime:  0.79s, train loss: 1.5180, train err:  0.0960, valid err:  0.0969
>> epoch [ 833/1000], runtime:  0.79s, train err:  0.0960 (best:  0.0961/ 0.0967)
>> epoch [ 834/1000], runtime:  0.78s, train err:  0.0960 (best:  0.0961/ 0.0967)
>> epoch [ 835/1000], runtime:  0.78s, train loss: 1.5187, train err:  0.0960, valid err:  0.0968
>> epoch [ 836/1000], runtime:  0.77s, train loss: 1.5177, train err:  0.0960, valid err:  0.0969
>> epoch [ 837/1000], runtime:  0.77s, train err:  0.0961 (best:  0.0961/ 0.0967)
>> epoch [ 838/1000], runtime:  0.77s, train err:  0.0961 (best:  0.0961/ 0.0967)
>> epoch [ 839/1000], runtime:  0.78s, train loss: 1.5175, train err:  0.0959, valid err:  0.0970
>> epoch [ 840/1000], runtime:  0.77s, train loss: 1.5172, train err:  0.0959, valid err:  0.0969
>> epoch [ 841/1000], runtime:  0.78s, train loss: 1.5185, train err:  0.0960, valid err:  0.0969
>> epoch [ 842/1000], runtime:  0.79s, train err:  0.0960 (best:  0.0961/ 0.0967)
>> epoch [ 843/1000], runtime:  0.81s, train loss: 1.5195, train err:  0.0960, valid err:  0.0968
>> epoch [ 844/1000], runtime:  0.80s, train loss: 1.5190, train err:  0.0960, valid err:  0.0968
>> epoch [ 845/1000], runtime:  0.79s, train loss: 1.5184, train err:  0.0960, valid err:  0.0968
>> epoch [ 846/1000], runtime:  0.77s, train loss: 1.5162, train err:  0.0959, valid err:  0.0969
>> epoch [ 847/1000], runtime:  0.76s, train err:  0.0960 (best:  0.0961/ 0.0967)
>> epoch [ 848/1000], runtime:  0.79s, train err:  0.0961 (best:  0.0961/ 0.0967)
>> epoch [ 849/1000], runtime: 0.79s, train loss: 1.5165, train err: 0.0959, valid err:  0.0967,test err: 0.1011, best
>> epoch [ 850/1000], runtime:  0.77s, train err:  0.0960 (best:  0.0959/ 0.0967)
>> epoch [ 851/1000], runtime:  0.79s, train err:  0.0961 (best:  0.0959/ 0.0967)
>> epoch [ 852/1000], runtime:  0.79s, train err:  0.0960 (best:  0.0959/ 0.0967)
>> epoch [ 853/1000], runtime:  0.78s, train err:  0.0959 (best:  0.0959/ 0.0967)
>> epoch [ 854/1000], runtime:  0.78s, train err:  0.0959 (best:  0.0959/ 0.0967)
>> epoch [ 855/1000], runtime:  0.79s, train err:  0.0960 (best:  0.0959/ 0.0967)
>> epoch [ 856/1000], runtime:  0.78s, train err:  0.0960 (best:  0.0959/ 0.0967)
>> epoch [ 857/1000], runtime:  0.78s, train err:  0.0960 (best:  0.0959/ 0.0967)
>> epoch [ 858/1000], runtime:  0.78s, train err:  0.0960 (best:  0.0959/ 0.0967)
>> epoch [ 859/1000], runtime:  0.77s, train err:  0.0960 (best:  0.0959/ 0.0967)
>> epoch [ 860/1000], runtime:  0.78s, train err:  0.0960 (best:  0.0959/ 0.0967)
>> epoch [ 861/1000], runtime:  0.78s, train err:  0.0960 (best:  0.0959/ 0.0967)
>> epoch [ 862/1000], runtime:  0.79s, train err:  0.0960 (best:  0.0959/ 0.0967)
>> epoch [ 863/1000], runtime:  0.78s, train err:  0.0959 (best:  0.0959/ 0.0967)
>> epoch [ 864/1000], runtime:  0.78s, train err:  0.0963 (best:  0.0959/ 0.0967)
>> epoch [ 865/1000], runtime:  0.79s, train err:  0.0960 (best:  0.0959/ 0.0967)
>> epoch [ 866/1000], runtime:  0.78s, train err:  0.0959 (best:  0.0959/ 0.0967)
>> epoch [ 867/1000], runtime:  0.78s, train loss: 1.5164, train err:  0.0959, valid err:  0.0969
>> epoch [ 868/1000], runtime:  0.78s, train err:  0.0959 (best:  0.0959/ 0.0967)
>> epoch [ 869/1000], runtime:  0.78s, train err:  0.0959 (best:  0.0959/ 0.0967)
>> epoch [ 870/1000], runtime:  0.78s, train err:  0.0961 (best:  0.0959/ 0.0967)
>> epoch [ 871/1000], runtime:  0.78s, train err:  0.0959 (best:  0.0959/ 0.0967)
>> epoch [ 872/1000], runtime:  0.78s, train err:  0.0960 (best:  0.0959/ 0.0967)
>> epoch [ 873/1000], runtime:  0.77s, train err:  0.0960 (best:  0.0959/ 0.0967)
>> epoch [ 874/1000], runtime:  0.81s, train err:  0.0959 (best:  0.0959/ 0.0967)
>> epoch [ 875/1000], runtime:  0.82s, train err:  0.0961 (best:  0.0959/ 0.0967)
>> epoch [ 876/1000], runtime:  0.80s, train err:  0.0959 (best:  0.0959/ 0.0967)
>> epoch [ 877/1000], runtime:  0.78s, train err:  0.0959 (best:  0.0959/ 0.0967)
>> epoch [ 878/1000], runtime: 0.79s, train loss: 1.5144, train err: 0.0959, valid err:  0.0967,test err: 0.1011, best
>> epoch [ 879/1000], runtime:  0.81s, train err:  0.0960 (best:  0.0959/ 0.0967)
>> epoch [ 880/1000], runtime:  0.78s, train err:  0.0960 (best:  0.0959/ 0.0967)
>> epoch [ 881/1000], runtime:  0.77s, train err:  0.0960 (best:  0.0959/ 0.0967)
>> epoch [ 882/1000], runtime:  0.78s, train err:  0.0959 (best:  0.0959/ 0.0967)
>> epoch [ 883/1000], runtime:  0.77s, train err:  0.0961 (best:  0.0959/ 0.0967)
>> epoch [ 884/1000], runtime:  0.76s, train err:  0.0959 (best:  0.0959/ 0.0967)
>> epoch [ 885/1000], runtime:  0.80s, train err:  0.0959 (best:  0.0959/ 0.0967)
>> epoch [ 886/1000], runtime:  0.80s, train err:  0.0960 (best:  0.0959/ 0.0967)
>> epoch [ 887/1000], runtime:  0.82s, train err:  0.0959 (best:  0.0959/ 0.0967)
>> epoch [ 888/1000], runtime:  0.81s, train err:  0.0960 (best:  0.0959/ 0.0967)
>> epoch [ 889/1000], runtime:  0.79s, train err:  0.0959 (best:  0.0959/ 0.0967)
>> epoch [ 890/1000], runtime:  0.79s, train err:  0.0959 (best:  0.0959/ 0.0967)
>> epoch [ 891/1000], runtime:  0.83s, train err:  0.0959 (best:  0.0959/ 0.0967)
>> epoch [ 892/1000], runtime:  0.83s, train err:  0.0960 (best:  0.0959/ 0.0967)
>> epoch [ 893/1000], runtime:  0.80s, train err:  0.0960 (best:  0.0959/ 0.0967)
>> epoch [ 894/1000], runtime:  0.79s, train err:  0.0959 (best:  0.0959/ 0.0967)
>> epoch [ 895/1000], runtime:  0.83s, train err:  0.0960 (best:  0.0959/ 0.0967)
>> epoch [ 896/1000], runtime:  0.81s, train err:  0.0959 (best:  0.0959/ 0.0967)
>> epoch [ 897/1000], runtime:  0.78s, train err:  0.0959 (best:  0.0959/ 0.0967)
>> epoch [ 898/1000], runtime:  0.76s, train err:  0.0960 (best:  0.0959/ 0.0967)
>> epoch [ 899/1000], runtime:  0.79s, train err:  0.0960 (best:  0.0959/ 0.0967)
>> epoch [ 900/1000], runtime:  0.74s, train err:  0.0959 (best:  0.0959/ 0.0967)
>> epoch [ 901/1000], runtime:  0.76s, train err:  0.0959 (best:  0.0959/ 0.0967)
>> epoch [ 902/1000], runtime:  0.76s, train err:  0.0959 (best:  0.0959/ 0.0967)
>> epoch [ 903/1000], runtime:  0.75s, train err:  0.0959 (best:  0.0959/ 0.0967)
>> epoch [ 904/1000], runtime:  0.75s, train err:  0.0959 (best:  0.0959/ 0.0967)
>> epoch [ 905/1000], runtime:  0.76s, train err:  0.0959 (best:  0.0959/ 0.0967)
>> epoch [ 906/1000], runtime:  0.78s, train err:  0.0959 (best:  0.0959/ 0.0967)
>> epoch [ 907/1000], runtime:  0.79s, train err:  0.0959 (best:  0.0959/ 0.0967)
>> epoch [ 908/1000], runtime:  0.83s, train err:  0.0960 (best:  0.0959/ 0.0967)
>> epoch [ 909/1000], runtime:  0.83s, train err:  0.0959 (best:  0.0959/ 0.0967)
>> epoch [ 910/1000], runtime:  0.79s, train err:  0.0960 (best:  0.0959/ 0.0967)
>> epoch [ 911/1000], runtime:  0.79s, train err:  0.0959 (best:  0.0959/ 0.0967)
>> epoch [ 912/1000], runtime:  0.78s, train err:  0.0959 (best:  0.0959/ 0.0967)
>> epoch [ 913/1000], runtime:  0.78s, train err:  0.0959 (best:  0.0959/ 0.0967)
>> epoch [ 914/1000], runtime:  0.78s, train err:  0.0959 (best:  0.0959/ 0.0967)
>> epoch [ 915/1000], runtime:  0.77s, train err:  0.0959 (best:  0.0959/ 0.0967)
>> epoch [ 916/1000], runtime:  0.78s, train err:  0.0959 (best:  0.0959/ 0.0967)
>> epoch [ 917/1000], runtime:  0.77s, train err:  0.0959 (best:  0.0959/ 0.0967)
>> epoch [ 918/1000], runtime:  0.77s, train err:  0.0959 (best:  0.0959/ 0.0967)
>> epoch [ 919/1000], runtime:  0.78s, train err:  0.0960 (best:  0.0959/ 0.0967)
>> epoch [ 920/1000], runtime:  0.78s, train err:  0.0959 (best:  0.0959/ 0.0967)
>> epoch [ 921/1000], runtime:  0.77s, train err:  0.0959 (best:  0.0959/ 0.0967)
>> epoch [ 922/1000], runtime:  0.78s, train err:  0.0959 (best:  0.0959/ 0.0967)
>> epoch [ 923/1000], runtime:  0.78s, train err:  0.0959 (best:  0.0959/ 0.0967)
>> epoch [ 924/1000], runtime:  0.78s, train err:  0.0959 (best:  0.0959/ 0.0967)
>> epoch [ 925/1000], runtime:  0.78s, train err:  0.0959 (best:  0.0959/ 0.0967)
>> epoch [ 926/1000], runtime:  0.78s, train err:  0.0959 (best:  0.0959/ 0.0967)
>> epoch [ 927/1000], runtime:  0.78s, train err:  0.0959 (best:  0.0959/ 0.0967)
>> epoch [ 928/1000], runtime:  0.78s, train err:  0.0959 (best:  0.0959/ 0.0967)
>> epoch [ 929/1000], runtime:  0.78s, train err:  0.0959 (best:  0.0959/ 0.0967)
----------------------------------------------------------------------------------------------------
----------------------------------------------------------------------------------------------------
>> ntrain: 200, lr: 0.001, gamma: 0.5, w_d: 0.0
>> Best train loss:  1.5144
>> Best train error:  0.0959
>> Best valid error:  0.0967
>> Best test error:  0.1011
>> Best epoch: 877
----------------------------------------------------------------------------------------------------
----------------------------------------------------------------------------------------------------
>> Training Completed!!
