>> Device being used: cuda (NVIDIA GeForce RTX 4090)
Total number of parameters: 1321
>> Training Mesh resolution: 257x257
tensor(0.8109)
tensor(3.3456)
>> Preprocessing completed, time elapsed:  0.28s
>> ntrain: 300, lr: 0.01, gamma: 0.6, w_d: 0.0
----------------------------------------------------------------------------------------------------
>> epoch [   1/3000], runtime: 2.16s, train err *1e8: 2103.6889, valid err*1e8: 5.2760 , test err*1e8: 15.3081
>> epoch [   2/3000], runtime:  1.99s, train err*1e8:  801.5416 (best*1e8:  2103.6889/ 5.2760)
>> epoch [   3/3000], runtime: 1.97s, train err *1e8: 757.2305, valid err*1e8: 3.2611 , test err*1e8: 18.9688
>> epoch [   4/3000], runtime:  1.96s, train err*1e8:  737.4229 (best*1e8:  757.2305/ 3.2611)
>> epoch [   5/3000], runtime:  1.94s, train err*1e8:  713.5003 (best*1e8:  757.2305/ 3.2611)
>> epoch [   6/3000], runtime:  1.93s, train err*1e8:  659.5917 (best*1e8:  757.2305/ 3.2611)
>> epoch [   7/3000], runtime:  1.97s, train err*1e8:  611.4093 (best*1e8:  757.2305/ 3.2611)
>> epoch [   8/3000], runtime:  1.99s, train err*1e8:  536.6565 (best*1e8:  757.2305/ 3.2611)
>> epoch [   9/3000], runtime:  1.94s, train err*1e8:  471.8285 (best*1e8:  757.2305/ 3.2611)
>> epoch [  10/3000], runtime:  1.90s, train err*1e8:  401.0186 (best*1e8:  757.2305/ 3.2611)
>> epoch [  11/3000], runtime:  1.91s, train err*1e8:  297.2024 (best*1e8:  757.2305/ 3.2611)
>> epoch [  12/3000], runtime: 1.87s, train err *1e8: 192.1721, valid err*1e8: 0.1111 , test err*1e8: 8.9187
>> epoch [  13/3000], runtime:  1.84s, train err*1e8:  116.6663 (best*1e8:  192.1721/ 0.1111)
>> epoch [  14/3000], runtime:  1.89s, train err*1e8:  72.9870 (best*1e8:  192.1721/ 0.1111)
>> epoch [  15/3000], runtime:  1.92s, train err*1e8:  49.8484 (best*1e8:  192.1721/ 0.1111)
>> epoch [  16/3000], runtime:  1.86s, train err*1e8:  41.2437 (best*1e8:  192.1721/ 0.1111)
>> epoch [  17/3000], runtime:  1.82s, train err*1e8:  45.6568 (best*1e8:  192.1721/ 0.1111)
>> epoch [  18/3000], runtime:  1.79s, train err*1e8:  38.4444 (best*1e8:  192.1721/ 0.1111)
>> epoch [  19/3000], runtime:  1.79s, train err*1e8:  53.6145 (best*1e8:  192.1721/ 0.1111)
>> epoch [  20/3000], runtime:  1.80s, train err*1e8:  46.1430 (best*1e8:  192.1721/ 0.1111)
>> epoch [  21/3000], runtime:  1.86s, train err*1e8:  37.9671 (best*1e8:  192.1721/ 0.1111)
>> epoch [  22/3000], runtime:  1.91s, train err*1e8:  37.5509 (best*1e8:  192.1721/ 0.1111)
>> epoch [  23/3000], runtime:  1.91s, train err*1e8:  36.7551 (best*1e8:  192.1721/ 0.1111)
>> epoch [  24/3000], runtime:  1.91s, train err*1e8:  39.0351 (best*1e8:  192.1721/ 0.1111)
>> epoch [  25/3000], runtime:  2.00s, train err*1e8:  35.6969 (best*1e8:  192.1721/ 0.1111)
>> epoch [  26/3000], runtime:  1.86s, train err*1e8:  34.0089 (best*1e8:  192.1721/ 0.1111)
>> epoch [  27/3000], runtime:  1.83s, train err*1e8:  32.9490 (best*1e8:  192.1721/ 0.1111)
>> epoch [  28/3000], runtime: 1.80s, train err *1e8: 35.5798, valid err*1e8: 0.0982 , test err*1e8: 0.9316
>> epoch [  29/3000], runtime:  1.69s, train err*1e8:  33.5931 (best*1e8:  35.5798/ 0.0982)
>> epoch [  30/3000], runtime:  2.22s, train err*1e8:  41.2194 (best*1e8:  35.5798/ 0.0982)
>> epoch [  31/3000], runtime:  1.67s, train err*1e8:  33.5224 (best*1e8:  35.5798/ 0.0982)
>> epoch [  32/3000], runtime:  1.55s, train err*1e8:  29.9598 (best*1e8:  35.5798/ 0.0982)
>> epoch [  33/3000], runtime:  1.59s, train err*1e8:  29.9317 (best*1e8:  35.5798/ 0.0982)
>> epoch [  34/3000], runtime:  1.57s, train err*1e8:  29.7963 (best*1e8:  35.5798/ 0.0982)
>> epoch [  35/3000], runtime:  1.59s, train err*1e8:  27.7029 (best*1e8:  35.5798/ 0.0982)
>> epoch [  36/3000], runtime:  1.58s, train err*1e8:  28.6352 (best*1e8:  35.5798/ 0.0982)
>> epoch [  37/3000], runtime:  1.68s, train err*1e8:  27.0760 (best*1e8:  35.5798/ 0.0982)
>> epoch [  38/3000], runtime:  1.64s, train err*1e8:  35.4475 (best*1e8:  35.5798/ 0.0982)
>> epoch [  39/3000], runtime:  1.68s, train err*1e8:  27.4505 (best*1e8:  35.5798/ 0.0982)
>> epoch [  40/3000], runtime:  1.64s, train err*1e8:  25.7807 (best*1e8:  35.5798/ 0.0982)
>> epoch [  41/3000], runtime: 1.61s, train err *1e8: 29.7753, valid err*1e8: 0.0669 , test err*1e8: 1.1960
>> epoch [  42/3000], runtime:  1.74s, train err*1e8:  25.1297 (best*1e8:  29.7753/ 0.0669)
>> epoch [  43/3000], runtime:  1.66s, train err*1e8:  25.4070 (best*1e8:  29.7753/ 0.0669)
>> epoch [  44/3000], runtime:  1.68s, train err*1e8:  25.3163 (best*1e8:  29.7753/ 0.0669)
>> epoch [  45/3000], runtime:  1.67s, train err*1e8:  31.7585 (best*1e8:  29.7753/ 0.0669)
>> epoch [  46/3000], runtime:  1.98s, train err*1e8:  25.2233 (best*1e8:  29.7753/ 0.0669)
>> epoch [  47/3000], runtime: 2.06s, train err *1e8: 25.2826, valid err*1e8: 0.0218 , test err*1e8: 1.0333
>> epoch [  48/3000], runtime:  2.04s, train err*1e8:  22.4961 (best*1e8:  25.2826/ 0.0218)
>> epoch [  49/3000], runtime:  2.01s, train err*1e8:  20.6080 (best*1e8:  25.2826/ 0.0218)
>> epoch [  50/3000], runtime:  2.05s, train err*1e8:  19.6155 (best*1e8:  25.2826/ 0.0218)
>> epoch [  51/3000], runtime:  2.03s, train err*1e8:  19.6501 (best*1e8:  25.2826/ 0.0218)
>> epoch [  52/3000], runtime:  2.01s, train err*1e8:  20.4569 (best*1e8:  25.2826/ 0.0218)
>> epoch [  53/3000], runtime:  2.02s, train err*1e8:  19.9948 (best*1e8:  25.2826/ 0.0218)
>> epoch [  54/3000], runtime:  2.05s, train err*1e8:  18.2130 (best*1e8:  25.2826/ 0.0218)
>> epoch [  55/3000], runtime:  2.14s, train err*1e8:  18.2568 (best*1e8:  25.2826/ 0.0218)
>> epoch [  56/3000], runtime:  2.22s, train err*1e8:  24.4505 (best*1e8:  25.2826/ 0.0218)
>> epoch [  57/3000], runtime:  1.50s, train err*1e8:  21.1227 (best*1e8:  25.2826/ 0.0218)
>> epoch [  58/3000], runtime:  1.51s, train err*1e8:  16.3681 (best*1e8:  25.2826/ 0.0218)
>> epoch [  59/3000], runtime: 1.53s, train err *1e8: 17.1906, valid err*1e8: 0.0161 , test err*1e8: 0.9207
>> epoch [  60/3000], runtime:  2.20s, train err*1e8:  18.0600 (best*1e8:  17.1906/ 0.0161)
>> epoch [  61/3000], runtime:  1.55s, train err*1e8:  16.1645 (best*1e8:  17.1906/ 0.0161)
>> epoch [  62/3000], runtime:  1.56s, train err*1e8:  14.3570 (best*1e8:  17.1906/ 0.0161)
>> epoch [  63/3000], runtime:  2.17s, train err*1e8:  14.2657 (best*1e8:  17.1906/ 0.0161)
>> epoch [  64/3000], runtime:  2.21s, train err*1e8:  13.2170 (best*1e8:  17.1906/ 0.0161)
>> epoch [  65/3000], runtime:  2.20s, train err*1e8:  13.9846 (best*1e8:  17.1906/ 0.0161)
>> epoch [  66/3000], runtime:  2.21s, train err*1e8:  16.9531 (best*1e8:  17.1906/ 0.0161)
>> epoch [  67/3000], runtime:  2.01s, train err*1e8:  11.9016 (best*1e8:  17.1906/ 0.0161)
>> epoch [  68/3000], runtime:  2.20s, train err*1e8:  12.2152 (best*1e8:  17.1906/ 0.0161)
>> epoch [  69/3000], runtime:  1.78s, train err*1e8:  11.7299 (best*1e8:  17.1906/ 0.0161)
>> epoch [  70/3000], runtime:  2.02s, train err*1e8:  11.3117 (best*1e8:  17.1906/ 0.0161)
>> epoch [  71/3000], runtime:  2.22s, train err*1e8:  12.1655 (best*1e8:  17.1906/ 0.0161)
>> epoch [  72/3000], runtime:  1.64s, train err*1e8:  15.0278 (best*1e8:  17.1906/ 0.0161)
>> epoch [  73/3000], runtime: 1.62s, train err *1e8: 13.9197, valid err*1e8: 0.0085 , test err*1e8: 0.5299
>> epoch [  74/3000], runtime:  1.67s, train err*1e8:  9.8782 (best*1e8:  13.9197/ 0.0085)
>> epoch [  75/3000], runtime:  2.08s, train err*1e8:  9.8890 (best*1e8:  13.9197/ 0.0085)
>> epoch [  76/3000], runtime:  2.09s, train err*1e8:  10.2568 (best*1e8:  13.9197/ 0.0085)
>> epoch [  77/3000], runtime:  2.19s, train err*1e8:  11.1492 (best*1e8:  13.9197/ 0.0085)
>> epoch [  78/3000], runtime:  1.48s, train err*1e8:  11.7642 (best*1e8:  13.9197/ 0.0085)
>> epoch [  79/3000], runtime:  2.22s, train err*1e8:  10.3239 (best*1e8:  13.9197/ 0.0085)
>> epoch [  80/3000], runtime:  2.22s, train err*1e8:  11.7739 (best*1e8:  13.9197/ 0.0085)
>> epoch [  81/3000], runtime:  2.21s, train err*1e8:  11.5677 (best*1e8:  13.9197/ 0.0085)
>> epoch [  82/3000], runtime:  2.18s, train err*1e8:  9.4334 (best*1e8:  13.9197/ 0.0085)
>> epoch [  83/3000], runtime:  2.23s, train err*1e8:  9.3898 (best*1e8:  13.9197/ 0.0085)
>> epoch [  84/3000], runtime:  1.46s, train err*1e8:  9.0176 (best*1e8:  13.9197/ 0.0085)
>> epoch [  85/3000], runtime:  1.52s, train err*1e8:  10.2356 (best*1e8:  13.9197/ 0.0085)
>> epoch [  86/3000], runtime:  1.56s, train err*1e8:  9.8393 (best*1e8:  13.9197/ 0.0085)
>> epoch [  87/3000], runtime:  2.22s, train err*1e8:  9.8388 (best*1e8:  13.9197/ 0.0085)
>> epoch [  88/3000], runtime:  2.18s, train err*1e8:  9.1231 (best*1e8:  13.9197/ 0.0085)
>> epoch [  89/3000], runtime:  2.23s, train err*1e8:  8.8073 (best*1e8:  13.9197/ 0.0085)
>> epoch [  90/3000], runtime:  2.19s, train err*1e8:  8.4478 (best*1e8:  13.9197/ 0.0085)
>> epoch [  91/3000], runtime:  2.17s, train err*1e8:  8.9546 (best*1e8:  13.9197/ 0.0085)
>> epoch [  92/3000], runtime:  2.21s, train err*1e8:  8.4250 (best*1e8:  13.9197/ 0.0085)
>> epoch [  93/3000], runtime:  2.21s, train err*1e8:  8.2882 (best*1e8:  13.9197/ 0.0085)
>> epoch [  94/3000], runtime:  2.20s, train err*1e8:  8.4036 (best*1e8:  13.9197/ 0.0085)
>> epoch [  95/3000], runtime:  2.19s, train err*1e8:  8.1114 (best*1e8:  13.9197/ 0.0085)
>> epoch [  96/3000], runtime:  2.15s, train err*1e8:  8.0849 (best*1e8:  13.9197/ 0.0085)
>> epoch [  97/3000], runtime:  2.13s, train err*1e8:  8.4332 (best*1e8:  13.9197/ 0.0085)
>> epoch [  98/3000], runtime:  2.20s, train err*1e8:  10.3415 (best*1e8:  13.9197/ 0.0085)
>> epoch [  99/3000], runtime:  1.52s, train err*1e8:  9.2312 (best*1e8:  13.9197/ 0.0085)
>> epoch [ 100/3000], runtime:  1.49s, train err*1e8:  8.0261 (best*1e8:  13.9197/ 0.0085)
>> epoch [ 101/3000], runtime:  1.63s, train err*1e8:  7.6139 (best*1e8:  13.9197/ 0.0085)
>> epoch [ 102/3000], runtime:  1.62s, train err*1e8:  7.8588 (best*1e8:  13.9197/ 0.0085)
>> epoch [ 103/3000], runtime:  1.66s, train err*1e8:  10.4319 (best*1e8:  13.9197/ 0.0085)
>> epoch [ 104/3000], runtime:  1.66s, train err*1e8:  10.7508 (best*1e8:  13.9197/ 0.0085)
>> epoch [ 105/3000], runtime:  2.19s, train err*1e8:  8.0739 (best*1e8:  13.9197/ 0.0085)
>> epoch [ 106/3000], runtime:  1.86s, train err*1e8:  8.3401 (best*1e8:  13.9197/ 0.0085)
>> epoch [ 107/3000], runtime:  1.27s, train err*1e8:  8.0585 (best*1e8:  13.9197/ 0.0085)
>> epoch [ 108/3000], runtime:  1.15s, train err*1e8:  7.8046 (best*1e8:  13.9197/ 0.0085)
>> epoch [ 109/3000], runtime:  1.12s, train err*1e8:  7.6968 (best*1e8:  13.9197/ 0.0085)
>> epoch [ 110/3000], runtime:  1.12s, train err*1e8:  9.3573 (best*1e8:  13.9197/ 0.0085)
>> epoch [ 111/3000], runtime:  1.11s, train err*1e8:  12.9171 (best*1e8:  13.9197/ 0.0085)
>> epoch [ 112/3000], runtime:  1.11s, train err*1e8:  12.7285 (best*1e8:  13.9197/ 0.0085)
>> epoch [ 113/3000], runtime:  1.12s, train err*1e8:  9.5004 (best*1e8:  13.9197/ 0.0085)
>> epoch [ 114/3000], runtime:  1.12s, train err*1e8:  9.3568 (best*1e8:  13.9197/ 0.0085)
>> epoch [ 115/3000], runtime:  1.13s, train err*1e8:  7.8672 (best*1e8:  13.9197/ 0.0085)
>> epoch [ 116/3000], runtime:  1.14s, train err*1e8:  8.3058 (best*1e8:  13.9197/ 0.0085)
>> epoch [ 117/3000], runtime:  1.11s, train err*1e8:  7.3231 (best*1e8:  13.9197/ 0.0085)
>> epoch [ 118/3000], runtime:  1.11s, train err*1e8:  8.0889 (best*1e8:  13.9197/ 0.0085)
>> epoch [ 119/3000], runtime:  1.11s, train err*1e8:  8.7058 (best*1e8:  13.9197/ 0.0085)
>> epoch [ 120/3000], runtime:  1.11s, train err*1e8:  7.6516 (best*1e8:  13.9197/ 0.0085)
>> epoch [ 121/3000], runtime:  1.14s, train err*1e8:  7.0607 (best*1e8:  13.9197/ 0.0085)
>> epoch [ 122/3000], runtime:  1.13s, train err*1e8:  7.4355 (best*1e8:  13.9197/ 0.0085)
>> epoch [ 123/3000], runtime:  1.13s, train err*1e8:  7.0870 (best*1e8:  13.9197/ 0.0085)
>> epoch [ 124/3000], runtime:  1.16s, train err*1e8:  7.7345 (best*1e8:  13.9197/ 0.0085)
----------------------------------------------------------------------------------------------------
----------------------------------------------------------------------------------------------------
>> ntrain: 300, lr: 0.01, gamma: 0.6, w_d: 0.0
>> Best train error*1e8:  13.9197
>> Best valid error*1e8:  0.0085
>> Best test error*1e8:  0.5299
>> Best epoch: 72
----------------------------------------------------------------------------------------------------
----------------------------------------------------------------------------------------------------
>> Training Completed!!
