>> Device being used: cuda (NVIDIA GeForce RTX 4090)
Total number of parameters: 1321
>> Training Mesh resolution: 257x257
tensor(0.8109)
tensor(3.3456)
>> Preprocessing completed, time elapsed:  0.50s
>> ntrain: 300, lr: 0.01, gamma: 0.6, w_d: 0.0
----------------------------------------------------------------------------------------------------
>> epoch [   1/3000], runtime:  4.74s, train err: 5.1175e+00 , valid err: 5.2201e+00 , test err: 5.5956e+00, (best: 5.1175e+00/5.2201e+00)
>> epoch [  51/3000], runtime:  5.20s, train err: 5.1175e+00 , valid err: 0.0000e+00 , test err: 0.0000e+00, (best: 5.1175e+00/5.2201e+00)
----------------------------------------------------------------------------------------------------
----------------------------------------------------------------------------------------------------
>> 20_4, ReLU, ntrain: 300, lr: 0.01, gamma: 0.6, w_d: 0.0
>> Best train error:  5.1175e+00
>> Best valid error:  5.2201e+00
>> Best test error:  5.5956e+00
>> Best epoch: 0
----------------------------------------------------------------------------------------------------
----------------------------------------------------------------------------------------------------
>> Training Completed!!
