>> Device being used: cuda (NVIDIA GeForce RTX 4090)
Total number of parameters: 1321
>> Training Mesh resolution: 257x257
tensor(0.8109)
tensor(3.3456)
>> Preprocessing completed, time elapsed:  0.80s
>> ntrain: 300, lr: 0.01, gamma: 0.6, w_d: 0.0
----------------------------------------------------------------------------------------------------
>> epoch [   1/3000], runtime:  7.04s, train err: 1.3895e+00 , valid err: 5.6632e-01 , test err: 6.2331e-01, (best: 1.3895e+00/5.6632e-01)
>> epoch [  51/3000], runtime:  5.60s, train err: 1.8006e-02 , valid err: 0.0000e+00 , test err: 0.0000e+00, (best: 1.6005e-02/1.8082e-02)
>> epoch [ 101/3000], runtime:  5.89s, train err: 6.7875e-03 , valid err: 0.0000e+00 , test err: 0.0000e+00, (best: 5.3894e-03/5.4096e-03)
>> epoch [ 151/3000], runtime:  3.48s, train err: 4.4357e-03 , valid err: 4.1172e-03 , test err: 3.5451e-03, (best: 4.4357e-03/4.1172e-03)
>> epoch [ 201/3000], runtime:  5.05s, train err: 4.5436e-03 , valid err: 0.0000e+00 , test err: 0.0000e+00, (best: 4.0273e-03/3.6321e-03)
>> epoch [ 251/3000], runtime:  5.54s, train err: 3.7752e-03 , valid err: 0.0000e+00 , test err: 0.0000e+00, (best: 3.5775e-03/3.2859e-03)
>> epoch [ 301/3000], runtime:  4.13s, train err: 3.3151e-03 , valid err: 3.3050e-03 , test err: 2.9371e-03, (best: 3.3838e-03/3.1464e-03)
>> epoch [ 351/3000], runtime:  3.86s, train err: 3.2266e-03 , valid err: 0.0000e+00 , test err: 0.0000e+00, (best: 3.1937e-03/3.0517e-03)
>> epoch [ 401/3000], runtime:  3.25s, train err: 3.1843e-03 , valid err: 0.0000e+00 , test err: 0.0000e+00, (best: 3.1207e-03/2.9221e-03)
>> epoch [ 451/3000], runtime:  4.37s, train err: 3.1222e-03 , valid err: 0.0000e+00 , test err: 0.0000e+00, (best: 3.0759e-03/2.8759e-03)
>> epoch [ 501/3000], runtime:  3.91s, train err: 3.0555e-03 , valid err: 0.0000e+00 , test err: 0.0000e+00, (best: 3.0327e-03/2.8400e-03)
>> epoch [ 551/3000], runtime:  3.03s, train err: 3.0038e-03 , valid err: 2.8665e-03 , test err: 2.5844e-03, (best: 3.0092e-03/2.8374e-03)
----------------------------------------------------------------------------------------------------
----------------------------------------------------------------------------------------------------
>> 20_4, Softplus, ntrain: 300, lr: 0.01, gamma: 0.6, w_d: 0.0
>> Best train error:  3.0092e-03
>> Best valid error:  2.8374e-03
>> Best test error:  2.5770e-03
>> Best epoch: 527
----------------------------------------------------------------------------------------------------
----------------------------------------------------------------------------------------------------
>> Training Completed!!
