>> Device being used: cuda (NVIDIA GeForce RTX 4090)
Total number of parameters: 66433
>> Training Mesh resolution: 257x257
tensor(0.8109)
tensor(3.3456)
>> Preprocessing completed, time elapsed:  0.34s
>> ntrain: 300, lr: 0.01, gamma: 0.6, w_d: 0.0
----------------------------------------------------------------------------------------------------
>> epoch [   1/3000], runtime:  23.18s, train err: 5.0590e+00 , valid err: 4.9742e+00 , test err: 5.3384e+00, (best: 5.0590e+00/4.9742e+00)
>> epoch [  51/3000], runtime:  24.07s, train err: 2.5457e-02 , valid err: 3.3579e-02 , test err: 3.1816e-02, (best: 2.5532e-02/2.3617e-02)
>> epoch [ 101/3000], runtime:  23.04s, train err: 1.7325e-02 , valid err: 1.7507e-02 , test err: 1.8114e-02, (best: 1.7572e-02/1.6903e-02)
>> epoch [ 151/3000], runtime:  24.00s, train err: 8.7776e-03 , valid err: 8.4063e-03 , test err: 8.0904e-03, (best: 8.7776e-03/8.4063e-03)
>> epoch [ 201/3000], runtime:  23.69s, train err: 8.0334e-03 , valid err: 0.0000e+00 , test err: 0.0000e+00, (best: 6.2661e-03/5.8714e-03)
>> epoch [ 251/3000], runtime:  23.03s, train err: 5.0638e-03 , valid err: 6.8875e-03 , test err: 6.0726e-03, (best: 5.1047e-03/4.6333e-03)
>> epoch [ 301/3000], runtime:  23.04s, train err: 4.0844e-03 , valid err: 0.0000e+00 , test err: 0.0000e+00, (best: 3.9419e-03/3.5861e-03)
>> epoch [ 351/3000], runtime:  23.06s, train err: 3.5357e-03 , valid err: 0.0000e+00 , test err: 0.0000e+00, (best: 3.2430e-03/2.8055e-03)
>> epoch [ 401/3000], runtime:  23.04s, train err: 3.5995e-03 , valid err: 0.0000e+00 , test err: 0.0000e+00, (best: 2.7137e-03/2.2579e-03)
>> epoch [ 451/3000], runtime:  23.30s, train err: 2.2450e-03 , valid err: 1.9211e-03 , test err: 1.9445e-03, (best: 2.2450e-03/1.9211e-03)
>> epoch [ 501/3000], runtime:  23.59s, train err: 2.0037e-03 , valid err: 1.7392e-03 , test err: 1.7338e-03, (best: 2.0037e-03/1.7392e-03)
>> epoch [ 551/3000], runtime:  24.08s, train err: 1.8711e-03 , valid err: 0.0000e+00 , test err: 0.0000e+00, (best: 1.8361e-03/1.6427e-03)
>> epoch [ 601/3000], runtime:  23.01s, train err: 1.6793e-03 , valid err: 0.0000e+00 , test err: 0.0000e+00, (best: 1.6739e-03/1.4852e-03)
>> epoch [ 651/3000], runtime:  23.04s, train err: 1.5976e-03 , valid err: 0.0000e+00 , test err: 0.0000e+00, (best: 1.5943e-03/1.4207e-03)
>> epoch [ 701/3000], runtime:  11.32s, train err: 1.4947e-03 , valid err: 1.3586e-03 , test err: 1.3640e-03, (best: 1.4947e-03/1.3586e-03)
>> epoch [ 751/3000], runtime:  11.32s, train err: 1.4479e-03 , valid err: 1.3137e-03 , test err: 1.3302e-03, (best: 1.4549e-03/1.3069e-03)
>> epoch [ 801/3000], runtime:  11.29s, train err: 1.4142e-03 , valid err: 0.0000e+00 , test err: 0.0000e+00, (best: 1.4095e-03/1.2701e-03)
>> epoch [ 851/3000], runtime:  11.31s, train err: 1.3621e-03 , valid err: 1.2340e-03 , test err: 1.2506e-03, (best: 1.3665e-03/1.2334e-03)
>> epoch [ 901/3000], runtime:  11.30s, train err: 1.3362e-03 , valid err: 1.2085e-03 , test err: 1.2307e-03, (best: 1.3362e-03/1.2085e-03)
>> epoch [ 951/3000], runtime:  11.30s, train err: 1.3149e-03 , valid err: 1.2154e-03 , test err: 1.2343e-03, (best: 1.3173e-03/1.1893e-03)
>> epoch [1001/3000], runtime:  11.33s, train err: 1.3052e-03 , valid err: 0.0000e+00 , test err: 0.0000e+00, (best: 1.3019e-03/1.1718e-03)
>> epoch [1051/3000], runtime:  11.32s, train err: 1.2887e-03 , valid err: 0.0000e+00 , test err: 0.0000e+00, (best: 1.2815e-03/1.1593e-03)
>> epoch [1101/3000], runtime:  11.31s, train err: 1.2701e-03 , valid err: 0.0000e+00 , test err: 0.0000e+00, (best: 1.2664e-03/1.1451e-03)
>> epoch [1151/3000], runtime:  11.32s, train err: 1.2498e-03 , valid err: 1.1493e-03 , test err: 1.1626e-03, (best: 1.2540e-03/1.1363e-03)
>> epoch [1201/3000], runtime:  11.31s, train err: 1.2380e-03 , valid err: 1.1369e-03 , test err: 1.1573e-03, (best: 1.2394e-03/1.1224e-03)
>> epoch [1251/3000], runtime:  11.31s, train err: 1.2347e-03 , valid err: 0.0000e+00 , test err: 0.0000e+00, (best: 1.2345e-03/1.1132e-03)
>> epoch [1301/3000], runtime:  11.34s, train err: 1.2180e-03 , valid err: 1.1066e-03 , test err: 1.1351e-03, (best: 1.2245e-03/1.1032e-03)
>> epoch [1351/3000], runtime:  11.32s, train err: 1.2108e-03 , valid err: 1.0993e-03 , test err: 1.1410e-03, (best: 1.2144e-03/1.0958e-03)
>> epoch [1401/3000], runtime:  11.30s, train err: 1.2027e-03 , valid err: 1.0889e-03 , test err: 1.1191e-03, (best: 1.2053e-03/1.0888e-03)
>> epoch [1451/3000], runtime:  11.31s, train err: 1.1949e-03 , valid err: 0.0000e+00 , test err: 0.0000e+00, (best: 1.1937e-03/1.0791e-03)
>> epoch [1501/3000], runtime:  11.30s, train err: 1.1879e-03 , valid err: 1.0770e-03 , test err: 1.1101e-03, (best: 1.1883e-03/1.0728e-03)
>> epoch [1551/3000], runtime:  11.31s, train err: 1.1814e-03 , valid err: 1.0684e-03 , test err: 1.1053e-03, (best: 1.1814e-03/1.0684e-03)
>> epoch [1601/3000], runtime:  11.30s, train err: 1.1793e-03 , valid err: 0.0000e+00 , test err: 0.0000e+00, (best: 1.1762e-03/1.0630e-03)
>> epoch [1651/3000], runtime:  11.31s, train err: 1.1704e-03 , valid err: 1.0692e-03 , test err: 1.0998e-03, (best: 1.1704e-03/1.0569e-03)
>> epoch [1701/3000], runtime:  11.32s, train err: 1.1659e-03 , valid err: 1.0564e-03 , test err: 1.0917e-03, (best: 1.1664e-03/1.0537e-03)
>> epoch [1751/3000], runtime:  11.30s, train err: 1.1638e-03 , valid err: 0.0000e+00 , test err: 0.0000e+00, (best: 1.1621e-03/1.0481e-03)
>> epoch [1801/3000], runtime:  11.29s, train err: 1.1582e-03 , valid err: 1.0463e-03 , test err: 1.0813e-03, (best: 1.1582e-03/1.0463e-03)
>> epoch [1851/3000], runtime:  11.34s, train err: 1.1560e-03 , valid err: 0.0000e+00 , test err: 0.0000e+00, (best: 1.1559e-03/1.0424e-03)
>> epoch [1901/3000], runtime:  11.32s, train err: 1.1523e-03 , valid err: 1.0406e-03 , test err: 1.0754e-03, (best: 1.1526e-03/1.0391e-03)
>> epoch [1951/3000], runtime:  11.33s, train err: 1.1502e-03 , valid err: 0.0000e+00 , test err: 0.0000e+00, (best: 1.1497e-03/1.0355e-03)
>> epoch [2001/3000], runtime:  11.31s, train err: 1.1468e-03 , valid err: 1.0354e-03 , test err: 1.0718e-03, (best: 1.1474e-03/1.0346e-03)
>> epoch [2051/3000], runtime:  11.32s, train err: 1.1444e-03 , valid err: 1.0330e-03 , test err: 1.0710e-03, (best: 1.1457e-03/1.0319e-03)
>> epoch [2101/3000], runtime:  11.33s, train err: 1.1427e-03 , valid err: 0.0000e+00 , test err: 0.0000e+00, (best: 1.1425e-03/1.0310e-03)
>> epoch [2151/3000], runtime:  11.31s, train err: 1.1408e-03 , valid err: 1.0297e-03 , test err: 1.0680e-03, (best: 1.1414e-03/1.0290e-03)
>> epoch [2201/3000], runtime:  11.34s, train err: 1.1386e-03 , valid err: 1.0289e-03 , test err: 1.0686e-03, (best: 1.1399e-03/1.0277e-03)
>> epoch [2251/3000], runtime:  11.30s, train err: 1.1380e-03 , valid err: 0.0000e+00 , test err: 0.0000e+00, (best: 1.1374e-03/1.0260e-03)
>> epoch [2301/3000], runtime:  11.29s, train err: 1.1374e-03 , valid err: 0.0000e+00 , test err: 0.0000e+00, (best: 1.1361e-03/1.0253e-03)
>> epoch [2351/3000], runtime:  11.30s, train err: 1.1347e-03 , valid err: 1.0247e-03 , test err: 1.0644e-03, (best: 1.1355e-03/1.0233e-03)
>> epoch [2401/3000], runtime:  11.31s, train err: 1.1340e-03 , valid err: 0.0000e+00 , test err: 0.0000e+00, (best: 1.1338e-03/1.0228e-03)
>> epoch [2451/3000], runtime:  11.33s, train err: 1.1330e-03 , valid err: 0.0000e+00 , test err: 0.0000e+00, (best: 1.1327e-03/1.0217e-03)
>> epoch [2501/3000], runtime:  11.30s, train err: 1.1320e-03 , valid err: 0.0000e+00 , test err: 0.0000e+00, (best: 1.1319e-03/1.0209e-03)
>> epoch [2551/3000], runtime:  11.29s, train err: 1.1311e-03 , valid err: 0.0000e+00 , test err: 0.0000e+00, (best: 1.1310e-03/1.0199e-03)
>> epoch [2601/3000], runtime:  11.33s, train err: 1.1301e-03 , valid err: 1.0201e-03 , test err: 1.0592e-03, (best: 1.1305e-03/1.0192e-03)
>> epoch [2651/3000], runtime:  11.31s, train err: 1.1294e-03 , valid err: 1.0187e-03 , test err: 1.0582e-03, (best: 1.1302e-03/1.0186e-03)
>> epoch [2701/3000], runtime:  11.33s, train err: 1.1290e-03 , valid err: 1.0192e-03 , test err: 1.0588e-03, (best: 1.1292e-03/1.0180e-03)
>> epoch [2751/3000], runtime:  11.29s, train err: 1.1282e-03 , valid err: 1.0182e-03 , test err: 1.0573e-03, (best: 1.1284e-03/1.0177e-03)
>> epoch [2801/3000], runtime:  11.33s, train err: 1.1284e-03 , valid err: 0.0000e+00 , test err: 0.0000e+00, (best: 1.1283e-03/1.0171e-03)
>> epoch [2851/3000], runtime:  11.33s, train err: 1.1272e-03 , valid err: 1.0178e-03 , test err: 1.0571e-03, (best: 1.1273e-03/1.0169e-03)
>> epoch [2901/3000], runtime:  11.32s, train err: 1.1268e-03 , valid err: 1.0172e-03 , test err: 1.0575e-03, (best: 1.1270e-03/1.0164e-03)
>> epoch [2951/3000], runtime:  11.38s, train err: 1.1266e-03 , valid err: 1.0171e-03 , test err: 1.0561e-03, (best: 1.1267e-03/1.0163e-03)
----------------------------------------------------------------------------------------------------
----------------------------------------------------------------------------------------------------
>> 128_5, Sigmoid, ntrain: 300, lr: 0.01, gamma: 0.6, w_d: 0.0
>> Best train error:  1.1264e-03
>> Best valid error:  1.0162e-03
>> Best test error:  1.0555e-03
>> Best epoch: 2973
----------------------------------------------------------------------------------------------------
----------------------------------------------------------------------------------------------------
>> Training Completed!!
