/root/autodl-tmp/project/MPNO_final/BlatzKo_1d/PNO_NN_ex35_k1/plot_NN_MGN_ICNN_L1loss.py:83: FutureWarning: You are using `torch.load` with `weights_only=False` (the current default value), which uses the default pickle module implicitly. It is possible to construct malicious pickle data which will execute arbitrary code during unpickling (See https://github.com/pytorch/pytorch/blob/main/SECURITY.md#untrusted-models for more details). In a future release, the default value for `weights_only` will be flipped to `True`. This limits the functions that could be executed during unpickling. Arbitrary objects will no longer be allowed to be loaded via this mode unless they are explicitly allowlisted by the user via `torch.serialization.add_safe_globals`. We recommend you start setting `weights_only=True` for any use case where you don't have full control of the loaded file. Please open an issue on GitHub for any issues related to this experimental feature.
  model_MGN.load_state_dict(torch.load(model_path))
MGN Total number of parameters: 1153
Total number of parameters: 66433
/root/autodl-tmp/project/MPNO_final/BlatzKo_1d/PNO_NN_ex35_k1/plot_NN_MGN_ICNN_L1loss.py:100: FutureWarning: You are using `torch.load` with `weights_only=False` (the current default value), which uses the default pickle module implicitly. It is possible to construct malicious pickle data which will execute arbitrary code during unpickling (See https://github.com/pytorch/pytorch/blob/main/SECURITY.md#untrusted-models for more details). In a future release, the default value for `weights_only` will be flipped to `True`. This limits the functions that could be executed during unpickling. Arbitrary objects will no longer be allowed to be loaded via this mode unless they are explicitly allowlisted by the user via `torch.serialization.add_safe_globals`. We recommend you start setting `weights_only=True` for any use case where you don't have full control of the loaded file. Please open an issue on GitHub for any issues related to this experimental feature.
  model_ICNN.load_state_dict(torch.load(model_path_icnn))
ICNN Total number of parameters: 66433
/root/autodl-tmp/project/MPNO_final/BlatzKo_1d/PNO_NN_ex35_k1/plot_NN_MGN_ICNN_L1loss.py:144: FutureWarning: You are using `torch.load` with `weights_only=False` (the current default value), which uses the default pickle module implicitly. It is possible to construct malicious pickle data which will execute arbitrary code during unpickling (See https://github.com/pytorch/pytorch/blob/main/SECURITY.md#untrusted-models for more details). In a future release, the default value for `weights_only` will be flipped to `True`. This limits the functions that could be executed during unpickling. Arbitrary objects will no longer be allowed to be loaded via this mode unless they are explicitly allowlisted by the user via `torch.serialization.add_safe_globals`. We recommend you start setting `weights_only=True` for any use case where you don't have full control of the loaded file. Please open an issue on GitHub for any issues related to this experimental feature.
  model_NN.load_state_dict(torch.load(model_path))
Traceback (most recent call last):
  File "/root/autodl-tmp/project/MPNO_final/BlatzKo_1d/PNO_NN_ex35_k1/plot_NN_MGN_ICNN_L1loss.py", line 147, in <module>
    loss = np.loadtxt('%s/loss_%s.txt' % (base_dir , 'train'))
  File "/root/miniconda3/envs/NPO310/lib/python3.10/site-packages/numpy/lib/_npyio_impl.py", line 1381, in loadtxt
    arr = _read(fname, dtype=dtype, comment=comment, delimiter=delimiter,
  File "/root/miniconda3/envs/NPO310/lib/python3.10/site-packages/numpy/lib/_npyio_impl.py", line 997, in _read
    fh = np.lib._datasource.open(fname, 'rt', encoding=encoding)
  File "/root/miniconda3/envs/NPO310/lib/python3.10/site-packages/numpy/lib/_datasource.py", line 192, in open
    return ds.open(path, mode, encoding=encoding, newline=newline)
  File "/root/miniconda3/envs/NPO310/lib/python3.10/site-packages/numpy/lib/_datasource.py", line 532, in open
    raise FileNotFoundError(f"{path} not found.")
FileNotFoundError: /root/autodl-tmp/project/MPNO_final/BlatzKo_1d/PNO_NN_ex35_k1/Results/ex35_128_5_ntrain_300_lrs_[0.01]_lr_[0.99, 0.998]_gap_1_Sigmoid_L1loss/loss_train.txt not found.
