Total number of parameters: 1321
/root/autodl-tmp/project/MPNO/BlatzKo_1d/PNO_NN_ex35_k1/plot_u_NN_MGN_new.py:39: FutureWarning: You are using `torch.load` with `weights_only=False` (the current default value), which uses the default pickle module implicitly. It is possible to construct malicious pickle data which will execute arbitrary code during unpickling (See https://github.com/pytorch/pytorch/blob/main/SECURITY.md#untrusted-models for more details). In a future release, the default value for `weights_only` will be flipped to `True`. This limits the functions that could be executed during unpickling. Arbitrary objects will no longer be allowed to be loaded via this mode unless they are explicitly allowlisted by the user via `torch.serialization.add_safe_globals`. We recommend you start setting `weights_only=True` for any use case where you don't have full control of the loaded file. Please open an issue on GitHub for any issues related to this experimental feature.
  model_NN.load_state_dict(torch.load(model_path))
Total number of parameters: 1153
/root/autodl-tmp/project/MPNO/BlatzKo_1d/PNO_NN_ex35_k1/plot_u_NN_MGN_new.py:50: FutureWarning: You are using `torch.load` with `weights_only=False` (the current default value), which uses the default pickle module implicitly. It is possible to construct malicious pickle data which will execute arbitrary code during unpickling (See https://github.com/pytorch/pytorch/blob/main/SECURITY.md#untrusted-models for more details). In a future release, the default value for `weights_only` will be flipped to `True`. This limits the functions that could be executed during unpickling. Arbitrary objects will no longer be allowed to be loaded via this mode unless they are explicitly allowlisted by the user via `torch.serialization.add_safe_globals`. We recommend you start setting `weights_only=True` for any use case where you don't have full control of the loaded file. Please open an issue on GitHub for any issues related to this experimental feature.
  model_MGN.load_state_dict(torch.load(model_path))
NN linear solver for sample 0: error=6.01e-07
NN nonlinear solver for sample 0: error=4.27e-07
MGN linear solver for sample 0: error=5.57e-07
MGN nonlinear solver for sample 0: error=4.61e-07
NN linear solver for sample 1: error=2.98e-02
NN nonlinear solver for sample 1: error=1.20e-01
MGN linear solver for sample 1: error=6.78e-07
MGN nonlinear solver for sample 1: error=3.42e-07
NN linear solver for sample 2: error=1.03e-07
NN nonlinear solver for sample 2: error=2.80e-01
MGN linear solver for sample 2: error=9.70e-01
MGN nonlinear solver for sample 2: error=3.92e-01
NN linear solver for sample 3: error=3.60e-07
NN nonlinear solver for sample 3: error=4.75e-07
MGN linear solver for sample 3: error=4.49e-07
MGN nonlinear solver for sample 3: error=3.24e-07
NN linear solver for sample 4: error=1.80e-03
NN nonlinear solver for sample 4: error=2.45e-03
MGN linear solver for sample 4: error=1.54e-07
MGN nonlinear solver for sample 4: error=1.62e-07
NN linear solver for sample 5: error=5.19e-07
NN nonlinear solver for sample 5: error=4.18e-07
MGN linear solver for sample 5: error=4.27e-07
MGN nonlinear solver for sample 5: error=3.84e-07
NN linear solver for sample 6: error=2.58e-07
NN nonlinear solver for sample 6: error=2.00e-07
MGN linear solver for sample 6: error=1.63e-07
MGN nonlinear solver for sample 6: error=1.42e-07
NN linear solver for sample 7: error=7.34e-03
NN nonlinear solver for sample 7: error=1.65e-01
MGN linear solver for sample 7: error=2.34e-07
MGN nonlinear solver for sample 7: error=3.00e-07
NN linear solver for sample 8: error=4.56e-07
NN nonlinear solver for sample 8: error=4.52e-07
MGN linear solver for sample 8: error=5.36e-07
MGN nonlinear solver for sample 8: error=3.75e-07
NN linear solver for sample 9: error=4.51e-02
NN nonlinear solver for sample 9: error=8.33e-02
MGN linear solver for sample 9: error=6.92e-07
MGN nonlinear solver for sample 9: error=5.45e-07
NN linear solver for sample 10: error=4.78e-02
NN nonlinear solver for sample 10: error=7.92e-02
MGN linear solver for sample 10: error=7.77e-07
MGN nonlinear solver for sample 10: error=6.82e-07
NN linear solver for sample 11: error=6.18e-02
NN nonlinear solver for sample 11: error=6.03e-02
MGN linear solver for sample 11: error=8.37e-07
MGN nonlinear solver for sample 11: error=6.27e-07
NN linear solver for sample 12: error=1.96e-02
NN nonlinear solver for sample 12: error=1.48e-01
MGN linear solver for sample 12: error=4.11e-07
MGN nonlinear solver for sample 12: error=3.56e-07
NN linear solver for sample 13: error=3.97e-02
NN nonlinear solver for sample 13: error=7.31e-02
MGN linear solver for sample 13: error=7.58e-07
MGN nonlinear solver for sample 13: error=4.95e-07
NN linear solver for sample 14: error=2.28e-03
NN nonlinear solver for sample 14: error=2.12e-01
MGN linear solver for sample 14: error=1.98e-07
MGN nonlinear solver for sample 14: error=1.32e-07
NN linear solver for sample 15: error=8.47e-02
NN nonlinear solver for sample 15: error=4.37e-07
MGN linear solver for sample 15: error=6.34e-07
MGN nonlinear solver for sample 15: error=5.16e-07
NN linear solver for sample 16: error=6.79e-02
NN nonlinear solver for sample 16: error=9.68e-02
MGN linear solver for sample 16: error=1.12e-06
MGN nonlinear solver for sample 16: error=8.83e-07
NN linear solver for sample 17: error=4.45e-04
NN nonlinear solver for sample 17: error=1.02e-01
MGN linear solver for sample 17: error=2.88e-07
MGN nonlinear solver for sample 17: error=1.91e-07
NN linear solver for sample 18: error=6.67e-02
NN nonlinear solver for sample 18: error=5.28e-02
MGN linear solver for sample 18: error=8.45e-07
MGN nonlinear solver for sample 18: error=6.55e-07
NN linear solver for sample 19: error=3.60e-02
NN nonlinear solver for sample 19: error=8.89e-02
MGN linear solver for sample 19: error=6.34e-07
MGN nonlinear solver for sample 19: error=6.23e-07
NN linear solver for sample 20: error=2.98e-07
NN nonlinear solver for sample 20: error=3.98e-01
MGN linear solver for sample 20: error=9.69e-01
MGN nonlinear solver for sample 20: error=3.91e-01
NN linear solver for sample 21: error=2.36e-03
NN nonlinear solver for sample 21: error=2.31e-01
MGN linear solver for sample 21: error=2.10e-07
MGN nonlinear solver for sample 21: error=2.03e-07
NN linear solver for sample 22: error=6.38e-02
NN nonlinear solver for sample 22: error=6.69e-07
MGN linear solver for sample 22: error=9.02e-07
MGN nonlinear solver for sample 22: error=8.99e-07
NN linear solver for sample 23: error=5.50e-02
NN nonlinear solver for sample 23: error=6.91e-07
MGN linear solver for sample 23: error=7.25e-07
MGN nonlinear solver for sample 23: error=6.64e-07
NN linear solver for sample 24: error=1.63e-02
NN nonlinear solver for sample 24: error=1.26e-01
MGN linear solver for sample 24: error=3.60e-07
MGN nonlinear solver for sample 24: error=2.70e-07
NN linear solver for sample 25: error=7.47e-02
NN nonlinear solver for sample 25: error=8.44e-02
MGN linear solver for sample 25: error=7.04e-07
MGN nonlinear solver for sample 25: error=4.25e-07
NN linear solver for sample 26: error=4.25e-02
NN nonlinear solver for sample 26: error=6.27e-02
MGN linear solver for sample 26: error=8.14e-07
MGN nonlinear solver for sample 26: error=5.92e-07
NN linear solver for sample 27: error=1.73e-07
NN nonlinear solver for sample 27: error=1.36e-07
MGN linear solver for sample 27: error=2.24e-07
MGN nonlinear solver for sample 27: error=1.64e-07
NN linear solver for sample 28: error=1.74e-02
NN nonlinear solver for sample 28: error=1.27e-01
MGN linear solver for sample 28: error=3.15e-07
MGN nonlinear solver for sample 28: error=2.61e-07
NN linear solver for sample 29: error=1.81e-02
NN nonlinear solver for sample 29: error=1.34e-01
MGN linear solver for sample 29: error=2.75e-07
MGN nonlinear solver for sample 29: error=2.59e-07
NN linear solver for sample 30: error=2.24e-07
NN nonlinear solver for sample 30: error=1.32e-07
MGN linear solver for sample 30: error=2.04e-07
MGN nonlinear solver for sample 30: error=1.36e-07
NN linear solver for sample 31: error=2.64e-07
NN nonlinear solver for sample 31: error=1.83e-07
MGN linear solver for sample 31: error=2.01e-07
MGN nonlinear solver for sample 31: error=1.80e-07
NN linear solver for sample 32: error=1.03e-07
NN nonlinear solver for sample 32: error=3.08e-01
MGN linear solver for sample 32: error=5.33e-03
MGN nonlinear solver for sample 32: error=5.33e-03
NN linear solver for sample 33: error=1.45e-07
NN nonlinear solver for sample 33: error=1.62e-07
MGN linear solver for sample 33: error=1.96e-07
MGN nonlinear solver for sample 33: error=1.37e-07
NN linear solver for sample 34: error=3.69e-02
NN nonlinear solver for sample 34: error=8.77e-02
MGN linear solver for sample 34: error=6.24e-07
MGN nonlinear solver for sample 34: error=4.26e-07
NN linear solver for sample 35: error=5.54e-03
NN nonlinear solver for sample 35: error=1.76e-01
MGN linear solver for sample 35: error=1.79e-07
MGN nonlinear solver for sample 35: error=1.85e-07
NN linear solver for sample 36: error=5.66e-02
NN nonlinear solver for sample 36: error=7.40e-02
MGN linear solver for sample 36: error=9.01e-07
MGN nonlinear solver for sample 36: error=6.96e-07
NN linear solver for sample 37: error=5.15e-02
NN nonlinear solver for sample 37: error=7.95e-02
MGN linear solver for sample 37: error=6.92e-07
MGN nonlinear solver for sample 37: error=5.76e-07
NN linear solver for sample 38: error=1.02e-07
NN nonlinear solver for sample 38: error=2.50e-01
MGN linear solver for sample 38: error=1.25e-07
MGN nonlinear solver for sample 38: error=7.47e-08
NN linear solver for sample 39: error=7.30e-02
NN nonlinear solver for sample 39: error=1.01e-01
MGN linear solver for sample 39: error=6.30e-07
MGN nonlinear solver for sample 39: error=6.43e-07
NN linear solver for sample 40: error=6.87e-03
NN nonlinear solver for sample 40: error=1.52e-01
MGN linear solver for sample 40: error=3.34e-07
MGN nonlinear solver for sample 40: error=3.42e-07
NN linear solver for sample 41: error=2.74e-07
NN nonlinear solver for sample 41: error=3.23e-01
MGN linear solver for sample 41: error=2.22e-02
MGN nonlinear solver for sample 41: error=5.72e-02
NN linear solver for sample 42: error=2.77e-02
NN nonlinear solver for sample 42: error=1.14e-01
MGN linear solver for sample 42: error=4.01e-07
MGN nonlinear solver for sample 42: error=3.66e-07
NN linear solver for sample 43: error=5.92e-07
NN nonlinear solver for sample 43: error=3.97e-07
MGN linear solver for sample 43: error=5.23e-07
MGN nonlinear solver for sample 43: error=4.61e-07
NN linear solver for sample 44: error=5.64e-02
NN nonlinear solver for sample 44: error=6.15e-02
MGN linear solver for sample 44: error=7.58e-07
MGN nonlinear solver for sample 44: error=7.65e-07
NN linear solver for sample 45: error=5.41e-07
NN nonlinear solver for sample 45: error=3.30e-07
MGN linear solver for sample 45: error=5.81e-07
MGN nonlinear solver for sample 45: error=4.40e-07
NN linear solver for sample 46: error=6.72e-02
NN nonlinear solver for sample 46: error=6.50e-02
MGN linear solver for sample 46: error=6.91e-07
MGN nonlinear solver for sample 46: error=3.84e-07
NN linear solver for sample 47: error=1.29e-02
NN nonlinear solver for sample 47: error=1.67e-01
MGN linear solver for sample 47: error=3.23e-07
MGN nonlinear solver for sample 47: error=2.84e-07
NN linear solver for sample 48: error=1.02e-07
NN nonlinear solver for sample 48: error=1.02e-07
MGN linear solver for sample 48: error=1.63e-07
MGN nonlinear solver for sample 48: error=1.01e-07
NN linear solver for sample 49: error=5.93e-02
NN nonlinear solver for sample 49: error=5.73e-02
MGN linear solver for sample 49: error=8.09e-07
MGN nonlinear solver for sample 49: error=8.14e-07
NN linear solver for sample 50: error=5.61e-07
NN nonlinear solver for sample 50: error=3.52e-07
MGN linear solver for sample 50: error=6.09e-07
MGN nonlinear solver for sample 50: error=4.51e-07
NN linear solver for sample 51: error=3.36e-07
NN nonlinear solver for sample 51: error=3.40e-07
MGN linear solver for sample 51: error=4.97e-07
MGN nonlinear solver for sample 51: error=3.91e-07
NN linear solver for sample 52: error=8.33e-02
NN nonlinear solver for sample 52: error=8.66e-02
MGN linear solver for sample 52: error=5.87e-07
MGN nonlinear solver for sample 52: error=4.18e-07
NN linear solver for sample 53: error=4.76e-02
NN nonlinear solver for sample 53: error=9.37e-02
MGN linear solver for sample 53: error=7.36e-07
MGN nonlinear solver for sample 53: error=6.68e-07
NN linear solver for sample 54: error=1.19e-03
NN nonlinear solver for sample 54: error=2.19e-01
MGN linear solver for sample 54: error=3.50e-03
MGN nonlinear solver for sample 54: error=3.50e-03
NN linear solver for sample 55: error=7.77e-08
NN nonlinear solver for sample 55: error=2.43e-01
MGN linear solver for sample 55: error=1.94e-03
MGN nonlinear solver for sample 55: error=1.94e-03
NN linear solver for sample 56: error=4.68e-07
NN nonlinear solver for sample 56: error=4.40e-07
MGN linear solver for sample 56: error=6.07e-07
MGN nonlinear solver for sample 56: error=4.02e-07
NN linear solver for sample 57: error=2.24e-07
NN nonlinear solver for sample 57: error=1.53e-07
MGN linear solver for sample 57: error=2.11e-07
MGN nonlinear solver for sample 57: error=1.40e-07
NN linear solver for sample 58: error=5.90e-07
NN nonlinear solver for sample 58: error=4.32e-07
MGN linear solver for sample 58: error=5.97e-07
MGN nonlinear solver for sample 58: error=4.86e-07
NN linear solver for sample 59: error=1.16e-02
NN nonlinear solver for sample 59: error=1.37e-01
MGN linear solver for sample 59: error=1.89e-07
MGN nonlinear solver for sample 59: error=2.73e-07
NN linear solver for sample 60: error=6.74e-02
NN nonlinear solver for sample 60: error=4.28e-07
MGN linear solver for sample 60: error=7.47e-07
MGN nonlinear solver for sample 60: error=4.07e-07
NN linear solver for sample 61: error=8.99e-04
NN nonlinear solver for sample 61: error=1.84e-01
MGN linear solver for sample 61: error=1.22e-07
MGN nonlinear solver for sample 61: error=1.15e-07
NN linear solver for sample 62: error=6.75e-02
NN nonlinear solver for sample 62: error=5.95e-02
MGN linear solver for sample 62: error=6.69e-07
MGN nonlinear solver for sample 62: error=6.85e-07
NN linear solver for sample 63: error=5.55e-02
NN nonlinear solver for sample 63: error=6.52e-02
MGN linear solver for sample 63: error=7.97e-07
MGN nonlinear solver for sample 63: error=6.03e-07
NN linear solver for sample 64: error=2.08e-02
NN nonlinear solver for sample 64: error=1.34e-01
MGN linear solver for sample 64: error=4.15e-07
MGN nonlinear solver for sample 64: error=3.45e-07
NN linear solver for sample 65: error=2.32e-07
NN nonlinear solver for sample 65: error=1.75e-07
MGN linear solver for sample 65: error=1.75e-07
MGN nonlinear solver for sample 65: error=1.59e-07
NN linear solver for sample 66: error=4.25e-07
NN nonlinear solver for sample 66: error=3.23e-07
MGN linear solver for sample 66: error=5.63e-07
MGN nonlinear solver for sample 66: error=3.62e-07
NN linear solver for sample 67: error=1.05e-07
NN nonlinear solver for sample 67: error=2.77e-01
MGN linear solver for sample 67: error=2.69e-02
MGN nonlinear solver for sample 67: error=2.69e-02
NN linear solver for sample 68: error=1.91e-07
NN nonlinear solver for sample 68: error=1.70e-07
MGN linear solver for sample 68: error=2.11e-07
MGN nonlinear solver for sample 68: error=1.70e-07
NN linear solver for sample 69: error=1.37e-02
NN nonlinear solver for sample 69: error=1.60e-01
MGN linear solver for sample 69: error=3.58e-07
MGN nonlinear solver for sample 69: error=3.53e-07
NN linear solver for sample 70: error=5.15e-07
NN nonlinear solver for sample 70: error=3.86e-07
MGN linear solver for sample 70: error=5.74e-07
MGN nonlinear solver for sample 70: error=4.50e-07
NN linear solver for sample 71: error=1.21e-07
NN nonlinear solver for sample 71: error=9.97e-08
MGN linear solver for sample 71: error=1.24e-07
MGN nonlinear solver for sample 71: error=1.24e-07
NN linear solver for sample 72: error=2.32e-02
NN nonlinear solver for sample 72: error=4.67e-02
MGN linear solver for sample 72: error=4.34e-07
MGN nonlinear solver for sample 72: error=3.64e-07
NN linear solver for sample 73: error=2.78e-02
NN nonlinear solver for sample 73: error=1.57e-01
MGN linear solver for sample 73: error=4.72e-07
MGN nonlinear solver for sample 73: error=4.53e-07
NN linear solver for sample 74: error=7.13e-03
NN nonlinear solver for sample 74: error=1.98e-01
MGN linear solver for sample 74: error=2.31e-07
MGN nonlinear solver for sample 74: error=1.67e-07
NN linear solver for sample 75: error=6.98e-02
NN nonlinear solver for sample 75: error=6.47e-02
MGN linear solver for sample 75: error=8.54e-07
MGN nonlinear solver for sample 75: error=6.08e-07
NN linear solver for sample 76: error=4.39e-02
NN nonlinear solver for sample 76: error=7.81e-02
MGN linear solver for sample 76: error=7.34e-07
MGN nonlinear solver for sample 76: error=4.79e-07
NN linear solver for sample 77: error=8.88e-02
NN nonlinear solver for sample 77: error=8.26e-02
MGN linear solver for sample 77: error=5.89e-07
MGN nonlinear solver for sample 77: error=4.27e-07
NN linear solver for sample 78: error=2.06e-07
NN nonlinear solver for sample 78: error=1.45e-07
MGN linear solver for sample 78: error=2.20e-07
MGN nonlinear solver for sample 78: error=1.32e-07
NN linear solver for sample 79: error=1.30e-07
NN nonlinear solver for sample 79: error=1.29e-07
MGN linear solver for sample 79: error=1.56e-07
MGN nonlinear solver for sample 79: error=1.62e-07
NN linear solver for sample 80: error=1.92e-07
NN nonlinear solver for sample 80: error=9.31e-08
MGN linear solver for sample 80: error=1.29e-07
MGN nonlinear solver for sample 80: error=1.17e-07
NN linear solver for sample 81: error=6.46e-07
NN nonlinear solver for sample 81: error=3.49e-07
MGN linear solver for sample 81: error=6.02e-07
MGN nonlinear solver for sample 81: error=3.88e-07
NN linear solver for sample 82: error=3.27e-02
NN nonlinear solver for sample 82: error=1.05e-01
MGN linear solver for sample 82: error=6.63e-07
MGN nonlinear solver for sample 82: error=4.14e-07
NN linear solver for sample 83: error=1.95e-07
NN nonlinear solver for sample 83: error=1.56e-07
MGN linear solver for sample 83: error=2.45e-07
MGN nonlinear solver for sample 83: error=1.65e-07
NN linear solver for sample 84: error=3.72e-07
NN nonlinear solver for sample 84: error=4.29e-07
MGN linear solver for sample 84: error=3.77e-07
MGN nonlinear solver for sample 84: error=3.01e-07
NN linear solver for sample 85: error=4.65e-02
NN nonlinear solver for sample 85: error=7.88e-02
MGN linear solver for sample 85: error=6.54e-07
MGN nonlinear solver for sample 85: error=5.38e-07
NN linear solver for sample 86: error=5.43e-07
NN nonlinear solver for sample 86: error=3.65e-07
MGN linear solver for sample 86: error=4.08e-07
MGN nonlinear solver for sample 86: error=3.84e-07
NN linear solver for sample 87: error=5.03e-07
NN nonlinear solver for sample 87: error=3.09e-07
MGN linear solver for sample 87: error=4.76e-07
MGN nonlinear solver for sample 87: error=3.52e-07
NN linear solver for sample 88: error=5.77e-07
NN nonlinear solver for sample 88: error=4.16e-07
MGN linear solver for sample 88: error=5.35e-07
MGN nonlinear solver for sample 88: error=3.77e-07
NN linear solver for sample 89: error=4.68e-07
NN nonlinear solver for sample 89: error=3.88e-07
MGN linear solver for sample 89: error=6.00e-07
MGN nonlinear solver for sample 89: error=3.27e-07
NN linear solver for sample 90: error=1.95e-02
NN nonlinear solver for sample 90: error=1.34e-01
MGN linear solver for sample 90: error=2.79e-07
MGN nonlinear solver for sample 90: error=2.82e-07
NN linear solver for sample 91: error=6.99e-02
NN nonlinear solver for sample 91: error=9.42e-02
MGN linear solver for sample 91: error=1.10e-06
MGN nonlinear solver for sample 91: error=6.57e-07
NN linear solver for sample 92: error=6.83e-02
NN nonlinear solver for sample 92: error=5.81e-07
MGN linear solver for sample 92: error=8.95e-07
MGN nonlinear solver for sample 92: error=6.63e-07
NN linear solver for sample 93: error=9.80e-07
NN nonlinear solver for sample 93: error=7.82e-07
MGN linear solver for sample 93: error=8.03e-07
MGN nonlinear solver for sample 93: error=7.05e-07
NN linear solver for sample 94: error=1.70e-02
NN nonlinear solver for sample 94: error=1.37e-01
MGN linear solver for sample 94: error=2.69e-07
MGN nonlinear solver for sample 94: error=2.26e-07
NN linear solver for sample 95: error=1.65e-07
NN nonlinear solver for sample 95: error=1.77e-07
MGN linear solver for sample 95: error=1.70e-07
MGN nonlinear solver for sample 95: error=1.40e-07
NN linear solver for sample 96: error=5.69e-07
NN nonlinear solver for sample 96: error=3.64e-07
MGN linear solver for sample 96: error=5.22e-07
MGN nonlinear solver for sample 96: error=3.93e-07
NN linear solver for sample 97: error=6.72e-02
NN nonlinear solver for sample 97: error=8.48e-02
MGN linear solver for sample 97: error=9.35e-07
MGN nonlinear solver for sample 97: error=6.87e-07
NN linear solver for sample 98: error=5.60e-08
NN nonlinear solver for sample 98: error=2.47e-01
MGN linear solver for sample 98: error=1.95e-03
MGN nonlinear solver for sample 98: error=1.95e-03
NN linear solver for sample 99: error=3.22e-07
NN nonlinear solver for sample 99: error=3.55e-07
MGN linear solver for sample 99: error=6.17e-07
MGN nonlinear solver for sample 99: error=2.74e-07
