>> Device being used: cuda (NVIDIA GeForce RTX 4090)
Total number of parameters: 3265
>> Training Mesh resolution: 257x257
/root/autodl-tmp/project/MPNO_final/BlatzKo_1d/PNO_NN_ex35_k1/PNO_BB.py:137: UserWarning: torch.range is deprecated and will be removed in a future release because its behavior is inconsistent with Python's range builtin. Instead, use torch.arange, which produces values in [start, end).
  ksi_range = torch.range(-m_fact, m_fact).int()
tensor(0.8109)
tensor(3.3456)
>> Preprocessing completed, time elapsed:  0.58s
>> ntrain: 300, lr: 0.01, gamma: 0.6, w_d: 0.0
----------------------------------------------------------------------------------------------------
>> epoch [   1/3000], runtime: 2.28s, train loss: 2.3602e-04, valid loss: 3.2196e-05 , test loss: 6.6050e-03
>> epoch [   2/3000], runtime: 1.99s, train loss: 1.6887e-04, valid loss: 2.7581e-05 , test loss: 5.4437e-03
>> epoch [   3/3000], runtime: 1.99s, train loss: 1.3233e-04, valid loss: 1.9169e-05 , test loss: 4.1997e-03
>> epoch [   4/3000], runtime: 1.87s, train loss: 7.9238e-05, valid loss: 1.2828e-05 , test loss: 2.4862e-03
>> epoch [   5/3000], runtime:  2.00s, train loss: 6.4802e-05 (best: 7.9238e-05/1.2828e-05)
>> epoch [   6/3000], runtime: 2.01s, train loss: 6.2947e-05, valid loss: 1.0412e-05 , test loss: 1.4761e-03
>> epoch [   7/3000], runtime:  1.97s, train loss: 8.3470e-05 (best: 6.2947e-05/1.0412e-05)
>> epoch [   8/3000], runtime:  1.68s, train loss: 1.4648e-04 (best: 6.2947e-05/1.0412e-05)
>> epoch [   9/3000], runtime:  2.00s, train loss: 9.0704e-05 (best: 6.2947e-05/1.0412e-05)
>> epoch [  10/3000], runtime:  1.66s, train loss: 6.3466e-05 (best: 6.2947e-05/1.0412e-05)
>> epoch [  11/3000], runtime:  1.87s, train loss: 7.5584e-05 (best: 6.2947e-05/1.0412e-05)
>> epoch [  12/3000], runtime: 1.74s, train loss: 6.1375e-05, valid loss: 9.1671e-06 , test loss: 1.5061e-03
>> epoch [  13/3000], runtime:  1.82s, train loss: 6.1213e-05 (best: 6.1375e-05/9.1671e-06)
>> epoch [  14/3000], runtime: 2.00s, train loss: 5.9088e-05, valid loss: 8.5759e-06 , test loss: 1.5270e-03
>> epoch [  15/3000], runtime:  1.98s, train loss: 5.7520e-05 (best: 5.9088e-05/8.5759e-06)
>> epoch [  16/3000], runtime:  2.02s, train loss: 5.9913e-05 (best: 5.9088e-05/8.5759e-06)
>> epoch [  17/3000], runtime:  2.01s, train loss: 6.3143e-05 (best: 5.9088e-05/8.5759e-06)
>> epoch [  18/3000], runtime:  1.79s, train loss: 6.7301e-05 (best: 5.9088e-05/8.5759e-06)
>> epoch [  19/3000], runtime:  2.03s, train loss: 5.6442e-05 (best: 5.9088e-05/8.5759e-06)
>> epoch [  20/3000], runtime:  2.11s, train loss: 5.5199e-05 (best: 5.9088e-05/8.5759e-06)
>> epoch [  21/3000], runtime:  1.98s, train loss: 6.0375e-05 (best: 5.9088e-05/8.5759e-06)
>> epoch [  22/3000], runtime:  1.78s, train loss: 5.7067e-05 (best: 5.9088e-05/8.5759e-06)
>> epoch [  23/3000], runtime:  2.07s, train loss: 6.0357e-05 (best: 5.9088e-05/8.5759e-06)
>> epoch [  24/3000], runtime:  1.99s, train loss: 5.8340e-05 (best: 5.9088e-05/8.5759e-06)
>> epoch [  25/3000], runtime:  2.01s, train loss: 6.2252e-05 (best: 5.9088e-05/8.5759e-06)
>> epoch [  26/3000], runtime:  1.98s, train loss: 5.1303e-05 (best: 5.9088e-05/8.5759e-06)
>> epoch [  27/3000], runtime:  1.62s, train loss: 5.4420e-05 (best: 5.9088e-05/8.5759e-06)
>> epoch [  28/3000], runtime:  1.98s, train loss: 5.3476e-05 (best: 5.9088e-05/8.5759e-06)
>> epoch [  29/3000], runtime:  1.98s, train loss: 5.4104e-05 (best: 5.9088e-05/8.5759e-06)
>> epoch [  30/3000], runtime:  2.09s, train loss: 5.0986e-05 (best: 5.9088e-05/8.5759e-06)
>> epoch [  31/3000], runtime:  2.02s, train loss: 5.3872e-05 (best: 5.9088e-05/8.5759e-06)
>> epoch [  32/3000], runtime:  1.69s, train loss: 5.4856e-05 (best: 5.9088e-05/8.5759e-06)
>> epoch [  33/3000], runtime:  1.99s, train loss: 6.0155e-05 (best: 5.9088e-05/8.5759e-06)
>> epoch [  34/3000], runtime:  1.97s, train loss: 5.8358e-05 (best: 5.9088e-05/8.5759e-06)
>> epoch [  35/3000], runtime:  2.02s, train loss: 5.3675e-05 (best: 5.9088e-05/8.5759e-06)
>> epoch [  36/3000], runtime:  2.02s, train loss: 5.3238e-05 (best: 5.9088e-05/8.5759e-06)
>> epoch [  37/3000], runtime:  2.02s, train loss: 5.5051e-05 (best: 5.9088e-05/8.5759e-06)
>> epoch [  38/3000], runtime:  1.93s, train loss: 5.0306e-05 (best: 5.9088e-05/8.5759e-06)
>> epoch [  39/3000], runtime:  1.95s, train loss: 5.4173e-05 (best: 5.9088e-05/8.5759e-06)
>> epoch [  40/3000], runtime:  1.95s, train loss: 7.6616e-05 (best: 5.9088e-05/8.5759e-06)
>> epoch [  41/3000], runtime:  1.79s, train loss: 5.7628e-05 (best: 5.9088e-05/8.5759e-06)
>> epoch [  42/3000], runtime:  1.77s, train loss: 5.1950e-05 (best: 5.9088e-05/8.5759e-06)
>> epoch [  43/3000], runtime:  1.73s, train loss: 5.3691e-05 (best: 5.9088e-05/8.5759e-06)
>> epoch [  44/3000], runtime:  1.77s, train loss: 5.1854e-05 (best: 5.9088e-05/8.5759e-06)
>> epoch [  45/3000], runtime:  2.00s, train loss: 6.3402e-05 (best: 5.9088e-05/8.5759e-06)
>> epoch [  46/3000], runtime:  1.99s, train loss: 6.0578e-05 (best: 5.9088e-05/8.5759e-06)
>> epoch [  47/3000], runtime:  2.01s, train loss: 5.3682e-05 (best: 5.9088e-05/8.5759e-06)
>> epoch [  48/3000], runtime:  1.65s, train loss: 5.3150e-05 (best: 5.9088e-05/8.5759e-06)
>> epoch [  49/3000], runtime:  2.01s, train loss: 5.0735e-05 (best: 5.9088e-05/8.5759e-06)
>> epoch [  50/3000], runtime:  1.94s, train loss: 5.2109e-05 (best: 5.9088e-05/8.5759e-06)
>> epoch [  51/3000], runtime:  1.98s, train loss: 5.0902e-05 (best: 5.9088e-05/8.5759e-06)
>> epoch [  52/3000], runtime:  1.54s, train loss: 5.2947e-05 (best: 5.9088e-05/8.5759e-06)
>> epoch [  53/3000], runtime:  2.01s, train loss: 5.1716e-05 (best: 5.9088e-05/8.5759e-06)
>> epoch [  54/3000], runtime:  1.73s, train loss: 5.7376e-05 (best: 5.9088e-05/8.5759e-06)
>> epoch [  55/3000], runtime:  2.01s, train loss: 5.4176e-05 (best: 5.9088e-05/8.5759e-06)
>> epoch [  56/3000], runtime:  1.67s, train loss: 5.3794e-05 (best: 5.9088e-05/8.5759e-06)
>> epoch [  57/3000], runtime:  2.00s, train loss: 5.5980e-05 (best: 5.9088e-05/8.5759e-06)
>> epoch [  58/3000], runtime:  1.84s, train loss: 5.4856e-05 (best: 5.9088e-05/8.5759e-06)
>> epoch [  59/3000], runtime:  1.98s, train loss: 5.1253e-05 (best: 5.9088e-05/8.5759e-06)
>> epoch [  60/3000], runtime:  1.92s, train loss: 5.3287e-05 (best: 5.9088e-05/8.5759e-06)
>> epoch [  61/3000], runtime:  1.96s, train loss: 5.3064e-05 (best: 5.9088e-05/8.5759e-06)
>> epoch [  62/3000], runtime:  1.97s, train loss: 5.4649e-05 (best: 5.9088e-05/8.5759e-06)
>> epoch [  63/3000], runtime:  1.96s, train loss: 5.5408e-05 (best: 5.9088e-05/8.5759e-06)
>> epoch [  64/3000], runtime:  1.94s, train loss: 5.4029e-05 (best: 5.9088e-05/8.5759e-06)
>> epoch [  65/3000], runtime:  2.00s, train loss: 5.7620e-05 (best: 5.9088e-05/8.5759e-06)
>> epoch [  66/3000], runtime:  2.02s, train loss: 5.3905e-05 (best: 5.9088e-05/8.5759e-06)
>> epoch [  67/3000], runtime:  1.69s, train loss: 5.0146e-05 (best: 5.9088e-05/8.5759e-06)
>> epoch [  68/3000], runtime:  1.69s, train loss: 4.9950e-05 (best: 5.9088e-05/8.5759e-06)
>> epoch [  69/3000], runtime:  1.72s, train loss: 5.0621e-05 (best: 5.9088e-05/8.5759e-06)
>> epoch [  70/3000], runtime:  1.70s, train loss: 6.1394e-05 (best: 5.9088e-05/8.5759e-06)
>> epoch [  71/3000], runtime:  1.88s, train loss: 5.3907e-05 (best: 5.9088e-05/8.5759e-06)
>> epoch [  72/3000], runtime:  1.95s, train loss: 5.1605e-05 (best: 5.9088e-05/8.5759e-06)
>> epoch [  73/3000], runtime:  1.76s, train loss: 5.3447e-05 (best: 5.9088e-05/8.5759e-06)
>> epoch [  74/3000], runtime:  1.98s, train loss: 5.4290e-05 (best: 5.9088e-05/8.5759e-06)
>> epoch [  75/3000], runtime:  1.99s, train loss: 5.5125e-05 (best: 5.9088e-05/8.5759e-06)
>> epoch [  76/3000], runtime:  1.99s, train loss: 5.3657e-05 (best: 5.9088e-05/8.5759e-06)
>> epoch [  77/3000], runtime:  1.57s, train loss: 5.3165e-05 (best: 5.9088e-05/8.5759e-06)
>> epoch [  78/3000], runtime:  2.00s, train loss: 5.1291e-05 (best: 5.9088e-05/8.5759e-06)
>> epoch [  79/3000], runtime:  1.99s, train loss: 4.9982e-05 (best: 5.9088e-05/8.5759e-06)
>> epoch [  80/3000], runtime:  1.94s, train loss: 5.3525e-05 (best: 5.9088e-05/8.5759e-06)
>> epoch [  81/3000], runtime:  1.94s, train loss: 5.1347e-05 (best: 5.9088e-05/8.5759e-06)
>> epoch [  82/3000], runtime:  2.00s, train loss: 4.8919e-05 (best: 5.9088e-05/8.5759e-06)
>> epoch [  83/3000], runtime:  2.01s, train loss: 5.5648e-05 (best: 5.9088e-05/8.5759e-06)
>> epoch [  84/3000], runtime: 1.99s, train loss: 5.2059e-05, valid loss: 8.5234e-06 , test loss: 1.4890e-03
>> epoch [  85/3000], runtime:  2.00s, train loss: 4.9708e-05 (best: 5.2059e-05/8.5234e-06)
>> epoch [  86/3000], runtime:  2.01s, train loss: 5.5119e-05 (best: 5.2059e-05/8.5234e-06)
>> epoch [  87/3000], runtime:  1.98s, train loss: 5.0646e-05 (best: 5.2059e-05/8.5234e-06)
>> epoch [  88/3000], runtime:  1.94s, train loss: 4.9668e-05 (best: 5.2059e-05/8.5234e-06)
>> epoch [  89/3000], runtime:  1.99s, train loss: 5.1567e-05 (best: 5.2059e-05/8.5234e-06)
>> epoch [  90/3000], runtime:  2.02s, train loss: 5.0176e-05 (best: 5.2059e-05/8.5234e-06)
>> epoch [  91/3000], runtime:  2.00s, train loss: 5.3397e-05 (best: 5.2059e-05/8.5234e-06)
>> epoch [  92/3000], runtime:  2.00s, train loss: 6.0225e-05 (best: 5.2059e-05/8.5234e-06)
>> epoch [  93/3000], runtime:  2.00s, train loss: 5.3926e-05 (best: 5.2059e-05/8.5234e-06)
>> epoch [  94/3000], runtime:  1.99s, train loss: 5.3876e-05 (best: 5.2059e-05/8.5234e-06)
>> epoch [  95/3000], runtime:  1.96s, train loss: 5.4041e-05 (best: 5.2059e-05/8.5234e-06)
>> epoch [  96/3000], runtime:  1.73s, train loss: 5.0292e-05 (best: 5.2059e-05/8.5234e-06)
>> epoch [  97/3000], runtime:  1.68s, train loss: 5.3878e-05 (best: 5.2059e-05/8.5234e-06)
>> epoch [  98/3000], runtime:  1.83s, train loss: 6.0959e-05 (best: 5.2059e-05/8.5234e-06)
>> epoch [  99/3000], runtime:  1.79s, train loss: 5.0435e-05 (best: 5.2059e-05/8.5234e-06)
>> epoch [ 100/3000], runtime:  1.80s, train loss: 5.7196e-05 (best: 5.2059e-05/8.5234e-06)
>> epoch [ 101/3000], runtime:  2.02s, train loss: 5.5327e-05 (best: 5.2059e-05/8.5234e-06)
>> epoch [ 102/3000], runtime:  1.99s, train loss: 5.1203e-05 (best: 5.2059e-05/8.5234e-06)
>> epoch [ 103/3000], runtime:  1.78s, train loss: 5.1862e-05 (best: 5.2059e-05/8.5234e-06)
>> epoch [ 104/3000], runtime:  1.94s, train loss: 5.0798e-05 (best: 5.2059e-05/8.5234e-06)
>> epoch [ 105/3000], runtime:  1.88s, train loss: 5.0194e-05 (best: 5.2059e-05/8.5234e-06)
>> epoch [ 106/3000], runtime:  1.96s, train loss: 5.1304e-05 (best: 5.2059e-05/8.5234e-06)
>> epoch [ 107/3000], runtime:  2.01s, train loss: 5.3617e-05 (best: 5.2059e-05/8.5234e-06)
>> epoch [ 108/3000], runtime:  2.00s, train loss: 5.3147e-05 (best: 5.2059e-05/8.5234e-06)
>> epoch [ 109/3000], runtime:  2.00s, train loss: 5.3547e-05 (best: 5.2059e-05/8.5234e-06)
>> epoch [ 110/3000], runtime:  2.00s, train loss: 5.2353e-05 (best: 5.2059e-05/8.5234e-06)
>> epoch [ 111/3000], runtime:  2.01s, train loss: 5.0414e-05 (best: 5.2059e-05/8.5234e-06)
>> epoch [ 112/3000], runtime:  2.00s, train loss: 5.3025e-05 (best: 5.2059e-05/8.5234e-06)
>> epoch [ 113/3000], runtime:  2.00s, train loss: 5.4387e-05 (best: 5.2059e-05/8.5234e-06)
>> epoch [ 114/3000], runtime:  2.03s, train loss: 5.3669e-05 (best: 5.2059e-05/8.5234e-06)
>> epoch [ 115/3000], runtime:  2.00s, train loss: 5.2600e-05 (best: 5.2059e-05/8.5234e-06)
>> epoch [ 116/3000], runtime:  1.98s, train loss: 5.0671e-05 (best: 5.2059e-05/8.5234e-06)
>> epoch [ 117/3000], runtime:  1.95s, train loss: 5.8014e-05 (best: 5.2059e-05/8.5234e-06)
>> epoch [ 118/3000], runtime:  2.01s, train loss: 5.0029e-05 (best: 5.2059e-05/8.5234e-06)
>> epoch [ 119/3000], runtime:  2.01s, train loss: 4.9322e-05 (best: 5.2059e-05/8.5234e-06)
>> epoch [ 120/3000], runtime:  1.88s, train loss: 5.0123e-05 (best: 5.2059e-05/8.5234e-06)
>> epoch [ 121/3000], runtime:  1.96s, train loss: 4.9205e-05 (best: 5.2059e-05/8.5234e-06)
>> epoch [ 122/3000], runtime:  1.99s, train loss: 5.0911e-05 (best: 5.2059e-05/8.5234e-06)
>> epoch [ 123/3000], runtime:  1.97s, train loss: 5.1222e-05 (best: 5.2059e-05/8.5234e-06)
>> epoch [ 124/3000], runtime:  2.01s, train loss: 4.9701e-05 (best: 5.2059e-05/8.5234e-06)
>> epoch [ 125/3000], runtime:  2.02s, train loss: 4.8874e-05 (best: 5.2059e-05/8.5234e-06)
>> epoch [ 126/3000], runtime:  1.82s, train loss: 5.0578e-05 (best: 5.2059e-05/8.5234e-06)
>> epoch [ 127/3000], runtime:  1.99s, train loss: 4.9278e-05 (best: 5.2059e-05/8.5234e-06)
>> epoch [ 128/3000], runtime:  2.01s, train loss: 4.8860e-05 (best: 5.2059e-05/8.5234e-06)
>> epoch [ 129/3000], runtime:  1.63s, train loss: 5.0020e-05 (best: 5.2059e-05/8.5234e-06)
>> epoch [ 130/3000], runtime:  2.00s, train loss: 5.0558e-05 (best: 5.2059e-05/8.5234e-06)
>> epoch [ 131/3000], runtime: 1.77s, train loss: 4.8812e-05, valid loss: 8.5138e-06 , test loss: 1.4249e-03
>> epoch [ 132/3000], runtime:  2.00s, train loss: 5.1002e-05 (best: 4.8812e-05/8.5138e-06)
>> epoch [ 133/3000], runtime:  2.02s, train loss: 5.0867e-05 (best: 4.8812e-05/8.5138e-06)
>> epoch [ 134/3000], runtime:  2.01s, train loss: 4.9608e-05 (best: 4.8812e-05/8.5138e-06)
>> epoch [ 135/3000], runtime:  1.71s, train loss: 4.9495e-05 (best: 4.8812e-05/8.5138e-06)
>> epoch [ 136/3000], runtime:  1.91s, train loss: 4.9191e-05 (best: 4.8812e-05/8.5138e-06)
>> epoch [ 137/3000], runtime:  2.01s, train loss: 5.1495e-05 (best: 4.8812e-05/8.5138e-06)
>> epoch [ 138/3000], runtime:  2.01s, train loss: 5.0411e-05 (best: 4.8812e-05/8.5138e-06)
>> epoch [ 139/3000], runtime:  1.75s, train loss: 4.9015e-05 (best: 4.8812e-05/8.5138e-06)
>> epoch [ 140/3000], runtime:  1.87s, train loss: 5.2886e-05 (best: 4.8812e-05/8.5138e-06)
>> epoch [ 141/3000], runtime:  2.00s, train loss: 4.8779e-05 (best: 4.8812e-05/8.5138e-06)
>> epoch [ 142/3000], runtime:  1.72s, train loss: 4.8250e-05 (best: 4.8812e-05/8.5138e-06)
>> epoch [ 143/3000], runtime:  1.80s, train loss: 5.3530e-05 (best: 4.8812e-05/8.5138e-06)
>> epoch [ 144/3000], runtime:  1.73s, train loss: 4.9006e-05 (best: 4.8812e-05/8.5138e-06)
>> epoch [ 145/3000], runtime:  1.96s, train loss: 4.9743e-05 (best: 4.8812e-05/8.5138e-06)
>> epoch [ 146/3000], runtime:  2.02s, train loss: 5.0201e-05 (best: 4.8812e-05/8.5138e-06)
>> epoch [ 147/3000], runtime:  1.63s, train loss: 5.0207e-05 (best: 4.8812e-05/8.5138e-06)
>> epoch [ 148/3000], runtime:  1.99s, train loss: 4.9887e-05 (best: 4.8812e-05/8.5138e-06)
>> epoch [ 149/3000], runtime:  1.67s, train loss: 4.9707e-05 (best: 4.8812e-05/8.5138e-06)
>> epoch [ 150/3000], runtime:  2.00s, train loss: 4.9314e-05 (best: 4.8812e-05/8.5138e-06)
>> epoch [ 151/3000], runtime:  2.02s, train loss: 4.9776e-05 (best: 4.8812e-05/8.5138e-06)
>> epoch [ 152/3000], runtime:  2.00s, train loss: 5.0643e-05 (best: 4.8812e-05/8.5138e-06)
>> epoch [ 153/3000], runtime:  1.85s, train loss: 5.2520e-05 (best: 4.8812e-05/8.5138e-06)
>> epoch [ 154/3000], runtime:  1.79s, train loss: 4.8865e-05 (best: 4.8812e-05/8.5138e-06)
>> epoch [ 155/3000], runtime:  1.73s, train loss: 5.1362e-05 (best: 4.8812e-05/8.5138e-06)
>> epoch [ 156/3000], runtime:  1.91s, train loss: 4.7760e-05 (best: 4.8812e-05/8.5138e-06)
>> epoch [ 157/3000], runtime: 1.73s, train loss: 4.7578e-05, valid loss: 8.4938e-06 , test loss: 1.4052e-03
>> epoch [ 158/3000], runtime: 2.00s, train loss: 4.6726e-05, valid loss: 8.3019e-06 , test loss: 1.4253e-03
>> epoch [ 159/3000], runtime:  1.90s, train loss: 4.8131e-05 (best: 4.6726e-05/8.3019e-06)
>> epoch [ 160/3000], runtime: 1.79s, train loss: 4.6358e-05, valid loss: 8.2561e-06 , test loss: 1.4015e-03
>> epoch [ 161/3000], runtime: 1.86s, train loss: 4.4346e-05, valid loss: 8.0492e-06 , test loss: 1.4042e-03
>> epoch [ 162/3000], runtime: 1.98s, train loss: 4.4079e-05, valid loss: 7.7446e-06 , test loss: 1.3330e-03
>> epoch [ 163/3000], runtime:  1.96s, train loss: 4.3520e-05 (best: 4.4079e-05/7.7446e-06)
>> epoch [ 164/3000], runtime:  1.98s, train loss: 4.0564e-05 (best: 4.4079e-05/7.7446e-06)
>> epoch [ 165/3000], runtime:  1.62s, train loss: 4.3622e-05 (best: 4.4079e-05/7.7446e-06)
>> epoch [ 166/3000], runtime:  2.00s, train loss: 4.3852e-05 (best: 4.4079e-05/7.7446e-06)
>> epoch [ 167/3000], runtime: 1.93s, train loss: 3.9445e-05, valid loss: 6.8549e-06 , test loss: 1.0689e-03
>> epoch [ 168/3000], runtime:  1.97s, train loss: 3.8761e-05 (best: 3.9445e-05/6.8549e-06)
>> epoch [ 169/3000], runtime: 1.94s, train loss: 3.6498e-05, valid loss: 6.5400e-06 , test loss: 1.0808e-03
>> epoch [ 170/3000], runtime: 1.73s, train loss: 3.5810e-05, valid loss: 5.8561e-06 , test loss: 9.9152e-04
>> epoch [ 171/3000], runtime:  2.02s, train loss: 3.2872e-05 (best: 3.5810e-05/5.8561e-06)
>> epoch [ 172/3000], runtime:  1.78s, train loss: 3.5832e-05 (best: 3.5810e-05/5.8561e-06)
>> epoch [ 173/3000], runtime: 1.89s, train loss: 3.0619e-05, valid loss: 5.0343e-06 , test loss: 8.2609e-04
>> epoch [ 174/3000], runtime:  2.00s, train loss: 2.9659e-05 (best: 3.0619e-05/5.0343e-06)
>> epoch [ 175/3000], runtime:  1.77s, train loss: 2.9497e-05 (best: 3.0619e-05/5.0343e-06)
>> epoch [ 176/3000], runtime:  1.75s, train loss: 2.8515e-05 (best: 3.0619e-05/5.0343e-06)
>> epoch [ 177/3000], runtime:  1.88s, train loss: 2.7259e-05 (best: 3.0619e-05/5.0343e-06)
>> epoch [ 178/3000], runtime: 2.00s, train loss: 2.6562e-05, valid loss: 4.4933e-06 , test loss: 6.9783e-04
>> epoch [ 179/3000], runtime:  1.97s, train loss: 2.4918e-05 (best: 2.6562e-05/4.4933e-06)
>> epoch [ 180/3000], runtime: 1.99s, train loss: 2.4037e-05, valid loss: 4.3992e-06 , test loss: 6.2442e-04
>> epoch [ 181/3000], runtime:  2.00s, train loss: 2.5363e-05 (best: 2.4037e-05/4.3992e-06)
>> epoch [ 182/3000], runtime:  2.01s, train loss: 2.3338e-05 (best: 2.4037e-05/4.3992e-06)
>> epoch [ 183/3000], runtime:  1.98s, train loss: 2.4186e-05 (best: 2.4037e-05/4.3992e-06)
>> epoch [ 184/3000], runtime:  2.00s, train loss: 2.4085e-05 (best: 2.4037e-05/4.3992e-06)
>> epoch [ 185/3000], runtime: 1.99s, train loss: 2.2353e-05, valid loss: 3.8077e-06 , test loss: 6.1787e-04
>> epoch [ 186/3000], runtime:  1.99s, train loss: 2.1918e-05 (best: 2.2353e-05/3.8077e-06)
>> epoch [ 187/3000], runtime:  1.96s, train loss: 2.2396e-05 (best: 2.2353e-05/3.8077e-06)
>> epoch [ 188/3000], runtime:  1.65s, train loss: 2.1952e-05 (best: 2.2353e-05/3.8077e-06)
>> epoch [ 189/3000], runtime:  1.69s, train loss: 2.1807e-05 (best: 2.2353e-05/3.8077e-06)
>> epoch [ 190/3000], runtime:  2.01s, train loss: 2.1523e-05 (best: 2.2353e-05/3.8077e-06)
>> epoch [ 191/3000], runtime:  1.99s, train loss: 2.2851e-05 (best: 2.2353e-05/3.8077e-06)
>> epoch [ 192/3000], runtime:  1.99s, train loss: 2.2050e-05 (best: 2.2353e-05/3.8077e-06)
>> epoch [ 193/3000], runtime:  1.45s, train loss: 2.1674e-05 (best: 2.2353e-05/3.8077e-06)
>> epoch [ 194/3000], runtime:  1.39s, train loss: 2.1930e-05 (best: 2.2353e-05/3.8077e-06)
>> epoch [ 195/3000], runtime:  1.40s, train loss: 2.2223e-05 (best: 2.2353e-05/3.8077e-06)
>> epoch [ 196/3000], runtime:  1.40s, train loss: 2.1861e-05 (best: 2.2353e-05/3.8077e-06)
>> epoch [ 197/3000], runtime: 1.41s, train loss: 2.1215e-05, valid loss: 3.7844e-06 , test loss: 6.2668e-04
>> epoch [ 198/3000], runtime: 1.31s, train loss: 2.0971e-05, valid loss: 3.7778e-06 , test loss: 6.0910e-04
>> epoch [ 199/3000], runtime:  1.48s, train loss: 2.0624e-05 (best: 2.0971e-05/3.7778e-06)
>> epoch [ 200/3000], runtime:  1.48s, train loss: 2.1468e-05 (best: 2.0971e-05/3.7778e-06)
>> epoch [ 201/3000], runtime:  1.41s, train loss: 2.4805e-05 (best: 2.0971e-05/3.7778e-06)
>> epoch [ 202/3000], runtime:  1.48s, train loss: 2.2766e-05 (best: 2.0971e-05/3.7778e-06)
>> epoch [ 203/3000], runtime:  1.40s, train loss: 2.1795e-05 (best: 2.0971e-05/3.7778e-06)
>> epoch [ 204/3000], runtime:  1.42s, train loss: 2.2570e-05 (best: 2.0971e-05/3.7778e-06)
>> epoch [ 205/3000], runtime:  1.39s, train loss: 2.1733e-05 (best: 2.0971e-05/3.7778e-06)
>> epoch [ 206/3000], runtime:  1.39s, train loss: 2.2335e-05 (best: 2.0971e-05/3.7778e-06)
>> epoch [ 207/3000], runtime:  1.44s, train loss: 2.1096e-05 (best: 2.0971e-05/3.7778e-06)
>> epoch [ 208/3000], runtime:  1.48s, train loss: 2.1401e-05 (best: 2.0971e-05/3.7778e-06)
>> epoch [ 209/3000], runtime:  1.15s, train loss: 2.1142e-05 (best: 2.0971e-05/3.7778e-06)
>> epoch [ 210/3000], runtime:  1.40s, train loss: 2.1421e-05 (best: 2.0971e-05/3.7778e-06)
>> epoch [ 211/3000], runtime:  1.39s, train loss: 2.1416e-05 (best: 2.0971e-05/3.7778e-06)
>> epoch [ 212/3000], runtime:  1.39s, train loss: 2.1279e-05 (best: 2.0971e-05/3.7778e-06)
>> epoch [ 213/3000], runtime:  1.39s, train loss: 2.1701e-05 (best: 2.0971e-05/3.7778e-06)
>> epoch [ 214/3000], runtime:  1.39s, train loss: 2.1275e-05 (best: 2.0971e-05/3.7778e-06)
>> epoch [ 215/3000], runtime:  1.42s, train loss: 2.1244e-05 (best: 2.0971e-05/3.7778e-06)
>> epoch [ 216/3000], runtime:  1.39s, train loss: 2.1881e-05 (best: 2.0971e-05/3.7778e-06)
>> epoch [ 217/3000], runtime:  1.40s, train loss: 2.1485e-05 (best: 2.0971e-05/3.7778e-06)
>> epoch [ 218/3000], runtime:  1.46s, train loss: 2.1065e-05 (best: 2.0971e-05/3.7778e-06)
>> epoch [ 219/3000], runtime:  1.16s, train loss: 2.0631e-05 (best: 2.0971e-05/3.7778e-06)
>> epoch [ 220/3000], runtime:  1.40s, train loss: 2.1600e-05 (best: 2.0971e-05/3.7778e-06)
>> epoch [ 221/3000], runtime:  1.39s, train loss: 2.1245e-05 (best: 2.0971e-05/3.7778e-06)
>> epoch [ 222/3000], runtime:  1.18s, train loss: 2.1407e-05 (best: 2.0971e-05/3.7778e-06)
>> epoch [ 223/3000], runtime:  1.39s, train loss: 2.1927e-05 (best: 2.0971e-05/3.7778e-06)
>> epoch [ 224/3000], runtime:  1.39s, train loss: 2.1263e-05 (best: 2.0971e-05/3.7778e-06)
>> epoch [ 225/3000], runtime: 1.32s, train loss: 2.0837e-05, valid loss: 3.6908e-06 , test loss: 5.8521e-04
>> epoch [ 226/3000], runtime:  1.39s, train loss: 2.1100e-05 (best: 2.0837e-05/3.6908e-06)
>> epoch [ 227/3000], runtime:  1.39s, train loss: 2.0942e-05 (best: 2.0837e-05/3.6908e-06)
>> epoch [ 228/3000], runtime:  1.40s, train loss: 2.1724e-05 (best: 2.0837e-05/3.6908e-06)
>> epoch [ 229/3000], runtime:  1.45s, train loss: 2.1047e-05 (best: 2.0837e-05/3.6908e-06)
>> epoch [ 230/3000], runtime:  1.44s, train loss: 2.1195e-05 (best: 2.0837e-05/3.6908e-06)
>> epoch [ 231/3000], runtime:  1.48s, train loss: 2.2182e-05 (best: 2.0837e-05/3.6908e-06)
>> epoch [ 232/3000], runtime:  1.43s, train loss: 2.0563e-05 (best: 2.0837e-05/3.6908e-06)
>> epoch [ 233/3000], runtime:  1.47s, train loss: 2.0875e-05 (best: 2.0837e-05/3.6908e-06)
>> epoch [ 234/3000], runtime:  1.47s, train loss: 2.4245e-05 (best: 2.0837e-05/3.6908e-06)
>> epoch [ 235/3000], runtime:  1.39s, train loss: 2.0637e-05 (best: 2.0837e-05/3.6908e-06)
>> epoch [ 236/3000], runtime:  1.42s, train loss: 2.1278e-05 (best: 2.0837e-05/3.6908e-06)
>> epoch [ 237/3000], runtime:  1.49s, train loss: 2.0443e-05 (best: 2.0837e-05/3.6908e-06)
>> epoch [ 238/3000], runtime:  1.43s, train loss: 2.0945e-05 (best: 2.0837e-05/3.6908e-06)
>> epoch [ 239/3000], runtime:  1.40s, train loss: 2.1599e-05 (best: 2.0837e-05/3.6908e-06)
>> epoch [ 240/3000], runtime:  1.39s, train loss: 2.1129e-05 (best: 2.0837e-05/3.6908e-06)
>> epoch [ 241/3000], runtime:  1.39s, train loss: 2.0514e-05 (best: 2.0837e-05/3.6908e-06)
>> epoch [ 242/3000], runtime:  1.50s, train loss: 2.0440e-05 (best: 2.0837e-05/3.6908e-06)
>> epoch [ 243/3000], runtime:  1.42s, train loss: 2.0728e-05 (best: 2.0837e-05/3.6908e-06)
>> epoch [ 244/3000], runtime:  1.42s, train loss: 2.0431e-05 (best: 2.0837e-05/3.6908e-06)
>> epoch [ 245/3000], runtime:  1.42s, train loss: 2.0423e-05 (best: 2.0837e-05/3.6908e-06)
>> epoch [ 246/3000], runtime:  1.41s, train loss: 2.0478e-05 (best: 2.0837e-05/3.6908e-06)
>> epoch [ 247/3000], runtime:  1.41s, train loss: 2.0782e-05 (best: 2.0837e-05/3.6908e-06)
>> epoch [ 248/3000], runtime:  1.42s, train loss: 2.1759e-05 (best: 2.0837e-05/3.6908e-06)
>> epoch [ 249/3000], runtime:  1.39s, train loss: 2.1782e-05 (best: 2.0837e-05/3.6908e-06)
>> epoch [ 250/3000], runtime:  1.39s, train loss: 2.0837e-05 (best: 2.0837e-05/3.6908e-06)
>> epoch [ 251/3000], runtime:  1.39s, train loss: 2.1682e-05 (best: 2.0837e-05/3.6908e-06)
>> epoch [ 252/3000], runtime:  1.39s, train loss: 2.1722e-05 (best: 2.0837e-05/3.6908e-06)
>> epoch [ 253/3000], runtime:  1.39s, train loss: 2.2373e-05 (best: 2.0837e-05/3.6908e-06)
>> epoch [ 254/3000], runtime:  1.39s, train loss: 2.0558e-05 (best: 2.0837e-05/3.6908e-06)
>> epoch [ 255/3000], runtime:  1.42s, train loss: 2.0472e-05 (best: 2.0837e-05/3.6908e-06)
>> epoch [ 256/3000], runtime:  1.47s, train loss: 2.0985e-05 (best: 2.0837e-05/3.6908e-06)
>> epoch [ 257/3000], runtime:  1.48s, train loss: 2.0568e-05 (best: 2.0837e-05/3.6908e-06)
>> epoch [ 258/3000], runtime:  1.46s, train loss: 2.2269e-05 (best: 2.0837e-05/3.6908e-06)
>> epoch [ 259/3000], runtime:  1.22s, train loss: 2.0362e-05 (best: 2.0837e-05/3.6908e-06)
>> epoch [ 260/3000], runtime:  1.39s, train loss: 2.0301e-05 (best: 2.0837e-05/3.6908e-06)
>> epoch [ 261/3000], runtime:  1.25s, train loss: 2.0392e-05 (best: 2.0837e-05/3.6908e-06)
>> epoch [ 262/3000], runtime:  1.39s, train loss: 2.0577e-05 (best: 2.0837e-05/3.6908e-06)
>> epoch [ 263/3000], runtime:  1.45s, train loss: 2.0481e-05 (best: 2.0837e-05/3.6908e-06)
>> epoch [ 264/3000], runtime:  1.40s, train loss: 2.1081e-05 (best: 2.0837e-05/3.6908e-06)
>> epoch [ 265/3000], runtime:  1.39s, train loss: 2.0252e-05 (best: 2.0837e-05/3.6908e-06)
>> epoch [ 266/3000], runtime:  1.43s, train loss: 2.0511e-05 (best: 2.0837e-05/3.6908e-06)
>> epoch [ 267/3000], runtime:  1.39s, train loss: 2.0305e-05 (best: 2.0837e-05/3.6908e-06)
>> epoch [ 268/3000], runtime:  1.33s, train loss: 2.0315e-05 (best: 2.0837e-05/3.6908e-06)
>> epoch [ 269/3000], runtime:  1.41s, train loss: 1.9982e-05 (best: 2.0837e-05/3.6908e-06)
>> epoch [ 270/3000], runtime:  1.39s, train loss: 2.0301e-05 (best: 2.0837e-05/3.6908e-06)
>> epoch [ 271/3000], runtime:  1.41s, train loss: 2.0223e-05 (best: 2.0837e-05/3.6908e-06)
>> epoch [ 272/3000], runtime:  1.41s, train loss: 2.0339e-05 (best: 2.0837e-05/3.6908e-06)
>> epoch [ 273/3000], runtime:  1.40s, train loss: 2.0205e-05 (best: 2.0837e-05/3.6908e-06)
>> epoch [ 274/3000], runtime:  1.49s, train loss: 2.1354e-05 (best: 2.0837e-05/3.6908e-06)
>> epoch [ 275/3000], runtime:  1.40s, train loss: 2.1028e-05 (best: 2.0837e-05/3.6908e-06)
>> epoch [ 276/3000], runtime:  1.42s, train loss: 2.0295e-05 (best: 2.0837e-05/3.6908e-06)
>> epoch [ 277/3000], runtime:  1.42s, train loss: 2.0122e-05 (best: 2.0837e-05/3.6908e-06)
>> epoch [ 278/3000], runtime:  1.43s, train loss: 2.0537e-05 (best: 2.0837e-05/3.6908e-06)
>> epoch [ 279/3000], runtime:  1.42s, train loss: 2.1621e-05 (best: 2.0837e-05/3.6908e-06)
>> epoch [ 280/3000], runtime:  1.39s, train loss: 2.0671e-05 (best: 2.0837e-05/3.6908e-06)
>> epoch [ 281/3000], runtime:  1.50s, train loss: 2.1499e-05 (best: 2.0837e-05/3.6908e-06)
>> epoch [ 282/3000], runtime:  1.42s, train loss: 2.0508e-05 (best: 2.0837e-05/3.6908e-06)
>> epoch [ 283/3000], runtime:  1.40s, train loss: 2.0174e-05 (best: 2.0837e-05/3.6908e-06)
>> epoch [ 284/3000], runtime:  1.41s, train loss: 2.0713e-05 (best: 2.0837e-05/3.6908e-06)
>> epoch [ 285/3000], runtime:  1.39s, train loss: 2.0511e-05 (best: 2.0837e-05/3.6908e-06)
>> epoch [ 286/3000], runtime:  1.40s, train loss: 2.0341e-05 (best: 2.0837e-05/3.6908e-06)
>> epoch [ 287/3000], runtime:  1.36s, train loss: 2.0895e-05 (best: 2.0837e-05/3.6908e-06)
>> epoch [ 288/3000], runtime:  1.49s, train loss: 2.0237e-05 (best: 2.0837e-05/3.6908e-06)
>> epoch [ 289/3000], runtime:  1.15s, train loss: 2.0623e-05 (best: 2.0837e-05/3.6908e-06)
>> epoch [ 290/3000], runtime:  1.41s, train loss: 2.0076e-05 (best: 2.0837e-05/3.6908e-06)
>> epoch [ 291/3000], runtime:  1.25s, train loss: 2.0650e-05 (best: 2.0837e-05/3.6908e-06)
>> epoch [ 292/3000], runtime:  1.40s, train loss: 2.0785e-05 (best: 2.0837e-05/3.6908e-06)
>> epoch [ 293/3000], runtime:  1.39s, train loss: 2.0202e-05 (best: 2.0837e-05/3.6908e-06)
>> epoch [ 294/3000], runtime:  1.40s, train loss: 2.0891e-05 (best: 2.0837e-05/3.6908e-06)
>> epoch [ 295/3000], runtime:  1.42s, train loss: 2.0604e-05 (best: 2.0837e-05/3.6908e-06)
>> epoch [ 296/3000], runtime:  1.41s, train loss: 2.0447e-05 (best: 2.0837e-05/3.6908e-06)
>> epoch [ 297/3000], runtime: 1.40s, train loss: 2.0208e-05, valid loss: 3.6790e-06 , test loss: 6.0101e-04
>> epoch [ 298/3000], runtime:  1.39s, train loss: 2.0586e-05 (best: 2.0208e-05/3.6790e-06)
>> epoch [ 299/3000], runtime:  1.39s, train loss: 2.0035e-05 (best: 2.0208e-05/3.6790e-06)
>> epoch [ 300/3000], runtime:  1.42s, train loss: 2.0441e-05 (best: 2.0208e-05/3.6790e-06)
>> epoch [ 301/3000], runtime:  1.41s, train loss: 2.0567e-05 (best: 2.0208e-05/3.6790e-06)
>> epoch [ 302/3000], runtime:  1.24s, train loss: 2.0255e-05 (best: 2.0208e-05/3.6790e-06)
>> epoch [ 303/3000], runtime:  1.33s, train loss: 2.0336e-05 (best: 2.0208e-05/3.6790e-06)
>> epoch [ 304/3000], runtime:  1.39s, train loss: 1.9844e-05 (best: 2.0208e-05/3.6790e-06)
>> epoch [ 305/3000], runtime:  1.40s, train loss: 2.0239e-05 (best: 2.0208e-05/3.6790e-06)
>> epoch [ 306/3000], runtime:  1.39s, train loss: 2.0917e-05 (best: 2.0208e-05/3.6790e-06)
>> epoch [ 307/3000], runtime:  1.40s, train loss: 2.1040e-05 (best: 2.0208e-05/3.6790e-06)
>> epoch [ 308/3000], runtime:  1.42s, train loss: 2.0612e-05 (best: 2.0208e-05/3.6790e-06)
>> epoch [ 309/3000], runtime:  1.39s, train loss: 2.0394e-05 (best: 2.0208e-05/3.6790e-06)
>> epoch [ 310/3000], runtime:  1.39s, train loss: 2.0517e-05 (best: 2.0208e-05/3.6790e-06)
>> epoch [ 311/3000], runtime:  1.47s, train loss: 1.9810e-05 (best: 2.0208e-05/3.6790e-06)
>> epoch [ 312/3000], runtime:  1.44s, train loss: 2.0363e-05 (best: 2.0208e-05/3.6790e-06)
>> epoch [ 313/3000], runtime:  1.39s, train loss: 2.0320e-05 (best: 2.0208e-05/3.6790e-06)
>> epoch [ 314/3000], runtime:  1.39s, train loss: 2.0321e-05 (best: 2.0208e-05/3.6790e-06)
>> epoch [ 315/3000], runtime:  1.39s, train loss: 2.0254e-05 (best: 2.0208e-05/3.6790e-06)
>> epoch [ 316/3000], runtime:  1.39s, train loss: 2.0425e-05 (best: 2.0208e-05/3.6790e-06)
>> epoch [ 317/3000], runtime:  1.39s, train loss: 2.0191e-05 (best: 2.0208e-05/3.6790e-06)
>> epoch [ 318/3000], runtime:  1.41s, train loss: 2.0354e-05 (best: 2.0208e-05/3.6790e-06)
>> epoch [ 319/3000], runtime:  1.39s, train loss: 2.0504e-05 (best: 2.0208e-05/3.6790e-06)
>> epoch [ 320/3000], runtime:  1.39s, train loss: 2.0165e-05 (best: 2.0208e-05/3.6790e-06)
>> epoch [ 321/3000], runtime:  1.41s, train loss: 2.0124e-05 (best: 2.0208e-05/3.6790e-06)
>> epoch [ 322/3000], runtime:  1.41s, train loss: 2.0541e-05 (best: 2.0208e-05/3.6790e-06)
>> epoch [ 323/3000], runtime:  1.15s, train loss: 2.0120e-05 (best: 2.0208e-05/3.6790e-06)
>> epoch [ 324/3000], runtime:  1.43s, train loss: 2.0034e-05 (best: 2.0208e-05/3.6790e-06)
>> epoch [ 325/3000], runtime:  1.21s, train loss: 2.0531e-05 (best: 2.0208e-05/3.6790e-06)
>> epoch [ 326/3000], runtime:  1.39s, train loss: 2.0901e-05 (best: 2.0208e-05/3.6790e-06)
>> epoch [ 327/3000], runtime:  1.39s, train loss: 2.0020e-05 (best: 2.0208e-05/3.6790e-06)
>> epoch [ 328/3000], runtime:  1.39s, train loss: 2.0618e-05 (best: 2.0208e-05/3.6790e-06)
>> epoch [ 329/3000], runtime:  1.39s, train loss: 2.0280e-05 (best: 2.0208e-05/3.6790e-06)
>> epoch [ 330/3000], runtime:  1.39s, train loss: 2.0125e-05 (best: 2.0208e-05/3.6790e-06)
>> epoch [ 331/3000], runtime:  1.40s, train loss: 2.0156e-05 (best: 2.0208e-05/3.6790e-06)
>> epoch [ 332/3000], runtime:  1.49s, train loss: 2.0152e-05 (best: 2.0208e-05/3.6790e-06)
>> epoch [ 333/3000], runtime:  1.43s, train loss: 2.0287e-05 (best: 2.0208e-05/3.6790e-06)
>> epoch [ 334/3000], runtime:  1.41s, train loss: 2.0105e-05 (best: 2.0208e-05/3.6790e-06)
>> epoch [ 335/3000], runtime:  1.40s, train loss: 1.9960e-05 (best: 2.0208e-05/3.6790e-06)
>> epoch [ 336/3000], runtime:  1.15s, train loss: 2.0509e-05 (best: 2.0208e-05/3.6790e-06)
>> epoch [ 337/3000], runtime:  1.46s, train loss: 2.0046e-05 (best: 2.0208e-05/3.6790e-06)
>> epoch [ 338/3000], runtime:  1.41s, train loss: 1.9864e-05 (best: 2.0208e-05/3.6790e-06)
>> epoch [ 339/3000], runtime:  1.41s, train loss: 1.9952e-05 (best: 2.0208e-05/3.6790e-06)
>> epoch [ 340/3000], runtime:  1.23s, train loss: 2.0366e-05 (best: 2.0208e-05/3.6790e-06)
>> epoch [ 341/3000], runtime:  1.32s, train loss: 2.1090e-05 (best: 2.0208e-05/3.6790e-06)
>> epoch [ 342/3000], runtime:  1.40s, train loss: 2.0256e-05 (best: 2.0208e-05/3.6790e-06)
>> epoch [ 343/3000], runtime:  1.42s, train loss: 2.0111e-05 (best: 2.0208e-05/3.6790e-06)
>> epoch [ 344/3000], runtime:  1.44s, train loss: 2.0096e-05 (best: 2.0208e-05/3.6790e-06)
>> epoch [ 345/3000], runtime:  1.46s, train loss: 1.9924e-05 (best: 2.0208e-05/3.6790e-06)
>> epoch [ 346/3000], runtime:  1.30s, train loss: 2.0008e-05 (best: 2.0208e-05/3.6790e-06)
>> epoch [ 347/3000], runtime:  1.40s, train loss: 1.9986e-05 (best: 2.0208e-05/3.6790e-06)
>> epoch [ 348/3000], runtime:  1.24s, train loss: 2.0049e-05 (best: 2.0208e-05/3.6790e-06)
>> epoch [ 349/3000], runtime:  1.43s, train loss: 2.0057e-05 (best: 2.0208e-05/3.6790e-06)
>> epoch [ 350/3000], runtime:  1.49s, train loss: 2.0125e-05 (best: 2.0208e-05/3.6790e-06)
>> epoch [ 351/3000], runtime:  1.40s, train loss: 2.0415e-05 (best: 2.0208e-05/3.6790e-06)
>> epoch [ 352/3000], runtime:  1.39s, train loss: 2.0029e-05 (best: 2.0208e-05/3.6790e-06)
>> epoch [ 353/3000], runtime:  1.39s, train loss: 2.0010e-05 (best: 2.0208e-05/3.6790e-06)
>> epoch [ 354/3000], runtime:  1.33s, train loss: 2.0357e-05 (best: 2.0208e-05/3.6790e-06)
>> epoch [ 355/3000], runtime:  1.39s, train loss: 1.9865e-05 (best: 2.0208e-05/3.6790e-06)
>> epoch [ 356/3000], runtime:  1.26s, train loss: 2.0450e-05 (best: 2.0208e-05/3.6790e-06)
>> epoch [ 357/3000], runtime:  1.30s, train loss: 2.0910e-05 (best: 2.0208e-05/3.6790e-06)
>> epoch [ 358/3000], runtime:  1.39s, train loss: 2.0299e-05 (best: 2.0208e-05/3.6790e-06)
>> epoch [ 359/3000], runtime:  1.39s, train loss: 1.9958e-05 (best: 2.0208e-05/3.6790e-06)
>> epoch [ 360/3000], runtime:  1.40s, train loss: 2.0231e-05 (best: 2.0208e-05/3.6790e-06)
>> epoch [ 361/3000], runtime:  1.39s, train loss: 2.0210e-05 (best: 2.0208e-05/3.6790e-06)
>> epoch [ 362/3000], runtime:  1.39s, train loss: 1.9998e-05 (best: 2.0208e-05/3.6790e-06)
>> epoch [ 363/3000], runtime:  1.42s, train loss: 1.9911e-05 (best: 2.0208e-05/3.6790e-06)
>> epoch [ 364/3000], runtime:  1.49s, train loss: 2.0055e-05 (best: 2.0208e-05/3.6790e-06)
>> epoch [ 365/3000], runtime:  1.39s, train loss: 2.0377e-05 (best: 2.0208e-05/3.6790e-06)
>> epoch [ 366/3000], runtime:  1.41s, train loss: 2.0337e-05 (best: 2.0208e-05/3.6790e-06)
>> epoch [ 367/3000], runtime:  1.39s, train loss: 2.0112e-05 (best: 2.0208e-05/3.6790e-06)
>> epoch [ 368/3000], runtime:  1.41s, train loss: 2.0140e-05 (best: 2.0208e-05/3.6790e-06)
>> epoch [ 369/3000], runtime:  1.40s, train loss: 2.0083e-05 (best: 2.0208e-05/3.6790e-06)
>> epoch [ 370/3000], runtime:  1.40s, train loss: 2.0312e-05 (best: 2.0208e-05/3.6790e-06)
>> epoch [ 371/3000], runtime:  1.41s, train loss: 2.0312e-05 (best: 2.0208e-05/3.6790e-06)
>> epoch [ 372/3000], runtime:  1.44s, train loss: 2.0332e-05 (best: 2.0208e-05/3.6790e-06)
>> epoch [ 373/3000], runtime:  1.41s, train loss: 2.0206e-05 (best: 2.0208e-05/3.6790e-06)
>> epoch [ 374/3000], runtime:  1.39s, train loss: 1.9969e-05 (best: 2.0208e-05/3.6790e-06)
>> epoch [ 375/3000], runtime:  1.44s, train loss: 1.9961e-05 (best: 2.0208e-05/3.6790e-06)
>> epoch [ 376/3000], runtime:  1.50s, train loss: 2.0093e-05 (best: 2.0208e-05/3.6790e-06)
>> epoch [ 377/3000], runtime:  1.39s, train loss: 2.0273e-05 (best: 2.0208e-05/3.6790e-06)
>> epoch [ 378/3000], runtime:  1.40s, train loss: 1.9786e-05 (best: 2.0208e-05/3.6790e-06)
>> epoch [ 379/3000], runtime:  1.39s, train loss: 2.0173e-05 (best: 2.0208e-05/3.6790e-06)
>> epoch [ 380/3000], runtime:  1.39s, train loss: 2.0072e-05 (best: 2.0208e-05/3.6790e-06)
>> epoch [ 381/3000], runtime:  1.47s, train loss: 2.0143e-05 (best: 2.0208e-05/3.6790e-06)
>> epoch [ 382/3000], runtime:  1.50s, train loss: 2.0418e-05 (best: 2.0208e-05/3.6790e-06)
>> epoch [ 383/3000], runtime:  1.39s, train loss: 2.0202e-05 (best: 2.0208e-05/3.6790e-06)
>> epoch [ 384/3000], runtime:  1.42s, train loss: 2.0026e-05 (best: 2.0208e-05/3.6790e-06)
>> epoch [ 385/3000], runtime:  1.41s, train loss: 1.9949e-05 (best: 2.0208e-05/3.6790e-06)
>> epoch [ 386/3000], runtime:  1.42s, train loss: 2.0710e-05 (best: 2.0208e-05/3.6790e-06)
>> epoch [ 387/3000], runtime:  1.39s, train loss: 2.0379e-05 (best: 2.0208e-05/3.6790e-06)
>> epoch [ 388/3000], runtime:  1.50s, train loss: 1.9863e-05 (best: 2.0208e-05/3.6790e-06)
>> epoch [ 389/3000], runtime:  1.49s, train loss: 1.9702e-05 (best: 2.0208e-05/3.6790e-06)
>> epoch [ 390/3000], runtime:  1.39s, train loss: 2.0265e-05 (best: 2.0208e-05/3.6790e-06)
>> epoch [ 391/3000], runtime:  1.39s, train loss: 2.0320e-05 (best: 2.0208e-05/3.6790e-06)
>> epoch [ 392/3000], runtime:  1.39s, train loss: 1.9987e-05 (best: 2.0208e-05/3.6790e-06)
>> epoch [ 393/3000], runtime:  1.42s, train loss: 2.0049e-05 (best: 2.0208e-05/3.6790e-06)
>> epoch [ 394/3000], runtime:  1.40s, train loss: 2.0132e-05 (best: 2.0208e-05/3.6790e-06)
>> epoch [ 395/3000], runtime:  1.13s, train loss: 2.0032e-05 (best: 2.0208e-05/3.6790e-06)
>> epoch [ 396/3000], runtime:  1.51s, train loss: 2.0336e-05 (best: 2.0208e-05/3.6790e-06)
>> epoch [ 397/3000], runtime:  1.41s, train loss: 1.9907e-05 (best: 2.0208e-05/3.6790e-06)
>> epoch [ 398/3000], runtime:  1.50s, train loss: 2.0175e-05 (best: 2.0208e-05/3.6790e-06)
----------------------------------------------------------------------------------------------------
----------------------------------------------------------------------------------------------------
>> ntrain: 300, lr: 0.01, gamma: 0.6, w_d: 0.0
>> Best train loss: 2.0208e-05
>> Best valid loss: 3.6790e-06
>> Best test loss: 6.0101e-04
>> Best epoch: 296
----------------------------------------------------------------------------------------------------
----------------------------------------------------------------------------------------------------
>> Training Completed!!
