>> Device being used: cuda (NVIDIA GeForce RTX 4090)
Total number of parameters: 12673
>> Training Mesh resolution: 257x257
/root/autodl-tmp/project/MPNO_final/BlatzKo_1d/PNO_NN_ex35_k1/PNO_BB.py:137: UserWarning: torch.range is deprecated and will be removed in a future release because its behavior is inconsistent with Python's range builtin. Instead, use torch.arange, which produces values in [start, end).
  ksi_range = torch.range(-m_fact, m_fact).int()
tensor(0.8109)
tensor(3.3456)
>> Preprocessing completed, time elapsed:  0.30s
>> ntrain: 300, lr: 0.01, gamma: 0.6, w_d: 0.0
----------------------------------------------------------------------------------------------------
>> epoch [   1/3000], runtime: 2.85s, train loss: 2.0945e-04, valid loss: 2.6657e-05 , test loss: 5.0679e-03
>> epoch [   2/3000], runtime: 2.55s, train loss: 1.2175e-04, valid loss: 2.3704e-05 , test loss: 4.1425e-03
>> epoch [   3/3000], runtime: 2.55s, train loss: 7.6934e-05, valid loss: 1.3656e-05 , test loss: 1.5446e-03
>> epoch [   4/3000], runtime: 2.55s, train loss: 5.6017e-05, valid loss: 7.6410e-06 , test loss: 7.0184e-04
>> epoch [   5/3000], runtime: 2.60s, train loss: 3.4976e-05, valid loss: 5.8555e-06 , test loss: 4.9433e-04
>> epoch [   6/3000], runtime:  2.56s, train loss: 4.9484e-05 (best: 3.4976e-05/5.8555e-06)
>> epoch [   7/3000], runtime:  2.56s, train loss: 3.6781e-05 (best: 3.4976e-05/5.8555e-06)
>> epoch [   8/3000], runtime:  2.55s, train loss: 4.1001e-05 (best: 3.4976e-05/5.8555e-06)
>> epoch [   9/3000], runtime: 2.54s, train loss: 3.2488e-05, valid loss: 4.6339e-06 , test loss: 4.8526e-04
>> epoch [  10/3000], runtime:  2.54s, train loss: 2.4047e-05 (best: 3.2488e-05/4.6339e-06)
>> epoch [  11/3000], runtime:  2.55s, train loss: 2.5828e-05 (best: 3.2488e-05/4.6339e-06)
>> epoch [  12/3000], runtime: 2.54s, train loss: 2.7567e-05, valid loss: 4.5983e-06 , test loss: 3.4102e-04
>> epoch [  13/3000], runtime:  2.55s, train loss: 2.6168e-05 (best: 2.7567e-05/4.5983e-06)
>> epoch [  14/3000], runtime:  2.54s, train loss: 3.0246e-05 (best: 2.7567e-05/4.5983e-06)
>> epoch [  15/3000], runtime:  2.55s, train loss: 2.7492e-05 (best: 2.7567e-05/4.5983e-06)
>> epoch [  16/3000], runtime:  2.55s, train loss: 2.8766e-05 (best: 2.7567e-05/4.5983e-06)
>> epoch [  17/3000], runtime:  2.54s, train loss: 2.9263e-05 (best: 2.7567e-05/4.5983e-06)
>> epoch [  18/3000], runtime:  2.54s, train loss: 3.1324e-05 (best: 2.7567e-05/4.5983e-06)
>> epoch [  19/3000], runtime:  2.54s, train loss: 2.5453e-05 (best: 2.7567e-05/4.5983e-06)
>> epoch [  20/3000], runtime:  2.54s, train loss: 2.9025e-05 (best: 2.7567e-05/4.5983e-06)
>> epoch [  21/3000], runtime: 2.54s, train loss: 2.2384e-05, valid loss: 3.6038e-06 , test loss: 4.6895e-04
>> epoch [  22/3000], runtime:  2.54s, train loss: 2.4639e-05 (best: 2.2384e-05/3.6038e-06)
>> epoch [  23/3000], runtime: 2.53s, train loss: 1.6187e-05, valid loss: 2.6547e-06 , test loss: 3.5104e-04
>> epoch [  24/3000], runtime:  2.55s, train loss: 1.9903e-05 (best: 1.6187e-05/2.6547e-06)
>> epoch [  25/3000], runtime:  2.54s, train loss: 3.2555e-05 (best: 1.6187e-05/2.6547e-06)
>> epoch [  26/3000], runtime:  2.55s, train loss: 2.2468e-05 (best: 1.6187e-05/2.6547e-06)
>> epoch [  27/3000], runtime:  2.55s, train loss: 2.9836e-05 (best: 1.6187e-05/2.6547e-06)
>> epoch [  28/3000], runtime:  2.56s, train loss: 3.7057e-05 (best: 1.6187e-05/2.6547e-06)
>> epoch [  29/3000], runtime:  2.55s, train loss: 3.0545e-05 (best: 1.6187e-05/2.6547e-06)
>> epoch [  30/3000], runtime:  2.54s, train loss: 1.9438e-05 (best: 1.6187e-05/2.6547e-06)
>> epoch [  31/3000], runtime: 2.57s, train loss: 1.5919e-05, valid loss: 2.6216e-06 , test loss: 3.3865e-04
>> epoch [  32/3000], runtime:  2.58s, train loss: 1.8560e-05 (best: 1.5919e-05/2.6216e-06)
>> epoch [  33/3000], runtime:  2.54s, train loss: 1.9121e-05 (best: 1.5919e-05/2.6216e-06)
>> epoch [  34/3000], runtime:  2.54s, train loss: 1.8631e-05 (best: 1.5919e-05/2.6216e-06)
>> epoch [  35/3000], runtime:  2.54s, train loss: 1.7092e-05 (best: 1.5919e-05/2.6216e-06)
>> epoch [  36/3000], runtime:  2.57s, train loss: 2.1263e-05 (best: 1.5919e-05/2.6216e-06)
>> epoch [  37/3000], runtime:  2.55s, train loss: 2.5307e-05 (best: 1.5919e-05/2.6216e-06)
>> epoch [  38/3000], runtime:  2.55s, train loss: 3.3293e-05 (best: 1.5919e-05/2.6216e-06)
>> epoch [  39/3000], runtime:  2.53s, train loss: 2.9756e-05 (best: 1.5919e-05/2.6216e-06)
>> epoch [  40/3000], runtime:  2.54s, train loss: 3.2786e-05 (best: 1.5919e-05/2.6216e-06)
>> epoch [  41/3000], runtime:  2.55s, train loss: 1.5207e-05 (best: 1.5919e-05/2.6216e-06)
>> epoch [  42/3000], runtime: 2.57s, train loss: 1.4439e-05, valid loss: 2.0826e-06 , test loss: 1.8903e-04
>> epoch [  43/3000], runtime:  2.54s, train loss: 1.6849e-05 (best: 1.4439e-05/2.0826e-06)
>> epoch [  44/3000], runtime:  2.54s, train loss: 2.9675e-05 (best: 1.4439e-05/2.0826e-06)
>> epoch [  45/3000], runtime:  2.53s, train loss: 1.8180e-05 (best: 1.4439e-05/2.0826e-06)
>> epoch [  46/3000], runtime:  2.54s, train loss: 1.6170e-05 (best: 1.4439e-05/2.0826e-06)
>> epoch [  47/3000], runtime: 2.54s, train loss: 1.0176e-05, valid loss: 1.4669e-06 , test loss: 1.5400e-04
>> epoch [  48/3000], runtime:  2.54s, train loss: 1.1725e-05 (best: 1.0176e-05/1.4669e-06)
>> epoch [  49/3000], runtime:  2.54s, train loss: 1.6227e-05 (best: 1.0176e-05/1.4669e-06)
>> epoch [  50/3000], runtime:  2.57s, train loss: 1.6269e-05 (best: 1.0176e-05/1.4669e-06)
>> epoch [  51/3000], runtime:  2.55s, train loss: 1.2376e-05 (best: 1.0176e-05/1.4669e-06)
>> epoch [  52/3000], runtime:  2.53s, train loss: 1.3496e-05 (best: 1.0176e-05/1.4669e-06)
>> epoch [  53/3000], runtime:  2.53s, train loss: 1.4596e-05 (best: 1.0176e-05/1.4669e-06)
>> epoch [  54/3000], runtime:  2.54s, train loss: 1.6660e-05 (best: 1.0176e-05/1.4669e-06)
>> epoch [  55/3000], runtime:  2.53s, train loss: 1.8605e-05 (best: 1.0176e-05/1.4669e-06)
>> epoch [  56/3000], runtime:  2.53s, train loss: 1.7703e-05 (best: 1.0176e-05/1.4669e-06)
>> epoch [  57/3000], runtime:  2.53s, train loss: 1.3353e-05 (best: 1.0176e-05/1.4669e-06)
>> epoch [  58/3000], runtime:  2.54s, train loss: 8.9906e-06 (best: 1.0176e-05/1.4669e-06)
>> epoch [  59/3000], runtime:  2.55s, train loss: 1.0408e-05 (best: 1.0176e-05/1.4669e-06)
>> epoch [  60/3000], runtime:  2.55s, train loss: 1.0670e-05 (best: 1.0176e-05/1.4669e-06)
>> epoch [  61/3000], runtime:  2.54s, train loss: 9.9089e-06 (best: 1.0176e-05/1.4669e-06)
>> epoch [  62/3000], runtime:  2.55s, train loss: 9.3131e-06 (best: 1.0176e-05/1.4669e-06)
>> epoch [  63/3000], runtime:  2.58s, train loss: 9.3565e-06 (best: 1.0176e-05/1.4669e-06)
>> epoch [  64/3000], runtime:  2.54s, train loss: 1.1470e-05 (best: 1.0176e-05/1.4669e-06)
>> epoch [  65/3000], runtime:  2.54s, train loss: 1.4153e-05 (best: 1.0176e-05/1.4669e-06)
>> epoch [  66/3000], runtime:  2.54s, train loss: 1.3618e-05 (best: 1.0176e-05/1.4669e-06)
>> epoch [  67/3000], runtime:  2.56s, train loss: 1.0715e-05 (best: 1.0176e-05/1.4669e-06)
>> epoch [  68/3000], runtime:  2.57s, train loss: 1.2343e-05 (best: 1.0176e-05/1.4669e-06)
>> epoch [  69/3000], runtime:  2.57s, train loss: 1.2351e-05 (best: 1.0176e-05/1.4669e-06)
>> epoch [  70/3000], runtime:  2.56s, train loss: 1.5576e-05 (best: 1.0176e-05/1.4669e-06)
>> epoch [  71/3000], runtime:  2.56s, train loss: 1.3913e-05 (best: 1.0176e-05/1.4669e-06)
>> epoch [  72/3000], runtime:  2.54s, train loss: 1.1505e-05 (best: 1.0176e-05/1.4669e-06)
>> epoch [  73/3000], runtime:  2.56s, train loss: 1.1787e-05 (best: 1.0176e-05/1.4669e-06)
>> epoch [  74/3000], runtime:  2.55s, train loss: 1.2051e-05 (best: 1.0176e-05/1.4669e-06)
>> epoch [  75/3000], runtime:  2.54s, train loss: 9.1611e-06 (best: 1.0176e-05/1.4669e-06)
>> epoch [  76/3000], runtime:  2.53s, train loss: 8.5873e-06 (best: 1.0176e-05/1.4669e-06)
>> epoch [  77/3000], runtime: 2.54s, train loss: 7.8897e-06, valid loss: 1.2014e-06 , test loss: 1.3598e-04
>> epoch [  78/3000], runtime:  2.57s, train loss: 6.1531e-06 (best: 7.8897e-06/1.2014e-06)
>> epoch [  79/3000], runtime:  2.55s, train loss: 7.7677e-06 (best: 7.8897e-06/1.2014e-06)
>> epoch [  80/3000], runtime:  2.53s, train loss: 6.6775e-06 (best: 7.8897e-06/1.2014e-06)
>> epoch [  81/3000], runtime:  2.53s, train loss: 7.2060e-06 (best: 7.8897e-06/1.2014e-06)
>> epoch [  82/3000], runtime:  2.54s, train loss: 8.3761e-06 (best: 7.8897e-06/1.2014e-06)
>> epoch [  83/3000], runtime: 2.56s, train loss: 7.0535e-06, valid loss: 1.0691e-06 , test loss: 1.4123e-04
>> epoch [  84/3000], runtime:  2.53s, train loss: 6.8247e-06 (best: 7.0535e-06/1.0691e-06)
>> epoch [  85/3000], runtime:  2.53s, train loss: 8.3784e-06 (best: 7.0535e-06/1.0691e-06)
>> epoch [  86/3000], runtime:  2.54s, train loss: 8.9446e-06 (best: 7.0535e-06/1.0691e-06)
>> epoch [  87/3000], runtime:  2.56s, train loss: 8.7114e-06 (best: 7.0535e-06/1.0691e-06)
>> epoch [  88/3000], runtime:  2.54s, train loss: 7.3276e-06 (best: 7.0535e-06/1.0691e-06)
>> epoch [  89/3000], runtime:  2.53s, train loss: 7.5009e-06 (best: 7.0535e-06/1.0691e-06)
>> epoch [  90/3000], runtime:  2.53s, train loss: 1.0950e-05 (best: 7.0535e-06/1.0691e-06)
>> epoch [  91/3000], runtime:  2.53s, train loss: 7.9583e-06 (best: 7.0535e-06/1.0691e-06)
>> epoch [  92/3000], runtime:  2.54s, train loss: 6.8547e-06 (best: 7.0535e-06/1.0691e-06)
>> epoch [  93/3000], runtime:  2.57s, train loss: 7.0030e-06 (best: 7.0535e-06/1.0691e-06)
>> epoch [  94/3000], runtime:  2.57s, train loss: 8.4452e-06 (best: 7.0535e-06/1.0691e-06)
>> epoch [  95/3000], runtime:  2.56s, train loss: 8.2344e-06 (best: 7.0535e-06/1.0691e-06)
>> epoch [  96/3000], runtime:  2.54s, train loss: 7.8520e-06 (best: 7.0535e-06/1.0691e-06)
>> epoch [  97/3000], runtime:  2.56s, train loss: 1.1263e-05 (best: 7.0535e-06/1.0691e-06)
>> epoch [  98/3000], runtime:  2.54s, train loss: 7.2935e-06 (best: 7.0535e-06/1.0691e-06)
>> epoch [  99/3000], runtime:  2.53s, train loss: 8.3996e-06 (best: 7.0535e-06/1.0691e-06)
>> epoch [ 100/3000], runtime:  2.54s, train loss: 9.8567e-06 (best: 7.0535e-06/1.0691e-06)
>> epoch [ 101/3000], runtime:  2.56s, train loss: 1.0796e-05 (best: 7.0535e-06/1.0691e-06)
>> epoch [ 102/3000], runtime:  2.53s, train loss: 6.1205e-06 (best: 7.0535e-06/1.0691e-06)
>> epoch [ 103/3000], runtime:  2.53s, train loss: 6.6690e-06 (best: 7.0535e-06/1.0691e-06)
>> epoch [ 104/3000], runtime:  2.53s, train loss: 7.0787e-06 (best: 7.0535e-06/1.0691e-06)
>> epoch [ 105/3000], runtime:  2.53s, train loss: 7.3265e-06 (best: 7.0535e-06/1.0691e-06)
>> epoch [ 106/3000], runtime:  2.54s, train loss: 9.3982e-06 (best: 7.0535e-06/1.0691e-06)
>> epoch [ 107/3000], runtime:  2.53s, train loss: 8.2653e-06 (best: 7.0535e-06/1.0691e-06)
>> epoch [ 108/3000], runtime:  2.55s, train loss: 6.6350e-06 (best: 7.0535e-06/1.0691e-06)
>> epoch [ 109/3000], runtime:  2.54s, train loss: 8.8294e-06 (best: 7.0535e-06/1.0691e-06)
>> epoch [ 110/3000], runtime:  2.53s, train loss: 1.0047e-05 (best: 7.0535e-06/1.0691e-06)
>> epoch [ 111/3000], runtime:  2.53s, train loss: 8.0791e-06 (best: 7.0535e-06/1.0691e-06)
>> epoch [ 112/3000], runtime:  2.54s, train loss: 5.7768e-06 (best: 7.0535e-06/1.0691e-06)
>> epoch [ 113/3000], runtime:  2.54s, train loss: 6.9786e-06 (best: 7.0535e-06/1.0691e-06)
>> epoch [ 114/3000], runtime: 2.54s, train loss: 6.1822e-06, valid loss: 1.0071e-06 , test loss: 1.2464e-04
>> epoch [ 115/3000], runtime:  2.53s, train loss: 6.3884e-06 (best: 6.1822e-06/1.0071e-06)
>> epoch [ 116/3000], runtime:  2.56s, train loss: 8.2565e-06 (best: 6.1822e-06/1.0071e-06)
>> epoch [ 117/3000], runtime:  2.56s, train loss: 8.1765e-06 (best: 6.1822e-06/1.0071e-06)
>> epoch [ 118/3000], runtime:  2.56s, train loss: 1.0489e-05 (best: 6.1822e-06/1.0071e-06)
>> epoch [ 119/3000], runtime:  2.55s, train loss: 9.1608e-06 (best: 6.1822e-06/1.0071e-06)
>> epoch [ 120/3000], runtime:  2.55s, train loss: 7.4762e-06 (best: 6.1822e-06/1.0071e-06)
>> epoch [ 121/3000], runtime:  2.53s, train loss: 6.5230e-06 (best: 6.1822e-06/1.0071e-06)
>> epoch [ 122/3000], runtime:  2.53s, train loss: 6.3985e-06 (best: 6.1822e-06/1.0071e-06)
>> epoch [ 123/3000], runtime:  2.54s, train loss: 5.7288e-06 (best: 6.1822e-06/1.0071e-06)
>> epoch [ 124/3000], runtime:  2.54s, train loss: 6.5239e-06 (best: 6.1822e-06/1.0071e-06)
>> epoch [ 125/3000], runtime:  2.53s, train loss: 6.8232e-06 (best: 6.1822e-06/1.0071e-06)
>> epoch [ 126/3000], runtime:  2.53s, train loss: 7.4513e-06 (best: 6.1822e-06/1.0071e-06)
>> epoch [ 127/3000], runtime:  2.54s, train loss: 6.0536e-06 (best: 6.1822e-06/1.0071e-06)
>> epoch [ 128/3000], runtime:  2.55s, train loss: 7.4441e-06 (best: 6.1822e-06/1.0071e-06)
>> epoch [ 129/3000], runtime:  2.54s, train loss: 1.1321e-05 (best: 6.1822e-06/1.0071e-06)
>> epoch [ 130/3000], runtime:  2.54s, train loss: 8.4816e-06 (best: 6.1822e-06/1.0071e-06)
>> epoch [ 131/3000], runtime:  2.54s, train loss: 6.6995e-06 (best: 6.1822e-06/1.0071e-06)
>> epoch [ 132/3000], runtime:  2.57s, train loss: 7.0168e-06 (best: 6.1822e-06/1.0071e-06)
>> epoch [ 133/3000], runtime:  2.57s, train loss: 8.2606e-06 (best: 6.1822e-06/1.0071e-06)
>> epoch [ 134/3000], runtime:  2.56s, train loss: 5.8854e-06 (best: 6.1822e-06/1.0071e-06)
>> epoch [ 135/3000], runtime:  2.55s, train loss: 6.6538e-06 (best: 6.1822e-06/1.0071e-06)
>> epoch [ 136/3000], runtime:  2.54s, train loss: 6.4699e-06 (best: 6.1822e-06/1.0071e-06)
>> epoch [ 137/3000], runtime:  2.54s, train loss: 6.0310e-06 (best: 6.1822e-06/1.0071e-06)
>> epoch [ 138/3000], runtime:  2.55s, train loss: 5.6837e-06 (best: 6.1822e-06/1.0071e-06)
>> epoch [ 139/3000], runtime:  2.58s, train loss: 6.5843e-06 (best: 6.1822e-06/1.0071e-06)
>> epoch [ 140/3000], runtime:  2.56s, train loss: 7.5790e-06 (best: 6.1822e-06/1.0071e-06)
>> epoch [ 141/3000], runtime:  2.53s, train loss: 6.6432e-06 (best: 6.1822e-06/1.0071e-06)
>> epoch [ 142/3000], runtime:  2.53s, train loss: 6.9338e-06 (best: 6.1822e-06/1.0071e-06)
>> epoch [ 143/3000], runtime:  2.55s, train loss: 6.8952e-06 (best: 6.1822e-06/1.0071e-06)
>> epoch [ 144/3000], runtime:  2.57s, train loss: 7.3394e-06 (best: 6.1822e-06/1.0071e-06)
>> epoch [ 145/3000], runtime:  2.57s, train loss: 5.8338e-06 (best: 6.1822e-06/1.0071e-06)
>> epoch [ 146/3000], runtime:  2.54s, train loss: 5.5554e-06 (best: 6.1822e-06/1.0071e-06)
>> epoch [ 147/3000], runtime:  2.56s, train loss: 7.1401e-06 (best: 6.1822e-06/1.0071e-06)
>> epoch [ 148/3000], runtime:  2.55s, train loss: 7.5814e-06 (best: 6.1822e-06/1.0071e-06)
>> epoch [ 149/3000], runtime:  2.56s, train loss: 6.0498e-06 (best: 6.1822e-06/1.0071e-06)
>> epoch [ 150/3000], runtime:  2.57s, train loss: 6.3907e-06 (best: 6.1822e-06/1.0071e-06)
>> epoch [ 151/3000], runtime: 2.57s, train loss: 5.9202e-06, valid loss: 9.1875e-07 , test loss: 1.1905e-04
>> epoch [ 152/3000], runtime:  2.53s, train loss: 6.7050e-06 (best: 5.9202e-06/9.1875e-07)
>> epoch [ 153/3000], runtime:  2.53s, train loss: 5.3959e-06 (best: 5.9202e-06/9.1875e-07)
>> epoch [ 154/3000], runtime:  2.53s, train loss: 5.2370e-06 (best: 5.9202e-06/9.1875e-07)
>> epoch [ 155/3000], runtime: 2.53s, train loss: 5.2543e-06, valid loss: 8.9378e-07 , test loss: 1.2932e-04
>> epoch [ 156/3000], runtime:  2.53s, train loss: 6.4372e-06 (best: 5.2543e-06/8.9378e-07)
>> epoch [ 157/3000], runtime:  2.53s, train loss: 6.5259e-06 (best: 5.2543e-06/8.9378e-07)
>> epoch [ 158/3000], runtime:  2.53s, train loss: 5.8031e-06 (best: 5.2543e-06/8.9378e-07)
>> epoch [ 159/3000], runtime:  2.56s, train loss: 5.9736e-06 (best: 5.2543e-06/8.9378e-07)
>> epoch [ 160/3000], runtime:  2.55s, train loss: 6.5597e-06 (best: 5.2543e-06/8.9378e-07)
>> epoch [ 161/3000], runtime:  2.53s, train loss: 5.3767e-06 (best: 5.2543e-06/8.9378e-07)
>> epoch [ 162/3000], runtime:  2.53s, train loss: 5.9867e-06 (best: 5.2543e-06/8.9378e-07)
>> epoch [ 163/3000], runtime:  2.54s, train loss: 5.7483e-06 (best: 5.2543e-06/8.9378e-07)
>> epoch [ 164/3000], runtime:  2.55s, train loss: 5.2919e-06 (best: 5.2543e-06/8.9378e-07)
>> epoch [ 165/3000], runtime:  2.56s, train loss: 5.4143e-06 (best: 5.2543e-06/8.9378e-07)
>> epoch [ 166/3000], runtime:  2.55s, train loss: 5.5012e-06 (best: 5.2543e-06/8.9378e-07)
>> epoch [ 167/3000], runtime:  2.55s, train loss: 5.9902e-06 (best: 5.2543e-06/8.9378e-07)
>> epoch [ 168/3000], runtime:  2.58s, train loss: 6.3047e-06 (best: 5.2543e-06/8.9378e-07)
>> epoch [ 169/3000], runtime:  4.22s, train loss: 6.5446e-06 (best: 5.2543e-06/8.9378e-07)
>> epoch [ 170/3000], runtime:  4.68s, train loss: 5.2113e-06 (best: 5.2543e-06/8.9378e-07)
>> epoch [ 171/3000], runtime:  4.73s, train loss: 6.1538e-06 (best: 5.2543e-06/8.9378e-07)
>> epoch [ 172/3000], runtime:  4.49s, train loss: 5.5191e-06 (best: 5.2543e-06/8.9378e-07)
>> epoch [ 173/3000], runtime:  5.30s, train loss: 5.8743e-06 (best: 5.2543e-06/8.9378e-07)
>> epoch [ 174/3000], runtime:  4.97s, train loss: 5.9291e-06 (best: 5.2543e-06/8.9378e-07)
>> epoch [ 175/3000], runtime:  4.47s, train loss: 5.4523e-06 (best: 5.2543e-06/8.9378e-07)
>> epoch [ 176/3000], runtime:  5.23s, train loss: 5.9276e-06 (best: 5.2543e-06/8.9378e-07)
>> epoch [ 177/3000], runtime:  5.26s, train loss: 5.1529e-06 (best: 5.2543e-06/8.9378e-07)
>> epoch [ 178/3000], runtime:  5.20s, train loss: 5.3528e-06 (best: 5.2543e-06/8.9378e-07)
>> epoch [ 179/3000], runtime: 5.19s, train loss: 4.8978e-06, valid loss: 8.9033e-07 , test loss: 1.2430e-04
>> epoch [ 180/3000], runtime:  5.28s, train loss: 4.9185e-06 (best: 4.8978e-06/8.9033e-07)
>> epoch [ 181/3000], runtime:  5.30s, train loss: 4.4426e-06 (best: 4.8978e-06/8.9033e-07)
>> epoch [ 182/3000], runtime:  4.36s, train loss: 5.3787e-06 (best: 4.8978e-06/8.9033e-07)
>> epoch [ 183/3000], runtime:  5.22s, train loss: 5.7401e-06 (best: 4.8978e-06/8.9033e-07)
>> epoch [ 184/3000], runtime: 4.92s, train loss: 4.8594e-06, valid loss: 8.2028e-07 , test loss: 1.1555e-04
>> epoch [ 185/3000], runtime:  4.84s, train loss: 4.6478e-06 (best: 4.8594e-06/8.2028e-07)
>> epoch [ 186/3000], runtime:  5.22s, train loss: 5.1948e-06 (best: 4.8594e-06/8.2028e-07)
>> epoch [ 187/3000], runtime:  4.92s, train loss: 4.9792e-06 (best: 4.8594e-06/8.2028e-07)
>> epoch [ 188/3000], runtime:  4.62s, train loss: 5.2950e-06 (best: 4.8594e-06/8.2028e-07)
>> epoch [ 189/3000], runtime:  4.48s, train loss: 5.0484e-06 (best: 4.8594e-06/8.2028e-07)
>> epoch [ 190/3000], runtime:  4.35s, train loss: 5.2980e-06 (best: 4.8594e-06/8.2028e-07)
>> epoch [ 191/3000], runtime:  4.62s, train loss: 5.7182e-06 (best: 4.8594e-06/8.2028e-07)
>> epoch [ 192/3000], runtime:  5.27s, train loss: 5.6497e-06 (best: 4.8594e-06/8.2028e-07)
>> epoch [ 193/3000], runtime:  4.85s, train loss: 5.0936e-06 (best: 4.8594e-06/8.2028e-07)
>> epoch [ 194/3000], runtime:  4.58s, train loss: 5.1356e-06 (best: 4.8594e-06/8.2028e-07)
>> epoch [ 195/3000], runtime:  5.12s, train loss: 4.7167e-06 (best: 4.8594e-06/8.2028e-07)
>> epoch [ 196/3000], runtime: 4.62s, train loss: 4.7587e-06, valid loss: 8.0002e-07 , test loss: 1.2224e-04
>> epoch [ 197/3000], runtime:  4.97s, train loss: 4.7994e-06 (best: 4.7587e-06/8.0002e-07)
>> epoch [ 198/3000], runtime:  4.87s, train loss: 4.9483e-06 (best: 4.7587e-06/8.0002e-07)
>> epoch [ 199/3000], runtime:  4.51s, train loss: 4.8911e-06 (best: 4.7587e-06/8.0002e-07)
>> epoch [ 200/3000], runtime:  5.01s, train loss: 5.3951e-06 (best: 4.7587e-06/8.0002e-07)
>> epoch [ 201/3000], runtime:  4.30s, train loss: 5.0610e-06 (best: 4.7587e-06/8.0002e-07)
>> epoch [ 202/3000], runtime:  4.66s, train loss: 4.7636e-06 (best: 4.7587e-06/8.0002e-07)
>> epoch [ 203/3000], runtime:  4.26s, train loss: 4.7643e-06 (best: 4.7587e-06/8.0002e-07)
>> epoch [ 204/3000], runtime:  5.17s, train loss: 4.9588e-06 (best: 4.7587e-06/8.0002e-07)
>> epoch [ 205/3000], runtime:  4.63s, train loss: 5.7077e-06 (best: 4.7587e-06/8.0002e-07)
>> epoch [ 206/3000], runtime:  4.37s, train loss: 5.5300e-06 (best: 4.7587e-06/8.0002e-07)
>> epoch [ 207/3000], runtime:  4.71s, train loss: 5.2937e-06 (best: 4.7587e-06/8.0002e-07)
>> epoch [ 208/3000], runtime:  4.37s, train loss: 4.6682e-06 (best: 4.7587e-06/8.0002e-07)
>> epoch [ 209/3000], runtime:  4.78s, train loss: 4.8797e-06 (best: 4.7587e-06/8.0002e-07)
>> epoch [ 210/3000], runtime: 5.00s, train loss: 4.5816e-06, valid loss: 7.6681e-07 , test loss: 1.2018e-04
>> epoch [ 211/3000], runtime:  4.94s, train loss: 4.9247e-06 (best: 4.5816e-06/7.6681e-07)
>> epoch [ 212/3000], runtime:  5.26s, train loss: 5.2733e-06 (best: 4.5816e-06/7.6681e-07)
>> epoch [ 213/3000], runtime:  4.57s, train loss: 4.8906e-06 (best: 4.5816e-06/7.6681e-07)
>> epoch [ 214/3000], runtime:  5.07s, train loss: 4.8710e-06 (best: 4.5816e-06/7.6681e-07)
>> epoch [ 215/3000], runtime:  5.22s, train loss: 4.6498e-06 (best: 4.5816e-06/7.6681e-07)
>> epoch [ 216/3000], runtime:  5.26s, train loss: 4.6724e-06 (best: 4.5816e-06/7.6681e-07)
>> epoch [ 217/3000], runtime:  5.04s, train loss: 5.2119e-06 (best: 4.5816e-06/7.6681e-07)
>> epoch [ 218/3000], runtime:  5.14s, train loss: 5.0867e-06 (best: 4.5816e-06/7.6681e-07)
>> epoch [ 219/3000], runtime:  5.39s, train loss: 5.0385e-06 (best: 4.5816e-06/7.6681e-07)
>> epoch [ 220/3000], runtime:  5.47s, train loss: 5.0901e-06 (best: 4.5816e-06/7.6681e-07)
>> epoch [ 221/3000], runtime:  4.76s, train loss: 4.8934e-06 (best: 4.5816e-06/7.6681e-07)
>> epoch [ 222/3000], runtime:  4.55s, train loss: 4.7346e-06 (best: 4.5816e-06/7.6681e-07)
>> epoch [ 223/3000], runtime: 5.48s, train loss: 4.3790e-06, valid loss: 7.4531e-07 , test loss: 1.1024e-04
>> epoch [ 224/3000], runtime:  4.93s, train loss: 4.9390e-06 (best: 4.3790e-06/7.4531e-07)
>> epoch [ 225/3000], runtime:  4.36s, train loss: 4.7094e-06 (best: 4.3790e-06/7.4531e-07)
>> epoch [ 226/3000], runtime:  5.37s, train loss: 4.5781e-06 (best: 4.3790e-06/7.4531e-07)
>> epoch [ 227/3000], runtime:  5.61s, train loss: 4.4604e-06 (best: 4.3790e-06/7.4531e-07)
>> epoch [ 228/3000], runtime:  5.29s, train loss: 5.0907e-06 (best: 4.3790e-06/7.4531e-07)
>> epoch [ 229/3000], runtime:  5.60s, train loss: 4.5351e-06 (best: 4.3790e-06/7.4531e-07)
>> epoch [ 230/3000], runtime:  5.38s, train loss: 4.4248e-06 (best: 4.3790e-06/7.4531e-07)
>> epoch [ 231/3000], runtime:  5.22s, train loss: 4.3560e-06 (best: 4.3790e-06/7.4531e-07)
>> epoch [ 232/3000], runtime:  5.18s, train loss: 4.4025e-06 (best: 4.3790e-06/7.4531e-07)
>> epoch [ 233/3000], runtime:  5.21s, train loss: 4.4927e-06 (best: 4.3790e-06/7.4531e-07)
>> epoch [ 234/3000], runtime:  4.94s, train loss: 4.4587e-06 (best: 4.3790e-06/7.4531e-07)
>> epoch [ 235/3000], runtime:  4.98s, train loss: 4.4242e-06 (best: 4.3790e-06/7.4531e-07)
>> epoch [ 236/3000], runtime:  4.74s, train loss: 4.7974e-06 (best: 4.3790e-06/7.4531e-07)
>> epoch [ 237/3000], runtime:  4.84s, train loss: 4.5206e-06 (best: 4.3790e-06/7.4531e-07)
>> epoch [ 238/3000], runtime:  4.93s, train loss: 4.4843e-06 (best: 4.3790e-06/7.4531e-07)
>> epoch [ 239/3000], runtime:  5.02s, train loss: 4.5511e-06 (best: 4.3790e-06/7.4531e-07)
>> epoch [ 240/3000], runtime:  5.31s, train loss: 4.6487e-06 (best: 4.3790e-06/7.4531e-07)
>> epoch [ 241/3000], runtime:  5.60s, train loss: 4.2633e-06 (best: 4.3790e-06/7.4531e-07)
>> epoch [ 242/3000], runtime:  5.38s, train loss: 4.3401e-06 (best: 4.3790e-06/7.4531e-07)
>> epoch [ 243/3000], runtime:  4.50s, train loss: 5.2629e-06 (best: 4.3790e-06/7.4531e-07)
>> epoch [ 244/3000], runtime:  5.26s, train loss: 4.8280e-06 (best: 4.3790e-06/7.4531e-07)
>> epoch [ 245/3000], runtime:  5.25s, train loss: 5.3626e-06 (best: 4.3790e-06/7.4531e-07)
>> epoch [ 246/3000], runtime:  5.61s, train loss: 4.7725e-06 (best: 4.3790e-06/7.4531e-07)
>> epoch [ 247/3000], runtime:  5.01s, train loss: 4.5033e-06 (best: 4.3790e-06/7.4531e-07)
>> epoch [ 248/3000], runtime:  4.81s, train loss: 4.5262e-06 (best: 4.3790e-06/7.4531e-07)
>> epoch [ 249/3000], runtime:  5.06s, train loss: 4.7401e-06 (best: 4.3790e-06/7.4531e-07)
>> epoch [ 250/3000], runtime: 4.99s, train loss: 4.1685e-06, valid loss: 7.2308e-07 , test loss: 1.1280e-04
>> epoch [ 251/3000], runtime:  4.56s, train loss: 4.4222e-06 (best: 4.1685e-06/7.2308e-07)
>> epoch [ 252/3000], runtime:  4.51s, train loss: 4.2698e-06 (best: 4.1685e-06/7.2308e-07)
>> epoch [ 253/3000], runtime:  4.83s, train loss: 4.4550e-06 (best: 4.1685e-06/7.2308e-07)
>> epoch [ 254/3000], runtime:  4.29s, train loss: 4.5652e-06 (best: 4.1685e-06/7.2308e-07)
>> epoch [ 255/3000], runtime:  4.42s, train loss: 4.5141e-06 (best: 4.1685e-06/7.2308e-07)
>> epoch [ 256/3000], runtime:  4.74s, train loss: 4.2994e-06 (best: 4.1685e-06/7.2308e-07)
>> epoch [ 257/3000], runtime:  5.00s, train loss: 4.1914e-06 (best: 4.1685e-06/7.2308e-07)
>> epoch [ 258/3000], runtime:  5.06s, train loss: 4.4964e-06 (best: 4.1685e-06/7.2308e-07)
>> epoch [ 259/3000], runtime:  4.31s, train loss: 4.3886e-06 (best: 4.1685e-06/7.2308e-07)
>> epoch [ 260/3000], runtime:  4.70s, train loss: 4.3929e-06 (best: 4.1685e-06/7.2308e-07)
>> epoch [ 261/3000], runtime:  4.96s, train loss: 4.6268e-06 (best: 4.1685e-06/7.2308e-07)
>> epoch [ 262/3000], runtime:  4.57s, train loss: 4.3200e-06 (best: 4.1685e-06/7.2308e-07)
>> epoch [ 263/3000], runtime:  4.72s, train loss: 4.3149e-06 (best: 4.1685e-06/7.2308e-07)
>> epoch [ 264/3000], runtime:  4.77s, train loss: 4.3976e-06 (best: 4.1685e-06/7.2308e-07)
>> epoch [ 265/3000], runtime:  4.67s, train loss: 4.6860e-06 (best: 4.1685e-06/7.2308e-07)
>> epoch [ 266/3000], runtime:  4.58s, train loss: 4.4589e-06 (best: 4.1685e-06/7.2308e-07)
>> epoch [ 267/3000], runtime:  4.66s, train loss: 4.3657e-06 (best: 4.1685e-06/7.2308e-07)
>> epoch [ 268/3000], runtime:  5.10s, train loss: 4.3784e-06 (best: 4.1685e-06/7.2308e-07)
>> epoch [ 269/3000], runtime:  4.46s, train loss: 4.3210e-06 (best: 4.1685e-06/7.2308e-07)
>> epoch [ 270/3000], runtime:  3.51s, train loss: 4.3384e-06 (best: 4.1685e-06/7.2308e-07)
>> epoch [ 271/3000], runtime:  3.69s, train loss: 4.4455e-06 (best: 4.1685e-06/7.2308e-07)
>> epoch [ 272/3000], runtime:  3.52s, train loss: 4.1468e-06 (best: 4.1685e-06/7.2308e-07)
>> epoch [ 273/3000], runtime:  3.62s, train loss: 4.4495e-06 (best: 4.1685e-06/7.2308e-07)
>> epoch [ 274/3000], runtime:  4.07s, train loss: 4.3894e-06 (best: 4.1685e-06/7.2308e-07)
>> epoch [ 275/3000], runtime:  4.16s, train loss: 4.2573e-06 (best: 4.1685e-06/7.2308e-07)
>> epoch [ 276/3000], runtime:  4.09s, train loss: 4.1632e-06 (best: 4.1685e-06/7.2308e-07)
>> epoch [ 277/3000], runtime:  4.17s, train loss: 4.4059e-06 (best: 4.1685e-06/7.2308e-07)
>> epoch [ 278/3000], runtime:  4.16s, train loss: 4.2916e-06 (best: 4.1685e-06/7.2308e-07)
>> epoch [ 279/3000], runtime:  4.14s, train loss: 4.1071e-06 (best: 4.1685e-06/7.2308e-07)
>> epoch [ 280/3000], runtime:  3.82s, train loss: 4.0607e-06 (best: 4.1685e-06/7.2308e-07)
>> epoch [ 281/3000], runtime:  4.15s, train loss: 4.1492e-06 (best: 4.1685e-06/7.2308e-07)
>> epoch [ 282/3000], runtime:  3.98s, train loss: 4.3498e-06 (best: 4.1685e-06/7.2308e-07)
>> epoch [ 283/3000], runtime:  4.12s, train loss: 4.2646e-06 (best: 4.1685e-06/7.2308e-07)
>> epoch [ 284/3000], runtime:  3.73s, train loss: 4.2746e-06 (best: 4.1685e-06/7.2308e-07)
>> epoch [ 285/3000], runtime:  3.92s, train loss: 4.3669e-06 (best: 4.1685e-06/7.2308e-07)
>> epoch [ 286/3000], runtime:  3.70s, train loss: 4.3316e-06 (best: 4.1685e-06/7.2308e-07)
>> epoch [ 287/3000], runtime:  3.99s, train loss: 4.3114e-06 (best: 4.1685e-06/7.2308e-07)
>> epoch [ 288/3000], runtime:  3.78s, train loss: 4.2443e-06 (best: 4.1685e-06/7.2308e-07)
>> epoch [ 289/3000], runtime:  3.43s, train loss: 4.2763e-06 (best: 4.1685e-06/7.2308e-07)
>> epoch [ 290/3000], runtime:  3.67s, train loss: 4.2184e-06 (best: 4.1685e-06/7.2308e-07)
>> epoch [ 291/3000], runtime:  3.64s, train loss: 4.2317e-06 (best: 4.1685e-06/7.2308e-07)
>> epoch [ 292/3000], runtime:  3.81s, train loss: 4.5793e-06 (best: 4.1685e-06/7.2308e-07)
>> epoch [ 293/3000], runtime:  4.18s, train loss: 4.5376e-06 (best: 4.1685e-06/7.2308e-07)
>> epoch [ 294/3000], runtime:  3.81s, train loss: 4.4245e-06 (best: 4.1685e-06/7.2308e-07)
>> epoch [ 295/3000], runtime:  3.76s, train loss: 4.2327e-06 (best: 4.1685e-06/7.2308e-07)
>> epoch [ 296/3000], runtime:  3.72s, train loss: 4.0247e-06 (best: 4.1685e-06/7.2308e-07)
>> epoch [ 297/3000], runtime:  3.48s, train loss: 4.0139e-06 (best: 4.1685e-06/7.2308e-07)
>> epoch [ 298/3000], runtime:  3.59s, train loss: 4.1455e-06 (best: 4.1685e-06/7.2308e-07)
>> epoch [ 299/3000], runtime:  3.78s, train loss: 4.2032e-06 (best: 4.1685e-06/7.2308e-07)
>> epoch [ 300/3000], runtime:  3.75s, train loss: 4.1566e-06 (best: 4.1685e-06/7.2308e-07)
>> epoch [ 301/3000], runtime:  3.62s, train loss: 4.2107e-06 (best: 4.1685e-06/7.2308e-07)
>> epoch [ 302/3000], runtime:  3.68s, train loss: 4.3327e-06 (best: 4.1685e-06/7.2308e-07)
>> epoch [ 303/3000], runtime:  3.46s, train loss: 4.2326e-06 (best: 4.1685e-06/7.2308e-07)
>> epoch [ 304/3000], runtime:  3.77s, train loss: 4.2460e-06 (best: 4.1685e-06/7.2308e-07)
>> epoch [ 305/3000], runtime:  3.79s, train loss: 4.1802e-06 (best: 4.1685e-06/7.2308e-07)
>> epoch [ 306/3000], runtime:  3.47s, train loss: 4.2503e-06 (best: 4.1685e-06/7.2308e-07)
>> epoch [ 307/3000], runtime:  3.79s, train loss: 4.3787e-06 (best: 4.1685e-06/7.2308e-07)
>> epoch [ 308/3000], runtime:  3.73s, train loss: 4.4750e-06 (best: 4.1685e-06/7.2308e-07)
>> epoch [ 309/3000], runtime:  3.60s, train loss: 4.4098e-06 (best: 4.1685e-06/7.2308e-07)
>> epoch [ 310/3000], runtime:  3.74s, train loss: 4.1038e-06 (best: 4.1685e-06/7.2308e-07)
>> epoch [ 311/3000], runtime:  3.76s, train loss: 4.1044e-06 (best: 4.1685e-06/7.2308e-07)
>> epoch [ 312/3000], runtime: 3.51s, train loss: 4.0555e-06, valid loss: 6.9945e-07 , test loss: 1.1207e-04
>> epoch [ 313/3000], runtime:  3.55s, train loss: 4.0821e-06 (best: 4.0555e-06/6.9945e-07)
>> epoch [ 314/3000], runtime:  3.81s, train loss: 4.0099e-06 (best: 4.0555e-06/6.9945e-07)
>> epoch [ 315/3000], runtime:  3.73s, train loss: 4.1283e-06 (best: 4.0555e-06/6.9945e-07)
>> epoch [ 316/3000], runtime:  3.72s, train loss: 4.0844e-06 (best: 4.0555e-06/6.9945e-07)
>> epoch [ 317/3000], runtime:  3.89s, train loss: 4.0197e-06 (best: 4.0555e-06/6.9945e-07)
>> epoch [ 318/3000], runtime:  3.85s, train loss: 4.0728e-06 (best: 4.0555e-06/6.9945e-07)
>> epoch [ 319/3000], runtime:  4.15s, train loss: 4.2562e-06 (best: 4.0555e-06/6.9945e-07)
>> epoch [ 320/3000], runtime:  4.16s, train loss: 4.2889e-06 (best: 4.0555e-06/6.9945e-07)
>> epoch [ 321/3000], runtime:  3.81s, train loss: 4.2867e-06 (best: 4.0555e-06/6.9945e-07)
>> epoch [ 322/3000], runtime:  4.18s, train loss: 4.2136e-06 (best: 4.0555e-06/6.9945e-07)
>> epoch [ 323/3000], runtime:  3.81s, train loss: 4.3826e-06 (best: 4.0555e-06/6.9945e-07)
>> epoch [ 324/3000], runtime:  3.85s, train loss: 4.3787e-06 (best: 4.0555e-06/6.9945e-07)
>> epoch [ 325/3000], runtime:  3.76s, train loss: 4.0248e-06 (best: 4.0555e-06/6.9945e-07)
>> epoch [ 326/3000], runtime:  3.44s, train loss: 3.9753e-06 (best: 4.0555e-06/6.9945e-07)
>> epoch [ 327/3000], runtime:  3.86s, train loss: 4.1773e-06 (best: 4.0555e-06/6.9945e-07)
>> epoch [ 328/3000], runtime:  4.11s, train loss: 4.4673e-06 (best: 4.0555e-06/6.9945e-07)
>> epoch [ 329/3000], runtime:  3.51s, train loss: 4.3151e-06 (best: 4.0555e-06/6.9945e-07)
>> epoch [ 330/3000], runtime:  3.75s, train loss: 4.4224e-06 (best: 4.0555e-06/6.9945e-07)
>> epoch [ 331/3000], runtime:  3.46s, train loss: 4.0515e-06 (best: 4.0555e-06/6.9945e-07)
>> epoch [ 332/3000], runtime:  3.77s, train loss: 4.0945e-06 (best: 4.0555e-06/6.9945e-07)
>> epoch [ 333/3000], runtime:  3.49s, train loss: 4.0357e-06 (best: 4.0555e-06/6.9945e-07)
>> epoch [ 334/3000], runtime:  4.07s, train loss: 4.0049e-06 (best: 4.0555e-06/6.9945e-07)
>> epoch [ 335/3000], runtime:  3.65s, train loss: 3.9440e-06 (best: 4.0555e-06/6.9945e-07)
>> epoch [ 336/3000], runtime:  3.60s, train loss: 4.0506e-06 (best: 4.0555e-06/6.9945e-07)
>> epoch [ 337/3000], runtime:  3.48s, train loss: 4.0832e-06 (best: 4.0555e-06/6.9945e-07)
>> epoch [ 338/3000], runtime:  3.71s, train loss: 4.2015e-06 (best: 4.0555e-06/6.9945e-07)
>> epoch [ 339/3000], runtime:  3.76s, train loss: 3.9911e-06 (best: 4.0555e-06/6.9945e-07)
>> epoch [ 340/3000], runtime: 3.85s, train loss: 3.9415e-06, valid loss: 6.8740e-07 , test loss: 1.1062e-04
>> epoch [ 341/3000], runtime:  4.03s, train loss: 3.9485e-06 (best: 3.9415e-06/6.8740e-07)
>> epoch [ 342/3000], runtime:  3.93s, train loss: 3.9760e-06 (best: 3.9415e-06/6.8740e-07)
>> epoch [ 343/3000], runtime:  3.51s, train loss: 4.0525e-06 (best: 3.9415e-06/6.8740e-07)
>> epoch [ 344/3000], runtime:  3.71s, train loss: 4.1453e-06 (best: 3.9415e-06/6.8740e-07)
>> epoch [ 345/3000], runtime:  3.82s, train loss: 4.0665e-06 (best: 3.9415e-06/6.8740e-07)
>> epoch [ 346/3000], runtime:  3.64s, train loss: 4.0549e-06 (best: 3.9415e-06/6.8740e-07)
>> epoch [ 347/3000], runtime:  3.94s, train loss: 3.9564e-06 (best: 3.9415e-06/6.8740e-07)
>> epoch [ 348/3000], runtime:  3.79s, train loss: 4.0432e-06 (best: 3.9415e-06/6.8740e-07)
>> epoch [ 349/3000], runtime:  3.41s, train loss: 4.0525e-06 (best: 3.9415e-06/6.8740e-07)
>> epoch [ 350/3000], runtime:  3.77s, train loss: 3.9881e-06 (best: 3.9415e-06/6.8740e-07)
>> epoch [ 351/3000], runtime:  3.67s, train loss: 4.0408e-06 (best: 3.9415e-06/6.8740e-07)
>> epoch [ 352/3000], runtime:  3.59s, train loss: 4.1234e-06 (best: 3.9415e-06/6.8740e-07)
>> epoch [ 353/3000], runtime:  3.73s, train loss: 3.9472e-06 (best: 3.9415e-06/6.8740e-07)
>> epoch [ 354/3000], runtime:  3.44s, train loss: 4.0809e-06 (best: 3.9415e-06/6.8740e-07)
>> epoch [ 355/3000], runtime:  3.81s, train loss: 4.0730e-06 (best: 3.9415e-06/6.8740e-07)
>> epoch [ 356/3000], runtime:  3.71s, train loss: 4.0805e-06 (best: 3.9415e-06/6.8740e-07)
>> epoch [ 357/3000], runtime:  3.77s, train loss: 4.1021e-06 (best: 3.9415e-06/6.8740e-07)
>> epoch [ 358/3000], runtime:  3.85s, train loss: 4.0793e-06 (best: 3.9415e-06/6.8740e-07)
>> epoch [ 359/3000], runtime: 3.46s, train loss: 3.9241e-06, valid loss: 6.8512e-07 , test loss: 1.1099e-04
>> epoch [ 360/3000], runtime:  3.69s, train loss: 3.9310e-06 (best: 3.9241e-06/6.8512e-07)
>> epoch [ 361/3000], runtime:  3.19s, train loss: 4.0279e-06 (best: 3.9241e-06/6.8512e-07)
>> epoch [ 362/3000], runtime:  2.55s, train loss: 4.1986e-06 (best: 3.9241e-06/6.8512e-07)
>> epoch [ 363/3000], runtime:  2.55s, train loss: 3.9666e-06 (best: 3.9241e-06/6.8512e-07)
>> epoch [ 364/3000], runtime:  2.56s, train loss: 3.9579e-06 (best: 3.9241e-06/6.8512e-07)
>> epoch [ 365/3000], runtime:  2.54s, train loss: 3.9221e-06 (best: 3.9241e-06/6.8512e-07)
>> epoch [ 366/3000], runtime:  2.54s, train loss: 3.8970e-06 (best: 3.9241e-06/6.8512e-07)
>> epoch [ 367/3000], runtime:  2.54s, train loss: 3.8630e-06 (best: 3.9241e-06/6.8512e-07)
>> epoch [ 368/3000], runtime:  2.55s, train loss: 4.0121e-06 (best: 3.9241e-06/6.8512e-07)
>> epoch [ 369/3000], runtime:  2.53s, train loss: 3.9900e-06 (best: 3.9241e-06/6.8512e-07)
>> epoch [ 370/3000], runtime:  2.54s, train loss: 4.0153e-06 (best: 3.9241e-06/6.8512e-07)
>> epoch [ 371/3000], runtime:  2.53s, train loss: 4.0994e-06 (best: 3.9241e-06/6.8512e-07)
>> epoch [ 372/3000], runtime:  2.53s, train loss: 3.9967e-06 (best: 3.9241e-06/6.8512e-07)
>> epoch [ 373/3000], runtime:  2.54s, train loss: 3.9319e-06 (best: 3.9241e-06/6.8512e-07)
>> epoch [ 374/3000], runtime:  2.55s, train loss: 3.9416e-06 (best: 3.9241e-06/6.8512e-07)
>> epoch [ 375/3000], runtime:  2.53s, train loss: 3.9755e-06 (best: 3.9241e-06/6.8512e-07)
>> epoch [ 376/3000], runtime:  2.54s, train loss: 3.9903e-06 (best: 3.9241e-06/6.8512e-07)
>> epoch [ 377/3000], runtime:  2.54s, train loss: 3.9574e-06 (best: 3.9241e-06/6.8512e-07)
>> epoch [ 378/3000], runtime:  2.58s, train loss: 3.9960e-06 (best: 3.9241e-06/6.8512e-07)
>> epoch [ 379/3000], runtime:  2.54s, train loss: 3.9507e-06 (best: 3.9241e-06/6.8512e-07)
>> epoch [ 380/3000], runtime:  2.53s, train loss: 4.0093e-06 (best: 3.9241e-06/6.8512e-07)
>> epoch [ 381/3000], runtime:  2.54s, train loss: 3.9148e-06 (best: 3.9241e-06/6.8512e-07)
>> epoch [ 382/3000], runtime:  2.54s, train loss: 4.0176e-06 (best: 3.9241e-06/6.8512e-07)
>> epoch [ 383/3000], runtime:  2.58s, train loss: 4.0059e-06 (best: 3.9241e-06/6.8512e-07)
>> epoch [ 384/3000], runtime:  2.53s, train loss: 3.8796e-06 (best: 3.9241e-06/6.8512e-07)
>> epoch [ 385/3000], runtime:  2.53s, train loss: 3.9671e-06 (best: 3.9241e-06/6.8512e-07)
>> epoch [ 386/3000], runtime:  2.53s, train loss: 3.9748e-06 (best: 3.9241e-06/6.8512e-07)
>> epoch [ 387/3000], runtime:  2.53s, train loss: 3.9287e-06 (best: 3.9241e-06/6.8512e-07)
>> epoch [ 388/3000], runtime:  2.53s, train loss: 4.0060e-06 (best: 3.9241e-06/6.8512e-07)
>> epoch [ 389/3000], runtime:  2.53s, train loss: 3.9573e-06 (best: 3.9241e-06/6.8512e-07)
>> epoch [ 390/3000], runtime:  2.53s, train loss: 4.0336e-06 (best: 3.9241e-06/6.8512e-07)
>> epoch [ 391/3000], runtime:  2.53s, train loss: 4.0538e-06 (best: 3.9241e-06/6.8512e-07)
>> epoch [ 392/3000], runtime:  2.53s, train loss: 3.9872e-06 (best: 3.9241e-06/6.8512e-07)
>> epoch [ 393/3000], runtime:  2.54s, train loss: 3.9025e-06 (best: 3.9241e-06/6.8512e-07)
>> epoch [ 394/3000], runtime:  2.53s, train loss: 4.0689e-06 (best: 3.9241e-06/6.8512e-07)
>> epoch [ 395/3000], runtime:  2.53s, train loss: 3.9740e-06 (best: 3.9241e-06/6.8512e-07)
>> epoch [ 396/3000], runtime:  2.55s, train loss: 3.9622e-06 (best: 3.9241e-06/6.8512e-07)
>> epoch [ 397/3000], runtime:  2.56s, train loss: 3.9789e-06 (best: 3.9241e-06/6.8512e-07)
>> epoch [ 398/3000], runtime:  2.53s, train loss: 3.9441e-06 (best: 3.9241e-06/6.8512e-07)
>> epoch [ 399/3000], runtime:  2.53s, train loss: 3.9165e-06 (best: 3.9241e-06/6.8512e-07)
>> epoch [ 400/3000], runtime:  2.54s, train loss: 3.8629e-06 (best: 3.9241e-06/6.8512e-07)
>> epoch [ 401/3000], runtime: 2.55s, train loss: 3.9049e-06, valid loss: 6.8319e-07 , test loss: 1.1170e-04
>> epoch [ 402/3000], runtime:  2.56s, train loss: 3.8992e-06 (best: 3.9049e-06/6.8319e-07)
>> epoch [ 403/3000], runtime:  2.54s, train loss: 3.8871e-06 (best: 3.9049e-06/6.8319e-07)
>> epoch [ 404/3000], runtime:  2.58s, train loss: 3.9347e-06 (best: 3.9049e-06/6.8319e-07)
>> epoch [ 405/3000], runtime:  2.54s, train loss: 3.8966e-06 (best: 3.9049e-06/6.8319e-07)
>> epoch [ 406/3000], runtime:  2.58s, train loss: 3.9307e-06 (best: 3.9049e-06/6.8319e-07)
>> epoch [ 407/3000], runtime:  2.54s, train loss: 4.0112e-06 (best: 3.9049e-06/6.8319e-07)
>> epoch [ 408/3000], runtime:  2.54s, train loss: 3.9063e-06 (best: 3.9049e-06/6.8319e-07)
>> epoch [ 409/3000], runtime:  2.57s, train loss: 4.0677e-06 (best: 3.9049e-06/6.8319e-07)
>> epoch [ 410/3000], runtime:  2.57s, train loss: 4.0505e-06 (best: 3.9049e-06/6.8319e-07)
>> epoch [ 411/3000], runtime:  2.55s, train loss: 4.0473e-06 (best: 3.9049e-06/6.8319e-07)
>> epoch [ 412/3000], runtime:  2.54s, train loss: 3.9777e-06 (best: 3.9049e-06/6.8319e-07)
>> epoch [ 413/3000], runtime:  2.54s, train loss: 3.8788e-06 (best: 3.9049e-06/6.8319e-07)
>> epoch [ 414/3000], runtime:  2.60s, train loss: 3.9238e-06 (best: 3.9049e-06/6.8319e-07)
>> epoch [ 415/3000], runtime:  2.53s, train loss: 3.8934e-06 (best: 3.9049e-06/6.8319e-07)
>> epoch [ 416/3000], runtime:  2.53s, train loss: 3.8803e-06 (best: 3.9049e-06/6.8319e-07)
>> epoch [ 417/3000], runtime:  2.53s, train loss: 3.9747e-06 (best: 3.9049e-06/6.8319e-07)
>> epoch [ 418/3000], runtime:  2.56s, train loss: 3.9141e-06 (best: 3.9049e-06/6.8319e-07)
>> epoch [ 419/3000], runtime:  2.54s, train loss: 3.9513e-06 (best: 3.9049e-06/6.8319e-07)
>> epoch [ 420/3000], runtime:  2.56s, train loss: 4.1188e-06 (best: 3.9049e-06/6.8319e-07)
>> epoch [ 421/3000], runtime:  2.54s, train loss: 3.9835e-06 (best: 3.9049e-06/6.8319e-07)
>> epoch [ 422/3000], runtime:  2.53s, train loss: 3.9227e-06 (best: 3.9049e-06/6.8319e-07)
>> epoch [ 423/3000], runtime:  2.55s, train loss: 3.8944e-06 (best: 3.9049e-06/6.8319e-07)
>> epoch [ 424/3000], runtime:  2.56s, train loss: 3.8848e-06 (best: 3.9049e-06/6.8319e-07)
>> epoch [ 425/3000], runtime: 2.53s, train loss: 3.8959e-06, valid loss: 6.8040e-07 , test loss: 1.1101e-04
>> epoch [ 426/3000], runtime:  2.53s, train loss: 3.9248e-06 (best: 3.8959e-06/6.8040e-07)
>> epoch [ 427/3000], runtime:  2.54s, train loss: 3.9621e-06 (best: 3.8959e-06/6.8040e-07)
>> epoch [ 428/3000], runtime:  2.54s, train loss: 3.9519e-06 (best: 3.8959e-06/6.8040e-07)
>> epoch [ 429/3000], runtime:  2.54s, train loss: 3.8997e-06 (best: 3.8959e-06/6.8040e-07)
>> epoch [ 430/3000], runtime:  2.56s, train loss: 3.9501e-06 (best: 3.8959e-06/6.8040e-07)
>> epoch [ 431/3000], runtime:  2.55s, train loss: 3.9079e-06 (best: 3.8959e-06/6.8040e-07)
>> epoch [ 432/3000], runtime:  2.55s, train loss: 3.9907e-06 (best: 3.8959e-06/6.8040e-07)
>> epoch [ 433/3000], runtime:  2.54s, train loss: 3.9044e-06 (best: 3.8959e-06/6.8040e-07)
>> epoch [ 434/3000], runtime:  2.54s, train loss: 3.9654e-06 (best: 3.8959e-06/6.8040e-07)
>> epoch [ 435/3000], runtime:  2.53s, train loss: 3.9568e-06 (best: 3.8959e-06/6.8040e-07)
>> epoch [ 436/3000], runtime:  2.53s, train loss: 3.9543e-06 (best: 3.8959e-06/6.8040e-07)
>> epoch [ 437/3000], runtime:  2.53s, train loss: 3.9473e-06 (best: 3.8959e-06/6.8040e-07)
>> epoch [ 438/3000], runtime:  2.54s, train loss: 3.9292e-06 (best: 3.8959e-06/6.8040e-07)
>> epoch [ 439/3000], runtime:  2.55s, train loss: 3.9552e-06 (best: 3.8959e-06/6.8040e-07)
>> epoch [ 440/3000], runtime:  2.55s, train loss: 4.1235e-06 (best: 3.8959e-06/6.8040e-07)
>> epoch [ 441/3000], runtime:  2.53s, train loss: 3.9156e-06 (best: 3.8959e-06/6.8040e-07)
>> epoch [ 442/3000], runtime:  2.53s, train loss: 3.8638e-06 (best: 3.8959e-06/6.8040e-07)
>> epoch [ 443/3000], runtime:  2.54s, train loss: 3.8770e-06 (best: 3.8959e-06/6.8040e-07)
>> epoch [ 444/3000], runtime:  2.55s, train loss: 3.9229e-06 (best: 3.8959e-06/6.8040e-07)
>> epoch [ 445/3000], runtime:  2.53s, train loss: 3.8974e-06 (best: 3.8959e-06/6.8040e-07)
>> epoch [ 446/3000], runtime:  2.54s, train loss: 3.8819e-06 (best: 3.8959e-06/6.8040e-07)
>> epoch [ 447/3000], runtime:  2.54s, train loss: 3.9577e-06 (best: 3.8959e-06/6.8040e-07)
>> epoch [ 448/3000], runtime:  2.53s, train loss: 3.9430e-06 (best: 3.8959e-06/6.8040e-07)
>> epoch [ 449/3000], runtime:  2.53s, train loss: 3.8538e-06 (best: 3.8959e-06/6.8040e-07)
>> epoch [ 450/3000], runtime:  2.54s, train loss: 3.9378e-06 (best: 3.8959e-06/6.8040e-07)
>> epoch [ 451/3000], runtime:  2.54s, train loss: 3.9036e-06 (best: 3.8959e-06/6.8040e-07)
>> epoch [ 452/3000], runtime:  2.53s, train loss: 3.9063e-06 (best: 3.8959e-06/6.8040e-07)
>> epoch [ 453/3000], runtime:  2.53s, train loss: 3.8879e-06 (best: 3.8959e-06/6.8040e-07)
>> epoch [ 454/3000], runtime:  2.53s, train loss: 3.8951e-06 (best: 3.8959e-06/6.8040e-07)
>> epoch [ 455/3000], runtime:  2.53s, train loss: 3.8662e-06 (best: 3.8959e-06/6.8040e-07)
>> epoch [ 456/3000], runtime:  2.54s, train loss: 3.8420e-06 (best: 3.8959e-06/6.8040e-07)
>> epoch [ 457/3000], runtime:  2.60s, train loss: 3.8824e-06 (best: 3.8959e-06/6.8040e-07)
>> epoch [ 458/3000], runtime:  2.53s, train loss: 3.8708e-06 (best: 3.8959e-06/6.8040e-07)
>> epoch [ 459/3000], runtime:  2.53s, train loss: 3.8768e-06 (best: 3.8959e-06/6.8040e-07)
>> epoch [ 460/3000], runtime:  2.53s, train loss: 3.8973e-06 (best: 3.8959e-06/6.8040e-07)
>> epoch [ 461/3000], runtime:  2.53s, train loss: 3.8443e-06 (best: 3.8959e-06/6.8040e-07)
>> epoch [ 462/3000], runtime:  2.54s, train loss: 3.8566e-06 (best: 3.8959e-06/6.8040e-07)
>> epoch [ 463/3000], runtime:  2.54s, train loss: 3.8668e-06 (best: 3.8959e-06/6.8040e-07)
>> epoch [ 464/3000], runtime:  2.53s, train loss: 3.8504e-06 (best: 3.8959e-06/6.8040e-07)
>> epoch [ 465/3000], runtime:  2.53s, train loss: 3.8980e-06 (best: 3.8959e-06/6.8040e-07)
>> epoch [ 466/3000], runtime:  2.54s, train loss: 3.8777e-06 (best: 3.8959e-06/6.8040e-07)
>> epoch [ 467/3000], runtime:  2.57s, train loss: 3.8985e-06 (best: 3.8959e-06/6.8040e-07)
>> epoch [ 468/3000], runtime:  2.53s, train loss: 3.8674e-06 (best: 3.8959e-06/6.8040e-07)
>> epoch [ 469/3000], runtime:  2.53s, train loss: 3.8093e-06 (best: 3.8959e-06/6.8040e-07)
>> epoch [ 470/3000], runtime:  2.54s, train loss: 3.9796e-06 (best: 3.8959e-06/6.8040e-07)
>> epoch [ 471/3000], runtime:  2.54s, train loss: 3.8848e-06 (best: 3.8959e-06/6.8040e-07)
>> epoch [ 472/3000], runtime:  2.57s, train loss: 3.8509e-06 (best: 3.8959e-06/6.8040e-07)
>> epoch [ 473/3000], runtime:  2.57s, train loss: 3.8986e-06 (best: 3.8959e-06/6.8040e-07)
>> epoch [ 474/3000], runtime:  2.54s, train loss: 3.9561e-06 (best: 3.8959e-06/6.8040e-07)
>> epoch [ 475/3000], runtime:  2.55s, train loss: 3.8762e-06 (best: 3.8959e-06/6.8040e-07)
>> epoch [ 476/3000], runtime:  2.53s, train loss: 3.8953e-06 (best: 3.8959e-06/6.8040e-07)
>> epoch [ 477/3000], runtime:  2.53s, train loss: 3.8643e-06 (best: 3.8959e-06/6.8040e-07)
>> epoch [ 478/3000], runtime:  2.53s, train loss: 3.8398e-06 (best: 3.8959e-06/6.8040e-07)
>> epoch [ 479/3000], runtime:  2.58s, train loss: 3.8928e-06 (best: 3.8959e-06/6.8040e-07)
>> epoch [ 480/3000], runtime:  2.54s, train loss: 3.8281e-06 (best: 3.8959e-06/6.8040e-07)
>> epoch [ 481/3000], runtime:  2.54s, train loss: 3.8775e-06 (best: 3.8959e-06/6.8040e-07)
>> epoch [ 482/3000], runtime:  2.52s, train loss: 3.8673e-06 (best: 3.8959e-06/6.8040e-07)
>> epoch [ 483/3000], runtime:  2.54s, train loss: 3.8681e-06 (best: 3.8959e-06/6.8040e-07)
>> epoch [ 484/3000], runtime:  2.53s, train loss: 3.9117e-06 (best: 3.8959e-06/6.8040e-07)
>> epoch [ 485/3000], runtime:  2.53s, train loss: 3.8694e-06 (best: 3.8959e-06/6.8040e-07)
>> epoch [ 486/3000], runtime:  2.53s, train loss: 3.8713e-06 (best: 3.8959e-06/6.8040e-07)
>> epoch [ 487/3000], runtime:  2.55s, train loss: 3.8691e-06 (best: 3.8959e-06/6.8040e-07)
>> epoch [ 488/3000], runtime:  2.55s, train loss: 3.8088e-06 (best: 3.8959e-06/6.8040e-07)
>> epoch [ 489/3000], runtime:  2.53s, train loss: 3.8500e-06 (best: 3.8959e-06/6.8040e-07)
>> epoch [ 490/3000], runtime:  2.53s, train loss: 3.8413e-06 (best: 3.8959e-06/6.8040e-07)
>> epoch [ 491/3000], runtime:  2.56s, train loss: 3.9045e-06 (best: 3.8959e-06/6.8040e-07)
>> epoch [ 492/3000], runtime:  2.57s, train loss: 3.8815e-06 (best: 3.8959e-06/6.8040e-07)
>> epoch [ 493/3000], runtime:  2.58s, train loss: 3.8368e-06 (best: 3.8959e-06/6.8040e-07)
>> epoch [ 494/3000], runtime:  2.54s, train loss: 3.8210e-06 (best: 3.8959e-06/6.8040e-07)
>> epoch [ 495/3000], runtime: 2.58s, train loss: 3.8886e-06, valid loss: 6.7952e-07 , test loss: 1.1183e-04
>> epoch [ 496/3000], runtime:  2.58s, train loss: 3.9217e-06 (best: 3.8886e-06/6.7952e-07)
>> epoch [ 497/3000], runtime:  2.57s, train loss: 3.8675e-06 (best: 3.8886e-06/6.7952e-07)
>> epoch [ 498/3000], runtime:  2.59s, train loss: 3.9030e-06 (best: 3.8886e-06/6.7952e-07)
>> epoch [ 499/3000], runtime:  2.54s, train loss: 3.8055e-06 (best: 3.8886e-06/6.7952e-07)
>> epoch [ 500/3000], runtime:  2.54s, train loss: 3.8122e-06 (best: 3.8886e-06/6.7952e-07)
>> epoch [ 501/3000], runtime:  2.54s, train loss: 3.8809e-06 (best: 3.8886e-06/6.7952e-07)
>> epoch [ 502/3000], runtime:  2.55s, train loss: 3.8352e-06 (best: 3.8886e-06/6.7952e-07)
>> epoch [ 503/3000], runtime:  2.57s, train loss: 3.8117e-06 (best: 3.8886e-06/6.7952e-07)
>> epoch [ 504/3000], runtime:  2.54s, train loss: 3.8504e-06 (best: 3.8886e-06/6.7952e-07)
>> epoch [ 505/3000], runtime:  2.54s, train loss: 3.8468e-06 (best: 3.8886e-06/6.7952e-07)
>> epoch [ 506/3000], runtime:  2.55s, train loss: 3.8481e-06 (best: 3.8886e-06/6.7952e-07)
>> epoch [ 507/3000], runtime:  2.54s, train loss: 3.8350e-06 (best: 3.8886e-06/6.7952e-07)
>> epoch [ 508/3000], runtime:  2.54s, train loss: 3.8533e-06 (best: 3.8886e-06/6.7952e-07)
>> epoch [ 509/3000], runtime:  2.56s, train loss: 3.8389e-06 (best: 3.8886e-06/6.7952e-07)
>> epoch [ 510/3000], runtime:  2.56s, train loss: 3.8372e-06 (best: 3.8886e-06/6.7952e-07)
>> epoch [ 511/3000], runtime:  2.53s, train loss: 3.8484e-06 (best: 3.8886e-06/6.7952e-07)
>> epoch [ 512/3000], runtime:  2.54s, train loss: 3.8180e-06 (best: 3.8886e-06/6.7952e-07)
>> epoch [ 513/3000], runtime:  2.59s, train loss: 3.8486e-06 (best: 3.8886e-06/6.7952e-07)
>> epoch [ 514/3000], runtime:  2.56s, train loss: 3.8736e-06 (best: 3.8886e-06/6.7952e-07)
>> epoch [ 515/3000], runtime:  2.55s, train loss: 3.8588e-06 (best: 3.8886e-06/6.7952e-07)
>> epoch [ 516/3000], runtime:  2.57s, train loss: 3.8995e-06 (best: 3.8886e-06/6.7952e-07)
>> epoch [ 517/3000], runtime:  2.57s, train loss: 3.8456e-06 (best: 3.8886e-06/6.7952e-07)
>> epoch [ 518/3000], runtime:  2.56s, train loss: 3.9373e-06 (best: 3.8886e-06/6.7952e-07)
>> epoch [ 519/3000], runtime:  2.56s, train loss: 3.9077e-06 (best: 3.8886e-06/6.7952e-07)
>> epoch [ 520/3000], runtime:  2.54s, train loss: 3.8243e-06 (best: 3.8886e-06/6.7952e-07)
>> epoch [ 521/3000], runtime:  2.54s, train loss: 3.7864e-06 (best: 3.8886e-06/6.7952e-07)
>> epoch [ 522/3000], runtime:  2.53s, train loss: 3.8388e-06 (best: 3.8886e-06/6.7952e-07)
>> epoch [ 523/3000], runtime:  2.53s, train loss: 3.8515e-06 (best: 3.8886e-06/6.7952e-07)
>> epoch [ 524/3000], runtime:  2.59s, train loss: 3.8847e-06 (best: 3.8886e-06/6.7952e-07)
>> epoch [ 525/3000], runtime:  2.55s, train loss: 3.8345e-06 (best: 3.8886e-06/6.7952e-07)
>> epoch [ 526/3000], runtime:  2.54s, train loss: 3.8491e-06 (best: 3.8886e-06/6.7952e-07)
>> epoch [ 527/3000], runtime:  2.54s, train loss: 3.8769e-06 (best: 3.8886e-06/6.7952e-07)
>> epoch [ 528/3000], runtime: 2.54s, train loss: 3.8726e-06, valid loss: 6.7871e-07 , test loss: 1.1030e-04
>> epoch [ 529/3000], runtime:  2.55s, train loss: 3.7936e-06 (best: 3.8726e-06/6.7871e-07)
>> epoch [ 530/3000], runtime:  2.55s, train loss: 3.8340e-06 (best: 3.8726e-06/6.7871e-07)
>> epoch [ 531/3000], runtime:  2.55s, train loss: 3.8453e-06 (best: 3.8726e-06/6.7871e-07)
>> epoch [ 532/3000], runtime:  2.57s, train loss: 3.7888e-06 (best: 3.8726e-06/6.7871e-07)
>> epoch [ 533/3000], runtime:  2.56s, train loss: 3.7920e-06 (best: 3.8726e-06/6.7871e-07)
>> epoch [ 534/3000], runtime:  2.54s, train loss: 3.8493e-06 (best: 3.8726e-06/6.7871e-07)
>> epoch [ 535/3000], runtime:  2.57s, train loss: 3.8642e-06 (best: 3.8726e-06/6.7871e-07)
>> epoch [ 536/3000], runtime:  2.56s, train loss: 3.8265e-06 (best: 3.8726e-06/6.7871e-07)
>> epoch [ 537/3000], runtime:  2.53s, train loss: 3.8734e-06 (best: 3.8726e-06/6.7871e-07)
>> epoch [ 538/3000], runtime:  2.54s, train loss: 3.8331e-06 (best: 3.8726e-06/6.7871e-07)
>> epoch [ 539/3000], runtime:  2.56s, train loss: 3.8331e-06 (best: 3.8726e-06/6.7871e-07)
>> epoch [ 540/3000], runtime:  2.56s, train loss: 3.8127e-06 (best: 3.8726e-06/6.7871e-07)
>> epoch [ 541/3000], runtime:  2.55s, train loss: 3.8040e-06 (best: 3.8726e-06/6.7871e-07)
>> epoch [ 542/3000], runtime:  2.54s, train loss: 3.8287e-06 (best: 3.8726e-06/6.7871e-07)
>> epoch [ 543/3000], runtime:  2.53s, train loss: 3.7662e-06 (best: 3.8726e-06/6.7871e-07)
>> epoch [ 544/3000], runtime:  2.53s, train loss: 3.8357e-06 (best: 3.8726e-06/6.7871e-07)
>> epoch [ 545/3000], runtime:  2.53s, train loss: 3.8386e-06 (best: 3.8726e-06/6.7871e-07)
>> epoch [ 546/3000], runtime:  2.54s, train loss: 3.8495e-06 (best: 3.8726e-06/6.7871e-07)
>> epoch [ 547/3000], runtime:  2.57s, train loss: 3.8500e-06 (best: 3.8726e-06/6.7871e-07)
>> epoch [ 548/3000], runtime:  2.56s, train loss: 3.8619e-06 (best: 3.8726e-06/6.7871e-07)
>> epoch [ 549/3000], runtime:  2.53s, train loss: 3.8672e-06 (best: 3.8726e-06/6.7871e-07)
>> epoch [ 550/3000], runtime:  2.54s, train loss: 3.8074e-06 (best: 3.8726e-06/6.7871e-07)
>> epoch [ 551/3000], runtime:  2.53s, train loss: 3.7819e-06 (best: 3.8726e-06/6.7871e-07)
>> epoch [ 552/3000], runtime:  2.54s, train loss: 3.8096e-06 (best: 3.8726e-06/6.7871e-07)
>> epoch [ 553/3000], runtime:  2.54s, train loss: 3.8382e-06 (best: 3.8726e-06/6.7871e-07)
>> epoch [ 554/3000], runtime:  2.54s, train loss: 3.8410e-06 (best: 3.8726e-06/6.7871e-07)
>> epoch [ 555/3000], runtime:  2.57s, train loss: 3.8406e-06 (best: 3.8726e-06/6.7871e-07)
>> epoch [ 556/3000], runtime:  2.53s, train loss: 3.8420e-06 (best: 3.8726e-06/6.7871e-07)
>> epoch [ 557/3000], runtime: 2.57s, train loss: 3.8361e-06, valid loss: 6.7787e-07 , test loss: 1.0997e-04
>> epoch [ 558/3000], runtime:  2.54s, train loss: 3.8053e-06 (best: 3.8361e-06/6.7787e-07)
>> epoch [ 559/3000], runtime:  2.54s, train loss: 3.8374e-06 (best: 3.8361e-06/6.7787e-07)
>> epoch [ 560/3000], runtime:  2.53s, train loss: 3.8357e-06 (best: 3.8361e-06/6.7787e-07)
>> epoch [ 561/3000], runtime:  2.53s, train loss: 3.8027e-06 (best: 3.8361e-06/6.7787e-07)
>> epoch [ 562/3000], runtime:  2.55s, train loss: 3.8203e-06 (best: 3.8361e-06/6.7787e-07)
>> epoch [ 563/3000], runtime:  2.59s, train loss: 3.8171e-06 (best: 3.8361e-06/6.7787e-07)
>> epoch [ 564/3000], runtime:  2.56s, train loss: 3.8406e-06 (best: 3.8361e-06/6.7787e-07)
>> epoch [ 565/3000], runtime:  2.57s, train loss: 3.7933e-06 (best: 3.8361e-06/6.7787e-07)
>> epoch [ 566/3000], runtime:  2.57s, train loss: 3.8571e-06 (best: 3.8361e-06/6.7787e-07)
>> epoch [ 567/3000], runtime:  2.54s, train loss: 3.8622e-06 (best: 3.8361e-06/6.7787e-07)
>> epoch [ 568/3000], runtime:  2.54s, train loss: 3.8083e-06 (best: 3.8361e-06/6.7787e-07)
>> epoch [ 569/3000], runtime:  2.53s, train loss: 3.8084e-06 (best: 3.8361e-06/6.7787e-07)
>> epoch [ 570/3000], runtime:  2.54s, train loss: 3.8055e-06 (best: 3.8361e-06/6.7787e-07)
>> epoch [ 571/3000], runtime:  2.53s, train loss: 3.8207e-06 (best: 3.8361e-06/6.7787e-07)
>> epoch [ 572/3000], runtime:  2.57s, train loss: 3.9002e-06 (best: 3.8361e-06/6.7787e-07)
>> epoch [ 573/3000], runtime:  2.55s, train loss: 3.8489e-06 (best: 3.8361e-06/6.7787e-07)
>> epoch [ 574/3000], runtime:  2.54s, train loss: 3.8448e-06 (best: 3.8361e-06/6.7787e-07)
>> epoch [ 575/3000], runtime:  2.54s, train loss: 3.8139e-06 (best: 3.8361e-06/6.7787e-07)
>> epoch [ 576/3000], runtime:  2.53s, train loss: 3.9115e-06 (best: 3.8361e-06/6.7787e-07)
>> epoch [ 577/3000], runtime:  2.53s, train loss: 3.7980e-06 (best: 3.8361e-06/6.7787e-07)
>> epoch [ 578/3000], runtime:  2.59s, train loss: 3.9239e-06 (best: 3.8361e-06/6.7787e-07)
>> epoch [ 579/3000], runtime:  2.54s, train loss: 3.8023e-06 (best: 3.8361e-06/6.7787e-07)
>> epoch [ 580/3000], runtime:  2.53s, train loss: 3.7943e-06 (best: 3.8361e-06/6.7787e-07)
>> epoch [ 581/3000], runtime:  2.53s, train loss: 3.8394e-06 (best: 3.8361e-06/6.7787e-07)
>> epoch [ 582/3000], runtime:  2.53s, train loss: 3.8697e-06 (best: 3.8361e-06/6.7787e-07)
>> epoch [ 583/3000], runtime:  2.53s, train loss: 3.8241e-06 (best: 3.8361e-06/6.7787e-07)
>> epoch [ 584/3000], runtime:  2.54s, train loss: 3.8309e-06 (best: 3.8361e-06/6.7787e-07)
>> epoch [ 585/3000], runtime:  2.54s, train loss: 3.8113e-06 (best: 3.8361e-06/6.7787e-07)
>> epoch [ 586/3000], runtime:  2.54s, train loss: 3.8155e-06 (best: 3.8361e-06/6.7787e-07)
>> epoch [ 587/3000], runtime:  2.53s, train loss: 3.8298e-06 (best: 3.8361e-06/6.7787e-07)
>> epoch [ 588/3000], runtime:  2.54s, train loss: 3.7866e-06 (best: 3.8361e-06/6.7787e-07)
>> epoch [ 589/3000], runtime:  2.53s, train loss: 3.8437e-06 (best: 3.8361e-06/6.7787e-07)
>> epoch [ 590/3000], runtime:  2.54s, train loss: 3.8244e-06 (best: 3.8361e-06/6.7787e-07)
>> epoch [ 591/3000], runtime:  2.55s, train loss: 3.8320e-06 (best: 3.8361e-06/6.7787e-07)
>> epoch [ 592/3000], runtime:  2.56s, train loss: 3.8269e-06 (best: 3.8361e-06/6.7787e-07)
>> epoch [ 593/3000], runtime:  2.53s, train loss: 3.8171e-06 (best: 3.8361e-06/6.7787e-07)
>> epoch [ 594/3000], runtime:  2.53s, train loss: 3.8413e-06 (best: 3.8361e-06/6.7787e-07)
>> epoch [ 595/3000], runtime:  2.54s, train loss: 3.8226e-06 (best: 3.8361e-06/6.7787e-07)
>> epoch [ 596/3000], runtime:  2.54s, train loss: 3.8385e-06 (best: 3.8361e-06/6.7787e-07)
>> epoch [ 597/3000], runtime:  2.59s, train loss: 3.7999e-06 (best: 3.8361e-06/6.7787e-07)
>> epoch [ 598/3000], runtime:  2.54s, train loss: 3.8397e-06 (best: 3.8361e-06/6.7787e-07)
>> epoch [ 599/3000], runtime:  2.54s, train loss: 3.8007e-06 (best: 3.8361e-06/6.7787e-07)
>> epoch [ 600/3000], runtime:  2.54s, train loss: 3.8566e-06 (best: 3.8361e-06/6.7787e-07)
>> epoch [ 601/3000], runtime:  2.54s, train loss: 3.8747e-06 (best: 3.8361e-06/6.7787e-07)
>> epoch [ 602/3000], runtime:  2.56s, train loss: 3.7712e-06 (best: 3.8361e-06/6.7787e-07)
>> epoch [ 603/3000], runtime:  2.57s, train loss: 3.8459e-06 (best: 3.8361e-06/6.7787e-07)
>> epoch [ 604/3000], runtime:  2.53s, train loss: 3.8297e-06 (best: 3.8361e-06/6.7787e-07)
>> epoch [ 605/3000], runtime:  2.54s, train loss: 3.8087e-06 (best: 3.8361e-06/6.7787e-07)
>> epoch [ 606/3000], runtime:  2.59s, train loss: 3.8407e-06 (best: 3.8361e-06/6.7787e-07)
>> epoch [ 607/3000], runtime:  2.59s, train loss: 3.7835e-06 (best: 3.8361e-06/6.7787e-07)
>> epoch [ 608/3000], runtime:  2.56s, train loss: 3.8518e-06 (best: 3.8361e-06/6.7787e-07)
>> epoch [ 609/3000], runtime:  2.55s, train loss: 3.8328e-06 (best: 3.8361e-06/6.7787e-07)
>> epoch [ 610/3000], runtime:  2.55s, train loss: 3.8145e-06 (best: 3.8361e-06/6.7787e-07)
>> epoch [ 611/3000], runtime:  2.57s, train loss: 3.8024e-06 (best: 3.8361e-06/6.7787e-07)
>> epoch [ 612/3000], runtime:  2.60s, train loss: 3.8218e-06 (best: 3.8361e-06/6.7787e-07)
>> epoch [ 613/3000], runtime:  2.53s, train loss: 3.8209e-06 (best: 3.8361e-06/6.7787e-07)
>> epoch [ 614/3000], runtime:  2.53s, train loss: 3.7748e-06 (best: 3.8361e-06/6.7787e-07)
>> epoch [ 615/3000], runtime:  2.53s, train loss: 3.8217e-06 (best: 3.8361e-06/6.7787e-07)
>> epoch [ 616/3000], runtime:  2.54s, train loss: 3.8368e-06 (best: 3.8361e-06/6.7787e-07)
>> epoch [ 617/3000], runtime:  2.55s, train loss: 3.7794e-06 (best: 3.8361e-06/6.7787e-07)
>> epoch [ 618/3000], runtime:  2.56s, train loss: 3.8171e-06 (best: 3.8361e-06/6.7787e-07)
>> epoch [ 619/3000], runtime:  2.58s, train loss: 3.8151e-06 (best: 3.8361e-06/6.7787e-07)
>> epoch [ 620/3000], runtime:  2.56s, train loss: 3.8089e-06 (best: 3.8361e-06/6.7787e-07)
>> epoch [ 621/3000], runtime:  2.54s, train loss: 3.8075e-06 (best: 3.8361e-06/6.7787e-07)
>> epoch [ 622/3000], runtime:  2.54s, train loss: 3.7979e-06 (best: 3.8361e-06/6.7787e-07)
>> epoch [ 623/3000], runtime:  2.54s, train loss: 3.8610e-06 (best: 3.8361e-06/6.7787e-07)
>> epoch [ 624/3000], runtime:  2.55s, train loss: 3.7959e-06 (best: 3.8361e-06/6.7787e-07)
>> epoch [ 625/3000], runtime:  2.56s, train loss: 3.7862e-06 (best: 3.8361e-06/6.7787e-07)
>> epoch [ 626/3000], runtime:  2.54s, train loss: 3.8025e-06 (best: 3.8361e-06/6.7787e-07)
>> epoch [ 627/3000], runtime:  2.54s, train loss: 3.8229e-06 (best: 3.8361e-06/6.7787e-07)
>> epoch [ 628/3000], runtime:  2.53s, train loss: 3.8440e-06 (best: 3.8361e-06/6.7787e-07)
>> epoch [ 629/3000], runtime:  2.53s, train loss: 3.9534e-06 (best: 3.8361e-06/6.7787e-07)
>> epoch [ 630/3000], runtime:  2.54s, train loss: 3.8117e-06 (best: 3.8361e-06/6.7787e-07)
>> epoch [ 631/3000], runtime:  2.53s, train loss: 3.8150e-06 (best: 3.8361e-06/6.7787e-07)
>> epoch [ 632/3000], runtime:  2.57s, train loss: 3.8415e-06 (best: 3.8361e-06/6.7787e-07)
>> epoch [ 633/3000], runtime:  2.53s, train loss: 3.8528e-06 (best: 3.8361e-06/6.7787e-07)
>> epoch [ 634/3000], runtime:  2.54s, train loss: 3.7780e-06 (best: 3.8361e-06/6.7787e-07)
>> epoch [ 635/3000], runtime:  2.54s, train loss: 3.8150e-06 (best: 3.8361e-06/6.7787e-07)
>> epoch [ 636/3000], runtime:  2.54s, train loss: 3.8063e-06 (best: 3.8361e-06/6.7787e-07)
>> epoch [ 637/3000], runtime:  2.54s, train loss: 3.8032e-06 (best: 3.8361e-06/6.7787e-07)
>> epoch [ 638/3000], runtime:  2.54s, train loss: 3.8144e-06 (best: 3.8361e-06/6.7787e-07)
>> epoch [ 639/3000], runtime:  2.55s, train loss: 3.7716e-06 (best: 3.8361e-06/6.7787e-07)
>> epoch [ 640/3000], runtime:  2.56s, train loss: 3.7994e-06 (best: 3.8361e-06/6.7787e-07)
>> epoch [ 641/3000], runtime:  2.54s, train loss: 3.8573e-06 (best: 3.8361e-06/6.7787e-07)
>> epoch [ 642/3000], runtime:  2.53s, train loss: 3.7886e-06 (best: 3.8361e-06/6.7787e-07)
>> epoch [ 643/3000], runtime:  2.53s, train loss: 3.7977e-06 (best: 3.8361e-06/6.7787e-07)
>> epoch [ 644/3000], runtime:  2.57s, train loss: 3.7923e-06 (best: 3.8361e-06/6.7787e-07)
>> epoch [ 645/3000], runtime:  2.53s, train loss: 3.8095e-06 (best: 3.8361e-06/6.7787e-07)
>> epoch [ 646/3000], runtime:  2.53s, train loss: 3.7981e-06 (best: 3.8361e-06/6.7787e-07)
>> epoch [ 647/3000], runtime:  2.53s, train loss: 3.7799e-06 (best: 3.8361e-06/6.7787e-07)
>> epoch [ 648/3000], runtime:  2.57s, train loss: 3.8237e-06 (best: 3.8361e-06/6.7787e-07)
>> epoch [ 649/3000], runtime:  2.57s, train loss: 3.8645e-06 (best: 3.8361e-06/6.7787e-07)
>> epoch [ 650/3000], runtime:  2.55s, train loss: 3.8032e-06 (best: 3.8361e-06/6.7787e-07)
>> epoch [ 651/3000], runtime:  2.53s, train loss: 3.7863e-06 (best: 3.8361e-06/6.7787e-07)
>> epoch [ 652/3000], runtime:  2.53s, train loss: 3.8014e-06 (best: 3.8361e-06/6.7787e-07)
>> epoch [ 653/3000], runtime:  2.53s, train loss: 3.7910e-06 (best: 3.8361e-06/6.7787e-07)
>> epoch [ 654/3000], runtime:  2.54s, train loss: 3.7646e-06 (best: 3.8361e-06/6.7787e-07)
>> epoch [ 655/3000], runtime:  2.54s, train loss: 3.7956e-06 (best: 3.8361e-06/6.7787e-07)
>> epoch [ 656/3000], runtime:  2.53s, train loss: 3.8105e-06 (best: 3.8361e-06/6.7787e-07)
>> epoch [ 657/3000], runtime:  2.55s, train loss: 3.8047e-06 (best: 3.8361e-06/6.7787e-07)
>> epoch [ 658/3000], runtime:  2.58s, train loss: 3.8143e-06 (best: 3.8361e-06/6.7787e-07)
----------------------------------------------------------------------------------------------------
----------------------------------------------------------------------------------------------------
>> ntrain: 300, lr: 0.01, gamma: 0.6, w_d: 0.0
>> Best train loss: 3.8361e-06
>> Best valid loss: 6.7787e-07
>> Best test loss: 1.0997e-04
>> Best epoch: 556
----------------------------------------------------------------------------------------------------
----------------------------------------------------------------------------------------------------
>> Training Completed!!
