>> Device being used: cuda (NVIDIA GeForce RTX 4090)
Total number of parameters: 1321
>> Training Mesh resolution: 257x257
/root/autodl-tmp/project/MPNO_final/BlatzKo_1d/PNO_NN_ex35_k1/PNO_BB_L1loss.py:143: UserWarning: torch.range is deprecated and will be removed in a future release because its behavior is inconsistent with Python's range builtin. Instead, use torch.arange, which produces values in [start, end).
  ksi_range = torch.range(-m_fact, m_fact).int()
tensor(0.8109)
tensor(3.3456)
>> Preprocessing completed, time elapsed:  0.44s
>> ntrain: 300, lr: 0.01, gamma: 0.6, w_d: 0.0
----------------------------------------------------------------------------------------------------
>> epoch [   1/3000], runtime: 1.24s, train loss: 3.5514e-04, valid loss: 2.1401e-04 , test loss: 2.6955e-03
>> epoch [   2/3000], runtime: 1.11s, train loss: 1.0122e-04, valid loss: 7.4929e-05 , test loss: 1.7526e-03
>> epoch [   3/3000], runtime: 1.67s, train loss: 6.8221e-05, valid loss: 5.7444e-05 , test loss: 1.6058e-03
>> epoch [   4/3000], runtime: 2.28s, train loss: 5.2533e-05, valid loss: 5.0125e-05 , test loss: 1.6193e-03
>> epoch [   5/3000], runtime: 2.98s, train loss: 4.5518e-05, valid loss: 4.2695e-05 , test loss: 1.2763e-03
>> epoch [   6/3000], runtime: 4.60s, train loss: 3.8893e-05, valid loss: 3.8258e-05 , test loss: 1.1615e-03
>> epoch [   7/3000], runtime: 5.94s, train loss: 3.1871e-05, valid loss: 3.3532e-05 , test loss: 8.4125e-04
>> epoch [   8/3000], runtime:  6.10s, train loss: 2.9999e-05 (best: 3.1871e-05/3.3532e-05)
>> epoch [   9/3000], runtime:  5.98s, train loss: 3.8947e-05 (best: 3.1871e-05/3.3532e-05)
>> epoch [  10/3000], runtime: 5.21s, train loss: 2.7186e-05, valid loss: 2.8024e-05 , test loss: 8.9336e-04
>> epoch [  11/3000], runtime:  5.24s, train loss: 2.9190e-05 (best: 2.7186e-05/2.8024e-05)
>> epoch [  12/3000], runtime:  4.94s, train loss: 2.7188e-05 (best: 2.7186e-05/2.8024e-05)
>> epoch [  13/3000], runtime: 5.38s, train loss: 2.0082e-05, valid loss: 2.5449e-05 , test loss: 8.2328e-04
>> epoch [  14/3000], runtime: 5.89s, train loss: 1.9116e-05, valid loss: 1.6207e-05 , test loss: 5.8821e-04
>> epoch [  15/3000], runtime:  5.68s, train loss: 1.9111e-05 (best: 1.9116e-05/1.6207e-05)
>> epoch [  16/3000], runtime:  5.63s, train loss: 1.7888e-05 (best: 1.9116e-05/1.6207e-05)
>> epoch [  17/3000], runtime:  5.88s, train loss: 2.0267e-05 (best: 1.9116e-05/1.6207e-05)
>> epoch [  18/3000], runtime: 5.68s, train loss: 1.4692e-05, valid loss: 1.4743e-05 , test loss: 4.2911e-04
>> epoch [  19/3000], runtime:  4.97s, train loss: 1.6777e-05 (best: 1.4692e-05/1.4743e-05)
>> epoch [  20/3000], runtime: 5.86s, train loss: 1.3909e-05, valid loss: 1.3958e-05 , test loss: 4.0095e-04
>> epoch [  21/3000], runtime:  5.98s, train loss: 1.5629e-05 (best: 1.3909e-05/1.3958e-05)
>> epoch [  22/3000], runtime:  6.18s, train loss: 1.7286e-05 (best: 1.3909e-05/1.3958e-05)
>> epoch [  23/3000], runtime:  5.87s, train loss: 1.5088e-05 (best: 1.3909e-05/1.3958e-05)
>> epoch [  24/3000], runtime:  5.82s, train loss: 1.1699e-05 (best: 1.3909e-05/1.3958e-05)
>> epoch [  25/3000], runtime:  5.81s, train loss: 1.5878e-05 (best: 1.3909e-05/1.3958e-05)
>> epoch [  26/3000], runtime:  5.77s, train loss: 1.4683e-05 (best: 1.3909e-05/1.3958e-05)
>> epoch [  27/3000], runtime:  6.06s, train loss: 1.7221e-05 (best: 1.3909e-05/1.3958e-05)
>> epoch [  28/3000], runtime:  5.55s, train loss: 1.5345e-05 (best: 1.3909e-05/1.3958e-05)
>> epoch [  29/3000], runtime:  5.73s, train loss: 1.8755e-05 (best: 1.3909e-05/1.3958e-05)
>> epoch [  30/3000], runtime:  5.88s, train loss: 1.5302e-05 (best: 1.3909e-05/1.3958e-05)
>> epoch [  31/3000], runtime:  6.12s, train loss: 1.3457e-05 (best: 1.3909e-05/1.3958e-05)
>> epoch [  32/3000], runtime:  6.09s, train loss: 1.4228e-05 (best: 1.3909e-05/1.3958e-05)
>> epoch [  33/3000], runtime:  6.12s, train loss: 2.0193e-05 (best: 1.3909e-05/1.3958e-05)
>> epoch [  34/3000], runtime:  6.22s, train loss: 1.3233e-05 (best: 1.3909e-05/1.3958e-05)
>> epoch [  35/3000], runtime:  5.64s, train loss: 1.6513e-05 (best: 1.3909e-05/1.3958e-05)
>> epoch [  36/3000], runtime: 5.96s, train loss: 1.1381e-05, valid loss: 1.0531e-05 , test loss: 3.0032e-04
>> epoch [  37/3000], runtime:  5.76s, train loss: 1.2248e-05 (best: 1.1381e-05/1.0531e-05)
>> epoch [  38/3000], runtime:  5.81s, train loss: 1.2523e-05 (best: 1.1381e-05/1.0531e-05)
>> epoch [  39/3000], runtime:  6.03s, train loss: 1.0669e-05 (best: 1.1381e-05/1.0531e-05)
>> epoch [  40/3000], runtime:  5.97s, train loss: 1.1779e-05 (best: 1.1381e-05/1.0531e-05)
>> epoch [  41/3000], runtime:  6.01s, train loss: 1.2054e-05 (best: 1.1381e-05/1.0531e-05)
>> epoch [  42/3000], runtime: 5.92s, train loss: 1.0971e-05, valid loss: 9.1623e-06 , test loss: 3.0581e-04
>> epoch [  43/3000], runtime:  5.61s, train loss: 1.0785e-05 (best: 1.0971e-05/9.1623e-06)
>> epoch [  44/3000], runtime:  6.10s, train loss: 1.1787e-05 (best: 1.0971e-05/9.1623e-06)
>> epoch [  45/3000], runtime:  5.48s, train loss: 1.1338e-05 (best: 1.0971e-05/9.1623e-06)
>> epoch [  46/3000], runtime:  5.94s, train loss: 1.2190e-05 (best: 1.0971e-05/9.1623e-06)
>> epoch [  47/3000], runtime:  6.15s, train loss: 1.0755e-05 (best: 1.0971e-05/9.1623e-06)
>> epoch [  48/3000], runtime:  5.87s, train loss: 1.1223e-05 (best: 1.0971e-05/9.1623e-06)
>> epoch [  49/3000], runtime: 5.83s, train loss: 8.8642e-06, valid loss: 8.1678e-06 , test loss: 2.5522e-04
>> epoch [  50/3000], runtime:  6.06s, train loss: 9.8265e-06 (best: 8.8642e-06/8.1678e-06)
>> epoch [  51/3000], runtime:  5.88s, train loss: 1.6176e-05 (best: 8.8642e-06/8.1678e-06)
>> epoch [  52/3000], runtime:  5.54s, train loss: 1.4185e-05 (best: 8.8642e-06/8.1678e-06)
>> epoch [  53/3000], runtime:  5.81s, train loss: 1.3780e-05 (best: 8.8642e-06/8.1678e-06)
>> epoch [  54/3000], runtime:  5.49s, train loss: 1.2584e-05 (best: 8.8642e-06/8.1678e-06)
>> epoch [  55/3000], runtime:  5.57s, train loss: 1.5841e-05 (best: 8.8642e-06/8.1678e-06)
>> epoch [  56/3000], runtime:  6.21s, train loss: 1.1455e-05 (best: 8.8642e-06/8.1678e-06)
>> epoch [  57/3000], runtime:  6.22s, train loss: 9.9367e-06 (best: 8.8642e-06/8.1678e-06)
>> epoch [  58/3000], runtime:  5.84s, train loss: 1.3675e-05 (best: 8.8642e-06/8.1678e-06)
>> epoch [  59/3000], runtime:  6.02s, train loss: 9.6131e-06 (best: 8.8642e-06/8.1678e-06)
>> epoch [  60/3000], runtime:  5.68s, train loss: 8.5118e-06 (best: 8.8642e-06/8.1678e-06)
>> epoch [  61/3000], runtime:  5.72s, train loss: 1.9158e-05 (best: 8.8642e-06/8.1678e-06)
>> epoch [  62/3000], runtime:  5.90s, train loss: 9.8697e-06 (best: 8.8642e-06/8.1678e-06)
>> epoch [  63/3000], runtime:  5.88s, train loss: 1.0058e-05 (best: 8.8642e-06/8.1678e-06)
>> epoch [  64/3000], runtime:  5.72s, train loss: 1.4111e-05 (best: 8.8642e-06/8.1678e-06)
>> epoch [  65/3000], runtime:  5.98s, train loss: 9.4380e-06 (best: 8.8642e-06/8.1678e-06)
>> epoch [  66/3000], runtime:  5.90s, train loss: 1.1515e-05 (best: 8.8642e-06/8.1678e-06)
>> epoch [  67/3000], runtime:  6.14s, train loss: 9.6379e-06 (best: 8.8642e-06/8.1678e-06)
>> epoch [  68/3000], runtime:  5.91s, train loss: 1.2668e-05 (best: 8.8642e-06/8.1678e-06)
>> epoch [  69/3000], runtime: 6.22s, train loss: 8.6206e-06, valid loss: 7.6113e-06 , test loss: 2.3480e-04
>> epoch [  70/3000], runtime:  6.05s, train loss: 8.9040e-06 (best: 8.6206e-06/7.6113e-06)
>> epoch [  71/3000], runtime:  6.03s, train loss: 8.5731e-06 (best: 8.6206e-06/7.6113e-06)
>> epoch [  72/3000], runtime:  5.97s, train loss: 1.0621e-05 (best: 8.6206e-06/7.6113e-06)
>> epoch [  73/3000], runtime:  5.81s, train loss: 8.6497e-06 (best: 8.6206e-06/7.6113e-06)
>> epoch [  74/3000], runtime:  5.89s, train loss: 9.4357e-06 (best: 8.6206e-06/7.6113e-06)
>> epoch [  75/3000], runtime:  6.24s, train loss: 8.1205e-06 (best: 8.6206e-06/7.6113e-06)
>> epoch [  76/3000], runtime: 6.20s, train loss: 7.8049e-06, valid loss: 6.2422e-06 , test loss: 2.4296e-04
>> epoch [  77/3000], runtime:  5.90s, train loss: 7.7300e-06 (best: 7.8049e-06/6.2422e-06)
>> epoch [  78/3000], runtime: 6.20s, train loss: 6.4266e-06, valid loss: 6.1221e-06 , test loss: 2.1611e-04
>> epoch [  79/3000], runtime:  6.19s, train loss: 1.0175e-05 (best: 6.4266e-06/6.1221e-06)
>> epoch [  80/3000], runtime:  6.21s, train loss: 9.2941e-06 (best: 6.4266e-06/6.1221e-06)
>> epoch [  81/3000], runtime:  6.22s, train loss: 6.7883e-06 (best: 6.4266e-06/6.1221e-06)
>> epoch [  82/3000], runtime:  6.19s, train loss: 7.5699e-06 (best: 6.4266e-06/6.1221e-06)
>> epoch [  83/3000], runtime:  6.19s, train loss: 7.5337e-06 (best: 6.4266e-06/6.1221e-06)
>> epoch [  84/3000], runtime:  6.20s, train loss: 6.8883e-06 (best: 6.4266e-06/6.1221e-06)
>> epoch [  85/3000], runtime:  6.22s, train loss: 7.2504e-06 (best: 6.4266e-06/6.1221e-06)
>> epoch [  86/3000], runtime:  6.09s, train loss: 5.7732e-06 (best: 6.4266e-06/6.1221e-06)
>> epoch [  87/3000], runtime:  6.18s, train loss: 7.3320e-06 (best: 6.4266e-06/6.1221e-06)
>> epoch [  88/3000], runtime:  6.22s, train loss: 9.1235e-06 (best: 6.4266e-06/6.1221e-06)
>> epoch [  89/3000], runtime:  6.18s, train loss: 9.8448e-06 (best: 6.4266e-06/6.1221e-06)
>> epoch [  90/3000], runtime:  5.86s, train loss: 7.2336e-06 (best: 6.4266e-06/6.1221e-06)
>> epoch [  91/3000], runtime:  5.84s, train loss: 6.6008e-06 (best: 6.4266e-06/6.1221e-06)
>> epoch [  92/3000], runtime:  6.17s, train loss: 7.9874e-06 (best: 6.4266e-06/6.1221e-06)
>> epoch [  93/3000], runtime:  5.87s, train loss: 8.9778e-06 (best: 6.4266e-06/6.1221e-06)
>> epoch [  94/3000], runtime:  6.00s, train loss: 1.0325e-05 (best: 6.4266e-06/6.1221e-06)
>> epoch [  95/3000], runtime:  6.00s, train loss: 1.1125e-05 (best: 6.4266e-06/6.1221e-06)
>> epoch [  96/3000], runtime:  5.90s, train loss: 6.6719e-06 (best: 6.4266e-06/6.1221e-06)
>> epoch [  97/3000], runtime:  5.73s, train loss: 7.0255e-06 (best: 6.4266e-06/6.1221e-06)
>> epoch [  98/3000], runtime:  5.78s, train loss: 9.6104e-06 (best: 6.4266e-06/6.1221e-06)
>> epoch [  99/3000], runtime:  5.78s, train loss: 7.7516e-06 (best: 6.4266e-06/6.1221e-06)
>> epoch [ 100/3000], runtime:  5.89s, train loss: 8.4407e-06 (best: 6.4266e-06/6.1221e-06)
>> epoch [ 101/3000], runtime:  6.21s, train loss: 8.6952e-06 (best: 6.4266e-06/6.1221e-06)
>> epoch [ 102/3000], runtime:  6.19s, train loss: 7.2211e-06 (best: 6.4266e-06/6.1221e-06)
>> epoch [ 103/3000], runtime:  5.77s, train loss: 6.6926e-06 (best: 6.4266e-06/6.1221e-06)
>> epoch [ 104/3000], runtime:  5.96s, train loss: 8.8025e-06 (best: 6.4266e-06/6.1221e-06)
>> epoch [ 105/3000], runtime:  6.20s, train loss: 8.2703e-06 (best: 6.4266e-06/6.1221e-06)
>> epoch [ 106/3000], runtime: 5.83s, train loss: 6.0432e-06, valid loss: 5.4062e-06 , test loss: 2.0928e-04
>> epoch [ 107/3000], runtime:  4.90s, train loss: 5.2556e-06 (best: 6.0432e-06/5.4062e-06)
>> epoch [ 108/3000], runtime:  5.27s, train loss: 6.4541e-06 (best: 6.0432e-06/5.4062e-06)
>> epoch [ 109/3000], runtime: 5.65s, train loss: 6.0089e-06, valid loss: 4.6689e-06 , test loss: 2.0819e-04
>> epoch [ 110/3000], runtime:  5.32s, train loss: 7.5577e-06 (best: 6.0089e-06/4.6689e-06)
>> epoch [ 111/3000], runtime:  5.49s, train loss: 8.2907e-06 (best: 6.0089e-06/4.6689e-06)
>> epoch [ 112/3000], runtime:  5.38s, train loss: 5.0092e-06 (best: 6.0089e-06/4.6689e-06)
>> epoch [ 113/3000], runtime:  5.11s, train loss: 5.3132e-06 (best: 6.0089e-06/4.6689e-06)
>> epoch [ 114/3000], runtime:  5.65s, train loss: 7.6672e-06 (best: 6.0089e-06/4.6689e-06)
>> epoch [ 115/3000], runtime:  5.65s, train loss: 5.6742e-06 (best: 6.0089e-06/4.6689e-06)
>> epoch [ 116/3000], runtime:  5.65s, train loss: 5.6688e-06 (best: 6.0089e-06/4.6689e-06)
>> epoch [ 117/3000], runtime:  5.55s, train loss: 5.0889e-06 (best: 6.0089e-06/4.6689e-06)
>> epoch [ 118/3000], runtime:  5.65s, train loss: 6.1390e-06 (best: 6.0089e-06/4.6689e-06)
>> epoch [ 119/3000], runtime:  5.64s, train loss: 6.4895e-06 (best: 6.0089e-06/4.6689e-06)
>> epoch [ 120/3000], runtime:  5.64s, train loss: 7.4228e-06 (best: 6.0089e-06/4.6689e-06)
>> epoch [ 121/3000], runtime:  5.64s, train loss: 9.1564e-06 (best: 6.0089e-06/4.6689e-06)
>> epoch [ 122/3000], runtime:  5.65s, train loss: 6.1807e-06 (best: 6.0089e-06/4.6689e-06)
>> epoch [ 123/3000], runtime:  5.66s, train loss: 4.6840e-06 (best: 6.0089e-06/4.6689e-06)
>> epoch [ 124/3000], runtime: 5.52s, train loss: 5.4043e-06, valid loss: 4.3215e-06 , test loss: 2.0463e-04
>> epoch [ 125/3000], runtime:  5.49s, train loss: 4.9047e-06 (best: 5.4043e-06/4.3215e-06)
>> epoch [ 126/3000], runtime:  5.49s, train loss: 5.7992e-06 (best: 5.4043e-06/4.3215e-06)
>> epoch [ 127/3000], runtime:  5.36s, train loss: 6.1965e-06 (best: 5.4043e-06/4.3215e-06)
>> epoch [ 128/3000], runtime:  5.57s, train loss: 6.7149e-06 (best: 5.4043e-06/4.3215e-06)
>> epoch [ 129/3000], runtime:  5.29s, train loss: 5.5863e-06 (best: 5.4043e-06/4.3215e-06)
>> epoch [ 130/3000], runtime:  5.64s, train loss: 5.7305e-06 (best: 5.4043e-06/4.3215e-06)
>> epoch [ 131/3000], runtime:  5.66s, train loss: 5.5110e-06 (best: 5.4043e-06/4.3215e-06)
>> epoch [ 132/3000], runtime:  5.63s, train loss: 5.2723e-06 (best: 5.4043e-06/4.3215e-06)
>> epoch [ 133/3000], runtime:  5.57s, train loss: 7.6623e-06 (best: 5.4043e-06/4.3215e-06)
>> epoch [ 134/3000], runtime:  5.27s, train loss: 7.6273e-06 (best: 5.4043e-06/4.3215e-06)
>> epoch [ 135/3000], runtime:  5.61s, train loss: 6.7202e-06 (best: 5.4043e-06/4.3215e-06)
>> epoch [ 136/3000], runtime:  5.20s, train loss: 5.1737e-06 (best: 5.4043e-06/4.3215e-06)
>> epoch [ 137/3000], runtime: 5.29s, train loss: 4.8642e-06, valid loss: 4.3067e-06 , test loss: 1.8267e-04
>> epoch [ 138/3000], runtime: 5.58s, train loss: 4.0990e-06, valid loss: 4.1028e-06 , test loss: 1.8500e-04
>> epoch [ 139/3000], runtime:  5.55s, train loss: 4.9976e-06 (best: 4.0990e-06/4.1028e-06)
>> epoch [ 140/3000], runtime:  5.66s, train loss: 5.3169e-06 (best: 4.0990e-06/4.1028e-06)
>> epoch [ 141/3000], runtime:  5.65s, train loss: 5.9107e-06 (best: 4.0990e-06/4.1028e-06)
>> epoch [ 142/3000], runtime:  5.64s, train loss: 4.9353e-06 (best: 4.0990e-06/4.1028e-06)
>> epoch [ 143/3000], runtime:  5.31s, train loss: 6.7059e-06 (best: 4.0990e-06/4.1028e-06)
>> epoch [ 144/3000], runtime:  5.65s, train loss: 5.7260e-06 (best: 4.0990e-06/4.1028e-06)
>> epoch [ 145/3000], runtime:  5.61s, train loss: 4.4925e-06 (best: 4.0990e-06/4.1028e-06)
>> epoch [ 146/3000], runtime:  5.24s, train loss: 4.8551e-06 (best: 4.0990e-06/4.1028e-06)
>> epoch [ 147/3000], runtime:  5.54s, train loss: 5.5129e-06 (best: 4.0990e-06/4.1028e-06)
>> epoch [ 148/3000], runtime:  5.30s, train loss: 8.1454e-06 (best: 4.0990e-06/4.1028e-06)
>> epoch [ 149/3000], runtime:  5.64s, train loss: 4.5114e-06 (best: 4.0990e-06/4.1028e-06)
>> epoch [ 150/3000], runtime:  5.56s, train loss: 5.6536e-06 (best: 4.0990e-06/4.1028e-06)
>> epoch [ 151/3000], runtime:  5.37s, train loss: 7.6012e-06 (best: 4.0990e-06/4.1028e-06)
>> epoch [ 152/3000], runtime:  5.65s, train loss: 5.2218e-06 (best: 4.0990e-06/4.1028e-06)
>> epoch [ 153/3000], runtime:  5.46s, train loss: 4.5021e-06 (best: 4.0990e-06/4.1028e-06)
>> epoch [ 154/3000], runtime:  5.04s, train loss: 4.3934e-06 (best: 4.0990e-06/4.1028e-06)
>> epoch [ 155/3000], runtime:  5.31s, train loss: 5.2950e-06 (best: 4.0990e-06/4.1028e-06)
>> epoch [ 156/3000], runtime:  5.53s, train loss: 5.5043e-06 (best: 4.0990e-06/4.1028e-06)
>> epoch [ 157/3000], runtime:  5.68s, train loss: 4.2978e-06 (best: 4.0990e-06/4.1028e-06)
>> epoch [ 158/3000], runtime:  5.01s, train loss: 4.2856e-06 (best: 4.0990e-06/4.1028e-06)
>> epoch [ 159/3000], runtime: 5.61s, train loss: 3.9865e-06, valid loss: 3.5375e-06 , test loss: 1.6350e-04
>> epoch [ 160/3000], runtime:  5.63s, train loss: 4.5908e-06 (best: 3.9865e-06/3.5375e-06)
>> epoch [ 161/3000], runtime:  5.32s, train loss: 4.4779e-06 (best: 3.9865e-06/3.5375e-06)
>> epoch [ 162/3000], runtime:  5.45s, train loss: 5.0213e-06 (best: 3.9865e-06/3.5375e-06)
>> epoch [ 163/3000], runtime:  5.06s, train loss: 4.6848e-06 (best: 3.9865e-06/3.5375e-06)
>> epoch [ 164/3000], runtime:  5.33s, train loss: 4.0739e-06 (best: 3.9865e-06/3.5375e-06)
>> epoch [ 165/3000], runtime:  5.39s, train loss: 4.3281e-06 (best: 3.9865e-06/3.5375e-06)
>> epoch [ 166/3000], runtime: 5.65s, train loss: 3.7577e-06, valid loss: 3.4341e-06 , test loss: 1.6390e-04
>> epoch [ 167/3000], runtime:  5.29s, train loss: 3.9519e-06 (best: 3.7577e-06/3.4341e-06)
>> epoch [ 168/3000], runtime:  5.66s, train loss: 4.9448e-06 (best: 3.7577e-06/3.4341e-06)
>> epoch [ 169/3000], runtime:  5.65s, train loss: 4.3460e-06 (best: 3.7577e-06/3.4341e-06)
>> epoch [ 170/3000], runtime: 5.28s, train loss: 3.6529e-06, valid loss: 3.2038e-06 , test loss: 1.5805e-04
>> epoch [ 171/3000], runtime:  5.64s, train loss: 4.0483e-06 (best: 3.6529e-06/3.2038e-06)
>> epoch [ 172/3000], runtime:  5.62s, train loss: 4.3887e-06 (best: 3.6529e-06/3.2038e-06)
>> epoch [ 173/3000], runtime:  5.12s, train loss: 4.8017e-06 (best: 3.6529e-06/3.2038e-06)
>> epoch [ 174/3000], runtime:  5.23s, train loss: 5.3570e-06 (best: 3.6529e-06/3.2038e-06)
>> epoch [ 175/3000], runtime:  5.36s, train loss: 3.6208e-06 (best: 3.6529e-06/3.2038e-06)
>> epoch [ 176/3000], runtime:  5.37s, train loss: 4.0149e-06 (best: 3.6529e-06/3.2038e-06)
>> epoch [ 177/3000], runtime:  5.48s, train loss: 3.3880e-06 (best: 3.6529e-06/3.2038e-06)
>> epoch [ 178/3000], runtime:  5.37s, train loss: 4.1756e-06 (best: 3.6529e-06/3.2038e-06)
>> epoch [ 179/3000], runtime:  5.68s, train loss: 4.1496e-06 (best: 3.6529e-06/3.2038e-06)
>> epoch [ 180/3000], runtime:  5.65s, train loss: 3.7115e-06 (best: 3.6529e-06/3.2038e-06)
>> epoch [ 181/3000], runtime:  5.26s, train loss: 4.7181e-06 (best: 3.6529e-06/3.2038e-06)
>> epoch [ 182/3000], runtime:  5.12s, train loss: 3.6708e-06 (best: 3.6529e-06/3.2038e-06)
>> epoch [ 183/3000], runtime:  4.99s, train loss: 4.1030e-06 (best: 3.6529e-06/3.2038e-06)
>> epoch [ 184/3000], runtime:  5.49s, train loss: 3.5803e-06 (best: 3.6529e-06/3.2038e-06)
>> epoch [ 185/3000], runtime:  5.53s, train loss: 3.8935e-06 (best: 3.6529e-06/3.2038e-06)
>> epoch [ 186/3000], runtime:  5.64s, train loss: 3.9694e-06 (best: 3.6529e-06/3.2038e-06)
>> epoch [ 187/3000], runtime:  5.63s, train loss: 4.1099e-06 (best: 3.6529e-06/3.2038e-06)
>> epoch [ 188/3000], runtime:  5.30s, train loss: 3.9633e-06 (best: 3.6529e-06/3.2038e-06)
>> epoch [ 189/3000], runtime:  5.63s, train loss: 4.5023e-06 (best: 3.6529e-06/3.2038e-06)
>> epoch [ 190/3000], runtime:  5.17s, train loss: 4.6397e-06 (best: 3.6529e-06/3.2038e-06)
>> epoch [ 191/3000], runtime:  5.47s, train loss: 5.0207e-06 (best: 3.6529e-06/3.2038e-06)
>> epoch [ 192/3000], runtime:  5.62s, train loss: 3.8287e-06 (best: 3.6529e-06/3.2038e-06)
>> epoch [ 193/3000], runtime:  5.24s, train loss: 4.5035e-06 (best: 3.6529e-06/3.2038e-06)
>> epoch [ 194/3000], runtime:  5.18s, train loss: 3.4977e-06 (best: 3.6529e-06/3.2038e-06)
>> epoch [ 195/3000], runtime:  5.33s, train loss: 4.0779e-06 (best: 3.6529e-06/3.2038e-06)
>> epoch [ 196/3000], runtime:  5.61s, train loss: 3.6215e-06 (best: 3.6529e-06/3.2038e-06)
>> epoch [ 197/3000], runtime:  5.28s, train loss: 4.3919e-06 (best: 3.6529e-06/3.2038e-06)
>> epoch [ 198/3000], runtime:  5.64s, train loss: 3.1651e-06 (best: 3.6529e-06/3.2038e-06)
>> epoch [ 199/3000], runtime: 5.32s, train loss: 3.0702e-06, valid loss: 3.1125e-06 , test loss: 1.5076e-04
>> epoch [ 200/3000], runtime:  5.62s, train loss: 3.7503e-06 (best: 3.0702e-06/3.1125e-06)
>> epoch [ 201/3000], runtime:  4.89s, train loss: 3.8434e-06 (best: 3.0702e-06/3.1125e-06)
>> epoch [ 202/3000], runtime:  5.52s, train loss: 3.7984e-06 (best: 3.0702e-06/3.1125e-06)
>> epoch [ 203/3000], runtime:  5.31s, train loss: 3.4181e-06 (best: 3.0702e-06/3.1125e-06)
>> epoch [ 204/3000], runtime:  5.62s, train loss: 3.8590e-06 (best: 3.0702e-06/3.1125e-06)
>> epoch [ 205/3000], runtime:  5.32s, train loss: 4.0905e-06 (best: 3.0702e-06/3.1125e-06)
>> epoch [ 206/3000], runtime:  5.52s, train loss: 3.5942e-06 (best: 3.0702e-06/3.1125e-06)
>> epoch [ 207/3000], runtime:  5.42s, train loss: 3.8239e-06 (best: 3.0702e-06/3.1125e-06)
>> epoch [ 208/3000], runtime:  5.35s, train loss: 3.6293e-06 (best: 3.0702e-06/3.1125e-06)
>> epoch [ 209/3000], runtime:  5.57s, train loss: 3.6697e-06 (best: 3.0702e-06/3.1125e-06)
>> epoch [ 210/3000], runtime:  5.47s, train loss: 3.2885e-06 (best: 3.0702e-06/3.1125e-06)
>> epoch [ 211/3000], runtime:  5.09s, train loss: 3.6524e-06 (best: 3.0702e-06/3.1125e-06)
>> epoch [ 212/3000], runtime:  5.07s, train loss: 3.3676e-06 (best: 3.0702e-06/3.1125e-06)
>> epoch [ 213/3000], runtime:  5.38s, train loss: 3.5554e-06 (best: 3.0702e-06/3.1125e-06)
>> epoch [ 214/3000], runtime:  5.29s, train loss: 3.1180e-06 (best: 3.0702e-06/3.1125e-06)
>> epoch [ 215/3000], runtime:  5.66s, train loss: 3.9591e-06 (best: 3.0702e-06/3.1125e-06)
>> epoch [ 216/3000], runtime:  5.64s, train loss: 4.5974e-06 (best: 3.0702e-06/3.1125e-06)
>> epoch [ 217/3000], runtime:  5.66s, train loss: 3.5238e-06 (best: 3.0702e-06/3.1125e-06)
>> epoch [ 218/3000], runtime:  5.65s, train loss: 3.3217e-06 (best: 3.0702e-06/3.1125e-06)
>> epoch [ 219/3000], runtime:  5.63s, train loss: 3.1594e-06 (best: 3.0702e-06/3.1125e-06)
>> epoch [ 220/3000], runtime: 5.27s, train loss: 3.0150e-06, valid loss: 2.8859e-06 , test loss: 1.4803e-04
>> epoch [ 221/3000], runtime:  5.31s, train loss: 2.8993e-06 (best: 3.0150e-06/2.8859e-06)
>> epoch [ 222/3000], runtime:  4.57s, train loss: 3.5785e-06 (best: 3.0150e-06/2.8859e-06)
>> epoch [ 223/3000], runtime:  5.60s, train loss: 3.3124e-06 (best: 3.0150e-06/2.8859e-06)
>> epoch [ 224/3000], runtime:  5.29s, train loss: 3.3106e-06 (best: 3.0150e-06/2.8859e-06)
>> epoch [ 225/3000], runtime:  5.57s, train loss: 3.1742e-06 (best: 3.0150e-06/2.8859e-06)
>> epoch [ 226/3000], runtime:  5.36s, train loss: 3.5160e-06 (best: 3.0150e-06/2.8859e-06)
>> epoch [ 227/3000], runtime:  5.65s, train loss: 3.4411e-06 (best: 3.0150e-06/2.8859e-06)
>> epoch [ 228/3000], runtime:  5.64s, train loss: 3.3389e-06 (best: 3.0150e-06/2.8859e-06)
>> epoch [ 229/3000], runtime:  5.64s, train loss: 3.2521e-06 (best: 3.0150e-06/2.8859e-06)
>> epoch [ 230/3000], runtime:  5.28s, train loss: 3.2778e-06 (best: 3.0150e-06/2.8859e-06)
>> epoch [ 231/3000], runtime:  5.57s, train loss: 3.2507e-06 (best: 3.0150e-06/2.8859e-06)
>> epoch [ 232/3000], runtime:  5.27s, train loss: 3.6166e-06 (best: 3.0150e-06/2.8859e-06)
>> epoch [ 233/3000], runtime:  5.09s, train loss: 3.9068e-06 (best: 3.0150e-06/2.8859e-06)
>> epoch [ 234/3000], runtime:  5.42s, train loss: 3.2815e-06 (best: 3.0150e-06/2.8859e-06)
>> epoch [ 235/3000], runtime: 5.28s, train loss: 2.9727e-06, valid loss: 2.7124e-06 , test loss: 1.4173e-04
>> epoch [ 236/3000], runtime:  5.43s, train loss: 2.8047e-06 (best: 2.9727e-06/2.7124e-06)
>> epoch [ 237/3000], runtime:  5.12s, train loss: 2.9934e-06 (best: 2.9727e-06/2.7124e-06)
>> epoch [ 238/3000], runtime:  5.64s, train loss: 3.3083e-06 (best: 2.9727e-06/2.7124e-06)
>> epoch [ 239/3000], runtime:  5.48s, train loss: 3.3704e-06 (best: 2.9727e-06/2.7124e-06)
>> epoch [ 240/3000], runtime:  5.22s, train loss: 3.1397e-06 (best: 2.9727e-06/2.7124e-06)
>> epoch [ 241/3000], runtime:  5.58s, train loss: 2.9865e-06 (best: 2.9727e-06/2.7124e-06)
>> epoch [ 242/3000], runtime:  5.33s, train loss: 3.0385e-06 (best: 2.9727e-06/2.7124e-06)
>> epoch [ 243/3000], runtime:  5.07s, train loss: 3.4178e-06 (best: 2.9727e-06/2.7124e-06)
>> epoch [ 244/3000], runtime:  5.31s, train loss: 3.0588e-06 (best: 2.9727e-06/2.7124e-06)
>> epoch [ 245/3000], runtime:  5.63s, train loss: 2.8617e-06 (best: 2.9727e-06/2.7124e-06)
>> epoch [ 246/3000], runtime:  5.64s, train loss: 3.2483e-06 (best: 2.9727e-06/2.7124e-06)
>> epoch [ 247/3000], runtime:  5.66s, train loss: 2.9053e-06 (best: 2.9727e-06/2.7124e-06)
>> epoch [ 248/3000], runtime:  5.28s, train loss: 2.9859e-06 (best: 2.9727e-06/2.7124e-06)
>> epoch [ 249/3000], runtime:  5.29s, train loss: 3.0031e-06 (best: 2.9727e-06/2.7124e-06)
>> epoch [ 250/3000], runtime:  5.29s, train loss: 3.0274e-06 (best: 2.9727e-06/2.7124e-06)
>> epoch [ 251/3000], runtime:  5.37s, train loss: 2.8045e-06 (best: 2.9727e-06/2.7124e-06)
>> epoch [ 252/3000], runtime:  5.32s, train loss: 2.9394e-06 (best: 2.9727e-06/2.7124e-06)
>> epoch [ 253/3000], runtime:  5.65s, train loss: 3.1167e-06 (best: 2.9727e-06/2.7124e-06)
>> epoch [ 254/3000], runtime:  5.63s, train loss: 3.0426e-06 (best: 2.9727e-06/2.7124e-06)
>> epoch [ 255/3000], runtime:  5.66s, train loss: 3.1782e-06 (best: 2.9727e-06/2.7124e-06)
>> epoch [ 256/3000], runtime:  5.53s, train loss: 3.3587e-06 (best: 2.9727e-06/2.7124e-06)
>> epoch [ 257/3000], runtime: 5.38s, train loss: 2.7957e-06, valid loss: 2.5966e-06 , test loss: 1.4458e-04
>> epoch [ 258/3000], runtime:  5.20s, train loss: 3.2746e-06 (best: 2.7957e-06/2.5966e-06)
>> epoch [ 259/3000], runtime:  5.63s, train loss: 2.9881e-06 (best: 2.7957e-06/2.5966e-06)
>> epoch [ 260/3000], runtime:  5.38s, train loss: 2.9027e-06 (best: 2.7957e-06/2.5966e-06)
>> epoch [ 261/3000], runtime:  5.23s, train loss: 2.9891e-06 (best: 2.7957e-06/2.5966e-06)
>> epoch [ 262/3000], runtime:  5.41s, train loss: 2.8697e-06 (best: 2.7957e-06/2.5966e-06)
>> epoch [ 263/3000], runtime:  5.46s, train loss: 2.8091e-06 (best: 2.7957e-06/2.5966e-06)
>> epoch [ 264/3000], runtime:  5.49s, train loss: 2.7927e-06 (best: 2.7957e-06/2.5966e-06)
>> epoch [ 265/3000], runtime:  5.49s, train loss: 2.8472e-06 (best: 2.7957e-06/2.5966e-06)
>> epoch [ 266/3000], runtime:  5.63s, train loss: 3.2400e-06 (best: 2.7957e-06/2.5966e-06)
>> epoch [ 267/3000], runtime:  5.62s, train loss: 3.2422e-06 (best: 2.7957e-06/2.5966e-06)
>> epoch [ 268/3000], runtime:  5.26s, train loss: 3.0207e-06 (best: 2.7957e-06/2.5966e-06)
>> epoch [ 269/3000], runtime: 5.10s, train loss: 2.7567e-06, valid loss: 2.5937e-06 , test loss: 1.3886e-04
>> epoch [ 270/3000], runtime:  5.20s, train loss: 3.5063e-06 (best: 2.7567e-06/2.5937e-06)
>> epoch [ 271/3000], runtime:  5.57s, train loss: 3.1962e-06 (best: 2.7567e-06/2.5937e-06)
>> epoch [ 272/3000], runtime:  5.58s, train loss: 2.7818e-06 (best: 2.7567e-06/2.5937e-06)
>> epoch [ 273/3000], runtime:  5.36s, train loss: 2.9915e-06 (best: 2.7567e-06/2.5937e-06)
>> epoch [ 274/3000], runtime:  5.65s, train loss: 2.7682e-06 (best: 2.7567e-06/2.5937e-06)
>> epoch [ 275/3000], runtime:  5.64s, train loss: 2.9502e-06 (best: 2.7567e-06/2.5937e-06)
>> epoch [ 276/3000], runtime:  5.65s, train loss: 3.1368e-06 (best: 2.7567e-06/2.5937e-06)
>> epoch [ 277/3000], runtime:  5.35s, train loss: 2.8126e-06 (best: 2.7567e-06/2.5937e-06)
>> epoch [ 278/3000], runtime:  5.32s, train loss: 2.9741e-06 (best: 2.7567e-06/2.5937e-06)
>> epoch [ 279/3000], runtime:  5.32s, train loss: 3.3699e-06 (best: 2.7567e-06/2.5937e-06)
>> epoch [ 280/3000], runtime:  5.63s, train loss: 2.9402e-06 (best: 2.7567e-06/2.5937e-06)
>> epoch [ 281/3000], runtime:  5.27s, train loss: 3.0381e-06 (best: 2.7567e-06/2.5937e-06)
>> epoch [ 282/3000], runtime:  5.33s, train loss: 2.8894e-06 (best: 2.7567e-06/2.5937e-06)
>> epoch [ 283/3000], runtime:  5.10s, train loss: 3.2700e-06 (best: 2.7567e-06/2.5937e-06)
>> epoch [ 284/3000], runtime:  5.65s, train loss: 2.8336e-06 (best: 2.7567e-06/2.5937e-06)
>> epoch [ 285/3000], runtime:  5.41s, train loss: 2.8005e-06 (best: 2.7567e-06/2.5937e-06)
>> epoch [ 286/3000], runtime:  5.51s, train loss: 2.9508e-06 (best: 2.7567e-06/2.5937e-06)
>> epoch [ 287/3000], runtime:  5.66s, train loss: 2.9858e-06 (best: 2.7567e-06/2.5937e-06)
>> epoch [ 288/3000], runtime:  5.64s, train loss: 2.8672e-06 (best: 2.7567e-06/2.5937e-06)
>> epoch [ 289/3000], runtime:  5.45s, train loss: 2.7362e-06 (best: 2.7567e-06/2.5937e-06)
>> epoch [ 290/3000], runtime:  5.67s, train loss: 2.8953e-06 (best: 2.7567e-06/2.5937e-06)
>> epoch [ 291/3000], runtime:  5.35s, train loss: 3.1460e-06 (best: 2.7567e-06/2.5937e-06)
>> epoch [ 292/3000], runtime:  5.36s, train loss: 2.8150e-06 (best: 2.7567e-06/2.5937e-06)
>> epoch [ 293/3000], runtime:  5.33s, train loss: 2.8119e-06 (best: 2.7567e-06/2.5937e-06)
>> epoch [ 294/3000], runtime:  5.64s, train loss: 2.7126e-06 (best: 2.7567e-06/2.5937e-06)
>> epoch [ 295/3000], runtime:  5.41s, train loss: 2.7248e-06 (best: 2.7567e-06/2.5937e-06)
>> epoch [ 296/3000], runtime: 5.72s, train loss: 2.6877e-06, valid loss: 2.4741e-06 , test loss: 1.3699e-04
>> epoch [ 297/3000], runtime:  5.39s, train loss: 2.7876e-06 (best: 2.6877e-06/2.4741e-06)
>> epoch [ 298/3000], runtime:  5.03s, train loss: 2.8764e-06 (best: 2.6877e-06/2.4741e-06)
>> epoch [ 299/3000], runtime:  5.60s, train loss: 3.0703e-06 (best: 2.6877e-06/2.4741e-06)
>> epoch [ 300/3000], runtime:  4.96s, train loss: 3.4529e-06 (best: 2.6877e-06/2.4741e-06)
>> epoch [ 301/3000], runtime:  5.43s, train loss: 2.9707e-06 (best: 2.6877e-06/2.4741e-06)
>> epoch [ 302/3000], runtime:  5.28s, train loss: 2.7426e-06 (best: 2.6877e-06/2.4741e-06)
>> epoch [ 303/3000], runtime:  5.63s, train loss: 2.7898e-06 (best: 2.6877e-06/2.4741e-06)
>> epoch [ 304/3000], runtime:  5.64s, train loss: 2.7547e-06 (best: 2.6877e-06/2.4741e-06)
>> epoch [ 305/3000], runtime:  5.53s, train loss: 2.6776e-06 (best: 2.6877e-06/2.4741e-06)
>> epoch [ 306/3000], runtime:  5.51s, train loss: 2.7330e-06 (best: 2.6877e-06/2.4741e-06)
>> epoch [ 307/3000], runtime:  5.26s, train loss: 2.8616e-06 (best: 2.6877e-06/2.4741e-06)
>> epoch [ 308/3000], runtime:  5.25s, train loss: 2.7032e-06 (best: 2.6877e-06/2.4741e-06)
>> epoch [ 309/3000], runtime:  5.62s, train loss: 2.6827e-06 (best: 2.6877e-06/2.4741e-06)
>> epoch [ 310/3000], runtime:  4.80s, train loss: 2.7284e-06 (best: 2.6877e-06/2.4741e-06)
>> epoch [ 311/3000], runtime:  4.72s, train loss: 2.6640e-06 (best: 2.6877e-06/2.4741e-06)
>> epoch [ 312/3000], runtime:  5.09s, train loss: 2.6738e-06 (best: 2.6877e-06/2.4741e-06)
>> epoch [ 313/3000], runtime:  5.10s, train loss: 2.8209e-06 (best: 2.6877e-06/2.4741e-06)
>> epoch [ 314/3000], runtime:  5.09s, train loss: 2.7532e-06 (best: 2.6877e-06/2.4741e-06)
>> epoch [ 315/3000], runtime:  5.07s, train loss: 2.7409e-06 (best: 2.6877e-06/2.4741e-06)
>> epoch [ 316/3000], runtime:  4.78s, train loss: 2.7444e-06 (best: 2.6877e-06/2.4741e-06)
>> epoch [ 317/3000], runtime:  4.86s, train loss: 2.9386e-06 (best: 2.6877e-06/2.4741e-06)
>> epoch [ 318/3000], runtime:  5.06s, train loss: 2.7712e-06 (best: 2.6877e-06/2.4741e-06)
>> epoch [ 319/3000], runtime:  4.65s, train loss: 2.9201e-06 (best: 2.6877e-06/2.4741e-06)
>> epoch [ 320/3000], runtime:  4.97s, train loss: 2.8470e-06 (best: 2.6877e-06/2.4741e-06)
>> epoch [ 321/3000], runtime:  5.09s, train loss: 2.8335e-06 (best: 2.6877e-06/2.4741e-06)
>> epoch [ 322/3000], runtime:  5.10s, train loss: 2.7087e-06 (best: 2.6877e-06/2.4741e-06)
>> epoch [ 323/3000], runtime:  5.08s, train loss: 2.8169e-06 (best: 2.6877e-06/2.4741e-06)
>> epoch [ 324/3000], runtime:  5.11s, train loss: 2.8321e-06 (best: 2.6877e-06/2.4741e-06)
>> epoch [ 325/3000], runtime:  4.74s, train loss: 2.8187e-06 (best: 2.6877e-06/2.4741e-06)
>> epoch [ 326/3000], runtime:  5.07s, train loss: 2.7410e-06 (best: 2.6877e-06/2.4741e-06)
>> epoch [ 327/3000], runtime:  4.84s, train loss: 2.5420e-06 (best: 2.6877e-06/2.4741e-06)
>> epoch [ 328/3000], runtime: 5.08s, train loss: 2.6512e-06, valid loss: 2.4685e-06 , test loss: 1.3725e-04
>> epoch [ 329/3000], runtime:  4.76s, train loss: 2.6251e-06 (best: 2.6512e-06/2.4685e-06)
>> epoch [ 330/3000], runtime:  5.09s, train loss: 2.7565e-06 (best: 2.6512e-06/2.4685e-06)
>> epoch [ 331/3000], runtime:  5.09s, train loss: 2.6355e-06 (best: 2.6512e-06/2.4685e-06)
>> epoch [ 332/3000], runtime:  5.09s, train loss: 2.6689e-06 (best: 2.6512e-06/2.4685e-06)
>> epoch [ 333/3000], runtime:  5.10s, train loss: 2.6738e-06 (best: 2.6512e-06/2.4685e-06)
>> epoch [ 334/3000], runtime: 5.10s, train loss: 2.6242e-06, valid loss: 2.4582e-06 , test loss: 1.3740e-04
>> epoch [ 335/3000], runtime:  4.75s, train loss: 2.6225e-06 (best: 2.6242e-06/2.4582e-06)
>> epoch [ 336/3000], runtime: 4.79s, train loss: 2.6040e-06, valid loss: 2.4556e-06 , test loss: 1.3610e-04
>> epoch [ 337/3000], runtime:  5.11s, train loss: 2.6790e-06 (best: 2.6040e-06/2.4556e-06)
>> epoch [ 338/3000], runtime:  5.07s, train loss: 2.8595e-06 (best: 2.6040e-06/2.4556e-06)
>> epoch [ 339/3000], runtime:  5.10s, train loss: 2.5605e-06 (best: 2.6040e-06/2.4556e-06)
>> epoch [ 340/3000], runtime:  4.96s, train loss: 2.5598e-06 (best: 2.6040e-06/2.4556e-06)
>> epoch [ 341/3000], runtime:  5.09s, train loss: 2.7066e-06 (best: 2.6040e-06/2.4556e-06)
>> epoch [ 342/3000], runtime:  5.07s, train loss: 2.6454e-06 (best: 2.6040e-06/2.4556e-06)
>> epoch [ 343/3000], runtime:  5.09s, train loss: 2.6220e-06 (best: 2.6040e-06/2.4556e-06)
>> epoch [ 344/3000], runtime:  5.07s, train loss: 2.7516e-06 (best: 2.6040e-06/2.4556e-06)
>> epoch [ 345/3000], runtime:  4.40s, train loss: 2.6460e-06 (best: 2.6040e-06/2.4556e-06)
>> epoch [ 346/3000], runtime:  4.88s, train loss: 2.6807e-06 (best: 2.6040e-06/2.4556e-06)
>> epoch [ 347/3000], runtime:  5.09s, train loss: 2.6735e-06 (best: 2.6040e-06/2.4556e-06)
>> epoch [ 348/3000], runtime:  4.73s, train loss: 2.6174e-06 (best: 2.6040e-06/2.4556e-06)
>> epoch [ 349/3000], runtime:  5.07s, train loss: 2.6293e-06 (best: 2.6040e-06/2.4556e-06)
>> epoch [ 350/3000], runtime:  4.70s, train loss: 2.6846e-06 (best: 2.6040e-06/2.4556e-06)
>> epoch [ 351/3000], runtime:  4.92s, train loss: 2.8034e-06 (best: 2.6040e-06/2.4556e-06)
>> epoch [ 352/3000], runtime:  5.09s, train loss: 2.6890e-06 (best: 2.6040e-06/2.4556e-06)
>> epoch [ 353/3000], runtime:  5.09s, train loss: 2.6420e-06 (best: 2.6040e-06/2.4556e-06)
>> epoch [ 354/3000], runtime:  4.75s, train loss: 2.6951e-06 (best: 2.6040e-06/2.4556e-06)
>> epoch [ 355/3000], runtime:  4.51s, train loss: 2.6953e-06 (best: 2.6040e-06/2.4556e-06)
>> epoch [ 356/3000], runtime:  4.20s, train loss: 2.7034e-06 (best: 2.6040e-06/2.4556e-06)
>> epoch [ 357/3000], runtime:  4.33s, train loss: 2.6060e-06 (best: 2.6040e-06/2.4556e-06)
>> epoch [ 358/3000], runtime:  4.54s, train loss: 2.7930e-06 (best: 2.6040e-06/2.4556e-06)
>> epoch [ 359/3000], runtime: 4.55s, train loss: 2.5674e-06, valid loss: 2.4221e-06 , test loss: 1.3578e-04
>> epoch [ 360/3000], runtime:  4.54s, train loss: 2.5624e-06 (best: 2.5674e-06/2.4221e-06)
>> epoch [ 361/3000], runtime:  4.53s, train loss: 2.5113e-06 (best: 2.5674e-06/2.4221e-06)
>> epoch [ 362/3000], runtime:  4.55s, train loss: 2.7159e-06 (best: 2.5674e-06/2.4221e-06)
>> epoch [ 363/3000], runtime:  4.54s, train loss: 2.7169e-06 (best: 2.5674e-06/2.4221e-06)
>> epoch [ 364/3000], runtime:  4.55s, train loss: 2.6253e-06 (best: 2.5674e-06/2.4221e-06)
>> epoch [ 365/3000], runtime:  4.55s, train loss: 2.6188e-06 (best: 2.5674e-06/2.4221e-06)
>> epoch [ 366/3000], runtime:  4.52s, train loss: 2.5545e-06 (best: 2.5674e-06/2.4221e-06)
>> epoch [ 367/3000], runtime:  4.54s, train loss: 2.6288e-06 (best: 2.5674e-06/2.4221e-06)
>> epoch [ 368/3000], runtime:  4.52s, train loss: 2.5611e-06 (best: 2.5674e-06/2.4221e-06)
>> epoch [ 369/3000], runtime:  4.54s, train loss: 2.5677e-06 (best: 2.5674e-06/2.4221e-06)
>> epoch [ 370/3000], runtime:  4.54s, train loss: 2.5393e-06 (best: 2.5674e-06/2.4221e-06)
>> epoch [ 371/3000], runtime:  4.53s, train loss: 2.6975e-06 (best: 2.5674e-06/2.4221e-06)
>> epoch [ 372/3000], runtime:  4.54s, train loss: 2.6713e-06 (best: 2.5674e-06/2.4221e-06)
>> epoch [ 373/3000], runtime:  4.53s, train loss: 2.5446e-06 (best: 2.5674e-06/2.4221e-06)
>> epoch [ 374/3000], runtime:  4.54s, train loss: 2.6636e-06 (best: 2.5674e-06/2.4221e-06)
>> epoch [ 375/3000], runtime:  4.53s, train loss: 2.6840e-06 (best: 2.5674e-06/2.4221e-06)
>> epoch [ 376/3000], runtime:  4.53s, train loss: 2.6717e-06 (best: 2.5674e-06/2.4221e-06)
>> epoch [ 377/3000], runtime: 4.53s, train loss: 2.5285e-06, valid loss: 2.3700e-06 , test loss: 1.3638e-04
>> epoch [ 378/3000], runtime:  4.54s, train loss: 2.7312e-06 (best: 2.5285e-06/2.3700e-06)
>> epoch [ 379/3000], runtime:  4.53s, train loss: 2.5129e-06 (best: 2.5285e-06/2.3700e-06)
>> epoch [ 380/3000], runtime:  4.55s, train loss: 2.6794e-06 (best: 2.5285e-06/2.3700e-06)
>> epoch [ 381/3000], runtime:  4.53s, train loss: 2.7857e-06 (best: 2.5285e-06/2.3700e-06)
>> epoch [ 382/3000], runtime:  4.55s, train loss: 2.5947e-06 (best: 2.5285e-06/2.3700e-06)
>> epoch [ 383/3000], runtime:  4.54s, train loss: 2.6751e-06 (best: 2.5285e-06/2.3700e-06)
>> epoch [ 384/3000], runtime:  4.53s, train loss: 2.5438e-06 (best: 2.5285e-06/2.3700e-06)
>> epoch [ 385/3000], runtime:  4.54s, train loss: 2.5733e-06 (best: 2.5285e-06/2.3700e-06)
>> epoch [ 386/3000], runtime:  4.53s, train loss: 2.5363e-06 (best: 2.5285e-06/2.3700e-06)
>> epoch [ 387/3000], runtime:  4.54s, train loss: 2.5709e-06 (best: 2.5285e-06/2.3700e-06)
>> epoch [ 388/3000], runtime:  4.55s, train loss: 2.5552e-06 (best: 2.5285e-06/2.3700e-06)
>> epoch [ 389/3000], runtime:  4.53s, train loss: 2.6741e-06 (best: 2.5285e-06/2.3700e-06)
>> epoch [ 390/3000], runtime: 4.53s, train loss: 2.5258e-06, valid loss: 2.3655e-06 , test loss: 1.3488e-04
>> epoch [ 391/3000], runtime:  4.53s, train loss: 2.4885e-06 (best: 2.5258e-06/2.3655e-06)
>> epoch [ 392/3000], runtime:  4.54s, train loss: 2.6934e-06 (best: 2.5258e-06/2.3655e-06)
>> epoch [ 393/3000], runtime:  4.54s, train loss: 2.5542e-06 (best: 2.5258e-06/2.3655e-06)
>> epoch [ 394/3000], runtime:  4.53s, train loss: 2.6009e-06 (best: 2.5258e-06/2.3655e-06)
>> epoch [ 395/3000], runtime:  4.56s, train loss: 2.5038e-06 (best: 2.5258e-06/2.3655e-06)
>> epoch [ 396/3000], runtime:  4.54s, train loss: 2.5582e-06 (best: 2.5258e-06/2.3655e-06)
>> epoch [ 397/3000], runtime:  4.54s, train loss: 2.5486e-06 (best: 2.5258e-06/2.3655e-06)
>> epoch [ 398/3000], runtime:  4.54s, train loss: 2.6493e-06 (best: 2.5258e-06/2.3655e-06)
>> epoch [ 399/3000], runtime:  4.53s, train loss: 2.5958e-06 (best: 2.5258e-06/2.3655e-06)
>> epoch [ 400/3000], runtime:  4.52s, train loss: 2.5734e-06 (best: 2.5258e-06/2.3655e-06)
>> epoch [ 401/3000], runtime:  4.52s, train loss: 2.4863e-06 (best: 2.5258e-06/2.3655e-06)
>> epoch [ 402/3000], runtime: 4.53s, train loss: 2.5178e-06, valid loss: 2.3570e-06 , test loss: 1.3661e-04
>> epoch [ 403/3000], runtime:  4.11s, train loss: 2.5294e-06 (best: 2.5178e-06/2.3570e-06)
>> epoch [ 404/3000], runtime:  4.42s, train loss: 2.6821e-06 (best: 2.5178e-06/2.3570e-06)
>> epoch [ 405/3000], runtime:  4.55s, train loss: 2.6738e-06 (best: 2.5178e-06/2.3570e-06)
>> epoch [ 406/3000], runtime:  4.52s, train loss: 2.5666e-06 (best: 2.5178e-06/2.3570e-06)
>> epoch [ 407/3000], runtime:  4.53s, train loss: 2.4637e-06 (best: 2.5178e-06/2.3570e-06)
>> epoch [ 408/3000], runtime:  4.53s, train loss: 2.5807e-06 (best: 2.5178e-06/2.3570e-06)
>> epoch [ 409/3000], runtime:  4.54s, train loss: 2.5411e-06 (best: 2.5178e-06/2.3570e-06)
>> epoch [ 410/3000], runtime:  4.53s, train loss: 2.5307e-06 (best: 2.5178e-06/2.3570e-06)
>> epoch [ 411/3000], runtime:  4.56s, train loss: 2.4734e-06 (best: 2.5178e-06/2.3570e-06)
>> epoch [ 412/3000], runtime:  4.33s, train loss: 2.5231e-06 (best: 2.5178e-06/2.3570e-06)
>> epoch [ 413/3000], runtime: 4.20s, train loss: 2.4765e-06, valid loss: 2.3415e-06 , test loss: 1.3506e-04
>> epoch [ 414/3000], runtime:  4.53s, train loss: 2.6043e-06 (best: 2.4765e-06/2.3415e-06)
>> epoch [ 415/3000], runtime:  4.53s, train loss: 2.6870e-06 (best: 2.4765e-06/2.3415e-06)
>> epoch [ 416/3000], runtime:  4.53s, train loss: 2.5604e-06 (best: 2.4765e-06/2.3415e-06)
>> epoch [ 417/3000], runtime:  4.53s, train loss: 2.4891e-06 (best: 2.4765e-06/2.3415e-06)
>> epoch [ 418/3000], runtime:  4.52s, train loss: 2.4885e-06 (best: 2.4765e-06/2.3415e-06)
>> epoch [ 419/3000], runtime:  4.54s, train loss: 2.5450e-06 (best: 2.4765e-06/2.3415e-06)
>> epoch [ 420/3000], runtime:  4.54s, train loss: 2.5772e-06 (best: 2.4765e-06/2.3415e-06)
>> epoch [ 421/3000], runtime:  4.54s, train loss: 2.5355e-06 (best: 2.4765e-06/2.3415e-06)
>> epoch [ 422/3000], runtime:  4.46s, train loss: 2.5624e-06 (best: 2.4765e-06/2.3415e-06)
>> epoch [ 423/3000], runtime:  4.08s, train loss: 2.4841e-06 (best: 2.4765e-06/2.3415e-06)
>> epoch [ 424/3000], runtime:  3.95s, train loss: 2.4970e-06 (best: 2.4765e-06/2.3415e-06)
>> epoch [ 425/3000], runtime:  3.63s, train loss: 2.5078e-06 (best: 2.4765e-06/2.3415e-06)
>> epoch [ 426/3000], runtime: 3.60s, train loss: 2.4292e-06, valid loss: 2.2929e-06 , test loss: 1.3471e-04
>> epoch [ 427/3000], runtime:  2.73s, train loss: 2.5574e-06 (best: 2.4292e-06/2.2929e-06)
>> epoch [ 428/3000], runtime:  2.70s, train loss: 2.4499e-06 (best: 2.4292e-06/2.2929e-06)
>> epoch [ 429/3000], runtime:  2.73s, train loss: 2.6300e-06 (best: 2.4292e-06/2.2929e-06)
>> epoch [ 430/3000], runtime:  2.69s, train loss: 2.5060e-06 (best: 2.4292e-06/2.2929e-06)
>> epoch [ 431/3000], runtime:  2.39s, train loss: 2.4654e-06 (best: 2.4292e-06/2.2929e-06)
>> epoch [ 432/3000], runtime:  2.53s, train loss: 2.5133e-06 (best: 2.4292e-06/2.2929e-06)
>> epoch [ 433/3000], runtime:  2.71s, train loss: 2.5952e-06 (best: 2.4292e-06/2.2929e-06)
>> epoch [ 434/3000], runtime:  2.71s, train loss: 2.4937e-06 (best: 2.4292e-06/2.2929e-06)
>> epoch [ 435/3000], runtime:  2.72s, train loss: 2.5096e-06 (best: 2.4292e-06/2.2929e-06)
>> epoch [ 436/3000], runtime:  2.72s, train loss: 2.4756e-06 (best: 2.4292e-06/2.2929e-06)
>> epoch [ 437/3000], runtime:  2.72s, train loss: 2.4371e-06 (best: 2.4292e-06/2.2929e-06)
>> epoch [ 438/3000], runtime:  2.70s, train loss: 2.4782e-06 (best: 2.4292e-06/2.2929e-06)
>> epoch [ 439/3000], runtime:  2.72s, train loss: 2.4549e-06 (best: 2.4292e-06/2.2929e-06)
>> epoch [ 440/3000], runtime:  2.71s, train loss: 2.4465e-06 (best: 2.4292e-06/2.2929e-06)
>> epoch [ 441/3000], runtime:  2.71s, train loss: 2.5417e-06 (best: 2.4292e-06/2.2929e-06)
>> epoch [ 442/3000], runtime:  2.70s, train loss: 2.6254e-06 (best: 2.4292e-06/2.2929e-06)
>> epoch [ 443/3000], runtime:  2.86s, train loss: 2.6052e-06 (best: 2.4292e-06/2.2929e-06)
>> epoch [ 444/3000], runtime:  3.11s, train loss: 2.5246e-06 (best: 2.4292e-06/2.2929e-06)
>> epoch [ 445/3000], runtime:  3.19s, train loss: 2.4208e-06 (best: 2.4292e-06/2.2929e-06)
>> epoch [ 446/3000], runtime:  2.74s, train loss: 2.4792e-06 (best: 2.4292e-06/2.2929e-06)
>> epoch [ 447/3000], runtime:  2.72s, train loss: 2.4124e-06 (best: 2.4292e-06/2.2929e-06)
>> epoch [ 448/3000], runtime:  2.73s, train loss: 2.4655e-06 (best: 2.4292e-06/2.2929e-06)
>> epoch [ 449/3000], runtime:  2.55s, train loss: 2.5118e-06 (best: 2.4292e-06/2.2929e-06)
>> epoch [ 450/3000], runtime:  2.21s, train loss: 2.4576e-06 (best: 2.4292e-06/2.2929e-06)
>> epoch [ 451/3000], runtime:  2.72s, train loss: 2.4382e-06 (best: 2.4292e-06/2.2929e-06)
>> epoch [ 452/3000], runtime:  2.70s, train loss: 2.4700e-06 (best: 2.4292e-06/2.2929e-06)
>> epoch [ 453/3000], runtime:  2.71s, train loss: 2.4236e-06 (best: 2.4292e-06/2.2929e-06)
>> epoch [ 454/3000], runtime:  2.71s, train loss: 2.4659e-06 (best: 2.4292e-06/2.2929e-06)
>> epoch [ 455/3000], runtime:  2.72s, train loss: 2.4302e-06 (best: 2.4292e-06/2.2929e-06)
>> epoch [ 456/3000], runtime:  2.71s, train loss: 2.4587e-06 (best: 2.4292e-06/2.2929e-06)
>> epoch [ 457/3000], runtime:  2.72s, train loss: 2.4599e-06 (best: 2.4292e-06/2.2929e-06)
>> epoch [ 458/3000], runtime:  2.70s, train loss: 2.4591e-06 (best: 2.4292e-06/2.2929e-06)
>> epoch [ 459/3000], runtime:  2.67s, train loss: 2.4948e-06 (best: 2.4292e-06/2.2929e-06)
>> epoch [ 460/3000], runtime:  2.34s, train loss: 2.3927e-06 (best: 2.4292e-06/2.2929e-06)
>> epoch [ 461/3000], runtime:  2.72s, train loss: 2.4934e-06 (best: 2.4292e-06/2.2929e-06)
>> epoch [ 462/3000], runtime:  2.72s, train loss: 2.4680e-06 (best: 2.4292e-06/2.2929e-06)
>> epoch [ 463/3000], runtime:  2.71s, train loss: 2.4593e-06 (best: 2.4292e-06/2.2929e-06)
>> epoch [ 464/3000], runtime:  2.72s, train loss: 2.4814e-06 (best: 2.4292e-06/2.2929e-06)
>> epoch [ 465/3000], runtime:  2.71s, train loss: 2.5100e-06 (best: 2.4292e-06/2.2929e-06)
>> epoch [ 466/3000], runtime:  2.72s, train loss: 2.4174e-06 (best: 2.4292e-06/2.2929e-06)
>> epoch [ 467/3000], runtime:  2.71s, train loss: 2.4199e-06 (best: 2.4292e-06/2.2929e-06)
>> epoch [ 468/3000], runtime:  2.60s, train loss: 2.4832e-06 (best: 2.4292e-06/2.2929e-06)
>> epoch [ 469/3000], runtime:  2.30s, train loss: 2.5583e-06 (best: 2.4292e-06/2.2929e-06)
>> epoch [ 470/3000], runtime:  2.71s, train loss: 2.7340e-06 (best: 2.4292e-06/2.2929e-06)
>> epoch [ 471/3000], runtime:  2.72s, train loss: 2.4809e-06 (best: 2.4292e-06/2.2929e-06)
>> epoch [ 472/3000], runtime:  2.72s, train loss: 2.5113e-06 (best: 2.4292e-06/2.2929e-06)
>> epoch [ 473/3000], runtime:  2.70s, train loss: 2.5099e-06 (best: 2.4292e-06/2.2929e-06)
>> epoch [ 474/3000], runtime:  2.71s, train loss: 2.4218e-06 (best: 2.4292e-06/2.2929e-06)
>> epoch [ 475/3000], runtime:  2.70s, train loss: 2.5106e-06 (best: 2.4292e-06/2.2929e-06)
>> epoch [ 476/3000], runtime:  2.75s, train loss: 2.4870e-06 (best: 2.4292e-06/2.2929e-06)
>> epoch [ 477/3000], runtime:  2.71s, train loss: 2.4670e-06 (best: 2.4292e-06/2.2929e-06)
----------------------------------------------------------------------------------------------------
----------------------------------------------------------------------------------------------------
>> ntrain: 300, layer_info: 20_4, act_xi: Sigmoid, lr: 0.01, gamma: 0.6, w_d: 0.0
>> Best train loss: 2.4292e-06
>> Best valid loss: 2.2929e-06
>> Best test loss: 1.3471e-04
>> Best epoch: 425
----------------------------------------------------------------------------------------------------
----------------------------------------------------------------------------------------------------
>> Training Completed!!
