>> Device being used: cuda (NVIDIA GeForce RTX 4090)
Total number of parameters: 1321
>> Training Mesh resolution: 257x257
/root/autodl-tmp/project/MPNO_final/BlatzKo_1d/PNO_NN_ex35_k1/PNO_BB_L1loss.py:143: UserWarning: torch.range is deprecated and will be removed in a future release because its behavior is inconsistent with Python's range builtin. Instead, use torch.arange, which produces values in [start, end).
  ksi_range = torch.range(-m_fact, m_fact).int()
tensor(0.8109)
tensor(3.3456)
>> Preprocessing completed, time elapsed:  0.60s
>> ntrain: 300, lr: 0.01, gamma: 0.6, w_d: 0.0
----------------------------------------------------------------------------------------------------
>> epoch [   1/3000], runtime: 4.26s, train loss: 2.1115e-04, valid loss: 1.0078e-04 , test loss: 3.8580e-03
>> epoch [   2/3000], runtime: 4.65s, train loss: 1.0517e-04, valid loss: 7.5607e-05 , test loss: 2.2533e-03
>> epoch [   3/3000], runtime: 4.84s, train loss: 7.8010e-05, valid loss: 5.1529e-05 , test loss: 1.4698e-03
>> epoch [   4/3000], runtime:  4.84s, train loss: 6.9002e-05 (best: 7.8010e-05/5.1529e-05)
>> epoch [   5/3000], runtime: 4.88s, train loss: 3.9979e-05, valid loss: 3.2956e-05 , test loss: 7.3298e-04
>> epoch [   6/3000], runtime: 4.88s, train loss: 3.3422e-05, valid loss: 2.4283e-05 , test loss: 5.0670e-04
>> epoch [   7/3000], runtime:  4.66s, train loss: 4.2420e-05 (best: 3.3422e-05/2.4283e-05)
>> epoch [   8/3000], runtime: 4.80s, train loss: 2.8777e-05, valid loss: 1.8823e-05 , test loss: 2.7694e-04
>> epoch [   9/3000], runtime:  5.22s, train loss: 2.3451e-05 (best: 2.8777e-05/1.8823e-05)
>> epoch [  10/3000], runtime: 5.26s, train loss: 2.5526e-05, valid loss: 1.5493e-05 , test loss: 2.7453e-04
>> epoch [  11/3000], runtime:  4.69s, train loss: 2.9318e-05 (best: 2.5526e-05/1.5493e-05)
>> epoch [  12/3000], runtime:  5.20s, train loss: 4.5400e-05 (best: 2.5526e-05/1.5493e-05)
>> epoch [  13/3000], runtime:  4.96s, train loss: 2.2805e-05 (best: 2.5526e-05/1.5493e-05)
>> epoch [  14/3000], runtime:  5.27s, train loss: 2.3580e-05 (best: 2.5526e-05/1.5493e-05)
>> epoch [  15/3000], runtime:  4.93s, train loss: 2.3389e-05 (best: 2.5526e-05/1.5493e-05)
>> epoch [  16/3000], runtime:  5.29s, train loss: 1.7562e-05 (best: 2.5526e-05/1.5493e-05)
>> epoch [  17/3000], runtime: 4.87s, train loss: 1.6608e-05, valid loss: 1.2148e-05 , test loss: 1.7419e-04
>> epoch [  18/3000], runtime:  5.27s, train loss: 1.5569e-05 (best: 1.6608e-05/1.2148e-05)
>> epoch [  19/3000], runtime:  5.27s, train loss: 2.6561e-05 (best: 1.6608e-05/1.2148e-05)
>> epoch [  20/3000], runtime:  4.88s, train loss: 1.8141e-05 (best: 1.6608e-05/1.2148e-05)
>> epoch [  21/3000], runtime:  4.82s, train loss: 1.3110e-05 (best: 1.6608e-05/1.2148e-05)
>> epoch [  22/3000], runtime:  5.26s, train loss: 1.8436e-05 (best: 1.6608e-05/1.2148e-05)
>> epoch [  23/3000], runtime:  4.73s, train loss: 1.5143e-05 (best: 1.6608e-05/1.2148e-05)
>> epoch [  24/3000], runtime:  5.24s, train loss: 1.4154e-05 (best: 1.6608e-05/1.2148e-05)
>> epoch [  25/3000], runtime: 5.27s, train loss: 1.4080e-05, valid loss: 1.0733e-05 , test loss: 1.5162e-04
>> epoch [  26/3000], runtime:  5.28s, train loss: 1.6984e-05 (best: 1.4080e-05/1.0733e-05)
>> epoch [  27/3000], runtime:  5.28s, train loss: 2.2647e-05 (best: 1.4080e-05/1.0733e-05)
>> epoch [  28/3000], runtime:  5.28s, train loss: 4.6109e-05 (best: 1.4080e-05/1.0733e-05)
>> epoch [  29/3000], runtime:  5.28s, train loss: 1.9843e-05 (best: 1.4080e-05/1.0733e-05)
>> epoch [  30/3000], runtime:  5.11s, train loss: 1.8620e-05 (best: 1.4080e-05/1.0733e-05)
>> epoch [  31/3000], runtime:  4.34s, train loss: 2.0308e-05 (best: 1.4080e-05/1.0733e-05)
>> epoch [  32/3000], runtime:  4.81s, train loss: 1.6021e-05 (best: 1.4080e-05/1.0733e-05)
>> epoch [  33/3000], runtime:  5.17s, train loss: 1.9777e-05 (best: 1.4080e-05/1.0733e-05)
>> epoch [  34/3000], runtime:  5.27s, train loss: 2.1954e-05 (best: 1.4080e-05/1.0733e-05)
>> epoch [  35/3000], runtime:  5.17s, train loss: 2.3211e-05 (best: 1.4080e-05/1.0733e-05)
>> epoch [  36/3000], runtime:  5.01s, train loss: 1.3041e-05 (best: 1.4080e-05/1.0733e-05)
>> epoch [  37/3000], runtime:  5.28s, train loss: 1.5166e-05 (best: 1.4080e-05/1.0733e-05)
>> epoch [  38/3000], runtime:  5.16s, train loss: 1.1720e-05 (best: 1.4080e-05/1.0733e-05)
>> epoch [  39/3000], runtime:  4.96s, train loss: 2.7304e-05 (best: 1.4080e-05/1.0733e-05)
>> epoch [  40/3000], runtime:  5.27s, train loss: 3.7624e-05 (best: 1.4080e-05/1.0733e-05)
>> epoch [  41/3000], runtime:  5.15s, train loss: 1.2617e-05 (best: 1.4080e-05/1.0733e-05)
>> epoch [  42/3000], runtime:  5.11s, train loss: 4.7419e-05 (best: 1.4080e-05/1.0733e-05)
>> epoch [  43/3000], runtime:  5.29s, train loss: 2.0134e-05 (best: 1.4080e-05/1.0733e-05)
>> epoch [  44/3000], runtime:  5.28s, train loss: 1.1051e-05 (best: 1.4080e-05/1.0733e-05)
>> epoch [  45/3000], runtime:  5.26s, train loss: 1.3286e-05 (best: 1.4080e-05/1.0733e-05)
>> epoch [  46/3000], runtime:  4.91s, train loss: 1.2080e-05 (best: 1.4080e-05/1.0733e-05)
>> epoch [  47/3000], runtime:  5.27s, train loss: 1.1142e-05 (best: 1.4080e-05/1.0733e-05)
>> epoch [  48/3000], runtime: 5.08s, train loss: 9.0875e-06, valid loss: 8.0025e-06 , test loss: 1.2419e-04
>> epoch [  49/3000], runtime:  4.83s, train loss: 9.7815e-06 (best: 9.0875e-06/8.0025e-06)
>> epoch [  50/3000], runtime:  5.24s, train loss: 1.2449e-05 (best: 9.0875e-06/8.0025e-06)
>> epoch [  51/3000], runtime:  5.26s, train loss: 2.8590e-05 (best: 9.0875e-06/8.0025e-06)
>> epoch [  52/3000], runtime:  5.29s, train loss: 2.0285e-05 (best: 9.0875e-06/8.0025e-06)
>> epoch [  53/3000], runtime:  5.29s, train loss: 1.7235e-05 (best: 9.0875e-06/8.0025e-06)
>> epoch [  54/3000], runtime:  5.29s, train loss: 1.6288e-05 (best: 9.0875e-06/8.0025e-06)
>> epoch [  55/3000], runtime:  5.29s, train loss: 1.0902e-05 (best: 9.0875e-06/8.0025e-06)
>> epoch [  56/3000], runtime:  5.27s, train loss: 1.1493e-05 (best: 9.0875e-06/8.0025e-06)
>> epoch [  57/3000], runtime:  5.27s, train loss: 1.1698e-05 (best: 9.0875e-06/8.0025e-06)
>> epoch [  58/3000], runtime:  5.28s, train loss: 1.0837e-05 (best: 9.0875e-06/8.0025e-06)
>> epoch [  59/3000], runtime:  5.24s, train loss: 8.8737e-06 (best: 9.0875e-06/8.0025e-06)
>> epoch [  60/3000], runtime:  4.95s, train loss: 9.0524e-06 (best: 9.0875e-06/8.0025e-06)
>> epoch [  61/3000], runtime:  5.27s, train loss: 1.0895e-05 (best: 9.0875e-06/8.0025e-06)
>> epoch [  62/3000], runtime:  5.28s, train loss: 1.3648e-05 (best: 9.0875e-06/8.0025e-06)
>> epoch [  63/3000], runtime:  5.27s, train loss: 9.1491e-06 (best: 9.0875e-06/8.0025e-06)
>> epoch [  64/3000], runtime:  5.27s, train loss: 9.5650e-06 (best: 9.0875e-06/8.0025e-06)
>> epoch [  65/3000], runtime:  5.29s, train loss: 8.5400e-06 (best: 9.0875e-06/8.0025e-06)
>> epoch [  66/3000], runtime:  5.35s, train loss: 1.2210e-05 (best: 9.0875e-06/8.0025e-06)
>> epoch [  67/3000], runtime:  5.27s, train loss: 1.3557e-05 (best: 9.0875e-06/8.0025e-06)
>> epoch [  68/3000], runtime:  5.27s, train loss: 1.5395e-05 (best: 9.0875e-06/8.0025e-06)
>> epoch [  69/3000], runtime:  4.94s, train loss: 1.7201e-05 (best: 9.0875e-06/8.0025e-06)
>> epoch [  70/3000], runtime:  5.01s, train loss: 1.1215e-05 (best: 9.0875e-06/8.0025e-06)
>> epoch [  71/3000], runtime:  5.29s, train loss: 1.3326e-05 (best: 9.0875e-06/8.0025e-06)
>> epoch [  72/3000], runtime:  5.01s, train loss: 9.8144e-06 (best: 9.0875e-06/8.0025e-06)
>> epoch [  73/3000], runtime:  5.16s, train loss: 1.5495e-05 (best: 9.0875e-06/8.0025e-06)
>> epoch [  74/3000], runtime:  5.27s, train loss: 1.8474e-05 (best: 9.0875e-06/8.0025e-06)
>> epoch [  75/3000], runtime:  4.90s, train loss: 1.4841e-05 (best: 9.0875e-06/8.0025e-06)
>> epoch [  76/3000], runtime:  5.28s, train loss: 1.4392e-05 (best: 9.0875e-06/8.0025e-06)
>> epoch [  77/3000], runtime:  5.27s, train loss: 1.1893e-05 (best: 9.0875e-06/8.0025e-06)
>> epoch [  78/3000], runtime:  5.28s, train loss: 1.2960e-05 (best: 9.0875e-06/8.0025e-06)
>> epoch [  79/3000], runtime:  5.25s, train loss: 1.3193e-05 (best: 9.0875e-06/8.0025e-06)
>> epoch [  80/3000], runtime:  4.90s, train loss: 1.3173e-05 (best: 9.0875e-06/8.0025e-06)
>> epoch [  81/3000], runtime:  5.28s, train loss: 1.3890e-05 (best: 9.0875e-06/8.0025e-06)
>> epoch [  82/3000], runtime:  5.27s, train loss: 9.1911e-06 (best: 9.0875e-06/8.0025e-06)
>> epoch [  83/3000], runtime:  5.27s, train loss: 1.1745e-05 (best: 9.0875e-06/8.0025e-06)
>> epoch [  84/3000], runtime:  5.28s, train loss: 7.1482e-06 (best: 9.0875e-06/8.0025e-06)
>> epoch [  85/3000], runtime:  5.27s, train loss: 1.0325e-05 (best: 9.0875e-06/8.0025e-06)
>> epoch [  86/3000], runtime:  5.28s, train loss: 1.0144e-05 (best: 9.0875e-06/8.0025e-06)
>> epoch [  87/3000], runtime:  5.27s, train loss: 9.8676e-06 (best: 9.0875e-06/8.0025e-06)
>> epoch [  88/3000], runtime:  5.26s, train loss: 1.0892e-05 (best: 9.0875e-06/8.0025e-06)
>> epoch [  89/3000], runtime:  4.90s, train loss: 1.2361e-05 (best: 9.0875e-06/8.0025e-06)
>> epoch [  90/3000], runtime:  4.64s, train loss: 2.0451e-05 (best: 9.0875e-06/8.0025e-06)
>> epoch [  91/3000], runtime:  5.08s, train loss: 1.1339e-05 (best: 9.0875e-06/8.0025e-06)
>> epoch [  92/3000], runtime: 5.11s, train loss: 8.0111e-06, valid loss: 7.8519e-06 , test loss: 1.2310e-04
>> epoch [  93/3000], runtime:  5.27s, train loss: 9.4401e-06 (best: 8.0111e-06/7.8519e-06)
>> epoch [  94/3000], runtime:  5.09s, train loss: 1.1038e-05 (best: 8.0111e-06/7.8519e-06)
>> epoch [  95/3000], runtime:  5.09s, train loss: 6.9329e-06 (best: 8.0111e-06/7.8519e-06)
>> epoch [  96/3000], runtime:  5.10s, train loss: 7.7277e-06 (best: 8.0111e-06/7.8519e-06)
>> epoch [  97/3000], runtime:  5.07s, train loss: 1.3249e-05 (best: 8.0111e-06/7.8519e-06)
>> epoch [  98/3000], runtime:  4.99s, train loss: 1.2638e-05 (best: 8.0111e-06/7.8519e-06)
>> epoch [  99/3000], runtime:  4.96s, train loss: 1.1870e-05 (best: 8.0111e-06/7.8519e-06)
>> epoch [ 100/3000], runtime:  4.90s, train loss: 1.5597e-05 (best: 8.0111e-06/7.8519e-06)
>> epoch [ 101/3000], runtime:  5.29s, train loss: 1.4346e-05 (best: 8.0111e-06/7.8519e-06)
>> epoch [ 102/3000], runtime:  5.28s, train loss: 9.9113e-06 (best: 8.0111e-06/7.8519e-06)
>> epoch [ 103/3000], runtime:  5.28s, train loss: 7.6339e-06 (best: 8.0111e-06/7.8519e-06)
>> epoch [ 104/3000], runtime:  5.25s, train loss: 8.4598e-06 (best: 8.0111e-06/7.8519e-06)
>> epoch [ 105/3000], runtime:  5.27s, train loss: 1.2264e-05 (best: 8.0111e-06/7.8519e-06)
>> epoch [ 106/3000], runtime:  5.29s, train loss: 1.0259e-05 (best: 8.0111e-06/7.8519e-06)
>> epoch [ 107/3000], runtime:  5.27s, train loss: 7.2920e-06 (best: 8.0111e-06/7.8519e-06)
>> epoch [ 108/3000], runtime:  4.75s, train loss: 1.0722e-05 (best: 8.0111e-06/7.8519e-06)
>> epoch [ 109/3000], runtime:  5.00s, train loss: 1.0717e-05 (best: 8.0111e-06/7.8519e-06)
>> epoch [ 110/3000], runtime: 5.27s, train loss: 5.9904e-06, valid loss: 6.9959e-06 , test loss: 1.1552e-04
>> epoch [ 111/3000], runtime:  5.06s, train loss: 7.3887e-06 (best: 5.9904e-06/6.9959e-06)
>> epoch [ 112/3000], runtime:  5.09s, train loss: 6.5511e-06 (best: 5.9904e-06/6.9959e-06)
>> epoch [ 113/3000], runtime:  5.27s, train loss: 1.0777e-05 (best: 5.9904e-06/6.9959e-06)
>> epoch [ 114/3000], runtime:  5.27s, train loss: 1.7237e-05 (best: 5.9904e-06/6.9959e-06)
>> epoch [ 115/3000], runtime:  5.28s, train loss: 9.2688e-06 (best: 5.9904e-06/6.9959e-06)
>> epoch [ 116/3000], runtime:  5.26s, train loss: 7.1801e-06 (best: 5.9904e-06/6.9959e-06)
>> epoch [ 117/3000], runtime:  5.28s, train loss: 1.2127e-05 (best: 5.9904e-06/6.9959e-06)
>> epoch [ 118/3000], runtime:  5.22s, train loss: 1.0057e-05 (best: 5.9904e-06/6.9959e-06)
>> epoch [ 119/3000], runtime:  4.82s, train loss: 8.0141e-06 (best: 5.9904e-06/6.9959e-06)
>> epoch [ 120/3000], runtime:  5.18s, train loss: 8.2880e-06 (best: 5.9904e-06/6.9959e-06)
>> epoch [ 121/3000], runtime:  5.26s, train loss: 7.9123e-06 (best: 5.9904e-06/6.9959e-06)
>> epoch [ 122/3000], runtime:  5.25s, train loss: 6.4019e-06 (best: 5.9904e-06/6.9959e-06)
>> epoch [ 123/3000], runtime:  5.27s, train loss: 1.1693e-05 (best: 5.9904e-06/6.9959e-06)
>> epoch [ 124/3000], runtime:  5.26s, train loss: 1.1111e-05 (best: 5.9904e-06/6.9959e-06)
>> epoch [ 125/3000], runtime:  5.29s, train loss: 7.8764e-06 (best: 5.9904e-06/6.9959e-06)
>> epoch [ 126/3000], runtime:  5.26s, train loss: 6.2221e-06 (best: 5.9904e-06/6.9959e-06)
>> epoch [ 127/3000], runtime:  5.26s, train loss: 6.5195e-06 (best: 5.9904e-06/6.9959e-06)
>> epoch [ 128/3000], runtime:  5.27s, train loss: 8.3104e-06 (best: 5.9904e-06/6.9959e-06)
>> epoch [ 129/3000], runtime:  4.97s, train loss: 7.9126e-06 (best: 5.9904e-06/6.9959e-06)
>> epoch [ 130/3000], runtime:  4.58s, train loss: 7.2303e-06 (best: 5.9904e-06/6.9959e-06)
>> epoch [ 131/3000], runtime:  5.05s, train loss: 9.7654e-06 (best: 5.9904e-06/6.9959e-06)
>> epoch [ 132/3000], runtime:  5.29s, train loss: 7.5089e-06 (best: 5.9904e-06/6.9959e-06)
>> epoch [ 133/3000], runtime:  5.26s, train loss: 8.6106e-06 (best: 5.9904e-06/6.9959e-06)
>> epoch [ 134/3000], runtime:  5.28s, train loss: 7.2829e-06 (best: 5.9904e-06/6.9959e-06)
>> epoch [ 135/3000], runtime:  5.29s, train loss: 6.6075e-06 (best: 5.9904e-06/6.9959e-06)
>> epoch [ 136/3000], runtime:  5.28s, train loss: 6.8720e-06 (best: 5.9904e-06/6.9959e-06)
>> epoch [ 137/3000], runtime:  5.27s, train loss: 9.8787e-06 (best: 5.9904e-06/6.9959e-06)
>> epoch [ 138/3000], runtime:  5.25s, train loss: 7.8896e-06 (best: 5.9904e-06/6.9959e-06)
>> epoch [ 139/3000], runtime:  5.27s, train loss: 7.3550e-06 (best: 5.9904e-06/6.9959e-06)
>> epoch [ 140/3000], runtime:  5.26s, train loss: 6.7229e-06 (best: 5.9904e-06/6.9959e-06)
>> epoch [ 141/3000], runtime:  5.03s, train loss: 1.1721e-05 (best: 5.9904e-06/6.9959e-06)
>> epoch [ 142/3000], runtime:  4.91s, train loss: 1.3584e-05 (best: 5.9904e-06/6.9959e-06)
>> epoch [ 143/3000], runtime:  4.89s, train loss: 8.1144e-06 (best: 5.9904e-06/6.9959e-06)
>> epoch [ 144/3000], runtime:  5.25s, train loss: 6.1271e-06 (best: 5.9904e-06/6.9959e-06)
>> epoch [ 145/3000], runtime:  5.28s, train loss: 8.0699e-06 (best: 5.9904e-06/6.9959e-06)
>> epoch [ 146/3000], runtime:  5.26s, train loss: 7.0950e-06 (best: 5.9904e-06/6.9959e-06)
>> epoch [ 147/3000], runtime:  5.28s, train loss: 6.8101e-06 (best: 5.9904e-06/6.9959e-06)
>> epoch [ 148/3000], runtime:  5.28s, train loss: 8.9236e-06 (best: 5.9904e-06/6.9959e-06)
>> epoch [ 149/3000], runtime:  5.26s, train loss: 1.2504e-05 (best: 5.9904e-06/6.9959e-06)
>> epoch [ 150/3000], runtime:  5.27s, train loss: 7.2130e-06 (best: 5.9904e-06/6.9959e-06)
>> epoch [ 151/3000], runtime:  5.27s, train loss: 8.7774e-06 (best: 5.9904e-06/6.9959e-06)
>> epoch [ 152/3000], runtime:  5.15s, train loss: 8.1804e-06 (best: 5.9904e-06/6.9959e-06)
>> epoch [ 153/3000], runtime:  4.82s, train loss: 6.8935e-06 (best: 5.9904e-06/6.9959e-06)
>> epoch [ 154/3000], runtime:  5.26s, train loss: 6.7928e-06 (best: 5.9904e-06/6.9959e-06)
>> epoch [ 155/3000], runtime:  5.25s, train loss: 5.1951e-06 (best: 5.9904e-06/6.9959e-06)
>> epoch [ 156/3000], runtime:  5.28s, train loss: 8.0287e-06 (best: 5.9904e-06/6.9959e-06)
>> epoch [ 157/3000], runtime:  5.26s, train loss: 6.8342e-06 (best: 5.9904e-06/6.9959e-06)
>> epoch [ 158/3000], runtime:  5.25s, train loss: 6.2238e-06 (best: 5.9904e-06/6.9959e-06)
>> epoch [ 159/3000], runtime: 5.27s, train loss: 5.9075e-06, valid loss: 6.1477e-06 , test loss: 1.0878e-04
>> epoch [ 160/3000], runtime: 5.27s, train loss: 4.8668e-06, valid loss: 4.8727e-06 , test loss: 9.1355e-05
>> epoch [ 161/3000], runtime:  5.18s, train loss: 6.3777e-06 (best: 4.8668e-06/4.8727e-06)
>> epoch [ 162/3000], runtime:  4.50s, train loss: 9.4682e-06 (best: 4.8668e-06/4.8727e-06)
>> epoch [ 163/3000], runtime:  4.51s, train loss: 5.0319e-06 (best: 4.8668e-06/4.8727e-06)
>> epoch [ 164/3000], runtime:  4.51s, train loss: 6.6614e-06 (best: 4.8668e-06/4.8727e-06)
>> epoch [ 165/3000], runtime:  4.52s, train loss: 5.1978e-06 (best: 4.8668e-06/4.8727e-06)
>> epoch [ 166/3000], runtime:  4.51s, train loss: 5.5790e-06 (best: 4.8668e-06/4.8727e-06)
>> epoch [ 167/3000], runtime:  4.50s, train loss: 9.9208e-06 (best: 4.8668e-06/4.8727e-06)
>> epoch [ 168/3000], runtime:  4.50s, train loss: 1.1156e-05 (best: 4.8668e-06/4.8727e-06)
>> epoch [ 169/3000], runtime:  4.51s, train loss: 8.1876e-06 (best: 4.8668e-06/4.8727e-06)
>> epoch [ 170/3000], runtime:  4.51s, train loss: 9.1338e-06 (best: 4.8668e-06/4.8727e-06)
>> epoch [ 171/3000], runtime:  4.48s, train loss: 6.3843e-06 (best: 4.8668e-06/4.8727e-06)
>> epoch [ 172/3000], runtime:  4.50s, train loss: 1.3377e-05 (best: 4.8668e-06/4.8727e-06)
>> epoch [ 173/3000], runtime:  4.51s, train loss: 5.5991e-06 (best: 4.8668e-06/4.8727e-06)
>> epoch [ 174/3000], runtime:  4.51s, train loss: 7.1931e-06 (best: 4.8668e-06/4.8727e-06)
>> epoch [ 175/3000], runtime:  4.48s, train loss: 5.3146e-06 (best: 4.8668e-06/4.8727e-06)
>> epoch [ 176/3000], runtime:  4.50s, train loss: 5.7537e-06 (best: 4.8668e-06/4.8727e-06)
>> epoch [ 177/3000], runtime:  4.52s, train loss: 6.3028e-06 (best: 4.8668e-06/4.8727e-06)
>> epoch [ 178/3000], runtime:  4.50s, train loss: 1.3605e-05 (best: 4.8668e-06/4.8727e-06)
>> epoch [ 179/3000], runtime:  4.50s, train loss: 8.8031e-06 (best: 4.8668e-06/4.8727e-06)
>> epoch [ 180/3000], runtime:  4.35s, train loss: 4.7438e-06 (best: 4.8668e-06/4.8727e-06)
>> epoch [ 181/3000], runtime:  4.37s, train loss: 5.5787e-06 (best: 4.8668e-06/4.8727e-06)
>> epoch [ 182/3000], runtime:  4.51s, train loss: 5.6730e-06 (best: 4.8668e-06/4.8727e-06)
>> epoch [ 183/3000], runtime:  4.52s, train loss: 1.1141e-05 (best: 4.8668e-06/4.8727e-06)
>> epoch [ 184/3000], runtime:  4.51s, train loss: 7.5344e-06 (best: 4.8668e-06/4.8727e-06)
>> epoch [ 185/3000], runtime:  4.48s, train loss: 7.1839e-06 (best: 4.8668e-06/4.8727e-06)
>> epoch [ 186/3000], runtime:  4.49s, train loss: 6.2093e-06 (best: 4.8668e-06/4.8727e-06)
>> epoch [ 187/3000], runtime: 4.50s, train loss: 4.7993e-06, valid loss: 4.7022e-06 , test loss: 1.0036e-04
>> epoch [ 188/3000], runtime:  4.51s, train loss: 4.5094e-06 (best: 4.7993e-06/4.7022e-06)
>> epoch [ 189/3000], runtime:  4.50s, train loss: 4.2865e-06 (best: 4.7993e-06/4.7022e-06)
>> epoch [ 190/3000], runtime:  4.51s, train loss: 4.1639e-06 (best: 4.7993e-06/4.7022e-06)
>> epoch [ 191/3000], runtime:  4.50s, train loss: 7.4724e-06 (best: 4.7993e-06/4.7022e-06)
>> epoch [ 192/3000], runtime:  4.50s, train loss: 6.5394e-06 (best: 4.7993e-06/4.7022e-06)
>> epoch [ 193/3000], runtime:  4.50s, train loss: 5.4408e-06 (best: 4.7993e-06/4.7022e-06)
>> epoch [ 194/3000], runtime:  4.49s, train loss: 4.3990e-06 (best: 4.7993e-06/4.7022e-06)
>> epoch [ 195/3000], runtime:  4.51s, train loss: 1.0234e-05 (best: 4.7993e-06/4.7022e-06)
>> epoch [ 196/3000], runtime:  4.48s, train loss: 6.1517e-06 (best: 4.7993e-06/4.7022e-06)
>> epoch [ 197/3000], runtime:  4.09s, train loss: 4.5607e-06 (best: 4.7993e-06/4.7022e-06)
>> epoch [ 198/3000], runtime:  4.49s, train loss: 8.7216e-06 (best: 4.7993e-06/4.7022e-06)
>> epoch [ 199/3000], runtime:  4.51s, train loss: 9.8620e-06 (best: 4.7993e-06/4.7022e-06)
>> epoch [ 200/3000], runtime:  4.49s, train loss: 1.0130e-05 (best: 4.7993e-06/4.7022e-06)
>> epoch [ 201/3000], runtime:  4.49s, train loss: 5.7945e-06 (best: 4.7993e-06/4.7022e-06)
>> epoch [ 202/3000], runtime:  4.48s, train loss: 6.9709e-06 (best: 4.7993e-06/4.7022e-06)
>> epoch [ 203/3000], runtime:  4.50s, train loss: 6.6606e-06 (best: 4.7993e-06/4.7022e-06)
>> epoch [ 204/3000], runtime:  4.50s, train loss: 7.5095e-06 (best: 4.7993e-06/4.7022e-06)
>> epoch [ 205/3000], runtime:  4.50s, train loss: 1.0938e-05 (best: 4.7993e-06/4.7022e-06)
>> epoch [ 206/3000], runtime:  4.51s, train loss: 9.1182e-06 (best: 4.7993e-06/4.7022e-06)
>> epoch [ 207/3000], runtime:  4.35s, train loss: 4.9454e-06 (best: 4.7993e-06/4.7022e-06)
>> epoch [ 208/3000], runtime:  4.04s, train loss: 4.2737e-06 (best: 4.7993e-06/4.7022e-06)
>> epoch [ 209/3000], runtime:  4.51s, train loss: 4.4183e-06 (best: 4.7993e-06/4.7022e-06)
>> epoch [ 210/3000], runtime: 4.50s, train loss: 4.0922e-06, valid loss: 4.3563e-06 , test loss: 9.0275e-05
>> epoch [ 211/3000], runtime:  4.49s, train loss: 4.9094e-06 (best: 4.0922e-06/4.3563e-06)
>> epoch [ 212/3000], runtime:  4.50s, train loss: 7.6394e-06 (best: 4.0922e-06/4.3563e-06)
>> epoch [ 213/3000], runtime:  4.50s, train loss: 6.8658e-06 (best: 4.0922e-06/4.3563e-06)
>> epoch [ 214/3000], runtime:  4.51s, train loss: 5.1667e-06 (best: 4.0922e-06/4.3563e-06)
>> epoch [ 215/3000], runtime:  4.49s, train loss: 4.9110e-06 (best: 4.0922e-06/4.3563e-06)
>> epoch [ 216/3000], runtime:  4.46s, train loss: 5.3368e-06 (best: 4.0922e-06/4.3563e-06)
>> epoch [ 217/3000], runtime:  4.03s, train loss: 3.6867e-06 (best: 4.0922e-06/4.3563e-06)
>> epoch [ 218/3000], runtime:  4.50s, train loss: 4.6811e-06 (best: 4.0922e-06/4.3563e-06)
>> epoch [ 219/3000], runtime: 4.50s, train loss: 4.0569e-06, valid loss: 4.1573e-06 , test loss: 9.7782e-05
>> epoch [ 220/3000], runtime: 4.49s, train loss: 3.6277e-06, valid loss: 3.5984e-06 , test loss: 8.4894e-05
>> epoch [ 221/3000], runtime:  4.53s, train loss: 5.7227e-06 (best: 3.6277e-06/3.5984e-06)
>> epoch [ 222/3000], runtime:  4.48s, train loss: 1.1036e-05 (best: 3.6277e-06/3.5984e-06)
>> epoch [ 223/3000], runtime:  4.50s, train loss: 4.7480e-06 (best: 3.6277e-06/3.5984e-06)
>> epoch [ 224/3000], runtime:  4.50s, train loss: 3.9539e-06 (best: 3.6277e-06/3.5984e-06)
>> epoch [ 225/3000], runtime:  4.48s, train loss: 3.7503e-06 (best: 3.6277e-06/3.5984e-06)
>> epoch [ 226/3000], runtime:  4.10s, train loss: 4.1960e-06 (best: 3.6277e-06/3.5984e-06)
>> epoch [ 227/3000], runtime:  4.30s, train loss: 4.0738e-06 (best: 3.6277e-06/3.5984e-06)
>> epoch [ 228/3000], runtime:  4.51s, train loss: 3.7606e-06 (best: 3.6277e-06/3.5984e-06)
>> epoch [ 229/3000], runtime:  4.49s, train loss: 4.2847e-06 (best: 3.6277e-06/3.5984e-06)
>> epoch [ 230/3000], runtime:  4.49s, train loss: 4.1137e-06 (best: 3.6277e-06/3.5984e-06)
>> epoch [ 231/3000], runtime:  4.50s, train loss: 5.1452e-06 (best: 3.6277e-06/3.5984e-06)
>> epoch [ 232/3000], runtime:  4.51s, train loss: 7.7476e-06 (best: 3.6277e-06/3.5984e-06)
>> epoch [ 233/3000], runtime:  4.49s, train loss: 3.6161e-06 (best: 3.6277e-06/3.5984e-06)
>> epoch [ 234/3000], runtime:  4.50s, train loss: 4.5391e-06 (best: 3.6277e-06/3.5984e-06)
>> epoch [ 235/3000], runtime:  4.50s, train loss: 5.0646e-06 (best: 3.6277e-06/3.5984e-06)
>> epoch [ 236/3000], runtime:  4.34s, train loss: 5.5504e-06 (best: 3.6277e-06/3.5984e-06)
>> epoch [ 237/3000], runtime:  4.02s, train loss: 5.0759e-06 (best: 3.6277e-06/3.5984e-06)
>> epoch [ 238/3000], runtime:  4.48s, train loss: 4.0799e-06 (best: 3.6277e-06/3.5984e-06)
>> epoch [ 239/3000], runtime:  4.49s, train loss: 4.9627e-06 (best: 3.6277e-06/3.5984e-06)
>> epoch [ 240/3000], runtime:  4.50s, train loss: 4.6705e-06 (best: 3.6277e-06/3.5984e-06)
>> epoch [ 241/3000], runtime:  4.50s, train loss: 4.6258e-06 (best: 3.6277e-06/3.5984e-06)
>> epoch [ 242/3000], runtime:  4.50s, train loss: 4.7292e-06 (best: 3.6277e-06/3.5984e-06)
>> epoch [ 243/3000], runtime:  4.49s, train loss: 4.7650e-06 (best: 3.6277e-06/3.5984e-06)
>> epoch [ 244/3000], runtime:  4.51s, train loss: 4.1066e-06 (best: 3.6277e-06/3.5984e-06)
>> epoch [ 245/3000], runtime:  4.49s, train loss: 4.2624e-06 (best: 3.6277e-06/3.5984e-06)
>> epoch [ 246/3000], runtime:  4.51s, train loss: 5.6177e-06 (best: 3.6277e-06/3.5984e-06)
>> epoch [ 247/3000], runtime:  4.45s, train loss: 5.2160e-06 (best: 3.6277e-06/3.5984e-06)
>> epoch [ 248/3000], runtime:  4.06s, train loss: 5.0303e-06 (best: 3.6277e-06/3.5984e-06)
>> epoch [ 249/3000], runtime:  4.34s, train loss: 4.8431e-06 (best: 3.6277e-06/3.5984e-06)
>> epoch [ 250/3000], runtime:  4.49s, train loss: 4.9384e-06 (best: 3.6277e-06/3.5984e-06)
>> epoch [ 251/3000], runtime:  4.50s, train loss: 7.6192e-06 (best: 3.6277e-06/3.5984e-06)
>> epoch [ 252/3000], runtime:  4.51s, train loss: 5.2340e-06 (best: 3.6277e-06/3.5984e-06)
>> epoch [ 253/3000], runtime:  4.49s, train loss: 4.3188e-06 (best: 3.6277e-06/3.5984e-06)
>> epoch [ 254/3000], runtime:  4.50s, train loss: 3.8678e-06 (best: 3.6277e-06/3.5984e-06)
>> epoch [ 255/3000], runtime: 4.51s, train loss: 3.1931e-06, valid loss: 3.0293e-06 , test loss: 8.3510e-05
>> epoch [ 256/3000], runtime:  4.50s, train loss: 4.9245e-06 (best: 3.1931e-06/3.0293e-06)
>> epoch [ 257/3000], runtime:  4.48s, train loss: 8.6062e-06 (best: 3.1931e-06/3.0293e-06)
>> epoch [ 258/3000], runtime:  4.31s, train loss: 5.1817e-06 (best: 3.1931e-06/3.0293e-06)
>> epoch [ 259/3000], runtime:  4.07s, train loss: 3.3026e-06 (best: 3.1931e-06/3.0293e-06)
>> epoch [ 260/3000], runtime:  4.49s, train loss: 5.0773e-06 (best: 3.1931e-06/3.0293e-06)
>> epoch [ 261/3000], runtime:  4.50s, train loss: 3.2401e-06 (best: 3.1931e-06/3.0293e-06)
>> epoch [ 262/3000], runtime:  4.49s, train loss: 4.8501e-06 (best: 3.1931e-06/3.0293e-06)
>> epoch [ 263/3000], runtime:  4.50s, train loss: 5.8258e-06 (best: 3.1931e-06/3.0293e-06)
>> epoch [ 264/3000], runtime:  4.52s, train loss: 7.7956e-06 (best: 3.1931e-06/3.0293e-06)
>> epoch [ 265/3000], runtime:  4.51s, train loss: 4.6319e-06 (best: 3.1931e-06/3.0293e-06)
>> epoch [ 266/3000], runtime:  4.49s, train loss: 4.6686e-06 (best: 3.1931e-06/3.0293e-06)
>> epoch [ 267/3000], runtime:  4.50s, train loss: 4.0731e-06 (best: 3.1931e-06/3.0293e-06)
>> epoch [ 268/3000], runtime:  4.50s, train loss: 2.8332e-06 (best: 3.1931e-06/3.0293e-06)
>> epoch [ 269/3000], runtime:  4.15s, train loss: 3.5262e-06 (best: 3.1931e-06/3.0293e-06)
>> epoch [ 270/3000], runtime:  4.25s, train loss: 4.5196e-06 (best: 3.1931e-06/3.0293e-06)
>> epoch [ 271/3000], runtime:  4.50s, train loss: 5.4343e-06 (best: 3.1931e-06/3.0293e-06)
>> epoch [ 272/3000], runtime:  4.50s, train loss: 5.0119e-06 (best: 3.1931e-06/3.0293e-06)
>> epoch [ 273/3000], runtime:  4.50s, train loss: 4.2629e-06 (best: 3.1931e-06/3.0293e-06)
>> epoch [ 274/3000], runtime:  4.50s, train loss: 3.4013e-06 (best: 3.1931e-06/3.0293e-06)
>> epoch [ 275/3000], runtime:  4.51s, train loss: 3.2530e-06 (best: 3.1931e-06/3.0293e-06)
>> epoch [ 276/3000], runtime:  4.50s, train loss: 5.2053e-06 (best: 3.1931e-06/3.0293e-06)
>> epoch [ 277/3000], runtime:  4.49s, train loss: 4.5244e-06 (best: 3.1931e-06/3.0293e-06)
>> epoch [ 278/3000], runtime:  4.49s, train loss: 4.5242e-06 (best: 3.1931e-06/3.0293e-06)
>> epoch [ 279/3000], runtime:  4.48s, train loss: 3.8985e-06 (best: 3.1931e-06/3.0293e-06)
>> epoch [ 280/3000], runtime:  4.26s, train loss: 3.4619e-06 (best: 3.1931e-06/3.0293e-06)
>> epoch [ 281/3000], runtime:  4.13s, train loss: 4.4131e-06 (best: 3.1931e-06/3.0293e-06)
>> epoch [ 282/3000], runtime:  4.50s, train loss: 4.1534e-06 (best: 3.1931e-06/3.0293e-06)
>> epoch [ 283/3000], runtime:  4.47s, train loss: 3.8046e-06 (best: 3.1931e-06/3.0293e-06)
>> epoch [ 284/3000], runtime:  4.52s, train loss: 5.5767e-06 (best: 3.1931e-06/3.0293e-06)
>> epoch [ 285/3000], runtime:  4.50s, train loss: 3.6044e-06 (best: 3.1931e-06/3.0293e-06)
>> epoch [ 286/3000], runtime: 4.50s, train loss: 2.7238e-06, valid loss: 2.6652e-06 , test loss: 8.1328e-05
>> epoch [ 287/3000], runtime:  4.50s, train loss: 3.0279e-06 (best: 2.7238e-06/2.6652e-06)
>> epoch [ 288/3000], runtime:  4.50s, train loss: 4.1418e-06 (best: 2.7238e-06/2.6652e-06)
>> epoch [ 289/3000], runtime:  4.51s, train loss: 4.3869e-06 (best: 2.7238e-06/2.6652e-06)
>> epoch [ 290/3000], runtime:  4.47s, train loss: 3.1276e-06 (best: 2.7238e-06/2.6652e-06)
>> epoch [ 291/3000], runtime:  4.08s, train loss: 3.9766e-06 (best: 2.7238e-06/2.6652e-06)
>> epoch [ 292/3000], runtime:  4.32s, train loss: 4.2357e-06 (best: 2.7238e-06/2.6652e-06)
>> epoch [ 293/3000], runtime:  4.47s, train loss: 3.1146e-06 (best: 2.7238e-06/2.6652e-06)
>> epoch [ 294/3000], runtime:  4.50s, train loss: 2.9747e-06 (best: 2.7238e-06/2.6652e-06)
>> epoch [ 295/3000], runtime:  4.53s, train loss: 3.1912e-06 (best: 2.7238e-06/2.6652e-06)
>> epoch [ 296/3000], runtime:  4.51s, train loss: 2.8871e-06 (best: 2.7238e-06/2.6652e-06)
>> epoch [ 297/3000], runtime:  4.51s, train loss: 3.2784e-06 (best: 2.7238e-06/2.6652e-06)
>> epoch [ 298/3000], runtime:  4.49s, train loss: 3.5321e-06 (best: 2.7238e-06/2.6652e-06)
>> epoch [ 299/3000], runtime:  4.51s, train loss: 3.8406e-06 (best: 2.7238e-06/2.6652e-06)
>> epoch [ 300/3000], runtime:  4.51s, train loss: 4.4263e-06 (best: 2.7238e-06/2.6652e-06)
>> epoch [ 301/3000], runtime:  4.50s, train loss: 5.3123e-06 (best: 2.7238e-06/2.6652e-06)
>> epoch [ 302/3000], runtime:  4.19s, train loss: 3.3179e-06 (best: 2.7238e-06/2.6652e-06)
>> epoch [ 303/3000], runtime:  3.73s, train loss: 3.7042e-06 (best: 2.7238e-06/2.6652e-06)
>> epoch [ 304/3000], runtime:  4.37s, train loss: 2.8259e-06 (best: 2.7238e-06/2.6652e-06)
>> epoch [ 305/3000], runtime:  4.54s, train loss: 3.0131e-06 (best: 2.7238e-06/2.6652e-06)
>> epoch [ 306/3000], runtime:  4.49s, train loss: 3.5438e-06 (best: 2.7238e-06/2.6652e-06)
>> epoch [ 307/3000], runtime:  4.51s, train loss: 3.2169e-06 (best: 2.7238e-06/2.6652e-06)
>> epoch [ 308/3000], runtime:  4.50s, train loss: 2.9357e-06 (best: 2.7238e-06/2.6652e-06)
>> epoch [ 309/3000], runtime: 4.52s, train loss: 2.5811e-06, valid loss: 2.4345e-06 , test loss: 7.9617e-05
>> epoch [ 310/3000], runtime:  4.53s, train loss: 3.6747e-06 (best: 2.5811e-06/2.4345e-06)
>> epoch [ 311/3000], runtime:  4.49s, train loss: 3.8370e-06 (best: 2.5811e-06/2.4345e-06)
>> epoch [ 312/3000], runtime:  4.47s, train loss: 3.1463e-06 (best: 2.5811e-06/2.4345e-06)
>> epoch [ 313/3000], runtime:  4.04s, train loss: 3.1433e-06 (best: 2.5811e-06/2.4345e-06)
>> epoch [ 314/3000], runtime:  4.34s, train loss: 2.9927e-06 (best: 2.5811e-06/2.4345e-06)
>> epoch [ 315/3000], runtime:  4.51s, train loss: 3.5829e-06 (best: 2.5811e-06/2.4345e-06)
>> epoch [ 316/3000], runtime:  4.50s, train loss: 3.2964e-06 (best: 2.5811e-06/2.4345e-06)
>> epoch [ 317/3000], runtime:  4.29s, train loss: 2.6104e-06 (best: 2.5811e-06/2.4345e-06)
>> epoch [ 318/3000], runtime:  4.13s, train loss: 3.0982e-06 (best: 2.5811e-06/2.4345e-06)
>> epoch [ 319/3000], runtime:  4.49s, train loss: 3.2902e-06 (best: 2.5811e-06/2.4345e-06)
>> epoch [ 320/3000], runtime:  4.52s, train loss: 3.0539e-06 (best: 2.5811e-06/2.4345e-06)
>> epoch [ 321/3000], runtime:  4.52s, train loss: 2.5782e-06 (best: 2.5811e-06/2.4345e-06)
>> epoch [ 322/3000], runtime:  4.48s, train loss: 3.7088e-06 (best: 2.5811e-06/2.4345e-06)
>> epoch [ 323/3000], runtime:  4.32s, train loss: 2.7247e-06 (best: 2.5811e-06/2.4345e-06)
>> epoch [ 324/3000], runtime:  4.09s, train loss: 2.4569e-06 (best: 2.5811e-06/2.4345e-06)
>> epoch [ 325/3000], runtime:  4.05s, train loss: 2.2613e-06 (best: 2.5811e-06/2.4345e-06)
>> epoch [ 326/3000], runtime:  4.46s, train loss: 3.0182e-06 (best: 2.5811e-06/2.4345e-06)
>> epoch [ 327/3000], runtime:  4.51s, train loss: 4.9760e-06 (best: 2.5811e-06/2.4345e-06)
>> epoch [ 328/3000], runtime:  4.49s, train loss: 6.4745e-06 (best: 2.5811e-06/2.4345e-06)
>> epoch [ 329/3000], runtime: 4.50s, train loss: 2.2709e-06, valid loss: 2.2734e-06 , test loss: 7.9004e-05
>> epoch [ 330/3000], runtime:  4.50s, train loss: 2.8428e-06 (best: 2.2709e-06/2.2734e-06)
>> epoch [ 331/3000], runtime:  4.50s, train loss: 2.4724e-06 (best: 2.2709e-06/2.2734e-06)
>> epoch [ 332/3000], runtime:  4.26s, train loss: 3.1471e-06 (best: 2.2709e-06/2.2734e-06)
>> epoch [ 333/3000], runtime:  3.89s, train loss: 3.0353e-06 (best: 2.2709e-06/2.2734e-06)
>> epoch [ 334/3000], runtime:  4.18s, train loss: 3.9121e-06 (best: 2.2709e-06/2.2734e-06)
>> epoch [ 335/3000], runtime:  4.47s, train loss: 3.3289e-06 (best: 2.2709e-06/2.2734e-06)
>> epoch [ 336/3000], runtime:  4.49s, train loss: 3.2364e-06 (best: 2.2709e-06/2.2734e-06)
>> epoch [ 337/3000], runtime:  4.50s, train loss: 3.2924e-06 (best: 2.2709e-06/2.2734e-06)
>> epoch [ 338/3000], runtime:  4.51s, train loss: 2.5631e-06 (best: 2.2709e-06/2.2734e-06)
>> epoch [ 339/3000], runtime:  4.52s, train loss: 2.8111e-06 (best: 2.2709e-06/2.2734e-06)
>> epoch [ 340/3000], runtime:  4.51s, train loss: 4.2410e-06 (best: 2.2709e-06/2.2734e-06)
>> epoch [ 341/3000], runtime:  4.50s, train loss: 3.2405e-06 (best: 2.2709e-06/2.2734e-06)
>> epoch [ 342/3000], runtime:  4.35s, train loss: 2.4853e-06 (best: 2.2709e-06/2.2734e-06)
>> epoch [ 343/3000], runtime:  3.93s, train loss: 2.6171e-06 (best: 2.2709e-06/2.2734e-06)
>> epoch [ 344/3000], runtime:  4.04s, train loss: 2.7128e-06 (best: 2.2709e-06/2.2734e-06)
>> epoch [ 345/3000], runtime:  4.47s, train loss: 3.4347e-06 (best: 2.2709e-06/2.2734e-06)
>> epoch [ 346/3000], runtime:  4.49s, train loss: 3.0450e-06 (best: 2.2709e-06/2.2734e-06)
>> epoch [ 347/3000], runtime:  4.52s, train loss: 2.9830e-06 (best: 2.2709e-06/2.2734e-06)
>> epoch [ 348/3000], runtime:  4.49s, train loss: 2.5346e-06 (best: 2.2709e-06/2.2734e-06)
>> epoch [ 349/3000], runtime:  4.50s, train loss: 3.3614e-06 (best: 2.2709e-06/2.2734e-06)
>> epoch [ 350/3000], runtime:  4.49s, train loss: 2.5526e-06 (best: 2.2709e-06/2.2734e-06)
>> epoch [ 351/3000], runtime:  4.49s, train loss: 3.7335e-06 (best: 2.2709e-06/2.2734e-06)
>> epoch [ 352/3000], runtime:  4.49s, train loss: 2.6284e-06 (best: 2.2709e-06/2.2734e-06)
>> epoch [ 353/3000], runtime:  4.50s, train loss: 2.2396e-06 (best: 2.2709e-06/2.2734e-06)
>> epoch [ 354/3000], runtime:  4.48s, train loss: 3.1725e-06 (best: 2.2709e-06/2.2734e-06)
>> epoch [ 355/3000], runtime:  4.51s, train loss: 3.1174e-06 (best: 2.2709e-06/2.2734e-06)
>> epoch [ 356/3000], runtime:  4.52s, train loss: 2.5777e-06 (best: 2.2709e-06/2.2734e-06)
>> epoch [ 357/3000], runtime:  4.49s, train loss: 3.4266e-06 (best: 2.2709e-06/2.2734e-06)
>> epoch [ 358/3000], runtime:  4.50s, train loss: 2.5908e-06 (best: 2.2709e-06/2.2734e-06)
>> epoch [ 359/3000], runtime: 4.48s, train loss: 2.1350e-06, valid loss: 2.1732e-06 , test loss: 8.1874e-05
>> epoch [ 360/3000], runtime:  4.52s, train loss: 2.3367e-06 (best: 2.1350e-06/2.1732e-06)
>> epoch [ 361/3000], runtime:  4.51s, train loss: 4.8596e-06 (best: 2.1350e-06/2.1732e-06)
>> epoch [ 362/3000], runtime:  4.50s, train loss: 2.7931e-06 (best: 2.1350e-06/2.1732e-06)
>> epoch [ 363/3000], runtime:  4.50s, train loss: 3.2486e-06 (best: 2.1350e-06/2.1732e-06)
>> epoch [ 364/3000], runtime: 4.51s, train loss: 1.9460e-06, valid loss: 2.1293e-06 , test loss: 8.0564e-05
>> epoch [ 365/3000], runtime:  4.15s, train loss: 2.1333e-06 (best: 1.9460e-06/2.1293e-06)
>> epoch [ 366/3000], runtime:  4.25s, train loss: 2.1854e-06 (best: 1.9460e-06/2.1293e-06)
>> epoch [ 367/3000], runtime:  4.50s, train loss: 2.4175e-06 (best: 1.9460e-06/2.1293e-06)
>> epoch [ 368/3000], runtime:  4.51s, train loss: 2.6112e-06 (best: 1.9460e-06/2.1293e-06)
>> epoch [ 369/3000], runtime:  4.49s, train loss: 2.6597e-06 (best: 1.9460e-06/2.1293e-06)
>> epoch [ 370/3000], runtime:  4.33s, train loss: 2.5025e-06 (best: 1.9460e-06/2.1293e-06)
>> epoch [ 371/3000], runtime:  4.12s, train loss: 2.8243e-06 (best: 1.9460e-06/2.1293e-06)
>> epoch [ 372/3000], runtime:  3.86s, train loss: 2.8034e-06 (best: 1.9460e-06/2.1293e-06)
>> epoch [ 373/3000], runtime:  4.28s, train loss: 2.6012e-06 (best: 1.9460e-06/2.1293e-06)
>> epoch [ 374/3000], runtime:  4.04s, train loss: 2.4309e-06 (best: 1.9460e-06/2.1293e-06)
>> epoch [ 375/3000], runtime:  3.94s, train loss: 1.9803e-06 (best: 1.9460e-06/2.1293e-06)
>> epoch [ 376/3000], runtime:  4.29s, train loss: 2.6291e-06 (best: 1.9460e-06/2.1293e-06)
>> epoch [ 377/3000], runtime:  4.29s, train loss: 2.4865e-06 (best: 1.9460e-06/2.1293e-06)
>> epoch [ 378/3000], runtime:  4.29s, train loss: 2.4942e-06 (best: 1.9460e-06/2.1293e-06)
>> epoch [ 379/3000], runtime:  4.30s, train loss: 2.0314e-06 (best: 1.9460e-06/2.1293e-06)
>> epoch [ 380/3000], runtime:  4.28s, train loss: 2.0051e-06 (best: 1.9460e-06/2.1293e-06)
>> epoch [ 381/3000], runtime:  4.29s, train loss: 3.2529e-06 (best: 1.9460e-06/2.1293e-06)
>> epoch [ 382/3000], runtime:  4.27s, train loss: 2.6100e-06 (best: 1.9460e-06/2.1293e-06)
>> epoch [ 383/3000], runtime:  4.30s, train loss: 2.3584e-06 (best: 1.9460e-06/2.1293e-06)
>> epoch [ 384/3000], runtime:  4.29s, train loss: 2.6877e-06 (best: 1.9460e-06/2.1293e-06)
>> epoch [ 385/3000], runtime:  3.97s, train loss: 2.7269e-06 (best: 1.9460e-06/2.1293e-06)
>> epoch [ 386/3000], runtime:  3.42s, train loss: 3.0210e-06 (best: 1.9460e-06/2.1293e-06)
>> epoch [ 387/3000], runtime:  3.19s, train loss: 2.6573e-06 (best: 1.9460e-06/2.1293e-06)
>> epoch [ 388/3000], runtime:  3.19s, train loss: 2.7609e-06 (best: 1.9460e-06/2.1293e-06)
>> epoch [ 389/3000], runtime:  3.22s, train loss: 1.9749e-06 (best: 1.9460e-06/2.1293e-06)
>> epoch [ 390/3000], runtime:  3.18s, train loss: 2.6537e-06 (best: 1.9460e-06/2.1293e-06)
>> epoch [ 391/3000], runtime:  3.18s, train loss: 1.9529e-06 (best: 1.9460e-06/2.1293e-06)
>> epoch [ 392/3000], runtime:  3.19s, train loss: 1.9927e-06 (best: 1.9460e-06/2.1293e-06)
>> epoch [ 393/3000], runtime:  3.20s, train loss: 2.2666e-06 (best: 1.9460e-06/2.1293e-06)
>> epoch [ 394/3000], runtime:  3.19s, train loss: 1.9460e-06 (best: 1.9460e-06/2.1293e-06)
>> epoch [ 395/3000], runtime:  3.19s, train loss: 2.1846e-06 (best: 1.9460e-06/2.1293e-06)
>> epoch [ 396/3000], runtime:  3.18s, train loss: 1.9528e-06 (best: 1.9460e-06/2.1293e-06)
>> epoch [ 397/3000], runtime:  3.21s, train loss: 2.3083e-06 (best: 1.9460e-06/2.1293e-06)
>> epoch [ 398/3000], runtime:  3.20s, train loss: 2.3527e-06 (best: 1.9460e-06/2.1293e-06)
>> epoch [ 399/3000], runtime:  3.21s, train loss: 2.7420e-06 (best: 1.9460e-06/2.1293e-06)
>> epoch [ 400/3000], runtime:  3.20s, train loss: 2.3899e-06 (best: 1.9460e-06/2.1293e-06)
>> epoch [ 401/3000], runtime:  3.05s, train loss: 2.4287e-06 (best: 1.9460e-06/2.1293e-06)
>> epoch [ 402/3000], runtime:  2.76s, train loss: 2.6946e-06 (best: 1.9460e-06/2.1293e-06)
>> epoch [ 403/3000], runtime:  3.20s, train loss: 3.1843e-06 (best: 1.9460e-06/2.1293e-06)
>> epoch [ 404/3000], runtime:  3.19s, train loss: 2.3335e-06 (best: 1.9460e-06/2.1293e-06)
>> epoch [ 405/3000], runtime:  3.19s, train loss: 1.9053e-06 (best: 1.9460e-06/2.1293e-06)
>> epoch [ 406/3000], runtime:  3.21s, train loss: 2.5458e-06 (best: 1.9460e-06/2.1293e-06)
>> epoch [ 407/3000], runtime: 3.18s, train loss: 1.8942e-06, valid loss: 1.9844e-06 , test loss: 8.3283e-05
>> epoch [ 408/3000], runtime:  3.20s, train loss: 2.5867e-06 (best: 1.8942e-06/1.9844e-06)
>> epoch [ 409/3000], runtime:  3.17s, train loss: 2.0837e-06 (best: 1.8942e-06/1.9844e-06)
>> epoch [ 410/3000], runtime:  3.20s, train loss: 2.2084e-06 (best: 1.8942e-06/1.9844e-06)
>> epoch [ 411/3000], runtime:  3.22s, train loss: 1.5919e-06 (best: 1.8942e-06/1.9844e-06)
>> epoch [ 412/3000], runtime:  3.19s, train loss: 2.3947e-06 (best: 1.8942e-06/1.9844e-06)
>> epoch [ 413/3000], runtime:  3.17s, train loss: 3.4922e-06 (best: 1.8942e-06/1.9844e-06)
>> epoch [ 414/3000], runtime:  3.20s, train loss: 2.6740e-06 (best: 1.8942e-06/1.9844e-06)
>> epoch [ 415/3000], runtime:  3.19s, train loss: 1.9599e-06 (best: 1.8942e-06/1.9844e-06)
>> epoch [ 416/3000], runtime: 3.20s, train loss: 1.5831e-06, valid loss: 1.6802e-06 , test loss: 8.0967e-05
>> epoch [ 417/3000], runtime:  3.21s, train loss: 1.8744e-06 (best: 1.5831e-06/1.6802e-06)
>> epoch [ 418/3000], runtime:  3.19s, train loss: 1.8690e-06 (best: 1.5831e-06/1.6802e-06)
>> epoch [ 419/3000], runtime:  2.98s, train loss: 1.7832e-06 (best: 1.5831e-06/1.6802e-06)
>> epoch [ 420/3000], runtime:  2.87s, train loss: 1.9654e-06 (best: 1.5831e-06/1.6802e-06)
>> epoch [ 421/3000], runtime:  3.20s, train loss: 1.8089e-06 (best: 1.5831e-06/1.6802e-06)
>> epoch [ 422/3000], runtime:  3.20s, train loss: 1.9263e-06 (best: 1.5831e-06/1.6802e-06)
>> epoch [ 423/3000], runtime:  3.21s, train loss: 1.5996e-06 (best: 1.5831e-06/1.6802e-06)
>> epoch [ 424/3000], runtime:  3.17s, train loss: 1.8277e-06 (best: 1.5831e-06/1.6802e-06)
>> epoch [ 425/3000], runtime:  3.19s, train loss: 1.6274e-06 (best: 1.5831e-06/1.6802e-06)
>> epoch [ 426/3000], runtime:  3.17s, train loss: 2.0802e-06 (best: 1.5831e-06/1.6802e-06)
>> epoch [ 427/3000], runtime:  3.17s, train loss: 1.9329e-06 (best: 1.5831e-06/1.6802e-06)
>> epoch [ 428/3000], runtime:  3.19s, train loss: 2.2489e-06 (best: 1.5831e-06/1.6802e-06)
>> epoch [ 429/3000], runtime:  3.21s, train loss: 2.0433e-06 (best: 1.5831e-06/1.6802e-06)
>> epoch [ 430/3000], runtime:  3.09s, train loss: 2.3342e-06 (best: 1.5831e-06/1.6802e-06)
>> epoch [ 431/3000], runtime:  2.74s, train loss: 1.7573e-06 (best: 1.5831e-06/1.6802e-06)
>> epoch [ 432/3000], runtime:  3.16s, train loss: 2.2310e-06 (best: 1.5831e-06/1.6802e-06)
>> epoch [ 433/3000], runtime:  3.18s, train loss: 1.7029e-06 (best: 1.5831e-06/1.6802e-06)
>> epoch [ 434/3000], runtime:  3.20s, train loss: 1.6628e-06 (best: 1.5831e-06/1.6802e-06)
>> epoch [ 435/3000], runtime:  3.21s, train loss: 1.7755e-06 (best: 1.5831e-06/1.6802e-06)
>> epoch [ 436/3000], runtime:  3.18s, train loss: 2.3329e-06 (best: 1.5831e-06/1.6802e-06)
>> epoch [ 437/3000], runtime:  3.19s, train loss: 2.5505e-06 (best: 1.5831e-06/1.6802e-06)
>> epoch [ 438/3000], runtime:  3.22s, train loss: 2.0834e-06 (best: 1.5831e-06/1.6802e-06)
>> epoch [ 439/3000], runtime:  3.20s, train loss: 2.7373e-06 (best: 1.5831e-06/1.6802e-06)
>> epoch [ 440/3000], runtime:  3.20s, train loss: 1.7072e-06 (best: 1.5831e-06/1.6802e-06)
>> epoch [ 441/3000], runtime:  3.19s, train loss: 1.5655e-06 (best: 1.5831e-06/1.6802e-06)
>> epoch [ 442/3000], runtime:  3.21s, train loss: 1.8737e-06 (best: 1.5831e-06/1.6802e-06)
>> epoch [ 443/3000], runtime:  3.19s, train loss: 2.4249e-06 (best: 1.5831e-06/1.6802e-06)
>> epoch [ 444/3000], runtime:  3.20s, train loss: 2.5945e-06 (best: 1.5831e-06/1.6802e-06)
>> epoch [ 445/3000], runtime:  3.18s, train loss: 2.1597e-06 (best: 1.5831e-06/1.6802e-06)
>> epoch [ 446/3000], runtime:  3.18s, train loss: 1.7531e-06 (best: 1.5831e-06/1.6802e-06)
>> epoch [ 447/3000], runtime: 3.19s, train loss: 1.4682e-06, valid loss: 1.4769e-06 , test loss: 8.2216e-05
>> epoch [ 448/3000], runtime:  3.22s, train loss: 1.3514e-06 (best: 1.4682e-06/1.4769e-06)
>> epoch [ 449/3000], runtime:  2.86s, train loss: 1.7423e-06 (best: 1.4682e-06/1.4769e-06)
>> epoch [ 450/3000], runtime:  2.93s, train loss: 3.5215e-06 (best: 1.4682e-06/1.4769e-06)
>> epoch [ 451/3000], runtime:  3.20s, train loss: 2.8923e-06 (best: 1.4682e-06/1.4769e-06)
>> epoch [ 452/3000], runtime:  3.20s, train loss: 2.5034e-06 (best: 1.4682e-06/1.4769e-06)
>> epoch [ 453/3000], runtime:  3.20s, train loss: 2.7266e-06 (best: 1.4682e-06/1.4769e-06)
>> epoch [ 454/3000], runtime:  3.19s, train loss: 1.7211e-06 (best: 1.4682e-06/1.4769e-06)
>> epoch [ 455/3000], runtime:  3.19s, train loss: 1.5249e-06 (best: 1.4682e-06/1.4769e-06)
>> epoch [ 456/3000], runtime:  3.19s, train loss: 1.6341e-06 (best: 1.4682e-06/1.4769e-06)
>> epoch [ 457/3000], runtime:  3.20s, train loss: 1.9318e-06 (best: 1.4682e-06/1.4769e-06)
>> epoch [ 458/3000], runtime:  3.19s, train loss: 1.5950e-06 (best: 1.4682e-06/1.4769e-06)
>> epoch [ 459/3000], runtime:  3.19s, train loss: 1.6746e-06 (best: 1.4682e-06/1.4769e-06)
>> epoch [ 460/3000], runtime:  2.99s, train loss: 4.6151e-06 (best: 1.4682e-06/1.4769e-06)
>> epoch [ 461/3000], runtime:  2.81s, train loss: 2.2333e-06 (best: 1.4682e-06/1.4769e-06)
>> epoch [ 462/3000], runtime:  3.19s, train loss: 1.8032e-06 (best: 1.4682e-06/1.4769e-06)
>> epoch [ 463/3000], runtime:  3.22s, train loss: 1.7984e-06 (best: 1.4682e-06/1.4769e-06)
>> epoch [ 464/3000], runtime:  3.19s, train loss: 2.3240e-06 (best: 1.4682e-06/1.4769e-06)
>> epoch [ 465/3000], runtime:  3.19s, train loss: 1.7771e-06 (best: 1.4682e-06/1.4769e-06)
>> epoch [ 466/3000], runtime:  3.21s, train loss: 3.0993e-06 (best: 1.4682e-06/1.4769e-06)
>> epoch [ 467/3000], runtime:  3.19s, train loss: 1.8426e-06 (best: 1.4682e-06/1.4769e-06)
>> epoch [ 468/3000], runtime:  3.20s, train loss: 2.2985e-06 (best: 1.4682e-06/1.4769e-06)
>> epoch [ 469/3000], runtime:  3.21s, train loss: 2.3288e-06 (best: 1.4682e-06/1.4769e-06)
>> epoch [ 470/3000], runtime:  3.19s, train loss: 1.5446e-06 (best: 1.4682e-06/1.4769e-06)
>> epoch [ 471/3000], runtime:  3.09s, train loss: 1.8434e-06 (best: 1.4682e-06/1.4769e-06)
>> epoch [ 472/3000], runtime:  2.73s, train loss: 2.4791e-06 (best: 1.4682e-06/1.4769e-06)
>> epoch [ 473/3000], runtime:  3.14s, train loss: 2.5468e-06 (best: 1.4682e-06/1.4769e-06)
>> epoch [ 474/3000], runtime:  3.18s, train loss: 1.7874e-06 (best: 1.4682e-06/1.4769e-06)
>> epoch [ 475/3000], runtime:  3.19s, train loss: 1.9433e-06 (best: 1.4682e-06/1.4769e-06)
>> epoch [ 476/3000], runtime:  3.19s, train loss: 1.6906e-06 (best: 1.4682e-06/1.4769e-06)
>> epoch [ 477/3000], runtime: 3.21s, train loss: 1.4379e-06, valid loss: 1.4243e-06 , test loss: 8.2262e-05
>> epoch [ 478/3000], runtime:  3.19s, train loss: 1.5352e-06 (best: 1.4379e-06/1.4243e-06)
>> epoch [ 479/3000], runtime:  3.22s, train loss: 1.5394e-06 (best: 1.4379e-06/1.4243e-06)
>> epoch [ 480/3000], runtime:  3.20s, train loss: 2.4044e-06 (best: 1.4379e-06/1.4243e-06)
>> epoch [ 481/3000], runtime:  3.21s, train loss: 2.4409e-06 (best: 1.4379e-06/1.4243e-06)
>> epoch [ 482/3000], runtime:  3.20s, train loss: 2.0766e-06 (best: 1.4379e-06/1.4243e-06)
>> epoch [ 483/3000], runtime:  3.19s, train loss: 2.7422e-06 (best: 1.4379e-06/1.4243e-06)
>> epoch [ 484/3000], runtime:  3.19s, train loss: 2.5273e-06 (best: 1.4379e-06/1.4243e-06)
>> epoch [ 485/3000], runtime:  3.22s, train loss: 1.9007e-06 (best: 1.4379e-06/1.4243e-06)
>> epoch [ 486/3000], runtime:  3.19s, train loss: 1.5025e-06 (best: 1.4379e-06/1.4243e-06)
>> epoch [ 487/3000], runtime:  3.19s, train loss: 1.7418e-06 (best: 1.4379e-06/1.4243e-06)
>> epoch [ 488/3000], runtime:  3.19s, train loss: 1.8934e-06 (best: 1.4379e-06/1.4243e-06)
>> epoch [ 489/3000], runtime:  3.21s, train loss: 1.5492e-06 (best: 1.4379e-06/1.4243e-06)
>> epoch [ 490/3000], runtime:  3.19s, train loss: 1.6468e-06 (best: 1.4379e-06/1.4243e-06)
>> epoch [ 491/3000], runtime: 3.07s, train loss: 1.3080e-06, valid loss: 1.3579e-06 , test loss: 8.0874e-05
>> epoch [ 492/3000], runtime:  3.02s, train loss: 1.3129e-06 (best: 1.3080e-06/1.3579e-06)
>> epoch [ 493/3000], runtime:  3.11s, train loss: 1.5645e-06 (best: 1.3080e-06/1.3579e-06)
>> epoch [ 494/3000], runtime:  2.71s, train loss: 1.4749e-06 (best: 1.3080e-06/1.3579e-06)
>> epoch [ 495/3000], runtime:  3.20s, train loss: 1.3337e-06 (best: 1.3080e-06/1.3579e-06)
>> epoch [ 496/3000], runtime:  3.19s, train loss: 1.4662e-06 (best: 1.3080e-06/1.3579e-06)
>> epoch [ 497/3000], runtime:  3.18s, train loss: 1.6185e-06 (best: 1.3080e-06/1.3579e-06)
>> epoch [ 498/3000], runtime:  3.19s, train loss: 1.5992e-06 (best: 1.3080e-06/1.3579e-06)
>> epoch [ 499/3000], runtime:  3.19s, train loss: 1.7219e-06 (best: 1.3080e-06/1.3579e-06)
>> epoch [ 500/3000], runtime:  3.19s, train loss: 1.4237e-06 (best: 1.3080e-06/1.3579e-06)
>> epoch [ 501/3000], runtime:  3.19s, train loss: 1.3661e-06 (best: 1.3080e-06/1.3579e-06)
>> epoch [ 502/3000], runtime:  3.15s, train loss: 1.5139e-06 (best: 1.3080e-06/1.3579e-06)
>> epoch [ 503/3000], runtime:  2.71s, train loss: 1.3522e-06 (best: 1.3080e-06/1.3579e-06)
>> epoch [ 504/3000], runtime:  3.14s, train loss: 1.9430e-06 (best: 1.3080e-06/1.3579e-06)
>> epoch [ 505/3000], runtime:  3.18s, train loss: 2.1146e-06 (best: 1.3080e-06/1.3579e-06)
>> epoch [ 506/3000], runtime:  3.17s, train loss: 1.4377e-06 (best: 1.3080e-06/1.3579e-06)
>> epoch [ 507/3000], runtime:  3.21s, train loss: 1.4054e-06 (best: 1.3080e-06/1.3579e-06)
>> epoch [ 508/3000], runtime:  3.21s, train loss: 1.4372e-06 (best: 1.3080e-06/1.3579e-06)
>> epoch [ 509/3000], runtime:  3.19s, train loss: 1.5905e-06 (best: 1.3080e-06/1.3579e-06)
>> epoch [ 510/3000], runtime:  3.19s, train loss: 1.4692e-06 (best: 1.3080e-06/1.3579e-06)
>> epoch [ 511/3000], runtime: 3.17s, train loss: 1.3007e-06, valid loss: 1.3498e-06 , test loss: 8.1377e-05
>> epoch [ 512/3000], runtime:  3.21s, train loss: 1.6314e-06 (best: 1.3007e-06/1.3498e-06)
>> epoch [ 513/3000], runtime:  3.20s, train loss: 1.5900e-06 (best: 1.3007e-06/1.3498e-06)
>> epoch [ 514/3000], runtime:  3.18s, train loss: 1.3574e-06 (best: 1.3007e-06/1.3498e-06)
>> epoch [ 515/3000], runtime:  3.18s, train loss: 1.7765e-06 (best: 1.3007e-06/1.3498e-06)
>> epoch [ 516/3000], runtime:  3.19s, train loss: 1.6572e-06 (best: 1.3007e-06/1.3498e-06)
>> epoch [ 517/3000], runtime:  3.18s, train loss: 1.4506e-06 (best: 1.3007e-06/1.3498e-06)
>> epoch [ 518/3000], runtime:  3.17s, train loss: 1.4109e-06 (best: 1.3007e-06/1.3498e-06)
>> epoch [ 519/3000], runtime:  2.81s, train loss: 1.5669e-06 (best: 1.3007e-06/1.3498e-06)
>> epoch [ 520/3000], runtime:  2.68s, train loss: 1.4339e-06 (best: 1.3007e-06/1.3498e-06)
>> epoch [ 521/3000], runtime:  2.89s, train loss: 1.4089e-06 (best: 1.3007e-06/1.3498e-06)
>> epoch [ 522/3000], runtime:  3.20s, train loss: 1.3904e-06 (best: 1.3007e-06/1.3498e-06)
>> epoch [ 523/3000], runtime:  3.22s, train loss: 1.2954e-06 (best: 1.3007e-06/1.3498e-06)
>> epoch [ 524/3000], runtime:  3.19s, train loss: 1.5258e-06 (best: 1.3007e-06/1.3498e-06)
>> epoch [ 525/3000], runtime:  3.22s, train loss: 1.4509e-06 (best: 1.3007e-06/1.3498e-06)
>> epoch [ 526/3000], runtime:  3.20s, train loss: 1.7407e-06 (best: 1.3007e-06/1.3498e-06)
>> epoch [ 527/3000], runtime:  3.21s, train loss: 1.5381e-06 (best: 1.3007e-06/1.3498e-06)
>> epoch [ 528/3000], runtime: 3.18s, train loss: 1.1904e-06, valid loss: 1.2953e-06 , test loss: 8.2617e-05
>> epoch [ 529/3000], runtime:  3.18s, train loss: 1.5667e-06 (best: 1.1904e-06/1.2953e-06)
>> epoch [ 530/3000], runtime:  2.82s, train loss: 1.6031e-06 (best: 1.1904e-06/1.2953e-06)
>> epoch [ 531/3000], runtime:  2.98s, train loss: 1.3974e-06 (best: 1.1904e-06/1.2953e-06)
>> epoch [ 532/3000], runtime:  3.18s, train loss: 1.4589e-06 (best: 1.1904e-06/1.2953e-06)
>> epoch [ 533/3000], runtime:  3.19s, train loss: 1.2611e-06 (best: 1.1904e-06/1.2953e-06)
>> epoch [ 534/3000], runtime:  3.21s, train loss: 1.3970e-06 (best: 1.1904e-06/1.2953e-06)
>> epoch [ 535/3000], runtime:  3.19s, train loss: 1.4736e-06 (best: 1.1904e-06/1.2953e-06)
>> epoch [ 536/3000], runtime:  3.19s, train loss: 1.5073e-06 (best: 1.1904e-06/1.2953e-06)
>> epoch [ 537/3000], runtime:  3.19s, train loss: 1.3655e-06 (best: 1.1904e-06/1.2953e-06)
>> epoch [ 538/3000], runtime:  3.19s, train loss: 1.2834e-06 (best: 1.1904e-06/1.2953e-06)
>> epoch [ 539/3000], runtime:  3.20s, train loss: 1.3220e-06 (best: 1.1904e-06/1.2953e-06)
>> epoch [ 540/3000], runtime:  3.20s, train loss: 1.3033e-06 (best: 1.1904e-06/1.2953e-06)
>> epoch [ 541/3000], runtime:  3.21s, train loss: 1.4197e-06 (best: 1.1904e-06/1.2953e-06)
>> epoch [ 542/3000], runtime:  3.21s, train loss: 1.5137e-06 (best: 1.1904e-06/1.2953e-06)
>> epoch [ 543/3000], runtime:  3.17s, train loss: 1.4305e-06 (best: 1.1904e-06/1.2953e-06)
>> epoch [ 544/3000], runtime:  3.20s, train loss: 1.1891e-06 (best: 1.1904e-06/1.2953e-06)
>> epoch [ 545/3000], runtime:  3.19s, train loss: 1.3741e-06 (best: 1.1904e-06/1.2953e-06)
>> epoch [ 546/3000], runtime:  3.19s, train loss: 1.3337e-06 (best: 1.1904e-06/1.2953e-06)
>> epoch [ 547/3000], runtime:  3.20s, train loss: 1.5494e-06 (best: 1.1904e-06/1.2953e-06)
>> epoch [ 548/3000], runtime:  3.19s, train loss: 1.8157e-06 (best: 1.1904e-06/1.2953e-06)
>> epoch [ 549/3000], runtime:  3.19s, train loss: 1.6159e-06 (best: 1.1904e-06/1.2953e-06)
>> epoch [ 550/3000], runtime:  3.19s, train loss: 1.3781e-06 (best: 1.1904e-06/1.2953e-06)
>> epoch [ 551/3000], runtime:  3.20s, train loss: 1.4071e-06 (best: 1.1904e-06/1.2953e-06)
>> epoch [ 552/3000], runtime:  3.21s, train loss: 1.3797e-06 (best: 1.1904e-06/1.2953e-06)
>> epoch [ 553/3000], runtime:  3.18s, train loss: 1.2977e-06 (best: 1.1904e-06/1.2953e-06)
>> epoch [ 554/3000], runtime:  3.21s, train loss: 1.2944e-06 (best: 1.1904e-06/1.2953e-06)
>> epoch [ 555/3000], runtime:  3.20s, train loss: 1.4014e-06 (best: 1.1904e-06/1.2953e-06)
>> epoch [ 556/3000], runtime:  3.17s, train loss: 1.3702e-06 (best: 1.1904e-06/1.2953e-06)
>> epoch [ 557/3000], runtime:  3.19s, train loss: 1.4538e-06 (best: 1.1904e-06/1.2953e-06)
>> epoch [ 558/3000], runtime:  3.19s, train loss: 1.3951e-06 (best: 1.1904e-06/1.2953e-06)
>> epoch [ 559/3000], runtime:  2.95s, train loss: 1.4735e-06 (best: 1.1904e-06/1.2953e-06)
>> epoch [ 560/3000], runtime:  2.85s, train loss: 1.2452e-06 (best: 1.1904e-06/1.2953e-06)
>> epoch [ 561/3000], runtime:  3.19s, train loss: 1.7146e-06 (best: 1.1904e-06/1.2953e-06)
>> epoch [ 562/3000], runtime:  3.19s, train loss: 1.5723e-06 (best: 1.1904e-06/1.2953e-06)
>> epoch [ 563/3000], runtime:  3.18s, train loss: 1.4338e-06 (best: 1.1904e-06/1.2953e-06)
>> epoch [ 564/3000], runtime:  3.20s, train loss: 1.4549e-06 (best: 1.1904e-06/1.2953e-06)
>> epoch [ 565/3000], runtime:  3.21s, train loss: 1.3543e-06 (best: 1.1904e-06/1.2953e-06)
>> epoch [ 566/3000], runtime:  3.20s, train loss: 1.4093e-06 (best: 1.1904e-06/1.2953e-06)
>> epoch [ 567/3000], runtime:  3.28s, train loss: 1.2224e-06 (best: 1.1904e-06/1.2953e-06)
>> epoch [ 568/3000], runtime:  3.31s, train loss: 1.5579e-06 (best: 1.1904e-06/1.2953e-06)
>> epoch [ 569/3000], runtime:  3.21s, train loss: 1.5211e-06 (best: 1.1904e-06/1.2953e-06)
>> epoch [ 570/3000], runtime:  3.29s, train loss: 1.5501e-06 (best: 1.1904e-06/1.2953e-06)
>> epoch [ 571/3000], runtime:  3.10s, train loss: 1.3394e-06 (best: 1.1904e-06/1.2953e-06)
>> epoch [ 572/3000], runtime:  3.16s, train loss: 1.6104e-06 (best: 1.1904e-06/1.2953e-06)
>> epoch [ 573/3000], runtime:  3.19s, train loss: 1.6928e-06 (best: 1.1904e-06/1.2953e-06)
>> epoch [ 574/3000], runtime:  3.21s, train loss: 1.2804e-06 (best: 1.1904e-06/1.2953e-06)
>> epoch [ 575/3000], runtime:  3.20s, train loss: 1.2471e-06 (best: 1.1904e-06/1.2953e-06)
>> epoch [ 576/3000], runtime:  3.19s, train loss: 1.4505e-06 (best: 1.1904e-06/1.2953e-06)
>> epoch [ 577/3000], runtime:  3.19s, train loss: 1.4962e-06 (best: 1.1904e-06/1.2953e-06)
>> epoch [ 578/3000], runtime:  3.18s, train loss: 1.3753e-06 (best: 1.1904e-06/1.2953e-06)
>> epoch [ 579/3000], runtime:  3.18s, train loss: 1.2310e-06 (best: 1.1904e-06/1.2953e-06)
----------------------------------------------------------------------------------------------------
----------------------------------------------------------------------------------------------------
>> ntrain: 300, layer_info: 20_4, act_xi: Softplus, lr: 0.01, gamma: 0.6, w_d: 0.0
>> Best train loss: 1.1904e-06
>> Best valid loss: 1.2953e-06
>> Best test loss: 8.2617e-05
>> Best epoch: 527
----------------------------------------------------------------------------------------------------
----------------------------------------------------------------------------------------------------
>> Training Completed!!
